[34m2026-10-08 05:45:41.111 UTC 57f99 INFO[0m [orderer.consensus.smartbft.consensus] [34;1mdeleteRequest[0m -> Removed request {a58b45d5f5a824b6a798bcb5c36cfc1dcbc3328e6e961fdcec17c175274a6eae f94c22d6411c1631bb5008414377973d6a31d51e9d142f04ce7656aafbea5a28} from request pool channel=mychannel
[34m2026-10-08 05:45:41.111 UTC 57f9a INFO[0m [orderer.consensus.smartbft.consensus] [34;1mdeleteRequest[0m -> Removed request {a58b45d5f5a824b6a798bcb5c36cfc1dcbc3328e6e961fdcec17c175274a6eae fd8edf07929888f36f49d9e030ed10734ac738298fb2f844563224df7defe59d} from request pool channel=mychannel
[34m2026-10-08 05:45:41.111 UTC 57f9b INFO[0m [orderer.consensus.smartbft.consensus] [34;1mdeleteRequest[0m -> Removed request {a58b45d5f5a824b6a798bcb5c36cfc1dcbc3328e6e961fdcec17c175274a6eae a5c58510b7aae554ab6842c99fd7f604b0c0130899df06ecc052bf4ec68e3607} from request pool channel=mychannel
[34m2026-10-08 05:45:41.111 UTC 57f9c INFO[0m [orderer.consensus.smartbft.consensus] [34;1mdeleteRequest[0m -> Removed request {a58b45d5f5a824b6a798bcb5c36cfc1dcbc3328e6e961fdcec17c175274a6eae e4379da4367e1744dc5522c6d7baeb0f5a1f0013657ec81388039b1dc896d95d} from request pool channel=mychannel
[34m2026-10-08 05:45:41.111 UTC 57f9d INFO[0m [orderer.consensus.smartbft.consensus] [34;1mdeleteRequest[0m -> Removed request {a58b45d5f5a824b6a798bcb5c36cfc1dcbc3328e6e961fdcec17c175274a6eae a0f68a5415580502654aa57a779604b8799041a8a88a4d685901f17d0da30997} from request pool channel=mychannel
[34m2026-10-08 05:45:41.111 UTC 57f9e INFO[0m [orderer.consensus.smartbft.consensus] [34;1maddRequest[0m -> Request {a58b45d5f5a824b6a798bcb5c36cfc1dcbc3328e6e961fdcec17c175274a6eae 9ba4b4d1252d8b90a3c72ce2da03c9c604a7d64e803b32ecfdb171985057d43e} was not submitted, error: request already exists channel=mychannel
[34m2026-10-08 05:45:41.111 UTC 57f9f INFO[0m [orderer.consensus.smartbft.consensus] [34;1maddRequest[0m -> Request {a58b45d5f5a824b6a798bcb5c36cfc1dcbc3328e6e961fdcec17c175274a6eae 5b4c0ba32725878ac0eb150f19b26b970d9ad07fc46406e032a5b792a59dfda0} was not submitted, error: request already processed channel=mychannel
[34m2026-10-08 05:45:41.111 UTC 57fa0 INFO[0m [orderer.consensus.smartbft.consensus] [34;1maddRequest[0m -> Request {a58b45d5f5a824b6a798bcb5c36cfc1dcbc3328e6e961fdcec17c175274a6eae df0ad876f67a14ad885ba7676cdc9b30782d87fdca699f0ef0f5346d4e68cca4} was not submitted, error: request already processed channel=mychannel
[34m2026-10-08 05:45:41.113 UTC 57fa1 INFO[0m [orderer.consensus.smartbft.consensus] [34;1mprocessProposal[0m -> Processed proposal with seq 3662 channel=mychannel
[34m2026-10-08 05:45:41.130 UTC 57fa2 INFO[0m [orderer.consensus.smartbft.consensus] [34;1maddRequest[0m -> Request {a58b45d5f5a824b6a798bcb5c36cfc1dcbc3328e6e961fdcec17c175274a6eae 7bb40c6cec5b11e68a9fdc879fd62a9a59ce90865f277e8c57b56849d90ebbae} was not submitted, error: request already exists channel=mychannel
[34m2026-10-08 05:45:41.130 UTC 57fa3 INFO[0m [orderer.consensus.smartbft.consensus] [34;1maddRequest[0m -> Request {a58b45d5f5a824b6a798bcb5c36cfc1dcbc3328e6e961fdcec17c175274a6eae edcee1e0a20ad77102425d562fbfebd272d0769894d4da64ffa7512c07890142} was not submitted, error: request already exists channel=mychannel
[34m2026-10-08 05:45:41.131 UTC 57fa4 INFO[0m [orderer.consensus.smartbft.consensus] [34;1maddRequest[0m -> Request {a58b45d5f5a824b6a798bcb5c36cfc1dcbc3328e6e961fdcec17c175274a6eae 0dccd944591db20458f0a24bea2a85d6446524d931ed22ff8d482ccfd3d731fa} was not submitted, error: request already exists channel=mychannel
[34m2026-10-08 05:45:41.131 UTC 57fa5 INFO[0m [orderer.consensus.smartbft.consensus] [34;1maddRequest[0m -> Request {a58b45d5f5a824b6a798bcb5c36cfc1dcbc3328e6e961fdcec17c175274a6eae 567dae5f99a335bdb83f344c732fbd346ac47be376e7deb99bc46af788fef57d} was not submitted, error: request already processed channel=mychannel
[34m2026-10-08 05:45:41.132 UTC 57fa6 INFO[0m [orderer.consensus.smartbft.consensus] [34;1maddRequest[0m -> Request {a58b45d5f5a824b6a798bcb5c36cfc1dcbc3328e6e961fdcec17c175274a6eae 24be01b88916c4f32719bdab788f973e0be2d65cdfc79cb6ac68945fa408ffa1} was not submitted, error: request already processed channel=mychannel
[34m2026-10-08 05:45:41.133 UTC 57fa7 INFO[0m [orderer.consensus.smartbft.consensus] [34;1maddRequest[0m -> Request {a58b45d5f5a824b6a798bcb5c36cfc1dcbc3328e6e961fdcec17c175274a6eae ea6b41f30938846709b8c949b8d181551de841320814e17cfbfee604035d9fea} was not submitted, error: request already exists channel=mychannel
[34m2026-10-08 05:45:41.133 UTC 57fa8 INFO[0m [orderer.consensus.smartbft.consensus] [34;1maddRequest[0m -> Request {a58b45d5f5a824b6a798bcb5c36cfc1dcbc3328e6e961fdcec17c175274a6eae db24f5aa396be5c1c021747c67cbe8f9bb6fc3853c6a04ba2a2ef1d30e646157} was not submitted, error: request already exists channel=mychannel
[34m2026-10-08 05:45:41.133 UTC 57fa9 INFO[0m [orderer.consensus.smartbft.consensus] [34;1maddRequest[0m -> Request {a58b45d5f5a824b6a798bcb5c36cfc1dcbc3328e6e961fdcec17c175274a6eae aee63b34d26196dc05e999a7169e298efc626a46c7d1ffd6595ded0b5feb49c6} was not submitted, error: request already exists channel=mychannel
[34m2026-10-08 05:45:41.197 UTC 57faa INFO[0m [orderer.consensus.smartbft.consensus] [34;1maddRequest[0m -> Request {a58b45d5f5a824b6a798bcb5c36cfc1dcbc3328e6e961fdcec17c175274a6eae 432ee7d19dd040f537e6c340f4d61e7065a8d92f1f30d009ef43154af454c124} was not submitted, error: request already exists channel=mychannel
[34m2026-10-08 05:45:41.197 UTC 57fab INFO[0m [orderer.consensus.smartbft.consensus] [34;1maddRequest[0m -> Request {a58b45d5f5a824b6a798bcb5c36cfc1dcbc3328e6e961fdcec17c175274a6eae 645167002a9e004d037a4a4ecd725a3581728b4c77919f258af9cf50f18989ed} was not submitted, error: request already exists channel=mychannel
[34m2026-10-08 05:45:41.198 UTC 57fac INFO[0m [orderer.consensus.smartbft.consensus] [34;1maddRequest[0m -> Request {a58b45d5f5a824b6a798bcb5c36cfc1dcbc3328e6e961fdcec17c175274a6eae 33993f1cd097688ad1c32b5cf76e23d595fcdfd78064166265a1b68c50babd06} was not submitted, error: request already processed channel=mychannel
[34m2026-10-08 05:45:41.198 UTC 57fad INFO[0m [orderer.consensus.smartbft.consensus] [34;1maddRequest[0m -> Request {a58b45d5f5a824b6a798bcb5c36cfc1dcbc3328e6e961fdcec17c175274a6eae aea41b9fe0bd95d076ff98179d416fb21219c4bea7b20725a6cf2930499c925c} was not submitted, error: request already exists channel=mychannel
[34m2026-10-08 05:45:41.217 UTC 57fae INFO[0m [orderer.consensus.smartbft.consensus] [34;1maddRequest[0m -> Request {a58b45d5f5a824b6a798bcb5c36cfc1dcbc3328e6e961fdcec17c175274a6eae 50bf7c776b3e3a68189d232da93a0c9c0581fab468f1516aae4cefef72fc0931} was not submitted, error: request already processed channel=mychannel
[34m2026-10-08 05:45:41.217 UTC 57faf INFO[0m [orderer.consensus.smartbft.consensus] [34;1maddRequest[0m -> Request {a58b45d5f5a824b6a798bcb5c36cfc1dcbc3328e6e961fdcec17c175274a6eae d45ac19a12f3e717ecc923ccefee4a7c081802bbd7925e12f9c12b102535c5b9} was not submitted, error: request already processed channel=mychannel
[34m2026-10-08 05:45:41.217 UTC 57fb0 INFO[0m [orderer.consensus.smartbft.consensus] [34;1maddRequest[0m -> Request {a58b45d5f5a824b6a798bcb5c36cfc1dcbc3328e6e961fdcec17c175274a6eae e6b06eb7d4c945b6b4a901676b8c62fc25ec07dfd0ccf359f2616784fb7d28c1} was not submitted, error: request already processed channel=mychannel
[34m2026-10-08 05:45:41.218 UTC 57fb1 INFO[0m [orderer.consensus.smartbft.consensus] [34;1maddRequest[0m -> Request {a58b45d5f5a824b6a798bcb5c36cfc1dcbc3328e6e961fdcec17c175274a6eae 80c8168ae3c71c3bc86d5ace8a608d17ba4e2e633a6819fc3abdf218589ff466} was not submitted, error: request already exists channel=mychannel
[34m2026-10-08 05:45:41.218 UTC 57fb2 INFO[0m [orderer.consensus.smartbft.consensus] [34;1maddRequest[0m -> Request {a58b45d5f5a824b6a798bcb5c36cfc1dcbc3328e6e961fdcec17c175274a6eae fd3899f64465fe82d86a788831e122358c2a0ecee4b36b2728ef5ecc65cccee4} was not submitted, error: request already exists channel=mychannel
[34m2026-10-08 05:45:41.218 UTC 57fb3 INFO[0m [orderer.consensus.smartbft.consensus] [34;1maddRequest[0m -> Request {a58b45d5f5a824b6a798bcb5c36cfc1dcbc3328e6e961fdcec17c175274a6eae dbda1269c358efd42c0cffe12d078f37085d32947e24ce0627d83b22e5080b14} was not submitted, error: request already processed channel=mychannel
[34m2026-10-08 05:45:41.218 UTC 57fb4 INFO[0m [orderer.consensus.smartbft.consensus] [34;1maddRequest[0m -> Request {a58b45d5f5a824b6a798bcb5c36cfc1dcbc3328e6e961fdcec17c175274a6eae e8985a9fbdb34211bda64b3eecda637266d07c65cd941b3414c7d766f360ff4d} was not submitted, error: request already exists channel=mychannel
[34m2026-10-08 05:45:41.218 UTC 57fb5 INFO[0m [orderer.consensus.smartbft.consensus] [34;1maddRequest[0m -> Request {a58b45d5f5a824b6a798bcb5c36cfc1dcbc3328e6e961fdcec17c175274a6eae e5d03226ebb948c528c1dfd5fba459a4e22a0798aafcf432c92e448a71211528} was not submitted, error: request already processed channel=mychannel
[34m2026-10-08 05:45:41.282 UTC 57fb6 INFO[0m [orderer.consensus.smartbft.consensus] [34;1maddRequest[0m -> Request {a58b45d5f5a824b6a798bcb5c36cfc1dcbc3328e6e961fdcec17c175274a6eae 091d0cb9dd6ade5fddaa0bdd5d42a839a1f75f44cae8527409c5f30f386e96a4} was not submitted, error: request already exists channel=mychannel
[34m2026-10-08 05:45:41.282 UTC 57fb7 INFO[0m [orderer.consensus.smartbft.consensus] [34;1maddRequest[0m -> Request {a58b45d5f5a824b6a798bcb5c36cfc1dcbc3328e6e961fdcec17c175274a6eae 47af8be30504df7788933c1aba10ebd7aa496fe6b331ccb5ba40d0f2243bea8a} was not submitted, error: request already exists channel=mychannel
[34m2026-10-08 05:45:41.282 UTC 57fb8 INFO[0m [orderer.consensus.smartbft.consensus] [34;1maddRequest[0m -> Request {a58b45d5f5a824b6a798bcb5c36cfc1dcbc3328e6e961fdcec17c175274a6eae 49f49d9c094b4cb10cb95465ca0fa8c27ebb82aa79cb0bf774a8716371723e70} was not submitted, error: request already exists channel=mychannel
[34m2026-10-08 05:45:41.282 UTC 57fb9 INFO[0m [orderer.consensus.smartbft.consensus] [34;1maddRequest[0m -> Request {a58b45d5f5a824b6a798bcb5c36cfc1dcbc3328e6e961fdcec17c175274a6eae 8f4dd29f7201bc97af0125f9b986d82878238a0a175103870fd48a9834802242} was not submitted, error: request already processed channel=mychannel
[34m2026-10-08 05:45:41.297 UTC 57fba INFO[0m [orderer.consensus.smartbft.consensus] [34;1maddRequest[0m -> Request {a58b45d5f5a824b6a798bcb5c36cfc1dcbc3328e6e961fdcec17c175274a6eae 7e86c6bd7787d2846e78a8a0dbc1180ddeda0d913b611b380b145561dcd06f27} was not submitted, error: request already exists channel=mychannel
[34m2026-10-08 05:45:41.297 UTC 57fbb INFO[0m [orderer.consensus.smartbft.consensus] [34;1maddRequest[0m -> Request {a58b45d5f5a824b6a798bcb5c36cfc1dcbc3328e6e961fdcec17c175274a6eae cdf95bbbf0e68f7577e23a7d002a2a5043468e6f55d7a047b1ca50ab34003fa3} was not submitted, error: request already processed channel=mychannel
[34m2026-10-08 05:45:41.297 UTC 57fbc INFO[0m [orderer.consensus.smartbft.consensus] [34;1maddRequest[0m -> Request {a58b45d5f5a824b6a798bcb5c36cfc1dcbc3328e6e961fdcec17c175274a6eae f0e9c504b88f194b891ffa52dc369c2f90261bcc18d6176831114bcd73e4810f} was not submitted, error: request already exists channel=mychannel
[34m2026-10-08 05:45:41.297 UTC 57fbd INFO[0m [orderer.consensus.smartbft.consensus] [34;1maddRequest[0m -> Request {a58b45d5f5a824b6a798bcb5c36cfc1dcbc3328e6e961fdcec17c175274a6eae 67f9e1f1bd74c88d561d915ee95710b71c826d4e4d820f97f0f96ff3821e1727} was not submitted, error: request already exists channel=mychannel
[34m2026-10-08 05:45:41.303 UTC 57fbe INFO[0m [orderer.consensus.smartbft.consensus] [34;1maddRequest[0m -> Request {a58b45d5f5a824b6a798bcb5c36cfc1dcbc3328e6e961fdcec17c175274a6eae 5f1f1c220b7fb2beee1dd0ca6acde056172ed565c0e4c6258b28d296a52284a5} was not submitted, error: request already exists channel=mychannel
[34m2026-10-08 05:45:41.303 UTC 57fbf INFO[0m [orderer.consensus.smartbft.consensus] [34;1maddRequest[0m -> Request {a58b45d5f5a824b6a798bcb5c36cfc1dcbc3328e6e961fdcec17c175274a6eae bdf65dca6ed39e7087152e19119478e0b80411882a37f3c2b6c96b629449f3b5} was not submitted, error: request already processed channel=mychannel
[34m2026-10-08 05:45:41.303 UTC 57fc0 INFO[0m [orderer.consensus.smartbft.consensus] [34;1maddRequest[0m -> Request {a58b45d5f5a824b6a798bcb5c36cfc1dcbc3328e6e961fdcec17c175274a6eae f345c60b4cceb8f3524f1c8fd3ec9d754843d995a34827c70d4e65563b2d5119} was not submitted, error: request already exists channel=mychannel
[34m2026-10-08 05:45:41.303 UTC 57fc1 INFO[0m [orderer.consensus.smartbft.consensus] [34;1maddRequest[0m -> Request {a58b45d5f5a824b6a798bcb5c36cfc1dcbc3328e6e961fdcec17c175274a6eae 04d3061306776d1a7865024f1154f32c1164bdb5ca60538d392bb7008d27948d} was not submitted, error: request already exists channel=mychannel
[34m2026-10-08 05:45:41.359 UTC 57fc2 INFO[0m [orderer.consensus.smartbft.consensus] [34;1maddRequest[0m -> Request {a58b45d5f5a824b6a798bcb5c36cfc1dcbc3328e6e961fdcec17c175274a6eae 9ad7c492a90839498304bb8b2b5aa0f28da1513192945e7e82b43bd32a2b1102} was not submitted, error: request already exists channel=mychannel
[34m2026-10-08 05:45:41.360 UTC 57fc3 INFO[0m [orderer.consensus.smartbft.consensus] [34;1maddRequest[0m -> Request {a58b45d5f5a824b6a798bcb5c36cfc1dcbc3328e6e961fdcec17c175274a6eae b03c8b7a4e70974953be2d4510b93a6e07949110466b26c41fcb4113637975c1} was not submitted, error: request already exists channel=mychannel
[34m2026-10-08 05:45:41.360 UTC 57fc4 INFO[0m [orderer.consensus.smartbft.consensus] [34;1maddRequest[0m -> Request {a58b45d5f5a824b6a798bcb5c36cfc1dcbc3328e6e961fdcec17c175274a6eae 72e69d4766b3d1e85125979c64c8c43ee169425315ca3232a12ac42d36b2e539} was not submitted, error: request already processed channel=mychannel
[34m2026-10-08 05:45:41.360 UTC 57fc5 INFO[0m [orderer.consensus.smartbft.consensus] [34;1maddRequest[0m -> Request {a58b45d5f5a824b6a798bcb5c36cfc1dcbc3328e6e961fdcec17c175274a6eae 8020df6d0c14cc1368ceb1940909cf875c9c12bc0dbe64fd564672ca3479b4d4} was not submitted, error: request already processed channel=mychannel
[34m2026-10-08 05:45:41.378 UTC 57fc6 INFO[0m [orderer.consensus.smartbft.consensus] [34;1maddRequest[0m -> Request {a58b45d5f5a824b6a798bcb5c36cfc1dcbc3328e6e961fdcec17c175274a6eae 65370043b9ee87016830bc544597cfadd5cfdfb0be25bca89c23474f04a46091} was not submitted, error: request already exists channel=mychannel
[34m2026-10-08 05:45:41.379 UTC 57fc7 INFO[0m [orderer.consensus.smartbft.consensus] [34;1maddRequest[0m -> Request {a58b45d5f5a824b6a798bcb5c36cfc1dcbc3328e6e961fdcec17c175274a6eae 013dc277755eb9bebc6e914faf182c58fffebb8254d68b8138c10b67b96f8c53} was not submitted, error: request already exists channel=mychannel
[34m2026-10-08 05:45:41.379 UTC 57fc8 INFO[0m [orderer.consensus.smartbft.consensus] [34;1maddRequest[0m -> Request {a58b45d5f5a824b6a798bcb5c36cfc1dcbc3328e6e961fdcec17c175274a6eae eabda70a9618400f2431f7ae701e7c221d2c43f8f1d574ed207df3293690b885} was not submitted, error: request already exists channel=mychannel
[34m2026-10-08 05:45:41.379 UTC 57fc9 INFO[0m [orderer.consensus.smartbft.consensus] [34;1maddRequest[0m -> Request {a58b45d5f5a824b6a798bcb5c36cfc1dcbc3328e6e961fdcec17c175274a6eae 9f2b1c4f4736c72f10cbb562aca3b6d79b4c0b859561c19451a88dbf7cba5b11} was not submitted, error: request already processed channel=mychannel
[34m2026-10-08 05:45:41.389 UTC 57fca INFO[0m [orderer.consensus.smartbft.consensus] [34;1maddRequest[0m -> Request {a58b45d5f5a824b6a798bcb5c36cfc1dcbc3328e6e961fdcec17c175274a6eae 9fc5b4de5fe4d02692e80f116a7783aea7cd7ec47f11f5b2011fd5f60f2048ab} was not submitted, error: request already exists channel=mychannel
[34m2026-10-08 05:45:41.389 UTC 57fcb INFO[0m [orderer.consensus.smartbft.consensus] [34;1maddRequest[0m -> Request {a58b45d5f5a824b6a798bcb5c36cfc1dcbc3328e6e961fdcec17c175274a6eae 0c83dec5cd351f94f4cc36b154610893cd9e51038503dbf16251882eda4d93db} was not submitted, error: request already exists channel=mychannel
[34m2026-10-08 05:45:41.390 UTC 57fcc INFO[0m [orderer.consensus.smartbft.consensus] [34;1maddRequest[0m -> Request {a58b45d5f5a824b6a798bcb5c36cfc1dcbc3328e6e961fdcec17c175274a6eae 677ab3eadf20ff4769c0743e93d152f95c14798977d3e29bebc7435388972ec3} was not submitted, error: request already exists channel=mychannel
[34m2026-10-08 05:45:41.390 UTC 57fcd INFO[0m [orderer.consensus.smartbft.consensus] [34;1maddRequest[0m -> Request {a58b45d5f5a824b6a798bcb5c36cfc1dcbc3328e6e961fdcec17c175274a6eae bf5d7f26dc0b76f95b975e80e3a8f2664ee73cc05b08c8c2a559b8d78b363eda} was not submitted, error: request already exists channel=mychannel
[34m2026-10-08 05:45:41.531 UTC 57fce INFO[0m [orderer.consensus.smartbft.consensus] [34;1maddRequest[0m -> Request {a58b45d5f5a824b6a798bcb5c36cfc1dcbc3328e6e961fdcec17c175274a6eae d6e37a14078c01d3cb1df4307165dd73a767b754e27ac6e37076ca7887a75fbc} was not submitted, error: request already processed channel=mychannel
[34m2026-10-08 05:45:41.531 UTC 57fcf INFO[0m [orderer.consensus.smartbft.consensus] [34;1maddRequest[0m -> Request {a58b45d5f5a824b6a798bcb5c36cfc1dcbc3328e6e961fdcec17c175274a6eae 4f245adc47a07f15a0fdb411e6f294b3314d7a22fc075ec573092628b70005f1} was not submitted, error: request already exists channel=mychannel
[34m2026-10-08 05:45:41.531 UTC 57fd0 INFO[0m [orderer.consensus.smartbft.consensus] [34;1maddRequest[0m -> Request {a58b45d5f5a824b6a798bcb5c36cfc1dcbc3328e6e961fdcec17c175274a6eae 6505a488d1d18c3f8b641f566df1aab1b34a9c409feaf323bd8c846356eeec8e} was not submitted, error: request already exists channel=mychannel
[34m2026-10-08 05:45:41.545 UTC 57fd1 INFO[0m [orderer.consensus.smartbft.consensus] [34;1maddRequest[0m -> Request {a58b45d5f5a824b6a798bcb5c36cfc1dcbc3328e6e961fdcec17c175274a6eae 4979b8cab464637b64551fe4fe107beb2e48a22a0adb9ce9fe7bafa7f2fada2b} was not submitted, error: request already processed channel=mychannel
[34m2026-10-08 05:45:41.556 UTC 57fd2 INFO[0m [orderer.consensus.smartbft.consensus] [34;1maddRequest[0m -> Request {a58b45d5f5a824b6a798bcb5c36cfc1dcbc3328e6e961fdcec17c175274a6eae f31d1f7715a400417e0b585f24aa6f00d12125241dc0c52c686b4cdda9956018} was not submitted, error: request already processed channel=mychannel
[34m2026-10-08 05:45:41.613 UTC 57fd3 INFO[0m [orderer.consensus.smartbft.consensus] [34;1maddRequest[0m -> Request {a58b45d5f5a824b6a798bcb5c36cfc1dcbc3328e6e961fdcec17c175274a6eae 41c9bf2525afdf303d3601bcfcc36d2154c7d30a9e3bf8e37312aa80d8b43de1} was not submitted, error: request already exists channel=mychannel
[34m2026-10-08 05:45:41.627 UTC 57fd4 INFO[0m [orderer.consensus.smartbft.consensus] [34;1maddRequest[0m -> Request {a58b45d5f5a824b6a798bcb5c36cfc1dcbc3328e6e961fdcec17c175274a6eae 5dd710565bca9d3fb1a4c482367edac6e51c1e12149666db1581eb6c7054d64f} was not submitted, error: request already exists channel=mychannel
[34m2026-10-08 05:45:41.641 UTC 57fd5 INFO[0m [orderer.consensus.smartbft.consensus] [34;1maddRequest[0m -> Request {a58b45d5f5a824b6a798bcb5c36cfc1dcbc3328e6e961fdcec17c175274a6eae 15c864176d94124f5b28dffd22864224d739c93d01993dad3f8e39e59f6c798c} was not submitted, error: request already exists channel=mychannel
[34m2026-10-08 05:45:41.698 UTC 57fd6 INFO[0m [orderer.consensus.smartbft.consensus] [34;1maddRequest[0m -> Request {a58b45d5f5a824b6a798bcb5c36cfc1dcbc3328e6e961fdcec17c175274a6eae febc981d3fa75e5318c59c23535aeaa8e36b7a927d758ea71a6f33134e337b41} was not submitted, error: request already exists channel=mychannel
[34m2026-10-08 05:45:41.698 UTC 57fd7 INFO[0m [orderer.consensus.smartbft.consensus] [34;1maddRequest[0m -> Request {a58b45d5f5a824b6a798bcb5c36cfc1dcbc3328e6e961fdcec17c175274a6eae 32fc17b026faead6d671132c87786259093252e90510c0f263047ada92b9c635} was not submitted, error: request already exists channel=mychannel
[34m2026-10-08 05:45:41.713 UTC 57fd8 INFO[0m [orderer.consensus.smartbft.consensus] [34;1maddRequest[0m -> Request {a58b45d5f5a824b6a798bcb5c36cfc1dcbc3328e6e961fdcec17c175274a6eae 8d9b7e718f0a6311b19c8b0b101df5a54f6581a596c88e453d985141676cab5c} was not submitted, error: request already exists channel=mychannel
[34m2026-10-08 05:45:41.723 UTC 57fd9 INFO[0m [orderer.consensus.smartbft.consensus] [34;1maddRequest[0m -> Request {a58b45d5f5a824b6a798bcb5c36cfc1dcbc3328e6e961fdcec17c175274a6eae a1511e0db6b2de12ff428121f7863cbb913aae416c2854d011d8e1bf09d226cc} was not submitted, error: request already exists channel=mychannel
[34m2026-10-08 05:45:41.783 UTC 57fda INFO[0m [orderer.consensus.smartbft.consensus] [34;1maddRequest[0m -> Request {a58b45d5f5a824b6a798bcb5c36cfc1dcbc3328e6e961fdcec17c175274a6eae 759ff7b309bf16558218bcbba72ba9e93734e4b4794278e499343172250a4882} was not submitted, error: request already processed channel=mychannel
[34m2026-10-08 05:45:41.783 UTC 57fdb INFO[0m [orderer.consensus.smartbft.consensus] [34;1maddRequest[0m -> Request {a58b45d5f5a824b6a798bcb5c36cfc1dcbc3328e6e961fdcec17c175274a6eae c552a7c56cb00e94655700fecc6b4375c372a86f8ae5d5b7e658392e0612c28b} was not submitted, error: request already exists channel=mychannel
[34m2026-10-08 05:45:41.797 UTC 57fdc INFO[0m [orderer.consensus.smartbft.consensus] [34;1maddRequest[0m -> Request {a58b45d5f5a824b6a798bcb5c36cfc1dcbc3328e6e961fdcec17c175274a6eae 57e2b21c33747d5c151bc69cd92b5e87611ddedaa5a1486c1c00cbcfceaad13b} was not submitted, error: request already exists channel=mychannel
[34m2026-10-08 05:45:41.797 UTC 57fdd INFO[0m [orderer.consensus.smartbft.consensus] [34;1maddRequest[0m -> Request {a58b45d5f5a824b6a798bcb5c36cfc1dcbc3328e6e961fdcec17c175274a6eae 2770c8d862990a1f496cc4203735cc632b0ebd46b897f5b5b80df29d04b2319d} was not submitted, error: request already processed channel=mychannel
[34m2026-10-08 05:45:41.798 UTC 57fde INFO[0m [orderer.consensus.smartbft.consensus] [34;1mChangeRole[0m -> Changing to follower role, current view: 35, current leader: 4 channel=mychannel
[34m2026-10-08 05:45:41.798 UTC 57fdf INFO[0m [orderer.consensus.smartbft.consensus] [34;1mstartView[0m -> Starting view with number 35, sequence 3662, and decisions 0 channel=mychannel
[33m2026-10-08 05:45:41.804 UTC 57fe0 WARN[0m [orderer.consensus.smartbft.consensus] [33;1mHandleRequest[0m -> Got request from 4 but the leader is 4, dropping request channel=mychannel
[33m2026-10-08 05:45:41.867 UTC 57fe1 WARN[0m [orderer.consensus.smartbft.consensus] [33;1mHandleRequest[0m -> Got request from 4 but the leader is 4, dropping request channel=mychannel
[33m2026-10-08 05:45:41.867 UTC 57fe2 WARN[0m [orderer.consensus.smartbft.consensus] [33;1mHandleRequest[0m -> Got request from 4 but the leader is 4, dropping request channel=mychannel
[33m2026-10-08 05:45:41.878 UTC 57fe3 WARN[0m [orderer.consensus.smartbft.consensus] [33;1mHandleRequest[0m -> Got request from 4 but the leader is 4, dropping request channel=mychannel
[33m2026-10-08 05:45:41.878 UTC 57fe4 WARN[0m [orderer.consensus.smartbft.consensus] [33;1mHandleRequest[0m -> Got request from 4 but the leader is 4, dropping request channel=mychannel
[33m2026-10-08 05:45:41.879 UTC 57fe5 WARN[0m [orderer.consensus.smartbft.consensus] [33;1mHandleRequest[0m -> Got request from 4 but the leader is 4, dropping request channel=mychannel
[33m2026-10-08 05:45:41.879 UTC 57fe6 WARN[0m [orderer.consensus.smartbft.consensus] [33;1mHandleRequest[0m -> Got request from 4 but the leader is 4, dropping request channel=mychannel
[34m2026-10-08 05:45:41.880 UTC 57fe7 INFO[0m [orderer.consensus.smartbft.consensus] [34;1mprocessProposal[0m -> Processed proposal with seq 3662 channel=mychannel
[33m2026-10-08 05:45:41.885 UTC 57fe8 WARN[0m [orderer.consensus.smartbft.consensus] [33;1mHandleRequest[0m -> Got request from 4 but the leader is 4, dropping request channel=mychannel
[33m2026-10-08 05:45:41.885 UTC 57fe9 WARN[0m [orderer.consensus.smartbft.consensus] [33;1mHandleRequest[0m -> Got request from 4 but the leader is 4, dropping request channel=mychannel
[33m2026-10-08 05:45:41.885 UTC 57fea WARN[0m [orderer.consensus.smartbft.consensus] [33;1mHandleRequest[0m -> Got request from 4 but the leader is 4, dropping request channel=mychannel
[33m2026-10-08 05:45:41.885 UTC 57feb WARN[0m [orderer.consensus.smartbft.consensus] [33;1mHandleRequest[0m -> Got request from 4 but the leader is 4, dropping request channel=mychannel
[33m2026-10-08 05:45:41.945 UTC 57fec WARN[0m [orderer.consensus.smartbft.consensus] [33;1mHandleRequest[0m -> Got request from 4 but the leader is 4, dropping request channel=mychannel
[33m2026-10-08 05:45:41.945 UTC 57fed WARN[0m [orderer.consensus.smartbft.consensus] [33;1mHandleRequest[0m -> Got request from 4 but the leader is 4, dropping request channel=mychannel
[33m2026-10-08 05:45:41.945 UTC 57fee WARN[0m [orderer.consensus.smartbft.consensus] [33;1mHandleRequest[0m -> Got request from 4 but the leader is 4, dropping request channel=mychannel
[33m2026-10-08 05:45:41.945 UTC 57fef WARN[0m [orderer.consensus.smartbft.consensus] [33;1mHandleRequest[0m -> Got request from 4 but the leader is 4, dropping request channel=mychannel
[33m2026-10-08 05:45:41.945 UTC 57ff0 WARN[0m [orderer.consensus.smartbft.consensus] [33;1mHandleRequest[0m -> Got request from 4 but the leader is 4, dropping request channel=mychannel
[33m2026-10-08 05:45:41.956 UTC 57ff1 WARN[0m [orderer.consensus.smartbft.consensus] [33;1mHandleRequest[0m -> Got request from 4 but the leader is 4, dropping request channel=mychannel
[33m2026-10-08 05:45:41.967 UTC 57ff2 WARN[0m [orderer.consensus.smartbft.consensus] [33;1mHandleRequest[0m -> Got request from 4 but the leader is 4, dropping request channel=mychannel
[33m2026-10-08 05:45:41.967 UTC 57ff3 WARN[0m [orderer.consensus.smartbft.consensus] [33;1mHandleRequest[0m -> Got request from 4 but the leader is 4, dropping request channel=mychannel
[33m2026-10-08 05:45:41.967 UTC 57ff4 WARN[0m [orderer.consensus.smartbft.consensus] [33;1mHandleRequest[0m -> Got request from 4 but the leader is 4, dropping request channel=mychannel
[33m2026-10-08 05:45:41.971 UTC 57ff5 WARN[0m [orderer.consensus.smartbft.consensus] [33;1mHandleRequest[0m -> Got request from 4 but the leader is 4, dropping request channel=mychannel
[33m2026-10-08 05:45:41.971 UTC 57ff6 WARN[0m [orderer.consensus.smartbft.consensus] [33;1mHandleRequest[0m -> Got request from 4 but the leader is 4, dropping request channel=mychannel
[33m2026-10-08 05:45:41.971 UTC 57ff7 WARN[0m [orderer.consensus.smartbft.consensus] [33;1mHandleRequest[0m -> Got request from 4 but the leader is 4, dropping request channel=mychannel
[33m2026-10-08 05:45:41.971 UTC 57ff8 WARN[0m [orderer.consensus.smartbft.consensus] [33;1mHandleRequest[0m -> Got request from 4 but the leader is 4, dropping request channel=mychannel
[33m2026-10-08 05:45:42.029 UTC 57ff9 WARN[0m [orderer.consensus.smartbft.consensus] [33;1mHandleRequest[0m -> Got request from 4 but the leader is 4, dropping request channel=mychannel
[33m2026-10-08 05:45:42.029 UTC 57ffa WARN[0m [orderer.consensus.smartbft.consensus] [33;1mHandleRequest[0m -> Got request from 4 but the leader is 4, dropping request channel=mychannel
[33m2026-10-08 05:45:42.029 UTC 57ffb WARN[0m [orderer.consensus.smartbft.consensus] [33;1mHandleRequest[0m -> Got request from 4 but the leader is 4, dropping request channel=mychannel
[33m2026-10-08 05:45:42.029 UTC 57ffc WARN[0m [orderer.consensus.smartbft.consensus] [33;1mHandleRequest[0m -> Got request from 4 but the leader is 4, dropping request channel=mychannel
[33m2026-10-08 05:45:42.043 UTC 57ffd WARN[0m [orderer.consensus.smartbft.consensus] [33;1mHandleRequest[0m -> Got request from 4 but the leader is 4, dropping request channel=mychannel
[33m2026-10-08 05:45:42.052 UTC 57ffe WARN[0m [orderer.consensus.smartbft.consensus] [33;1mHandleRequest[0m -> Got request from 4 but the leader is 4, dropping request channel=mychannel
[33m2026-10-08 05:45:42.052 UTC 57fff WARN[0m [orderer.consensus.smartbft.consensus] [33;1mHandleRequest[0m -> Got request from 4 but the leader is 4, dropping request channel=mychannel
[33m2026-10-08 05:45:42.052 UTC 58000 WARN[0m [orderer.consensus.smartbft.consensus] [33;1mHandleRequest[0m -> Got request from 4 but the leader is 4, dropping request channel=mychannel
[33m2026-10-08 05:45:42.059 UTC 58001 WARN[0m [orderer.consensus.smartbft.consensus] [33;1mHandleRequest[0m -> Got request from 4 but the leader is 4, dropping request channel=mychannel
[33m2026-10-08 05:45:42.059 UTC 58002 WARN[0m [orderer.consensus.smartbft.consensus] [33;1mHandleRequest[0m -> Got request from 4 but the leader is 4, dropping request channel=mychannel
[33m2026-10-08 05:45:42.059 UTC 58003 WARN[0m [orderer.consensus.smartbft.consensus] [33;1mHandleRequest[0m -> Got request from 4 but the leader is 4, dropping request channel=mychannel
[33m2026-10-08 05:45:42.059 UTC 58004 WARN[0m [orderer.consensus.smartbft.consensus] [33;1mHandleRequest[0m -> Got request from 4 but the leader is 4, dropping request channel=mychannel
[33m2026-10-08 05:45:42.110 UTC 58005 WARN[0m [orderer.consensus.smartbft.consensus] [33;1mHandleRequest[0m -> Got request from 4 but the leader is 4, dropping request channel=mychannel
[33m2026-10-08 05:45:42.110 UTC 58006 WARN[0m [orderer.consensus.smartbft.consensus] [33;1mHandleRequest[0m -> Got request from 4 but the leader is 4, dropping request channel=mychannel
[33m2026-10-08 05:45:42.110 UTC 58007 WARN[0m [orderer.consensus.smartbft.consensus] [33;1mHandleRequest[0m -> Got request from 4 but the leader is 4, dropping request channel=mychannel
[33m2026-10-08 05:45:42.110 UTC 58008 WARN[0m [orderer.consensus.smartbft.consensus] [33;1mHandleRequest[0m -> Got request from 4 but the leader is 4, dropping request channel=mychannel
[33m2026-10-08 05:45:42.128 UTC 58009 WARN[0m [orderer.consensus.smartbft.consensus] [33;1mHandleRequest[0m -> Got request from 4 but the leader is 4, dropping request channel=mychannel
[33m2026-10-08 05:45:42.128 UTC 5800a WARN[0m [orderer.consensus.smartbft.consensus] [33;1mHandleRequest[0m -> Got request from 4 but the leader is 4, dropping request channel=mychannel
[33m2026-10-08 05:45:42.128 UTC 5800b WARN[0m [orderer.consensus.smartbft.consensus] [33;1mHandleRequest[0m -> Got request from 4 but the leader is 4, dropping request channel=mychannel
[33m2026-10-08 05:45:42.128 UTC 5800c WARN[0m [orderer.consensus.smartbft.consensus] [33;1mHandleRequest[0m -> Got request from 4 but the leader is 4, dropping request channel=mychannel
[33m2026-10-08 05:45:42.140 UTC 5800d WARN[0m [orderer.consensus.smartbft.consensus] [33;1mHandleRequest[0m -> Got request from 4 but the leader is 4, dropping request channel=mychannel
[33m2026-10-08 05:45:42.140 UTC 5800e WARN[0m [orderer.consensus.smartbft.consensus] [33;1mHandleRequest[0m -> Got request from 4 but the leader is 4, dropping request channel=mychannel
[33m2026-10-08 05:45:42.140 UTC 5800f WARN[0m [orderer.consensus.smartbft.consensus] [33;1mHandleRequest[0m -> Got request from 4 but the leader is 4, dropping request channel=mychannel
[33m2026-10-08 05:45:42.140 UTC 58010 WARN[0m [orderer.consensus.smartbft.consensus] [33;1mHandleRequest[0m -> Got request from 4 but the leader is 4, dropping request channel=mychannel
[33m2026-10-08 05:45:42.189 UTC 58011 WARN[0m [orderer.consensus.smartbft.consensus] [33;1mHandleRequest[0m -> Got request from 4 but the leader is 4, dropping request channel=mychannel
[33m2026-10-08 05:45:42.189 UTC 58012 WARN[0m [orderer.consensus.smartbft.consensus] [33;1mHandleRequest[0m -> Got request from 4 but the leader is 4, dropping request channel=mychannel
[33m2026-10-08 05:45:42.189 UTC 58013 WARN[0m [orderer.consensus.smartbft.consensus] [33;1mHandleRequest[0m -> Got request from 4 but the leader is 4, dropping request channel=mychannel
[33m2026-10-08 05:45:42.189 UTC 58014 WARN[0m [orderer.consensus.smartbft.consensus] [33;1mHandleRequest[0m -> Got request from 4 but the leader is 4, dropping request channel=mychannel
[33m2026-10-08 05:45:42.209 UTC 58015 WARN[0m [orderer.consensus.smartbft.consensus] [33;1mHandleRequest[0m -> Got request from 4 but the leader is 4, dropping request channel=mychannel
[33m2026-10-08 05:45:42.209 UTC 58016 WARN[0m [orderer.consensus.smartbft.consensus] [33;1mHandleRequest[0m -> Got request from 4 but the leader is 4, dropping request channel=mychannel
[33m2026-10-08 05:45:42.209 UTC 58017 WARN[0m [orderer.consensus.smartbft.consensus] [33;1mHandleRequest[0m -> Got request from 4 but the leader is 4, dropping request channel=mychannel
[33m2026-10-08 05:45:42.209 UTC 58018 WARN[0m [orderer.consensus.smartbft.consensus] [33;1mHandleRequest[0m -> Got request from 4 but the leader is 4, dropping request channel=mychannel
[33m2026-10-08 05:45:42.220 UTC 58019 WARN[0m [orderer.consensus.smartbft.consensus] [33;1mHandleRequest[0m -> Got request from 4 but the leader is 4, dropping request channel=mychannel
[33m2026-10-08 05:45:42.220 UTC 5801a WARN[0m [orderer.consensus.smartbft.consensus] [33;1mHandleRequest[0m -> Got request from 4 but the leader is 4, dropping request channel=mychannel
[33m2026-10-08 05:45:42.220 UTC 5801b WARN[0m [orderer.consensus.smartbft.consensus] [33;1mHandleRequest[0m -> Got request from 4 but the leader is 4, dropping request channel=mychannel
[33m2026-10-08 05:45:42.220 UTC 5801c WARN[0m [orderer.consensus.smartbft.consensus] [33;1mHandleRequest[0m -> Got request from 4 but the leader is 4, dropping request channel=mychannel
[33m2026-10-08 05:45:42.270 UTC 5801d WARN[0m [orderer.consensus.smartbft.consensus] [33;1mHandleRequest[0m -> Got request from 4 but the leader is 4, dropping request channel=mychannel
[33m2026-10-08 05:45:42.270 UTC 5801e WARN[0m [orderer.consensus.smartbft.consensus] [33;1mHandleRequest[0m -> Got request from 4 but the leader is 4, dropping request channel=mychannel
[33m2026-10-08 05:45:42.270 UTC 5801f WARN[0m [orderer.consensus.smartbft.consensus] [33;1mHandleRequest[0m -> Got request from 4 but the leader is 4, dropping request channel=mychannel
[33m2026-10-08 05:45:42.270 UTC 58020 WARN[0m [orderer.consensus.smartbft.consensus] [33;1mHandleRequest[0m -> Got request from 4 but the leader is 4, dropping request channel=mychannel
[33m2026-10-08 05:45:42.291 UTC 58021 WARN[0m [orderer.consensus.smartbft.consensus] [33;1mHandleRequest[0m -> Got request from 4 but the leader is 4, dropping request channel=mychannel
[33m2026-10-08 05:45:42.291 UTC 58022 WARN[0m [orderer.consensus.smartbft.consensus] [33;1mHandleRequest[0m -> Got request from 4 but the leader is 4, dropping request channel=mychannel
[33m2026-10-08 05:45:42.291 UTC 58023 WARN[0m [orderer.consensus.smartbft.consensus] [33;1mHandleRequest[0m -> Got request from 4 but the leader is 4, dropping request channel=mychannel
[33m2026-10-08 05:45:42.291 UTC 58024 WARN[0m [orderer.consensus.smartbft.consensus] [33;1mHandleRequest[0m -> Got request from 4 but the leader is 4, dropping request channel=mychannel
[33m2026-10-08 05:45:42.304 UTC 58025 WARN[0m [orderer.consensus.smartbft.consensus] [33;1mHandleRequest[0m -> Got request from 4 but the leader is 4, dropping request channel=mychannel
[33m2026-10-08 05:45:42.304 UTC 58026 WARN[0m [orderer.consensus.smartbft.consensus] [33;1mHandleRequest[0m -> Got request from 4 but the leader is 4, dropping request channel=mychannel
[33m2026-10-08 05:45:42.304 UTC 58027 WARN[0m [orderer.consensus.smartbft.consensus] [33;1mHandleRequest[0m -> Got request from 4 but the leader is 4, dropping request channel=mychannel
[33m2026-10-08 05:45:42.304 UTC 58028 WARN[0m [orderer.consensus.smartbft.consensus] [33;1mHandleRequest[0m -> Got request from 4 but the leader is 4, dropping request channel=mychannel
[33m2026-10-08 05:45:42.354 UTC 58029 WARN[0m [orderer.consensus.smartbft.consensus] [33;1mHandleRequest[0m -> Got request from 4 but the leader is 4, dropping request channel=mychannel
[33m2026-10-08 05:45:42.354 UTC 5802a WARN[0m [orderer.consensus.smartbft.consensus] [33;1mHandleRequest[0m -> Got request from 4 but the leader is 4, dropping request channel=mychannel
[33m2026-10-08 05:45:42.354 UTC 5802b WARN[0m [orderer.consensus.smartbft.consensus] [33;1mHandleRequest[0m -> Got request from 4 but the leader is 4, dropping request channel=mychannel
[33m2026-10-08 05:45:42.354 UTC 5802c WARN[0m [orderer.consensus.smartbft.consensus] [33;1mHandleRequest[0m -> Got request from 4 but the leader is 4, dropping request channel=mychannel
[33m2026-10-08 05:45:42.376 UTC 5802d WARN[0m [orderer.consensus.smartbft.consensus] [33;1mHandleRequest[0m -> Got request from 4 but the leader is 4, dropping request channel=mychannel
[33m2026-10-08 05:45:42.376 UTC 5802e WARN[0m [orderer.consensus.smartbft.consensus] [33;1mHandleRequest[0m -> Got request from 4 but the leader is 4, dropping request channel=mychannel
[33m2026-10-08 05:45:42.376 UTC 5802f WARN[0m [orderer.consensus.smartbft.consensus] [33;1mHandleRequest[0m -> Got request from 4 but the leader is 4, dropping request channel=mychannel
[33m2026-10-08 05:45:42.376 UTC 58030 WARN[0m [orderer.consensus.smartbft.consensus] [33;1mHandleRequest[0m -> Got request from 4 but the leader is 4, dropping request channel=mychannel
[33m2026-10-08 05:45:42.387 UTC 58031 WARN[0m [orderer.consensus.smartbft.consensus] [33;1mHandleRequest[0m -> Got request from 4 but the leader is 4, dropping request channel=mychannel
[33m2026-10-08 05:45:42.387 UTC 58032 WARN[0m [orderer.consensus.smartbft.consensus] [33;1mHandleRequest[0m -> Got request from 4 but the leader is 4, dropping request channel=mychannel
[33m2026-10-08 05:45:42.387 UTC 58033 WARN[0m [orderer.consensus.smartbft.consensus] [33;1mHandleRequest[0m -> Got request from 4 but the leader is 4, dropping request channel=mychannel
[33m2026-10-08 05:45:42.387 UTC 58034 WARN[0m [orderer.consensus.smartbft.consensus] [33;1mHandleRequest[0m -> Got request from 4 but the leader is 4, dropping request channel=mychannel
[33m2026-10-08 05:45:42.436 UTC 58035 WARN[0m [orderer.consensus.smartbft.consensus] [33;1mHandleRequest[0m -> Got request from 4 but the leader is 4, dropping request channel=mychannel
[33m2026-10-08 05:45:42.436 UTC 58036 WARN[0m [orderer.consensus.smartbft.consensus] [33;1mHandleRequest[0m -> Got request from 4 but the leader is 4, dropping request channel=mychannel
[33m2026-10-08 05:45:42.436 UTC 58037 WARN[0m [orderer.consensus.smartbft.consensus] [33;1mHandleRequest[0m -> Got request from 4 but the leader is 4, dropping request channel=mychannel
[33m2026-10-08 05:45:42.436 UTC 58038 WARN[0m [orderer.consensus.smartbft.consensus] [33;1mHandleRequest[0m -> Got request from 4 but the leader is 4, dropping request channel=mychannel
[33m2026-10-08 05:45:42.458 UTC 58039 WARN[0m [orderer.consensus.smartbft.consensus] [33;1mHandleRequest[0m -> Got request from 4 but the leader is 4, dropping request channel=mychannel
[33m2026-10-08 05:45:42.458 UTC 5803a WARN[0m [orderer.consensus.smartbft.consensus] [33;1mHandleRequest[0m -> Got request from 4 but the leader is 4, dropping request channel=mychannel
[33m2026-10-08 05:45:42.458 UTC 5803b WARN[0m [orderer.consensus.smartbft.consensus] [33;1mHandleRequest[0m -> Got request from 4 but the leader is 4, dropping request channel=mychannel
[33m2026-10-08 05:45:42.458 UTC 5803c WARN[0m [orderer.consensus.smartbft.consensus] [33;1mHandleRequest[0m -> Got request from 4 but the leader is 4, dropping request channel=mychannel
[33m2026-10-08 05:45:42.472 UTC 5803d WARN[0m [orderer.consensus.smartbft.consensus] [33;1mHandleRequest[0m -> Got request from 4 but the leader is 4, dropping request channel=mychannel
[33m2026-10-08 05:45:42.472 UTC 5803e WARN[0m [orderer.consensus.smartbft.consensus] [33;1mHandleRequest[0m -> Got request from 4 but the leader is 4, dropping request channel=mychannel
[33m2026-10-08 05:45:42.472 UTC 5803f WARN[0m [orderer.consensus.smartbft.consensus] [33;1mHandleRequest[0m -> Got request from 4 but the leader is 4, dropping request channel=mychannel
[33m2026-10-08 05:45:42.472 UTC 58040 WARN[0m [orderer.consensus.smartbft.consensus] [33;1mHandleRequest[0m -> Got request from 4 but the leader is 4, dropping request channel=mychannel
[33m2026-10-08 05:45:42.518 UTC 58041 WARN[0m [orderer.consensus.smartbft.consensus] [33;1mHandleRequest[0m -> Got request from 4 but the leader is 4, dropping request channel=mychannel
[33m2026-10-08 05:45:42.518 UTC 58042 WARN[0m [orderer.consensus.smartbft.consensus] [33;1mHandleRequest[0m -> Got request from 4 but the leader is 4, dropping request channel=mychannel
[33m2026-10-08 05:45:42.518 UTC 58043 WARN[0m [orderer.consensus.smartbft.consensus] [33;1mHandleRequest[0m -> Got request from 4 but the leader is 4, dropping request channel=mychannel
[33m2026-10-08 05:45:42.518 UTC 58044 WARN[0m [orderer.consensus.smartbft.consensus] [33;1mHandleRequest[0m -> Got request from 4 but the leader is 4, dropping request channel=mychannel
[33m2026-10-08 05:45:42.541 UTC 58045 WARN[0m [orderer.consensus.smartbft.consensus] [33;1mHandleRequest[0m -> Got request from 4 but the leader is 4, dropping request channel=mychannel
[33m2026-10-08 05:45:42.541 UTC 58046 WARN[0m [orderer.consensus.smartbft.consensus] [33;1mHandleRequest[0m -> Got request from 4 but the leader is 4, dropping request channel=mychannel
[33m2026-10-08 05:45:42.541 UTC 58047 WARN[0m [orderer.consensus.smartbft.consensus] [33;1mHandleRequest[0m -> Got request from 4 but the leader is 4, dropping request channel=mychannel
[33m2026-10-08 05:45:42.541 UTC 58048 WARN[0m [orderer.consensus.smartbft.consensus] [33;1mHandleRequest[0m -> Got request from 4 but the leader is 4, dropping request channel=mychannel
[33m2026-10-08 05:45:42.553 UTC 58049 WARN[0m [orderer.consensus.smartbft.consensus] [33;1mHandleRequest[0m -> Got request from 4 but the leader is 4, dropping request channel=mychannel
[33m2026-10-08 05:45:42.553 UTC 5804a WARN[0m [orderer.consensus.smartbft.consensus] [33;1mHandleRequest[0m -> Got request from 4 but the leader is 4, dropping request channel=mychannel
[33m2026-10-08 05:45:42.553 UTC 5804b WARN[0m [orderer.consensus.smartbft.consensus] [33;1mHandleRequest[0m -> Got request from 4 but the leader is 4, dropping request channel=mychannel
[33m2026-10-08 05:45:42.553 UTC 5804c WARN[0m [orderer.consensus.smartbft.consensus] [33;1mHandleRequest[0m -> Got request from 4 but the leader is 4, dropping request channel=mychannel
[33m2026-10-08 05:45:42.601 UTC 5804d WARN[0m [orderer.consensus.smartbft.consensus] [33;1mHandleRequest[0m -> Got request from 4 but the leader is 4, dropping request channel=mychannel
[33m2026-10-08 05:45:42.601 UTC 5804e WARN[0m [orderer.consensus.smartbft.consensus] [33;1mHandleRequest[0m -> Got request from 4 but the leader is 4, dropping request channel=mychannel
[33m2026-10-08 05:45:42.601 UTC 5804f WARN[0m [orderer.consensus.smartbft.consensus] [33;1mHandleRequest[0m -> Got request from 4 but the leader is 4, dropping request channel=mychannel
[33m2026-10-08 05:45:42.601 UTC 58050 WARN[0m [orderer.consensus.smartbft.consensus] [33;1mHandleRequest[0m -> Got request from 4 but the leader is 4, dropping request channel=mychannel
[33m2026-10-08 05:45:42.623 UTC 58051 WARN[0m [orderer.consensus.smartbft.consensus] [33;1mHandleRequest[0m -> Got request from 4 but the leader is 4, dropping request channel=mychannel
[33m2026-10-08 05:45:42.623 UTC 58052 WARN[0m [orderer.consensus.smartbft.consensus] [33;1mHandleRequest[0m -> Got request from 4 but the leader is 4, dropping request channel=mychannel
[33m2026-10-08 05:45:42.623 UTC 58053 WARN[0m [orderer.consensus.smartbft.consensus] [33;1mHandleRequest[0m -> Got request from 4 but the leader is 4, dropping request channel=mychannel
[33m2026-10-08 05:45:42.623 UTC 58054 WARN[0m [orderer.consensus.smartbft.consensus] [33;1mHandleRequest[0m -> Got request from 4 but the leader is 4, dropping request channel=mychannel
[33m2026-10-08 05:45:42.634 UTC 58055 WARN[0m [orderer.consensus.smartbft.consensus] [33;1mHandleRequest[0m -> Got request from 4 but the leader is 4, dropping request channel=mychannel
[33m2026-10-08 05:45:42.634 UTC 58056 WARN[0m [orderer.consensus.smartbft.consensus] [33;1mHandleRequest[0m -> Got request from 4 but the leader is 4, dropping request channel=mychannel
[33m2026-10-08 05:45:42.634 UTC 58057 WARN[0m [orderer.consensus.smartbft.consensus] [33;1mHandleRequest[0m -> Got request from 4 but the leader is 4, dropping request channel=mychannel
[33m2026-10-08 05:45:42.634 UTC 58058 WARN[0m [orderer.consensus.smartbft.consensus] [33;1mHandleRequest[0m -> Got request from 4 but the leader is 4, dropping request channel=mychannel
[33m2026-10-08 05:45:42.680 UTC 58059 WARN[0m [orderer.consensus.smartbft.consensus] [33;1mHandleRequest[0m -> Got request from 4 but the leader is 4, dropping request channel=mychannel
[33m2026-10-08 05:45:42.680 UTC 5805a WARN[0m [orderer.consensus.smartbft.consensus] [33;1mHandleRequest[0m -> Got request from 4 but the leader is 4, dropping request channel=mychannel
[33m2026-10-08 05:45:42.680 UTC 5805b WARN[0m [orderer.consensus.smartbft.consensus] [33;1mHandleRequest[0m -> Got request from 4 but the leader is 4, dropping request channel=mychannel
[33m2026-10-08 05:45:42.680 UTC 5805c WARN[0m [orderer.consensus.smartbft.consensus] [33;1mHandleRequest[0m -> Got request from 4 but the leader is 4, dropping request channel=mychannel
[33m2026-10-08 05:45:42.710 UTC 5805d WARN[0m [orderer.consensus.smartbft.consensus] [33;1mHandleRequest[0m -> Got request from 4 but the leader is 4, dropping request channel=mychannel
[33m2026-10-08 05:45:42.710 UTC 5805e WARN[0m [orderer.consensus.smartbft.consensus] [33;1mHandleRequest[0m -> Got request from 4 but the leader is 4, dropping request channel=mychannel
[33m2026-10-08 05:45:42.710 UTC 5805f WARN[0m [orderer.consensus.smartbft.consensus] [33;1mHandleRequest[0m -> Got request from 4 but the leader is 4, dropping request channel=mychannel
[33m2026-10-08 05:45:42.710 UTC 58060 WARN[0m [orderer.consensus.smartbft.consensus] [33;1mHandleRequest[0m -> Got request from 4 but the leader is 4, dropping request channel=mychannel
[33m2026-10-08 05:45:42.718 UTC 58061 WARN[0m [orderer.consensus.smartbft.consensus] [33;1mHandleRequest[0m -> Got request from 4 but the leader is 4, dropping request channel=mychannel
[33m2026-10-08 05:45:42.718 UTC 58062 WARN[0m [orderer.consensus.smartbft.consensus] [33;1mHandleRequest[0m -> Got request from 4 but the leader is 4, dropping request channel=mychannel
[33m2026-10-08 05:45:42.718 UTC 58063 WARN[0m [orderer.consensus.smartbft.consensus] [33;1mHandleRequest[0m -> Got request from 4 but the leader is 4, dropping request channel=mychannel
[33m2026-10-08 05:45:42.718 UTC 58064 WARN[0m [orderer.consensus.smartbft.consensus] [33;1mHandleRequest[0m -> Got request from 4 but the leader is 4, dropping request channel=mychannel
[33m2026-10-08 05:45:42.766 UTC 58065 WARN[0m [orderer.consensus.smartbft.consensus] [33;1mHandleRequest[0m -> Got request from 4 but the leader is 4, dropping request channel=mychannel
[33m2026-10-08 05:45:42.766 UTC 58066 WARN[0m [orderer.consensus.smartbft.consensus] [33;1mHandleRequest[0m -> Got request from 4 but the leader is 4, dropping request channel=mychannel
[33m2026-10-08 05:45:42.766 UTC 58067 WARN[0m [orderer.consensus.smartbft.consensus] [33;1mHandleRequest[0m -> Got request from 4 but the leader is 4, dropping request channel=mychannel
[33m2026-10-08 05:45:42.766 UTC 58068 WARN[0m [orderer.consensus.smartbft.consensus] [33;1mHandleRequest[0m -> Got request from 4 but the leader is 4, dropping request channel=mychannel
[33m2026-10-08 05:45:42.794 UTC 58069 WARN[0m [orderer.consensus.smartbft.consensus] [33;1mHandleRequest[0m -> Got request from 4 but the leader is 4, dropping request channel=mychannel
[33m2026-10-08 05:45:42.794 UTC 5806a WARN[0m [orderer.consensus.smartbft.consensus] [33;1mHandleRequest[0m -> Got request from 4 but the leader is 4, dropping request channel=mychannel
[33m2026-10-08 05:45:42.794 UTC 5806b WARN[0m [orderer.consensus.smartbft.consensus] [33;1mHandleRequest[0m -> Got request from 4 but the leader is 4, dropping request channel=mychannel
[33m2026-10-08 05:45:42.794 UTC 5806c WARN[0m [orderer.consensus.smartbft.consensus] [33;1mHandleRequest[0m -> Got request from 4 but the leader is 4, dropping request channel=mychannel
[33m2026-10-08 05:45:42.804 UTC 5806d WARN[0m [orderer.consensus.smartbft.consensus] [33;1mHandleRequest[0m -> Got request from 4 but the leader is 4, dropping request channel=mychannel
[33m2026-10-08 05:45:42.804 UTC 5806e WARN[0m [orderer.consensus.smartbft.consensus] [33;1mHandleRequest[0m -> Got request from 4 but the leader is 4, dropping request channel=mychannel
[33m2026-10-08 05:45:42.804 UTC 5806f WARN[0m [orderer.consensus.smartbft.consensus] [33;1mHandleRequest[0m -> Got request from 4 but the leader is 4, dropping request channel=mychannel
[33m2026-10-08 05:45:42.804 UTC 58070 WARN[0m [orderer.consensus.smartbft.consensus] [33;1mHandleRequest[0m -> Got request from 4 but the leader is 4, dropping request channel=mychannel
[33m2026-10-08 05:45:42.850 UTC 58071 WARN[0m [orderer.consensus.smartbft.consensus] [33;1mHandleRequest[0m -> Got request from 4 but the leader is 4, dropping request channel=mychannel
[33m2026-10-08 05:45:42.850 UTC 58072 WARN[0m [orderer.consensus.smartbft.consensus] [33;1mHandleRequest[0m -> Got request from 4 but the leader is 4, dropping request channel=mychannel
[33m2026-10-08 05:45:42.850 UTC 58073 WARN[0m [orderer.consensus.smartbft.consensus] [33;1mHandleRequest[0m -> Got request from 4 but the leader is 4, dropping request channel=mychannel
[33m2026-10-08 05:45:42.850 UTC 58074 WARN[0m [orderer.consensus.smartbft.consensus] [33;1mHandleRequest[0m -> Got request from 4 but the leader is 4, dropping request channel=mychannel
[33m2026-10-08 05:45:42.877 UTC 58075 WARN[0m [orderer.consensus.smartbft.consensus] [33;1mHandleRequest[0m -> Got request from 4 but the leader is 4, dropping request channel=mychannel
[33m2026-10-08 05:45:42.877 UTC 58076 WARN[0m [orderer.consensus.smartbft.consensus] [33;1mHandleRequest[0m -> Got request from 4 but the leader is 4, dropping request channel=mychannel
[33m2026-10-08 05:45:42.877 UTC 58077 WARN[0m [orderer.consensus.smartbft.consensus] [33;1mHandleRequest[0m -> Got request from 4 but the leader is 4, dropping request channel=mychannel
[33m2026-10-08 05:45:42.877 UTC 58078 WARN[0m [orderer.consensus.smartbft.consensus] [33;1mHandleRequest[0m -> Got request from 4 but the leader is 4, dropping request channel=mychannel
[33m2026-10-08 05:45:42.880 UTC 58079 WARN[0m [orderer.consensus.smartbft.consensus] [33;1mHandleRequest[0m -> Got request from 4 but the leader is 4, dropping request channel=mychannel
[33m2026-10-08 05:45:42.880 UTC 5807a WARN[0m [orderer.consensus.smartbft.consensus] [33;1mHandleRequest[0m -> Got request from 4 but the leader is 4, dropping request channel=mychannel
[33m2026-10-08 05:45:42.880 UTC 5807b WARN[0m [orderer.consensus.smartbft.consensus] [33;1mHandleRequest[0m -> Got request from 4 but the leader is 4, dropping request channel=mychannel
[33m2026-10-08 05:45:42.880 UTC 5807c WARN[0m [orderer.consensus.smartbft.consensus] [33;1mHandleRequest[0m -> Got request from 4 but the leader is 4, dropping request channel=mychannel
[33m2026-10-08 05:45:42.934 UTC 5807d WARN[0m [orderer.consensus.smartbft.consensus] [33;1mHandleRequest[0m -> Got request from 4 but the leader is 4, dropping request channel=mychannel
[33m2026-10-08 05:45:42.934 UTC 5807e WARN[0m [orderer.consensus.smartbft.consensus] [33;1mHandleRequest[0m -> Got request from 4 but the leader is 4, dropping request channel=mychannel
[33m2026-10-08 05:45:42.934 UTC 5807f WARN[0m [orderer.consensus.smartbft.consensus] [33;1mHandleRequest[0m -> Got request from 4 but the leader is 4, dropping request channel=mychannel
[33m2026-10-08 05:45:42.934 UTC 58080 WARN[0m [orderer.consensus.smartbft.consensus] [33;1mHandleRequest[0m -> Got request from 4 but the leader is 4, dropping request channel=mychannel
[33m2026-10-08 05:45:42.960 UTC 58081 WARN[0m [orderer.consensus.smartbft.consensus] [33;1mHandleRequest[0m -> Got request from 4 but the leader is 4, dropping request channel=mychannel
[33m2026-10-08 05:45:42.960 UTC 58082 WARN[0m [orderer.consensus.smartbft.consensus] [33;1mHandleRequest[0m -> Got request from 4 but the leader is 4, dropping request channel=mychannel
[33m2026-10-08 05:45:42.961 UTC 58083 WARN[0m [orderer.consensus.smartbft.consensus] [33;1mHandleRequest[0m -> Got request from 4 but the leader is 4, dropping request channel=mychannel
[33m2026-10-08 05:45:42.961 UTC 58084 WARN[0m [orderer.consensus.smartbft.consensus] [33;1mHandleRequest[0m -> Got request from 4 but the leader is 4, dropping request channel=mychannel
[33m2026-10-08 05:45:42.962 UTC 58085 WARN[0m [orderer.consensus.smartbft.consensus] [33;1mHandleRequest[0m -> Got request from 4 but the leader is 4, dropping request channel=mychannel
[33m2026-10-08 05:45:42.962 UTC 58086 WARN[0m [orderer.consensus.smartbft.consensus] [33;1mHandleRequest[0m -> Got request from 4 but the leader is 4, dropping request channel=mychannel
[33m2026-10-08 05:45:42.962 UTC 58087 WARN[0m [orderer.consensus.smartbft.consensus] [33;1mHandleRequest[0m -> Got request from 4 but the leader is 4, dropping request channel=mychannel
[33m2026-10-08 05:45:42.962 UTC 58088 WARN[0m [orderer.consensus.smartbft.consensus] [33;1mHandleRequest[0m -> Got request from 4 but the leader is 4, dropping request channel=mychannel
[33m2026-10-08 05:45:43.015 UTC 58089 WARN[0m [orderer.consensus.smartbft.consensus] [33;1mHandleRequest[0m -> Got request from 4 but the leader is 4, dropping request channel=mychannel
[33m2026-10-08 05:45:43.015 UTC 5808a WARN[0m [orderer.consensus.smartbft.consensus] [33;1mHandleRequest[0m -> Got request from 4 but the leader is 4, dropping request channel=mychannel
[33m2026-10-08 05:45:43.015 UTC 5808b WARN[0m [orderer.consensus.smartbft.consensus] [33;1mHandleRequest[0m -> Got request from 4 but the leader is 4, dropping request channel=mychannel
[33m2026-10-08 05:45:43.015 UTC 5808c WARN[0m [orderer.consensus.smartbft.consensus] [33;1mHandleRequest[0m -> Got request from 4 but the leader is 4, dropping request channel=mychannel
[33m2026-10-08 05:45:43.046 UTC 5808d WARN[0m [orderer.consensus.smartbft.consensus] [33;1mHandleRequest[0m -> Got request from 4 but the leader is 4, dropping request channel=mychannel
[33m2026-10-08 05:45:43.046 UTC 5808e WARN[0m [orderer.consensus.smartbft.consensus] [33;1mHandleRequest[0m -> Got request from 4 but the leader is 4, dropping request channel=mychannel
[33m2026-10-08 05:45:43.046 UTC 5808f WARN[0m [orderer.consensus.smartbft.consensus] [33;1mHandleRequest[0m -> Got request from 4 but the leader is 4, dropping request channel=mychannel
[33m2026-10-08 05:45:43.046 UTC 58090 WARN[0m [orderer.consensus.smartbft.consensus] [33;1mHandleRequest[0m -> Got request from 4 but the leader is 4, dropping request channel=mychannel
[33m2026-10-08 05:45:43.048 UTC 58091 WARN[0m [orderer.consensus.smartbft.consensus] [33;1mHandleRequest[0m -> Got request from 4 but the leader is 4, dropping request channel=mychannel
[33m2026-10-08 05:45:43.048 UTC 58092 WARN[0m [orderer.consensus.smartbft.consensus] [33;1mHandleRequest[0m -> Got request from 4 but the leader is 4, dropping request channel=mychannel
[33m2026-10-08 05:45:43.048 UTC 58093 WARN[0m [orderer.consensus.smartbft.consensus] [33;1mHandleRequest[0m -> Got request from 4 but the leader is 4, dropping request channel=mychannel
[33m2026-10-08 05:45:43.048 UTC 58094 WARN[0m [orderer.consensus.smartbft.consensus] [33;1mHandleRequest[0m -> Got request from 4 but the leader is 4, dropping request channel=mychannel
[33m2026-10-08 05:45:43.094 UTC 58095 WARN[0m [orderer.consensus.smartbft.consensus] [33;1mHandleRequest[0m -> Got request from 4 but the leader is 4, dropping request channel=mychannel
[33m2026-10-08 05:45:43.094 UTC 58096 WARN[0m [orderer.consensus.smartbft.consensus] [33;1mHandleRequest[0m -> Got request from 4 but the leader is 4, dropping request channel=mychannel
[33m2026-10-08 05:45:43.094 UTC 58097 WARN[0m [orderer.consensus.smartbft.consensus] [33;1mHandleRequest[0m -> Got request from 4 but the leader is 4, dropping request channel=mychannel
[33m2026-10-08 05:45:43.095 UTC 58098 WARN[0m [orderer.consensus.smartbft.consensus] [33;1mHandleRequest[0m -> Got request from 4 but the leader is 4, dropping request channel=mychannel
[33m2026-10-08 05:45:43.133 UTC 58099 WARN[0m [orderer.consensus.smartbft.consensus] [33;1mHandleRequest[0m -> Got request from 4 but the leader is 4, dropping request channel=mychannel
[33m2026-10-08 05:45:43.133 UTC 5809a WARN[0m [orderer.consensus.smartbft.consensus] [33;1mHandleRequest[0m -> Got request from 4 but the leader is 4, dropping request channel=mychannel
[33m2026-10-08 05:45:43.133 UTC 5809b WARN[0m [orderer.consensus.smartbft.consensus] [33;1mHandleRequest[0m -> Got request from 4 but the leader is 4, dropping request channel=mychannel
[33m2026-10-08 05:45:43.133 UTC 5809c WARN[0m [orderer.consensus.smartbft.consensus] [33;1mHandleRequest[0m -> Got request from 4 but the leader is 4, dropping request channel=mychannel
[33m2026-10-08 05:45:43.134 UTC 5809d WARN[0m [orderer.consensus.smartbft.consensus] [33;1mHandleRequest[0m -> Got request from 4 but the leader is 4, dropping request channel=mychannel
[33m2026-10-08 05:45:43.134 UTC 5809e WARN[0m [orderer.consensus.smartbft.consensus] [33;1mHandleRequest[0m -> Got request from 4 but the leader is 4, dropping request channel=mychannel
[33m2026-10-08 05:45:43.134 UTC 5809f WARN[0m [orderer.consensus.smartbft.consensus] [33;1mHandleRequest[0m -> Got request from 4 but the leader is 4, dropping request channel=mychannel
[33m2026-10-08 05:45:43.134 UTC 580a0 WARN[0m [orderer.consensus.smartbft.consensus] [33;1mHandleRequest[0m -> Got request from 4 but the leader is 4, dropping request channel=mychannel
[33m2026-10-08 05:45:43.176 UTC 580a1 WARN[0m [orderer.consensus.smartbft.consensus] [33;1mHandleRequest[0m -> Got request from 4 but the leader is 4, dropping request channel=mychannel
[33m2026-10-08 05:45:43.176 UTC 580a2 WARN[0m [orderer.consensus.smartbft.consensus] [33;1mHandleRequest[0m -> Got request from 4 but the leader is 4, dropping request channel=mychannel
[33m2026-10-08 05:45:43.176 UTC 580a3 WARN[0m [orderer.consensus.smartbft.consensus] [33;1mHandleRequest[0m -> Got request from 4 but the leader is 4, dropping request channel=mychannel
[33m2026-10-08 05:45:43.176 UTC 580a4 WARN[0m [orderer.consensus.smartbft.consensus] [33;1mHandleRequest[0m -> Got request from 4 but the leader is 4, dropping request channel=mychannel
[33m2026-10-08 05:45:43.218 UTC 580a5 WARN[0m [orderer.consensus.smartbft.consensus] [33;1mHandleRequest[0m -> Got request from 4 but the leader is 4, dropping request channel=mychannel
[33m2026-10-08 05:45:43.218 UTC 580a6 WARN[0m [orderer.consensus.smartbft.consensus] [33;1mHandleRequest[0m -> Got request from 4 but the leader is 4, dropping request channel=mychannel
[33m2026-10-08 05:45:43.218 UTC 580a7 WARN[0m [orderer.consensus.smartbft.consensus] [33;1mHandleRequest[0m -> Got request from 4 but the leader is 4, dropping request channel=mychannel
[33m2026-10-08 05:45:43.218 UTC 580a8 WARN[0m [orderer.consensus.smartbft.consensus] [33;1mHandleRequest[0m -> Got request from 4 but the leader is 4, dropping request channel=mychannel
[33m2026-10-08 05:45:43.218 UTC 580a9 WARN[0m [orderer.consensus.smartbft.consensus] [33;1mHandleRequest[0m -> Got request from 4 but the leader is 4, dropping request channel=mychannel
[33m2026-10-08 05:45:43.218 UTC 580aa WARN[0m [orderer.consensus.smartbft.consensus] [33;1mHandleRequest[0m -> Got request from 4 but the leader is 4, dropping request channel=mychannel
[33m2026-10-08 05:45:43.218 UTC 580ab WARN[0m [orderer.consensus.smartbft.consensus] [33;1mHandleRequest[0m -> Got request from 4 but the leader is 4, dropping request channel=mychannel
[33m2026-10-08 05:45:43.218 UTC 580ac WARN[0m [orderer.consensus.smartbft.consensus] [33;1mHandleRequest[0m -> Got request from 4 but the leader is 4, dropping request channel=mychannel
[33m2026-10-08 05:45:43.261 UTC 580ad WARN[0m [orderer.consensus.smartbft.consensus] [33;1mHandleRequest[0m -> Got request from 4 but the leader is 4, dropping request channel=mychannel
[33m2026-10-08 05:45:43.262 UTC 580ae WARN[0m [orderer.consensus.smartbft.consensus] [33;1mHandleRequest[0m -> Got request from 4 but the leader is 4, dropping request channel=mychannel
[33m2026-10-08 05:45:43.262 UTC 580af WARN[0m [orderer.consensus.smartbft.consensus] [33;1mHandleRequest[0m -> Got request from 4 but the leader is 4, dropping request channel=mychannel
[33m2026-10-08 05:45:43.262 UTC 580b0 WARN[0m [orderer.consensus.smartbft.consensus] [33;1mHandleRequest[0m -> Got request from 4 but the leader is 4, dropping request channel=mychannel
[33m2026-10-08 05:45:43.302 UTC 580b1 WARN[0m [orderer.consensus.smartbft.consensus] [33;1mHandleRequest[0m -> Got request from 4 but the leader is 4, dropping request channel=mychannel
[33m2026-10-08 05:45:43.302 UTC 580b2 WARN[0m [orderer.consensus.smartbft.consensus] [33;1mHandleRequest[0m -> Got request from 4 but the leader is 4, dropping request channel=mychannel
[33m2026-10-08 05:45:43.302 UTC 580b3 WARN[0m [orderer.consensus.smartbft.consensus] [33;1mHandleRequest[0m -> Got request from 4 but the leader is 4, dropping request channel=mychannel
[33m2026-10-08 05:45:43.302 UTC 580b4 WARN[0m [orderer.consensus.smartbft.consensus] [33;1mHandleRequest[0m -> Got request from 4 but the leader is 4, dropping request channel=mychannel
[33m2026-10-08 05:45:43.302 UTC 580b5 WARN[0m [orderer.consensus.smartbft.consensus] [33;1mHandleRequest[0m -> Got request from 4 but the leader is 4, dropping request channel=mychannel
[33m2026-10-08 05:45:43.302 UTC 580b6 WARN[0m [orderer.consensus.smartbft.consensus] [33;1mHandleRequest[0m -> Got request from 4 but the leader is 4, dropping request channel=mychannel
[33m2026-10-08 05:45:43.302 UTC 580b7 WARN[0m [orderer.consensus.smartbft.consensus] [33;1mHandleRequest[0m -> Got request from 4 but the leader is 4, dropping request channel=mychannel
[33m2026-10-08 05:45:43.302 UTC 580b8 WARN[0m [orderer.consensus.smartbft.consensus] [33;1mHandleRequest[0m -> Got request from 4 but the leader is 4, dropping request channel=mychannel
[33m2026-10-08 05:45:43.345 UTC 580b9 WARN[0m [orderer.consensus.smartbft.consensus] [33;1mHandleRequest[0m -> Got request from 4 but the leader is 4, dropping request channel=mychannel
[33m2026-10-08 05:45:43.345 UTC 580ba WARN[0m [orderer.consensus.smartbft.consensus] [33;1mHandleRequest[0m -> Got request from 4 but the leader is 4, dropping request channel=mychannel
[33m2026-10-08 05:45:43.345 UTC 580bb WARN[0m [orderer.consensus.smartbft.consensus] [33;1mHandleRequest[0m -> Got request from 4 but the leader is 4, dropping request channel=mychannel
[33m2026-10-08 05:45:43.345 UTC 580bc WARN[0m [orderer.consensus.smartbft.consensus] [33;1mHandleRequest[0m -> Got request from 4 but the leader is 4, dropping request channel=mychannel
[33m2026-10-08 05:45:43.387 UTC 580bd WARN[0m [orderer.consensus.smartbft.consensus] [33;1mHandleRequest[0m -> Got request from 4 but the leader is 4, dropping request channel=mychannel
[33m2026-10-08 05:45:43.387 UTC 580be WARN[0m [orderer.consensus.smartbft.consensus] [33;1mHandleRequest[0m -> Got request from 4 but the leader is 4, dropping request channel=mychannel
[33m2026-10-08 05:45:43.387 UTC 580bf WARN[0m [orderer.consensus.smartbft.consensus] [33;1mHandleRequest[0m -> Got request from 4 but the leader is 4, dropping request channel=mychannel
[33m2026-10-08 05:45:43.387 UTC 580c0 WARN[0m [orderer.consensus.smartbft.consensus] [33;1mHandleRequest[0m -> Got request from 4 but the leader is 4, dropping request channel=mychannel
[33m2026-10-08 05:45:43.388 UTC 580c1 WARN[0m [orderer.consensus.smartbft.consensus] [33;1mHandleRequest[0m -> Got request from 4 but the leader is 4, dropping request channel=mychannel
[33m2026-10-08 05:45:43.388 UTC 580c2 WARN[0m [orderer.consensus.smartbft.consensus] [33;1mHandleRequest[0m -> Got request from 4 but the leader is 4, dropping request channel=mychannel
[33m2026-10-08 05:45:43.388 UTC 580c3 WARN[0m [orderer.consensus.smartbft.consensus] [33;1mHandleRequest[0m -> Got request from 4 but the leader is 4, dropping request channel=mychannel
[33m2026-10-08 05:45:43.388 UTC 580c4 WARN[0m [orderer.consensus.smartbft.consensus] [33;1mHandleRequest[0m -> Got request from 4 but the leader is 4, dropping request channel=mychannel
