2026.10.08-05:27:06.437 info  [caliper] [cli-launch-manager] 	Set workspace path: /home/runner/work/bzt-id-experiments/bzt-id-experiments/fabric-bench/caliper
2026.10.08-05:27:06.439 info  [caliper] [cli-launch-manager] 	Set benchmark configuration path: /home/runner/work/bzt-id-experiments/bzt-id-experiments/fabric-bench/caliper/benchmarks/config.yaml
2026.10.08-05:27:06.440 info  [caliper] [cli-launch-manager] 	Set network configuration path: /home/runner/work/bzt-id-experiments/bzt-id-experiments/fabric-bench/caliper/networks/networkConfig.yaml
2026.10.08-05:27:06.440 info  [caliper] [cli-launch-manager] 	Set SUT type: fabric
2026.10.08-05:27:06.460 info  [caliper] [benchmark-validator] 	No observer specified, will default to `none`
2026.10.08-05:27:06.460 info  [caliper] [caliper-engine] 	Starting benchmark flow
2026.10.08-05:27:06.460 info  [caliper] [caliper-engine] 	Skipping start commands due to benchmark flow conditioning
2026.10.08-05:27:06.460 info  [caliper] [caliper-engine] 	Skipping initialization phase due to benchmark flow conditioning
2026.10.08-05:27:06.461 info  [caliper] [caliper-engine] 	Skipping install smart contract phase due to benchmark flow conditioning
2026.10.08-05:27:06.574 info  [caliper] [FabricConnectorFactory] 	Initializing peer gateway connector compatible with installed fabric-gateway SDK: 1.7.1
2026.10.08-05:27:06.590 info  [caliper] [IdentityManager] 	Adding User1@org1.example.com (admin=false) as User1@org1.example.com for organization Org1MSP
2026.10.08-05:27:06.594 info  [caliper] [monitor.js] 	No resource monitors specified
2026.10.08-05:27:06.595 info  [caliper] [default-observer] 	Observer interval set to 5000 milliseconds
2026.10.08-05:27:06.600 info  [caliper] [round-orchestrator] 	Preparing worker connections
2026.10.08-05:27:06.600 info  [caliper] [worker-orchestrator] 	Launching worker 1 of 1
2026.10.08-05:27:06.605 info  [caliper] [worker-orchestrator] 	Messenger not configured, entering configure phase...
2026.10.08-05:27:06.606 info  [caliper] [worker-orchestrator] 	No existing workers detected, entering worker launch phase...
2026.10.08-05:27:06.606 info  [caliper] [worker-orchestrator] 	Waiting for 1 workers to be connected...
2026.10.08-05:27:06.851 info  [caliper] [cli-launch-worker] 	Set workspace path: /home/runner/work/bzt-id-experiments/bzt-id-experiments/fabric-bench/caliper
2026.10.08-05:27:06.852 info  [caliper] [cli-launch-worker] 	Set benchmark configuration path: /home/runner/work/bzt-id-experiments/bzt-id-experiments/fabric-bench/caliper/benchmarks/config.yaml
2026.10.08-05:27:06.854 info  [caliper] [cli-launch-worker] 	Set network configuration path: /home/runner/work/bzt-id-experiments/bzt-id-experiments/fabric-bench/caliper/networks/networkConfig.yaml
2026.10.08-05:27:06.854 info  [caliper] [cli-launch-worker] 	Set SUT type: fabric
2026.10.08-05:27:06.888 info  [caliper] [worker-orchestrator] 	1 workers connected, progressing to worker assignment phase.
2026.10.08-05:27:06.888 info  [caliper] [worker-orchestrator] 	Workers currently unassigned, awaiting index assignment...
2026.10.08-05:27:06.888 info  [caliper] [worker-orchestrator] 	Waiting for 1 workers to be assigned...
2026.10.08-05:27:06.909 info  [caliper] [worker-orchestrator] 	1 workers assigned, progressing to worker initialization phase.
2026.10.08-05:27:06.909 info  [caliper] [worker-orchestrator] 	Waiting for 1 workers to be ready...
2026.10.08-05:27:06.912 info  [caliper] [worker-message-handler] 	Initializing Worker#0...
2026.10.08-05:27:07.041 info  [caliper] [FabricConnectorFactory] 	Initializing peer gateway connector compatible with installed fabric-gateway SDK: 1.7.1
2026.10.08-05:27:07.046 info  [caliper] [IdentityManager] 	Adding User1@org1.example.com (admin=false) as User1@org1.example.com for organization Org1MSP
2026.10.08-05:27:07.052 info  [caliper] [worker-message-handler] 	Worker#0 initialized
2026.10.08-05:27:07.053 info  [caliper] [worker-orchestrator] 	1 workers ready, progressing to test preparation phase.
2026.10.08-05:27:07.053 info  [caliper] [round-orchestrator] 	Started round 1 (seed)
2026.10.08-05:27:07.056 info  [caliper] [worker-message-handler] 	Preparing Worker#0 for Round#0
2026.10.08-05:27:07.068 info  [caliper] [connectors/peer-gateway/PeerGateway] 	Generating contract map for user User1@org1.example.com
2026.10.08-05:27:07.068 info  [caliper] [caliper-worker] 	Info: worker 0 prepare test phase for round 0 is starting...
2026.10.08-05:27:07.070 info  [caliper] [connectors/peer-gateway/PeerGateway] 	disconnecting gateway for user User1@org1.example.com
2026.10.08-05:27:07.070 info  [caliper] [connectors/peer-gateway/PeerGateway] 	disconnecting gRpc client at peer peer0.org1.example.com
2026.10.08-05:27:07.071 info  [caliper] [caliper-worker] 	Info: worker 0 prepare test phase for round 0 is completed
2026.10.08-05:27:07.071 info  [caliper] [worker-message-handler] 	Worker#0 prepared for Round#0
2026.10.08-05:27:07.071 info  [caliper] [worker-orchestrator] 	1 workers prepared, progressing to test phase.
2026.10.08-05:27:07.072 info  [caliper] [round-orchestrator] 	Monitors successfully started
2026.10.08-05:27:07.073 info  [caliper] [worker-message-handler] 	Worker#0 is starting Round#0
2026.10.08-05:27:07.075 info  [caliper] [connectors/peer-gateway/PeerGateway] 	Generating contract map for user User1@org1.example.com
2026.10.08-05:27:07.077 info  [caliper] [caliper-worker] 	Worker #0 starting workload loop
2026.10.08-05:27:12.099 info  [caliper] [default-observer] 	[seed Round 0 Transaction Info] - Submitted: 159 Succ: 108 Fail:0 Unfinished:51
2026.10.08-05:27:17.074 info  [caliper] [default-observer] 	[seed Round 0 Transaction Info] - Submitted: 402 Succ: 351 Fail:0 Unfinished:51
2026.10.08-05:27:20.264 info  [caliper] [connectors/peer-gateway/PeerGateway] 	disconnecting gateway for user User1@org1.example.com
2026.10.08-05:27:20.264 info  [caliper] [connectors/peer-gateway/PeerGateway] 	disconnecting gRpc client at peer peer0.org1.example.com
2026.10.08-05:27:20.265 info  [caliper] [worker-message-handler] 	Worker#0 finished Round#0
2026.10.08-05:27:25.269 info  [caliper] [default-observer] 	Resetting txCount indicator count
2026.10.08-05:27:25.270 info  [caliper] [report-builder] 	### Test result ###
2026.10.08-05:27:25.274 info  [caliper] [report-builder] 	
+------+------+------+-----------------+-----------------+-----------------+-----------------+------------------+
| Name | Succ | Fail | Send Rate (TPS) | Max Latency (s) | Min Latency (s) | Avg Latency (s) | Throughput (TPS) |
|------|------|------|-----------------|-----------------|-----------------|-----------------|------------------|
| seed | 500  | 0    | 44.4            | 1.18            | 0.32            | 0.76            | 41.9             |
+------+------+------+-----------------+-----------------+-----------------+-----------------+------------------+

2026.10.08-05:27:25.274 info  [caliper] [round-orchestrator] 	Finished round 1 (seed) in 12.187 seconds
2026.10.08-05:27:25.274 info  [caliper] [monitor.js] 	Stopping all monitors
2026.10.08-05:27:25.275 info  [caliper] [round-orchestrator] 	Waiting 5 seconds for the next round...
2026.10.08-05:27:30.280 info  [caliper] [round-orchestrator] 	Started round 2 (issue-10tps)
2026.10.08-05:27:30.281 info  [caliper] [worker-message-handler] 	Preparing Worker#0 for Round#1
2026.10.08-05:27:30.282 info  [caliper] [connectors/peer-gateway/PeerGateway] 	Generating contract map for user User1@org1.example.com
2026.10.08-05:27:30.283 info  [caliper] [caliper-worker] 	Info: worker 0 prepare test phase for round 1 is starting...
2026.10.08-05:27:30.284 info  [caliper] [connectors/peer-gateway/PeerGateway] 	disconnecting gateway for user User1@org1.example.com
2026.10.08-05:27:30.284 info  [caliper] [connectors/peer-gateway/PeerGateway] 	disconnecting gRpc client at peer peer0.org1.example.com
2026.10.08-05:27:30.284 info  [caliper] [caliper-worker] 	Info: worker 0 prepare test phase for round 1 is completed
2026.10.08-05:27:30.284 info  [caliper] [worker-message-handler] 	Worker#0 prepared for Round#1
2026.10.08-05:27:30.285 info  [caliper] [worker-orchestrator] 	1 workers prepared, progressing to test phase.
2026.10.08-05:27:30.285 info  [caliper] [round-orchestrator] 	Monitors successfully started
2026.10.08-05:27:30.285 info  [caliper] [worker-message-handler] 	Worker#0 is starting Round#1
2026.10.08-05:27:30.287 info  [caliper] [connectors/peer-gateway/PeerGateway] 	Generating contract map for user User1@org1.example.com
2026.10.08-05:27:30.288 info  [caliper] [caliper-worker] 	Worker #0 starting workload loop
2026.10.08-05:27:35.286 info  [caliper] [default-observer] 	[issue-10tps Round 1 Transaction Info] - Submitted: 40 Succ: 38 Fail:0 Unfinished:2
2026.10.08-05:27:40.287 info  [caliper] [default-observer] 	[issue-10tps Round 1 Transaction Info] - Submitted: 90 Succ: 88 Fail:0 Unfinished:2
2026.10.08-05:27:45.288 info  [caliper] [default-observer] 	[issue-10tps Round 1 Transaction Info] - Submitted: 141 Succ: 138 Fail:0 Unfinished:3
2026.10.08-05:27:50.288 info  [caliper] [default-observer] 	[issue-10tps Round 1 Transaction Info] - Submitted: 191 Succ: 188 Fail:0 Unfinished:3
2026.10.08-05:27:55.289 info  [caliper] [default-observer] 	[issue-10tps Round 1 Transaction Info] - Submitted: 241 Succ: 238 Fail:0 Unfinished:3
2026.10.08-05:28:00.292 info  [caliper] [default-observer] 	[issue-10tps Round 1 Transaction Info] - Submitted: 291 Succ: 288 Fail:0 Unfinished:3
2026.10.08-05:28:01.589 info  [caliper] [connectors/peer-gateway/PeerGateway] 	disconnecting gateway for user User1@org1.example.com
2026.10.08-05:28:01.589 info  [caliper] [connectors/peer-gateway/PeerGateway] 	disconnecting gRpc client at peer peer0.org1.example.com
2026.10.08-05:28:01.590 info  [caliper] [worker-message-handler] 	Worker#0 finished Round#1
2026.10.08-05:28:06.591 info  [caliper] [default-observer] 	Resetting txCount indicator count
2026.10.08-05:28:06.591 info  [caliper] [report-builder] 	### Test result ###
2026.10.08-05:28:06.592 info  [caliper] [report-builder] 	
+-------------+------+------+-----------------+-----------------+-----------------+-----------------+------------------+
| Name        | Succ | Fail | Send Rate (TPS) | Max Latency (s) | Min Latency (s) | Avg Latency (s) | Throughput (TPS) |
|-------------|------|------|-----------------|-----------------|-----------------|-----------------|------------------|
| issue-10tps | 301  | 0    | 10.0            | 0.37            | 0.26            | 0.29            | 9.9              |
+-------------+------+------+-----------------+-----------------+-----------------+-----------------+------------------+

2026.10.08-05:28:06.592 info  [caliper] [round-orchestrator] 	Finished round 2 (issue-10tps) in 30.302 seconds
2026.10.08-05:28:06.592 info  [caliper] [monitor.js] 	Stopping all monitors
2026.10.08-05:28:06.592 info  [caliper] [round-orchestrator] 	Waiting 5 seconds for the next round...
2026.10.08-05:28:11.597 info  [caliper] [round-orchestrator] 	Started round 3 (issue-25tps)
2026.10.08-05:28:11.597 info  [caliper] [worker-message-handler] 	Preparing Worker#0 for Round#2
2026.10.08-05:28:11.599 info  [caliper] [connectors/peer-gateway/PeerGateway] 	Generating contract map for user User1@org1.example.com
2026.10.08-05:28:11.599 info  [caliper] [caliper-worker] 	Info: worker 0 prepare test phase for round 2 is starting...
2026.10.08-05:28:11.601 info  [caliper] [connectors/peer-gateway/PeerGateway] 	disconnecting gateway for user User1@org1.example.com
2026.10.08-05:28:11.601 info  [caliper] [connectors/peer-gateway/PeerGateway] 	disconnecting gRpc client at peer peer0.org1.example.com
2026.10.08-05:28:11.601 info  [caliper] [caliper-worker] 	Info: worker 0 prepare test phase for round 2 is completed
2026.10.08-05:28:11.601 info  [caliper] [worker-message-handler] 	Worker#0 prepared for Round#2
2026.10.08-05:28:11.601 info  [caliper] [worker-orchestrator] 	1 workers prepared, progressing to test phase.
2026.10.08-05:28:11.601 info  [caliper] [round-orchestrator] 	Monitors successfully started
2026.10.08-05:28:11.602 info  [caliper] [worker-message-handler] 	Worker#0 is starting Round#2
2026.10.08-05:28:11.603 info  [caliper] [connectors/peer-gateway/PeerGateway] 	Generating contract map for user User1@org1.example.com
2026.10.08-05:28:11.603 info  [caliper] [caliper-worker] 	Worker #0 starting workload loop
2026.10.08-05:28:16.602 info  [caliper] [default-observer] 	[issue-25tps Round 2 Transaction Info] - Submitted: 101 Succ: 93 Fail:0 Unfinished:8
2026.10.08-05:28:21.602 info  [caliper] [default-observer] 	[issue-25tps Round 2 Transaction Info] - Submitted: 226 Succ: 218 Fail:0 Unfinished:8
2026.10.08-05:28:26.603 info  [caliper] [default-observer] 	[issue-25tps Round 2 Transaction Info] - Submitted: 351 Succ: 342 Fail:0 Unfinished:9
2026.10.08-05:28:31.603 info  [caliper] [default-observer] 	[issue-25tps Round 2 Transaction Info] - Submitted: 476 Succ: 465 Fail:0 Unfinished:11
2026.10.08-05:28:36.604 info  [caliper] [default-observer] 	[issue-25tps Round 2 Transaction Info] - Submitted: 601 Succ: 592 Fail:0 Unfinished:9
2026.10.08-05:28:41.605 info  [caliper] [default-observer] 	[issue-25tps Round 2 Transaction Info] - Submitted: 726 Succ: 716 Fail:0 Unfinished:10
2026.10.08-05:28:43.005 info  [caliper] [connectors/peer-gateway/PeerGateway] 	disconnecting gateway for user User1@org1.example.com
2026.10.08-05:28:43.005 info  [caliper] [connectors/peer-gateway/PeerGateway] 	disconnecting gRpc client at peer peer0.org1.example.com
2026.10.08-05:28:43.006 info  [caliper] [worker-message-handler] 	Worker#0 finished Round#2
2026.10.08-05:28:48.008 info  [caliper] [default-observer] 	Resetting txCount indicator count
2026.10.08-05:28:48.009 info  [caliper] [report-builder] 	### Test result ###
2026.10.08-05:28:48.009 info  [caliper] [report-builder] 	
+-------------+------+------+-----------------+-----------------+-----------------+-----------------+------------------+
| Name        | Succ | Fail | Send Rate (TPS) | Max Latency (s) | Min Latency (s) | Avg Latency (s) | Throughput (TPS) |
|-------------|------|------|-----------------|-----------------|-----------------|-----------------|------------------|
| issue-25tps | 751  | 0    | 25.0            | 0.44            | 0.26            | 0.35            | 24.8             |
+-------------+------+------+-----------------+-----------------+-----------------+-----------------+------------------+

2026.10.08-05:28:48.010 info  [caliper] [round-orchestrator] 	Finished round 3 (issue-25tps) in 30.402 seconds
2026.10.08-05:28:48.010 info  [caliper] [monitor.js] 	Stopping all monitors
2026.10.08-05:28:48.010 info  [caliper] [round-orchestrator] 	Waiting 5 seconds for the next round...
2026.10.08-05:28:53.014 info  [caliper] [round-orchestrator] 	Started round 4 (issue-50tps)
2026.10.08-05:28:53.015 info  [caliper] [worker-message-handler] 	Preparing Worker#0 for Round#3
2026.10.08-05:28:53.019 info  [caliper] [connectors/peer-gateway/PeerGateway] 	Generating contract map for user User1@org1.example.com
2026.10.08-05:28:53.019 info  [caliper] [caliper-worker] 	Info: worker 0 prepare test phase for round 3 is starting...
2026.10.08-05:28:53.020 info  [caliper] [connectors/peer-gateway/PeerGateway] 	disconnecting gateway for user User1@org1.example.com
2026.10.08-05:28:53.020 info  [caliper] [connectors/peer-gateway/PeerGateway] 	disconnecting gRpc client at peer peer0.org1.example.com
2026.10.08-05:28:53.021 info  [caliper] [caliper-worker] 	Info: worker 0 prepare test phase for round 3 is completed
2026.10.08-05:28:53.021 info  [caliper] [worker-message-handler] 	Worker#0 prepared for Round#3
2026.10.08-05:28:53.021 info  [caliper] [worker-orchestrator] 	1 workers prepared, progressing to test phase.
2026.10.08-05:28:53.021 info  [caliper] [round-orchestrator] 	Monitors successfully started
2026.10.08-05:28:53.022 info  [caliper] [worker-message-handler] 	Worker#0 is starting Round#3
2026.10.08-05:28:53.023 info  [caliper] [connectors/peer-gateway/PeerGateway] 	Generating contract map for user User1@org1.example.com
2026.10.08-05:28:53.023 info  [caliper] [caliper-worker] 	Worker #0 starting workload loop
2026.10.08-05:28:58.022 info  [caliper] [default-observer] 	[issue-50tps Round 3 Transaction Info] - Submitted: 201 Succ: 180 Fail:0 Unfinished:21
2026.10.08-05:29:03.022 info  [caliper] [default-observer] 	[issue-50tps Round 3 Transaction Info] - Submitted: 451 Succ: 430 Fail:0 Unfinished:21
2026.10.08-05:29:08.023 info  [caliper] [default-observer] 	[issue-50tps Round 3 Transaction Info] - Submitted: 701 Succ: 682 Fail:0 Unfinished:19
2026.10.08-05:29:13.026 info  [caliper] [default-observer] 	[issue-50tps Round 3 Transaction Info] - Submitted: 951 Succ: 931 Fail:0 Unfinished:20
2026.10.08-05:29:18.026 info  [caliper] [default-observer] 	[issue-50tps Round 3 Transaction Info] - Submitted: 1201 Succ: 1178 Fail:0 Unfinished:23
2026.10.08-05:29:23.026 info  [caliper] [default-observer] 	[issue-50tps Round 3 Transaction Info] - Submitted: 1451 Succ: 1429 Fail:0 Unfinished:22
2026.10.08-05:29:24.426 info  [caliper] [connectors/peer-gateway/PeerGateway] 	disconnecting gateway for user User1@org1.example.com
2026.10.08-05:29:24.426 info  [caliper] [connectors/peer-gateway/PeerGateway] 	disconnecting gRpc client at peer peer0.org1.example.com
2026.10.08-05:29:24.427 info  [caliper] [worker-message-handler] 	Worker#0 finished Round#3
2026.10.08-05:29:29.428 info  [caliper] [default-observer] 	Resetting txCount indicator count
2026.10.08-05:29:29.429 info  [caliper] [report-builder] 	### Test result ###
2026.10.08-05:29:29.429 info  [caliper] [report-builder] 	
+-------------+------+------+-----------------+-----------------+-----------------+-----------------+------------------+
| Name        | Succ | Fail | Send Rate (TPS) | Max Latency (s) | Min Latency (s) | Avg Latency (s) | Throughput (TPS) |
|-------------|------|------|-----------------|-----------------|-----------------|-----------------|------------------|
| issue-50tps | 1501 | 0    | 50.0            | 0.52            | 0.29            | 0.41            | 49.5             |
+-------------+------+------+-----------------+-----------------+-----------------+-----------------+------------------+

2026.10.08-05:29:29.430 info  [caliper] [round-orchestrator] 	Finished round 4 (issue-50tps) in 30.403 seconds
2026.10.08-05:29:29.430 info  [caliper] [monitor.js] 	Stopping all monitors
2026.10.08-05:29:29.430 info  [caliper] [round-orchestrator] 	Waiting 5 seconds for the next round...
2026.10.08-05:29:34.435 info  [caliper] [round-orchestrator] 	Started round 5 (issue-100tps)
2026.10.08-05:29:34.436 info  [caliper] [worker-message-handler] 	Preparing Worker#0 for Round#4
2026.10.08-05:29:34.440 info  [caliper] [connectors/peer-gateway/PeerGateway] 	Generating contract map for user User1@org1.example.com
2026.10.08-05:29:34.440 info  [caliper] [caliper-worker] 	Info: worker 0 prepare test phase for round 4 is starting...
2026.10.08-05:29:34.441 info  [caliper] [connectors/peer-gateway/PeerGateway] 	disconnecting gateway for user User1@org1.example.com
2026.10.08-05:29:34.441 info  [caliper] [connectors/peer-gateway/PeerGateway] 	disconnecting gRpc client at peer peer0.org1.example.com
2026.10.08-05:29:34.441 info  [caliper] [caliper-worker] 	Info: worker 0 prepare test phase for round 4 is completed
2026.10.08-05:29:34.442 info  [caliper] [worker-message-handler] 	Worker#0 prepared for Round#4
2026.10.08-05:29:34.442 info  [caliper] [worker-orchestrator] 	1 workers prepared, progressing to test phase.
2026.10.08-05:29:34.442 info  [caliper] [round-orchestrator] 	Monitors successfully started
2026.10.08-05:29:34.443 info  [caliper] [worker-message-handler] 	Worker#0 is starting Round#4
2026.10.08-05:29:34.444 info  [caliper] [connectors/peer-gateway/PeerGateway] 	Generating contract map for user User1@org1.example.com
2026.10.08-05:29:34.444 info  [caliper] [caliper-worker] 	Worker #0 starting workload loop
2026.10.08-05:29:39.442 info  [caliper] [default-observer] 	[issue-100tps Round 4 Transaction Info] - Submitted: 401 Succ: 305 Fail:0 Unfinished:96
2026.10.08-05:29:44.444 info  [caliper] [default-observer] 	[issue-100tps Round 4 Transaction Info] - Submitted: 901 Succ: 732 Fail:0 Unfinished:169
2026.10.08-05:29:49.445 info  [caliper] [default-observer] 	[issue-100tps Round 4 Transaction Info] - Submitted: 1401 Succ: 1197 Fail:0 Unfinished:204
2026.10.08-05:29:54.446 info  [caliper] [default-observer] 	[issue-100tps Round 4 Transaction Info] - Submitted: 1903 Succ: 1675 Fail:0 Unfinished:228
2026.10.08-05:29:59.448 info  [caliper] [default-observer] 	[issue-100tps Round 4 Transaction Info] - Submitted: 2404 Succ: 2142 Fail:0 Unfinished:262
2026.10.08-05:30:04.448 info  [caliper] [default-observer] 	[issue-100tps Round 4 Transaction Info] - Submitted: 2905 Succ: 2598 Fail:0 Unfinished:307
2026.10.08-05:30:06.048 info  [caliper] [connectors/peer-gateway/PeerGateway] 	disconnecting gateway for user User1@org1.example.com
2026.10.08-05:30:06.048 info  [caliper] [connectors/peer-gateway/PeerGateway] 	disconnecting gRpc client at peer peer0.org1.example.com
2026.10.08-05:30:06.048 info  [caliper] [worker-message-handler] 	Worker#0 finished Round#4
2026.10.08-05:30:11.050 info  [caliper] [default-observer] 	Resetting txCount indicator count
2026.10.08-05:30:11.050 info  [caliper] [report-builder] 	### Test result ###
2026.10.08-05:30:11.051 info  [caliper] [report-builder] 	
+--------------+------+------+-----------------+-----------------+-----------------+-----------------+------------------+
| Name         | Succ | Fail | Send Rate (TPS) | Max Latency (s) | Min Latency (s) | Avg Latency (s) | Throughput (TPS) |
|--------------|------|------|-----------------|-----------------|-----------------|-----------------|------------------|
| issue-100tps | 3001 | 0    | 100.0           | 3.42            | 0.47            | 1.99            | 98.4             |
+--------------+------+------+-----------------+-----------------+-----------------+-----------------+------------------+

2026.10.08-05:30:11.052 info  [caliper] [round-orchestrator] 	Finished round 5 (issue-100tps) in 30.603 seconds
2026.10.08-05:30:11.052 info  [caliper] [monitor.js] 	Stopping all monitors
2026.10.08-05:30:11.052 info  [caliper] [round-orchestrator] 	Waiting 5 seconds for the next round...
2026.10.08-05:30:16.056 info  [caliper] [round-orchestrator] 	Started round 6 (issue-150tps)
2026.10.08-05:30:16.056 info  [caliper] [worker-message-handler] 	Preparing Worker#0 for Round#5
2026.10.08-05:30:16.058 info  [caliper] [connectors/peer-gateway/PeerGateway] 	Generating contract map for user User1@org1.example.com
2026.10.08-05:30:16.058 info  [caliper] [caliper-worker] 	Info: worker 0 prepare test phase for round 5 is starting...
2026.10.08-05:30:16.059 info  [caliper] [connectors/peer-gateway/PeerGateway] 	disconnecting gateway for user User1@org1.example.com
2026.10.08-05:30:16.060 info  [caliper] [connectors/peer-gateway/PeerGateway] 	disconnecting gRpc client at peer peer0.org1.example.com
2026.10.08-05:30:16.060 info  [caliper] [caliper-worker] 	Info: worker 0 prepare test phase for round 5 is completed
2026.10.08-05:30:16.060 info  [caliper] [worker-message-handler] 	Worker#0 prepared for Round#5
2026.10.08-05:30:16.060 info  [caliper] [worker-orchestrator] 	1 workers prepared, progressing to test phase.
2026.10.08-05:30:16.060 info  [caliper] [round-orchestrator] 	Monitors successfully started
2026.10.08-05:30:16.061 info  [caliper] [worker-message-handler] 	Worker#0 is starting Round#5
2026.10.08-05:30:16.062 info  [caliper] [connectors/peer-gateway/PeerGateway] 	Generating contract map for user User1@org1.example.com
2026.10.08-05:30:16.062 info  [caliper] [caliper-worker] 	Worker #0 starting workload loop
2026.10.08-05:30:21.061 info  [caliper] [default-observer] 	[issue-150tps Round 5 Transaction Info] - Submitted: 601 Succ: 251 Fail:0 Unfinished:350
2026.10.08-05:30:26.065 info  [caliper] [default-observer] 	[issue-150tps Round 5 Transaction Info] - Submitted: 1347 Succ: 411 Fail:0 Unfinished:936
2026.10.08-05:30:31.064 info  [caliper] [default-observer] 	[issue-150tps Round 5 Transaction Info] - Submitted: 2080 Succ: 663 Fail:0 Unfinished:1417
2026.10.08-05:30:36.065 info  [caliper] [default-observer] 	[issue-150tps Round 5 Transaction Info] - Submitted: 2874 Succ: 953 Fail:0 Unfinished:1921
2026.10.08-05:30:41.066 info  [caliper] [default-observer] 	[issue-150tps Round 5 Transaction Info] - Submitted: 3608 Succ: 1188 Fail:0 Unfinished:2420
2026.10.08-05:30:46.067 info  [caliper] [default-observer] 	[issue-150tps Round 5 Transaction Info] - Submitted: 4363 Succ: 1448 Fail:0 Unfinished:2915
2026.10.08-05:30:51.067 info  [caliper] [default-observer] 	[issue-150tps Round 5 Transaction Info] - Submitted: 4425 Succ: 3698 Fail:0 Unfinished:727
2026.10.08-05:30:53.019 info  [caliper] [connectors/peer-gateway/PeerGateway] 	disconnecting gateway for user User1@org1.example.com
2026.10.08-05:30:53.019 info  [caliper] [connectors/peer-gateway/PeerGateway] 	disconnecting gRpc client at peer peer0.org1.example.com
2026.10.08-05:30:53.019 info  [caliper] [worker-message-handler] 	Worker#0 finished Round#5
2026.10.08-05:30:58.022 info  [caliper] [default-observer] 	Resetting txCount indicator count
2026.10.08-05:30:58.022 info  [caliper] [report-builder] 	### Test result ###
2026.10.08-05:30:58.022 info  [caliper] [report-builder] 	
+--------------+------+------+-----------------+-----------------+-----------------+-----------------+------------------+
| Name         | Succ | Fail | Send Rate (TPS) | Max Latency (s) | Min Latency (s) | Avg Latency (s) | Throughput (TPS) |
|--------------|------|------|-----------------|-----------------|-----------------|-----------------|------------------|
| issue-150tps | 4425 | 0    | 147.4           | 19.67           | 0.54            | 11.92           | 123.2            |
+--------------+------+------+-----------------+-----------------+-----------------+-----------------+------------------+

2026.10.08-05:30:58.023 info  [caliper] [round-orchestrator] 	Finished round 6 (issue-150tps) in 35.956 seconds
2026.10.08-05:30:58.023 info  [caliper] [monitor.js] 	Stopping all monitors
2026.10.08-05:30:58.023 info  [caliper] [round-orchestrator] 	Waiting 5 seconds for the next round...
2026.10.08-05:31:03.024 info  [caliper] [round-orchestrator] 	Started round 7 (issue-200tps)
2026.10.08-05:31:03.025 info  [caliper] [worker-message-handler] 	Preparing Worker#0 for Round#6
2026.10.08-05:31:03.026 info  [caliper] [connectors/peer-gateway/PeerGateway] 	Generating contract map for user User1@org1.example.com
2026.10.08-05:31:03.026 info  [caliper] [caliper-worker] 	Info: worker 0 prepare test phase for round 6 is starting...
2026.10.08-05:31:03.027 info  [caliper] [connectors/peer-gateway/PeerGateway] 	disconnecting gateway for user User1@org1.example.com
2026.10.08-05:31:03.028 info  [caliper] [connectors/peer-gateway/PeerGateway] 	disconnecting gRpc client at peer peer0.org1.example.com
2026.10.08-05:31:03.028 info  [caliper] [caliper-worker] 	Info: worker 0 prepare test phase for round 6 is completed
2026.10.08-05:31:03.028 info  [caliper] [worker-message-handler] 	Worker#0 prepared for Round#6
2026.10.08-05:31:03.028 info  [caliper] [worker-orchestrator] 	1 workers prepared, progressing to test phase.
2026.10.08-05:31:03.028 info  [caliper] [round-orchestrator] 	Monitors successfully started
2026.10.08-05:31:03.029 info  [caliper] [worker-message-handler] 	Worker#0 is starting Round#6
2026.10.08-05:31:03.030 info  [caliper] [connectors/peer-gateway/PeerGateway] 	Generating contract map for user User1@org1.example.com
2026.10.08-05:31:03.030 info  [caliper] [caliper-worker] 	Worker #0 starting workload loop
2026.10.08-05:31:08.029 info  [caliper] [default-observer] 	[issue-200tps Round 6 Transaction Info] - Submitted: 717 Succ: 160 Fail:0 Unfinished:557
2026.10.08-05:31:13.030 info  [caliper] [default-observer] 	[issue-200tps Round 6 Transaction Info] - Submitted: 1380 Succ: 716 Fail:0 Unfinished:664
2026.10.08-05:31:18.033 info  [caliper] [default-observer] 	[issue-200tps Round 6 Transaction Info] - Submitted: 2145 Succ: 1216 Fail:0 Unfinished:929
2026.10.08-05:31:23.036 info  [caliper] [default-observer] 	[issue-200tps Round 6 Transaction Info] - Submitted: 2930 Succ: 1816 Fail:0 Unfinished:1114
2026.10.08-05:31:28.040 info  [caliper] [default-observer] 	[issue-200tps Round 6 Transaction Info] - Submitted: 3702 Succ: 2316 Fail:0 Unfinished:1386
2026.10.08-05:31:33.041 info  [caliper] [default-observer] 	[issue-200tps Round 6 Transaction Info] - Submitted: 4496 Succ: 2816 Fail:0 Unfinished:1680
2026.10.08-05:31:36.950 info  [caliper] [connectors/peer-gateway/PeerGateway] 	disconnecting gateway for user User1@org1.example.com
2026.10.08-05:31:36.950 info  [caliper] [connectors/peer-gateway/PeerGateway] 	disconnecting gRpc client at peer peer0.org1.example.com
2026.10.08-05:31:36.950 info  [caliper] [worker-message-handler] 	Worker#0 finished Round#6
2026.10.08-05:31:41.955 info  [caliper] [default-observer] 	Resetting txCount indicator count
2026.10.08-05:31:41.955 info  [caliper] [report-builder] 	### Test result ###
2026.10.08-05:31:41.956 info  [caliper] [report-builder] 	
+--------------+------+------+-----------------+-----------------+-----------------+-----------------+------------------+
| Name         | Succ | Fail | Send Rate (TPS) | Max Latency (s) | Min Latency (s) | Avg Latency (s) | Throughput (TPS) |
|--------------|------|------|-----------------|-----------------|-----------------|-----------------|------------------|
| issue-200tps | 4560 | 0    | 152.0           | 11.08           | 0.79            | 6.81            | 138.6            |
+--------------+------+------+-----------------+-----------------+-----------------+-----------------+------------------+

2026.10.08-05:31:41.956 info  [caliper] [round-orchestrator] 	Finished round 7 (issue-200tps) in 32.918 seconds
2026.10.08-05:31:41.956 info  [caliper] [monitor.js] 	Stopping all monitors
2026.10.08-05:31:41.956 info  [caliper] [round-orchestrator] 	Waiting 5 seconds for the next round...
2026.10.08-05:31:46.961 info  [caliper] [round-orchestrator] 	Started round 8 (issue-300tps)
2026.10.08-05:31:46.962 info  [caliper] [worker-message-handler] 	Preparing Worker#0 for Round#7
2026.10.08-05:31:46.967 info  [caliper] [connectors/peer-gateway/PeerGateway] 	Generating contract map for user User1@org1.example.com
2026.10.08-05:31:46.967 info  [caliper] [caliper-worker] 	Info: worker 0 prepare test phase for round 7 is starting...
2026.10.08-05:31:46.968 info  [caliper] [connectors/peer-gateway/PeerGateway] 	disconnecting gateway for user User1@org1.example.com
2026.10.08-05:31:46.968 info  [caliper] [connectors/peer-gateway/PeerGateway] 	disconnecting gRpc client at peer peer0.org1.example.com
2026.10.08-05:31:46.968 info  [caliper] [caliper-worker] 	Info: worker 0 prepare test phase for round 7 is completed
2026.10.08-05:31:46.968 info  [caliper] [worker-message-handler] 	Worker#0 prepared for Round#7
2026.10.08-05:31:46.969 info  [caliper] [worker-orchestrator] 	1 workers prepared, progressing to test phase.
2026.10.08-05:31:46.969 info  [caliper] [round-orchestrator] 	Monitors successfully started
2026.10.08-05:31:46.969 info  [caliper] [worker-message-handler] 	Worker#0 is starting Round#7
2026.10.08-05:31:46.970 info  [caliper] [connectors/peer-gateway/PeerGateway] 	Generating contract map for user User1@org1.example.com
2026.10.08-05:31:46.971 info  [caliper] [caliper-worker] 	Worker #0 starting workload loop
2026.10.08-05:31:51.971 info  [caliper] [default-observer] 	[issue-300tps Round 7 Transaction Info] - Submitted: 640 Succ: 354 Fail:0 Unfinished:286
2026.10.08-05:31:56.972 info  [caliper] [default-observer] 	[issue-300tps Round 7 Transaction Info] - Submitted: 1416 Succ: 823 Fail:0 Unfinished:593
2026.10.08-05:32:01.973 info  [caliper] [default-observer] 	[issue-300tps Round 7 Transaction Info] - Submitted: 2159 Succ: 1363 Fail:0 Unfinished:796
2026.10.08-05:32:06.975 info  [caliper] [default-observer] 	[issue-300tps Round 7 Transaction Info] - Submitted: 2956 Succ: 1853 Fail:0 Unfinished:1103
2026.10.08-05:32:11.978 info  [caliper] [default-observer] 	[issue-300tps Round 7 Transaction Info] - Submitted: 3709 Succ: 2373 Fail:0 Unfinished:1336
2026.10.08-05:32:16.979 info  [caliper] [default-observer] 	[issue-300tps Round 7 Transaction Info] - Submitted: 4500 Succ: 2902 Fail:0 Unfinished:1598
2026.10.08-05:32:20.995 info  [caliper] [connectors/peer-gateway/PeerGateway] 	disconnecting gateway for user User1@org1.example.com
2026.10.08-05:32:20.995 info  [caliper] [connectors/peer-gateway/PeerGateway] 	disconnecting gRpc client at peer peer0.org1.example.com
2026.10.08-05:32:20.995 info  [caliper] [worker-message-handler] 	Worker#0 finished Round#7
2026.10.08-05:32:26.000 info  [caliper] [default-observer] 	Resetting txCount indicator count
2026.10.08-05:32:26.000 info  [caliper] [report-builder] 	### Test result ###
2026.10.08-05:32:26.001 info  [caliper] [report-builder] 	
+--------------+------+------+-----------------+-----------------+-----------------+-----------------+------------------+
| Name         | Succ | Fail | Send Rate (TPS) | Max Latency (s) | Min Latency (s) | Avg Latency (s) | Throughput (TPS) |
|--------------|------|------|-----------------|-----------------|-----------------|-----------------|------------------|
| issue-300tps | 4607 | 0    | 153.6           | 11.03           | 0.49            | 6.13            | 139.8            |
+--------------+------+------+-----------------+-----------------+-----------------+-----------------+------------------+

2026.10.08-05:32:26.001 info  [caliper] [round-orchestrator] 	Finished round 8 (issue-300tps) in 33.024 seconds
2026.10.08-05:32:26.001 info  [caliper] [monitor.js] 	Stopping all monitors
2026.10.08-05:32:26.001 info  [caliper] [round-orchestrator] 	Waiting 5 seconds for the next round...
2026.10.08-05:32:31.006 info  [caliper] [round-orchestrator] 	Started round 9 (verify-100tps)
2026.10.08-05:32:31.007 info  [caliper] [worker-message-handler] 	Preparing Worker#0 for Round#8
2026.10.08-05:32:31.008 info  [caliper] [connectors/peer-gateway/PeerGateway] 	Generating contract map for user User1@org1.example.com
2026.10.08-05:32:31.008 info  [caliper] [caliper-worker] 	Info: worker 0 prepare test phase for round 8 is starting...
2026.10.08-05:32:31.009 info  [caliper] [connectors/peer-gateway/PeerGateway] 	disconnecting gateway for user User1@org1.example.com
2026.10.08-05:32:31.009 info  [caliper] [connectors/peer-gateway/PeerGateway] 	disconnecting gRpc client at peer peer0.org1.example.com
2026.10.08-05:32:31.010 info  [caliper] [caliper-worker] 	Info: worker 0 prepare test phase for round 8 is completed
2026.10.08-05:32:31.010 info  [caliper] [worker-message-handler] 	Worker#0 prepared for Round#8
2026.10.08-05:32:31.010 info  [caliper] [worker-orchestrator] 	1 workers prepared, progressing to test phase.
2026.10.08-05:32:31.010 info  [caliper] [round-orchestrator] 	Monitors successfully started
2026.10.08-05:32:31.011 info  [caliper] [worker-message-handler] 	Worker#0 is starting Round#8
2026.10.08-05:32:31.012 info  [caliper] [connectors/peer-gateway/PeerGateway] 	Generating contract map for user User1@org1.example.com
2026.10.08-05:32:31.012 info  [caliper] [caliper-worker] 	Worker #0 starting workload loop
2026.10.08-05:32:36.011 info  [caliper] [default-observer] 	[verify-100tps Round 8 Transaction Info] - Submitted: 401 Succ: 396 Fail:0 Unfinished:5
2026.10.08-05:32:41.012 info  [caliper] [default-observer] 	[verify-100tps Round 8 Transaction Info] - Submitted: 900 Succ: 896 Fail:0 Unfinished:4
2026.10.08-05:32:46.013 info  [caliper] [default-observer] 	[verify-100tps Round 8 Transaction Info] - Submitted: 1500 Succ: 1496 Fail:0 Unfinished:4
2026.10.08-05:32:51.014 info  [caliper] [default-observer] 	[verify-100tps Round 8 Transaction Info] - Submitted: 2001 Succ: 1995 Fail:0 Unfinished:6
2026.10.08-05:32:56.015 info  [caliper] [default-observer] 	[verify-100tps Round 8 Transaction Info] - Submitted: 2501 Succ: 2496 Fail:0 Unfinished:5
2026.10.08-05:33:01.015 info  [caliper] [default-observer] 	[verify-100tps Round 8 Transaction Info] - Submitted: 3001 Succ: 2996 Fail:0 Unfinished:5
2026.10.08-05:33:02.113 info  [caliper] [connectors/peer-gateway/PeerGateway] 	disconnecting gateway for user User1@org1.example.com
2026.10.08-05:33:02.113 info  [caliper] [connectors/peer-gateway/PeerGateway] 	disconnecting gRpc client at peer peer0.org1.example.com
2026.10.08-05:33:02.114 info  [caliper] [worker-message-handler] 	Worker#0 finished Round#8
2026.10.08-05:33:07.115 info  [caliper] [default-observer] 	Resetting txCount indicator count
2026.10.08-05:33:07.116 info  [caliper] [report-builder] 	### Test result ###
2026.10.08-05:33:07.116 info  [caliper] [report-builder] 	
+---------------+------+------+-----------------+-----------------+-----------------+-----------------+------------------+
| Name          | Succ | Fail | Send Rate (TPS) | Max Latency (s) | Min Latency (s) | Avg Latency (s) | Throughput (TPS) |
|---------------|------|------|-----------------|-----------------|-----------------|-----------------|------------------|
| verify-100tps | 3001 | 0    | 100.0           | 0.10            | 0.04            | 0.05            | 99.9             |
+---------------+------+------+-----------------+-----------------+-----------------+-----------------+------------------+

2026.10.08-05:33:07.117 info  [caliper] [round-orchestrator] 	Finished round 9 (verify-100tps) in 30.101 seconds
2026.10.08-05:33:07.117 info  [caliper] [monitor.js] 	Stopping all monitors
2026.10.08-05:33:07.117 info  [caliper] [round-orchestrator] 	Waiting 5 seconds for the next round...
2026.10.08-05:33:12.122 info  [caliper] [round-orchestrator] 	Started round 10 (verify-200tps)
2026.10.08-05:33:12.123 info  [caliper] [worker-message-handler] 	Preparing Worker#0 for Round#9
2026.10.08-05:33:12.127 info  [caliper] [connectors/peer-gateway/PeerGateway] 	Generating contract map for user User1@org1.example.com
2026.10.08-05:33:12.127 info  [caliper] [caliper-worker] 	Info: worker 0 prepare test phase for round 9 is starting...
2026.10.08-05:33:12.128 info  [caliper] [connectors/peer-gateway/PeerGateway] 	disconnecting gateway for user User1@org1.example.com
2026.10.08-05:33:12.128 info  [caliper] [connectors/peer-gateway/PeerGateway] 	disconnecting gRpc client at peer peer0.org1.example.com
2026.10.08-05:33:12.128 info  [caliper] [caliper-worker] 	Info: worker 0 prepare test phase for round 9 is completed
2026.10.08-05:33:12.128 info  [caliper] [worker-message-handler] 	Worker#0 prepared for Round#9
2026.10.08-05:33:12.129 info  [caliper] [worker-orchestrator] 	1 workers prepared, progressing to test phase.
2026.10.08-05:33:12.129 info  [caliper] [round-orchestrator] 	Monitors successfully started
2026.10.08-05:33:12.129 info  [caliper] [worker-message-handler] 	Worker#0 is starting Round#9
2026.10.08-05:33:12.131 info  [caliper] [connectors/peer-gateway/PeerGateway] 	Generating contract map for user User1@org1.example.com
2026.10.08-05:33:12.131 info  [caliper] [caliper-worker] 	Worker #0 starting workload loop
2026.10.08-05:33:17.129 info  [caliper] [default-observer] 	[verify-200tps Round 9 Transaction Info] - Submitted: 800 Succ: 790 Fail:0 Unfinished:10
2026.10.08-05:33:22.131 info  [caliper] [default-observer] 	[verify-200tps Round 9 Transaction Info] - Submitted: 1800 Succ: 1791 Fail:0 Unfinished:9
2026.10.08-05:33:27.132 info  [caliper] [default-observer] 	[verify-200tps Round 9 Transaction Info] - Submitted: 2800 Succ: 2790 Fail:0 Unfinished:10
2026.10.08-05:33:32.133 info  [caliper] [default-observer] 	[verify-200tps Round 9 Transaction Info] - Submitted: 4001 Succ: 3991 Fail:0 Unfinished:10
2026.10.08-05:33:37.135 info  [caliper] [default-observer] 	[verify-200tps Round 9 Transaction Info] - Submitted: 4801 Succ: 4792 Fail:0 Unfinished:9
2026.10.08-05:33:42.136 info  [caliper] [default-observer] 	[verify-200tps Round 9 Transaction Info] - Submitted: 5801 Succ: 5792 Fail:0 Unfinished:9
2026.10.08-05:33:43.232 info  [caliper] [connectors/peer-gateway/PeerGateway] 	disconnecting gateway for user User1@org1.example.com
2026.10.08-05:33:43.232 info  [caliper] [connectors/peer-gateway/PeerGateway] 	disconnecting gRpc client at peer peer0.org1.example.com
2026.10.08-05:33:43.233 info  [caliper] [worker-message-handler] 	Worker#0 finished Round#9
2026.10.08-05:33:48.234 info  [caliper] [default-observer] 	Resetting txCount indicator count
2026.10.08-05:33:48.234 info  [caliper] [report-builder] 	### Test result ###
2026.10.08-05:33:48.234 info  [caliper] [report-builder] 	
+---------------+------+------+-----------------+-----------------+-----------------+-----------------+------------------+
| Name          | Succ | Fail | Send Rate (TPS) | Max Latency (s) | Min Latency (s) | Avg Latency (s) | Throughput (TPS) |
|---------------|------|------|-----------------|-----------------|-----------------|-----------------|------------------|
| verify-200tps | 6001 | 0    | 200.0           | 0.11            | 0.04            | 0.05            | 199.7            |
+---------------+------+------+-----------------+-----------------+-----------------+-----------------+------------------+

2026.10.08-05:33:48.235 info  [caliper] [round-orchestrator] 	Finished round 10 (verify-200tps) in 30.101 seconds
2026.10.08-05:33:48.235 info  [caliper] [monitor.js] 	Stopping all monitors
2026.10.08-05:33:48.235 info  [caliper] [round-orchestrator] 	Waiting 5 seconds for the next round...
2026.10.08-05:33:53.238 info  [caliper] [round-orchestrator] 	Started round 11 (verify-400tps)
2026.10.08-05:33:53.239 info  [caliper] [worker-message-handler] 	Preparing Worker#0 for Round#10
2026.10.08-05:33:53.242 info  [caliper] [connectors/peer-gateway/PeerGateway] 	Generating contract map for user User1@org1.example.com
2026.10.08-05:33:53.243 info  [caliper] [caliper-worker] 	Info: worker 0 prepare test phase for round 10 is starting...
2026.10.08-05:33:53.244 info  [caliper] [connectors/peer-gateway/PeerGateway] 	disconnecting gateway for user User1@org1.example.com
2026.10.08-05:33:53.244 info  [caliper] [connectors/peer-gateway/PeerGateway] 	disconnecting gRpc client at peer peer0.org1.example.com
2026.10.08-05:33:53.244 info  [caliper] [caliper-worker] 	Info: worker 0 prepare test phase for round 10 is completed
2026.10.08-05:33:53.244 info  [caliper] [worker-message-handler] 	Worker#0 prepared for Round#10
2026.10.08-05:33:53.245 info  [caliper] [worker-orchestrator] 	1 workers prepared, progressing to test phase.
2026.10.08-05:33:53.245 info  [caliper] [round-orchestrator] 	Monitors successfully started
2026.10.08-05:33:53.245 info  [caliper] [worker-message-handler] 	Worker#0 is starting Round#10
2026.10.08-05:33:53.246 info  [caliper] [connectors/peer-gateway/PeerGateway] 	Generating contract map for user User1@org1.example.com
2026.10.08-05:33:53.246 info  [caliper] [caliper-worker] 	Worker #0 starting workload loop
2026.10.08-05:33:58.246 info  [caliper] [default-observer] 	[verify-400tps Round 10 Transaction Info] - Submitted: 1600 Succ: 1581 Fail:0 Unfinished:19
2026.10.08-05:34:03.247 info  [caliper] [default-observer] 	[verify-400tps Round 10 Transaction Info] - Submitted: 4000 Succ: 3981 Fail:0 Unfinished:19
2026.10.08-05:34:08.248 info  [caliper] [default-observer] 	[verify-400tps Round 10 Transaction Info] - Submitted: 5601 Succ: 5582 Fail:0 Unfinished:19
2026.10.08-05:34:13.249 info  [caliper] [default-observer] 	[verify-400tps Round 10 Transaction Info] - Submitted: 8001 Succ: 7981 Fail:0 Unfinished:20
2026.10.08-05:34:18.249 info  [caliper] [default-observer] 	[verify-400tps Round 10 Transaction Info] - Submitted: 10002 Succ: 9981 Fail:0 Unfinished:21
2026.10.08-05:34:23.249 info  [caliper] [default-observer] 	[verify-400tps Round 10 Transaction Info] - Submitted: 12001 Succ: 11982 Fail:0 Unfinished:19
2026.10.08-05:34:24.348 info  [caliper] [connectors/peer-gateway/PeerGateway] 	disconnecting gateway for user User1@org1.example.com
2026.10.08-05:34:24.348 info  [caliper] [connectors/peer-gateway/PeerGateway] 	disconnecting gRpc client at peer peer0.org1.example.com
2026.10.08-05:34:24.348 info  [caliper] [worker-message-handler] 	Worker#0 finished Round#10
2026.10.08-05:34:29.350 info  [caliper] [default-observer] 	Resetting txCount indicator count
2026.10.08-05:34:29.350 info  [caliper] [report-builder] 	### Test result ###
2026.10.08-05:34:29.351 info  [caliper] [report-builder] 	
+---------------+-------+------+-----------------+-----------------+-----------------+-----------------+------------------+
| Name          | Succ  | Fail | Send Rate (TPS) | Max Latency (s) | Min Latency (s) | Avg Latency (s) | Throughput (TPS) |
|---------------|-------|------|-----------------|-----------------|-----------------|-----------------|------------------|
| verify-400tps | 12001 | 0    | 400.0           | 0.14            | 0.04            | 0.05            | 399.4            |
+---------------+-------+------+-----------------+-----------------+-----------------+-----------------+------------------+

2026.10.08-05:34:29.351 info  [caliper] [round-orchestrator] 	Finished round 11 (verify-400tps) in 30.101 seconds
2026.10.08-05:34:29.351 info  [caliper] [monitor.js] 	Stopping all monitors
2026.10.08-05:34:29.351 info  [caliper] [round-orchestrator] 	Waiting 5 seconds for the next round...
2026.10.08-05:34:34.356 info  [caliper] [round-orchestrator] 	Started round 12 (verify-600tps)
2026.10.08-05:34:34.356 info  [caliper] [worker-message-handler] 	Preparing Worker#0 for Round#11
2026.10.08-05:34:34.360 info  [caliper] [connectors/peer-gateway/PeerGateway] 	Generating contract map for user User1@org1.example.com
2026.10.08-05:34:34.361 info  [caliper] [caliper-worker] 	Info: worker 0 prepare test phase for round 11 is starting...
2026.10.08-05:34:34.362 info  [caliper] [connectors/peer-gateway/PeerGateway] 	disconnecting gateway for user User1@org1.example.com
2026.10.08-05:34:34.362 info  [caliper] [connectors/peer-gateway/PeerGateway] 	disconnecting gRpc client at peer peer0.org1.example.com
2026.10.08-05:34:34.362 info  [caliper] [caliper-worker] 	Info: worker 0 prepare test phase for round 11 is completed
2026.10.08-05:34:34.362 info  [caliper] [worker-message-handler] 	Worker#0 prepared for Round#11
2026.10.08-05:34:34.362 info  [caliper] [worker-orchestrator] 	1 workers prepared, progressing to test phase.
2026.10.08-05:34:34.362 info  [caliper] [round-orchestrator] 	Monitors successfully started
2026.10.08-05:34:34.363 info  [caliper] [worker-message-handler] 	Worker#0 is starting Round#11
2026.10.08-05:34:34.364 info  [caliper] [connectors/peer-gateway/PeerGateway] 	Generating contract map for user User1@org1.example.com
2026.10.08-05:34:34.364 info  [caliper] [caliper-worker] 	Worker #0 starting workload loop
2026.10.08-05:34:39.364 info  [caliper] [default-observer] 	[verify-600tps Round 11 Transaction Info] - Submitted: 2137 Succ: 2109 Fail:0 Unfinished:28
2026.10.08-05:34:44.363 info  [caliper] [default-observer] 	[verify-600tps Round 11 Transaction Info] - Submitted: 4835 Succ: 4807 Fail:0 Unfinished:28
2026.10.08-05:34:49.364 info  [caliper] [default-observer] 	[verify-600tps Round 11 Transaction Info] - Submitted: 8049 Succ: 8022 Fail:0 Unfinished:27
2026.10.08-05:34:54.365 info  [caliper] [default-observer] 	[verify-600tps Round 11 Transaction Info] - Submitted: 10710 Succ: 10684 Fail:0 Unfinished:26
2026.10.08-05:34:59.365 info  [caliper] [default-observer] 	[verify-600tps Round 11 Transaction Info] - Submitted: 12872 Succ: 12844 Fail:0 Unfinished:28
2026.10.08-05:35:04.367 info  [caliper] [default-observer] 	[verify-600tps Round 11 Transaction Info] - Submitted: 16117 Succ: 16091 Fail:0 Unfinished:26
2026.10.08-05:35:05.465 info  [caliper] [connectors/peer-gateway/PeerGateway] 	disconnecting gateway for user User1@org1.example.com
2026.10.08-05:35:05.466 info  [caliper] [connectors/peer-gateway/PeerGateway] 	disconnecting gRpc client at peer peer0.org1.example.com
2026.10.08-05:35:05.466 info  [caliper] [worker-message-handler] 	Worker#0 finished Round#11
2026.10.08-05:35:10.468 info  [caliper] [default-observer] 	Resetting txCount indicator count
2026.10.08-05:35:10.468 info  [caliper] [report-builder] 	### Test result ###
2026.10.08-05:35:10.469 info  [caliper] [report-builder] 	
+---------------+-------+------+-----------------+-----------------+-----------------+-----------------+------------------+
| Name          | Succ  | Fail | Send Rate (TPS) | Max Latency (s) | Min Latency (s) | Avg Latency (s) | Throughput (TPS) |
|---------------|-------|------|-----------------|-----------------|-----------------|-----------------|------------------|
| verify-600tps | 16117 | 0    | 537.3           | 0.18            | 0.05            | 0.05            | 536.3            |
+---------------+-------+------+-----------------+-----------------+-----------------+-----------------+------------------+

2026.10.08-05:35:10.469 info  [caliper] [round-orchestrator] 	Finished round 12 (verify-600tps) in 30.101 seconds
2026.10.08-05:35:10.469 info  [caliper] [monitor.js] 	Stopping all monitors
2026.10.08-05:35:10.469 info  [caliper] [round-orchestrator] 	Waiting 5 seconds for the next round...
2026.10.08-05:35:15.474 info  [caliper] [round-orchestrator] 	Started round 13 (audit-10tps)
2026.10.08-05:35:15.475 info  [caliper] [worker-message-handler] 	Preparing Worker#0 for Round#12
2026.10.08-05:35:15.481 info  [caliper] [connectors/peer-gateway/PeerGateway] 	Generating contract map for user User1@org1.example.com
2026.10.08-05:35:15.481 info  [caliper] [caliper-worker] 	Info: worker 0 prepare test phase for round 12 is starting...
2026.10.08-05:35:15.482 info  [caliper] [connectors/peer-gateway/PeerGateway] 	disconnecting gateway for user User1@org1.example.com
2026.10.08-05:35:15.482 info  [caliper] [connectors/peer-gateway/PeerGateway] 	disconnecting gRpc client at peer peer0.org1.example.com
2026.10.08-05:35:15.482 info  [caliper] [caliper-worker] 	Info: worker 0 prepare test phase for round 12 is completed
2026.10.08-05:35:15.482 info  [caliper] [worker-message-handler] 	Worker#0 prepared for Round#12
2026.10.08-05:35:15.483 info  [caliper] [worker-orchestrator] 	1 workers prepared, progressing to test phase.
2026.10.08-05:35:15.483 info  [caliper] [round-orchestrator] 	Monitors successfully started
2026.10.08-05:35:15.483 info  [caliper] [worker-message-handler] 	Worker#0 is starting Round#12
2026.10.08-05:35:15.484 info  [caliper] [connectors/peer-gateway/PeerGateway] 	Generating contract map for user User1@org1.example.com
2026.10.08-05:35:15.485 info  [caliper] [caliper-worker] 	Worker #0 starting workload loop
2026.10.08-05:35:20.484 info  [caliper] [default-observer] 	[audit-10tps Round 12 Transaction Info] - Submitted: 41 Succ: 38 Fail:0 Unfinished:3
2026.10.08-05:35:25.485 info  [caliper] [default-observer] 	[audit-10tps Round 12 Transaction Info] - Submitted: 90 Succ: 87 Fail:0 Unfinished:3
2026.10.08-05:35:30.486 info  [caliper] [default-observer] 	[audit-10tps Round 12 Transaction Info] - Submitted: 141 Succ: 137 Fail:0 Unfinished:4
2026.10.08-05:35:35.487 info  [caliper] [default-observer] 	[audit-10tps Round 12 Transaction Info] - Submitted: 191 Succ: 188 Fail:0 Unfinished:3
2026.10.08-05:35:40.488 info  [caliper] [default-observer] 	[audit-10tps Round 12 Transaction Info] - Submitted: 241 Succ: 237 Fail:0 Unfinished:4
2026.10.08-05:35:45.489 info  [caliper] [default-observer] 	[audit-10tps Round 12 Transaction Info] - Submitted: 291 Succ: 287 Fail:0 Unfinished:4
2026.10.08-05:35:46.890 info  [caliper] [connectors/peer-gateway/PeerGateway] 	disconnecting gateway for user User1@org1.example.com
2026.10.08-05:35:46.890 info  [caliper] [connectors/peer-gateway/PeerGateway] 	disconnecting gRpc client at peer peer0.org1.example.com
2026.10.08-05:35:46.891 info  [caliper] [worker-message-handler] 	Worker#0 finished Round#12
2026.10.08-05:35:51.891 info  [caliper] [default-observer] 	Resetting txCount indicator count
2026.10.08-05:35:51.892 info  [caliper] [report-builder] 	### Test result ###
2026.10.08-05:35:51.892 info  [caliper] [report-builder] 	
+-------------+------+------+-----------------+-----------------+-----------------+-----------------+------------------+
| Name        | Succ | Fail | Send Rate (TPS) | Max Latency (s) | Min Latency (s) | Avg Latency (s) | Throughput (TPS) |
|-------------|------|------|-----------------|-----------------|-----------------|-----------------|------------------|
| audit-10tps | 301  | 0    | 10.0            | 0.57            | 0.26            | 0.33            | 9.9              |
+-------------+------+------+-----------------+-----------------+-----------------+-----------------+------------------+

2026.10.08-05:35:51.892 info  [caliper] [round-orchestrator] 	Finished round 13 (audit-10tps) in 30.405 seconds
2026.10.08-05:35:51.893 info  [caliper] [monitor.js] 	Stopping all monitors
2026.10.08-05:35:51.893 info  [caliper] [round-orchestrator] 	Waiting 5 seconds for the next round...
2026.10.08-05:35:56.897 info  [caliper] [round-orchestrator] 	Started round 14 (audit-50tps)
2026.10.08-05:35:56.898 info  [caliper] [worker-message-handler] 	Preparing Worker#0 for Round#13
2026.10.08-05:35:56.900 info  [caliper] [connectors/peer-gateway/PeerGateway] 	Generating contract map for user User1@org1.example.com
2026.10.08-05:35:56.900 info  [caliper] [caliper-worker] 	Info: worker 0 prepare test phase for round 13 is starting...
2026.10.08-05:35:56.901 info  [caliper] [connectors/peer-gateway/PeerGateway] 	disconnecting gateway for user User1@org1.example.com
2026.10.08-05:35:56.901 info  [caliper] [connectors/peer-gateway/PeerGateway] 	disconnecting gRpc client at peer peer0.org1.example.com
2026.10.08-05:35:56.901 info  [caliper] [caliper-worker] 	Info: worker 0 prepare test phase for round 13 is completed
2026.10.08-05:35:56.901 info  [caliper] [worker-message-handler] 	Worker#0 prepared for Round#13
2026.10.08-05:35:56.901 info  [caliper] [worker-orchestrator] 	1 workers prepared, progressing to test phase.
2026.10.08-05:35:56.902 info  [caliper] [round-orchestrator] 	Monitors successfully started
2026.10.08-05:35:56.902 info  [caliper] [worker-message-handler] 	Worker#0 is starting Round#13
2026.10.08-05:35:56.903 info  [caliper] [connectors/peer-gateway/PeerGateway] 	Generating contract map for user User1@org1.example.com
2026.10.08-05:35:56.903 info  [caliper] [caliper-worker] 	Worker #0 starting workload loop
2026.10.08-05:36:01.903 info  [caliper] [default-observer] 	[audit-50tps Round 13 Transaction Info] - Submitted: 201 Succ: 180 Fail:0 Unfinished:21
2026.10.08-05:36:06.904 info  [caliper] [default-observer] 	[audit-50tps Round 13 Transaction Info] - Submitted: 451 Succ: 432 Fail:0 Unfinished:19
2026.10.08-05:36:11.905 info  [caliper] [default-observer] 	[audit-50tps Round 13 Transaction Info] - Submitted: 701 Succ: 684 Fail:0 Unfinished:17
2026.10.08-05:36:16.906 info  [caliper] [default-observer] 	[audit-50tps Round 13 Transaction Info] - Submitted: 951 Succ: 931 Fail:0 Unfinished:20
2026.10.08-05:36:21.906 info  [caliper] [default-observer] 	[audit-50tps Round 13 Transaction Info] - Submitted: 1201 Succ: 1184 Fail:0 Unfinished:17
2026.10.08-05:36:26.908 info  [caliper] [default-observer] 	[audit-50tps Round 13 Transaction Info] - Submitted: 1451 Succ: 1436 Fail:0 Unfinished:15
2026.10.08-05:36:28.306 info  [caliper] [connectors/peer-gateway/PeerGateway] 	disconnecting gateway for user User1@org1.example.com
2026.10.08-05:36:28.306 info  [caliper] [connectors/peer-gateway/PeerGateway] 	disconnecting gRpc client at peer peer0.org1.example.com
2026.10.08-05:36:28.307 info  [caliper] [worker-message-handler] 	Worker#0 finished Round#13
2026.10.08-05:36:33.307 info  [caliper] [default-observer] 	Resetting txCount indicator count
2026.10.08-05:36:33.308 info  [caliper] [report-builder] 	### Test result ###
2026.10.08-05:36:33.308 info  [caliper] [report-builder] 	
+-------------+------+------+-----------------+-----------------+-----------------+-----------------+------------------+
| Name        | Succ | Fail | Send Rate (TPS) | Max Latency (s) | Min Latency (s) | Avg Latency (s) | Throughput (TPS) |
|-------------|------|------|-----------------|-----------------|-----------------|-----------------|------------------|
| audit-50tps | 1501 | 0    | 50.0            | 0.47            | 0.28            | 0.37            | 49.5             |
+-------------+------+------+-----------------+-----------------+-----------------+-----------------+------------------+

2026.10.08-05:36:33.309 info  [caliper] [round-orchestrator] 	Finished round 14 (audit-50tps) in 30.403 seconds
2026.10.08-05:36:33.309 info  [caliper] [monitor.js] 	Stopping all monitors
2026.10.08-05:36:33.309 info  [caliper] [round-orchestrator] 	Waiting 5 seconds for the next round...
2026.10.08-05:36:38.314 info  [caliper] [round-orchestrator] 	Started round 15 (audit-100tps)
2026.10.08-05:36:38.315 info  [caliper] [worker-message-handler] 	Preparing Worker#0 for Round#14
2026.10.08-05:36:38.319 info  [caliper] [connectors/peer-gateway/PeerGateway] 	Generating contract map for user User1@org1.example.com
2026.10.08-05:36:38.319 info  [caliper] [caliper-worker] 	Info: worker 0 prepare test phase for round 14 is starting...
2026.10.08-05:36:38.321 info  [caliper] [connectors/peer-gateway/PeerGateway] 	disconnecting gateway for user User1@org1.example.com
2026.10.08-05:36:38.321 info  [caliper] [connectors/peer-gateway/PeerGateway] 	disconnecting gRpc client at peer peer0.org1.example.com
2026.10.08-05:36:38.321 info  [caliper] [caliper-worker] 	Info: worker 0 prepare test phase for round 14 is completed
2026.10.08-05:36:38.321 info  [caliper] [worker-message-handler] 	Worker#0 prepared for Round#14
2026.10.08-05:36:38.321 info  [caliper] [worker-orchestrator] 	1 workers prepared, progressing to test phase.
2026.10.08-05:36:38.321 info  [caliper] [round-orchestrator] 	Monitors successfully started
2026.10.08-05:36:38.322 info  [caliper] [worker-message-handler] 	Worker#0 is starting Round#14
2026.10.08-05:36:38.323 info  [caliper] [connectors/peer-gateway/PeerGateway] 	Generating contract map for user User1@org1.example.com
2026.10.08-05:36:38.323 info  [caliper] [caliper-worker] 	Worker #0 starting workload loop
2026.10.08-05:36:43.322 info  [caliper] [default-observer] 	[audit-100tps Round 14 Transaction Info] - Submitted: 401 Succ: 358 Fail:0 Unfinished:43
2026.10.08-05:36:48.323 info  [caliper] [default-observer] 	[audit-100tps Round 14 Transaction Info] - Submitted: 902 Succ: 858 Fail:0 Unfinished:44
2026.10.08-05:36:53.323 info  [caliper] [default-observer] 	[audit-100tps Round 14 Transaction Info] - Submitted: 1401 Succ: 1367 Fail:0 Unfinished:34
2026.10.08-05:36:58.324 info  [caliper] [default-observer] 	[audit-100tps Round 14 Transaction Info] - Submitted: 1903 Succ: 1868 Fail:0 Unfinished:35
2026.10.08-05:37:03.325 info  [caliper] [default-observer] 	[audit-100tps Round 14 Transaction Info] - Submitted: 2403 Succ: 2369 Fail:0 Unfinished:34
2026.10.08-05:37:08.327 info  [caliper] [default-observer] 	[audit-100tps Round 14 Transaction Info] - Submitted: 2903 Succ: 2861 Fail:0 Unfinished:42
2026.10.08-05:37:09.728 info  [caliper] [connectors/peer-gateway/PeerGateway] 	disconnecting gateway for user User1@org1.example.com
2026.10.08-05:37:09.728 info  [caliper] [connectors/peer-gateway/PeerGateway] 	disconnecting gRpc client at peer peer0.org1.example.com
2026.10.08-05:37:09.728 info  [caliper] [worker-message-handler] 	Worker#0 finished Round#14
2026.10.08-05:37:14.730 info  [caliper] [default-observer] 	Resetting txCount indicator count
2026.10.08-05:37:14.730 info  [caliper] [report-builder] 	### Test result ###
2026.10.08-05:37:14.731 info  [caliper] [report-builder] 	
+--------------+------+------+-----------------+-----------------+-----------------+-----------------+------------------+
| Name         | Succ | Fail | Send Rate (TPS) | Max Latency (s) | Min Latency (s) | Avg Latency (s) | Throughput (TPS) |
|--------------|------|------|-----------------|-----------------|-----------------|-----------------|------------------|
| audit-100tps | 3001 | 0    | 100.0           | 0.50            | 0.28            | 0.40            | 98.8             |
+--------------+------+------+-----------------+-----------------+-----------------+-----------------+------------------+

2026.10.08-05:37:14.731 info  [caliper] [round-orchestrator] 	Finished round 15 (audit-100tps) in 30.403 seconds
2026.10.08-05:37:14.731 info  [caliper] [monitor.js] 	Stopping all monitors
2026.10.08-05:37:14.731 info  [caliper] [round-orchestrator] 	Waiting 5 seconds for the next round...
2026.10.08-05:37:19.736 info  [caliper] [round-orchestrator] 	Started round 16 (audit-200tps)
2026.10.08-05:37:19.737 info  [caliper] [worker-message-handler] 	Preparing Worker#0 for Round#15
2026.10.08-05:37:19.741 info  [caliper] [connectors/peer-gateway/PeerGateway] 	Generating contract map for user User1@org1.example.com
2026.10.08-05:37:19.741 info  [caliper] [caliper-worker] 	Info: worker 0 prepare test phase for round 15 is starting...
2026.10.08-05:37:19.742 info  [caliper] [connectors/peer-gateway/PeerGateway] 	disconnecting gateway for user User1@org1.example.com
2026.10.08-05:37:19.742 info  [caliper] [connectors/peer-gateway/PeerGateway] 	disconnecting gRpc client at peer peer0.org1.example.com
2026.10.08-05:37:19.743 info  [caliper] [caliper-worker] 	Info: worker 0 prepare test phase for round 15 is completed
2026.10.08-05:37:19.743 info  [caliper] [worker-message-handler] 	Worker#0 prepared for Round#15
2026.10.08-05:37:19.743 info  [caliper] [worker-orchestrator] 	1 workers prepared, progressing to test phase.
2026.10.08-05:37:19.743 info  [caliper] [round-orchestrator] 	Monitors successfully started
2026.10.08-05:37:19.743 info  [caliper] [worker-message-handler] 	Worker#0 is starting Round#15
2026.10.08-05:37:19.744 info  [caliper] [connectors/peer-gateway/PeerGateway] 	Generating contract map for user User1@org1.example.com
2026.10.08-05:37:19.745 info  [caliper] [caliper-worker] 	Worker #0 starting workload loop
2026.10.08-05:37:24.744 info  [caliper] [default-observer] 	[audit-200tps Round 15 Transaction Info] - Submitted: 665 Succ: 373 Fail:0 Unfinished:292
2026.10.08-05:37:29.745 info  [caliper] [default-observer] 	[audit-200tps Round 15 Transaction Info] - Submitted: 1449 Succ: 904 Fail:0 Unfinished:545
2026.10.08-05:37:34.745 info  [caliper] [default-observer] 	[audit-200tps Round 15 Transaction Info] - Submitted: 2284 Succ: 1433 Fail:0 Unfinished:851
2026.10.08-05:37:39.748 info  [caliper] [default-observer] 	[audit-200tps Round 15 Transaction Info] - Submitted: 3085 Succ: 1924 Fail:0 Unfinished:1161
2026.10.08-05:37:44.752 info  [caliper] [default-observer] 	[audit-200tps Round 15 Transaction Info] - Submitted: 3883 Succ: 2443 Fail:0 Unfinished:1440
2026.10.08-05:37:49.753 info  [caliper] [default-observer] 	[audit-200tps Round 15 Transaction Info] - Submitted: 4679 Succ: 2943 Fail:0 Unfinished:1736
2026.10.08-05:37:53.963 info  [caliper] [connectors/peer-gateway/PeerGateway] 	disconnecting gateway for user User1@org1.example.com
2026.10.08-05:37:53.963 info  [caliper] [connectors/peer-gateway/PeerGateway] 	disconnecting gRpc client at peer peer0.org1.example.com
2026.10.08-05:37:53.964 info  [caliper] [worker-message-handler] 	Worker#0 finished Round#15
2026.10.08-05:37:58.967 info  [caliper] [default-observer] 	Resetting txCount indicator count
2026.10.08-05:37:58.967 info  [caliper] [report-builder] 	### Test result ###
2026.10.08-05:37:58.968 info  [caliper] [report-builder] 	
+--------------+------+------+-----------------+-----------------+-----------------+-----------------+------------------+
| Name         | Succ | Fail | Send Rate (TPS) | Max Latency (s) | Min Latency (s) | Avg Latency (s) | Throughput (TPS) |
|--------------|------|------|-----------------|-----------------|-----------------|-----------------|------------------|
| audit-200tps | 4808 | 0    | 160.3           | 11.43           | 0.37            | 6.21            | 145.0            |
+--------------+------+------+-----------------+-----------------+-----------------+-----------------+------------------+

2026.10.08-05:37:58.968 info  [caliper] [round-orchestrator] 	Finished round 16 (audit-200tps) in 33.218 seconds
2026.10.08-05:37:58.968 info  [caliper] [monitor.js] 	Stopping all monitors
2026.10.08-05:37:58.968 info  [caliper] [report-builder] 	### All test results ###
2026.10.08-05:37:58.970 info  [caliper] [report-builder] 	
+---------------+-------+------+-----------------+-----------------+-----------------+-----------------+------------------+
| Name          | Succ  | Fail | Send Rate (TPS) | Max Latency (s) | Min Latency (s) | Avg Latency (s) | Throughput (TPS) |
|---------------|-------|------|-----------------|-----------------|-----------------|-----------------|------------------|
| seed          | 500   | 0    | 44.4            | 1.18            | 0.32            | 0.76            | 41.9             |
|---------------|-------|------|-----------------|-----------------|-----------------|-----------------|------------------|
| issue-10tps   | 301   | 0    | 10.0            | 0.37            | 0.26            | 0.29            | 9.9              |
|---------------|-------|------|-----------------|-----------------|-----------------|-----------------|------------------|
| issue-25tps   | 751   | 0    | 25.0            | 0.44            | 0.26            | 0.35            | 24.8             |
|---------------|-------|------|-----------------|-----------------|-----------------|-----------------|------------------|
| issue-50tps   | 1501  | 0    | 50.0            | 0.52            | 0.29            | 0.41            | 49.5             |
|---------------|-------|------|-----------------|-----------------|-----------------|-----------------|------------------|
| issue-100tps  | 3001  | 0    | 100.0           | 3.42            | 0.47            | 1.99            | 98.4             |
|---------------|-------|------|-----------------|-----------------|-----------------|-----------------|------------------|
| issue-150tps  | 4425  | 0    | 147.4           | 19.67           | 0.54            | 11.92           | 123.2            |
|---------------|-------|------|-----------------|-----------------|-----------------|-----------------|------------------|
| issue-200tps  | 4560  | 0    | 152.0           | 11.08           | 0.79            | 6.81            | 138.6            |
|---------------|-------|------|-----------------|-----------------|-----------------|-----------------|------------------|
| issue-300tps  | 4607  | 0    | 153.6           | 11.03           | 0.49            | 6.13            | 139.8            |
|---------------|-------|------|-----------------|-----------------|-----------------|-----------------|------------------|
| verify-100tps | 3001  | 0    | 100.0           | 0.10            | 0.04            | 0.05            | 99.9             |
|---------------|-------|------|-----------------|-----------------|-----------------|-----------------|------------------|
| verify-200tps | 6001  | 0    | 200.0           | 0.11            | 0.04            | 0.05            | 199.7            |
|---------------|-------|------|-----------------|-----------------|-----------------|-----------------|------------------|
| verify-400tps | 12001 | 0    | 400.0           | 0.14            | 0.04            | 0.05            | 399.4            |
|---------------|-------|------|-----------------|-----------------|-----------------|-----------------|------------------|
| verify-600tps | 16117 | 0    | 537.3           | 0.18            | 0.05            | 0.05            | 536.3            |
|---------------|-------|------|-----------------|-----------------|-----------------|-----------------|------------------|
| audit-10tps   | 301   | 0    | 10.0            | 0.57            | 0.26            | 0.33            | 9.9              |
|---------------|-------|------|-----------------|-----------------|-----------------|-----------------|------------------|
| audit-50tps   | 1501  | 0    | 50.0            | 0.47            | 0.28            | 0.37            | 49.5             |
|---------------|-------|------|-----------------|-----------------|-----------------|-----------------|------------------|
| audit-100tps  | 3001  | 0    | 100.0           | 0.50            | 0.28            | 0.40            | 98.8             |
|---------------|-------|------|-----------------|-----------------|-----------------|-----------------|------------------|
| audit-200tps  | 4808  | 0    | 160.3           | 11.43           | 0.37            | 6.21            | 145.0            |
+---------------+-------+------+-----------------+-----------------+-----------------+-----------------+------------------+

2026.10.08-05:37:58.977 info  [caliper] [report-builder] 	Generated report with path /home/runner/work/bzt-id-experiments/bzt-id-experiments/fabric-bench/caliper/report.html
2026.10.08-05:37:58.978 info  [caliper] [monitor.js] 	Stopping all monitors
2026.10.08-05:37:58.978 info  [caliper] [worker-orchestrator] 	Sending exit message to connected workers
2026.10.08-05:37:58.978 info  [caliper] [round-orchestrator] 	Benchmark finished in 651.925 seconds. Total rounds: 16. Successful rounds: 16. Failed rounds: 0.
2026.10.08-05:37:58.978 info  [caliper] [worker-message-handler] 	Worker#0 is exiting
2026.10.08-05:37:58.979 info  [caliper] [caliper-engine] 	Skipping end command due to benchmark flow conditioning
2026.10.08-05:37:58.979 info  [caliper] [cli-launch-manager] 	Benchmark successfully finished!
