[34m2026-10-08 05:37:50.227 UTC 1d8ab INFO[0m [orderer.consensus.smartbft.chain] [34;1mDeliver[0m -> Delivering proposal, writing block 4030 with 10 transactions and metadata of total size 331 with signatures from [4 2 3] to the ledger, node id 3 channel=mychannel
[34m2026-10-08 05:37:50.227 UTC 1d8ac INFO[0m [orderer.consensus.smartbft.consensus] [34;1mdeleteRequest[0m -> Removed request {526ca7388ad4afd63857875550f51504ca6b5d03f8510da11fdc84e2cfff8cf3 f796b0285cbe625e4a79bf3931fecdd69240e731336742a42d77e58441bf61f4} from request pool channel=mychannel
[34m2026-10-08 05:37:50.227 UTC 1d8ad INFO[0m [orderer.consensus.smartbft.consensus] [34;1mdeleteRequest[0m -> Removed request {526ca7388ad4afd63857875550f51504ca6b5d03f8510da11fdc84e2cfff8cf3 7500526dd12c1d4ab12307d6de861ebf83c8eb32cdf9806d56f63656d7df0cfd} from request pool channel=mychannel
[34m2026-10-08 05:37:50.227 UTC 1d8ae INFO[0m [orderer.consensus.smartbft.consensus] [34;1mdeleteRequest[0m -> Removed request {526ca7388ad4afd63857875550f51504ca6b5d03f8510da11fdc84e2cfff8cf3 709b6afd06bfb40585fda5dd1ecd092f5a8e3b4e785b052fb301db09410fc8e0} from request pool channel=mychannel
[34m2026-10-08 05:37:50.227 UTC 1d8af INFO[0m [orderer.consensus.smartbft.consensus] [34;1mdeleteRequest[0m -> Removed request {526ca7388ad4afd63857875550f51504ca6b5d03f8510da11fdc84e2cfff8cf3 615e1b6e0820518d18ccb8b98d5c1c1fb22135d1ca5125ab2337b8e6e89c7aeb} from request pool channel=mychannel
[34m2026-10-08 05:37:50.227 UTC 1d8b0 INFO[0m [orderer.consensus.smartbft.consensus] [34;1mdeleteRequest[0m -> Removed request {526ca7388ad4afd63857875550f51504ca6b5d03f8510da11fdc84e2cfff8cf3 2ff7dde273f45ff61aee515bb4a265e13bfb69c565f449ac2c51412ba7f35e5c} from request pool channel=mychannel
[34m2026-10-08 05:37:50.228 UTC 1d8b1 INFO[0m [orderer.consensus.smartbft.consensus] [34;1mdeleteRequest[0m -> Removed request {526ca7388ad4afd63857875550f51504ca6b5d03f8510da11fdc84e2cfff8cf3 cb0f28eb28ad2bf2255b4bca2f5709c24c6672de8116184ad6b2298749d52f9e} from request pool channel=mychannel
[34m2026-10-08 05:37:50.228 UTC 1d8b2 INFO[0m [orderer.consensus.smartbft.consensus] [34;1mdeleteRequest[0m -> Removed request {526ca7388ad4afd63857875550f51504ca6b5d03f8510da11fdc84e2cfff8cf3 98b167bf646f326c5c41b896e76089c25383e753fa0be90c8b0b3f89fa2839e2} from request pool channel=mychannel
[34m2026-10-08 05:37:50.228 UTC 1d8b3 INFO[0m [orderer.consensus.smartbft.consensus] [34;1mdeleteRequest[0m -> Removed request {526ca7388ad4afd63857875550f51504ca6b5d03f8510da11fdc84e2cfff8cf3 0df45da60a2e6dce6b3610e564184cf9481183c64f8615d8206afeca81c6c627} from request pool channel=mychannel
[34m2026-10-08 05:37:50.228 UTC 1d8b4 INFO[0m [orderer.consensus.smartbft.consensus] [34;1mdeleteRequest[0m -> Removed request {526ca7388ad4afd63857875550f51504ca6b5d03f8510da11fdc84e2cfff8cf3 1036f2553aeaad90f40ad439237be9c7bf15e9c72b3fdac3d5f6db93068bf845} from request pool channel=mychannel
[34m2026-10-08 05:37:50.228 UTC 1d8b5 INFO[0m [orderer.consensus.smartbft.consensus] [34;1mdeleteRequest[0m -> Removed request {526ca7388ad4afd63857875550f51504ca6b5d03f8510da11fdc84e2cfff8cf3 4a940008cea91399022c4640d9a27b032d2fb0463af1e4e32e6e92b288d27692} from request pool channel=mychannel
[34m2026-10-08 05:37:50.260 UTC 1d8b6 INFO[0m [orderer.consensus.smartbft.consensus] [34;1mprocessProposal[0m -> Processed proposal with seq 4031 channel=mychannel
[34m2026-10-08 05:37:50.271 UTC 1d8b7 INFO[0m [orderer.consensus.smartbft.consensus] [34;1mprocessPrepares[0m -> 3 collected 2 prepares from [1 2] channel=mychannel
[34m2026-10-08 05:37:50.271 UTC 1d8b8 INFO[0m [orderer.consensus.smartbft.consensus] [34;1mprocessPrepares[0m -> Processed prepares for proposal with seq 4031 channel=mychannel
[34m2026-10-08 05:37:50.294 UTC 1d8b9 INFO[0m [orderer.consensus.smartbft.consensus] [34;1mprocessCommits[0m -> 3 collected 2 commits from [2 1] channel=mychannel
[34m2026-10-08 05:37:50.294 UTC 1d8ba INFO[0m [orderer.consensus.smartbft.consensus] [34;1mprepared[0m -> 3 processed commits for proposal with seq 4031 channel=mychannel
[34m2026-10-08 05:37:50.294 UTC 1d8bb INFO[0m [orderer.consensus.smartbft.consensus] [34;1mdecide[0m -> Deciding on seq 4031 channel=mychannel
[34m2026-10-08 05:37:50.294 UTC 1d8bc INFO[0m [orderer.consensus.smartbft.consensus] [34;1mstartNextSeq[0m -> Sequence: 4031-->4032 channel=mychannel
[34m2026-10-08 05:37:50.294 UTC 1d8bd INFO[0m [orderer.consensus.smartbft.chain] [34;1mDeliver[0m -> Delivering proposal, writing block 4031 with 10 transactions and metadata of total size 333 with signatures from [2 1 3] to the ledger, node id 3 channel=mychannel
[34m2026-10-08 05:37:50.294 UTC 1d8be INFO[0m [orderer.consensus.smartbft.consensus] [34;1mdeleteRequest[0m -> Removed request {526ca7388ad4afd63857875550f51504ca6b5d03f8510da11fdc84e2cfff8cf3 01d95723388202e73fdf4c8fadbd57ba964f54285e2acb6791a00281ca9bbb33} from request pool channel=mychannel
[34m2026-10-08 05:37:50.294 UTC 1d8bf INFO[0m [orderer.consensus.smartbft.consensus] [34;1mdeleteRequest[0m -> Removed request {526ca7388ad4afd63857875550f51504ca6b5d03f8510da11fdc84e2cfff8cf3 52d220c412bbd73100426422993e5fab05311933b5f195931539be3dd22be587} from request pool channel=mychannel
[34m2026-10-08 05:37:50.294 UTC 1d8c0 INFO[0m [orderer.consensus.smartbft.consensus] [34;1mdeleteRequest[0m -> Removed request {526ca7388ad4afd63857875550f51504ca6b5d03f8510da11fdc84e2cfff8cf3 bab7be58dc53c67685af920c2e0bdb5207406b75f8b4e8edf6b813f97b5bbed0} from request pool channel=mychannel
[34m2026-10-08 05:37:50.294 UTC 1d8c1 INFO[0m [orderer.consensus.smartbft.consensus] [34;1mdeleteRequest[0m -> Removed request {526ca7388ad4afd63857875550f51504ca6b5d03f8510da11fdc84e2cfff8cf3 a61f8550d9c03779c2a7c8041ac7ad5ec85c1c740327fd51591ecca36972a522} from request pool channel=mychannel
[34m2026-10-08 05:37:50.294 UTC 1d8c2 INFO[0m [orderer.consensus.smartbft.consensus] [34;1mdeleteRequest[0m -> Removed request {526ca7388ad4afd63857875550f51504ca6b5d03f8510da11fdc84e2cfff8cf3 0d46c82cd013248d59f2b30988c80d08345b87c45248763ead47c415d31387f6} from request pool channel=mychannel
[34m2026-10-08 05:37:50.294 UTC 1d8c3 INFO[0m [orderer.consensus.smartbft.consensus] [34;1mdeleteRequest[0m -> Removed request {526ca7388ad4afd63857875550f51504ca6b5d03f8510da11fdc84e2cfff8cf3 12ec5b0297630ef8360592939ed693f3c41a30be682e0369ee61c5a3f8eef9b4} from request pool channel=mychannel
[34m2026-10-08 05:37:50.294 UTC 1d8c4 INFO[0m [orderer.consensus.smartbft.consensus] [34;1mdeleteRequest[0m -> Removed request {526ca7388ad4afd63857875550f51504ca6b5d03f8510da11fdc84e2cfff8cf3 2de86a3fa78261d72e9390e9e790a0f2eed73aaa6901d372a3b9fcafc140a72d} from request pool channel=mychannel
[34m2026-10-08 05:37:50.294 UTC 1d8c5 INFO[0m [orderer.consensus.smartbft.consensus] [34;1mdeleteRequest[0m -> Removed request {526ca7388ad4afd63857875550f51504ca6b5d03f8510da11fdc84e2cfff8cf3 0b4d202b8e13512a808052e78c05a306b20a0e9e0c15900d121e9c20a0bbd022} from request pool channel=mychannel
[34m2026-10-08 05:37:50.294 UTC 1d8c6 INFO[0m [orderer.consensus.smartbft.consensus] [34;1mdeleteRequest[0m -> Removed request {526ca7388ad4afd63857875550f51504ca6b5d03f8510da11fdc84e2cfff8cf3 51c37f7549ea2e8b06a5a9e4a327dc7d2274eaf168d8d0e7f4f0faea061ad23a} from request pool channel=mychannel
[34m2026-10-08 05:37:50.294 UTC 1d8c7 INFO[0m [orderer.consensus.smartbft.consensus] [34;1mdeleteRequest[0m -> Removed request {526ca7388ad4afd63857875550f51504ca6b5d03f8510da11fdc84e2cfff8cf3 75b1b320d049bdc02c8746d4e127e3f6f8146afcb2d64bd01eb6df87af34debf} from request pool channel=mychannel
[34m2026-10-08 05:37:50.312 UTC 1d8c8 INFO[0m [orderer.consensus.smartbft.consensus] [34;1mprocessProposal[0m -> Processed proposal with seq 4032 channel=mychannel
[34m2026-10-08 05:37:50.328 UTC 1d8c9 INFO[0m [orderer.consensus.smartbft.consensus] [34;1mprocessPrepares[0m -> 3 collected 2 prepares from [1 4] channel=mychannel
[34m2026-10-08 05:37:50.329 UTC 1d8ca INFO[0m [orderer.consensus.smartbft.consensus] [34;1mprocessPrepares[0m -> Processed prepares for proposal with seq 4032 channel=mychannel
[34m2026-10-08 05:37:50.345 UTC 1d8cb INFO[0m [orderer.consensus.smartbft.consensus] [34;1mprocessCommits[0m -> 3 collected 2 commits from [1 4] channel=mychannel
[34m2026-10-08 05:37:50.345 UTC 1d8cc INFO[0m [orderer.consensus.smartbft.consensus] [34;1mprepared[0m -> 3 processed commits for proposal with seq 4032 channel=mychannel
[34m2026-10-08 05:37:50.345 UTC 1d8cd INFO[0m [orderer.consensus.smartbft.consensus] [34;1mdecide[0m -> Deciding on seq 4032 channel=mychannel
[34m2026-10-08 05:37:50.345 UTC 1d8ce INFO[0m [orderer.consensus.smartbft.consensus] [34;1mstartNextSeq[0m -> Sequence: 4032-->4033 channel=mychannel
[34m2026-10-08 05:37:50.345 UTC 1d8cf INFO[0m [orderer.consensus.smartbft.chain] [34;1mDeliver[0m -> Delivering proposal, writing block 4032 with 10 transactions and metadata of total size 332 with signatures from [1 4 3] to the ledger, node id 3 channel=mychannel
[34m2026-10-08 05:37:50.345 UTC 1d8d0 INFO[0m [orderer.consensus.smartbft.consensus] [34;1mdeleteRequest[0m -> Removed request {526ca7388ad4afd63857875550f51504ca6b5d03f8510da11fdc84e2cfff8cf3 a7de106df36d395d21e79da147bf776a5ac59c208c3419352fc72724b8a608c1} from request pool channel=mychannel
[34m2026-10-08 05:37:50.345 UTC 1d8d1 INFO[0m [orderer.consensus.smartbft.consensus] [34;1mdeleteRequest[0m -> Removed request {526ca7388ad4afd63857875550f51504ca6b5d03f8510da11fdc84e2cfff8cf3 37d93211bee13d47167ee3f3c1ef7deabf0802220660989bdc9a44f1f3058d41} from request pool channel=mychannel
[34m2026-10-08 05:37:50.345 UTC 1d8d2 INFO[0m [orderer.consensus.smartbft.consensus] [34;1mdeleteRequest[0m -> Removed request {526ca7388ad4afd63857875550f51504ca6b5d03f8510da11fdc84e2cfff8cf3 bae51e7710da91a0e4b5fbe3934b2bd4b087d89ad555305d47d6fc6b9f7edaa7} from request pool channel=mychannel
[34m2026-10-08 05:37:50.345 UTC 1d8d3 INFO[0m [orderer.consensus.smartbft.consensus] [34;1mdeleteRequest[0m -> Removed request {526ca7388ad4afd63857875550f51504ca6b5d03f8510da11fdc84e2cfff8cf3 19a55892bfc2df65d4031095d4b4a3600f9bd67750fe334bb9150f7755a85237} from request pool channel=mychannel
[34m2026-10-08 05:37:50.345 UTC 1d8d4 INFO[0m [orderer.consensus.smartbft.consensus] [34;1mdeleteRequest[0m -> Removed request {526ca7388ad4afd63857875550f51504ca6b5d03f8510da11fdc84e2cfff8cf3 e3a811014688e8a458d48a58a0d57aadc810e2ff373c6c5408525d44314b91c9} from request pool channel=mychannel
[34m2026-10-08 05:37:50.346 UTC 1d8d5 INFO[0m [orderer.consensus.smartbft.consensus] [34;1mdeleteRequest[0m -> Removed request {526ca7388ad4afd63857875550f51504ca6b5d03f8510da11fdc84e2cfff8cf3 3657997c35302b1dbd72978cba35089156ac818a107ca4e45f4c862cd296b39e} from request pool channel=mychannel
[34m2026-10-08 05:37:50.346 UTC 1d8d6 INFO[0m [orderer.consensus.smartbft.consensus] [34;1mdeleteRequest[0m -> Removed request {526ca7388ad4afd63857875550f51504ca6b5d03f8510da11fdc84e2cfff8cf3 0978633a7b592dd4733f02a7140dd27494486807da15e529b06a7cf96f1977da} from request pool channel=mychannel
[34m2026-10-08 05:37:50.346 UTC 1d8d7 INFO[0m [orderer.consensus.smartbft.consensus] [34;1mdeleteRequest[0m -> Removed request {526ca7388ad4afd63857875550f51504ca6b5d03f8510da11fdc84e2cfff8cf3 9a0562e458ca500de25abd0be2d7f5bb3a8a9ae93c6e97fa3121a07b6f893278} from request pool channel=mychannel
[34m2026-10-08 05:37:50.346 UTC 1d8d8 INFO[0m [orderer.consensus.smartbft.consensus] [34;1mdeleteRequest[0m -> Removed request {526ca7388ad4afd63857875550f51504ca6b5d03f8510da11fdc84e2cfff8cf3 7132d8fddd24bce1f777600855f91bc44988b28b509476bba6685b8e2d00eb1a} from request pool channel=mychannel
[34m2026-10-08 05:37:50.346 UTC 1d8d9 INFO[0m [orderer.consensus.smartbft.consensus] [34;1mdeleteRequest[0m -> Removed request {526ca7388ad4afd63857875550f51504ca6b5d03f8510da11fdc84e2cfff8cf3 f053b3fd3b19fde2d4af2f9bac899dd592ba7116b591039cb0eaa9fa66833ca5} from request pool channel=mychannel
[34m2026-10-08 05:37:50.374 UTC 1d8da INFO[0m [orderer.consensus.smartbft.consensus] [34;1mprocessProposal[0m -> Processed proposal with seq 4033 channel=mychannel
[34m2026-10-08 05:37:50.387 UTC 1d8db INFO[0m [orderer.consensus.smartbft.consensus] [34;1mprocessPrepares[0m -> 3 collected 2 prepares from [1 4] channel=mychannel
[34m2026-10-08 05:37:50.388 UTC 1d8dc INFO[0m [orderer.consensus.smartbft.consensus] [34;1mprocessPrepares[0m -> Processed prepares for proposal with seq 4033 channel=mychannel
[34m2026-10-08 05:37:50.415 UTC 1d8dd INFO[0m [orderer.consensus.smartbft.consensus] [34;1mprocessCommits[0m -> 3 collected 2 commits from [4 1] channel=mychannel
[34m2026-10-08 05:37:50.415 UTC 1d8de INFO[0m [orderer.consensus.smartbft.consensus] [34;1mprepared[0m -> 3 processed commits for proposal with seq 4033 channel=mychannel
[34m2026-10-08 05:37:50.415 UTC 1d8df INFO[0m [orderer.consensus.smartbft.consensus] [34;1mdecide[0m -> Deciding on seq 4033 channel=mychannel
[34m2026-10-08 05:37:50.415 UTC 1d8e0 INFO[0m [orderer.consensus.smartbft.consensus] [34;1mstartNextSeq[0m -> Sequence: 4033-->4034 channel=mychannel
[34m2026-10-08 05:37:50.415 UTC 1d8e1 INFO[0m [orderer.consensus.smartbft.chain] [34;1mDeliver[0m -> Delivering proposal, writing block 4033 with 10 transactions and metadata of total size 333 with signatures from [4 1 3] to the ledger, node id 3 channel=mychannel
[34m2026-10-08 05:37:50.416 UTC 1d8e2 INFO[0m [orderer.consensus.smartbft.consensus] [34;1mdeleteRequest[0m -> Removed request {526ca7388ad4afd63857875550f51504ca6b5d03f8510da11fdc84e2cfff8cf3 04da27e918d59756d0be059f4e96e4ba909f7a780c13f5190cb09df695508575} from request pool channel=mychannel
[34m2026-10-08 05:37:50.416 UTC 1d8e3 INFO[0m [orderer.consensus.smartbft.consensus] [34;1mdeleteRequest[0m -> Removed request {526ca7388ad4afd63857875550f51504ca6b5d03f8510da11fdc84e2cfff8cf3 a90311157a9f19a6f48cf66423bb399e175c3a48fe5832cf15e9cbb3238e8d1c} from request pool channel=mychannel
[34m2026-10-08 05:37:50.416 UTC 1d8e4 INFO[0m [orderer.consensus.smartbft.consensus] [34;1mdeleteRequest[0m -> Removed request {526ca7388ad4afd63857875550f51504ca6b5d03f8510da11fdc84e2cfff8cf3 425beda3efae3d93119f0371795929e6872d281734df4d1defe588f65025d5aa} from request pool channel=mychannel
[34m2026-10-08 05:37:50.416 UTC 1d8e5 INFO[0m [orderer.consensus.smartbft.consensus] [34;1mdeleteRequest[0m -> Removed request {526ca7388ad4afd63857875550f51504ca6b5d03f8510da11fdc84e2cfff8cf3 6bc591c5cfdae30686610849015081f5bc1ef59423b5445ff6977af8b9fb50bc} from request pool channel=mychannel
[34m2026-10-08 05:37:50.416 UTC 1d8e6 INFO[0m [orderer.consensus.smartbft.consensus] [34;1mdeleteRequest[0m -> Removed request {526ca7388ad4afd63857875550f51504ca6b5d03f8510da11fdc84e2cfff8cf3 b88d9c91e14db939b804d4b64cfe0a3d34080fd8597dc1a15da8deea89674553} from request pool channel=mychannel
[34m2026-10-08 05:37:50.416 UTC 1d8e7 INFO[0m [orderer.consensus.smartbft.consensus] [34;1mdeleteRequest[0m -> Removed request {526ca7388ad4afd63857875550f51504ca6b5d03f8510da11fdc84e2cfff8cf3 91145726b94f434da145a7e2a78f602b4d8d0b1eb38fff3fb023f2f2b51fc855} from request pool channel=mychannel
[34m2026-10-08 05:37:50.416 UTC 1d8e8 INFO[0m [orderer.consensus.smartbft.consensus] [34;1mdeleteRequest[0m -> Removed request {526ca7388ad4afd63857875550f51504ca6b5d03f8510da11fdc84e2cfff8cf3 0c80cc4970e1240ec603419ee130a690e8222dc9faac41f4495807bc417fabe9} from request pool channel=mychannel
[34m2026-10-08 05:37:50.416 UTC 1d8e9 INFO[0m [orderer.consensus.smartbft.consensus] [34;1mdeleteRequest[0m -> Removed request {526ca7388ad4afd63857875550f51504ca6b5d03f8510da11fdc84e2cfff8cf3 d0356e686e99cd8a2dd1547e207b905b2e557e9c596938c267fe1ca77770337e} from request pool channel=mychannel
[34m2026-10-08 05:37:50.416 UTC 1d8ea INFO[0m [orderer.consensus.smartbft.consensus] [34;1mdeleteRequest[0m -> Removed request {526ca7388ad4afd63857875550f51504ca6b5d03f8510da11fdc84e2cfff8cf3 ec146848655bb1abde6364abfe835a8ee5ceb6dcecea34971dfc8903daf00f5e} from request pool channel=mychannel
[34m2026-10-08 05:37:50.416 UTC 1d8eb INFO[0m [orderer.consensus.smartbft.consensus] [34;1mdeleteRequest[0m -> Removed request {526ca7388ad4afd63857875550f51504ca6b5d03f8510da11fdc84e2cfff8cf3 f3f6c37c5247712cea668591ab7c41a2e34422917f00a5aae8f6d2eef658e171} from request pool channel=mychannel
[33m2026-10-08 05:37:50.420 UTC 1d8ec WARN[0m [orderer.consensus.smartbft.consensus] [33;1mprocessMsg[0m -> 3 got message from 4 with sequence 4032 but our sequence is 4034 channel=mychannel
[34m2026-10-08 05:37:50.442 UTC 1d8ed INFO[0m [orderer.consensus.smartbft.consensus] [34;1mprocessProposal[0m -> Processed proposal with seq 4034 channel=mychannel
[34m2026-10-08 05:37:50.459 UTC 1d8ee INFO[0m [orderer.consensus.smartbft.consensus] [34;1mprocessPrepares[0m -> 3 collected 2 prepares from [1 4] channel=mychannel
[34m2026-10-08 05:37:50.459 UTC 1d8ef INFO[0m [orderer.consensus.smartbft.consensus] [34;1mprocessPrepares[0m -> Processed prepares for proposal with seq 4034 channel=mychannel
[34m2026-10-08 05:37:50.475 UTC 1d8f0 INFO[0m [orderer.consensus.smartbft.consensus] [34;1mprocessCommits[0m -> 3 collected 2 commits from [4 2] channel=mychannel
[34m2026-10-08 05:37:50.475 UTC 1d8f1 INFO[0m [orderer.consensus.smartbft.consensus] [34;1mprepared[0m -> 3 processed commits for proposal with seq 4034 channel=mychannel
[34m2026-10-08 05:37:50.475 UTC 1d8f2 INFO[0m [orderer.consensus.smartbft.consensus] [34;1mdecide[0m -> Deciding on seq 4034 channel=mychannel
[34m2026-10-08 05:37:50.475 UTC 1d8f3 INFO[0m [orderer.consensus.smartbft.consensus] [34;1mstartNextSeq[0m -> Sequence: 4034-->4035 channel=mychannel
[34m2026-10-08 05:37:50.475 UTC 1d8f4 INFO[0m [orderer.consensus.smartbft.chain] [34;1mDeliver[0m -> Delivering proposal, writing block 4034 with 10 transactions and metadata of total size 331 with signatures from [4 2 3] to the ledger, node id 3 channel=mychannel
[34m2026-10-08 05:37:50.475 UTC 1d8f5 INFO[0m [orderer.consensus.smartbft.consensus] [34;1mdeleteRequest[0m -> Removed request {526ca7388ad4afd63857875550f51504ca6b5d03f8510da11fdc84e2cfff8cf3 85432755ff9fd5bfc780312bd0c45044094247116eaba9ef3217ee71c65aac17} from request pool channel=mychannel
[34m2026-10-08 05:37:50.475 UTC 1d8f6 INFO[0m [orderer.consensus.smartbft.consensus] [34;1mdeleteRequest[0m -> Removed request {526ca7388ad4afd63857875550f51504ca6b5d03f8510da11fdc84e2cfff8cf3 7077ad1c125dc280d768cc052f33a80a30936422af1561db32d85eee3c522763} from request pool channel=mychannel
[34m2026-10-08 05:37:50.475 UTC 1d8f7 INFO[0m [orderer.consensus.smartbft.consensus] [34;1mdeleteRequest[0m -> Removed request {526ca7388ad4afd63857875550f51504ca6b5d03f8510da11fdc84e2cfff8cf3 bc6f493f1f7f9ea3866601aba45e5e33ecdc5cc21436acaf984551df9575f10a} from request pool channel=mychannel
[34m2026-10-08 05:37:50.475 UTC 1d8f8 INFO[0m [orderer.consensus.smartbft.consensus] [34;1mdeleteRequest[0m -> Removed request {526ca7388ad4afd63857875550f51504ca6b5d03f8510da11fdc84e2cfff8cf3 90cc056146a2f635440cf485a0eb0640ef6030b842f260c09b457da9477eba2f} from request pool channel=mychannel
[34m2026-10-08 05:37:50.475 UTC 1d8f9 INFO[0m [orderer.consensus.smartbft.consensus] [34;1mdeleteRequest[0m -> Removed request {526ca7388ad4afd63857875550f51504ca6b5d03f8510da11fdc84e2cfff8cf3 599f1488c5c5506937599df3f11734f3f9fd76cbf653bfceb05d84c4b9007c11} from request pool channel=mychannel
[34m2026-10-08 05:37:50.475 UTC 1d8fa INFO[0m [orderer.consensus.smartbft.consensus] [34;1mdeleteRequest[0m -> Removed request {526ca7388ad4afd63857875550f51504ca6b5d03f8510da11fdc84e2cfff8cf3 aa081c88ee4d0dca166889cb179323a2a86ad8e977108a0265a077f85f0dbb40} from request pool channel=mychannel
[34m2026-10-08 05:37:50.475 UTC 1d8fb INFO[0m [orderer.consensus.smartbft.consensus] [34;1mdeleteRequest[0m -> Removed request {526ca7388ad4afd63857875550f51504ca6b5d03f8510da11fdc84e2cfff8cf3 2814e6ab2459b55ed646f136e3a27c8f5fc2b02fcf57012f5a12371487656106} from request pool channel=mychannel
[34m2026-10-08 05:37:50.475 UTC 1d8fc INFO[0m [orderer.consensus.smartbft.consensus] [34;1mdeleteRequest[0m -> Removed request {526ca7388ad4afd63857875550f51504ca6b5d03f8510da11fdc84e2cfff8cf3 1a930250ebf567e4b3087d91c56cbc541dbe2f474d71e1d4dec66057ac6c259a} from request pool channel=mychannel
[34m2026-10-08 05:37:50.475 UTC 1d8fd INFO[0m [orderer.consensus.smartbft.consensus] [34;1mdeleteRequest[0m -> Removed request {526ca7388ad4afd63857875550f51504ca6b5d03f8510da11fdc84e2cfff8cf3 7670c5886ea855bdd963ccebe50aba12d96188c6edc15fe61c1a1cf8c85747f4} from request pool channel=mychannel
[34m2026-10-08 05:37:50.475 UTC 1d8fe INFO[0m [orderer.consensus.smartbft.consensus] [34;1mdeleteRequest[0m -> Removed request {526ca7388ad4afd63857875550f51504ca6b5d03f8510da11fdc84e2cfff8cf3 0968ea297eba18cc148007ec55da4a1beb446915900936ba0cbf86520671dd12} from request pool channel=mychannel
[34m2026-10-08 05:37:50.503 UTC 1d8ff INFO[0m [orderer.consensus.smartbft.consensus] [34;1mprocessProposal[0m -> Processed proposal with seq 4035 channel=mychannel
[34m2026-10-08 05:37:50.518 UTC 1d900 INFO[0m [orderer.consensus.smartbft.consensus] [34;1mprocessPrepares[0m -> 3 collected 2 prepares from [1 4] channel=mychannel
[34m2026-10-08 05:37:50.519 UTC 1d901 INFO[0m [orderer.consensus.smartbft.consensus] [34;1mprocessPrepares[0m -> Processed prepares for proposal with seq 4035 channel=mychannel
[34m2026-10-08 05:37:50.535 UTC 1d902 INFO[0m [orderer.consensus.smartbft.consensus] [34;1mprocessCommits[0m -> 3 collected 2 commits from [1 2] channel=mychannel
[34m2026-10-08 05:37:50.535 UTC 1d903 INFO[0m [orderer.consensus.smartbft.consensus] [34;1mprepared[0m -> 3 processed commits for proposal with seq 4035 channel=mychannel
[34m2026-10-08 05:37:50.535 UTC 1d904 INFO[0m [orderer.consensus.smartbft.consensus] [34;1mdecide[0m -> Deciding on seq 4035 channel=mychannel
[34m2026-10-08 05:37:50.535 UTC 1d905 INFO[0m [orderer.consensus.smartbft.consensus] [34;1mstartNextSeq[0m -> Sequence: 4035-->4036 channel=mychannel
[34m2026-10-08 05:37:50.535 UTC 1d906 INFO[0m [orderer.consensus.smartbft.chain] [34;1mDeliver[0m -> Delivering proposal, writing block 4035 with 10 transactions and metadata of total size 331 with signatures from [1 2 3] to the ledger, node id 3 channel=mychannel
[34m2026-10-08 05:37:50.535 UTC 1d907 INFO[0m [orderer.consensus.smartbft.consensus] [34;1mdeleteRequest[0m -> Removed request {526ca7388ad4afd63857875550f51504ca6b5d03f8510da11fdc84e2cfff8cf3 1aec766281edad992ca146a7de7b294e41890a5dcb1bba08bbc6631a9276271c} from request pool channel=mychannel
[34m2026-10-08 05:37:50.535 UTC 1d908 INFO[0m [orderer.consensus.smartbft.consensus] [34;1mdeleteRequest[0m -> Removed request {526ca7388ad4afd63857875550f51504ca6b5d03f8510da11fdc84e2cfff8cf3 71622be6c188c6d334a3153062ce322102987c07b41d27fdebbc4830d1e87461} from request pool channel=mychannel
[34m2026-10-08 05:37:50.535 UTC 1d909 INFO[0m [orderer.consensus.smartbft.consensus] [34;1mdeleteRequest[0m -> Removed request {526ca7388ad4afd63857875550f51504ca6b5d03f8510da11fdc84e2cfff8cf3 b940455abd1a22836d0a8986e3af642e2e3718d391ec011ddf1dd6c6149251b8} from request pool channel=mychannel
[34m2026-10-08 05:37:50.535 UTC 1d90a INFO[0m [orderer.consensus.smartbft.consensus] [34;1mdeleteRequest[0m -> Removed request {526ca7388ad4afd63857875550f51504ca6b5d03f8510da11fdc84e2cfff8cf3 863f9a291152a8642fc8aeee925b5e578820fd5f43bbd07940557d64905e8860} from request pool channel=mychannel
[34m2026-10-08 05:37:50.535 UTC 1d90b INFO[0m [orderer.consensus.smartbft.consensus] [34;1mdeleteRequest[0m -> Removed request {526ca7388ad4afd63857875550f51504ca6b5d03f8510da11fdc84e2cfff8cf3 0b3253d040e9235ed04059284bbc69d1d684836036e2b110d8cb27d318a54b8b} from request pool channel=mychannel
[34m2026-10-08 05:37:50.535 UTC 1d90c INFO[0m [orderer.consensus.smartbft.consensus] [34;1mdeleteRequest[0m -> Removed request {526ca7388ad4afd63857875550f51504ca6b5d03f8510da11fdc84e2cfff8cf3 27ad6176bdbd80084559bb312d6e6f46694544f60bdc648c7fad14bbd6c4984b} from request pool channel=mychannel
[34m2026-10-08 05:37:50.535 UTC 1d90d INFO[0m [orderer.consensus.smartbft.consensus] [34;1mdeleteRequest[0m -> Removed request {526ca7388ad4afd63857875550f51504ca6b5d03f8510da11fdc84e2cfff8cf3 0a97270def5fc1cd78415192f4e1f7acf8a1555b02cfab9f3159d3ff0c828d59} from request pool channel=mychannel
[34m2026-10-08 05:37:50.535 UTC 1d90e INFO[0m [orderer.consensus.smartbft.consensus] [34;1mdeleteRequest[0m -> Removed request {526ca7388ad4afd63857875550f51504ca6b5d03f8510da11fdc84e2cfff8cf3 4038766d13ad6691a736e6e59debf3942338f87bdc169c35285cbba333b59bac} from request pool channel=mychannel
[34m2026-10-08 05:37:50.535 UTC 1d90f INFO[0m [orderer.consensus.smartbft.consensus] [34;1mdeleteRequest[0m -> Removed request {526ca7388ad4afd63857875550f51504ca6b5d03f8510da11fdc84e2cfff8cf3 4567ee9d72478ad4271c704fbf6dc0773b8878b83551cab5cffce4bcb80191dc} from request pool channel=mychannel
[34m2026-10-08 05:37:50.535 UTC 1d910 INFO[0m [orderer.consensus.smartbft.consensus] [34;1mdeleteRequest[0m -> Removed request {526ca7388ad4afd63857875550f51504ca6b5d03f8510da11fdc84e2cfff8cf3 edfa21c2c460067ffbea54b30edcad01091e25c174bb86cfda2ae0926dd10801} from request pool channel=mychannel
[34m2026-10-08 05:37:50.559 UTC 1d911 INFO[0m [orderer.consensus.smartbft.consensus] [34;1mprocessProposal[0m -> Processed proposal with seq 4036 channel=mychannel
[34m2026-10-08 05:37:50.577 UTC 1d912 INFO[0m [orderer.consensus.smartbft.consensus] [34;1mprocessPrepares[0m -> 3 collected 2 prepares from [1 4] channel=mychannel
[34m2026-10-08 05:37:50.578 UTC 1d913 INFO[0m [orderer.consensus.smartbft.consensus] [34;1mprocessPrepares[0m -> Processed prepares for proposal with seq 4036 channel=mychannel
[34m2026-10-08 05:37:50.591 UTC 1d914 INFO[0m [orderer.consensus.smartbft.consensus] [34;1mprocessCommits[0m -> 3 collected 2 commits from [4 2] channel=mychannel
[34m2026-10-08 05:37:50.591 UTC 1d915 INFO[0m [orderer.consensus.smartbft.consensus] [34;1mprepared[0m -> 3 processed commits for proposal with seq 4036 channel=mychannel
[34m2026-10-08 05:37:50.591 UTC 1d916 INFO[0m [orderer.consensus.smartbft.consensus] [34;1mdecide[0m -> Deciding on seq 4036 channel=mychannel
[34m2026-10-08 05:37:50.591 UTC 1d917 INFO[0m [orderer.consensus.smartbft.consensus] [34;1mstartNextSeq[0m -> Sequence: 4036-->4037 channel=mychannel
[34m2026-10-08 05:37:50.592 UTC 1d918 INFO[0m [orderer.consensus.smartbft.chain] [34;1mDeliver[0m -> Delivering proposal, writing block 4036 with 10 transactions and metadata of total size 332 with signatures from [4 2 3] to the ledger, node id 3 channel=mychannel
[34m2026-10-08 05:37:50.592 UTC 1d919 INFO[0m [orderer.consensus.smartbft.consensus] [34;1mdeleteRequest[0m -> Removed request {526ca7388ad4afd63857875550f51504ca6b5d03f8510da11fdc84e2cfff8cf3 e16494a23f2362ca0b9cd3ddfd88deceb3dc036d66ec6c2bb7784d6361490b33} from request pool channel=mychannel
[34m2026-10-08 05:37:50.592 UTC 1d91a INFO[0m [orderer.consensus.smartbft.consensus] [34;1mdeleteRequest[0m -> Removed request {526ca7388ad4afd63857875550f51504ca6b5d03f8510da11fdc84e2cfff8cf3 6a4d367c76febe41b968ecdea0d06401d9a1010d113add1f54a972676eebcb31} from request pool channel=mychannel
[34m2026-10-08 05:37:50.592 UTC 1d91b INFO[0m [orderer.consensus.smartbft.consensus] [34;1mdeleteRequest[0m -> Removed request {526ca7388ad4afd63857875550f51504ca6b5d03f8510da11fdc84e2cfff8cf3 c88fac2c29c7b75ce4c2a27dc0303b86d57ce6b77e57b72bc4229cc6f80e24fd} from request pool channel=mychannel
[34m2026-10-08 05:37:50.592 UTC 1d91c INFO[0m [orderer.consensus.smartbft.consensus] [34;1mdeleteRequest[0m -> Removed request {526ca7388ad4afd63857875550f51504ca6b5d03f8510da11fdc84e2cfff8cf3 4012b46849ed3c99e15533bafc5c8d84863117b762c159b3b35ac21d6d4a0670} from request pool channel=mychannel
[34m2026-10-08 05:37:50.592 UTC 1d91d INFO[0m [orderer.consensus.smartbft.consensus] [34;1mdeleteRequest[0m -> Removed request {526ca7388ad4afd63857875550f51504ca6b5d03f8510da11fdc84e2cfff8cf3 56c08d6b818e86e8168ccd8e86efaa0336cf54079c23b44ca91b87c0dacd3807} from request pool channel=mychannel
[34m2026-10-08 05:37:50.592 UTC 1d91e INFO[0m [orderer.consensus.smartbft.consensus] [34;1mdeleteRequest[0m -> Removed request {526ca7388ad4afd63857875550f51504ca6b5d03f8510da11fdc84e2cfff8cf3 42510996aba579d14de4ecf540eff89a9f55acc45f42eb0c9d253f974f94c93e} from request pool channel=mychannel
[34m2026-10-08 05:37:50.592 UTC 1d91f INFO[0m [orderer.consensus.smartbft.consensus] [34;1mdeleteRequest[0m -> Removed request {526ca7388ad4afd63857875550f51504ca6b5d03f8510da11fdc84e2cfff8cf3 921310f9d7bae69025b9b95eb5023c74f40580d3bde7f7ebaf2b4bfbe549670f} from request pool channel=mychannel
[34m2026-10-08 05:37:50.592 UTC 1d920 INFO[0m [orderer.consensus.smartbft.consensus] [34;1mdeleteRequest[0m -> Removed request {526ca7388ad4afd63857875550f51504ca6b5d03f8510da11fdc84e2cfff8cf3 469d8878f0ef7ced9f9f1ede94815af3f12cb9c516deb7545460929718fef810} from request pool channel=mychannel
[34m2026-10-08 05:37:50.592 UTC 1d921 INFO[0m [orderer.consensus.smartbft.consensus] [34;1mdeleteRequest[0m -> Removed request {526ca7388ad4afd63857875550f51504ca6b5d03f8510da11fdc84e2cfff8cf3 f6d1a8fd28a4273efe6a21f32d80672c4b1aaa10ed5706e6835ae2d8a0b59f4e} from request pool channel=mychannel
[34m2026-10-08 05:37:50.592 UTC 1d922 INFO[0m [orderer.consensus.smartbft.consensus] [34;1mdeleteRequest[0m -> Removed request {526ca7388ad4afd63857875550f51504ca6b5d03f8510da11fdc84e2cfff8cf3 5603f1909da473e0a06e579aa58f00c28d6f98705052529748854e355d7b8dfa} from request pool channel=mychannel
[33m2026-10-08 05:37:50.610 UTC 1d923 WARN[0m [orderer.consensus.smartbft.consensus] [33;1mprocessMsg[0m -> 3 got message from 4 with sequence 4035 but our sequence is 4037 channel=mychannel
[33m2026-10-08 05:37:50.614 UTC 1d924 WARN[0m [orderer.consensus.smartbft.consensus] [33;1mprocessMsg[0m -> 3 got message from 2 with sequence 4035 but our sequence is 4037 channel=mychannel
[34m2026-10-08 05:37:50.627 UTC 1d925 INFO[0m [orderer.consensus.smartbft.consensus] [34;1mprocessProposal[0m -> Processed proposal with seq 4037 channel=mychannel
[34m2026-10-08 05:37:50.642 UTC 1d926 INFO[0m [orderer.consensus.smartbft.consensus] [34;1mprocessPrepares[0m -> 3 collected 2 prepares from [1 2] channel=mychannel
[34m2026-10-08 05:37:50.643 UTC 1d927 INFO[0m [orderer.consensus.smartbft.consensus] [34;1mprocessPrepares[0m -> Processed prepares for proposal with seq 4037 channel=mychannel
[34m2026-10-08 05:37:50.660 UTC 1d928 INFO[0m [orderer.consensus.smartbft.consensus] [34;1mprocessCommits[0m -> 3 collected 2 commits from [2 1] channel=mychannel
[34m2026-10-08 05:37:50.664 UTC 1d929 INFO[0m [orderer.consensus.smartbft.consensus] [34;1mprepared[0m -> 3 processed commits for proposal with seq 4037 channel=mychannel
[34m2026-10-08 05:37:50.664 UTC 1d92a INFO[0m [orderer.consensus.smartbft.consensus] [34;1mdecide[0m -> Deciding on seq 4037 channel=mychannel
[34m2026-10-08 05:37:50.664 UTC 1d92b INFO[0m [orderer.consensus.smartbft.consensus] [34;1mstartNextSeq[0m -> Sequence: 4037-->4038 channel=mychannel
[34m2026-10-08 05:37:50.664 UTC 1d92c INFO[0m [orderer.consensus.smartbft.chain] [34;1mDeliver[0m -> Delivering proposal, writing block 4037 with 10 transactions and metadata of total size 330 with signatures from [2 1 3] to the ledger, node id 3 channel=mychannel
[34m2026-10-08 05:37:50.665 UTC 1d92d INFO[0m [orderer.consensus.smartbft.consensus] [34;1mdeleteRequest[0m -> Removed request {526ca7388ad4afd63857875550f51504ca6b5d03f8510da11fdc84e2cfff8cf3 4b18a3b3b791e3c02e75f733ab6f35eeed52bcd02a5aa557558d8865e31eb246} from request pool channel=mychannel
[34m2026-10-08 05:37:50.665 UTC 1d92e INFO[0m [orderer.consensus.smartbft.consensus] [34;1mdeleteRequest[0m -> Removed request {526ca7388ad4afd63857875550f51504ca6b5d03f8510da11fdc84e2cfff8cf3 43124c62cd0fb36f217fe4776266b80fbc6979407396a47077e0f0684c540317} from request pool channel=mychannel
[34m2026-10-08 05:37:50.665 UTC 1d92f INFO[0m [orderer.consensus.smartbft.consensus] [34;1mdeleteRequest[0m -> Removed request {526ca7388ad4afd63857875550f51504ca6b5d03f8510da11fdc84e2cfff8cf3 28df14b843ca5d75a65cbd63b4fb1b7c31c871f9917e63ec6fa3d03386ca6f36} from request pool channel=mychannel
[34m2026-10-08 05:37:50.665 UTC 1d930 INFO[0m [orderer.consensus.smartbft.consensus] [34;1mdeleteRequest[0m -> Removed request {526ca7388ad4afd63857875550f51504ca6b5d03f8510da11fdc84e2cfff8cf3 f2663c762c4b7622a51bff1c2d02368f8f4bc78dbca8a529d30751812f2db0ed} from request pool channel=mychannel
[34m2026-10-08 05:37:50.666 UTC 1d931 INFO[0m [orderer.consensus.smartbft.consensus] [34;1mdeleteRequest[0m -> Removed request {526ca7388ad4afd63857875550f51504ca6b5d03f8510da11fdc84e2cfff8cf3 a2da320d20336f730eafee7ef16754035ffd6408e451a2374821373830611fec} from request pool channel=mychannel
[34m2026-10-08 05:37:50.666 UTC 1d932 INFO[0m [orderer.consensus.smartbft.consensus] [34;1mdeleteRequest[0m -> Removed request {526ca7388ad4afd63857875550f51504ca6b5d03f8510da11fdc84e2cfff8cf3 0f0cb97c815de5e3d335b133bb614554a99af67306ef8a94668f80637cc5b735} from request pool channel=mychannel
[34m2026-10-08 05:37:50.666 UTC 1d933 INFO[0m [orderer.consensus.smartbft.consensus] [34;1mdeleteRequest[0m -> Removed request {526ca7388ad4afd63857875550f51504ca6b5d03f8510da11fdc84e2cfff8cf3 3562566aa91ae6143ac8cd033528e4ae519930decaa20d9a402a2b1b355fe9da} from request pool channel=mychannel
[34m2026-10-08 05:37:50.666 UTC 1d934 INFO[0m [orderer.consensus.smartbft.consensus] [34;1mdeleteRequest[0m -> Removed request {526ca7388ad4afd63857875550f51504ca6b5d03f8510da11fdc84e2cfff8cf3 91b1c910359fa9741a575d23fd79280e10a016a623457f86574686cd19f7ce9e} from request pool channel=mychannel
[34m2026-10-08 05:37:50.667 UTC 1d935 INFO[0m [orderer.consensus.smartbft.consensus] [34;1mdeleteRequest[0m -> Removed request {526ca7388ad4afd63857875550f51504ca6b5d03f8510da11fdc84e2cfff8cf3 dcc70734dceee22d3215b0cfda6029bcb9e7314160b9dadc3580ea6b9f260fdf} from request pool channel=mychannel
[34m2026-10-08 05:37:50.667 UTC 1d936 INFO[0m [orderer.consensus.smartbft.consensus] [34;1mdeleteRequest[0m -> Removed request {526ca7388ad4afd63857875550f51504ca6b5d03f8510da11fdc84e2cfff8cf3 615a7d550568b7048dc7bc37638669ff070ef57b2c223928203d72e5247174e0} from request pool channel=mychannel
[34m2026-10-08 05:37:50.688 UTC 1d937 INFO[0m [orderer.consensus.smartbft.consensus] [34;1mprocessProposal[0m -> Processed proposal with seq 4038 channel=mychannel
[34m2026-10-08 05:37:50.703 UTC 1d938 INFO[0m [orderer.consensus.smartbft.consensus] [34;1mprocessPrepares[0m -> 3 collected 2 prepares from [1 4] channel=mychannel
[34m2026-10-08 05:37:50.704 UTC 1d939 INFO[0m [orderer.consensus.smartbft.consensus] [34;1mprocessPrepares[0m -> Processed prepares for proposal with seq 4038 channel=mychannel
[34m2026-10-08 05:37:50.721 UTC 1d93a INFO[0m [orderer.consensus.smartbft.consensus] [34;1mprocessCommits[0m -> 3 collected 2 commits from [1 4] channel=mychannel
[34m2026-10-08 05:37:50.721 UTC 1d93b INFO[0m [orderer.consensus.smartbft.consensus] [34;1mprepared[0m -> 3 processed commits for proposal with seq 4038 channel=mychannel
[34m2026-10-08 05:37:50.721 UTC 1d93c INFO[0m [orderer.consensus.smartbft.consensus] [34;1mdecide[0m -> Deciding on seq 4038 channel=mychannel
[34m2026-10-08 05:37:50.721 UTC 1d93d INFO[0m [orderer.consensus.smartbft.consensus] [34;1mstartNextSeq[0m -> Sequence: 4038-->4039 channel=mychannel
[34m2026-10-08 05:37:50.721 UTC 1d93e INFO[0m [orderer.consensus.smartbft.chain] [34;1mDeliver[0m -> Delivering proposal, writing block 4038 with 10 transactions and metadata of total size 331 with signatures from [1 4 3] to the ledger, node id 3 channel=mychannel
[34m2026-10-08 05:37:50.721 UTC 1d93f INFO[0m [orderer.consensus.smartbft.consensus] [34;1mdeleteRequest[0m -> Removed request {526ca7388ad4afd63857875550f51504ca6b5d03f8510da11fdc84e2cfff8cf3 ff64e308d4f0f33f09bb3d5a5ad9be4a3b4293bbf4344381e3375f37fdbe593c} from request pool channel=mychannel
[34m2026-10-08 05:37:50.721 UTC 1d940 INFO[0m [orderer.consensus.smartbft.consensus] [34;1mdeleteRequest[0m -> Removed request {526ca7388ad4afd63857875550f51504ca6b5d03f8510da11fdc84e2cfff8cf3 2be302a03786a4097873b44f7973c2eb9b7b272533106ef338c549ed469c4bd5} from request pool channel=mychannel
[34m2026-10-08 05:37:50.721 UTC 1d941 INFO[0m [orderer.consensus.smartbft.consensus] [34;1mdeleteRequest[0m -> Removed request {526ca7388ad4afd63857875550f51504ca6b5d03f8510da11fdc84e2cfff8cf3 f6807f4f85443ab77cc4dee15d589b73bb75fd63e91631f1167be7711d832f0a} from request pool channel=mychannel
[34m2026-10-08 05:37:50.721 UTC 1d942 INFO[0m [orderer.consensus.smartbft.consensus] [34;1mdeleteRequest[0m -> Removed request {526ca7388ad4afd63857875550f51504ca6b5d03f8510da11fdc84e2cfff8cf3 67645b102244ddf4a7def005e63afde60e9528d6f28da3a474a604aed735d41a} from request pool channel=mychannel
[34m2026-10-08 05:37:50.721 UTC 1d943 INFO[0m [orderer.consensus.smartbft.consensus] [34;1mdeleteRequest[0m -> Removed request {526ca7388ad4afd63857875550f51504ca6b5d03f8510da11fdc84e2cfff8cf3 09f5567ad82eb6bb830c8dd30e96aabfa31840d8903216158168e329a66f06ef} from request pool channel=mychannel
[34m2026-10-08 05:37:50.721 UTC 1d944 INFO[0m [orderer.consensus.smartbft.consensus] [34;1mdeleteRequest[0m -> Removed request {526ca7388ad4afd63857875550f51504ca6b5d03f8510da11fdc84e2cfff8cf3 101b0de0fe744a2c8b741e8e4d9b93b230dcc580cbd6b0abb5ed850e7a1511e2} from request pool channel=mychannel
[34m2026-10-08 05:37:50.721 UTC 1d945 INFO[0m [orderer.consensus.smartbft.consensus] [34;1mdeleteRequest[0m -> Removed request {526ca7388ad4afd63857875550f51504ca6b5d03f8510da11fdc84e2cfff8cf3 1a6d9f6fa91f4497947e2e1a7d4b0ed7961be73717e71f5cb09df9861780d076} from request pool channel=mychannel
[34m2026-10-08 05:37:50.721 UTC 1d946 INFO[0m [orderer.consensus.smartbft.consensus] [34;1mdeleteRequest[0m -> Removed request {526ca7388ad4afd63857875550f51504ca6b5d03f8510da11fdc84e2cfff8cf3 bfd233ff4b42e3885c99df0bdcccda4ae2833df7ac43f120241187394f296260} from request pool channel=mychannel
[34m2026-10-08 05:37:50.722 UTC 1d947 INFO[0m [orderer.consensus.smartbft.consensus] [34;1mdeleteRequest[0m -> Removed request {526ca7388ad4afd63857875550f51504ca6b5d03f8510da11fdc84e2cfff8cf3 9a7eadf7ee4c5034082db354640babff21f793336090d2c389f7e17deee6052c} from request pool channel=mychannel
[34m2026-10-08 05:37:50.722 UTC 1d948 INFO[0m [orderer.consensus.smartbft.consensus] [34;1mdeleteRequest[0m -> Removed request {526ca7388ad4afd63857875550f51504ca6b5d03f8510da11fdc84e2cfff8cf3 8a7e95692dd2ab5d4a7b99f9bf08cad7a86e25fa49c94dc0f8edfed36d5420b9} from request pool channel=mychannel
[34m2026-10-08 05:37:50.747 UTC 1d949 INFO[0m [orderer.consensus.smartbft.consensus] [34;1mprocessProposal[0m -> Processed proposal with seq 4039 channel=mychannel
[34m2026-10-08 05:37:50.762 UTC 1d94a INFO[0m [orderer.consensus.smartbft.consensus] [34;1mprocessPrepares[0m -> 3 collected 2 prepares from [1 4] channel=mychannel
[34m2026-10-08 05:37:50.763 UTC 1d94b INFO[0m [orderer.consensus.smartbft.consensus] [34;1mprocessPrepares[0m -> Processed prepares for proposal with seq 4039 channel=mychannel
[34m2026-10-08 05:37:50.779 UTC 1d94c INFO[0m [orderer.consensus.smartbft.consensus] [34;1mprocessCommits[0m -> 3 collected 2 commits from [2 4] channel=mychannel
[34m2026-10-08 05:37:50.779 UTC 1d94d INFO[0m [orderer.consensus.smartbft.consensus] [34;1mprepared[0m -> 3 processed commits for proposal with seq 4039 channel=mychannel
[34m2026-10-08 05:37:50.779 UTC 1d94e INFO[0m [orderer.consensus.smartbft.consensus] [34;1mdecide[0m -> Deciding on seq 4039 channel=mychannel
[34m2026-10-08 05:37:50.779 UTC 1d94f INFO[0m [orderer.consensus.smartbft.consensus] [34;1mstartNextSeq[0m -> Sequence: 4039-->4040 channel=mychannel
[34m2026-10-08 05:37:50.780 UTC 1d950 INFO[0m [orderer.consensus.smartbft.chain] [34;1mDeliver[0m -> Delivering proposal, writing block 4039 with 10 transactions and metadata of total size 332 with signatures from [2 4 3] to the ledger, node id 3 channel=mychannel
[34m2026-10-08 05:37:50.780 UTC 1d951 INFO[0m [orderer.consensus.smartbft.consensus] [34;1mdeleteRequest[0m -> Removed request {526ca7388ad4afd63857875550f51504ca6b5d03f8510da11fdc84e2cfff8cf3 3cbd572eaf49cc006fba64c2d4077129454e3ccb2e940e9ed777c2c32215e446} from request pool channel=mychannel
[34m2026-10-08 05:37:50.781 UTC 1d952 INFO[0m [orderer.consensus.smartbft.consensus] [34;1mdeleteRequest[0m -> Removed request {526ca7388ad4afd63857875550f51504ca6b5d03f8510da11fdc84e2cfff8cf3 9799c3f804803264d5a0aeac37e4fd7d76acd6af6ba33b421f363a74caecc6a4} from request pool channel=mychannel
[34m2026-10-08 05:37:50.781 UTC 1d953 INFO[0m [orderer.consensus.smartbft.consensus] [34;1mdeleteRequest[0m -> Removed request {526ca7388ad4afd63857875550f51504ca6b5d03f8510da11fdc84e2cfff8cf3 8c8f3a37e2b1b30e7cee0136cdc13283fa5dca6572e3a59597617bdf08527771} from request pool channel=mychannel
[34m2026-10-08 05:37:50.781 UTC 1d954 INFO[0m [orderer.consensus.smartbft.consensus] [34;1mdeleteRequest[0m -> Removed request {526ca7388ad4afd63857875550f51504ca6b5d03f8510da11fdc84e2cfff8cf3 426de3a36a6042256a5f9747ea203039bbb0fd9f4045a177c6632df05cca6959} from request pool channel=mychannel
[34m2026-10-08 05:37:50.781 UTC 1d955 INFO[0m [orderer.consensus.smartbft.consensus] [34;1mdeleteRequest[0m -> Removed request {526ca7388ad4afd63857875550f51504ca6b5d03f8510da11fdc84e2cfff8cf3 15f65ef68d5a753bfcb2b60b46b19b84ad7b2f8d5d7ce8518bf7fb33699ddeed} from request pool channel=mychannel
[34m2026-10-08 05:37:50.781 UTC 1d956 INFO[0m [orderer.consensus.smartbft.consensus] [34;1mdeleteRequest[0m -> Removed request {526ca7388ad4afd63857875550f51504ca6b5d03f8510da11fdc84e2cfff8cf3 7b2e611da1d7edbafed763047e810cc557c3dd254f899d70ce710875ad561caf} from request pool channel=mychannel
[34m2026-10-08 05:37:50.781 UTC 1d957 INFO[0m [orderer.consensus.smartbft.consensus] [34;1mdeleteRequest[0m -> Removed request {526ca7388ad4afd63857875550f51504ca6b5d03f8510da11fdc84e2cfff8cf3 6313f4d5cd28894c1508c9366f331d47d5a180620266045df3d48380693a081c} from request pool channel=mychannel
[34m2026-10-08 05:37:50.781 UTC 1d958 INFO[0m [orderer.consensus.smartbft.consensus] [34;1mdeleteRequest[0m -> Removed request {526ca7388ad4afd63857875550f51504ca6b5d03f8510da11fdc84e2cfff8cf3 8e0b1f09f4fc76bf0543917ef0bd6a2d88d1c92d78a7e92d50bb6cbfebd1a063} from request pool channel=mychannel
[34m2026-10-08 05:37:50.782 UTC 1d959 INFO[0m [orderer.consensus.smartbft.consensus] [34;1mdeleteRequest[0m -> Removed request {526ca7388ad4afd63857875550f51504ca6b5d03f8510da11fdc84e2cfff8cf3 4312b4ab0c75ec3bd64ef4b7b0c8cc87c21b0d8cda1236548346907efe75a4e2} from request pool channel=mychannel
[34m2026-10-08 05:37:50.782 UTC 1d95a INFO[0m [orderer.consensus.smartbft.consensus] [34;1mdeleteRequest[0m -> Removed request {526ca7388ad4afd63857875550f51504ca6b5d03f8510da11fdc84e2cfff8cf3 b6b05a177f01a1384fc4aa5fd8d8fbb9cbe7c63fada0973d335484e229cb81e8} from request pool channel=mychannel
[34m2026-10-08 05:37:50.811 UTC 1d95b INFO[0m [orderer.consensus.smartbft.consensus] [34;1mprocessProposal[0m -> Processed proposal with seq 4040 channel=mychannel
[34m2026-10-08 05:37:50.825 UTC 1d95c INFO[0m [orderer.consensus.smartbft.consensus] [34;1mprocessPrepares[0m -> 3 collected 2 prepares from [1 2] channel=mychannel
[34m2026-10-08 05:37:50.826 UTC 1d95d INFO[0m [orderer.consensus.smartbft.consensus] [34;1mprocessPrepares[0m -> Processed prepares for proposal with seq 4040 channel=mychannel
[34m2026-10-08 05:37:50.846 UTC 1d95e INFO[0m [orderer.consensus.smartbft.consensus] [34;1mprocessCommits[0m -> 3 collected 2 commits from [1 2] channel=mychannel
[34m2026-10-08 05:37:50.846 UTC 1d95f INFO[0m [orderer.consensus.smartbft.consensus] [34;1mprepared[0m -> 3 processed commits for proposal with seq 4040 channel=mychannel
[34m2026-10-08 05:37:50.846 UTC 1d960 INFO[0m [orderer.consensus.smartbft.consensus] [34;1mdecide[0m -> Deciding on seq 4040 channel=mychannel
[34m2026-10-08 05:37:50.846 UTC 1d961 INFO[0m [orderer.consensus.smartbft.consensus] [34;1mstartNextSeq[0m -> Sequence: 4040-->4041 channel=mychannel
[34m2026-10-08 05:37:50.846 UTC 1d962 INFO[0m [orderer.consensus.smartbft.chain] [34;1mDeliver[0m -> Delivering proposal, writing block 4040 with 10 transactions and metadata of total size 332 with signatures from [1 2 3] to the ledger, node id 3 channel=mychannel
[34m2026-10-08 05:37:50.847 UTC 1d963 INFO[0m [orderer.consensus.smartbft.consensus] [34;1mdeleteRequest[0m -> Removed request {526ca7388ad4afd63857875550f51504ca6b5d03f8510da11fdc84e2cfff8cf3 60e9888128e9bbacf9927c2609f5ae36af855cb2cecf6c5ac1fa5b167a0954f4} from request pool channel=mychannel
[34m2026-10-08 05:37:50.847 UTC 1d964 INFO[0m [orderer.consensus.smartbft.consensus] [34;1mdeleteRequest[0m -> Removed request {526ca7388ad4afd63857875550f51504ca6b5d03f8510da11fdc84e2cfff8cf3 f6ab83818d7798c84b0121c299a4ccc47060da12c22ff9d7e7b960b0a35ad33a} from request pool channel=mychannel
[34m2026-10-08 05:37:50.847 UTC 1d965 INFO[0m [orderer.consensus.smartbft.consensus] [34;1mdeleteRequest[0m -> Removed request {526ca7388ad4afd63857875550f51504ca6b5d03f8510da11fdc84e2cfff8cf3 f7a043383e1658188ad10c66f550579f6f5ffe1c2c85f6059747f185f34500e7} from request pool channel=mychannel
[34m2026-10-08 05:37:50.847 UTC 1d966 INFO[0m [orderer.consensus.smartbft.consensus] [34;1mdeleteRequest[0m -> Removed request {526ca7388ad4afd63857875550f51504ca6b5d03f8510da11fdc84e2cfff8cf3 ab55bd3fd98e4cabfc51a325481eefa4d2ffee0c496f071b3b52935e9c2eb566} from request pool channel=mychannel
[34m2026-10-08 05:37:50.847 UTC 1d967 INFO[0m [orderer.consensus.smartbft.consensus] [34;1mdeleteRequest[0m -> Removed request {526ca7388ad4afd63857875550f51504ca6b5d03f8510da11fdc84e2cfff8cf3 36e2c60ff6d8c168d55109e7694527e6190b3709a63f9988a2e32c3102fc82cd} from request pool channel=mychannel
[34m2026-10-08 05:37:50.847 UTC 1d968 INFO[0m [orderer.consensus.smartbft.consensus] [34;1mdeleteRequest[0m -> Removed request {526ca7388ad4afd63857875550f51504ca6b5d03f8510da11fdc84e2cfff8cf3 f2b98d1db997d423764dc3e79923ec4f50edd77840296292821a80b9e8a1721c} from request pool channel=mychannel
[34m2026-10-08 05:37:50.847 UTC 1d969 INFO[0m [orderer.consensus.smartbft.consensus] [34;1mdeleteRequest[0m -> Removed request {526ca7388ad4afd63857875550f51504ca6b5d03f8510da11fdc84e2cfff8cf3 d75115ea070d295436039c85c81410b7d1d73942200cbf7a4f25b37946a67e1c} from request pool channel=mychannel
[34m2026-10-08 05:37:50.847 UTC 1d96a INFO[0m [orderer.consensus.smartbft.consensus] [34;1mdeleteRequest[0m -> Removed request {526ca7388ad4afd63857875550f51504ca6b5d03f8510da11fdc84e2cfff8cf3 44d1f54f94d78c62b9c5de94cb967a65fb36e4bdff57db11837e9f3d134f8bfa} from request pool channel=mychannel
[34m2026-10-08 05:37:50.847 UTC 1d96b INFO[0m [orderer.consensus.smartbft.consensus] [34;1mdeleteRequest[0m -> Removed request {526ca7388ad4afd63857875550f51504ca6b5d03f8510da11fdc84e2cfff8cf3 d2336eae9a1dd5212985749acf395a228231739d830e759f46ebddd60e855a1e} from request pool channel=mychannel
[34m2026-10-08 05:37:50.847 UTC 1d96c INFO[0m [orderer.consensus.smartbft.consensus] [34;1mdeleteRequest[0m -> Removed request {526ca7388ad4afd63857875550f51504ca6b5d03f8510da11fdc84e2cfff8cf3 8d0b30d4b49c8f77fb1ea3bb4d6ad8562e414150388133ff707ecbf16d03a4f7} from request pool channel=mychannel
[34m2026-10-08 05:37:50.866 UTC 1d96d INFO[0m [orderer.consensus.smartbft.consensus] [34;1mprocessProposal[0m -> Processed proposal with seq 4041 channel=mychannel
[34m2026-10-08 05:37:50.881 UTC 1d96e INFO[0m [orderer.consensus.smartbft.consensus] [34;1mprocessPrepares[0m -> 3 collected 2 prepares from [1 2] channel=mychannel
[34m2026-10-08 05:37:50.881 UTC 1d96f INFO[0m [orderer.consensus.smartbft.consensus] [34;1mprocessPrepares[0m -> Processed prepares for proposal with seq 4041 channel=mychannel
[34m2026-10-08 05:37:50.899 UTC 1d970 INFO[0m [orderer.consensus.smartbft.consensus] [34;1mprocessCommits[0m -> 3 collected 2 commits from [2 4] channel=mychannel
[34m2026-10-08 05:37:50.899 UTC 1d971 INFO[0m [orderer.consensus.smartbft.consensus] [34;1mprepared[0m -> 3 processed commits for proposal with seq 4041 channel=mychannel
[34m2026-10-08 05:37:50.899 UTC 1d972 INFO[0m [orderer.consensus.smartbft.consensus] [34;1mdecide[0m -> Deciding on seq 4041 channel=mychannel
[34m2026-10-08 05:37:50.899 UTC 1d973 INFO[0m [orderer.consensus.smartbft.consensus] [34;1mstartNextSeq[0m -> Sequence: 4041-->4042 channel=mychannel
[34m2026-10-08 05:37:50.899 UTC 1d974 INFO[0m [orderer.consensus.smartbft.chain] [34;1mDeliver[0m -> Delivering proposal, writing block 4041 with 10 transactions and metadata of total size 332 with signatures from [2 4 3] to the ledger, node id 3 channel=mychannel
[34m2026-10-08 05:37:50.899 UTC 1d975 INFO[0m [orderer.consensus.smartbft.consensus] [34;1mdeleteRequest[0m -> Removed request {526ca7388ad4afd63857875550f51504ca6b5d03f8510da11fdc84e2cfff8cf3 1b0678cfb3665da986c59f6fd250059c063a522b538dc8cbf7b8e9680deae6a0} from request pool channel=mychannel
[34m2026-10-08 05:37:50.899 UTC 1d976 INFO[0m [orderer.consensus.smartbft.consensus] [34;1mdeleteRequest[0m -> Removed request {526ca7388ad4afd63857875550f51504ca6b5d03f8510da11fdc84e2cfff8cf3 fd9982fbf30ec94f14052031f5f724f720cb31674729695f193b64f994f20788} from request pool channel=mychannel
[34m2026-10-08 05:37:50.899 UTC 1d977 INFO[0m [orderer.consensus.smartbft.consensus] [34;1mdeleteRequest[0m -> Removed request {526ca7388ad4afd63857875550f51504ca6b5d03f8510da11fdc84e2cfff8cf3 48a693697bbcc8d2204a03ca6f93dcbea2a005bf0cf0319e362875cc73c4e590} from request pool channel=mychannel
[34m2026-10-08 05:37:50.899 UTC 1d978 INFO[0m [orderer.consensus.smartbft.consensus] [34;1mdeleteRequest[0m -> Removed request {526ca7388ad4afd63857875550f51504ca6b5d03f8510da11fdc84e2cfff8cf3 8085b9eb36fe295690ad590a8bc593301ee6dae45ff5fec70c138a87057be2f0} from request pool channel=mychannel
[34m2026-10-08 05:37:50.899 UTC 1d979 INFO[0m [orderer.consensus.smartbft.consensus] [34;1mdeleteRequest[0m -> Removed request {526ca7388ad4afd63857875550f51504ca6b5d03f8510da11fdc84e2cfff8cf3 9d4a61c6bdb267c7f10770ec7b6f7507e2d133eff7b716fb5803c38fbfeb1552} from request pool channel=mychannel
[34m2026-10-08 05:37:50.899 UTC 1d97a INFO[0m [orderer.consensus.smartbft.consensus] [34;1mdeleteRequest[0m -> Removed request {526ca7388ad4afd63857875550f51504ca6b5d03f8510da11fdc84e2cfff8cf3 72d8b79ce810aed08ffbe1ac829569dccbb6ca15406387ea7e3abef9736fa88d} from request pool channel=mychannel
[34m2026-10-08 05:37:50.899 UTC 1d97b INFO[0m [orderer.consensus.smartbft.consensus] [34;1mdeleteRequest[0m -> Removed request {526ca7388ad4afd63857875550f51504ca6b5d03f8510da11fdc84e2cfff8cf3 f82e02e27208f93fd1c6cd5c5165f3724dbc5749e7f53b99ada977cedbc35e45} from request pool channel=mychannel
[34m2026-10-08 05:37:50.899 UTC 1d97c INFO[0m [orderer.consensus.smartbft.consensus] [34;1mdeleteRequest[0m -> Removed request {526ca7388ad4afd63857875550f51504ca6b5d03f8510da11fdc84e2cfff8cf3 f5dc5a7fe7e3f72507bd886845ebd619d00e1678d07fdc974555adac8d99883b} from request pool channel=mychannel
[34m2026-10-08 05:37:50.899 UTC 1d97d INFO[0m [orderer.consensus.smartbft.consensus] [34;1mdeleteRequest[0m -> Removed request {526ca7388ad4afd63857875550f51504ca6b5d03f8510da11fdc84e2cfff8cf3 ee8f07055066456ea2f76f41e664f0c0545b38c9c7d5d52bbe5beda3cfc1b680} from request pool channel=mychannel
[34m2026-10-08 05:37:50.899 UTC 1d97e INFO[0m [orderer.consensus.smartbft.consensus] [34;1mdeleteRequest[0m -> Removed request {526ca7388ad4afd63857875550f51504ca6b5d03f8510da11fdc84e2cfff8cf3 47e451ad60eec90671b0a3617c627adf2a82cf7827d60bfab8b7122c3099e01b} from request pool channel=mychannel
[34m2026-10-08 05:37:50.928 UTC 1d97f INFO[0m [orderer.consensus.smartbft.consensus] [34;1mprocessProposal[0m -> Processed proposal with seq 4042 channel=mychannel
[34m2026-10-08 05:37:50.941 UTC 1d980 INFO[0m [orderer.consensus.smartbft.consensus] [34;1mprocessPrepares[0m -> 3 collected 2 prepares from [1 2] channel=mychannel
[34m2026-10-08 05:37:50.942 UTC 1d981 INFO[0m [orderer.consensus.smartbft.consensus] [34;1mprocessPrepares[0m -> Processed prepares for proposal with seq 4042 channel=mychannel
[34m2026-10-08 05:37:50.960 UTC 1d982 INFO[0m [orderer.consensus.smartbft.consensus] [34;1mprocessCommits[0m -> 3 collected 2 commits from [4 2] channel=mychannel
[34m2026-10-08 05:37:50.960 UTC 1d983 INFO[0m [orderer.consensus.smartbft.consensus] [34;1mprepared[0m -> 3 processed commits for proposal with seq 4042 channel=mychannel
[34m2026-10-08 05:37:50.960 UTC 1d984 INFO[0m [orderer.consensus.smartbft.consensus] [34;1mdecide[0m -> Deciding on seq 4042 channel=mychannel
[34m2026-10-08 05:37:50.960 UTC 1d985 INFO[0m [orderer.consensus.smartbft.consensus] [34;1mstartNextSeq[0m -> Sequence: 4042-->4043 channel=mychannel
[34m2026-10-08 05:37:50.960 UTC 1d986 INFO[0m [orderer.consensus.smartbft.chain] [34;1mDeliver[0m -> Delivering proposal, writing block 4042 with 10 transactions and metadata of total size 332 with signatures from [4 2 3] to the ledger, node id 3 channel=mychannel
[34m2026-10-08 05:37:50.961 UTC 1d987 INFO[0m [orderer.consensus.smartbft.consensus] [34;1mdeleteRequest[0m -> Removed request {526ca7388ad4afd63857875550f51504ca6b5d03f8510da11fdc84e2cfff8cf3 b55a0629722a42e3f42e27a4f5d8e5a5f25af96519d73831833cb37227b717a5} from request pool channel=mychannel
[34m2026-10-08 05:37:50.961 UTC 1d988 INFO[0m [orderer.consensus.smartbft.consensus] [34;1mdeleteRequest[0m -> Removed request {526ca7388ad4afd63857875550f51504ca6b5d03f8510da11fdc84e2cfff8cf3 5c99001b4254a5fac05c12168b894f0f1b7c0bb35d9945594d7afa98d39171be} from request pool channel=mychannel
[34m2026-10-08 05:37:50.961 UTC 1d989 INFO[0m [orderer.consensus.smartbft.consensus] [34;1mdeleteRequest[0m -> Removed request {526ca7388ad4afd63857875550f51504ca6b5d03f8510da11fdc84e2cfff8cf3 3bccae46f1dcb3e5141cdc1de09c44695ebf6c457aaa1826f17d3f4554096256} from request pool channel=mychannel
[34m2026-10-08 05:37:50.961 UTC 1d98a INFO[0m [orderer.consensus.smartbft.consensus] [34;1mdeleteRequest[0m -> Removed request {526ca7388ad4afd63857875550f51504ca6b5d03f8510da11fdc84e2cfff8cf3 300d16011994cee36ab7a0f4862547f7ffe6845f1636594de0345cf51738cd0e} from request pool channel=mychannel
[34m2026-10-08 05:37:50.961 UTC 1d98b INFO[0m [orderer.consensus.smartbft.consensus] [34;1mdeleteRequest[0m -> Removed request {526ca7388ad4afd63857875550f51504ca6b5d03f8510da11fdc84e2cfff8cf3 609e63c1a6739b79f07709fc950bcc607a7dcf6adfabbba1af6f5570002c836a} from request pool channel=mychannel
[34m2026-10-08 05:37:50.961 UTC 1d98c INFO[0m [orderer.consensus.smartbft.consensus] [34;1mdeleteRequest[0m -> Removed request {526ca7388ad4afd63857875550f51504ca6b5d03f8510da11fdc84e2cfff8cf3 50be5c5be26f4f34b0a4701427e28fe373a8caa862a1c19f10e4253185809d3e} from request pool channel=mychannel
[34m2026-10-08 05:37:50.961 UTC 1d98d INFO[0m [orderer.consensus.smartbft.consensus] [34;1mdeleteRequest[0m -> Removed request {526ca7388ad4afd63857875550f51504ca6b5d03f8510da11fdc84e2cfff8cf3 a3439977a4ab170d49d9df53500f09037507430a25129d8143a7346e65ee5652} from request pool channel=mychannel
[34m2026-10-08 05:37:50.961 UTC 1d98e INFO[0m [orderer.consensus.smartbft.consensus] [34;1mdeleteRequest[0m -> Removed request {526ca7388ad4afd63857875550f51504ca6b5d03f8510da11fdc84e2cfff8cf3 06800650e68d789583aa27a436f316f1abe45f4dfffd1326365ac4c992c38f4d} from request pool channel=mychannel
[34m2026-10-08 05:37:50.961 UTC 1d98f INFO[0m [orderer.consensus.smartbft.consensus] [34;1mdeleteRequest[0m -> Removed request {526ca7388ad4afd63857875550f51504ca6b5d03f8510da11fdc84e2cfff8cf3 662012affd88b55665935e674f08eb526b6139dd10393a5903d8336eee104364} from request pool channel=mychannel
[34m2026-10-08 05:37:50.962 UTC 1d990 INFO[0m [orderer.consensus.smartbft.consensus] [34;1mdeleteRequest[0m -> Removed request {526ca7388ad4afd63857875550f51504ca6b5d03f8510da11fdc84e2cfff8cf3 74992a7a12ff342a6ecefb81f1659a3656b4facf490541d15e6a24f738675a4e} from request pool channel=mychannel
[34m2026-10-08 05:37:50.984 UTC 1d991 INFO[0m [orderer.consensus.smartbft.consensus] [34;1mprocessProposal[0m -> Processed proposal with seq 4043 channel=mychannel
[34m2026-10-08 05:37:50.999 UTC 1d992 INFO[0m [orderer.consensus.smartbft.consensus] [34;1mprocessPrepares[0m -> 3 collected 2 prepares from [1 2] channel=mychannel
[34m2026-10-08 05:37:51.001 UTC 1d993 INFO[0m [orderer.consensus.smartbft.consensus] [34;1mprocessPrepares[0m -> Processed prepares for proposal with seq 4043 channel=mychannel
[34m2026-10-08 05:37:51.015 UTC 1d994 INFO[0m [orderer.consensus.smartbft.consensus] [34;1mprocessCommits[0m -> 3 collected 2 commits from [2 4] channel=mychannel
[34m2026-10-08 05:37:51.015 UTC 1d995 INFO[0m [orderer.consensus.smartbft.consensus] [34;1mprepared[0m -> 3 processed commits for proposal with seq 4043 channel=mychannel
[34m2026-10-08 05:37:51.015 UTC 1d996 INFO[0m [orderer.consensus.smartbft.consensus] [34;1mdecide[0m -> Deciding on seq 4043 channel=mychannel
[34m2026-10-08 05:37:51.015 UTC 1d997 INFO[0m [orderer.consensus.smartbft.consensus] [34;1mstartNextSeq[0m -> Sequence: 4043-->4044 channel=mychannel
[34m2026-10-08 05:37:51.016 UTC 1d998 INFO[0m [orderer.consensus.smartbft.chain] [34;1mDeliver[0m -> Delivering proposal, writing block 4043 with 10 transactions and metadata of total size 330 with signatures from [2 4 3] to the ledger, node id 3 channel=mychannel
[34m2026-10-08 05:37:51.016 UTC 1d999 INFO[0m [orderer.consensus.smartbft.consensus] [34;1mdeleteRequest[0m -> Removed request {526ca7388ad4afd63857875550f51504ca6b5d03f8510da11fdc84e2cfff8cf3 b0f1623c4edeebdb7ecdb48a55e70274eb84692fec8715fd159a336979ae1876} from request pool channel=mychannel
[34m2026-10-08 05:37:51.016 UTC 1d99a INFO[0m [orderer.consensus.smartbft.consensus] [34;1mdeleteRequest[0m -> Removed request {526ca7388ad4afd63857875550f51504ca6b5d03f8510da11fdc84e2cfff8cf3 5215fbfda8393b68ed372a4fe18d29f5f270b8be7c31d415a4831be4627af030} from request pool channel=mychannel
[34m2026-10-08 05:37:51.016 UTC 1d99b INFO[0m [orderer.consensus.smartbft.consensus] [34;1mdeleteRequest[0m -> Removed request {526ca7388ad4afd63857875550f51504ca6b5d03f8510da11fdc84e2cfff8cf3 d472004138f4207148b287a94c02d546e79a3d23a4b2dcb5bf8d50cba512af91} from request pool channel=mychannel
[34m2026-10-08 05:37:51.016 UTC 1d99c INFO[0m [orderer.consensus.smartbft.consensus] [34;1mdeleteRequest[0m -> Removed request {526ca7388ad4afd63857875550f51504ca6b5d03f8510da11fdc84e2cfff8cf3 05995cbd3e19437b83dec5bffc7b23009e6222045c055cde7a4a0bd629219fd5} from request pool channel=mychannel
[34m2026-10-08 05:37:51.016 UTC 1d99d INFO[0m [orderer.consensus.smartbft.consensus] [34;1mdeleteRequest[0m -> Removed request {526ca7388ad4afd63857875550f51504ca6b5d03f8510da11fdc84e2cfff8cf3 7155ace51dc6b1d80f9b641f765d406385cd4c8109aa47e8a3803ebdb9b1c06c} from request pool channel=mychannel
[34m2026-10-08 05:37:51.016 UTC 1d99e INFO[0m [orderer.consensus.smartbft.consensus] [34;1mdeleteRequest[0m -> Removed request {526ca7388ad4afd63857875550f51504ca6b5d03f8510da11fdc84e2cfff8cf3 a744b2c92342ae6e4b7fff78f75687dc5d4bd9103bf6088b2cde69c3081a50dd} from request pool channel=mychannel
[34m2026-10-08 05:37:51.016 UTC 1d99f INFO[0m [orderer.consensus.smartbft.consensus] [34;1mdeleteRequest[0m -> Removed request {526ca7388ad4afd63857875550f51504ca6b5d03f8510da11fdc84e2cfff8cf3 95fa481373b76209261534e741d3a70c5fecfd4811a90116aa94a0dfae1789a5} from request pool channel=mychannel
[34m2026-10-08 05:37:51.016 UTC 1d9a0 INFO[0m [orderer.consensus.smartbft.consensus] [34;1mdeleteRequest[0m -> Removed request {526ca7388ad4afd63857875550f51504ca6b5d03f8510da11fdc84e2cfff8cf3 49a6b7ea76560fce5aec1144574ab9a8f02f3441ce0bedbce2d04acf0c6fa173} from request pool channel=mychannel
[34m2026-10-08 05:37:51.016 UTC 1d9a1 INFO[0m [orderer.consensus.smartbft.consensus] [34;1mdeleteRequest[0m -> Removed request {526ca7388ad4afd63857875550f51504ca6b5d03f8510da11fdc84e2cfff8cf3 bc42671cac1194f5d48800686a1c207e3be50d41fcde030186fca43e6e1a8cdc} from request pool channel=mychannel
[34m2026-10-08 05:37:51.016 UTC 1d9a2 INFO[0m [orderer.consensus.smartbft.consensus] [34;1mdeleteRequest[0m -> Removed request {526ca7388ad4afd63857875550f51504ca6b5d03f8510da11fdc84e2cfff8cf3 af4257e9902c417d388df1b09738bf916e82c0cc97a4e1df811317b9436ec9b3} from request pool channel=mychannel
[33m2026-10-08 05:37:51.035 UTC 1d9a3 WARN[0m [orderer.consensus.smartbft.consensus] [33;1mprocessMsg[0m -> 3 got message from 1 with sequence 4042 but our sequence is 4044 channel=mychannel
[33m2026-10-08 05:37:51.037 UTC 1d9a4 WARN[0m [orderer.consensus.smartbft.consensus] [33;1mprocessMsg[0m -> 3 got message from 2 with sequence 4042 but our sequence is 4044 channel=mychannel
[34m2026-10-08 05:37:51.041 UTC 1d9a5 INFO[0m [orderer.consensus.smartbft.consensus] [34;1mprocessProposal[0m -> Processed proposal with seq 4044 channel=mychannel
[34m2026-10-08 05:37:51.056 UTC 1d9a6 INFO[0m [orderer.consensus.smartbft.consensus] [34;1mprocessPrepares[0m -> 3 collected 2 prepares from [1 2] channel=mychannel
[34m2026-10-08 05:37:51.056 UTC 1d9a7 INFO[0m [orderer.consensus.smartbft.consensus] [34;1mprocessPrepares[0m -> Processed prepares for proposal with seq 4044 channel=mychannel
[34m2026-10-08 05:37:51.074 UTC 1d9a8 INFO[0m [orderer.consensus.smartbft.consensus] [34;1mprocessCommits[0m -> 3 collected 2 commits from [4 1] channel=mychannel
[34m2026-10-08 05:37:51.074 UTC 1d9a9 INFO[0m [orderer.consensus.smartbft.consensus] [34;1mprepared[0m -> 3 processed commits for proposal with seq 4044 channel=mychannel
[34m2026-10-08 05:37:51.074 UTC 1d9aa INFO[0m [orderer.consensus.smartbft.consensus] [34;1mdecide[0m -> Deciding on seq 4044 channel=mychannel
[34m2026-10-08 05:37:51.075 UTC 1d9ab INFO[0m [orderer.consensus.smartbft.consensus] [34;1mstartNextSeq[0m -> Sequence: 4044-->4045 channel=mychannel
[34m2026-10-08 05:37:51.075 UTC 1d9ac INFO[0m [orderer.consensus.smartbft.chain] [34;1mDeliver[0m -> Delivering proposal, writing block 4044 with 10 transactions and metadata of total size 332 with signatures from [4 1 3] to the ledger, node id 3 channel=mychannel
[34m2026-10-08 05:37:51.076 UTC 1d9ad INFO[0m [orderer.consensus.smartbft.consensus] [34;1mdeleteRequest[0m -> Removed request {526ca7388ad4afd63857875550f51504ca6b5d03f8510da11fdc84e2cfff8cf3 4f1a9ec095bd4c5c6c8842ed605e961d9b162c39e86a8412e539c26ad4ffa589} from request pool channel=mychannel
[34m2026-10-08 05:37:51.076 UTC 1d9ae INFO[0m [orderer.consensus.smartbft.consensus] [34;1mdeleteRequest[0m -> Removed request {526ca7388ad4afd63857875550f51504ca6b5d03f8510da11fdc84e2cfff8cf3 5b09434d0cc4832f6ca20fa0285a40afdc113c7f16bac0b1a011cec89f7c1fcf} from request pool channel=mychannel
[34m2026-10-08 05:37:51.076 UTC 1d9af INFO[0m [orderer.consensus.smartbft.consensus] [34;1mdeleteRequest[0m -> Removed request {526ca7388ad4afd63857875550f51504ca6b5d03f8510da11fdc84e2cfff8cf3 8421ff93d863c16b79d1a536a5a5492182245c39d2a1e6c62e4ecde1352475e4} from request pool channel=mychannel
[34m2026-10-08 05:37:51.077 UTC 1d9b0 INFO[0m [orderer.consensus.smartbft.consensus] [34;1mdeleteRequest[0m -> Removed request {526ca7388ad4afd63857875550f51504ca6b5d03f8510da11fdc84e2cfff8cf3 ee64b71c5767b5ffc5c62215149df17e48af5ca8b1ae143c38a2f6291d0b5034} from request pool channel=mychannel
[34m2026-10-08 05:37:51.077 UTC 1d9b1 INFO[0m [orderer.consensus.smartbft.consensus] [34;1mdeleteRequest[0m -> Removed request {526ca7388ad4afd63857875550f51504ca6b5d03f8510da11fdc84e2cfff8cf3 52a202550d7f39ee003b3d9ea8ec64ba4f3e9d7d6c0cf9dde2810cbec5c16de1} from request pool channel=mychannel
[34m2026-10-08 05:37:51.077 UTC 1d9b2 INFO[0m [orderer.consensus.smartbft.consensus] [34;1mdeleteRequest[0m -> Removed request {526ca7388ad4afd63857875550f51504ca6b5d03f8510da11fdc84e2cfff8cf3 f96fe10ec177807b68a59f64e08de9c31d91ad884c35735da9b23711ac2a51ac} from request pool channel=mychannel
[34m2026-10-08 05:37:51.077 UTC 1d9b3 INFO[0m [orderer.consensus.smartbft.consensus] [34;1mdeleteRequest[0m -> Removed request {526ca7388ad4afd63857875550f51504ca6b5d03f8510da11fdc84e2cfff8cf3 32ec00fb45601da5810af8eb15258e8bfc0e4eb5e9803a2c89088e035157f514} from request pool channel=mychannel
[34m2026-10-08 05:37:51.077 UTC 1d9b4 INFO[0m [orderer.consensus.smartbft.consensus] [34;1mdeleteRequest[0m -> Removed request {526ca7388ad4afd63857875550f51504ca6b5d03f8510da11fdc84e2cfff8cf3 a37c72ba601e0925f3da397ead26555b7c0df068ff206cc0435e1db9fa869fa7} from request pool channel=mychannel
[34m2026-10-08 05:37:51.077 UTC 1d9b5 INFO[0m [orderer.consensus.smartbft.consensus] [34;1mdeleteRequest[0m -> Removed request {526ca7388ad4afd63857875550f51504ca6b5d03f8510da11fdc84e2cfff8cf3 bae3ac7582397f82f38fe6df9096d4b98306bd0a43f5815607f7352bc7c1a6d3} from request pool channel=mychannel
[34m2026-10-08 05:37:51.077 UTC 1d9b6 INFO[0m [orderer.consensus.smartbft.consensus] [34;1mdeleteRequest[0m -> Removed request {526ca7388ad4afd63857875550f51504ca6b5d03f8510da11fdc84e2cfff8cf3 602a9f3217729562775a2986c989df8a9e0f4d1fc2276b96fada6da8e3c9b94f} from request pool channel=mychannel
[34m2026-10-08 05:37:51.096 UTC 1d9b7 INFO[0m [orderer.consensus.smartbft.consensus] [34;1mprocessProposal[0m -> Processed proposal with seq 4045 channel=mychannel
[34m2026-10-08 05:37:51.114 UTC 1d9b8 INFO[0m [orderer.consensus.smartbft.consensus] [34;1mprocessPrepares[0m -> 3 collected 2 prepares from [1 2] channel=mychannel
[34m2026-10-08 05:37:51.114 UTC 1d9b9 INFO[0m [orderer.consensus.smartbft.consensus] [34;1mprocessPrepares[0m -> Processed prepares for proposal with seq 4045 channel=mychannel
[34m2026-10-08 05:37:51.127 UTC 1d9ba INFO[0m [orderer.consensus.smartbft.consensus] [34;1mprocessCommits[0m -> 3 collected 2 commits from [1 4] channel=mychannel
[34m2026-10-08 05:37:51.127 UTC 1d9bb INFO[0m [orderer.consensus.smartbft.consensus] [34;1mprepared[0m -> 3 processed commits for proposal with seq 4045 channel=mychannel
[34m2026-10-08 05:37:51.127 UTC 1d9bc INFO[0m [orderer.consensus.smartbft.consensus] [34;1mdecide[0m -> Deciding on seq 4045 channel=mychannel
[34m2026-10-08 05:37:51.127 UTC 1d9bd INFO[0m [orderer.consensus.smartbft.consensus] [34;1mstartNextSeq[0m -> Sequence: 4045-->4046 channel=mychannel
[34m2026-10-08 05:37:51.127 UTC 1d9be INFO[0m [orderer.consensus.smartbft.chain] [34;1mDeliver[0m -> Delivering proposal, writing block 4045 with 10 transactions and metadata of total size 332 with signatures from [1 4 3] to the ledger, node id 3 channel=mychannel
[34m2026-10-08 05:37:51.127 UTC 1d9bf INFO[0m [orderer.consensus.smartbft.consensus] [34;1mdeleteRequest[0m -> Removed request {526ca7388ad4afd63857875550f51504ca6b5d03f8510da11fdc84e2cfff8cf3 01d891063e6a974249f6c7d4a80c84e698fbd46a0a54a67b5b7c8e71bc3fad70} from request pool channel=mychannel
[34m2026-10-08 05:37:51.127 UTC 1d9c0 INFO[0m [orderer.consensus.smartbft.consensus] [34;1mdeleteRequest[0m -> Removed request {526ca7388ad4afd63857875550f51504ca6b5d03f8510da11fdc84e2cfff8cf3 96b394257349cc6e93c72c9fd43b7361304dee87b11443d945d77079537e18d4} from request pool channel=mychannel
[34m2026-10-08 05:37:51.127 UTC 1d9c1 INFO[0m [orderer.consensus.smartbft.consensus] [34;1mdeleteRequest[0m -> Removed request {526ca7388ad4afd63857875550f51504ca6b5d03f8510da11fdc84e2cfff8cf3 639191c1b4fac9e211901a70162d2812f704b1e2d342fb310b0f4ce5718beb1e} from request pool channel=mychannel
[34m2026-10-08 05:37:51.127 UTC 1d9c2 INFO[0m [orderer.consensus.smartbft.consensus] [34;1mdeleteRequest[0m -> Removed request {526ca7388ad4afd63857875550f51504ca6b5d03f8510da11fdc84e2cfff8cf3 78e6111daaef67075706eeb1584d93d96f5990f5a2a70a71cf13e91bde156772} from request pool channel=mychannel
[34m2026-10-08 05:37:51.127 UTC 1d9c3 INFO[0m [orderer.consensus.smartbft.consensus] [34;1mdeleteRequest[0m -> Removed request {526ca7388ad4afd63857875550f51504ca6b5d03f8510da11fdc84e2cfff8cf3 2be51b311c2ab358f09fd175830ecf765b1d43b4c45341d4c0e9f677b399d3e2} from request pool channel=mychannel
[34m2026-10-08 05:37:51.127 UTC 1d9c4 INFO[0m [orderer.consensus.smartbft.consensus] [34;1mdeleteRequest[0m -> Removed request {526ca7388ad4afd63857875550f51504ca6b5d03f8510da11fdc84e2cfff8cf3 696ee45f3c5d57de6f4548a34d45ad40a7aaf713808b97a7ce2b1938bec2de48} from request pool channel=mychannel
[34m2026-10-08 05:37:51.127 UTC 1d9c5 INFO[0m [orderer.consensus.smartbft.consensus] [34;1mdeleteRequest[0m -> Removed request {526ca7388ad4afd63857875550f51504ca6b5d03f8510da11fdc84e2cfff8cf3 fcf113a186cca8231de6022cbbdd457a92f40612c85fc0a785aab8532f486973} from request pool channel=mychannel
[34m2026-10-08 05:37:51.127 UTC 1d9c6 INFO[0m [orderer.consensus.smartbft.consensus] [34;1mdeleteRequest[0m -> Removed request {526ca7388ad4afd63857875550f51504ca6b5d03f8510da11fdc84e2cfff8cf3 ee3311611e6a09e1366114d70c9505874c4997e89fb38f1db44410751f1d86fb} from request pool channel=mychannel
[34m2026-10-08 05:37:51.127 UTC 1d9c7 INFO[0m [orderer.consensus.smartbft.consensus] [34;1mdeleteRequest[0m -> Removed request {526ca7388ad4afd63857875550f51504ca6b5d03f8510da11fdc84e2cfff8cf3 c58a8ebc1e859dddceb2c1c3c9cf127489152f1f662b76cbce635f8f19cb7433} from request pool channel=mychannel
[34m2026-10-08 05:37:51.127 UTC 1d9c8 INFO[0m [orderer.consensus.smartbft.consensus] [34;1mdeleteRequest[0m -> Removed request {526ca7388ad4afd63857875550f51504ca6b5d03f8510da11fdc84e2cfff8cf3 2b235c29077a57d5d5c9aceef1ede9a1586e28706d3ded4a027d1ee82b44c10c} from request pool channel=mychannel
[33m2026-10-08 05:37:51.145 UTC 1d9c9 WARN[0m [orderer.consensus.smartbft.consensus] [33;1mprocessMsg[0m -> 3 got message from 1 with sequence 4044 but our sequence is 4046 channel=mychannel
[34m2026-10-08 05:37:51.203 UTC 1d9ca INFO[0m [orderer.consensus.smartbft.consensus] [34;1mprocessProposal[0m -> Processed proposal with seq 4046 channel=mychannel
[34m2026-10-08 05:37:51.217 UTC 1d9cb INFO[0m [orderer.consensus.smartbft.consensus] [34;1mprocessPrepares[0m -> 3 collected 2 prepares from [1 4] channel=mychannel
[34m2026-10-08 05:37:51.218 UTC 1d9cc INFO[0m [orderer.consensus.smartbft.consensus] [34;1mprocessPrepares[0m -> Processed prepares for proposal with seq 4046 channel=mychannel
[34m2026-10-08 05:37:51.235 UTC 1d9cd INFO[0m [orderer.consensus.smartbft.consensus] [34;1mprocessCommits[0m -> 3 collected 2 commits from [1 2] channel=mychannel
[34m2026-10-08 05:37:51.235 UTC 1d9ce INFO[0m [orderer.consensus.smartbft.consensus] [34;1mprepared[0m -> 3 processed commits for proposal with seq 4046 channel=mychannel
[34m2026-10-08 05:37:51.235 UTC 1d9cf INFO[0m [orderer.consensus.smartbft.consensus] [34;1mdecide[0m -> Deciding on seq 4046 channel=mychannel
[34m2026-10-08 05:37:51.235 UTC 1d9d0 INFO[0m [orderer.consensus.smartbft.consensus] [34;1mstartNextSeq[0m -> Sequence: 4046-->4047 channel=mychannel
[34m2026-10-08 05:37:51.235 UTC 1d9d1 INFO[0m [orderer.consensus.smartbft.chain] [34;1mDeliver[0m -> Delivering proposal, writing block 4046 with 5 transactions and metadata of total size 331 with signatures from [1 2 3] to the ledger, node id 3 channel=mychannel
[34m2026-10-08 05:37:51.236 UTC 1d9d2 INFO[0m [orderer.consensus.smartbft.consensus] [34;1mdeleteRequest[0m -> Removed request {526ca7388ad4afd63857875550f51504ca6b5d03f8510da11fdc84e2cfff8cf3 6854b45a19d7c5237aab0f1ea3c8f18332502500fcbcf2cbd3adad79cd2467ef} from request pool channel=mychannel
[34m2026-10-08 05:37:51.236 UTC 1d9d3 INFO[0m [orderer.consensus.smartbft.consensus] [34;1mdeleteRequest[0m -> Removed request {526ca7388ad4afd63857875550f51504ca6b5d03f8510da11fdc84e2cfff8cf3 a3e53e1a720da692c319f76045686c215be1b0de9f00d74a8568d85892f6cfba} from request pool channel=mychannel
[34m2026-10-08 05:37:51.236 UTC 1d9d4 INFO[0m [orderer.consensus.smartbft.consensus] [34;1mdeleteRequest[0m -> Removed request {526ca7388ad4afd63857875550f51504ca6b5d03f8510da11fdc84e2cfff8cf3 807c4cb14a1406cf5737e4b22d68f3a18c0a44e282d3f80ec9f18065a7f96fd3} from request pool channel=mychannel
[34m2026-10-08 05:37:51.236 UTC 1d9d5 INFO[0m [orderer.consensus.smartbft.consensus] [34;1mdeleteRequest[0m -> Removed request {526ca7388ad4afd63857875550f51504ca6b5d03f8510da11fdc84e2cfff8cf3 e3dd3ed47bbc739021c0225e6571478d63f2c354d1a65f34f0f693782a8fb4b8} from request pool channel=mychannel
[34m2026-10-08 05:37:51.236 UTC 1d9d6 INFO[0m [orderer.consensus.smartbft.consensus] [34;1mdeleteRequest[0m -> Removed request {526ca7388ad4afd63857875550f51504ca6b5d03f8510da11fdc84e2cfff8cf3 258f30653fc6c60114abdfa2e70b5ce081195602b74ca3e6f815acc88f4558f2} from request pool channel=mychannel
