2026.10.07-11:23:22.013 info  [caliper] [cli-launch-manager] 	Set workspace path: /home/runner/work/bzt-id-experiments/bzt-id-experiments/fabric-bench/caliper
2026.10.07-11:23:22.014 info  [caliper] [cli-launch-manager] 	Set benchmark configuration path: /home/runner/work/bzt-id-experiments/bzt-id-experiments/fabric-bench/caliper/benchmarks/config.yaml
2026.10.07-11:23:22.014 info  [caliper] [cli-launch-manager] 	Set network configuration path: /home/runner/work/bzt-id-experiments/bzt-id-experiments/fabric-bench/caliper/networks/networkConfig.yaml
2026.10.07-11:23:22.014 info  [caliper] [cli-launch-manager] 	Set SUT type: fabric
2026.10.07-11:23:22.028 info  [caliper] [benchmark-validator] 	No observer specified, will default to `none`
2026.10.07-11:23:22.028 info  [caliper] [caliper-engine] 	Starting benchmark flow
2026.10.07-11:23:22.028 info  [caliper] [caliper-engine] 	Skipping start commands due to benchmark flow conditioning
2026.10.07-11:23:22.028 info  [caliper] [caliper-engine] 	Skipping initialization phase due to benchmark flow conditioning
2026.10.07-11:23:22.029 info  [caliper] [caliper-engine] 	Skipping install smart contract phase due to benchmark flow conditioning
2026.10.07-11:23:22.114 info  [caliper] [FabricConnectorFactory] 	Initializing peer gateway connector compatible with installed fabric-gateway SDK: 1.7.1
2026.10.07-11:23:22.127 info  [caliper] [IdentityManager] 	Adding User1@org1.example.com (admin=false) as User1@org1.example.com for organization Org1MSP
2026.10.07-11:23:22.129 info  [caliper] [monitor.js] 	No resource monitors specified
2026.10.07-11:23:22.130 info  [caliper] [default-observer] 	Observer interval set to 5000 milliseconds
2026.10.07-11:23:22.133 info  [caliper] [round-orchestrator] 	Preparing worker connections
2026.10.07-11:23:22.134 info  [caliper] [worker-orchestrator] 	Launching worker 1 of 1
2026.10.07-11:23:22.138 info  [caliper] [worker-orchestrator] 	Messenger not configured, entering configure phase...
2026.10.07-11:23:22.138 info  [caliper] [worker-orchestrator] 	No existing workers detected, entering worker launch phase...
2026.10.07-11:23:22.138 info  [caliper] [worker-orchestrator] 	Waiting for 1 workers to be connected...
2026.10.07-11:23:22.312 info  [caliper] [cli-launch-worker] 	Set workspace path: /home/runner/work/bzt-id-experiments/bzt-id-experiments/fabric-bench/caliper
2026.10.07-11:23:22.312 info  [caliper] [cli-launch-worker] 	Set benchmark configuration path: /home/runner/work/bzt-id-experiments/bzt-id-experiments/fabric-bench/caliper/benchmarks/config.yaml
2026.10.07-11:23:22.314 info  [caliper] [cli-launch-worker] 	Set network configuration path: /home/runner/work/bzt-id-experiments/bzt-id-experiments/fabric-bench/caliper/networks/networkConfig.yaml
2026.10.07-11:23:22.314 info  [caliper] [cli-launch-worker] 	Set SUT type: fabric
2026.10.07-11:23:22.338 info  [caliper] [worker-orchestrator] 	1 workers connected, progressing to worker assignment phase.
2026.10.07-11:23:22.338 info  [caliper] [worker-orchestrator] 	Workers currently unassigned, awaiting index assignment...
2026.10.07-11:23:22.338 info  [caliper] [worker-orchestrator] 	Waiting for 1 workers to be assigned...
2026.10.07-11:23:22.347 info  [caliper] [worker-orchestrator] 	1 workers assigned, progressing to worker initialization phase.
2026.10.07-11:23:22.347 info  [caliper] [worker-orchestrator] 	Waiting for 1 workers to be ready...
2026.10.07-11:23:22.349 info  [caliper] [worker-message-handler] 	Initializing Worker#0...
2026.10.07-11:23:22.446 info  [caliper] [FabricConnectorFactory] 	Initializing peer gateway connector compatible with installed fabric-gateway SDK: 1.7.1
2026.10.07-11:23:22.449 info  [caliper] [IdentityManager] 	Adding User1@org1.example.com (admin=false) as User1@org1.example.com for organization Org1MSP
2026.10.07-11:23:22.452 info  [caliper] [worker-message-handler] 	Worker#0 initialized
2026.10.07-11:23:22.453 info  [caliper] [worker-orchestrator] 	1 workers ready, progressing to test preparation phase.
2026.10.07-11:23:22.453 info  [caliper] [round-orchestrator] 	Started round 1 (seed)
2026.10.07-11:23:22.454 info  [caliper] [worker-message-handler] 	Preparing Worker#0 for Round#0
2026.10.07-11:23:22.463 info  [caliper] [connectors/peer-gateway/PeerGateway] 	Generating contract map for user User1@org1.example.com
2026.10.07-11:23:22.463 info  [caliper] [caliper-worker] 	Info: worker 0 prepare test phase for round 0 is starting...
2026.10.07-11:23:22.464 info  [caliper] [connectors/peer-gateway/PeerGateway] 	disconnecting gateway for user User1@org1.example.com
2026.10.07-11:23:22.465 info  [caliper] [connectors/peer-gateway/PeerGateway] 	disconnecting gRpc client at peer peer0.org1.example.com
2026.10.07-11:23:22.465 info  [caliper] [caliper-worker] 	Info: worker 0 prepare test phase for round 0 is completed
2026.10.07-11:23:22.465 info  [caliper] [worker-message-handler] 	Worker#0 prepared for Round#0
2026.10.07-11:23:22.466 info  [caliper] [worker-orchestrator] 	1 workers prepared, progressing to test phase.
2026.10.07-11:23:22.466 info  [caliper] [round-orchestrator] 	Monitors successfully started
2026.10.07-11:23:22.466 info  [caliper] [worker-message-handler] 	Worker#0 is starting Round#0
2026.10.07-11:23:22.468 info  [caliper] [connectors/peer-gateway/PeerGateway] 	Generating contract map for user User1@org1.example.com
2026.10.07-11:23:22.469 info  [caliper] [caliper-worker] 	Worker #0 starting workload loop
2026.10.07-11:23:27.473 info  [caliper] [default-observer] 	[seed Round 0 Transaction Info] - Submitted: 171 Succ: 120 Fail:0 Unfinished:51
2026.10.07-11:23:30.080 info  [caliper] [connectors/peer-gateway/PeerGateway] 	disconnecting gateway for user User1@org1.example.com
2026.10.07-11:23:30.080 info  [caliper] [connectors/peer-gateway/PeerGateway] 	disconnecting gRpc client at peer peer0.org1.example.com
2026.10.07-11:23:30.080 info  [caliper] [worker-message-handler] 	Worker#0 finished Round#0
2026.10.07-11:23:35.084 info  [caliper] [default-observer] 	Resetting txCount indicator count
2026.10.07-11:23:35.085 info  [caliper] [report-builder] 	### Test result ###
2026.10.07-11:23:35.087 info  [caliper] [report-builder] 	
+------+------+------+-----------------+-----------------+-----------------+-----------------+------------------+
| Name | Succ | Fail | Send Rate (TPS) | Max Latency (s) | Min Latency (s) | Avg Latency (s) | Throughput (TPS) |
|------|------|------|-----------------|-----------------|-----------------|-----------------|------------------|
| seed | 500  | 0    | 79.3            | 1.93            | 0.04            | 0.23            | 78.7             |
+------+------+------+-----------------+-----------------+-----------------+-----------------+------------------+

2026.10.07-11:23:35.088 info  [caliper] [round-orchestrator] 	Finished round 1 (seed) in 6.61 seconds
2026.10.07-11:23:35.088 info  [caliper] [monitor.js] 	Stopping all monitors
2026.10.07-11:23:35.088 info  [caliper] [round-orchestrator] 	Waiting 5 seconds for the next round...
2026.10.07-11:23:40.092 info  [caliper] [round-orchestrator] 	Started round 2 (issue-10tps)
2026.10.07-11:23:40.092 info  [caliper] [worker-message-handler] 	Preparing Worker#0 for Round#1
2026.10.07-11:23:40.094 info  [caliper] [connectors/peer-gateway/PeerGateway] 	Generating contract map for user User1@org1.example.com
2026.10.07-11:23:40.094 info  [caliper] [caliper-worker] 	Info: worker 0 prepare test phase for round 1 is starting...
2026.10.07-11:23:40.095 info  [caliper] [connectors/peer-gateway/PeerGateway] 	disconnecting gateway for user User1@org1.example.com
2026.10.07-11:23:40.096 info  [caliper] [connectors/peer-gateway/PeerGateway] 	disconnecting gRpc client at peer peer0.org1.example.com
2026.10.07-11:23:40.096 info  [caliper] [caliper-worker] 	Info: worker 0 prepare test phase for round 1 is completed
2026.10.07-11:23:40.096 info  [caliper] [worker-message-handler] 	Worker#0 prepared for Round#1
2026.10.07-11:23:40.096 info  [caliper] [worker-orchestrator] 	1 workers prepared, progressing to test phase.
2026.10.07-11:23:40.096 info  [caliper] [round-orchestrator] 	Monitors successfully started
2026.10.07-11:23:40.096 info  [caliper] [worker-message-handler] 	Worker#0 is starting Round#1
2026.10.07-11:23:40.097 info  [caliper] [connectors/peer-gateway/PeerGateway] 	Generating contract map for user User1@org1.example.com
2026.10.07-11:23:40.098 info  [caliper] [caliper-worker] 	Worker #0 starting workload loop
2026.10.07-11:23:45.098 info  [caliper] [default-observer] 	[issue-10tps Round 1 Transaction Info] - Submitted: 40 Succ: 40 Fail:0 Unfinished:0
2026.10.07-11:23:50.100 info  [caliper] [default-observer] 	[issue-10tps Round 1 Transaction Info] - Submitted: 91 Succ: 90 Fail:0 Unfinished:1
2026.10.07-11:23:55.100 info  [caliper] [default-observer] 	[issue-10tps Round 1 Transaction Info] - Submitted: 141 Succ: 140 Fail:0 Unfinished:1
2026.10.07-11:24:00.101 info  [caliper] [default-observer] 	[issue-10tps Round 1 Transaction Info] - Submitted: 191 Succ: 190 Fail:0 Unfinished:1
2026.10.07-11:24:05.102 info  [caliper] [default-observer] 	[issue-10tps Round 1 Transaction Info] - Submitted: 241 Succ: 240 Fail:0 Unfinished:1
2026.10.07-11:24:10.103 info  [caliper] [default-observer] 	[issue-10tps Round 1 Transaction Info] - Submitted: 291 Succ: 290 Fail:0 Unfinished:1
2026.10.07-11:24:13.205 info  [caliper] [connectors/peer-gateway/PeerGateway] 	disconnecting gateway for user User1@org1.example.com
2026.10.07-11:24:13.206 info  [caliper] [connectors/peer-gateway/PeerGateway] 	disconnecting gRpc client at peer peer0.org1.example.com
2026.10.07-11:24:13.206 info  [caliper] [worker-message-handler] 	Worker#0 finished Round#1
2026.10.07-11:24:18.209 info  [caliper] [default-observer] 	Resetting txCount indicator count
2026.10.07-11:24:18.209 info  [caliper] [report-builder] 	### Test result ###
2026.10.07-11:24:18.210 info  [caliper] [report-builder] 	
+-------------+------+------+-----------------+-----------------+-----------------+-----------------+------------------+
| Name        | Succ | Fail | Send Rate (TPS) | Max Latency (s) | Min Latency (s) | Avg Latency (s) | Throughput (TPS) |
|-------------|------|------|-----------------|-----------------|-----------------|-----------------|------------------|
| issue-10tps | 301  | 0    | 10.0            | 2.05            | 0.02            | 0.52            | 9.4              |
+-------------+------+------+-----------------+-----------------+-----------------+-----------------+------------------+

2026.10.07-11:24:18.210 info  [caliper] [round-orchestrator] 	Finished round 2 (issue-10tps) in 32.107 seconds
2026.10.07-11:24:18.210 info  [caliper] [monitor.js] 	Stopping all monitors
2026.10.07-11:24:18.210 info  [caliper] [round-orchestrator] 	Waiting 5 seconds for the next round...
2026.10.07-11:24:23.212 info  [caliper] [round-orchestrator] 	Started round 3 (issue-25tps)
2026.10.07-11:24:23.213 info  [caliper] [worker-message-handler] 	Preparing Worker#0 for Round#2
2026.10.07-11:24:23.214 info  [caliper] [connectors/peer-gateway/PeerGateway] 	Generating contract map for user User1@org1.example.com
2026.10.07-11:24:23.215 info  [caliper] [caliper-worker] 	Info: worker 0 prepare test phase for round 2 is starting...
2026.10.07-11:24:23.216 info  [caliper] [connectors/peer-gateway/PeerGateway] 	disconnecting gateway for user User1@org1.example.com
2026.10.07-11:24:23.216 info  [caliper] [connectors/peer-gateway/PeerGateway] 	disconnecting gRpc client at peer peer0.org1.example.com
2026.10.07-11:24:23.216 info  [caliper] [caliper-worker] 	Info: worker 0 prepare test phase for round 2 is completed
2026.10.07-11:24:23.216 info  [caliper] [worker-message-handler] 	Worker#0 prepared for Round#2
2026.10.07-11:24:23.216 info  [caliper] [worker-orchestrator] 	1 workers prepared, progressing to test phase.
2026.10.07-11:24:23.217 info  [caliper] [round-orchestrator] 	Monitors successfully started
2026.10.07-11:24:23.217 info  [caliper] [worker-message-handler] 	Worker#0 is starting Round#2
2026.10.07-11:24:23.218 info  [caliper] [connectors/peer-gateway/PeerGateway] 	Generating contract map for user User1@org1.example.com
2026.10.07-11:24:23.218 info  [caliper] [caliper-worker] 	Worker #0 starting workload loop
2026.10.07-11:24:28.218 info  [caliper] [default-observer] 	[issue-25tps Round 2 Transaction Info] - Submitted: 100 Succ: 100 Fail:0 Unfinished:0
2026.10.07-11:24:33.219 info  [caliper] [default-observer] 	[issue-25tps Round 2 Transaction Info] - Submitted: 250 Succ: 250 Fail:0 Unfinished:0
2026.10.07-11:24:38.219 info  [caliper] [default-observer] 	[issue-25tps Round 2 Transaction Info] - Submitted: 376 Succ: 370 Fail:0 Unfinished:6
2026.10.07-11:24:43.219 info  [caliper] [default-observer] 	[issue-25tps Round 2 Transaction Info] - Submitted: 500 Succ: 500 Fail:0 Unfinished:0
2026.10.07-11:24:48.220 info  [caliper] [default-observer] 	[issue-25tps Round 2 Transaction Info] - Submitted: 601 Succ: 590 Fail:0 Unfinished:11
2026.10.07-11:24:53.221 info  [caliper] [default-observer] 	[issue-25tps Round 2 Transaction Info] - Submitted: 751 Succ: 750 Fail:0 Unfinished:1
2026.10.07-11:24:56.323 info  [caliper] [connectors/peer-gateway/PeerGateway] 	disconnecting gateway for user User1@org1.example.com
2026.10.07-11:24:56.323 info  [caliper] [connectors/peer-gateway/PeerGateway] 	disconnecting gRpc client at peer peer0.org1.example.com
2026.10.07-11:24:56.324 info  [caliper] [worker-message-handler] 	Worker#0 finished Round#2
2026.10.07-11:25:01.325 info  [caliper] [default-observer] 	Resetting txCount indicator count
2026.10.07-11:25:01.326 info  [caliper] [report-builder] 	### Test result ###
2026.10.07-11:25:01.326 info  [caliper] [report-builder] 	
+-------------+------+------+-----------------+-----------------+-----------------+-----------------+------------------+
| Name        | Succ | Fail | Send Rate (TPS) | Max Latency (s) | Min Latency (s) | Avg Latency (s) | Throughput (TPS) |
|-------------|------|------|-----------------|-----------------|-----------------|-----------------|------------------|
| issue-25tps | 751  | 0    | 25.0            | 2.01            | 0.01            | 0.21            | 23.5             |
+-------------+------+------+-----------------+-----------------+-----------------+-----------------+------------------+

2026.10.07-11:25:01.326 info  [caliper] [round-orchestrator] 	Finished round 3 (issue-25tps) in 32.105 seconds
2026.10.07-11:25:01.326 info  [caliper] [monitor.js] 	Stopping all monitors
2026.10.07-11:25:01.326 info  [caliper] [round-orchestrator] 	Waiting 5 seconds for the next round...
2026.10.07-11:25:06.332 info  [caliper] [round-orchestrator] 	Started round 4 (issue-50tps)
2026.10.07-11:25:06.333 info  [caliper] [worker-message-handler] 	Preparing Worker#0 for Round#3
2026.10.07-11:25:06.336 info  [caliper] [connectors/peer-gateway/PeerGateway] 	Generating contract map for user User1@org1.example.com
2026.10.07-11:25:06.336 info  [caliper] [caliper-worker] 	Info: worker 0 prepare test phase for round 3 is starting...
2026.10.07-11:25:06.337 info  [caliper] [connectors/peer-gateway/PeerGateway] 	disconnecting gateway for user User1@org1.example.com
2026.10.07-11:25:06.337 info  [caliper] [connectors/peer-gateway/PeerGateway] 	disconnecting gRpc client at peer peer0.org1.example.com
2026.10.07-11:25:06.337 info  [caliper] [caliper-worker] 	Info: worker 0 prepare test phase for round 3 is completed
2026.10.07-11:25:06.337 info  [caliper] [worker-message-handler] 	Worker#0 prepared for Round#3
2026.10.07-11:25:06.338 info  [caliper] [worker-orchestrator] 	1 workers prepared, progressing to test phase.
2026.10.07-11:25:06.338 info  [caliper] [round-orchestrator] 	Monitors successfully started
2026.10.07-11:25:06.338 info  [caliper] [worker-message-handler] 	Worker#0 is starting Round#3
2026.10.07-11:25:06.339 info  [caliper] [connectors/peer-gateway/PeerGateway] 	Generating contract map for user User1@org1.example.com
2026.10.07-11:25:06.339 info  [caliper] [caliper-worker] 	Worker #0 starting workload loop
2026.10.07-11:25:11.338 info  [caliper] [default-observer] 	[issue-50tps Round 3 Transaction Info] - Submitted: 200 Succ: 200 Fail:0 Unfinished:0
2026.10.07-11:25:16.339 info  [caliper] [default-observer] 	[issue-50tps Round 3 Transaction Info] - Submitted: 451 Succ: 450 Fail:0 Unfinished:1
2026.10.07-11:25:21.340 info  [caliper] [default-observer] 	[issue-50tps Round 3 Transaction Info] - Submitted: 701 Succ: 700 Fail:0 Unfinished:1
2026.10.07-11:25:26.341 info  [caliper] [default-observer] 	[issue-50tps Round 3 Transaction Info] - Submitted: 1001 Succ: 1000 Fail:0 Unfinished:1
2026.10.07-11:25:31.341 info  [caliper] [default-observer] 	[issue-50tps Round 3 Transaction Info] - Submitted: 1250 Succ: 1243 Fail:0 Unfinished:7
2026.10.07-11:25:36.342 info  [caliper] [default-observer] 	[issue-50tps Round 3 Transaction Info] - Submitted: 1501 Succ: 1500 Fail:0 Unfinished:1
2026.10.07-11:25:39.448 info  [caliper] [connectors/peer-gateway/PeerGateway] 	disconnecting gateway for user User1@org1.example.com
2026.10.07-11:25:39.448 info  [caliper] [connectors/peer-gateway/PeerGateway] 	disconnecting gRpc client at peer peer0.org1.example.com
2026.10.07-11:25:39.448 info  [caliper] [worker-message-handler] 	Worker#0 finished Round#3
2026.10.07-11:25:44.450 info  [caliper] [default-observer] 	Resetting txCount indicator count
2026.10.07-11:25:44.451 info  [caliper] [report-builder] 	### Test result ###
2026.10.07-11:25:44.451 info  [caliper] [report-builder] 	
+-------------+------+------+-----------------+-----------------+-----------------+-----------------+------------------+
| Name        | Succ | Fail | Send Rate (TPS) | Max Latency (s) | Min Latency (s) | Avg Latency (s) | Throughput (TPS) |
|-------------|------|------|-----------------|-----------------|-----------------|-----------------|------------------|
| issue-50tps | 1501 | 0    | 50.0            | 2.01            | 0.01            | 0.12            | 46.9             |
+-------------+------+------+-----------------+-----------------+-----------------+-----------------+------------------+

2026.10.07-11:25:44.452 info  [caliper] [round-orchestrator] 	Finished round 4 (issue-50tps) in 32.108 seconds
2026.10.07-11:25:44.452 info  [caliper] [monitor.js] 	Stopping all monitors
2026.10.07-11:25:44.452 info  [caliper] [round-orchestrator] 	Waiting 5 seconds for the next round...
2026.10.07-11:25:49.455 info  [caliper] [round-orchestrator] 	Started round 5 (issue-100tps)
2026.10.07-11:25:49.456 info  [caliper] [worker-message-handler] 	Preparing Worker#0 for Round#4
2026.10.07-11:25:49.459 info  [caliper] [connectors/peer-gateway/PeerGateway] 	Generating contract map for user User1@org1.example.com
2026.10.07-11:25:49.460 info  [caliper] [caliper-worker] 	Info: worker 0 prepare test phase for round 4 is starting...
2026.10.07-11:25:49.460 info  [caliper] [connectors/peer-gateway/PeerGateway] 	disconnecting gateway for user User1@org1.example.com
2026.10.07-11:25:49.460 info  [caliper] [connectors/peer-gateway/PeerGateway] 	disconnecting gRpc client at peer peer0.org1.example.com
2026.10.07-11:25:49.460 info  [caliper] [caliper-worker] 	Info: worker 0 prepare test phase for round 4 is completed
2026.10.07-11:25:49.460 info  [caliper] [worker-message-handler] 	Worker#0 prepared for Round#4
2026.10.07-11:25:49.460 info  [caliper] [worker-orchestrator] 	1 workers prepared, progressing to test phase.
2026.10.07-11:25:49.460 info  [caliper] [round-orchestrator] 	Monitors successfully started
2026.10.07-11:25:49.460 info  [caliper] [worker-message-handler] 	Worker#0 is starting Round#4
2026.10.07-11:25:49.461 info  [caliper] [connectors/peer-gateway/PeerGateway] 	Generating contract map for user User1@org1.example.com
2026.10.07-11:25:49.462 info  [caliper] [caliper-worker] 	Worker #0 starting workload loop
2026.10.07-11:25:54.462 info  [caliper] [default-observer] 	[issue-100tps Round 4 Transaction Info] - Submitted: 400 Succ: 390 Fail:0 Unfinished:10
2026.10.07-11:25:59.461 info  [caliper] [default-observer] 	[issue-100tps Round 4 Transaction Info] - Submitted: 900 Succ: 890 Fail:0 Unfinished:10
2026.10.07-11:26:04.464 info  [caliper] [default-observer] 	[issue-100tps Round 4 Transaction Info] - Submitted: 1400 Succ: 1390 Fail:0 Unfinished:10
2026.10.07-11:26:09.465 info  [caliper] [default-observer] 	[issue-100tps Round 4 Transaction Info] - Submitted: 1901 Succ: 1890 Fail:0 Unfinished:11
2026.10.07-11:26:14.466 info  [caliper] [default-observer] 	[issue-100tps Round 4 Transaction Info] - Submitted: 2401 Succ: 2390 Fail:0 Unfinished:11
2026.10.07-11:26:19.467 info  [caliper] [default-observer] 	[issue-100tps Round 4 Transaction Info] - Submitted: 2901 Succ: 2890 Fail:0 Unfinished:11
2026.10.07-11:26:22.568 info  [caliper] [connectors/peer-gateway/PeerGateway] 	disconnecting gateway for user User1@org1.example.com
2026.10.07-11:26:22.568 info  [caliper] [connectors/peer-gateway/PeerGateway] 	disconnecting gRpc client at peer peer0.org1.example.com
2026.10.07-11:26:22.569 info  [caliper] [worker-message-handler] 	Worker#0 finished Round#4
2026.10.07-11:26:27.573 info  [caliper] [default-observer] 	Resetting txCount indicator count
2026.10.07-11:26:27.573 info  [caliper] [report-builder] 	### Test result ###
2026.10.07-11:26:27.574 info  [caliper] [report-builder] 	
+--------------+------+------+-----------------+-----------------+-----------------+-----------------+------------------+
| Name         | Succ | Fail | Send Rate (TPS) | Max Latency (s) | Min Latency (s) | Avg Latency (s) | Throughput (TPS) |
|--------------|------|------|-----------------|-----------------|-----------------|-----------------|------------------|
| issue-100tps | 3001 | 0    | 100.0           | 2.01            | 0.01            | 0.08            | 93.8             |
+--------------+------+------+-----------------+-----------------+-----------------+-----------------+------------------+

2026.10.07-11:26:27.574 info  [caliper] [round-orchestrator] 	Finished round 5 (issue-100tps) in 32.106 seconds
2026.10.07-11:26:27.574 info  [caliper] [monitor.js] 	Stopping all monitors
2026.10.07-11:26:27.574 info  [caliper] [round-orchestrator] 	Waiting 5 seconds for the next round...
2026.10.07-11:26:32.579 info  [caliper] [round-orchestrator] 	Started round 6 (issue-150tps)
2026.10.07-11:26:32.580 info  [caliper] [worker-message-handler] 	Preparing Worker#0 for Round#5
2026.10.07-11:26:32.583 info  [caliper] [connectors/peer-gateway/PeerGateway] 	Generating contract map for user User1@org1.example.com
2026.10.07-11:26:32.583 info  [caliper] [caliper-worker] 	Info: worker 0 prepare test phase for round 5 is starting...
2026.10.07-11:26:32.584 info  [caliper] [connectors/peer-gateway/PeerGateway] 	disconnecting gateway for user User1@org1.example.com
2026.10.07-11:26:32.585 info  [caliper] [connectors/peer-gateway/PeerGateway] 	disconnecting gRpc client at peer peer0.org1.example.com
2026.10.07-11:26:32.585 info  [caliper] [caliper-worker] 	Info: worker 0 prepare test phase for round 5 is completed
2026.10.07-11:26:32.585 info  [caliper] [worker-message-handler] 	Worker#0 prepared for Round#5
2026.10.07-11:26:32.585 info  [caliper] [worker-orchestrator] 	1 workers prepared, progressing to test phase.
2026.10.07-11:26:32.585 info  [caliper] [round-orchestrator] 	Monitors successfully started
2026.10.07-11:26:32.585 info  [caliper] [worker-message-handler] 	Worker#0 is starting Round#5
2026.10.07-11:26:32.586 info  [caliper] [connectors/peer-gateway/PeerGateway] 	Generating contract map for user User1@org1.example.com
2026.10.07-11:26:32.586 info  [caliper] [caliper-worker] 	Worker #0 starting workload loop
2026.10.07-11:26:37.587 info  [caliper] [default-observer] 	[issue-150tps Round 5 Transaction Info] - Submitted: 601 Succ: 590 Fail:0 Unfinished:11
2026.10.07-11:26:42.589 info  [caliper] [default-observer] 	[issue-150tps Round 5 Transaction Info] - Submitted: 1351 Succ: 1340 Fail:0 Unfinished:11
2026.10.07-11:26:47.590 info  [caliper] [default-observer] 	[issue-150tps Round 5 Transaction Info] - Submitted: 2101 Succ: 2090 Fail:0 Unfinished:11
2026.10.07-11:26:52.591 info  [caliper] [default-observer] 	[issue-150tps Round 5 Transaction Info] - Submitted: 2851 Succ: 2840 Fail:0 Unfinished:11
2026.10.07-11:26:57.595 info  [caliper] [default-observer] 	[issue-150tps Round 5 Transaction Info] - Submitted: 3751 Succ: 3710 Fail:0 Unfinished:41
2026.10.07-11:27:02.596 info  [caliper] [default-observer] 	[issue-150tps Round 5 Transaction Info] - Submitted: 4352 Succ: 4340 Fail:0 Unfinished:12
2026.10.07-11:27:05.695 info  [caliper] [connectors/peer-gateway/PeerGateway] 	disconnecting gateway for user User1@org1.example.com
2026.10.07-11:27:05.695 info  [caliper] [connectors/peer-gateway/PeerGateway] 	disconnecting gRpc client at peer peer0.org1.example.com
2026.10.07-11:27:05.695 info  [caliper] [worker-message-handler] 	Worker#0 finished Round#5
2026.10.07-11:27:10.699 info  [caliper] [default-observer] 	Resetting txCount indicator count
2026.10.07-11:27:10.700 info  [caliper] [report-builder] 	### Test result ###
2026.10.07-11:27:10.700 info  [caliper] [report-builder] 	
+--------------+------+------+-----------------+-----------------+-----------------+-----------------+------------------+
| Name         | Succ | Fail | Send Rate (TPS) | Max Latency (s) | Min Latency (s) | Avg Latency (s) | Throughput (TPS) |
|--------------|------|------|-----------------|-----------------|-----------------|-----------------|------------------|
| issue-150tps | 4501 | 0    | 150.0           | 2.07            | 0.01            | 0.15            | 140.4            |
+--------------+------+------+-----------------+-----------------+-----------------+-----------------+------------------+

2026.10.07-11:27:10.700 info  [caliper] [round-orchestrator] 	Finished round 6 (issue-150tps) in 32.108 seconds
2026.10.07-11:27:10.700 info  [caliper] [monitor.js] 	Stopping all monitors
2026.10.07-11:27:10.700 info  [caliper] [round-orchestrator] 	Waiting 5 seconds for the next round...
2026.10.07-11:27:15.703 info  [caliper] [round-orchestrator] 	Started round 7 (issue-200tps)
2026.10.07-11:27:15.704 info  [caliper] [worker-message-handler] 	Preparing Worker#0 for Round#6
2026.10.07-11:27:15.707 info  [caliper] [connectors/peer-gateway/PeerGateway] 	Generating contract map for user User1@org1.example.com
2026.10.07-11:27:15.707 info  [caliper] [caliper-worker] 	Info: worker 0 prepare test phase for round 6 is starting...
2026.10.07-11:27:15.709 info  [caliper] [connectors/peer-gateway/PeerGateway] 	disconnecting gateway for user User1@org1.example.com
2026.10.07-11:27:15.709 info  [caliper] [connectors/peer-gateway/PeerGateway] 	disconnecting gRpc client at peer peer0.org1.example.com
2026.10.07-11:27:15.709 info  [caliper] [caliper-worker] 	Info: worker 0 prepare test phase for round 6 is completed
2026.10.07-11:27:15.709 info  [caliper] [worker-message-handler] 	Worker#0 prepared for Round#6
2026.10.07-11:27:15.709 info  [caliper] [worker-orchestrator] 	1 workers prepared, progressing to test phase.
2026.10.07-11:27:15.709 info  [caliper] [round-orchestrator] 	Monitors successfully started
2026.10.07-11:27:15.710 info  [caliper] [worker-message-handler] 	Worker#0 is starting Round#6
2026.10.07-11:27:15.711 info  [caliper] [connectors/peer-gateway/PeerGateway] 	Generating contract map for user User1@org1.example.com
2026.10.07-11:27:15.711 info  [caliper] [caliper-worker] 	Worker #0 starting workload loop
2026.10.07-11:27:20.709 info  [caliper] [default-observer] 	[issue-200tps Round 6 Transaction Info] - Submitted: 801 Succ: 790 Fail:0 Unfinished:11
2026.10.07-11:27:25.710 info  [caliper] [default-observer] 	[issue-200tps Round 6 Transaction Info] - Submitted: 1801 Succ: 1790 Fail:0 Unfinished:11
2026.10.07-11:27:30.712 info  [caliper] [default-observer] 	[issue-200tps Round 6 Transaction Info] - Submitted: 2801 Succ: 2710 Fail:0 Unfinished:91
2026.10.07-11:27:35.713 info  [caliper] [default-observer] 	[issue-200tps Round 6 Transaction Info] - Submitted: 3802 Succ: 3790 Fail:0 Unfinished:12
2026.10.07-11:27:40.714 info  [caliper] [default-observer] 	[issue-200tps Round 6 Transaction Info] - Submitted: 4800 Succ: 4780 Fail:0 Unfinished:20
2026.10.07-11:27:45.715 info  [caliper] [default-observer] 	[issue-200tps Round 6 Transaction Info] - Submitted: 5803 Succ: 5770 Fail:0 Unfinished:33
2026.10.07-11:27:48.822 info  [caliper] [connectors/peer-gateway/PeerGateway] 	disconnecting gateway for user User1@org1.example.com
2026.10.07-11:27:48.822 info  [caliper] [connectors/peer-gateway/PeerGateway] 	disconnecting gRpc client at peer peer0.org1.example.com
2026.10.07-11:27:48.823 info  [caliper] [worker-message-handler] 	Worker#0 finished Round#6
2026.10.07-11:27:53.826 info  [caliper] [default-observer] 	Resetting txCount indicator count
2026.10.07-11:27:53.826 info  [caliper] [report-builder] 	### Test result ###
2026.10.07-11:27:53.827 info  [caliper] [report-builder] 	
+--------------+------+------+-----------------+-----------------+-----------------+-----------------+------------------+
| Name         | Succ | Fail | Send Rate (TPS) | Max Latency (s) | Min Latency (s) | Avg Latency (s) | Throughput (TPS) |
|--------------|------|------|-----------------|-----------------|-----------------|-----------------|------------------|
| issue-200tps | 6001 | 0    | 200.0           | 2.22            | 0.02            | 0.12            | 186.9            |
+--------------+------+------+-----------------+-----------------+-----------------+-----------------+------------------+

2026.10.07-11:27:53.827 info  [caliper] [round-orchestrator] 	Finished round 7 (issue-200tps) in 32.111 seconds
2026.10.07-11:27:53.827 info  [caliper] [monitor.js] 	Stopping all monitors
2026.10.07-11:27:53.827 info  [caliper] [round-orchestrator] 	Waiting 5 seconds for the next round...
2026.10.07-11:27:58.832 info  [caliper] [round-orchestrator] 	Started round 8 (issue-300tps)
2026.10.07-11:27:58.833 info  [caliper] [worker-message-handler] 	Preparing Worker#0 for Round#7
2026.10.07-11:27:58.836 info  [caliper] [connectors/peer-gateway/PeerGateway] 	Generating contract map for user User1@org1.example.com
2026.10.07-11:27:58.836 info  [caliper] [caliper-worker] 	Info: worker 0 prepare test phase for round 7 is starting...
2026.10.07-11:27:58.838 info  [caliper] [connectors/peer-gateway/PeerGateway] 	disconnecting gateway for user User1@org1.example.com
2026.10.07-11:27:58.838 info  [caliper] [connectors/peer-gateway/PeerGateway] 	disconnecting gRpc client at peer peer0.org1.example.com
2026.10.07-11:27:58.838 info  [caliper] [caliper-worker] 	Info: worker 0 prepare test phase for round 7 is completed
2026.10.07-11:27:58.838 info  [caliper] [worker-message-handler] 	Worker#0 prepared for Round#7
2026.10.07-11:27:58.838 info  [caliper] [worker-orchestrator] 	1 workers prepared, progressing to test phase.
2026.10.07-11:27:58.838 info  [caliper] [round-orchestrator] 	Monitors successfully started
2026.10.07-11:27:58.838 info  [caliper] [worker-message-handler] 	Worker#0 is starting Round#7
2026.10.07-11:27:58.839 info  [caliper] [connectors/peer-gateway/PeerGateway] 	Generating contract map for user User1@org1.example.com
2026.10.07-11:27:58.840 info  [caliper] [caliper-worker] 	Worker #0 starting workload loop
2026.10.07-11:28:03.845 info  [caliper] [default-observer] 	[issue-300tps Round 7 Transaction Info] - Submitted: 1171 Succ: 880 Fail:0 Unfinished:291
2026.10.07-11:28:08.847 info  [caliper] [default-observer] 	[issue-300tps Round 7 Transaction Info] - Submitted: 2506 Succ: 2490 Fail:0 Unfinished:16
2026.10.07-11:28:13.847 info  [caliper] [default-observer] 	[issue-300tps Round 7 Transaction Info] - Submitted: 3940 Succ: 3800 Fail:0 Unfinished:140
2026.10.07-11:28:18.848 info  [caliper] [default-observer] 	[issue-300tps Round 7 Transaction Info] - Submitted: 5343 Succ: 5160 Fail:0 Unfinished:183
2026.10.07-11:28:23.849 info  [caliper] [default-observer] 	[issue-300tps Round 7 Transaction Info] - Submitted: 6707 Succ: 6690 Fail:0 Unfinished:17
2026.10.07-11:28:28.850 info  [caliper] [default-observer] 	[issue-300tps Round 7 Transaction Info] - Submitted: 8277 Succ: 7440 Fail:0 Unfinished:837
2026.10.07-11:28:31.956 info  [caliper] [connectors/peer-gateway/PeerGateway] 	disconnecting gateway for user User1@org1.example.com
2026.10.07-11:28:31.956 info  [caliper] [connectors/peer-gateway/PeerGateway] 	disconnecting gRpc client at peer peer0.org1.example.com
2026.10.07-11:28:31.956 info  [caliper] [worker-message-handler] 	Worker#0 finished Round#7
2026.10.07-11:28:36.959 info  [caliper] [default-observer] 	Resetting txCount indicator count
2026.10.07-11:28:36.959 info  [caliper] [report-builder] 	### Test result ###
2026.10.07-11:28:36.959 info  [caliper] [report-builder] 	
+--------------+------+------+-----------------+-----------------+-----------------+-----------------+------------------+
| Name         | Succ | Fail | Send Rate (TPS) | Max Latency (s) | Min Latency (s) | Avg Latency (s) | Throughput (TPS) |
|--------------|------|------|-----------------|-----------------|-----------------|-----------------|------------------|
| issue-300tps | 8403 | 0    | 280.0           | 3.00            | 0.03            | 0.84            | 262.3            |
+--------------+------+------+-----------------+-----------------+-----------------+-----------------+------------------+

2026.10.07-11:28:36.960 info  [caliper] [round-orchestrator] 	Finished round 8 (issue-300tps) in 32.116 seconds
2026.10.07-11:28:36.960 info  [caliper] [monitor.js] 	Stopping all monitors
2026.10.07-11:28:36.960 info  [caliper] [round-orchestrator] 	Waiting 5 seconds for the next round...
2026.10.07-11:28:41.964 info  [caliper] [round-orchestrator] 	Started round 9 (verify-100tps)
2026.10.07-11:28:41.964 info  [caliper] [worker-message-handler] 	Preparing Worker#0 for Round#8
2026.10.07-11:28:41.968 info  [caliper] [connectors/peer-gateway/PeerGateway] 	Generating contract map for user User1@org1.example.com
2026.10.07-11:28:41.968 info  [caliper] [caliper-worker] 	Info: worker 0 prepare test phase for round 8 is starting...
2026.10.07-11:28:41.969 info  [caliper] [connectors/peer-gateway/PeerGateway] 	disconnecting gateway for user User1@org1.example.com
2026.10.07-11:28:41.969 info  [caliper] [connectors/peer-gateway/PeerGateway] 	disconnecting gRpc client at peer peer0.org1.example.com
2026.10.07-11:28:41.969 info  [caliper] [caliper-worker] 	Info: worker 0 prepare test phase for round 8 is completed
2026.10.07-11:28:41.969 info  [caliper] [worker-message-handler] 	Worker#0 prepared for Round#8
2026.10.07-11:28:41.970 info  [caliper] [worker-orchestrator] 	1 workers prepared, progressing to test phase.
2026.10.07-11:28:41.970 info  [caliper] [round-orchestrator] 	Monitors successfully started
2026.10.07-11:28:41.970 info  [caliper] [worker-message-handler] 	Worker#0 is starting Round#8
2026.10.07-11:28:41.971 info  [caliper] [connectors/peer-gateway/PeerGateway] 	Generating contract map for user User1@org1.example.com
2026.10.07-11:28:41.971 info  [caliper] [caliper-worker] 	Worker #0 starting workload loop
2026.10.07-11:28:46.971 info  [caliper] [default-observer] 	[verify-100tps Round 8 Transaction Info] - Submitted: 400 Succ: 400 Fail:0 Unfinished:0
2026.10.07-11:28:51.971 info  [caliper] [default-observer] 	[verify-100tps Round 8 Transaction Info] - Submitted: 900 Succ: 900 Fail:0 Unfinished:0
2026.10.07-11:28:56.972 info  [caliper] [default-observer] 	[verify-100tps Round 8 Transaction Info] - Submitted: 1401 Succ: 1400 Fail:0 Unfinished:1
2026.10.07-11:29:01.974 info  [caliper] [default-observer] 	[verify-100tps Round 8 Transaction Info] - Submitted: 2001 Succ: 2000 Fail:0 Unfinished:1
2026.10.07-11:29:06.973 info  [caliper] [default-observer] 	[verify-100tps Round 8 Transaction Info] - Submitted: 2501 Succ: 2500 Fail:0 Unfinished:1
2026.10.07-11:29:11.973 info  [caliper] [default-observer] 	[verify-100tps Round 8 Transaction Info] - Submitted: 3000 Succ: 3000 Fail:0 Unfinished:0
2026.10.07-11:29:13.073 info  [caliper] [connectors/peer-gateway/PeerGateway] 	disconnecting gateway for user User1@org1.example.com
2026.10.07-11:29:13.074 info  [caliper] [connectors/peer-gateway/PeerGateway] 	disconnecting gRpc client at peer peer0.org1.example.com
2026.10.07-11:29:13.074 info  [caliper] [worker-message-handler] 	Worker#0 finished Round#8
2026.10.07-11:29:18.075 info  [caliper] [default-observer] 	Resetting txCount indicator count
2026.10.07-11:29:18.075 info  [caliper] [report-builder] 	### Test result ###
2026.10.07-11:29:18.076 info  [caliper] [report-builder] 	
+---------------+------+------+-----------------+-----------------+-----------------+-----------------+------------------+
| Name          | Succ | Fail | Send Rate (TPS) | Max Latency (s) | Min Latency (s) | Avg Latency (s) | Throughput (TPS) |
|---------------|------|------|-----------------|-----------------|-----------------|-----------------|------------------|
| verify-100tps | 3001 | 0    | 100.0           | 0.01            | 0.00            | 0.00            | 100.0            |
+---------------+------+------+-----------------+-----------------+-----------------+-----------------+------------------+

2026.10.07-11:29:18.076 info  [caliper] [round-orchestrator] 	Finished round 9 (verify-100tps) in 30.103 seconds
2026.10.07-11:29:18.076 info  [caliper] [monitor.js] 	Stopping all monitors
2026.10.07-11:29:18.076 info  [caliper] [round-orchestrator] 	Waiting 5 seconds for the next round...
2026.10.07-11:29:23.081 info  [caliper] [round-orchestrator] 	Started round 10 (verify-200tps)
2026.10.07-11:29:23.081 info  [caliper] [worker-message-handler] 	Preparing Worker#0 for Round#9
2026.10.07-11:29:23.085 info  [caliper] [connectors/peer-gateway/PeerGateway] 	Generating contract map for user User1@org1.example.com
2026.10.07-11:29:23.085 info  [caliper] [caliper-worker] 	Info: worker 0 prepare test phase for round 9 is starting...
2026.10.07-11:29:23.086 info  [caliper] [connectors/peer-gateway/PeerGateway] 	disconnecting gateway for user User1@org1.example.com
2026.10.07-11:29:23.086 info  [caliper] [connectors/peer-gateway/PeerGateway] 	disconnecting gRpc client at peer peer0.org1.example.com
2026.10.07-11:29:23.086 info  [caliper] [caliper-worker] 	Info: worker 0 prepare test phase for round 9 is completed
2026.10.07-11:29:23.086 info  [caliper] [worker-message-handler] 	Worker#0 prepared for Round#9
2026.10.07-11:29:23.087 info  [caliper] [worker-orchestrator] 	1 workers prepared, progressing to test phase.
2026.10.07-11:29:23.087 info  [caliper] [round-orchestrator] 	Monitors successfully started
2026.10.07-11:29:23.087 info  [caliper] [worker-message-handler] 	Worker#0 is starting Round#9
2026.10.07-11:29:23.088 info  [caliper] [connectors/peer-gateway/PeerGateway] 	Generating contract map for user User1@org1.example.com
2026.10.07-11:29:23.088 info  [caliper] [caliper-worker] 	Worker #0 starting workload loop
2026.10.07-11:29:28.088 info  [caliper] [default-observer] 	[verify-200tps Round 9 Transaction Info] - Submitted: 800 Succ: 800 Fail:0 Unfinished:0
2026.10.07-11:29:33.089 info  [caliper] [default-observer] 	[verify-200tps Round 9 Transaction Info] - Submitted: 1800 Succ: 1800 Fail:0 Unfinished:0
2026.10.07-11:29:38.088 info  [caliper] [default-observer] 	[verify-200tps Round 9 Transaction Info] - Submitted: 2800 Succ: 2800 Fail:0 Unfinished:0
2026.10.07-11:29:43.089 info  [caliper] [default-observer] 	[verify-200tps Round 9 Transaction Info] - Submitted: 4000 Succ: 4000 Fail:0 Unfinished:0
2026.10.07-11:29:48.088 info  [caliper] [default-observer] 	[verify-200tps Round 9 Transaction Info] - Submitted: 4801 Succ: 4800 Fail:0 Unfinished:1
2026.10.07-11:29:53.089 info  [caliper] [default-observer] 	[verify-200tps Round 9 Transaction Info] - Submitted: 5801 Succ: 5800 Fail:0 Unfinished:1
2026.10.07-11:29:54.188 info  [caliper] [connectors/peer-gateway/PeerGateway] 	disconnecting gateway for user User1@org1.example.com
2026.10.07-11:29:54.188 info  [caliper] [connectors/peer-gateway/PeerGateway] 	disconnecting gRpc client at peer peer0.org1.example.com
2026.10.07-11:29:54.189 info  [caliper] [worker-message-handler] 	Worker#0 finished Round#9
2026.10.07-11:29:59.190 info  [caliper] [default-observer] 	Resetting txCount indicator count
2026.10.07-11:29:59.191 info  [caliper] [report-builder] 	### Test result ###
2026.10.07-11:29:59.191 info  [caliper] [report-builder] 	
+---------------+------+------+-----------------+-----------------+-----------------+-----------------+------------------+
| Name          | Succ | Fail | Send Rate (TPS) | Max Latency (s) | Min Latency (s) | Avg Latency (s) | Throughput (TPS) |
|---------------|------|------|-----------------|-----------------|-----------------|-----------------|------------------|
| verify-200tps | 6001 | 0    | 200.0           | 0.01            | 0.00            | 0.00            | 200.0            |
+---------------+------+------+-----------------+-----------------+-----------------+-----------------+------------------+

2026.10.07-11:29:59.191 info  [caliper] [round-orchestrator] 	Finished round 10 (verify-200tps) in 30.1 seconds
2026.10.07-11:29:59.191 info  [caliper] [monitor.js] 	Stopping all monitors
2026.10.07-11:29:59.191 info  [caliper] [round-orchestrator] 	Waiting 5 seconds for the next round...
2026.10.07-11:30:04.197 info  [caliper] [round-orchestrator] 	Started round 11 (verify-400tps)
2026.10.07-11:30:04.197 info  [caliper] [worker-message-handler] 	Preparing Worker#0 for Round#10
2026.10.07-11:30:04.200 info  [caliper] [connectors/peer-gateway/PeerGateway] 	Generating contract map for user User1@org1.example.com
2026.10.07-11:30:04.201 info  [caliper] [caliper-worker] 	Info: worker 0 prepare test phase for round 10 is starting...
2026.10.07-11:30:04.202 info  [caliper] [connectors/peer-gateway/PeerGateway] 	disconnecting gateway for user User1@org1.example.com
2026.10.07-11:30:04.202 info  [caliper] [connectors/peer-gateway/PeerGateway] 	disconnecting gRpc client at peer peer0.org1.example.com
2026.10.07-11:30:04.202 info  [caliper] [caliper-worker] 	Info: worker 0 prepare test phase for round 10 is completed
2026.10.07-11:30:04.202 info  [caliper] [worker-message-handler] 	Worker#0 prepared for Round#10
2026.10.07-11:30:04.202 info  [caliper] [worker-orchestrator] 	1 workers prepared, progressing to test phase.
2026.10.07-11:30:04.202 info  [caliper] [round-orchestrator] 	Monitors successfully started
2026.10.07-11:30:04.203 info  [caliper] [worker-message-handler] 	Worker#0 is starting Round#10
2026.10.07-11:30:04.204 info  [caliper] [connectors/peer-gateway/PeerGateway] 	Generating contract map for user User1@org1.example.com
2026.10.07-11:30:04.204 info  [caliper] [caliper-worker] 	Worker #0 starting workload loop
2026.10.07-11:30:09.203 info  [caliper] [default-observer] 	[verify-400tps Round 10 Transaction Info] - Submitted: 1601 Succ: 1600 Fail:0 Unfinished:1
2026.10.07-11:30:14.204 info  [caliper] [default-observer] 	[verify-400tps Round 10 Transaction Info] - Submitted: 3601 Succ: 3600 Fail:0 Unfinished:1
2026.10.07-11:30:19.205 info  [caliper] [default-observer] 	[verify-400tps Round 10 Transaction Info] - Submitted: 5601 Succ: 5600 Fail:0 Unfinished:1
2026.10.07-11:30:24.206 info  [caliper] [default-observer] 	[verify-400tps Round 10 Transaction Info] - Submitted: 7601 Succ: 7600 Fail:0 Unfinished:1
2026.10.07-11:30:29.207 info  [caliper] [default-observer] 	[verify-400tps Round 10 Transaction Info] - Submitted: 10002 Succ: 10000 Fail:0 Unfinished:2
2026.10.07-11:30:34.207 info  [caliper] [default-observer] 	[verify-400tps Round 10 Transaction Info] - Submitted: 12001 Succ: 12000 Fail:0 Unfinished:1
2026.10.07-11:30:35.305 info  [caliper] [connectors/peer-gateway/PeerGateway] 	disconnecting gateway for user User1@org1.example.com
2026.10.07-11:30:35.305 info  [caliper] [connectors/peer-gateway/PeerGateway] 	disconnecting gRpc client at peer peer0.org1.example.com
2026.10.07-11:30:35.305 info  [caliper] [worker-message-handler] 	Worker#0 finished Round#10
2026.10.07-11:30:40.307 info  [caliper] [default-observer] 	Resetting txCount indicator count
2026.10.07-11:30:40.307 info  [caliper] [report-builder] 	### Test result ###
2026.10.07-11:30:40.308 info  [caliper] [report-builder] 	
+---------------+-------+------+-----------------+-----------------+-----------------+-----------------+------------------+
| Name          | Succ  | Fail | Send Rate (TPS) | Max Latency (s) | Min Latency (s) | Avg Latency (s) | Throughput (TPS) |
|---------------|-------|------|-----------------|-----------------|-----------------|-----------------|------------------|
| verify-400tps | 12001 | 0    | 400.0           | 0.02            | 0.00            | 0.00            | 400.0            |
+---------------+-------+------+-----------------+-----------------+-----------------+-----------------+------------------+

2026.10.07-11:30:40.308 info  [caliper] [round-orchestrator] 	Finished round 11 (verify-400tps) in 30.101 seconds
2026.10.07-11:30:40.308 info  [caliper] [monitor.js] 	Stopping all monitors
2026.10.07-11:30:40.308 info  [caliper] [round-orchestrator] 	Waiting 5 seconds for the next round...
2026.10.07-11:30:45.310 info  [caliper] [round-orchestrator] 	Started round 12 (verify-600tps)
2026.10.07-11:30:45.311 info  [caliper] [worker-message-handler] 	Preparing Worker#0 for Round#11
2026.10.07-11:30:45.314 info  [caliper] [connectors/peer-gateway/PeerGateway] 	Generating contract map for user User1@org1.example.com
2026.10.07-11:30:45.314 info  [caliper] [caliper-worker] 	Info: worker 0 prepare test phase for round 11 is starting...
2026.10.07-11:30:45.315 info  [caliper] [connectors/peer-gateway/PeerGateway] 	disconnecting gateway for user User1@org1.example.com
2026.10.07-11:30:45.315 info  [caliper] [connectors/peer-gateway/PeerGateway] 	disconnecting gRpc client at peer peer0.org1.example.com
2026.10.07-11:30:45.315 info  [caliper] [caliper-worker] 	Info: worker 0 prepare test phase for round 11 is completed
2026.10.07-11:30:45.315 info  [caliper] [worker-message-handler] 	Worker#0 prepared for Round#11
2026.10.07-11:30:45.316 info  [caliper] [worker-orchestrator] 	1 workers prepared, progressing to test phase.
2026.10.07-11:30:45.316 info  [caliper] [round-orchestrator] 	Monitors successfully started
2026.10.07-11:30:45.316 info  [caliper] [worker-message-handler] 	Worker#0 is starting Round#11
2026.10.07-11:30:45.317 info  [caliper] [connectors/peer-gateway/PeerGateway] 	Generating contract map for user User1@org1.example.com
2026.10.07-11:30:45.317 info  [caliper] [caliper-worker] 	Worker #0 starting workload loop
2026.10.07-11:30:50.316 info  [caliper] [default-observer] 	[verify-600tps Round 11 Transaction Info] - Submitted: 2989 Succ: 2987 Fail:0 Unfinished:2
2026.10.07-11:30:55.318 info  [caliper] [default-observer] 	[verify-600tps Round 11 Transaction Info] - Submitted: 5971 Succ: 5970 Fail:0 Unfinished:1
2026.10.07-11:31:00.318 info  [caliper] [default-observer] 	[verify-600tps Round 11 Transaction Info] - Submitted: 8992 Succ: 8990 Fail:0 Unfinished:2
2026.10.07-11:31:05.319 info  [caliper] [default-observer] 	[verify-600tps Round 11 Transaction Info] - Submitted: 12000 Succ: 11997 Fail:0 Unfinished:3
2026.10.07-11:31:10.318 info  [caliper] [default-observer] 	[verify-600tps Round 11 Transaction Info] - Submitted: 14981 Succ: 14980 Fail:0 Unfinished:1
2026.10.07-11:31:15.319 info  [caliper] [default-observer] 	[verify-600tps Round 11 Transaction Info] - Submitted: 18000 Succ: 17999 Fail:0 Unfinished:1
2026.10.07-11:31:16.419 info  [caliper] [connectors/peer-gateway/PeerGateway] 	disconnecting gateway for user User1@org1.example.com
2026.10.07-11:31:16.419 info  [caliper] [connectors/peer-gateway/PeerGateway] 	disconnecting gRpc client at peer peer0.org1.example.com
2026.10.07-11:31:16.419 info  [caliper] [worker-message-handler] 	Worker#0 finished Round#11
2026.10.07-11:31:21.421 info  [caliper] [default-observer] 	Resetting txCount indicator count
2026.10.07-11:31:21.421 info  [caliper] [report-builder] 	### Test result ###
2026.10.07-11:31:21.422 info  [caliper] [report-builder] 	
+---------------+-------+------+-----------------+-----------------+-----------------+-----------------+------------------+
| Name          | Succ  | Fail | Send Rate (TPS) | Max Latency (s) | Min Latency (s) | Avg Latency (s) | Throughput (TPS) |
|---------------|-------|------|-----------------|-----------------|-----------------|-----------------|------------------|
| verify-600tps | 18000 | 0    | 600.0           | 0.03            | 0.00            | 0.00            | 600.0            |
+---------------+-------+------+-----------------+-----------------+-----------------+-----------------+------------------+

2026.10.07-11:31:21.422 info  [caliper] [round-orchestrator] 	Finished round 12 (verify-600tps) in 30.101 seconds
2026.10.07-11:31:21.422 info  [caliper] [monitor.js] 	Stopping all monitors
2026.10.07-11:31:21.422 info  [caliper] [round-orchestrator] 	Waiting 5 seconds for the next round...
2026.10.07-11:31:26.423 info  [caliper] [round-orchestrator] 	Started round 13 (audit-10tps)
2026.10.07-11:31:26.423 info  [caliper] [worker-message-handler] 	Preparing Worker#0 for Round#12
2026.10.07-11:31:26.426 info  [caliper] [connectors/peer-gateway/PeerGateway] 	Generating contract map for user User1@org1.example.com
2026.10.07-11:31:26.427 info  [caliper] [caliper-worker] 	Info: worker 0 prepare test phase for round 12 is starting...
2026.10.07-11:31:26.428 info  [caliper] [connectors/peer-gateway/PeerGateway] 	disconnecting gateway for user User1@org1.example.com
2026.10.07-11:31:26.428 info  [caliper] [connectors/peer-gateway/PeerGateway] 	disconnecting gRpc client at peer peer0.org1.example.com
2026.10.07-11:31:26.428 info  [caliper] [caliper-worker] 	Info: worker 0 prepare test phase for round 12 is completed
2026.10.07-11:31:26.428 info  [caliper] [worker-message-handler] 	Worker#0 prepared for Round#12
2026.10.07-11:31:26.428 info  [caliper] [worker-orchestrator] 	1 workers prepared, progressing to test phase.
2026.10.07-11:31:26.428 info  [caliper] [round-orchestrator] 	Monitors successfully started
2026.10.07-11:31:26.429 info  [caliper] [worker-message-handler] 	Worker#0 is starting Round#12
2026.10.07-11:31:26.429 info  [caliper] [connectors/peer-gateway/PeerGateway] 	Generating contract map for user User1@org1.example.com
2026.10.07-11:31:26.430 info  [caliper] [caliper-worker] 	Worker #0 starting workload loop
2026.10.07-11:31:31.429 info  [caliper] [default-observer] 	[audit-10tps Round 12 Transaction Info] - Submitted: 41 Succ: 40 Fail:0 Unfinished:1
2026.10.07-11:31:36.430 info  [caliper] [default-observer] 	[audit-10tps Round 12 Transaction Info] - Submitted: 91 Succ: 90 Fail:0 Unfinished:1
2026.10.07-11:31:41.430 info  [caliper] [default-observer] 	[audit-10tps Round 12 Transaction Info] - Submitted: 141 Succ: 140 Fail:0 Unfinished:1
2026.10.07-11:31:46.431 info  [caliper] [default-observer] 	[audit-10tps Round 12 Transaction Info] - Submitted: 191 Succ: 190 Fail:0 Unfinished:1
2026.10.07-11:31:51.432 info  [caliper] [default-observer] 	[audit-10tps Round 12 Transaction Info] - Submitted: 241 Succ: 240 Fail:0 Unfinished:1
2026.10.07-11:31:56.433 info  [caliper] [default-observer] 	[audit-10tps Round 12 Transaction Info] - Submitted: 301 Succ: 300 Fail:0 Unfinished:1
2026.10.07-11:31:59.540 info  [caliper] [connectors/peer-gateway/PeerGateway] 	disconnecting gateway for user User1@org1.example.com
2026.10.07-11:31:59.540 info  [caliper] [connectors/peer-gateway/PeerGateway] 	disconnecting gRpc client at peer peer0.org1.example.com
2026.10.07-11:31:59.541 info  [caliper] [worker-message-handler] 	Worker#0 finished Round#12
2026.10.07-11:32:04.543 info  [caliper] [default-observer] 	Resetting txCount indicator count
2026.10.07-11:32:04.543 info  [caliper] [report-builder] 	### Test result ###
2026.10.07-11:32:04.544 info  [caliper] [report-builder] 	
+-------------+------+------+-----------------+-----------------+-----------------+-----------------+------------------+
| Name        | Succ | Fail | Send Rate (TPS) | Max Latency (s) | Min Latency (s) | Avg Latency (s) | Throughput (TPS) |
|-------------|------|------|-----------------|-----------------|-----------------|-----------------|------------------|
| audit-10tps | 301  | 0    | 10.0            | 2.01            | 0.02            | 0.49            | 9.4              |
+-------------+------+------+-----------------+-----------------+-----------------+-----------------+------------------+

2026.10.07-11:32:04.544 info  [caliper] [round-orchestrator] 	Finished round 13 (audit-10tps) in 32.11 seconds
2026.10.07-11:32:04.544 info  [caliper] [monitor.js] 	Stopping all monitors
2026.10.07-11:32:04.544 info  [caliper] [round-orchestrator] 	Waiting 5 seconds for the next round...
2026.10.07-11:32:09.549 info  [caliper] [round-orchestrator] 	Started round 14 (audit-50tps)
2026.10.07-11:32:09.550 info  [caliper] [worker-message-handler] 	Preparing Worker#0 for Round#13
2026.10.07-11:32:09.552 info  [caliper] [connectors/peer-gateway/PeerGateway] 	Generating contract map for user User1@org1.example.com
2026.10.07-11:32:09.552 info  [caliper] [caliper-worker] 	Info: worker 0 prepare test phase for round 13 is starting...
2026.10.07-11:32:09.553 info  [caliper] [connectors/peer-gateway/PeerGateway] 	disconnecting gateway for user User1@org1.example.com
2026.10.07-11:32:09.553 info  [caliper] [connectors/peer-gateway/PeerGateway] 	disconnecting gRpc client at peer peer0.org1.example.com
2026.10.07-11:32:09.553 info  [caliper] [caliper-worker] 	Info: worker 0 prepare test phase for round 13 is completed
2026.10.07-11:32:09.554 info  [caliper] [worker-message-handler] 	Worker#0 prepared for Round#13
2026.10.07-11:32:09.554 info  [caliper] [worker-orchestrator] 	1 workers prepared, progressing to test phase.
2026.10.07-11:32:09.554 info  [caliper] [round-orchestrator] 	Monitors successfully started
2026.10.07-11:32:09.554 info  [caliper] [worker-message-handler] 	Worker#0 is starting Round#13
2026.10.07-11:32:09.555 info  [caliper] [connectors/peer-gateway/PeerGateway] 	Generating contract map for user User1@org1.example.com
2026.10.07-11:32:09.555 info  [caliper] [caliper-worker] 	Worker #0 starting workload loop
2026.10.07-11:32:14.555 info  [caliper] [default-observer] 	[audit-50tps Round 13 Transaction Info] - Submitted: 201 Succ: 190 Fail:0 Unfinished:11
2026.10.07-11:32:19.556 info  [caliper] [default-observer] 	[audit-50tps Round 13 Transaction Info] - Submitted: 451 Succ: 450 Fail:0 Unfinished:1
2026.10.07-11:32:24.557 info  [caliper] [default-observer] 	[audit-50tps Round 13 Transaction Info] - Submitted: 701 Succ: 700 Fail:0 Unfinished:1
2026.10.07-11:32:29.557 info  [caliper] [default-observer] 	[audit-50tps Round 13 Transaction Info] - Submitted: 951 Succ: 950 Fail:0 Unfinished:1
2026.10.07-11:32:34.558 info  [caliper] [default-observer] 	[audit-50tps Round 13 Transaction Info] - Submitted: 1201 Succ: 1190 Fail:0 Unfinished:11
2026.10.07-11:32:39.558 info  [caliper] [default-observer] 	[audit-50tps Round 13 Transaction Info] - Submitted: 1501 Succ: 1500 Fail:0 Unfinished:1
2026.10.07-11:32:42.660 info  [caliper] [connectors/peer-gateway/PeerGateway] 	disconnecting gateway for user User1@org1.example.com
2026.10.07-11:32:42.661 info  [caliper] [connectors/peer-gateway/PeerGateway] 	disconnecting gRpc client at peer peer0.org1.example.com
2026.10.07-11:32:42.661 info  [caliper] [worker-message-handler] 	Worker#0 finished Round#13
2026.10.07-11:32:47.665 info  [caliper] [default-observer] 	Resetting txCount indicator count
2026.10.07-11:32:47.665 info  [caliper] [report-builder] 	### Test result ###
2026.10.07-11:32:47.666 info  [caliper] [report-builder] 	
+-------------+------+------+-----------------+-----------------+-----------------+-----------------+------------------+
| Name        | Succ | Fail | Send Rate (TPS) | Max Latency (s) | Min Latency (s) | Avg Latency (s) | Throughput (TPS) |
|-------------|------|------|-----------------|-----------------|-----------------|-----------------|------------------|
| audit-50tps | 1501 | 0    | 50.0            | 2.01            | 0.01            | 0.12            | 46.9             |
+-------------+------+------+-----------------+-----------------+-----------------+-----------------+------------------+

2026.10.07-11:32:47.666 info  [caliper] [round-orchestrator] 	Finished round 14 (audit-50tps) in 32.105 seconds
2026.10.07-11:32:47.666 info  [caliper] [monitor.js] 	Stopping all monitors
2026.10.07-11:32:47.666 info  [caliper] [round-orchestrator] 	Waiting 5 seconds for the next round...
2026.10.07-11:32:52.671 info  [caliper] [round-orchestrator] 	Started round 15 (audit-100tps)
2026.10.07-11:32:52.672 info  [caliper] [worker-message-handler] 	Preparing Worker#0 for Round#14
2026.10.07-11:32:52.676 info  [caliper] [connectors/peer-gateway/PeerGateway] 	Generating contract map for user User1@org1.example.com
2026.10.07-11:32:52.676 info  [caliper] [caliper-worker] 	Info: worker 0 prepare test phase for round 14 is starting...
2026.10.07-11:32:52.677 info  [caliper] [connectors/peer-gateway/PeerGateway] 	disconnecting gateway for user User1@org1.example.com
2026.10.07-11:32:52.677 info  [caliper] [connectors/peer-gateway/PeerGateway] 	disconnecting gRpc client at peer peer0.org1.example.com
2026.10.07-11:32:52.677 info  [caliper] [caliper-worker] 	Info: worker 0 prepare test phase for round 14 is completed
2026.10.07-11:32:52.677 info  [caliper] [worker-message-handler] 	Worker#0 prepared for Round#14
2026.10.07-11:32:52.678 info  [caliper] [worker-orchestrator] 	1 workers prepared, progressing to test phase.
2026.10.07-11:32:52.678 info  [caliper] [round-orchestrator] 	Monitors successfully started
2026.10.07-11:32:52.678 info  [caliper] [worker-message-handler] 	Worker#0 is starting Round#14
2026.10.07-11:32:52.679 info  [caliper] [connectors/peer-gateway/PeerGateway] 	Generating contract map for user User1@org1.example.com
2026.10.07-11:32:52.679 info  [caliper] [caliper-worker] 	Worker #0 starting workload loop
2026.10.07-11:32:57.678 info  [caliper] [default-observer] 	[audit-100tps Round 14 Transaction Info] - Submitted: 400 Succ: 390 Fail:0 Unfinished:10
2026.10.07-11:33:02.681 info  [caliper] [default-observer] 	[audit-100tps Round 14 Transaction Info] - Submitted: 900 Succ: 890 Fail:0 Unfinished:10
2026.10.07-11:33:07.682 info  [caliper] [default-observer] 	[audit-100tps Round 14 Transaction Info] - Submitted: 1401 Succ: 1390 Fail:0 Unfinished:11
2026.10.07-11:33:12.683 info  [caliper] [default-observer] 	[audit-100tps Round 14 Transaction Info] - Submitted: 1901 Succ: 1890 Fail:0 Unfinished:11
2026.10.07-11:33:17.684 info  [caliper] [default-observer] 	[audit-100tps Round 14 Transaction Info] - Submitted: 2401 Succ: 2390 Fail:0 Unfinished:11
2026.10.07-11:33:22.685 info  [caliper] [default-observer] 	[audit-100tps Round 14 Transaction Info] - Submitted: 2901 Succ: 2890 Fail:0 Unfinished:11
2026.10.07-11:33:25.785 info  [caliper] [connectors/peer-gateway/PeerGateway] 	disconnecting gateway for user User1@org1.example.com
2026.10.07-11:33:25.785 info  [caliper] [connectors/peer-gateway/PeerGateway] 	disconnecting gRpc client at peer peer0.org1.example.com
2026.10.07-11:33:25.785 info  [caliper] [worker-message-handler] 	Worker#0 finished Round#14
2026.10.07-11:33:30.787 info  [caliper] [default-observer] 	Resetting txCount indicator count
2026.10.07-11:33:30.788 info  [caliper] [report-builder] 	### Test result ###
2026.10.07-11:33:30.788 info  [caliper] [report-builder] 	
+--------------+------+------+-----------------+-----------------+-----------------+-----------------+------------------+
| Name         | Succ | Fail | Send Rate (TPS) | Max Latency (s) | Min Latency (s) | Avg Latency (s) | Throughput (TPS) |
|--------------|------|------|-----------------|-----------------|-----------------|-----------------|------------------|
| audit-100tps | 3001 | 0    | 100.0           | 2.01            | 0.01            | 0.07            | 93.8             |
+--------------+------+------+-----------------+-----------------+-----------------+-----------------+------------------+

2026.10.07-11:33:30.788 info  [caliper] [round-orchestrator] 	Finished round 15 (audit-100tps) in 32.106 seconds
2026.10.07-11:33:30.788 info  [caliper] [monitor.js] 	Stopping all monitors
2026.10.07-11:33:30.788 info  [caliper] [round-orchestrator] 	Waiting 5 seconds for the next round...
2026.10.07-11:33:35.793 info  [caliper] [round-orchestrator] 	Started round 16 (audit-200tps)
2026.10.07-11:33:35.794 info  [caliper] [worker-message-handler] 	Preparing Worker#0 for Round#15
2026.10.07-11:33:35.797 info  [caliper] [connectors/peer-gateway/PeerGateway] 	Generating contract map for user User1@org1.example.com
2026.10.07-11:33:35.797 info  [caliper] [caliper-worker] 	Info: worker 0 prepare test phase for round 15 is starting...
2026.10.07-11:33:35.799 info  [caliper] [connectors/peer-gateway/PeerGateway] 	disconnecting gateway for user User1@org1.example.com
2026.10.07-11:33:35.799 info  [caliper] [connectors/peer-gateway/PeerGateway] 	disconnecting gRpc client at peer peer0.org1.example.com
2026.10.07-11:33:35.799 info  [caliper] [caliper-worker] 	Info: worker 0 prepare test phase for round 15 is completed
2026.10.07-11:33:35.799 info  [caliper] [worker-message-handler] 	Worker#0 prepared for Round#15
2026.10.07-11:33:35.799 info  [caliper] [worker-orchestrator] 	1 workers prepared, progressing to test phase.
2026.10.07-11:33:35.799 info  [caliper] [round-orchestrator] 	Monitors successfully started
2026.10.07-11:33:35.799 info  [caliper] [worker-message-handler] 	Worker#0 is starting Round#15
2026.10.07-11:33:35.800 info  [caliper] [connectors/peer-gateway/PeerGateway] 	Generating contract map for user User1@org1.example.com
2026.10.07-11:33:35.800 info  [caliper] [caliper-worker] 	Worker #0 starting workload loop
2026.10.07-11:33:40.800 info  [caliper] [default-observer] 	[audit-200tps Round 15 Transaction Info] - Submitted: 801 Succ: 790 Fail:0 Unfinished:11
2026.10.07-11:33:45.801 info  [caliper] [default-observer] 	[audit-200tps Round 15 Transaction Info] - Submitted: 1801 Succ: 1790 Fail:0 Unfinished:11
2026.10.07-11:33:50.802 info  [caliper] [default-observer] 	[audit-200tps Round 15 Transaction Info] - Submitted: 2798 Succ: 2580 Fail:0 Unfinished:218
2026.10.07-11:33:55.803 info  [caliper] [default-observer] 	[audit-200tps Round 15 Transaction Info] - Submitted: 3802 Succ: 3790 Fail:0 Unfinished:12
2026.10.07-11:34:00.804 info  [caliper] [default-observer] 	[audit-200tps Round 15 Transaction Info] - Submitted: 4802 Succ: 4790 Fail:0 Unfinished:12
2026.10.07-11:34:05.805 info  [caliper] [default-observer] 	[audit-200tps Round 15 Transaction Info] - Submitted: 5802 Succ: 5790 Fail:0 Unfinished:12
2026.10.07-11:34:08.906 info  [caliper] [connectors/peer-gateway/PeerGateway] 	disconnecting gateway for user User1@org1.example.com
2026.10.07-11:34:08.906 info  [caliper] [connectors/peer-gateway/PeerGateway] 	disconnecting gRpc client at peer peer0.org1.example.com
2026.10.07-11:34:08.907 info  [caliper] [worker-message-handler] 	Worker#0 finished Round#15
2026.10.07-11:34:13.911 info  [caliper] [default-observer] 	Resetting txCount indicator count
2026.10.07-11:34:13.911 info  [caliper] [report-builder] 	### Test result ###
2026.10.07-11:34:13.911 info  [caliper] [report-builder] 	
+--------------+------+------+-----------------+-----------------+-----------------+-----------------+------------------+
| Name         | Succ | Fail | Send Rate (TPS) | Max Latency (s) | Min Latency (s) | Avg Latency (s) | Throughput (TPS) |
|--------------|------|------|-----------------|-----------------|-----------------|-----------------|------------------|
| audit-200tps | 6001 | 0    | 200.0           | 2.04            | 0.02            | 0.17            | 187.3            |
+--------------+------+------+-----------------+-----------------+-----------------+-----------------+------------------+

2026.10.07-11:34:13.912 info  [caliper] [round-orchestrator] 	Finished round 16 (audit-200tps) in 32.106 seconds
2026.10.07-11:34:13.912 info  [caliper] [monitor.js] 	Stopping all monitors
2026.10.07-11:34:13.912 info  [caliper] [report-builder] 	### All test results ###
2026.10.07-11:34:13.913 info  [caliper] [report-builder] 	
+---------------+-------+------+-----------------+-----------------+-----------------+-----------------+------------------+
| Name          | Succ  | Fail | Send Rate (TPS) | Max Latency (s) | Min Latency (s) | Avg Latency (s) | Throughput (TPS) |
|---------------|-------|------|-----------------|-----------------|-----------------|-----------------|------------------|
| seed          | 500   | 0    | 79.3            | 1.93            | 0.04            | 0.23            | 78.7             |
|---------------|-------|------|-----------------|-----------------|-----------------|-----------------|------------------|
| issue-10tps   | 301   | 0    | 10.0            | 2.05            | 0.02            | 0.52            | 9.4              |
|---------------|-------|------|-----------------|-----------------|-----------------|-----------------|------------------|
| issue-25tps   | 751   | 0    | 25.0            | 2.01            | 0.01            | 0.21            | 23.5             |
|---------------|-------|------|-----------------|-----------------|-----------------|-----------------|------------------|
| issue-50tps   | 1501  | 0    | 50.0            | 2.01            | 0.01            | 0.12            | 46.9             |
|---------------|-------|------|-----------------|-----------------|-----------------|-----------------|------------------|
| issue-100tps  | 3001  | 0    | 100.0           | 2.01            | 0.01            | 0.08            | 93.8             |
|---------------|-------|------|-----------------|-----------------|-----------------|-----------------|------------------|
| issue-150tps  | 4501  | 0    | 150.0           | 2.07            | 0.01            | 0.15            | 140.4            |
|---------------|-------|------|-----------------|-----------------|-----------------|-----------------|------------------|
| issue-200tps  | 6001  | 0    | 200.0           | 2.22            | 0.02            | 0.12            | 186.9            |
|---------------|-------|------|-----------------|-----------------|-----------------|-----------------|------------------|
| issue-300tps  | 8403  | 0    | 280.0           | 3.00            | 0.03            | 0.84            | 262.3            |
|---------------|-------|------|-----------------|-----------------|-----------------|-----------------|------------------|
| verify-100tps | 3001  | 0    | 100.0           | 0.01            | 0.00            | 0.00            | 100.0            |
|---------------|-------|------|-----------------|-----------------|-----------------|-----------------|------------------|
| verify-200tps | 6001  | 0    | 200.0           | 0.01            | 0.00            | 0.00            | 200.0            |
|---------------|-------|------|-----------------|-----------------|-----------------|-----------------|------------------|
| verify-400tps | 12001 | 0    | 400.0           | 0.02            | 0.00            | 0.00            | 400.0            |
|---------------|-------|------|-----------------|-----------------|-----------------|-----------------|------------------|
| verify-600tps | 18000 | 0    | 600.0           | 0.03            | 0.00            | 0.00            | 600.0            |
|---------------|-------|------|-----------------|-----------------|-----------------|-----------------|------------------|
| audit-10tps   | 301   | 0    | 10.0            | 2.01            | 0.02            | 0.49            | 9.4              |
|---------------|-------|------|-----------------|-----------------|-----------------|-----------------|------------------|
| audit-50tps   | 1501  | 0    | 50.0            | 2.01            | 0.01            | 0.12            | 46.9             |
|---------------|-------|------|-----------------|-----------------|-----------------|-----------------|------------------|
| audit-100tps  | 3001  | 0    | 100.0           | 2.01            | 0.01            | 0.07            | 93.8             |
|---------------|-------|------|-----------------|-----------------|-----------------|-----------------|------------------|
| audit-200tps  | 6001  | 0    | 200.0           | 2.04            | 0.02            | 0.17            | 187.3            |
+---------------+-------+------+-----------------+-----------------+-----------------+-----------------+------------------+

2026.10.07-11:34:13.918 info  [caliper] [report-builder] 	Generated report with path /home/runner/work/bzt-id-experiments/bzt-id-experiments/fabric-bench/caliper/report.html
2026.10.07-11:34:13.919 info  [caliper] [monitor.js] 	Stopping all monitors
2026.10.07-11:34:13.919 info  [caliper] [worker-orchestrator] 	Sending exit message to connected workers
2026.10.07-11:34:13.919 info  [caliper] [round-orchestrator] 	Benchmark finished in 651.466 seconds. Total rounds: 16. Successful rounds: 16. Failed rounds: 0.
2026.10.07-11:34:13.919 info  [caliper] [caliper-engine] 	Skipping end command due to benchmark flow conditioning
2026.10.07-11:34:13.919 info  [caliper] [cli-launch-manager] 	Benchmark successfully finished!
2026.10.07-11:34:13.919 info  [caliper] [worker-message-handler] 	Worker#0 is exiting
