[34m2026-10-08 05:42:35.921 UTC 38104 INFO[0m [orderer.consensus.smartbft.consensus] [34;1mdeleteRequest[0m -> Removed request {cbedf5428c685fe2e1c123a651563f2a218576e643d50e9606808a8d30c444d5 704968061f207a16f27b43c5684a3e1d1a45c8d12ad905f74f984a40488aa386} from request pool channel=mychannel
[34m2026-10-08 05:42:35.974 UTC 38105 INFO[0m [orderer.consensus.smartbft.consensus] [34;1mprocessProposal[0m -> Processed proposal with seq 3591 channel=mychannel
[34m2026-10-08 05:42:36.007 UTC 38106 INFO[0m [orderer.consensus.smartbft.consensus] [34;1mprocessPrepares[0m -> 1 collected 2 prepares from [4 2] channel=mychannel
[34m2026-10-08 05:42:36.008 UTC 38107 INFO[0m [orderer.consensus.smartbft.consensus] [34;1mprocessPrepares[0m -> Processed prepares for proposal with seq 3591 channel=mychannel
[34m2026-10-08 05:42:36.053 UTC 38108 INFO[0m [orderer.consensus.smartbft.consensus] [34;1mprocessCommits[0m -> 1 collected 2 commits from [3 4] channel=mychannel
[34m2026-10-08 05:42:36.053 UTC 38109 INFO[0m [orderer.consensus.smartbft.consensus] [34;1mprepared[0m -> 1 processed commits for proposal with seq 3591 channel=mychannel
[34m2026-10-08 05:42:36.053 UTC 3810a INFO[0m [orderer.consensus.smartbft.consensus] [34;1mdecide[0m -> Deciding on seq 3591 channel=mychannel
[34m2026-10-08 05:42:36.053 UTC 3810b INFO[0m [orderer.consensus.smartbft.consensus] [34;1mstartNextSeq[0m -> Sequence: 3591-->3592 channel=mychannel
[34m2026-10-08 05:42:36.054 UTC 3810c INFO[0m [orderer.consensus.smartbft.chain] [34;1mDeliver[0m -> Delivering proposal, writing block 3591 with 10 transactions and metadata of total size 332 with signatures from [3 4 1] to the ledger, node id 1 channel=mychannel
[34m2026-10-08 05:42:36.054 UTC 3810d INFO[0m [orderer.consensus.smartbft.consensus] [34;1mdeleteRequest[0m -> Removed request {cbedf5428c685fe2e1c123a651563f2a218576e643d50e9606808a8d30c444d5 7d272e604aeece1f00c3b805c34463025159814472e75c593f96db4965244220} from request pool channel=mychannel
[34m2026-10-08 05:42:36.054 UTC 3810e INFO[0m [orderer.consensus.smartbft.consensus] [34;1mdeleteRequest[0m -> Removed request {cbedf5428c685fe2e1c123a651563f2a218576e643d50e9606808a8d30c444d5 f17b686b62e6d4b6c14e37ef9f8b86d3a2bad2048002e2123ebdc474f5468ec8} from request pool channel=mychannel
[34m2026-10-08 05:42:36.054 UTC 3810f INFO[0m [orderer.consensus.smartbft.consensus] [34;1mdeleteRequest[0m -> Removed request {cbedf5428c685fe2e1c123a651563f2a218576e643d50e9606808a8d30c444d5 f4635db60dd6a8a4ffcb0531fcc56e69b926a08cfba9d72ca2c500e41bda599e} from request pool channel=mychannel
[34m2026-10-08 05:42:36.054 UTC 38110 INFO[0m [orderer.consensus.smartbft.consensus] [34;1mdeleteRequest[0m -> Removed request {cbedf5428c685fe2e1c123a651563f2a218576e643d50e9606808a8d30c444d5 88e3e1b5e3a1ecdb1cfe85ca743e84f79fe23ff9c78279caed95188ee0492d3d} from request pool channel=mychannel
[34m2026-10-08 05:42:36.054 UTC 38111 INFO[0m [orderer.consensus.smartbft.consensus] [34;1mdeleteRequest[0m -> Removed request {cbedf5428c685fe2e1c123a651563f2a218576e643d50e9606808a8d30c444d5 3ec17e68b90e7d03975632de2cd655b6cb69222f424cd6f261e16534687df862} from request pool channel=mychannel
[34m2026-10-08 05:42:36.054 UTC 38112 INFO[0m [orderer.consensus.smartbft.consensus] [34;1mdeleteRequest[0m -> Removed request {cbedf5428c685fe2e1c123a651563f2a218576e643d50e9606808a8d30c444d5 513c58e6b823477082341ef33ff38bd2b0a3b706da0f1f2cad672d794938f172} from request pool channel=mychannel
[34m2026-10-08 05:42:36.054 UTC 38113 INFO[0m [orderer.consensus.smartbft.consensus] [34;1mdeleteRequest[0m -> Removed request {cbedf5428c685fe2e1c123a651563f2a218576e643d50e9606808a8d30c444d5 a5b063087682c6fb55bbe2227cac0cf4152f5df001f840096a045d8d8f9b21a6} from request pool channel=mychannel
[34m2026-10-08 05:42:36.054 UTC 38114 INFO[0m [orderer.consensus.smartbft.consensus] [34;1mdeleteRequest[0m -> Removed request {cbedf5428c685fe2e1c123a651563f2a218576e643d50e9606808a8d30c444d5 5f39e289ea97fdcb35e0e6fbc876d2ec7f7ed1fbe3682f4b214872497df0e0bf} from request pool channel=mychannel
[34m2026-10-08 05:42:36.054 UTC 38115 INFO[0m [orderer.consensus.smartbft.consensus] [34;1mdeleteRequest[0m -> Removed request {cbedf5428c685fe2e1c123a651563f2a218576e643d50e9606808a8d30c444d5 fc9e01481ff231207545b9f894deb79f0410db05a79cba46b91be6b8c40f3fa7} from request pool channel=mychannel
[34m2026-10-08 05:42:36.054 UTC 38116 INFO[0m [orderer.consensus.smartbft.consensus] [34;1mdeleteRequest[0m -> Removed request {cbedf5428c685fe2e1c123a651563f2a218576e643d50e9606808a8d30c444d5 0e523a668606d2272dc8191226a0139a64baa49da5594acd8983962a584fd53c} from request pool channel=mychannel
[33m2026-10-08 05:42:36.092 UTC 38117 WARN[0m [orderer.consensus.smartbft.consensus] [33;1mprocessMsg[0m -> 1 got message from 3 with sequence 3590 but our sequence is 3592 channel=mychannel
[34m2026-10-08 05:42:36.104 UTC 38118 INFO[0m [orderer.consensus.smartbft.consensus] [34;1mprocessProposal[0m -> Processed proposal with seq 3592 channel=mychannel
[34m2026-10-08 05:42:36.142 UTC 38119 INFO[0m [orderer.consensus.smartbft.consensus] [34;1mprocessPrepares[0m -> 1 collected 2 prepares from [4 3] channel=mychannel
[34m2026-10-08 05:42:36.143 UTC 3811a INFO[0m [orderer.consensus.smartbft.consensus] [34;1mprocessPrepares[0m -> Processed prepares for proposal with seq 3592 channel=mychannel
[34m2026-10-08 05:42:36.189 UTC 3811b INFO[0m [orderer.consensus.smartbft.consensus] [34;1mprocessCommits[0m -> 1 collected 2 commits from [3 4] channel=mychannel
[34m2026-10-08 05:42:36.189 UTC 3811c INFO[0m [orderer.consensus.smartbft.consensus] [34;1mprepared[0m -> 1 processed commits for proposal with seq 3592 channel=mychannel
[34m2026-10-08 05:42:36.189 UTC 3811d INFO[0m [orderer.consensus.smartbft.consensus] [34;1mdecide[0m -> Deciding on seq 3592 channel=mychannel
[34m2026-10-08 05:42:36.189 UTC 3811e INFO[0m [orderer.consensus.smartbft.consensus] [34;1mstartNextSeq[0m -> Sequence: 3592-->3593 channel=mychannel
[34m2026-10-08 05:42:36.189 UTC 3811f INFO[0m [orderer.consensus.smartbft.chain] [34;1mDeliver[0m -> Delivering proposal, writing block 3592 with 10 transactions and metadata of total size 331 with signatures from [3 4 1] to the ledger, node id 1 channel=mychannel
[34m2026-10-08 05:42:36.189 UTC 38120 INFO[0m [orderer.consensus.smartbft.consensus] [34;1mdeleteRequest[0m -> Removed request {cbedf5428c685fe2e1c123a651563f2a218576e643d50e9606808a8d30c444d5 9175f8ff2a3ddc85921ab8e0270fecb72d2e91c9183b1a9b7c4c8147343b1f6f} from request pool channel=mychannel
[34m2026-10-08 05:42:36.189 UTC 38121 INFO[0m [orderer.consensus.smartbft.consensus] [34;1mdeleteRequest[0m -> Removed request {cbedf5428c685fe2e1c123a651563f2a218576e643d50e9606808a8d30c444d5 fea360ce294c0a62653ceed0e61b437ed9bba09838690dcb5652d4859a36b19d} from request pool channel=mychannel
[34m2026-10-08 05:42:36.189 UTC 38122 INFO[0m [orderer.consensus.smartbft.consensus] [34;1mdeleteRequest[0m -> Removed request {cbedf5428c685fe2e1c123a651563f2a218576e643d50e9606808a8d30c444d5 7ef80b4101c986f9c429d5d632cfa65ff32405d1e9b68a10a8f860d420d52f76} from request pool channel=mychannel
[34m2026-10-08 05:42:36.189 UTC 38123 INFO[0m [orderer.consensus.smartbft.consensus] [34;1mdeleteRequest[0m -> Removed request {cbedf5428c685fe2e1c123a651563f2a218576e643d50e9606808a8d30c444d5 a04149e687ce75f32197dcea3ec62b2683a29d5c468b6e9919eda8e32cf90282} from request pool channel=mychannel
[34m2026-10-08 05:42:36.189 UTC 38124 INFO[0m [orderer.consensus.smartbft.consensus] [34;1mdeleteRequest[0m -> Removed request {cbedf5428c685fe2e1c123a651563f2a218576e643d50e9606808a8d30c444d5 8d1d42568222a153e7c56829f4a46b8fbfc95dc5f61e2a719bf8deba9441594a} from request pool channel=mychannel
[34m2026-10-08 05:42:36.189 UTC 38125 INFO[0m [orderer.consensus.smartbft.consensus] [34;1mdeleteRequest[0m -> Removed request {cbedf5428c685fe2e1c123a651563f2a218576e643d50e9606808a8d30c444d5 642391576d6b69374271006251e179349a7e8cc4762f9ce7afd1b05f1e6d5c58} from request pool channel=mychannel
[34m2026-10-08 05:42:36.189 UTC 38126 INFO[0m [orderer.consensus.smartbft.consensus] [34;1mdeleteRequest[0m -> Removed request {cbedf5428c685fe2e1c123a651563f2a218576e643d50e9606808a8d30c444d5 15055cbe75897a0ac550e1c8be160c76e8e36c5cc4117dbdb6c378081ce0ed1d} from request pool channel=mychannel
[34m2026-10-08 05:42:36.189 UTC 38127 INFO[0m [orderer.consensus.smartbft.consensus] [34;1mdeleteRequest[0m -> Removed request {cbedf5428c685fe2e1c123a651563f2a218576e643d50e9606808a8d30c444d5 39f150d12206d4a992b24f89768d82f859cb5b452051a4307d959bd941175090} from request pool channel=mychannel
[34m2026-10-08 05:42:36.190 UTC 38128 INFO[0m [orderer.consensus.smartbft.consensus] [34;1mdeleteRequest[0m -> Removed request {cbedf5428c685fe2e1c123a651563f2a218576e643d50e9606808a8d30c444d5 50086582c697541c3781b62344240e9f8b55b5dfd3ce3be39f010c0674791667} from request pool channel=mychannel
[34m2026-10-08 05:42:36.190 UTC 38129 INFO[0m [orderer.consensus.smartbft.consensus] [34;1mdeleteRequest[0m -> Removed request {cbedf5428c685fe2e1c123a651563f2a218576e643d50e9606808a8d30c444d5 4d06ec6d9d5da61a76372f40bc0cc34c22f3c0a73e6224bdaab5cc5b35a978ed} from request pool channel=mychannel
[33m2026-10-08 05:42:36.230 UTC 3812a WARN[0m [orderer.consensus.smartbft.consensus] [33;1mprocessMsg[0m -> 1 got message from 3 with sequence 3591 but our sequence is 3593 channel=mychannel
[34m2026-10-08 05:42:36.242 UTC 3812b INFO[0m [orderer.consensus.smartbft.consensus] [34;1mprocessProposal[0m -> Processed proposal with seq 3593 channel=mychannel
[34m2026-10-08 05:42:36.279 UTC 3812c INFO[0m [orderer.consensus.smartbft.consensus] [34;1mprocessPrepares[0m -> 1 collected 2 prepares from [4 3] channel=mychannel
[34m2026-10-08 05:42:36.280 UTC 3812d INFO[0m [orderer.consensus.smartbft.consensus] [34;1mprocessPrepares[0m -> Processed prepares for proposal with seq 3593 channel=mychannel
[34m2026-10-08 05:42:36.323 UTC 3812e INFO[0m [orderer.consensus.smartbft.consensus] [34;1mprocessCommits[0m -> 1 collected 2 commits from [3 4] channel=mychannel
[34m2026-10-08 05:42:36.323 UTC 3812f INFO[0m [orderer.consensus.smartbft.consensus] [34;1mprepared[0m -> 1 processed commits for proposal with seq 3593 channel=mychannel
[34m2026-10-08 05:42:36.323 UTC 38130 INFO[0m [orderer.consensus.smartbft.consensus] [34;1mdecide[0m -> Deciding on seq 3593 channel=mychannel
[34m2026-10-08 05:42:36.323 UTC 38131 INFO[0m [orderer.consensus.smartbft.consensus] [34;1mstartNextSeq[0m -> Sequence: 3593-->3594 channel=mychannel
[34m2026-10-08 05:42:36.323 UTC 38132 INFO[0m [orderer.consensus.smartbft.chain] [34;1mDeliver[0m -> Delivering proposal, writing block 3593 with 10 transactions and metadata of total size 333 with signatures from [3 4 1] to the ledger, node id 1 channel=mychannel
[34m2026-10-08 05:42:36.323 UTC 38133 INFO[0m [orderer.consensus.smartbft.consensus] [34;1mdeleteRequest[0m -> Removed request {cbedf5428c685fe2e1c123a651563f2a218576e643d50e9606808a8d30c444d5 b033cb16c04f7f928e33af2b0f7b1b60e568e272514310e216cf5f7d73da6f64} from request pool channel=mychannel
[34m2026-10-08 05:42:36.323 UTC 38134 INFO[0m [orderer.consensus.smartbft.consensus] [34;1mdeleteRequest[0m -> Removed request {cbedf5428c685fe2e1c123a651563f2a218576e643d50e9606808a8d30c444d5 11097f78f12341c39948a54d7edd35139840699f47c54e78cda627ac788b39fb} from request pool channel=mychannel
[34m2026-10-08 05:42:36.323 UTC 38135 INFO[0m [orderer.consensus.smartbft.consensus] [34;1mdeleteRequest[0m -> Removed request {cbedf5428c685fe2e1c123a651563f2a218576e643d50e9606808a8d30c444d5 0948cda57e1bb83fd139d9b6db19cab80f5849a6d13af7e3620c8b64f5e4f560} from request pool channel=mychannel
[34m2026-10-08 05:42:36.323 UTC 38136 INFO[0m [orderer.consensus.smartbft.consensus] [34;1mdeleteRequest[0m -> Removed request {cbedf5428c685fe2e1c123a651563f2a218576e643d50e9606808a8d30c444d5 55d9e87e1d036a678b0c46f7180c64d6fe924897c4ddded5127aadfb96c3e795} from request pool channel=mychannel
[34m2026-10-08 05:42:36.323 UTC 38137 INFO[0m [orderer.consensus.smartbft.consensus] [34;1mdeleteRequest[0m -> Removed request {cbedf5428c685fe2e1c123a651563f2a218576e643d50e9606808a8d30c444d5 2c2563dc5dcc106bf95c2c2ef22e0bd2cb5949666220029d81d7b6e3d8248e11} from request pool channel=mychannel
[34m2026-10-08 05:42:36.323 UTC 38138 INFO[0m [orderer.consensus.smartbft.consensus] [34;1mdeleteRequest[0m -> Removed request {cbedf5428c685fe2e1c123a651563f2a218576e643d50e9606808a8d30c444d5 32a62c0232ababa6b1eeebe0e39d525134f21f3df2e46de26edb87e8d69c8952} from request pool channel=mychannel
[34m2026-10-08 05:42:36.323 UTC 38139 INFO[0m [orderer.consensus.smartbft.consensus] [34;1mdeleteRequest[0m -> Removed request {cbedf5428c685fe2e1c123a651563f2a218576e643d50e9606808a8d30c444d5 7543fd323f5f826dcbc36078056e16b7c938c44d9a99026ef431c59153b109fb} from request pool channel=mychannel
[34m2026-10-08 05:42:36.324 UTC 3813a INFO[0m [orderer.consensus.smartbft.consensus] [34;1mdeleteRequest[0m -> Removed request {cbedf5428c685fe2e1c123a651563f2a218576e643d50e9606808a8d30c444d5 f632e7a472e5fe7ad89ae0804f7b81dee5bc2906973ce57ee49ac42b164a1b2a} from request pool channel=mychannel
[34m2026-10-08 05:42:36.324 UTC 3813b INFO[0m [orderer.consensus.smartbft.consensus] [34;1mdeleteRequest[0m -> Removed request {cbedf5428c685fe2e1c123a651563f2a218576e643d50e9606808a8d30c444d5 e2e36dcbfa047e98c2d235093b86833b446bc512b104f9777fd7c648f000313d} from request pool channel=mychannel
[34m2026-10-08 05:42:36.324 UTC 3813c INFO[0m [orderer.consensus.smartbft.consensus] [34;1mdeleteRequest[0m -> Removed request {cbedf5428c685fe2e1c123a651563f2a218576e643d50e9606808a8d30c444d5 bfbbd945d3e33f0d81715690743658cec93425f36a031f1bd0ff9b5b784aaaeb} from request pool channel=mychannel
[33m2026-10-08 05:42:36.361 UTC 3813d WARN[0m [orderer.consensus.smartbft.consensus] [33;1mprocessMsg[0m -> 1 got message from 3 with sequence 3592 but our sequence is 3594 channel=mychannel
[34m2026-10-08 05:42:36.378 UTC 3813e INFO[0m [orderer.consensus.smartbft.consensus] [34;1mprocessProposal[0m -> Processed proposal with seq 3594 channel=mychannel
[34m2026-10-08 05:42:36.416 UTC 3813f INFO[0m [orderer.consensus.smartbft.consensus] [34;1mprocessPrepares[0m -> 1 collected 2 prepares from [4 3] channel=mychannel
[34m2026-10-08 05:42:36.416 UTC 38140 INFO[0m [orderer.consensus.smartbft.consensus] [34;1mprocessPrepares[0m -> Processed prepares for proposal with seq 3594 channel=mychannel
[34m2026-10-08 05:42:36.459 UTC 38141 INFO[0m [orderer.consensus.smartbft.consensus] [34;1mprocessCommits[0m -> 1 collected 2 commits from [4 2] channel=mychannel
[34m2026-10-08 05:42:36.459 UTC 38142 INFO[0m [orderer.consensus.smartbft.consensus] [34;1mprepared[0m -> 1 processed commits for proposal with seq 3594 channel=mychannel
[34m2026-10-08 05:42:36.459 UTC 38143 INFO[0m [orderer.consensus.smartbft.consensus] [34;1mdecide[0m -> Deciding on seq 3594 channel=mychannel
[34m2026-10-08 05:42:36.459 UTC 38144 INFO[0m [orderer.consensus.smartbft.consensus] [34;1mstartNextSeq[0m -> Sequence: 3594-->3595 channel=mychannel
[34m2026-10-08 05:42:36.459 UTC 38145 INFO[0m [orderer.consensus.smartbft.chain] [34;1mDeliver[0m -> Delivering proposal, writing block 3594 with 10 transactions and metadata of total size 332 with signatures from [4 2 1] to the ledger, node id 1 channel=mychannel
[34m2026-10-08 05:42:36.459 UTC 38146 INFO[0m [orderer.consensus.smartbft.consensus] [34;1mdeleteRequest[0m -> Removed request {cbedf5428c685fe2e1c123a651563f2a218576e643d50e9606808a8d30c444d5 6eec645dac88de8b1051412cb61808a69e043571cd06e19e9a23e474f4e6719b} from request pool channel=mychannel
[34m2026-10-08 05:42:36.459 UTC 38147 INFO[0m [orderer.consensus.smartbft.consensus] [34;1mdeleteRequest[0m -> Removed request {cbedf5428c685fe2e1c123a651563f2a218576e643d50e9606808a8d30c444d5 80698955ae92077445b5ef1ff648a354577f72107be65f03a5495622ad124252} from request pool channel=mychannel
[34m2026-10-08 05:42:36.459 UTC 38148 INFO[0m [orderer.consensus.smartbft.consensus] [34;1mdeleteRequest[0m -> Removed request {cbedf5428c685fe2e1c123a651563f2a218576e643d50e9606808a8d30c444d5 7736828c6af4c6af7e32a26f3379c93479931dd5b591a45b4dc32634e005283a} from request pool channel=mychannel
[34m2026-10-08 05:42:36.459 UTC 38149 INFO[0m [orderer.consensus.smartbft.consensus] [34;1mdeleteRequest[0m -> Removed request {cbedf5428c685fe2e1c123a651563f2a218576e643d50e9606808a8d30c444d5 e14cb498cc49b262c4831bc8ffdc12a4150cb64575f50ee2a7b0bb9ba4420853} from request pool channel=mychannel
[34m2026-10-08 05:42:36.459 UTC 3814a INFO[0m [orderer.consensus.smartbft.consensus] [34;1mdeleteRequest[0m -> Removed request {cbedf5428c685fe2e1c123a651563f2a218576e643d50e9606808a8d30c444d5 c2d8367c77d6eaec5f4fb3615e10ea3df4d25608b06adfcbeff79bd28f96bd75} from request pool channel=mychannel
[34m2026-10-08 05:42:36.459 UTC 3814b INFO[0m [orderer.consensus.smartbft.consensus] [34;1mdeleteRequest[0m -> Removed request {cbedf5428c685fe2e1c123a651563f2a218576e643d50e9606808a8d30c444d5 789bccfc8f8af5ae9c42b2185f8d7daafd82410602098c958969c47b399faa61} from request pool channel=mychannel
[34m2026-10-08 05:42:36.460 UTC 3814c INFO[0m [orderer.consensus.smartbft.consensus] [34;1mdeleteRequest[0m -> Removed request {cbedf5428c685fe2e1c123a651563f2a218576e643d50e9606808a8d30c444d5 1a1750b8676267ee2f3cc7830d9bcf0b82c597f791b6028efe8b535031f3ea0d} from request pool channel=mychannel
[34m2026-10-08 05:42:36.460 UTC 3814d INFO[0m [orderer.consensus.smartbft.consensus] [34;1mdeleteRequest[0m -> Removed request {cbedf5428c685fe2e1c123a651563f2a218576e643d50e9606808a8d30c444d5 d23570d4e0fc3bc29ab8cdde9e8f458255052341df541a2efdeb99320e42f38f} from request pool channel=mychannel
[34m2026-10-08 05:42:36.460 UTC 3814e INFO[0m [orderer.consensus.smartbft.consensus] [34;1mdeleteRequest[0m -> Removed request {cbedf5428c685fe2e1c123a651563f2a218576e643d50e9606808a8d30c444d5 536a133fb855772d71845f8be4624282e5be1cef057dc120100672b220500bba} from request pool channel=mychannel
[34m2026-10-08 05:42:36.460 UTC 3814f INFO[0m [orderer.consensus.smartbft.consensus] [34;1mdeleteRequest[0m -> Removed request {cbedf5428c685fe2e1c123a651563f2a218576e643d50e9606808a8d30c444d5 a4aeb0827b30cd300c9b5a6b255af69cf0612333a9aca087af68573057492224} from request pool channel=mychannel
[34m2026-10-08 05:42:36.513 UTC 38150 INFO[0m [orderer.consensus.smartbft.consensus] [34;1mprocessProposal[0m -> Processed proposal with seq 3595 channel=mychannel
[34m2026-10-08 05:42:36.553 UTC 38151 INFO[0m [orderer.consensus.smartbft.consensus] [34;1mprocessPrepares[0m -> 1 collected 2 prepares from [4 3] channel=mychannel
[34m2026-10-08 05:42:36.553 UTC 38152 INFO[0m [orderer.consensus.smartbft.consensus] [34;1mprocessPrepares[0m -> Processed prepares for proposal with seq 3595 channel=mychannel
[34m2026-10-08 05:42:36.594 UTC 38153 INFO[0m [orderer.consensus.smartbft.consensus] [34;1mprocessCommits[0m -> 1 collected 2 commits from [3 2] channel=mychannel
[34m2026-10-08 05:42:36.594 UTC 38154 INFO[0m [orderer.consensus.smartbft.consensus] [34;1mprepared[0m -> 1 processed commits for proposal with seq 3595 channel=mychannel
[34m2026-10-08 05:42:36.594 UTC 38155 INFO[0m [orderer.consensus.smartbft.consensus] [34;1mdecide[0m -> Deciding on seq 3595 channel=mychannel
[34m2026-10-08 05:42:36.594 UTC 38156 INFO[0m [orderer.consensus.smartbft.consensus] [34;1mstartNextSeq[0m -> Sequence: 3595-->3596 channel=mychannel
[34m2026-10-08 05:42:36.594 UTC 38157 INFO[0m [orderer.consensus.smartbft.chain] [34;1mDeliver[0m -> Delivering proposal, writing block 3595 with 10 transactions and metadata of total size 331 with signatures from [3 2 1] to the ledger, node id 1 channel=mychannel
[34m2026-10-08 05:42:36.595 UTC 38158 INFO[0m [orderer.consensus.smartbft.consensus] [34;1mdeleteRequest[0m -> Removed request {cbedf5428c685fe2e1c123a651563f2a218576e643d50e9606808a8d30c444d5 872aed2760adefe3b255ae3f9c80712162f63c3b6d64b11da910ba1736f16856} from request pool channel=mychannel
[34m2026-10-08 05:42:36.595 UTC 38159 INFO[0m [orderer.consensus.smartbft.consensus] [34;1mdeleteRequest[0m -> Removed request {cbedf5428c685fe2e1c123a651563f2a218576e643d50e9606808a8d30c444d5 ea4b5703f118bcf9d0b4375fd527437e7fbd88e14306bac9f17251e146fe1b3d} from request pool channel=mychannel
[34m2026-10-08 05:42:36.595 UTC 3815a INFO[0m [orderer.consensus.smartbft.consensus] [34;1mdeleteRequest[0m -> Removed request {cbedf5428c685fe2e1c123a651563f2a218576e643d50e9606808a8d30c444d5 d5888b4bf1cc80e4c55bb69fc3289b93574961122ad9fe052303d73b3d923349} from request pool channel=mychannel
[34m2026-10-08 05:42:36.595 UTC 3815b INFO[0m [orderer.consensus.smartbft.consensus] [34;1mdeleteRequest[0m -> Removed request {cbedf5428c685fe2e1c123a651563f2a218576e643d50e9606808a8d30c444d5 50b60b142b1ddce0703acdecb38029efd95274d59495a0a1fabb9763314699cc} from request pool channel=mychannel
[34m2026-10-08 05:42:36.595 UTC 3815c INFO[0m [orderer.consensus.smartbft.consensus] [34;1mdeleteRequest[0m -> Removed request {cbedf5428c685fe2e1c123a651563f2a218576e643d50e9606808a8d30c444d5 623f848c2b58198368bb746680dd70adeac741606e8009c777c3202ffc41c182} from request pool channel=mychannel
[34m2026-10-08 05:42:36.595 UTC 3815d INFO[0m [orderer.consensus.smartbft.consensus] [34;1mdeleteRequest[0m -> Removed request {cbedf5428c685fe2e1c123a651563f2a218576e643d50e9606808a8d30c444d5 cf95d6ebbe5e3e59f752e58f9505daa76b1f4131a51309c3dbbf2f83ce7910f0} from request pool channel=mychannel
[34m2026-10-08 05:42:36.595 UTC 3815e INFO[0m [orderer.consensus.smartbft.consensus] [34;1mdeleteRequest[0m -> Removed request {cbedf5428c685fe2e1c123a651563f2a218576e643d50e9606808a8d30c444d5 f723488db63500dcee9ff83ccae02c68bbccfc642f65267dadc1d217d5a43263} from request pool channel=mychannel
[34m2026-10-08 05:42:36.595 UTC 3815f INFO[0m [orderer.consensus.smartbft.consensus] [34;1mdeleteRequest[0m -> Removed request {cbedf5428c685fe2e1c123a651563f2a218576e643d50e9606808a8d30c444d5 e2ee18d1bc9bf509ca1820c2462c679ec5bbf17c043a241af2510a2cd3d7597e} from request pool channel=mychannel
[34m2026-10-08 05:42:36.595 UTC 38160 INFO[0m [orderer.consensus.smartbft.consensus] [34;1mdeleteRequest[0m -> Removed request {cbedf5428c685fe2e1c123a651563f2a218576e643d50e9606808a8d30c444d5 d51ab4bdb5023438cd396c7f45e36789d5240cf3111430720269aa79e32db346} from request pool channel=mychannel
[34m2026-10-08 05:42:36.595 UTC 38161 INFO[0m [orderer.consensus.smartbft.consensus] [34;1mdeleteRequest[0m -> Removed request {cbedf5428c685fe2e1c123a651563f2a218576e643d50e9606808a8d30c444d5 b320064ffd950f8b6037f1746b251b19a535b88b341c7ee32aa0f3762fd10f74} from request pool channel=mychannel
[33m2026-10-08 05:42:36.636 UTC 38162 WARN[0m [orderer.consensus.smartbft.consensus] [33;1mprocessMsg[0m -> 1 got message from 2 with sequence 3594 but our sequence is 3596 channel=mychannel
[34m2026-10-08 05:42:36.649 UTC 38163 INFO[0m [orderer.consensus.smartbft.consensus] [34;1mprocessProposal[0m -> Processed proposal with seq 3596 channel=mychannel
[34m2026-10-08 05:42:36.680 UTC 38164 INFO[0m [orderer.consensus.smartbft.consensus] [34;1mprocessPrepares[0m -> 1 collected 2 prepares from [4 3] channel=mychannel
[34m2026-10-08 05:42:36.680 UTC 38165 INFO[0m [orderer.consensus.smartbft.consensus] [34;1mprocessPrepares[0m -> Processed prepares for proposal with seq 3596 channel=mychannel
[34m2026-10-08 05:42:36.727 UTC 38166 INFO[0m [orderer.consensus.smartbft.consensus] [34;1mprocessCommits[0m -> 1 collected 2 commits from [2 3] channel=mychannel
[34m2026-10-08 05:42:36.727 UTC 38167 INFO[0m [orderer.consensus.smartbft.consensus] [34;1mprepared[0m -> 1 processed commits for proposal with seq 3596 channel=mychannel
[34m2026-10-08 05:42:36.727 UTC 38168 INFO[0m [orderer.consensus.smartbft.consensus] [34;1mdecide[0m -> Deciding on seq 3596 channel=mychannel
[34m2026-10-08 05:42:36.727 UTC 38169 INFO[0m [orderer.consensus.smartbft.consensus] [34;1mstartNextSeq[0m -> Sequence: 3596-->3597 channel=mychannel
[34m2026-10-08 05:42:36.727 UTC 3816a INFO[0m [orderer.consensus.smartbft.chain] [34;1mDeliver[0m -> Delivering proposal, writing block 3596 with 10 transactions and metadata of total size 333 with signatures from [2 3 1] to the ledger, node id 1 channel=mychannel
[34m2026-10-08 05:42:36.727 UTC 3816b INFO[0m [orderer.consensus.smartbft.consensus] [34;1mdeleteRequest[0m -> Removed request {cbedf5428c685fe2e1c123a651563f2a218576e643d50e9606808a8d30c444d5 4e6fd695e658d0c3d4e335ad433f73d6fbe2c1e7825db5b76d4210837691470f} from request pool channel=mychannel
[34m2026-10-08 05:42:36.727 UTC 3816c INFO[0m [orderer.consensus.smartbft.consensus] [34;1mdeleteRequest[0m -> Removed request {cbedf5428c685fe2e1c123a651563f2a218576e643d50e9606808a8d30c444d5 c7a167c6aaeab38a9ac4b449faaae9ac53f059f5d14aa96c5bd63f8d3858c987} from request pool channel=mychannel
[34m2026-10-08 05:42:36.727 UTC 3816d INFO[0m [orderer.consensus.smartbft.consensus] [34;1mdeleteRequest[0m -> Removed request {cbedf5428c685fe2e1c123a651563f2a218576e643d50e9606808a8d30c444d5 ea65b7f04b0bb2058bb30baf60c9c5b0e9bf2bda573db441ca5bfafe9bae60d4} from request pool channel=mychannel
[34m2026-10-08 05:42:36.727 UTC 3816e INFO[0m [orderer.consensus.smartbft.consensus] [34;1mdeleteRequest[0m -> Removed request {cbedf5428c685fe2e1c123a651563f2a218576e643d50e9606808a8d30c444d5 95a78a7cf59132a20844e90ef669850db74629b2048e214d8bf1ae970455fa5c} from request pool channel=mychannel
[34m2026-10-08 05:42:36.727 UTC 3816f INFO[0m [orderer.consensus.smartbft.consensus] [34;1mdeleteRequest[0m -> Removed request {cbedf5428c685fe2e1c123a651563f2a218576e643d50e9606808a8d30c444d5 f99b442523ed6d017e56c44746d43e126bd902d6d2516ead4ef62d181facf159} from request pool channel=mychannel
[34m2026-10-08 05:42:36.727 UTC 38170 INFO[0m [orderer.consensus.smartbft.consensus] [34;1mdeleteRequest[0m -> Removed request {cbedf5428c685fe2e1c123a651563f2a218576e643d50e9606808a8d30c444d5 7277f91c8a2efb9fded33277cb41544b7a29170d94663a211ce30976ccd085d1} from request pool channel=mychannel
[34m2026-10-08 05:42:36.727 UTC 38171 INFO[0m [orderer.consensus.smartbft.consensus] [34;1mdeleteRequest[0m -> Removed request {cbedf5428c685fe2e1c123a651563f2a218576e643d50e9606808a8d30c444d5 5f552c8ce6a72e926f07cc115a6be3f89ddecf60adb7e00a59758872a08e16ec} from request pool channel=mychannel
[34m2026-10-08 05:42:36.727 UTC 38172 INFO[0m [orderer.consensus.smartbft.consensus] [34;1mdeleteRequest[0m -> Removed request {cbedf5428c685fe2e1c123a651563f2a218576e643d50e9606808a8d30c444d5 9f306935ef7c61edaa170993ed1a7acd31736acbd4f80de10529a2054c170d6f} from request pool channel=mychannel
[34m2026-10-08 05:42:36.727 UTC 38173 INFO[0m [orderer.consensus.smartbft.consensus] [34;1mdeleteRequest[0m -> Removed request {cbedf5428c685fe2e1c123a651563f2a218576e643d50e9606808a8d30c444d5 9b9ea6635b0bb3ef3353f486475928d817025498a1b4aff4ac80b920289ae386} from request pool channel=mychannel
[34m2026-10-08 05:42:36.727 UTC 38174 INFO[0m [orderer.consensus.smartbft.consensus] [34;1mdeleteRequest[0m -> Removed request {cbedf5428c685fe2e1c123a651563f2a218576e643d50e9606808a8d30c444d5 30b810dd77cff615acaba1fbbd8e06c0951e9573403249c7a8bd9cc492dde304} from request pool channel=mychannel
[34m2026-10-08 05:42:36.775 UTC 38175 INFO[0m [orderer.consensus.smartbft.consensus] [34;1mprocessProposal[0m -> Processed proposal with seq 3597 channel=mychannel
[34m2026-10-08 05:42:36.815 UTC 38176 INFO[0m [orderer.consensus.smartbft.consensus] [34;1mprocessPrepares[0m -> 1 collected 2 prepares from [4 3] channel=mychannel
[34m2026-10-08 05:42:36.815 UTC 38177 INFO[0m [orderer.consensus.smartbft.consensus] [34;1mprocessPrepares[0m -> Processed prepares for proposal with seq 3597 channel=mychannel
[34m2026-10-08 05:42:36.859 UTC 38178 INFO[0m [orderer.consensus.smartbft.consensus] [34;1mprocessCommits[0m -> 1 collected 2 commits from [3 4] channel=mychannel
[34m2026-10-08 05:42:36.859 UTC 38179 INFO[0m [orderer.consensus.smartbft.consensus] [34;1mprepared[0m -> 1 processed commits for proposal with seq 3597 channel=mychannel
[34m2026-10-08 05:42:36.859 UTC 3817a INFO[0m [orderer.consensus.smartbft.consensus] [34;1mdecide[0m -> Deciding on seq 3597 channel=mychannel
[34m2026-10-08 05:42:36.859 UTC 3817b INFO[0m [orderer.consensus.smartbft.consensus] [34;1mstartNextSeq[0m -> Sequence: 3597-->3598 channel=mychannel
[34m2026-10-08 05:42:36.859 UTC 3817c INFO[0m [orderer.consensus.smartbft.chain] [34;1mDeliver[0m -> Delivering proposal, writing block 3597 with 10 transactions and metadata of total size 332 with signatures from [3 4 1] to the ledger, node id 1 channel=mychannel
[34m2026-10-08 05:42:36.859 UTC 3817d INFO[0m [orderer.consensus.smartbft.consensus] [34;1mdeleteRequest[0m -> Removed request {cbedf5428c685fe2e1c123a651563f2a218576e643d50e9606808a8d30c444d5 90d2a2c560fb0b6d18f9a17630472b4d0ecc4c172be2683e8b4466cb91c6974e} from request pool channel=mychannel
[34m2026-10-08 05:42:36.859 UTC 3817e INFO[0m [orderer.consensus.smartbft.consensus] [34;1mdeleteRequest[0m -> Removed request {cbedf5428c685fe2e1c123a651563f2a218576e643d50e9606808a8d30c444d5 0f3c3d946755e0947be6c75b32ea1e99747c71666a38e31e4fdb5c002cdda933} from request pool channel=mychannel
[34m2026-10-08 05:42:36.859 UTC 3817f INFO[0m [orderer.consensus.smartbft.consensus] [34;1mdeleteRequest[0m -> Removed request {cbedf5428c685fe2e1c123a651563f2a218576e643d50e9606808a8d30c444d5 90bc60feb3ce1af503c274d3b650785e9255a73104b66883aca6906e1c4a8c16} from request pool channel=mychannel
[34m2026-10-08 05:42:36.859 UTC 38180 INFO[0m [orderer.consensus.smartbft.consensus] [34;1mdeleteRequest[0m -> Removed request {cbedf5428c685fe2e1c123a651563f2a218576e643d50e9606808a8d30c444d5 11bc981c562e1580372418bca67d003100c1e20a972b7708b0c9074a99f22da1} from request pool channel=mychannel
[34m2026-10-08 05:42:36.859 UTC 38181 INFO[0m [orderer.consensus.smartbft.consensus] [34;1mdeleteRequest[0m -> Removed request {cbedf5428c685fe2e1c123a651563f2a218576e643d50e9606808a8d30c444d5 3e9b358f35f092f814e7469a2d4e2649fa3fca08d29c755a493b31439cc93589} from request pool channel=mychannel
[34m2026-10-08 05:42:36.859 UTC 38182 INFO[0m [orderer.consensus.smartbft.consensus] [34;1mdeleteRequest[0m -> Removed request {cbedf5428c685fe2e1c123a651563f2a218576e643d50e9606808a8d30c444d5 101705e9d0cc5efcec582a7819151af2b4a098b99d4601d590ecf504cd00a433} from request pool channel=mychannel
[34m2026-10-08 05:42:36.859 UTC 38183 INFO[0m [orderer.consensus.smartbft.consensus] [34;1mdeleteRequest[0m -> Removed request {cbedf5428c685fe2e1c123a651563f2a218576e643d50e9606808a8d30c444d5 d44eebdfedb8f44cdc233b651e6661ae0edd6f7ac9309c787fc743e0f3421d8b} from request pool channel=mychannel
[34m2026-10-08 05:42:36.859 UTC 38184 INFO[0m [orderer.consensus.smartbft.consensus] [34;1mdeleteRequest[0m -> Removed request {cbedf5428c685fe2e1c123a651563f2a218576e643d50e9606808a8d30c444d5 81af7797c254669bb8a86f129c02bd16737ac8755952c3efd1d0d702ad764e57} from request pool channel=mychannel
[34m2026-10-08 05:42:36.859 UTC 38185 INFO[0m [orderer.consensus.smartbft.consensus] [34;1mdeleteRequest[0m -> Removed request {cbedf5428c685fe2e1c123a651563f2a218576e643d50e9606808a8d30c444d5 db64840e5ab4eea3c727ca68391239253a6334fada0e207a0b9fc23973dcb3c8} from request pool channel=mychannel
[34m2026-10-08 05:42:36.859 UTC 38186 INFO[0m [orderer.consensus.smartbft.consensus] [34;1mdeleteRequest[0m -> Removed request {cbedf5428c685fe2e1c123a651563f2a218576e643d50e9606808a8d30c444d5 2d4da915703aa6a9558383168ffc4883ebc835d4ab96e85b0db480bfd039567e} from request pool channel=mychannel
[34m2026-10-08 05:42:36.913 UTC 38187 INFO[0m [orderer.consensus.smartbft.consensus] [34;1mprocessProposal[0m -> Processed proposal with seq 3598 channel=mychannel
[34m2026-10-08 05:42:36.949 UTC 38188 INFO[0m [orderer.consensus.smartbft.consensus] [34;1mprocessPrepares[0m -> 1 collected 2 prepares from [4 2] channel=mychannel
[34m2026-10-08 05:42:36.950 UTC 38189 INFO[0m [orderer.consensus.smartbft.consensus] [34;1mprocessPrepares[0m -> Processed prepares for proposal with seq 3598 channel=mychannel
[34m2026-10-08 05:42:36.993 UTC 3818a INFO[0m [orderer.consensus.smartbft.consensus] [34;1mprocessCommits[0m -> 1 collected 2 commits from [4 3] channel=mychannel
[34m2026-10-08 05:42:36.994 UTC 3818b INFO[0m [orderer.consensus.smartbft.consensus] [34;1mprepared[0m -> 1 processed commits for proposal with seq 3598 channel=mychannel
[34m2026-10-08 05:42:36.994 UTC 3818c INFO[0m [orderer.consensus.smartbft.consensus] [34;1mdecide[0m -> Deciding on seq 3598 channel=mychannel
[34m2026-10-08 05:42:36.994 UTC 3818d INFO[0m [orderer.consensus.smartbft.consensus] [34;1mstartNextSeq[0m -> Sequence: 3598-->3599 channel=mychannel
[34m2026-10-08 05:42:36.994 UTC 3818e INFO[0m [orderer.consensus.smartbft.chain] [34;1mDeliver[0m -> Delivering proposal, writing block 3598 with 10 transactions and metadata of total size 333 with signatures from [4 3 1] to the ledger, node id 1 channel=mychannel
[34m2026-10-08 05:42:36.994 UTC 3818f INFO[0m [orderer.consensus.smartbft.consensus] [34;1mdeleteRequest[0m -> Removed request {cbedf5428c685fe2e1c123a651563f2a218576e643d50e9606808a8d30c444d5 b6649ca58f88fd3e5be206cd068ea4b6d57c3e2678cae758f7a83956e2584f94} from request pool channel=mychannel
[34m2026-10-08 05:42:36.994 UTC 38190 INFO[0m [orderer.consensus.smartbft.consensus] [34;1mdeleteRequest[0m -> Removed request {cbedf5428c685fe2e1c123a651563f2a218576e643d50e9606808a8d30c444d5 4b8bcefef13a2d41f2e340b146da176389ac57105b0b6daaa0ed5306345bd0d0} from request pool channel=mychannel
[34m2026-10-08 05:42:36.994 UTC 38191 INFO[0m [orderer.consensus.smartbft.consensus] [34;1mdeleteRequest[0m -> Removed request {cbedf5428c685fe2e1c123a651563f2a218576e643d50e9606808a8d30c444d5 b3f9a63817bacd6146a177397b3756b25329abb348fa376f8e88a48806dec357} from request pool channel=mychannel
[34m2026-10-08 05:42:36.994 UTC 38192 INFO[0m [orderer.consensus.smartbft.consensus] [34;1mdeleteRequest[0m -> Removed request {cbedf5428c685fe2e1c123a651563f2a218576e643d50e9606808a8d30c444d5 ea181e80f3bf2fb8fb5b56d14455013f65bf832b815427bd8eb51e67cca7f5b1} from request pool channel=mychannel
[34m2026-10-08 05:42:36.994 UTC 38193 INFO[0m [orderer.consensus.smartbft.consensus] [34;1mdeleteRequest[0m -> Removed request {cbedf5428c685fe2e1c123a651563f2a218576e643d50e9606808a8d30c444d5 ff210d941c3fb86051121b40e07190d4d06500dc94dfa2eacf97819eb3aa5a58} from request pool channel=mychannel
[34m2026-10-08 05:42:36.994 UTC 38194 INFO[0m [orderer.consensus.smartbft.consensus] [34;1mdeleteRequest[0m -> Removed request {cbedf5428c685fe2e1c123a651563f2a218576e643d50e9606808a8d30c444d5 650cef17e2c31a36e2168b754e280fc0b770ba6e59cfef6ebeef65375b2d2f6d} from request pool channel=mychannel
[34m2026-10-08 05:42:36.994 UTC 38195 INFO[0m [orderer.consensus.smartbft.consensus] [34;1mdeleteRequest[0m -> Removed request {cbedf5428c685fe2e1c123a651563f2a218576e643d50e9606808a8d30c444d5 f8c2e8aec5a47c4d950756fc88f4f769a0ac30c9d68b6aa651fd8598997fa4cf} from request pool channel=mychannel
[34m2026-10-08 05:42:36.994 UTC 38196 INFO[0m [orderer.consensus.smartbft.consensus] [34;1mdeleteRequest[0m -> Removed request {cbedf5428c685fe2e1c123a651563f2a218576e643d50e9606808a8d30c444d5 ced585368162b299000492922e8aeff230540e19d32846329544a2ec52c790cb} from request pool channel=mychannel
[34m2026-10-08 05:42:36.994 UTC 38197 INFO[0m [orderer.consensus.smartbft.consensus] [34;1mdeleteRequest[0m -> Removed request {cbedf5428c685fe2e1c123a651563f2a218576e643d50e9606808a8d30c444d5 7219432fd3a736e4cfecd463a2fefbe016993e1309a053f08e4a9c18f17cec78} from request pool channel=mychannel
[34m2026-10-08 05:42:36.995 UTC 38198 INFO[0m [orderer.consensus.smartbft.consensus] [34;1mdeleteRequest[0m -> Removed request {cbedf5428c685fe2e1c123a651563f2a218576e643d50e9606808a8d30c444d5 f7d812fc15059e174bc37d94fd5c926d2a34381e75b96d70b68b13eaad3ed280} from request pool channel=mychannel
[34m2026-10-08 05:42:37.046 UTC 38199 INFO[0m [orderer.consensus.smartbft.consensus] [34;1mprocessProposal[0m -> Processed proposal with seq 3599 channel=mychannel
[34m2026-10-08 05:42:37.084 UTC 3819a INFO[0m [orderer.consensus.smartbft.consensus] [34;1mprocessPrepares[0m -> 1 collected 2 prepares from [4 2] channel=mychannel
[34m2026-10-08 05:42:37.085 UTC 3819b INFO[0m [orderer.consensus.smartbft.consensus] [34;1mprocessPrepares[0m -> Processed prepares for proposal with seq 3599 channel=mychannel
[34m2026-10-08 05:42:37.125 UTC 3819c INFO[0m [orderer.consensus.smartbft.consensus] [34;1mprocessCommits[0m -> 1 collected 2 commits from [3 2] channel=mychannel
[34m2026-10-08 05:42:37.125 UTC 3819d INFO[0m [orderer.consensus.smartbft.consensus] [34;1mprepared[0m -> 1 processed commits for proposal with seq 3599 channel=mychannel
[34m2026-10-08 05:42:37.125 UTC 3819e INFO[0m [orderer.consensus.smartbft.consensus] [34;1mdecide[0m -> Deciding on seq 3599 channel=mychannel
[34m2026-10-08 05:42:37.125 UTC 3819f INFO[0m [orderer.consensus.smartbft.consensus] [34;1mstartNextSeq[0m -> Sequence: 3599-->3600 channel=mychannel
[34m2026-10-08 05:42:37.125 UTC 381a0 INFO[0m [orderer.consensus.smartbft.chain] [34;1mDeliver[0m -> Delivering proposal, writing block 3599 with 10 transactions and metadata of total size 333 with signatures from [3 2 1] to the ledger, node id 1 channel=mychannel
[34m2026-10-08 05:42:37.125 UTC 381a1 INFO[0m [orderer.consensus.smartbft.consensus] [34;1mdeleteRequest[0m -> Removed request {cbedf5428c685fe2e1c123a651563f2a218576e643d50e9606808a8d30c444d5 90e839c9e25d20476f5d9aaa5a553589c07d4fd09839b9d229dda0ddd5580f86} from request pool channel=mychannel
[34m2026-10-08 05:42:37.125 UTC 381a2 INFO[0m [orderer.consensus.smartbft.consensus] [34;1mdeleteRequest[0m -> Removed request {cbedf5428c685fe2e1c123a651563f2a218576e643d50e9606808a8d30c444d5 7ec5acbf7e4097dd4e90046e93220dd4fa4734442a417b4555390e6f8e5335ea} from request pool channel=mychannel
[34m2026-10-08 05:42:37.125 UTC 381a3 INFO[0m [orderer.consensus.smartbft.consensus] [34;1mdeleteRequest[0m -> Removed request {cbedf5428c685fe2e1c123a651563f2a218576e643d50e9606808a8d30c444d5 065475ec77129e7d25e728fc74ed30861eb2e76a5789fe2a9f50a52d545eefa1} from request pool channel=mychannel
[34m2026-10-08 05:42:37.125 UTC 381a4 INFO[0m [orderer.consensus.smartbft.consensus] [34;1mdeleteRequest[0m -> Removed request {cbedf5428c685fe2e1c123a651563f2a218576e643d50e9606808a8d30c444d5 1042130911cc30d95645a62010eb0c284c112ef394a5dbea5611f24c70202790} from request pool channel=mychannel
[34m2026-10-08 05:42:37.125 UTC 381a5 INFO[0m [orderer.consensus.smartbft.consensus] [34;1mdeleteRequest[0m -> Removed request {cbedf5428c685fe2e1c123a651563f2a218576e643d50e9606808a8d30c444d5 78c619ab0a90e53ffa4007252ff4ee59abb608d320beecd3732df3eae80125c9} from request pool channel=mychannel
[34m2026-10-08 05:42:37.125 UTC 381a6 INFO[0m [orderer.consensus.smartbft.consensus] [34;1mdeleteRequest[0m -> Removed request {cbedf5428c685fe2e1c123a651563f2a218576e643d50e9606808a8d30c444d5 1d2952d43b8c67a3d4311ae8580e76eb8b5969c057b36232db655abf2bde144d} from request pool channel=mychannel
[34m2026-10-08 05:42:37.125 UTC 381a7 INFO[0m [orderer.consensus.smartbft.consensus] [34;1mdeleteRequest[0m -> Removed request {cbedf5428c685fe2e1c123a651563f2a218576e643d50e9606808a8d30c444d5 04edf21c6de63a181dc9ca7885e44a7efd1bd6264d960900b7f955df8e67411f} from request pool channel=mychannel
[34m2026-10-08 05:42:37.126 UTC 381a8 INFO[0m [orderer.consensus.smartbft.consensus] [34;1mdeleteRequest[0m -> Removed request {cbedf5428c685fe2e1c123a651563f2a218576e643d50e9606808a8d30c444d5 7e2f830642ef7875ef038f09bdacf5bc0f71af74920934f052df94cab0c17470} from request pool channel=mychannel
[34m2026-10-08 05:42:37.126 UTC 381a9 INFO[0m [orderer.consensus.smartbft.consensus] [34;1mdeleteRequest[0m -> Removed request {cbedf5428c685fe2e1c123a651563f2a218576e643d50e9606808a8d30c444d5 25573fa5f046b2b51e8f377559a5cc2b427059ed3340eb103db0e30b66eaf6f5} from request pool channel=mychannel
[34m2026-10-08 05:42:37.126 UTC 381aa INFO[0m [orderer.consensus.smartbft.consensus] [34;1mdeleteRequest[0m -> Removed request {cbedf5428c685fe2e1c123a651563f2a218576e643d50e9606808a8d30c444d5 f4d3a0e9f9e6b6c5af1c313eac06e55e257e4811bc9a793b132c8c2695108de0} from request pool channel=mychannel
[33m2026-10-08 05:42:37.168 UTC 381ab WARN[0m [orderer.consensus.smartbft.consensus] [33;1mprocessMsg[0m -> 1 got message from 4 with sequence 3598 but our sequence is 3600 channel=mychannel
[33m2026-10-08 05:42:37.169 UTC 381ac WARN[0m [orderer.consensus.smartbft.consensus] [33;1mprocessMsg[0m -> 1 got message from 3 with sequence 3598 but our sequence is 3600 channel=mychannel
[34m2026-10-08 05:42:37.187 UTC 381ad INFO[0m [orderer.consensus.smartbft.consensus] [34;1mprocessProposal[0m -> Processed proposal with seq 3600 channel=mychannel
[34m2026-10-08 05:42:37.225 UTC 381ae INFO[0m [orderer.consensus.smartbft.consensus] [34;1mprocessPrepares[0m -> 1 collected 2 prepares from [4 3] channel=mychannel
[34m2026-10-08 05:42:37.225 UTC 381af INFO[0m [orderer.consensus.smartbft.consensus] [34;1mprocessPrepares[0m -> Processed prepares for proposal with seq 3600 channel=mychannel
[34m2026-10-08 05:42:37.269 UTC 381b0 INFO[0m [orderer.consensus.smartbft.consensus] [34;1mprocessCommits[0m -> 1 collected 2 commits from [2 4] channel=mychannel
[34m2026-10-08 05:42:37.270 UTC 381b1 INFO[0m [orderer.consensus.smartbft.consensus] [34;1mprepared[0m -> 1 processed commits for proposal with seq 3600 channel=mychannel
[34m2026-10-08 05:42:37.270 UTC 381b2 INFO[0m [orderer.consensus.smartbft.consensus] [34;1mdecide[0m -> Deciding on seq 3600 channel=mychannel
[34m2026-10-08 05:42:37.270 UTC 381b3 INFO[0m [orderer.consensus.smartbft.consensus] [34;1mstartNextSeq[0m -> Sequence: 3600-->3601 channel=mychannel
[34m2026-10-08 05:42:37.270 UTC 381b4 INFO[0m [orderer.consensus.smartbft.chain] [34;1mDeliver[0m -> Delivering proposal, writing block 3600 with 10 transactions and metadata of total size 333 with signatures from [2 4 1] to the ledger, node id 1 channel=mychannel
[34m2026-10-08 05:42:37.270 UTC 381b5 INFO[0m [orderer.consensus.smartbft.consensus] [34;1mdeleteRequest[0m -> Removed request {cbedf5428c685fe2e1c123a651563f2a218576e643d50e9606808a8d30c444d5 61fa072a7e712211d23231b84208ed4e20a3b87a8a6d31ca07506023a1c01131} from request pool channel=mychannel
[34m2026-10-08 05:42:37.270 UTC 381b6 INFO[0m [orderer.consensus.smartbft.consensus] [34;1mdeleteRequest[0m -> Removed request {cbedf5428c685fe2e1c123a651563f2a218576e643d50e9606808a8d30c444d5 6acb964a863c5540dc421019a2caaad7da452b6e8d9a5758d20e634e58f1efa3} from request pool channel=mychannel
[34m2026-10-08 05:42:37.270 UTC 381b7 INFO[0m [orderer.consensus.smartbft.consensus] [34;1mdeleteRequest[0m -> Removed request {cbedf5428c685fe2e1c123a651563f2a218576e643d50e9606808a8d30c444d5 61acb40ab3304b6f2f57ef46f8a3acb3b4ae0423578e1aafa1d548e5c5b13484} from request pool channel=mychannel
[34m2026-10-08 05:42:37.270 UTC 381b8 INFO[0m [orderer.consensus.smartbft.consensus] [34;1mdeleteRequest[0m -> Removed request {cbedf5428c685fe2e1c123a651563f2a218576e643d50e9606808a8d30c444d5 548cf993b2f3a291fa24c1850057b739e307b5d6490629864a15398f6e2280a7} from request pool channel=mychannel
[34m2026-10-08 05:42:37.270 UTC 381b9 INFO[0m [orderer.consensus.smartbft.consensus] [34;1mdeleteRequest[0m -> Removed request {cbedf5428c685fe2e1c123a651563f2a218576e643d50e9606808a8d30c444d5 566856d858546bf1c3facc6e9f7d601b859bf499f868d3527017bef61d5fe00e} from request pool channel=mychannel
[34m2026-10-08 05:42:37.270 UTC 381ba INFO[0m [orderer.consensus.smartbft.consensus] [34;1mdeleteRequest[0m -> Removed request {cbedf5428c685fe2e1c123a651563f2a218576e643d50e9606808a8d30c444d5 6dd46f5ef3ab76f331e33c274dcd254011b7a30959eade9a0069d5192cf837cf} from request pool channel=mychannel
[34m2026-10-08 05:42:37.270 UTC 381bb INFO[0m [orderer.consensus.smartbft.consensus] [34;1mdeleteRequest[0m -> Removed request {cbedf5428c685fe2e1c123a651563f2a218576e643d50e9606808a8d30c444d5 251e116f2a59a626992545158c2ddcb48baa5c3d7176b96b206a0971bba0c395} from request pool channel=mychannel
[34m2026-10-08 05:42:37.270 UTC 381bc INFO[0m [orderer.consensus.smartbft.consensus] [34;1mdeleteRequest[0m -> Removed request {cbedf5428c685fe2e1c123a651563f2a218576e643d50e9606808a8d30c444d5 acf8c72c4a5d36d9fc82037672fcc6f36b4e8112abaf1e70393ba6e2fb483093} from request pool channel=mychannel
[34m2026-10-08 05:42:37.270 UTC 381bd INFO[0m [orderer.consensus.smartbft.consensus] [34;1mdeleteRequest[0m -> Removed request {cbedf5428c685fe2e1c123a651563f2a218576e643d50e9606808a8d30c444d5 3ee7a6c4ad3040dc69e4e3d1252f5f8c2f9f164920b1baee81404474acc5e2eb} from request pool channel=mychannel
[34m2026-10-08 05:42:37.270 UTC 381be INFO[0m [orderer.consensus.smartbft.consensus] [34;1mdeleteRequest[0m -> Removed request {cbedf5428c685fe2e1c123a651563f2a218576e643d50e9606808a8d30c444d5 ba24ec04143fd92ac8f33d888deae5ad6bb4d4843383e304abdc70a9c44e18d8} from request pool channel=mychannel
[34m2026-10-08 05:42:37.323 UTC 381bf INFO[0m [orderer.consensus.smartbft.consensus] [34;1mprocessProposal[0m -> Processed proposal with seq 3601 channel=mychannel
[34m2026-10-08 05:42:37.362 UTC 381c0 INFO[0m [orderer.consensus.smartbft.consensus] [34;1mprocessPrepares[0m -> 1 collected 2 prepares from [4 3] channel=mychannel
[34m2026-10-08 05:42:37.363 UTC 381c1 INFO[0m [orderer.consensus.smartbft.consensus] [34;1mprocessPrepares[0m -> Processed prepares for proposal with seq 3601 channel=mychannel
[34m2026-10-08 05:42:37.405 UTC 381c2 INFO[0m [orderer.consensus.smartbft.consensus] [34;1mprocessCommits[0m -> 1 collected 2 commits from [4 3] channel=mychannel
[34m2026-10-08 05:42:37.405 UTC 381c3 INFO[0m [orderer.consensus.smartbft.consensus] [34;1mprepared[0m -> 1 processed commits for proposal with seq 3601 channel=mychannel
[34m2026-10-08 05:42:37.405 UTC 381c4 INFO[0m [orderer.consensus.smartbft.consensus] [34;1mdecide[0m -> Deciding on seq 3601 channel=mychannel
[34m2026-10-08 05:42:37.405 UTC 381c5 INFO[0m [orderer.consensus.smartbft.consensus] [34;1mstartNextSeq[0m -> Sequence: 3601-->3602 channel=mychannel
[34m2026-10-08 05:42:37.405 UTC 381c6 INFO[0m [orderer.consensus.smartbft.chain] [34;1mDeliver[0m -> Delivering proposal, writing block 3601 with 10 transactions and metadata of total size 332 with signatures from [4 3 1] to the ledger, node id 1 channel=mychannel
[34m2026-10-08 05:42:37.405 UTC 381c7 INFO[0m [orderer.consensus.smartbft.consensus] [34;1mdeleteRequest[0m -> Removed request {cbedf5428c685fe2e1c123a651563f2a218576e643d50e9606808a8d30c444d5 8a90898386ce3e046c60c4a00d571c10348b813d9324fd8c390447a30a48d7c1} from request pool channel=mychannel
[34m2026-10-08 05:42:37.405 UTC 381c8 INFO[0m [orderer.consensus.smartbft.consensus] [34;1mdeleteRequest[0m -> Removed request {cbedf5428c685fe2e1c123a651563f2a218576e643d50e9606808a8d30c444d5 5d0d6ca3de4cc3dcb3569f63e817c7fe34c5d0a70401a7918b7363fbdbe4ef08} from request pool channel=mychannel
[34m2026-10-08 05:42:37.405 UTC 381c9 INFO[0m [orderer.consensus.smartbft.consensus] [34;1mdeleteRequest[0m -> Removed request {cbedf5428c685fe2e1c123a651563f2a218576e643d50e9606808a8d30c444d5 83983eb622e9d4b39cdbf05e473d7d6396fb7c8519c635570f7f291729ee5604} from request pool channel=mychannel
[34m2026-10-08 05:42:37.405 UTC 381ca INFO[0m [orderer.consensus.smartbft.consensus] [34;1mdeleteRequest[0m -> Removed request {cbedf5428c685fe2e1c123a651563f2a218576e643d50e9606808a8d30c444d5 123708f1878864189dd3b1df4c140def25b4db0c8b1e7b167d18bc622fd1b534} from request pool channel=mychannel
[34m2026-10-08 05:42:37.405 UTC 381cb INFO[0m [orderer.consensus.smartbft.consensus] [34;1mdeleteRequest[0m -> Removed request {cbedf5428c685fe2e1c123a651563f2a218576e643d50e9606808a8d30c444d5 0219170a72498357db5d6bd3eaabe397c5c1b7b09c15cb26bf4ce386e3234e03} from request pool channel=mychannel
[34m2026-10-08 05:42:37.405 UTC 381cc INFO[0m [orderer.consensus.smartbft.consensus] [34;1mdeleteRequest[0m -> Removed request {cbedf5428c685fe2e1c123a651563f2a218576e643d50e9606808a8d30c444d5 e5a1875123d049614795437a7bd92e359da7d212b549047a354ddf923ae1b40e} from request pool channel=mychannel
[34m2026-10-08 05:42:37.405 UTC 381cd INFO[0m [orderer.consensus.smartbft.consensus] [34;1mdeleteRequest[0m -> Removed request {cbedf5428c685fe2e1c123a651563f2a218576e643d50e9606808a8d30c444d5 d709292447b6f969cb981d2b8683db60f6f498ff5a8c382eb2fe0effcb42993d} from request pool channel=mychannel
[34m2026-10-08 05:42:37.405 UTC 381ce INFO[0m [orderer.consensus.smartbft.consensus] [34;1mdeleteRequest[0m -> Removed request {cbedf5428c685fe2e1c123a651563f2a218576e643d50e9606808a8d30c444d5 2e7cbbdabb8dcd80727be91295b6bf096a29ffadbcb359f5b0904973b1ba624d} from request pool channel=mychannel
[34m2026-10-08 05:42:37.405 UTC 381cf INFO[0m [orderer.consensus.smartbft.consensus] [34;1mdeleteRequest[0m -> Removed request {cbedf5428c685fe2e1c123a651563f2a218576e643d50e9606808a8d30c444d5 d443644af0c8dcd7945fe02da3575713fb4395fc12a67642dc6e9cde9e8e317f} from request pool channel=mychannel
[34m2026-10-08 05:42:37.405 UTC 381d0 INFO[0m [orderer.consensus.smartbft.consensus] [34;1mdeleteRequest[0m -> Removed request {cbedf5428c685fe2e1c123a651563f2a218576e643d50e9606808a8d30c444d5 76ec0c575fbcea1b30bde6997a068794b3722c8c1929a5c8a330d830fde8fbb6} from request pool channel=mychannel
[34m2026-10-08 05:42:37.456 UTC 381d1 INFO[0m [orderer.consensus.smartbft.consensus] [34;1mprocessProposal[0m -> Processed proposal with seq 3602 channel=mychannel
[34m2026-10-08 05:42:37.495 UTC 381d2 INFO[0m [orderer.consensus.smartbft.consensus] [34;1mprocessPrepares[0m -> 1 collected 2 prepares from [4 2] channel=mychannel
[34m2026-10-08 05:42:37.496 UTC 381d3 INFO[0m [orderer.consensus.smartbft.consensus] [34;1mprocessPrepares[0m -> Processed prepares for proposal with seq 3602 channel=mychannel
[34m2026-10-08 05:42:37.533 UTC 381d4 INFO[0m [orderer.consensus.smartbft.consensus] [34;1mprocessCommits[0m -> 1 collected 2 commits from [2 3] channel=mychannel
[34m2026-10-08 05:42:37.533 UTC 381d5 INFO[0m [orderer.consensus.smartbft.consensus] [34;1mprepared[0m -> 1 processed commits for proposal with seq 3602 channel=mychannel
[34m2026-10-08 05:42:37.533 UTC 381d6 INFO[0m [orderer.consensus.smartbft.consensus] [34;1mdecide[0m -> Deciding on seq 3602 channel=mychannel
[34m2026-10-08 05:42:37.533 UTC 381d7 INFO[0m [orderer.consensus.smartbft.consensus] [34;1mstartNextSeq[0m -> Sequence: 3602-->3603 channel=mychannel
[34m2026-10-08 05:42:37.534 UTC 381d8 INFO[0m [orderer.consensus.smartbft.chain] [34;1mDeliver[0m -> Delivering proposal, writing block 3602 with 10 transactions and metadata of total size 334 with signatures from [2 3 1] to the ledger, node id 1 channel=mychannel
[34m2026-10-08 05:42:37.534 UTC 381d9 INFO[0m [orderer.consensus.smartbft.consensus] [34;1mdeleteRequest[0m -> Removed request {cbedf5428c685fe2e1c123a651563f2a218576e643d50e9606808a8d30c444d5 d3495d928873df64d0c0995d1d8bf4b3415f5670d9189b5be5bb7e3e235bb389} from request pool channel=mychannel
[34m2026-10-08 05:42:37.534 UTC 381da INFO[0m [orderer.consensus.smartbft.consensus] [34;1mdeleteRequest[0m -> Removed request {cbedf5428c685fe2e1c123a651563f2a218576e643d50e9606808a8d30c444d5 98a8a9afbe90c7bff0d379e0f105661a5de2c7517838cabf9eaad27c9b8c30f6} from request pool channel=mychannel
[34m2026-10-08 05:42:37.534 UTC 381db INFO[0m [orderer.consensus.smartbft.consensus] [34;1mdeleteRequest[0m -> Removed request {cbedf5428c685fe2e1c123a651563f2a218576e643d50e9606808a8d30c444d5 c918acf34ac9ec2d289383f63f96d308695588fab1c5e7eb44be027775106f93} from request pool channel=mychannel
[34m2026-10-08 05:42:37.534 UTC 381dc INFO[0m [orderer.consensus.smartbft.consensus] [34;1mdeleteRequest[0m -> Removed request {cbedf5428c685fe2e1c123a651563f2a218576e643d50e9606808a8d30c444d5 932aa9465ba039b3da20056c8b500efc1e6539d9b4ff379e763908200ecd3b76} from request pool channel=mychannel
[34m2026-10-08 05:42:37.534 UTC 381dd INFO[0m [orderer.consensus.smartbft.consensus] [34;1mdeleteRequest[0m -> Removed request {cbedf5428c685fe2e1c123a651563f2a218576e643d50e9606808a8d30c444d5 479d91bfe12475fa13ee263cbc5d402fd1f21fdc135fb132b80098a324a64ed6} from request pool channel=mychannel
[34m2026-10-08 05:42:37.534 UTC 381de INFO[0m [orderer.consensus.smartbft.consensus] [34;1mdeleteRequest[0m -> Removed request {cbedf5428c685fe2e1c123a651563f2a218576e643d50e9606808a8d30c444d5 d9f4689ecaf2478991b0fcabdbc7f2e7abc17a10ce5ecf9166a866f437e2d6ac} from request pool channel=mychannel
[34m2026-10-08 05:42:37.534 UTC 381df INFO[0m [orderer.consensus.smartbft.consensus] [34;1mdeleteRequest[0m -> Removed request {cbedf5428c685fe2e1c123a651563f2a218576e643d50e9606808a8d30c444d5 2db1f56a0acd9a4bf0c58f129b80ff34fd062d565559d185eb74a5207c788619} from request pool channel=mychannel
[34m2026-10-08 05:42:37.534 UTC 381e0 INFO[0m [orderer.consensus.smartbft.consensus] [34;1mdeleteRequest[0m -> Removed request {cbedf5428c685fe2e1c123a651563f2a218576e643d50e9606808a8d30c444d5 99b7eb7ef53f01549d68447713c0f47a1b0fa8a7176e913c37b53e62dacebcc7} from request pool channel=mychannel
[34m2026-10-08 05:42:37.534 UTC 381e1 INFO[0m [orderer.consensus.smartbft.consensus] [34;1mdeleteRequest[0m -> Removed request {cbedf5428c685fe2e1c123a651563f2a218576e643d50e9606808a8d30c444d5 38bc74165f7d3583184338247f9b2104bfadbda9dae9a9ba25167baf4b898fe8} from request pool channel=mychannel
[34m2026-10-08 05:42:37.534 UTC 381e2 INFO[0m [orderer.consensus.smartbft.consensus] [34;1mdeleteRequest[0m -> Removed request {cbedf5428c685fe2e1c123a651563f2a218576e643d50e9606808a8d30c444d5 d901aa2cc09b578827da2b636f09587b85f04545dfaadea20bf53fd719b980e1} from request pool channel=mychannel
[34m2026-10-08 05:42:37.594 UTC 381e3 INFO[0m [orderer.consensus.smartbft.consensus] [34;1mprocessProposal[0m -> Processed proposal with seq 3603 channel=mychannel
[34m2026-10-08 05:42:37.625 UTC 381e4 INFO[0m [orderer.consensus.smartbft.consensus] [34;1mprocessPrepares[0m -> 1 collected 2 prepares from [4 2] channel=mychannel
[34m2026-10-08 05:42:37.625 UTC 381e5 INFO[0m [orderer.consensus.smartbft.consensus] [34;1mprocessPrepares[0m -> Processed prepares for proposal with seq 3603 channel=mychannel
[34m2026-10-08 05:42:37.670 UTC 381e6 INFO[0m [orderer.consensus.smartbft.consensus] [34;1mprocessCommits[0m -> 1 collected 2 commits from [2 3] channel=mychannel
[34m2026-10-08 05:42:37.670 UTC 381e7 INFO[0m [orderer.consensus.smartbft.consensus] [34;1mprepared[0m -> 1 processed commits for proposal with seq 3603 channel=mychannel
[34m2026-10-08 05:42:37.670 UTC 381e8 INFO[0m [orderer.consensus.smartbft.consensus] [34;1mdecide[0m -> Deciding on seq 3603 channel=mychannel
[34m2026-10-08 05:42:37.670 UTC 381e9 INFO[0m [orderer.consensus.smartbft.consensus] [34;1mstartNextSeq[0m -> Sequence: 3603-->3604 channel=mychannel
[34m2026-10-08 05:42:37.671 UTC 381ea INFO[0m [orderer.consensus.smartbft.chain] [34;1mDeliver[0m -> Delivering proposal, writing block 3603 with 10 transactions and metadata of total size 334 with signatures from [2 3 1] to the ledger, node id 1 channel=mychannel
[34m2026-10-08 05:42:37.671 UTC 381eb INFO[0m [orderer.consensus.smartbft.consensus] [34;1mdeleteRequest[0m -> Removed request {cbedf5428c685fe2e1c123a651563f2a218576e643d50e9606808a8d30c444d5 9aef990db52fef12e2d1e403a05bf66422cd49854c0f96e399123e355be709de} from request pool channel=mychannel
[34m2026-10-08 05:42:37.671 UTC 381ec INFO[0m [orderer.consensus.smartbft.consensus] [34;1mdeleteRequest[0m -> Removed request {cbedf5428c685fe2e1c123a651563f2a218576e643d50e9606808a8d30c444d5 2ade1e39303a17fd8005b63c9829f6bbe787e62406ead5ba421ca7b446da51c5} from request pool channel=mychannel
[34m2026-10-08 05:42:37.671 UTC 381ed INFO[0m [orderer.consensus.smartbft.consensus] [34;1mdeleteRequest[0m -> Removed request {cbedf5428c685fe2e1c123a651563f2a218576e643d50e9606808a8d30c444d5 bbc13b504b6086bf597af4358f90a8696985bbacca700de80fe5a12f5665f2e1} from request pool channel=mychannel
[34m2026-10-08 05:42:37.671 UTC 381ee INFO[0m [orderer.consensus.smartbft.consensus] [34;1mdeleteRequest[0m -> Removed request {cbedf5428c685fe2e1c123a651563f2a218576e643d50e9606808a8d30c444d5 a7d2581d465a68ce57390c330def3a5a1dd809e73c281d638333d7e62754711a} from request pool channel=mychannel
[34m2026-10-08 05:42:37.671 UTC 381ef INFO[0m [orderer.consensus.smartbft.consensus] [34;1mdeleteRequest[0m -> Removed request {cbedf5428c685fe2e1c123a651563f2a218576e643d50e9606808a8d30c444d5 5574abcdc1e2bb6f1092e3eaafb2d2e1a6cc0eb6517b7495c7505678c792f36f} from request pool channel=mychannel
[34m2026-10-08 05:42:37.671 UTC 381f0 INFO[0m [orderer.consensus.smartbft.consensus] [34;1mdeleteRequest[0m -> Removed request {cbedf5428c685fe2e1c123a651563f2a218576e643d50e9606808a8d30c444d5 ca14a1ac9c4276746ac25f6cf750e559e4ea10310eabc351552807cfb66208cf} from request pool channel=mychannel
[34m2026-10-08 05:42:37.671 UTC 381f1 INFO[0m [orderer.consensus.smartbft.consensus] [34;1mdeleteRequest[0m -> Removed request {cbedf5428c685fe2e1c123a651563f2a218576e643d50e9606808a8d30c444d5 cf3f3a69cee90c1fee4b5d940209585652353be7b99d052576463b3a021038a7} from request pool channel=mychannel
[34m2026-10-08 05:42:37.671 UTC 381f2 INFO[0m [orderer.consensus.smartbft.consensus] [34;1mdeleteRequest[0m -> Removed request {cbedf5428c685fe2e1c123a651563f2a218576e643d50e9606808a8d30c444d5 b72bf40d5fcf2b69f733d06c26778bde4fcfe730c829c111b74aa2a38ff7b13b} from request pool channel=mychannel
[34m2026-10-08 05:42:37.671 UTC 381f3 INFO[0m [orderer.consensus.smartbft.consensus] [34;1mdeleteRequest[0m -> Removed request {cbedf5428c685fe2e1c123a651563f2a218576e643d50e9606808a8d30c444d5 c4895c84354b3c6b6d3bcced4d3362ea89917cb791088b04bf8ff386026cc07a} from request pool channel=mychannel
[34m2026-10-08 05:42:37.672 UTC 381f4 INFO[0m [orderer.consensus.smartbft.consensus] [34;1mdeleteRequest[0m -> Removed request {cbedf5428c685fe2e1c123a651563f2a218576e643d50e9606808a8d30c444d5 88e912fcc798ac8daa42673e9bad0373f061a75a9d643b2c94ff0aaa844a6edd} from request pool channel=mychannel
[34m2026-10-08 05:42:37.727 UTC 381f5 INFO[0m [orderer.consensus.smartbft.consensus] [34;1mprocessProposal[0m -> Processed proposal with seq 3604 channel=mychannel
[34m2026-10-08 05:42:37.759 UTC 381f6 INFO[0m [orderer.consensus.smartbft.consensus] [34;1mprocessPrepares[0m -> 1 collected 2 prepares from [4 3] channel=mychannel
[34m2026-10-08 05:42:37.760 UTC 381f7 INFO[0m [orderer.consensus.smartbft.consensus] [34;1mprocessPrepares[0m -> Processed prepares for proposal with seq 3604 channel=mychannel
[34m2026-10-08 05:42:37.805 UTC 381f8 INFO[0m [orderer.consensus.smartbft.consensus] [34;1mprocessCommits[0m -> 1 collected 2 commits from [3 2] channel=mychannel
[34m2026-10-08 05:42:37.805 UTC 381f9 INFO[0m [orderer.consensus.smartbft.consensus] [34;1mprepared[0m -> 1 processed commits for proposal with seq 3604 channel=mychannel
[34m2026-10-08 05:42:37.805 UTC 381fa INFO[0m [orderer.consensus.smartbft.consensus] [34;1mdecide[0m -> Deciding on seq 3604 channel=mychannel
[34m2026-10-08 05:42:37.805 UTC 381fb INFO[0m [orderer.consensus.smartbft.consensus] [34;1mstartNextSeq[0m -> Sequence: 3604-->3605 channel=mychannel
[34m2026-10-08 05:42:37.805 UTC 381fc INFO[0m [orderer.consensus.smartbft.chain] [34;1mDeliver[0m -> Delivering proposal, writing block 3604 with 10 transactions and metadata of total size 335 with signatures from [3 2 1] to the ledger, node id 1 channel=mychannel
[34m2026-10-08 05:42:37.805 UTC 381fd INFO[0m [orderer.consensus.smartbft.consensus] [34;1mdeleteRequest[0m -> Removed request {cbedf5428c685fe2e1c123a651563f2a218576e643d50e9606808a8d30c444d5 1f61d4e3013f88078827570261ec289d505f242c0cc6511c732c9242b99ea917} from request pool channel=mychannel
[34m2026-10-08 05:42:37.805 UTC 381fe INFO[0m [orderer.consensus.smartbft.consensus] [34;1mdeleteRequest[0m -> Removed request {cbedf5428c685fe2e1c123a651563f2a218576e643d50e9606808a8d30c444d5 eaff113f30a43b380ce8427bd6dc674b1da9e88ec9626dc30c1bc4ef06ab86a8} from request pool channel=mychannel
[34m2026-10-08 05:42:37.806 UTC 381ff INFO[0m [orderer.consensus.smartbft.consensus] [34;1mdeleteRequest[0m -> Removed request {cbedf5428c685fe2e1c123a651563f2a218576e643d50e9606808a8d30c444d5 cc746e2f9b698adc469eeba6d2035b316049d014012f59f6270157e5ba6cfdb1} from request pool channel=mychannel
[34m2026-10-08 05:42:37.806 UTC 38200 INFO[0m [orderer.consensus.smartbft.consensus] [34;1mdeleteRequest[0m -> Removed request {cbedf5428c685fe2e1c123a651563f2a218576e643d50e9606808a8d30c444d5 7b9b9b9a39b4122ba3d3ee421b53aab92c3e3a15619bb5ee3e8a05ce4107735b} from request pool channel=mychannel
[34m2026-10-08 05:42:37.806 UTC 38201 INFO[0m [orderer.consensus.smartbft.consensus] [34;1mdeleteRequest[0m -> Removed request {cbedf5428c685fe2e1c123a651563f2a218576e643d50e9606808a8d30c444d5 c67aa4be8a64ad9bc41d3388b27211a349c9ec357a9672e59ff6b6ec977fbba8} from request pool channel=mychannel
[34m2026-10-08 05:42:37.806 UTC 38202 INFO[0m [orderer.consensus.smartbft.consensus] [34;1mdeleteRequest[0m -> Removed request {cbedf5428c685fe2e1c123a651563f2a218576e643d50e9606808a8d30c444d5 d024b81889652e6b1222b5f42ef866d5ab553e160097c2ebcefaef33fbd4c55c} from request pool channel=mychannel
[34m2026-10-08 05:42:37.806 UTC 38203 INFO[0m [orderer.consensus.smartbft.consensus] [34;1mdeleteRequest[0m -> Removed request {cbedf5428c685fe2e1c123a651563f2a218576e643d50e9606808a8d30c444d5 e45c42139e5c2b9fd516f507b50ef70a44006aa150d2e003a10a5c5e3c780c8d} from request pool channel=mychannel
[34m2026-10-08 05:42:37.806 UTC 38204 INFO[0m [orderer.consensus.smartbft.consensus] [34;1mdeleteRequest[0m -> Removed request {cbedf5428c685fe2e1c123a651563f2a218576e643d50e9606808a8d30c444d5 002d46aef1199f4294c75919235c20fce48d0b9e75c7c0d472c06ac1b997654c} from request pool channel=mychannel
[34m2026-10-08 05:42:37.806 UTC 38205 INFO[0m [orderer.consensus.smartbft.consensus] [34;1mdeleteRequest[0m -> Removed request {cbedf5428c685fe2e1c123a651563f2a218576e643d50e9606808a8d30c444d5 189da43b9512aa78d839b2be17ace1ef9b74edcdf88ba32c8763f17f37b79dfe} from request pool channel=mychannel
[34m2026-10-08 05:42:37.806 UTC 38206 INFO[0m [orderer.consensus.smartbft.consensus] [34;1mdeleteRequest[0m -> Removed request {cbedf5428c685fe2e1c123a651563f2a218576e643d50e9606808a8d30c444d5 edbebe34f1f2cd5d00fa43a17e9598e51d29a712f3dee6cd6565f5eaba518276} from request pool channel=mychannel
[34m2026-10-08 05:42:37.858 UTC 38207 INFO[0m [orderer.consensus.smartbft.consensus] [34;1mprocessProposal[0m -> Processed proposal with seq 3605 channel=mychannel
[34m2026-10-08 05:42:37.895 UTC 38208 INFO[0m [orderer.consensus.smartbft.consensus] [34;1mprocessPrepares[0m -> 1 collected 2 prepares from [4 3] channel=mychannel
[34m2026-10-08 05:42:37.897 UTC 38209 INFO[0m [orderer.consensus.smartbft.consensus] [34;1mprocessPrepares[0m -> Processed prepares for proposal with seq 3605 channel=mychannel
[34m2026-10-08 05:42:37.935 UTC 3820a INFO[0m [orderer.consensus.smartbft.consensus] [34;1mprocessCommits[0m -> 1 collected 2 commits from [2 3] channel=mychannel
[34m2026-10-08 05:42:37.935 UTC 3820b INFO[0m [orderer.consensus.smartbft.consensus] [34;1mprepared[0m -> 1 processed commits for proposal with seq 3605 channel=mychannel
[34m2026-10-08 05:42:37.936 UTC 3820c INFO[0m [orderer.consensus.smartbft.consensus] [34;1mdecide[0m -> Deciding on seq 3605 channel=mychannel
[34m2026-10-08 05:42:37.936 UTC 3820d INFO[0m [orderer.consensus.smartbft.consensus] [34;1mstartNextSeq[0m -> Sequence: 3605-->3606 channel=mychannel
[34m2026-10-08 05:42:37.936 UTC 3820e INFO[0m [orderer.consensus.smartbft.chain] [34;1mDeliver[0m -> Delivering proposal, writing block 3605 with 10 transactions and metadata of total size 334 with signatures from [2 3 1] to the ledger, node id 1 channel=mychannel
[34m2026-10-08 05:42:37.936 UTC 3820f INFO[0m [orderer.consensus.smartbft.consensus] [34;1mdeleteRequest[0m -> Removed request {cbedf5428c685fe2e1c123a651563f2a218576e643d50e9606808a8d30c444d5 e094ece370fecd25681cb3579acd6024db4c2606836fe227b04b98136e3594c3} from request pool channel=mychannel
[34m2026-10-08 05:42:37.936 UTC 38210 INFO[0m [orderer.consensus.smartbft.consensus] [34;1mdeleteRequest[0m -> Removed request {cbedf5428c685fe2e1c123a651563f2a218576e643d50e9606808a8d30c444d5 8b30e69df67370bd362b7dacdf49e3e5976324651dd5cd8b66c2f4757a8c0546} from request pool channel=mychannel
[34m2026-10-08 05:42:37.936 UTC 38211 INFO[0m [orderer.consensus.smartbft.consensus] [34;1mdeleteRequest[0m -> Removed request {cbedf5428c685fe2e1c123a651563f2a218576e643d50e9606808a8d30c444d5 110e8ade584696ee2e9af8b79200af7e165c8aba5a53368d6aa01aa34a4e6ba6} from request pool channel=mychannel
[34m2026-10-08 05:42:37.936 UTC 38212 INFO[0m [orderer.consensus.smartbft.consensus] [34;1mdeleteRequest[0m -> Removed request {cbedf5428c685fe2e1c123a651563f2a218576e643d50e9606808a8d30c444d5 550ad1a1c74a2aaf8e6069d05fc0d31598e41e16c504886f68d52b27ed85510c} from request pool channel=mychannel
[34m2026-10-08 05:42:37.936 UTC 38213 INFO[0m [orderer.consensus.smartbft.consensus] [34;1mdeleteRequest[0m -> Removed request {cbedf5428c685fe2e1c123a651563f2a218576e643d50e9606808a8d30c444d5 5f30dd0db12e7df716415613fe8aeeac7f1a0d841322da0b9f181e619a627c04} from request pool channel=mychannel
[34m2026-10-08 05:42:37.936 UTC 38214 INFO[0m [orderer.consensus.smartbft.consensus] [34;1mdeleteRequest[0m -> Removed request {cbedf5428c685fe2e1c123a651563f2a218576e643d50e9606808a8d30c444d5 5a25589a44f4c7935860a9e79a7deb436a839c54a16d5d64d0d054573f6e3b98} from request pool channel=mychannel
[34m2026-10-08 05:42:37.936 UTC 38215 INFO[0m [orderer.consensus.smartbft.consensus] [34;1mdeleteRequest[0m -> Removed request {cbedf5428c685fe2e1c123a651563f2a218576e643d50e9606808a8d30c444d5 0c9f9f52655d0983807e22be7169278d47200b6ba48e9e5326ae00b2cf5d2cc5} from request pool channel=mychannel
[34m2026-10-08 05:42:37.936 UTC 38216 INFO[0m [orderer.consensus.smartbft.consensus] [34;1mdeleteRequest[0m -> Removed request {cbedf5428c685fe2e1c123a651563f2a218576e643d50e9606808a8d30c444d5 8558519410570cd0a5530dacca4ea01e0746024e367e9eacc288c4785815d59e} from request pool channel=mychannel
[34m2026-10-08 05:42:37.936 UTC 38217 INFO[0m [orderer.consensus.smartbft.consensus] [34;1mdeleteRequest[0m -> Removed request {cbedf5428c685fe2e1c123a651563f2a218576e643d50e9606808a8d30c444d5 32017b30d58349b24a79e4be2599087d64265de5b4713ec05237215f12d7ce09} from request pool channel=mychannel
[34m2026-10-08 05:42:37.936 UTC 38218 INFO[0m [orderer.consensus.smartbft.consensus] [34;1mdeleteRequest[0m -> Removed request {cbedf5428c685fe2e1c123a651563f2a218576e643d50e9606808a8d30c444d5 102c972dfa4b30f358ad689b18afd7b4f0f57a4bf27027efaabd8541f548e099} from request pool channel=mychannel
[33m2026-10-08 05:42:37.983 UTC 38219 WARN[0m [orderer.consensus.smartbft.consensus] [33;1mprocessMsg[0m -> 1 got message from 2 with sequence 3604 but our sequence is 3606 channel=mychannel
[34m2026-10-08 05:42:37.998 UTC 3821a INFO[0m [orderer.consensus.smartbft.consensus] [34;1mprocessProposal[0m -> Processed proposal with seq 3606 channel=mychannel
[34m2026-10-08 05:42:38.036 UTC 3821b INFO[0m [orderer.consensus.smartbft.consensus] [34;1mprocessPrepares[0m -> 1 collected 2 prepares from [4 3] channel=mychannel
[34m2026-10-08 05:42:38.038 UTC 3821c INFO[0m [orderer.consensus.smartbft.consensus] [34;1mprocessPrepares[0m -> Processed prepares for proposal with seq 3606 channel=mychannel
[34m2026-10-08 05:42:38.081 UTC 3821d INFO[0m [orderer.consensus.smartbft.consensus] [34;1mprocessCommits[0m -> 1 collected 2 commits from [4 2] channel=mychannel
[34m2026-10-08 05:42:38.081 UTC 3821e INFO[0m [orderer.consensus.smartbft.consensus] [34;1mprepared[0m -> 1 processed commits for proposal with seq 3606 channel=mychannel
[34m2026-10-08 05:42:38.081 UTC 3821f INFO[0m [orderer.consensus.smartbft.consensus] [34;1mdecide[0m -> Deciding on seq 3606 channel=mychannel
[34m2026-10-08 05:42:38.081 UTC 38220 INFO[0m [orderer.consensus.smartbft.consensus] [34;1mstartNextSeq[0m -> Sequence: 3606-->3607 channel=mychannel
[34m2026-10-08 05:42:38.082 UTC 38221 INFO[0m [orderer.consensus.smartbft.chain] [34;1mDeliver[0m -> Delivering proposal, writing block 3606 with 10 transactions and metadata of total size 333 with signatures from [4 2 1] to the ledger, node id 1 channel=mychannel
[34m2026-10-08 05:42:38.082 UTC 38222 INFO[0m [orderer.consensus.smartbft.consensus] [34;1mdeleteRequest[0m -> Removed request {cbedf5428c685fe2e1c123a651563f2a218576e643d50e9606808a8d30c444d5 fe0a4cad8185f1d8cb2a86f1a5aa979928d64585e2ab12c54f7a7c6317ba67af} from request pool channel=mychannel
[34m2026-10-08 05:42:38.083 UTC 38223 INFO[0m [orderer.consensus.smartbft.consensus] [34;1mdeleteRequest[0m -> Removed request {cbedf5428c685fe2e1c123a651563f2a218576e643d50e9606808a8d30c444d5 f6b6804f88bcbc6f535510be9329ecf6874eedd41e51a675c58b0e1462eb0162} from request pool channel=mychannel
[34m2026-10-08 05:42:38.083 UTC 38224 INFO[0m [orderer.consensus.smartbft.consensus] [34;1mdeleteRequest[0m -> Removed request {cbedf5428c685fe2e1c123a651563f2a218576e643d50e9606808a8d30c444d5 1077c0b3448457a3ae85d0e5e272916fade035672d512ab36d280cf87f27282b} from request pool channel=mychannel
[34m2026-10-08 05:42:38.083 UTC 38225 INFO[0m [orderer.consensus.smartbft.consensus] [34;1mdeleteRequest[0m -> Removed request {cbedf5428c685fe2e1c123a651563f2a218576e643d50e9606808a8d30c444d5 84a1d94a28b3079bd79b6c25940c2cf9a9945231325b7e1d3fdcb6d5805c73a3} from request pool channel=mychannel
[34m2026-10-08 05:42:38.083 UTC 38226 INFO[0m [orderer.consensus.smartbft.consensus] [34;1mdeleteRequest[0m -> Removed request {cbedf5428c685fe2e1c123a651563f2a218576e643d50e9606808a8d30c444d5 1883a33e816e060e2bec421b40b6b91a69e589f2908f2c8d179cbcf081145732} from request pool channel=mychannel
[34m2026-10-08 05:42:38.083 UTC 38227 INFO[0m [orderer.consensus.smartbft.consensus] [34;1mdeleteRequest[0m -> Removed request {cbedf5428c685fe2e1c123a651563f2a218576e643d50e9606808a8d30c444d5 87903314060f551e7e5b35dab3406732489a53d650e438502fef230857fd3c72} from request pool channel=mychannel
[34m2026-10-08 05:42:38.084 UTC 38228 INFO[0m [orderer.consensus.smartbft.consensus] [34;1mdeleteRequest[0m -> Removed request {cbedf5428c685fe2e1c123a651563f2a218576e643d50e9606808a8d30c444d5 e3c29d4000ad917b5580d58820ca412f7b1d62a8878d43c481fec300288b2138} from request pool channel=mychannel
[34m2026-10-08 05:42:38.084 UTC 38229 INFO[0m [orderer.consensus.smartbft.consensus] [34;1mdeleteRequest[0m -> Removed request {cbedf5428c685fe2e1c123a651563f2a218576e643d50e9606808a8d30c444d5 a70dc75edee93b7854db5361feecaf01cc60d72ab02bb11710b0e0e7d7af7561} from request pool channel=mychannel
[34m2026-10-08 05:42:38.084 UTC 3822a INFO[0m [orderer.consensus.smartbft.consensus] [34;1mdeleteRequest[0m -> Removed request {cbedf5428c685fe2e1c123a651563f2a218576e643d50e9606808a8d30c444d5 a5b367d8d00bea4d3b0792eaededa39b8b7c3bb13469c45ced75940e0bdad313} from request pool channel=mychannel
[34m2026-10-08 05:42:38.084 UTC 3822b INFO[0m [orderer.consensus.smartbft.consensus] [34;1mdeleteRequest[0m -> Removed request {cbedf5428c685fe2e1c123a651563f2a218576e643d50e9606808a8d30c444d5 326c2b5facc68d507d8ced34cc86a95fb1f2595e5ca823b7c34d70cf65fae8cc} from request pool channel=mychannel
[33m2026-10-08 05:42:38.122 UTC 3822c WARN[0m [orderer.consensus.smartbft.consensus] [33;1mprocessMsg[0m -> 1 got message from 2 with sequence 3605 but our sequence is 3607 channel=mychannel
[34m2026-10-08 05:42:38.141 UTC 3822d INFO[0m [orderer.consensus.smartbft.consensus] [34;1mprocessProposal[0m -> Processed proposal with seq 3607 channel=mychannel
[34m2026-10-08 05:42:38.174 UTC 3822e INFO[0m [orderer.consensus.smartbft.consensus] [34;1mprocessPrepares[0m -> 1 collected 2 prepares from [4 2] channel=mychannel
[34m2026-10-08 05:42:38.175 UTC 3822f INFO[0m [orderer.consensus.smartbft.consensus] [34;1mprocessPrepares[0m -> Processed prepares for proposal with seq 3607 channel=mychannel
