[34m2026-10-08 04:33:26.747 UTC 06c1 INFO[0m [comm.grpc.server] [34;1m1[0m -> unary call completed grpc.service=protos.Endorser grpc.method=ProcessProposal grpc.peer_address=172.18.0.1:48528 grpc.code=OK grpc.call_duration=2.948655ms
[34m2026-10-08 04:33:26.750 UTC 06c2 INFO[0m [grpc] [34;1mInfof[0m -> [transport] [server-transport 0xc003705a00] Closing: EOF
[34m2026-10-08 04:33:26.750 UTC 06c4 INFO[0m [grpc] [34;1mInfof[0m -> [transport] [server-transport 0xc0052de340] Closing: EOF
[34m2026-10-08 04:33:26.750 UTC 06c3 INFO[0m [grpc] [34;1mInfof[0m -> [transport] [server-transport 0xc003705a00] loopyWriter exiting with error: transport closed by client
[34m2026-10-08 04:33:26.750 UTC 06c5 INFO[0m [grpc] [34;1mInfof[0m -> [transport] [server-transport 0xc0052de340] loopyWriter exiting with error: transport closed by client
[34m2026-10-08 04:33:26.751 UTC 06c6 INFO[0m [comm.grpc.server] [34;1m1[0m -> streaming call completed grpc.service=protos.Deliver grpc.method=DeliverFiltered grpc.request_deadline=2026-10-08T04:33:51.747Z grpc.peer_address=172.18.0.1:48544 error="context finished before block retrieved: context canceled" grpc.code=Unknown grpc.call_duration=3.293566ms
[34m2026-10-08 04:33:26.798 UTC 06c7 INFO[0m [endorser] [34;1mcallChaincode[0m -> finished chaincode: bzt duration: 2ms channel=mychannel txID=ddb62001
[34m2026-10-08 04:33:26.798 UTC 06c8 INFO[0m [comm.grpc.server] [34;1m1[0m -> unary call completed grpc.service=protos.Endorser grpc.method=ProcessProposal grpc.peer_address=172.18.0.1:48552 grpc.code=OK grpc.call_duration=3.686922ms
[34m2026-10-08 04:33:26.802 UTC 06c9 INFO[0m [grpc] [34;1mInfof[0m -> [transport] [server-transport 0xc003705ba0] Closing: EOF
[34m2026-10-08 04:33:26.802 UTC 06ca INFO[0m [grpc] [34;1mInfof[0m -> [transport] [server-transport 0xc0052de4e0] Closing: EOF
[34m2026-10-08 04:33:26.802 UTC 06cb INFO[0m [grpc] [34;1mInfof[0m -> [transport] [server-transport 0xc003705ba0] loopyWriter exiting with error: transport closed by client
[34m2026-10-08 04:33:26.802 UTC 06cc INFO[0m [comm.grpc.server] [34;1m1[0m -> streaming call completed grpc.service=protos.Deliver grpc.method=DeliverFiltered grpc.request_deadline=2026-10-08T04:33:51.799Z grpc.peer_address=172.18.0.1:48564 error="context finished before block retrieved: context canceled" grpc.code=Unknown grpc.call_duration=2.758432ms
[34m2026-10-08 04:33:26.802 UTC 06cd INFO[0m [grpc] [34;1mInfof[0m -> [transport] [server-transport 0xc0052de4e0] loopyWriter exiting with error: transport closed by client
[34m2026-10-08 04:33:26.851 UTC 06ce INFO[0m [endorser] [34;1mcallChaincode[0m -> finished chaincode: bzt duration: 2ms channel=mychannel txID=45846462
[34m2026-10-08 04:33:26.851 UTC 06cf INFO[0m [comm.grpc.server] [34;1m1[0m -> unary call completed grpc.service=protos.Endorser grpc.method=ProcessProposal grpc.peer_address=172.18.0.1:48574 grpc.code=OK grpc.call_duration=3.180235ms
[34m2026-10-08 04:33:26.853 UTC 06d0 INFO[0m [comm.grpc.server] [34;1m1[0m -> streaming call completed grpc.service=protos.Deliver grpc.method=DeliverFiltered grpc.request_deadline=2026-10-08T04:33:51.852Z grpc.peer_address=172.18.0.1:48584 error="context finished before block retrieved: context canceled" grpc.code=Unknown grpc.call_duration=1.375357ms
[34m2026-10-08 04:33:26.854 UTC 06d1 INFO[0m [grpc] [34;1mInfof[0m -> [transport] [server-transport 0xc00836a340] Closing: EOF
[34m2026-10-08 04:33:26.855 UTC 06d2 INFO[0m [grpc] [34;1mInfof[0m -> [transport] [server-transport 0xc00836a340] loopyWriter exiting with error: transport closed by client
[34m2026-10-08 04:33:26.855 UTC 06d3 INFO[0m [grpc] [34;1mInfof[0m -> [transport] [server-transport 0xc008118000] Closing: EOF
[34m2026-10-08 04:33:26.855 UTC 06d4 INFO[0m [grpc] [34;1mInfof[0m -> [transport] [server-transport 0xc008118000] loopyWriter exiting with error: transport closed by client
[34m2026-10-08 04:33:26.902 UTC 06d5 INFO[0m [endorser] [34;1mcallChaincode[0m -> finished chaincode: bzt duration: 2ms channel=mychannel txID=c54932f8
[34m2026-10-08 04:33:26.902 UTC 06d6 INFO[0m [comm.grpc.server] [34;1m1[0m -> unary call completed grpc.service=protos.Endorser grpc.method=ProcessProposal grpc.peer_address=172.18.0.1:48590 grpc.code=OK grpc.call_duration=3.14005ms
[34m2026-10-08 04:33:26.904 UTC 06d7 INFO[0m [comm.grpc.server] [34;1m1[0m -> streaming call completed grpc.service=protos.Deliver grpc.method=DeliverFiltered grpc.request_deadline=2026-10-08T04:33:51.903Z grpc.peer_address=172.18.0.1:48596 error="context finished before block retrieved: context canceled" grpc.code=Unknown grpc.call_duration=1.466886ms
[34m2026-10-08 04:33:26.905 UTC 06d8 INFO[0m [grpc] [34;1mInfof[0m -> [transport] [server-transport 0xc0081184e0] Closing: EOF
[34m2026-10-08 04:33:26.905 UTC 06d9 INFO[0m [grpc] [34;1mInfof[0m -> [transport] [server-transport 0xc0081184e0] loopyWriter exiting with error: transport closed by client
[34m2026-10-08 04:33:26.906 UTC 06da INFO[0m [grpc] [34;1mInfof[0m -> [transport] [server-transport 0xc0052de680] Closing: EOF
[34m2026-10-08 04:33:26.906 UTC 06db INFO[0m [grpc] [34;1mInfof[0m -> [transport] [server-transport 0xc0052de680] loopyWriter exiting with error: transport closed by client
[34m2026-10-08 04:33:26.954 UTC 06dc INFO[0m [endorser] [34;1mcallChaincode[0m -> finished chaincode: bzt duration: 2ms channel=mychannel txID=a9fca9ef
[34m2026-10-08 04:33:26.954 UTC 06dd INFO[0m [comm.grpc.server] [34;1m1[0m -> unary call completed grpc.service=protos.Endorser grpc.method=ProcessProposal grpc.peer_address=172.18.0.1:48604 grpc.code=OK grpc.call_duration=3.245265ms
[34m2026-10-08 04:33:26.957 UTC 06de INFO[0m [comm.grpc.server] [34;1m1[0m -> streaming call completed grpc.service=protos.Deliver grpc.method=DeliverFiltered grpc.request_deadline=2026-10-08T04:33:51.955Z grpc.peer_address=172.18.0.1:48606 error="context finished before block retrieved: context canceled" grpc.code=Unknown grpc.call_duration=1.733393ms
[34m2026-10-08 04:33:26.958 UTC 06df INFO[0m [grpc] [34;1mInfof[0m -> [transport] [server-transport 0xc008118680] Closing: EOF
[34m2026-10-08 04:33:26.958 UTC 06e0 INFO[0m [grpc] [34;1mInfof[0m -> [transport] [server-transport 0xc008118680] loopyWriter exiting with error: transport closed by client
[34m2026-10-08 04:33:26.958 UTC 06e1 INFO[0m [grpc] [34;1mInfof[0m -> [transport] [server-transport 0xc0052de820] Closing: EOF
[34m2026-10-08 04:33:26.959 UTC 06e2 INFO[0m [grpc] [34;1mInfof[0m -> [transport] [server-transport 0xc0052de820] loopyWriter exiting with error: transport closed by client
[34m2026-10-08 04:33:27.006 UTC 06e3 INFO[0m [endorser] [34;1mcallChaincode[0m -> finished chaincode: bzt duration: 2ms channel=mychannel txID=d8293116
[34m2026-10-08 04:33:27.006 UTC 06e4 INFO[0m [comm.grpc.server] [34;1m1[0m -> unary call completed grpc.service=protos.Endorser grpc.method=ProcessProposal grpc.peer_address=172.18.0.1:48620 grpc.code=OK grpc.call_duration=3.455558ms
[34m2026-10-08 04:33:27.011 UTC 06e5 INFO[0m [grpc] [34;1mInfof[0m -> [transport] [server-transport 0xc0052de9c0] Closing: EOF
[34m2026-10-08 04:33:27.011 UTC 06e6 INFO[0m [grpc] [34;1mInfof[0m -> [transport] [server-transport 0xc008118b60] Closing: EOF
[34m2026-10-08 04:33:27.011 UTC 06e8 INFO[0m [grpc] [34;1mInfof[0m -> [transport] [server-transport 0xc0052de9c0] loopyWriter exiting with error: transport closed by client
[34m2026-10-08 04:33:27.011 UTC 06e7 INFO[0m [comm.grpc.server] [34;1m1[0m -> streaming call completed grpc.service=protos.Deliver grpc.method=DeliverFiltered grpc.request_deadline=2026-10-08T04:33:52.008Z grpc.peer_address=172.18.0.1:48630 error="context finished before block retrieved: context canceled" grpc.code=Unknown grpc.call_duration=2.865448ms
[34m2026-10-08 04:33:27.011 UTC 06e9 INFO[0m [grpc] [34;1mInfof[0m -> [transport] [server-transport 0xc008118b60] loopyWriter exiting with error: transport closed by client
[34m2026-10-08 04:33:27.061 UTC 06ea INFO[0m [endorser] [34;1mcallChaincode[0m -> finished chaincode: bzt duration: 3ms channel=mychannel txID=7e3ac3f6
[34m2026-10-08 04:33:27.061 UTC 06eb INFO[0m [comm.grpc.server] [34;1m1[0m -> unary call completed grpc.service=protos.Endorser grpc.method=ProcessProposal grpc.peer_address=172.18.0.1:48642 grpc.code=OK grpc.call_duration=3.893772ms
[34m2026-10-08 04:33:27.066 UTC 06ec INFO[0m [grpc] [34;1mInfof[0m -> [transport] [server-transport 0xc008118d00] Closing: EOF
[34m2026-10-08 04:33:27.067 UTC 06ed INFO[0m [grpc] [34;1mInfof[0m -> [transport] [server-transport 0xc008118d00] loopyWriter exiting with error: transport closed by client
[34m2026-10-08 04:33:27.066 UTC 06ee INFO[0m [grpc] [34;1mInfof[0m -> [transport] [server-transport 0xc00057f1e0] Closing: EOF
[34m2026-10-08 04:33:27.067 UTC 06ef INFO[0m [comm.grpc.server] [34;1m1[0m -> streaming call completed grpc.service=protos.Deliver grpc.method=DeliverFiltered grpc.request_deadline=2026-10-08T04:33:52.063Z grpc.peer_address=172.18.0.1:48648 error="context finished before block retrieved: context canceled" grpc.code=Unknown grpc.call_duration=3.338767ms
[34m2026-10-08 04:33:27.067 UTC 06f0 INFO[0m [grpc] [34;1mInfof[0m -> [transport] [server-transport 0xc00057f1e0] loopyWriter exiting with error: transport closed by client
[34m2026-10-08 04:33:27.115 UTC 06f1 INFO[0m [endorser] [34;1mcallChaincode[0m -> finished chaincode: bzt duration: 2ms channel=mychannel txID=28af3e84
[34m2026-10-08 04:33:27.115 UTC 06f2 INFO[0m [comm.grpc.server] [34;1m1[0m -> unary call completed grpc.service=protos.Endorser grpc.method=ProcessProposal grpc.peer_address=172.18.0.1:48658 grpc.code=OK grpc.call_duration=3.026524ms
[34m2026-10-08 04:33:27.117 UTC 06f3 INFO[0m [comm.grpc.server] [34;1m1[0m -> streaming call completed grpc.service=protos.Deliver grpc.method=DeliverFiltered grpc.request_deadline=2026-10-08T04:33:52.116Z grpc.peer_address=172.18.0.1:48664 error="context finished before block retrieved: context canceled" grpc.code=Unknown grpc.call_duration=1.191007ms
[34m2026-10-08 04:33:27.118 UTC 06f4 INFO[0m [grpc] [34;1mInfof[0m -> [transport] [server-transport 0xc0052deb60] Closing: EOF
[34m2026-10-08 04:33:27.119 UTC 06f5 INFO[0m [grpc] [34;1mInfof[0m -> [transport] [server-transport 0xc0052deb60] loopyWriter exiting with error: transport closed by client
[34m2026-10-08 04:33:27.119 UTC 06f6 INFO[0m [grpc] [34;1mInfof[0m -> [transport] [server-transport 0xc00057f520] Closing: EOF
[34m2026-10-08 04:33:27.119 UTC 06f7 INFO[0m [grpc] [34;1mInfof[0m -> [transport] [server-transport 0xc00057f520] loopyWriter exiting with error: transport closed by client
[34m2026-10-08 04:33:27.167 UTC 06f8 INFO[0m [endorser] [34;1mcallChaincode[0m -> finished chaincode: bzt duration: 2ms channel=mychannel txID=5a45fc42
[34m2026-10-08 04:33:27.168 UTC 06f9 INFO[0m [comm.grpc.server] [34;1m1[0m -> unary call completed grpc.service=protos.Endorser grpc.method=ProcessProposal grpc.peer_address=172.18.0.1:48678 grpc.code=OK grpc.call_duration=3.797104ms
[34m2026-10-08 04:33:27.170 UTC 06fa INFO[0m [comm.grpc.server] [34;1m1[0m -> streaming call completed grpc.service=protos.Deliver grpc.method=DeliverFiltered grpc.request_deadline=2026-10-08T04:33:52.168Z grpc.peer_address=172.18.0.1:48686 error="context finished before block retrieved: context canceled" grpc.code=Unknown grpc.call_duration=1.319045ms
[34m2026-10-08 04:33:27.171 UTC 06fb INFO[0m [grpc] [34;1mInfof[0m -> [transport] [server-transport 0xc00836a680] Closing: EOF
[34m2026-10-08 04:33:27.171 UTC 06fc INFO[0m [grpc] [34;1mInfof[0m -> [transport] [server-transport 0xc00057fd40] Closing: EOF
[34m2026-10-08 04:33:27.171 UTC 06fd INFO[0m [grpc] [34;1mInfof[0m -> [transport] [server-transport 0xc00836a680] loopyWriter exiting with error: transport closed by client
[34m2026-10-08 04:33:27.171 UTC 06fe INFO[0m [grpc] [34;1mInfof[0m -> [transport] [server-transport 0xc00057fd40] loopyWriter exiting with error: transport closed by client
[34m2026-10-08 04:33:27.219 UTC 06ff INFO[0m [endorser] [34;1mcallChaincode[0m -> finished chaincode: bzt duration: 2ms channel=mychannel txID=66953fe9
[34m2026-10-08 04:33:27.219 UTC 0700 INFO[0m [comm.grpc.server] [34;1m1[0m -> unary call completed grpc.service=protos.Endorser grpc.method=ProcessProposal grpc.peer_address=172.18.0.1:48696 grpc.code=OK grpc.call_duration=3.005733ms
[34m2026-10-08 04:33:27.222 UTC 0701 INFO[0m [grpc] [34;1mInfof[0m -> [transport] [server-transport 0xc0052ded00] Closing: EOF
[34m2026-10-08 04:33:27.222 UTC 0702 INFO[0m [grpc] [34;1mInfof[0m -> [transport] [server-transport 0xc008119040] Closing: EOF
[34m2026-10-08 04:33:27.223 UTC 0703 INFO[0m [grpc] [34;1mInfof[0m -> [transport] [server-transport 0xc008119040] loopyWriter exiting with error: transport closed by client
[34m2026-10-08 04:33:27.223 UTC 0704 INFO[0m [grpc] [34;1mInfof[0m -> [transport] [server-transport 0xc0052ded00] loopyWriter exiting with error: transport closed by client
[34m2026-10-08 04:33:27.223 UTC 0705 INFO[0m [comm.grpc.server] [34;1m1[0m -> streaming call completed grpc.service=protos.Deliver grpc.method=DeliverFiltered grpc.request_deadline=2026-10-08T04:33:52.22Z grpc.peer_address=172.18.0.1:48710 error="context finished before block retrieved: context canceled" grpc.code=Unknown grpc.call_duration=2.668855ms
[34m2026-10-08 04:33:27.270 UTC 0706 INFO[0m [endorser] [34;1mcallChaincode[0m -> finished chaincode: bzt duration: 2ms channel=mychannel txID=413f5df4
[34m2026-10-08 04:33:27.271 UTC 0707 INFO[0m [comm.grpc.server] [34;1m1[0m -> unary call completed grpc.service=protos.Endorser grpc.method=ProcessProposal grpc.peer_address=172.18.0.1:48716 grpc.code=OK grpc.call_duration=2.919422ms
[34m2026-10-08 04:33:28.031 UTC 0708 INFO[0m [grpc] [34;1mInfof[0m -> [core] original dial target is: "orderer.example.com:7050"
[34m2026-10-08 04:33:28.031 UTC 0709 INFO[0m [grpc] [34;1mAddTraceEvent[0m -> [core] [Channel #394]Channel created
[34m2026-10-08 04:33:28.031 UTC 070a INFO[0m [grpc] [34;1mAddTraceEvent[0m -> [core] [Channel #394]parsed dial target is: resolver.Target{URL:url.URL{Scheme:"passthrough", Opaque:"", User:(*url.Userinfo)(nil), Host:"", Path:"/orderer.example.com:7050", RawPath:"", OmitHost:false, ForceQuery:false, RawQuery:"", Fragment:"", RawFragment:""}}
[34m2026-10-08 04:33:28.032 UTC 070b INFO[0m [grpc] [34;1mAddTraceEvent[0m -> [core] [Channel #394]Channel authority set to "orderer.example.com:7050"
[34m2026-10-08 04:33:28.032 UTC 070c INFO[0m [grpc] [34;1mAddTraceEvent[0m -> [core] [Channel #394]Resolver state updated: {
  "Addresses": [
    {
      "Addr": "orderer.example.com:7050",
      "ServerName": "",
      "Attributes": null,
      "BalancerAttributes": null,
      "Metadata": null
    }
  ],
  "Endpoints": [
    {
      "Addresses": [
        {
          "Addr": "orderer.example.com:7050",
          "ServerName": "",
          "Attributes": null,
          "BalancerAttributes": null,
          "Metadata": null
        }
      ],
      "Attributes": null
    }
  ],
  "ServiceConfig": null,
  "Attributes": null
} (resolver returned new addresses)
[34m2026-10-08 04:33:28.032 UTC 070d INFO[0m [grpc] [34;1mAddTraceEvent[0m -> [core] [Channel #394]Channel switches to new LB policy "pick_first"
[34m2026-10-08 04:33:28.032 UTC 070e INFO[0m [grpc] [34;1mInfof[0m -> [pick-first-lb] [pick-first-lb 0xc003288ae0] Received new config {
  "shuffleAddressList": false
}, resolver state {
  "Addresses": [
    {
      "Addr": "orderer.example.com:7050",
      "ServerName": "",
      "Attributes": null,
      "BalancerAttributes": null,
      "Metadata": null
    }
  ],
  "Endpoints": [
    {
      "Addresses": [
        {
          "Addr": "orderer.example.com:7050",
          "ServerName": "",
          "Attributes": null,
          "BalancerAttributes": null,
          "Metadata": null
        }
      ],
      "Attributes": null
    }
  ],
  "ServiceConfig": null,
  "Attributes": null
}
[34m2026-10-08 04:33:28.032 UTC 070f INFO[0m [grpc] [34;1mAddTraceEvent[0m -> [core] [Channel #394 SubChannel #395]Subchannel created
[34m2026-10-08 04:33:28.032 UTC 0710 INFO[0m [grpc] [34;1mAddTraceEvent[0m -> [core] [Channel #394]Channel Connectivity change to CONNECTING
[34m2026-10-08 04:33:28.032 UTC 0711 INFO[0m [grpc] [34;1mAddTraceEvent[0m -> [core] [Channel #394]Channel exiting idle mode
[34m2026-10-08 04:33:28.032 UTC 0712 INFO[0m [grpc] [34;1mAddTraceEvent[0m -> [core] [Channel #394 SubChannel #395]Subchannel Connectivity change to CONNECTING
[34m2026-10-08 04:33:28.032 UTC 0713 INFO[0m [grpc] [34;1mAddTraceEvent[0m -> [core] [Channel #394 SubChannel #395]Subchannel picks a new address "orderer.example.com:7050" to connect
[34m2026-10-08 04:33:28.032 UTC 0714 INFO[0m [grpc] [34;1mInfof[0m -> [pick-first-lb] [pick-first-lb 0xc003288ae0] Received SubConn state update: 0xc003288c00, {ConnectivityState:CONNECTING ConnectionError:<nil> connectedAddress:{Addr: ServerName: Attributes:<nil> BalancerAttributes:<nil> Metadata:<nil>}}
[34m2026-10-08 04:33:28.034 UTC 0715 INFO[0m [grpc] [34;1mAddTraceEvent[0m -> [core] [Channel #394 SubChannel #395]Subchannel Connectivity change to READY
[34m2026-10-08 04:33:28.034 UTC 0716 INFO[0m [grpc] [34;1mInfof[0m -> [pick-first-lb] [pick-first-lb 0xc003288ae0] Received SubConn state update: 0xc003288c00, {ConnectivityState:READY ConnectionError:<nil> connectedAddress:{Addr:orderer.example.com:7050 ServerName:orderer.example.com:7050 Attributes:<nil> BalancerAttributes:<nil> Metadata:<nil>}}
[34m2026-10-08 04:33:28.034 UTC 0717 INFO[0m [grpc] [34;1mAddTraceEvent[0m -> [core] [Channel #394]Channel Connectivity change to READY
[34m2026-10-08 04:33:28.034 UTC 0718 INFO[0m [peer.blocksprovider] [34;1mStart[0m -> BlockReceiver starting channel=mychannel orderer-address=orderer.example.com:7050
[34m2026-10-08 04:33:28.036 UTC 0719 INFO[0m [gossip.privdata] [34;1mStoreBlock[0m -> Received block [21] from buffer channel=mychannel
[34m2026-10-08 04:33:28.037 UTC 071a INFO[0m [committer.txvalidator] [34;1mValidate[0m -> [mychannel] Validated block [21] in 0ms
[34m2026-10-08 04:33:28.038 UTC 071b INFO[0m [kvledger] [34;1mcommit[0m -> [mychannel] Committed block [21] with 1 transaction(s) in 1ms (state_validation=0ms block_and_pvtdata_commit=0ms state_commit=0ms) commitHash=[1a99664200de3033de5f4153a5e5ea29d5c157f39282944a854404dd1209acac]
[34m2026-10-08 04:33:28.039 UTC 071c INFO[0m [comm.grpc.server] [34;1m1[0m -> streaming call completed grpc.service=protos.Deliver grpc.method=DeliverFiltered grpc.request_deadline=2026-10-08T04:33:52.271Z grpc.peer_address=172.18.0.1:48724 error="context finished before block retrieved: context canceled" grpc.code=Unknown grpc.call_duration=767.342607ms
[34m2026-10-08 04:33:28.040 UTC 071d INFO[0m [grpc] [34;1mInfof[0m -> [transport] [server-transport 0xc0052deea0] Closing: EOF
[34m2026-10-08 04:33:28.040 UTC 071e INFO[0m [grpc] [34;1mInfof[0m -> [transport] [server-transport 0xc003844000] Closing: EOF
[34m2026-10-08 04:33:28.040 UTC 071f INFO[0m [grpc] [34;1mInfof[0m -> [transport] [server-transport 0xc003844000] loopyWriter exiting with error: transport closed by client
[34m2026-10-08 04:33:28.040 UTC 0720 INFO[0m [grpc] [34;1mInfof[0m -> [transport] [server-transport 0xc0052deea0] loopyWriter exiting with error: transport closed by client
[34m2026-10-08 04:33:28.092 UTC 0721 INFO[0m [endorser] [34;1mcallChaincode[0m -> finished chaincode: bzt duration: 2ms channel=mychannel txID=dc2b35aa
[34m2026-10-08 04:33:28.092 UTC 0722 INFO[0m [comm.grpc.server] [34;1m1[0m -> unary call completed grpc.service=protos.Endorser grpc.method=ProcessProposal grpc.peer_address=172.18.0.1:48734 grpc.code=OK grpc.call_duration=3.455548ms
[34m2026-10-08 04:33:28.296 UTC 0723 INFO[0m [gossip.privdata] [34;1mStoreBlock[0m -> Received block [22] from buffer channel=mychannel
[34m2026-10-08 04:33:28.297 UTC 0724 INFO[0m [committer.txvalidator] [34;1mValidate[0m -> [mychannel] Validated block [22] in 0ms
[34m2026-10-08 04:33:28.298 UTC 0725 INFO[0m [kvledger] [34;1mcommit[0m -> [mychannel] Committed block [22] with 1 transaction(s) in 1ms (state_validation=0ms block_and_pvtdata_commit=0ms state_commit=0ms) commitHash=[81c83c363dcf91a306c7d77069236a7f40675fa6229ae8dd4cb6880f8d0bcede]
[34m2026-10-08 04:33:28.299 UTC 0726 INFO[0m [comm.grpc.server] [34;1m1[0m -> streaming call completed grpc.service=protos.Deliver grpc.method=DeliverFiltered grpc.request_deadline=2026-10-08T04:33:53.093Z grpc.peer_address=172.18.0.1:48742 error="context finished before block retrieved: context canceled" grpc.code=Unknown grpc.call_duration=206.574086ms
[34m2026-10-08 04:33:28.301 UTC 0727 INFO[0m [grpc] [34;1mInfof[0m -> [transport] [server-transport 0xc0052df1e0] Closing: EOF
[34m2026-10-08 04:33:28.301 UTC 0728 INFO[0m [grpc] [34;1mInfof[0m -> [transport] [server-transport 0xc0052df1e0] loopyWriter exiting with error: transport closed by client
[34m2026-10-08 04:33:28.301 UTC 0729 INFO[0m [grpc] [34;1mInfof[0m -> [transport] [server-transport 0xc00836a820] Closing: EOF
[34m2026-10-08 04:33:28.301 UTC 072a INFO[0m [grpc] [34;1mInfof[0m -> [transport] [server-transport 0xc00836a820] loopyWriter exiting with error: transport closed by client
[34m2026-10-08 04:33:28.351 UTC 072b INFO[0m [endorser] [34;1mcallChaincode[0m -> finished chaincode: bzt duration: 2ms channel=mychannel txID=b5d87eea
[34m2026-10-08 04:33:28.351 UTC 072c INFO[0m [comm.grpc.server] [34;1m1[0m -> unary call completed grpc.service=protos.Endorser grpc.method=ProcessProposal grpc.peer_address=172.18.0.1:48750 grpc.code=OK grpc.call_duration=2.876775ms
[34m2026-10-08 04:33:28.555 UTC 072d INFO[0m [gossip.privdata] [34;1mStoreBlock[0m -> Received block [23] from buffer channel=mychannel
[34m2026-10-08 04:33:28.556 UTC 072e INFO[0m [committer.txvalidator] [34;1mValidate[0m -> [mychannel] Validated block [23] in 0ms
[34m2026-10-08 04:33:28.557 UTC 072f INFO[0m [kvledger] [34;1mcommit[0m -> [mychannel] Committed block [23] with 1 transaction(s) in 1ms (state_validation=0ms block_and_pvtdata_commit=0ms state_commit=0ms) commitHash=[f00f860ee5d2275ae309ed549b8c9bbdf28944d00cfb7bec5779dff9d373d8b7]
[34m2026-10-08 04:33:28.558 UTC 0730 INFO[0m [comm.grpc.server] [34;1m1[0m -> streaming call completed grpc.service=protos.Deliver grpc.method=DeliverFiltered grpc.request_deadline=2026-10-08T04:33:53.351Z grpc.peer_address=172.18.0.1:48756 error="context finished before block retrieved: context canceled" grpc.code=Unknown grpc.call_duration=206.103629ms
[34m2026-10-08 04:33:28.559 UTC 0731 INFO[0m [grpc] [34;1mInfof[0m -> [transport] [server-transport 0xc00836ab60] Closing: EOF
[34m2026-10-08 04:33:28.559 UTC 0732 INFO[0m [grpc] [34;1mInfof[0m -> [transport] [server-transport 0xc00836a9c0] Closing: EOF
[34m2026-10-08 04:33:28.559 UTC 0733 INFO[0m [grpc] [34;1mInfof[0m -> [transport] [server-transport 0xc00836a9c0] loopyWriter exiting with error: transport closed by client
[34m2026-10-08 04:33:28.559 UTC 0734 INFO[0m [grpc] [34;1mInfof[0m -> [transport] [server-transport 0xc00836ab60] loopyWriter exiting with error: transport closed by client
[34m2026-10-08 04:33:28.609 UTC 0735 INFO[0m [endorser] [34;1mcallChaincode[0m -> finished chaincode: bzt duration: 2ms channel=mychannel txID=ae129f97
[34m2026-10-08 04:33:28.610 UTC 0736 INFO[0m [comm.grpc.server] [34;1m1[0m -> unary call completed grpc.service=protos.Endorser grpc.method=ProcessProposal grpc.peer_address=172.18.0.1:48770 grpc.code=OK grpc.call_duration=3.018298ms
[34m2026-10-08 04:33:28.814 UTC 0737 INFO[0m [gossip.privdata] [34;1mStoreBlock[0m -> Received block [24] from buffer channel=mychannel
[34m2026-10-08 04:33:28.815 UTC 0738 INFO[0m [committer.txvalidator] [34;1mValidate[0m -> [mychannel] Validated block [24] in 0ms
[34m2026-10-08 04:33:28.836 UTC 0739 INFO[0m [kvledger] [34;1mcommit[0m -> [mychannel] Committed block [24] with 1 transaction(s) in 21ms (state_validation=0ms block_and_pvtdata_commit=20ms state_commit=0ms) commitHash=[1424285b5c1ae8dee50b9ad317d35fc79eda1b302eb47ef2a4927e1f269931cd]
[34m2026-10-08 04:33:28.837 UTC 073a INFO[0m [comm.grpc.server] [34;1m1[0m -> streaming call completed grpc.service=protos.Deliver grpc.method=DeliverFiltered grpc.request_deadline=2026-10-08T04:33:53.61Z grpc.peer_address=172.18.0.1:48772 error="context finished before block retrieved: context canceled" grpc.code=Unknown grpc.call_duration=226.641744ms
[34m2026-10-08 04:33:28.838 UTC 073b INFO[0m [grpc] [34;1mInfof[0m -> [transport] [server-transport 0xc003844340] Closing: EOF
[34m2026-10-08 04:33:28.838 UTC 073c INFO[0m [grpc] [34;1mInfof[0m -> [transport] [server-transport 0xc003844340] loopyWriter exiting with error: transport closed by client
[34m2026-10-08 04:33:28.838 UTC 073d INFO[0m [grpc] [34;1mInfof[0m -> [transport] [server-transport 0xc0081191e0] Closing: EOF
[34m2026-10-08 04:33:28.839 UTC 073e INFO[0m [grpc] [34;1mInfof[0m -> [transport] [server-transport 0xc0081191e0] loopyWriter exiting with error: transport closed by client
[34m2026-10-08 04:33:28.890 UTC 073f INFO[0m [endorser] [34;1mcallChaincode[0m -> finished chaincode: bzt duration: 2ms channel=mychannel txID=c2ef4621
[34m2026-10-08 04:33:28.890 UTC 0740 INFO[0m [comm.grpc.server] [34;1m1[0m -> unary call completed grpc.service=protos.Endorser grpc.method=ProcessProposal grpc.peer_address=172.18.0.1:48774 grpc.code=OK grpc.call_duration=3.659178ms
[34m2026-10-08 04:33:29.095 UTC 0741 INFO[0m [gossip.privdata] [34;1mStoreBlock[0m -> Received block [25] from buffer channel=mychannel
[34m2026-10-08 04:33:29.096 UTC 0742 INFO[0m [committer.txvalidator] [34;1mValidate[0m -> [mychannel] Validated block [25] in 0ms
[34m2026-10-08 04:33:29.100 UTC 0743 INFO[0m [kvledger] [34;1mcommit[0m -> [mychannel] Committed block [25] with 1 transaction(s) in 4ms (state_validation=0ms block_and_pvtdata_commit=3ms state_commit=0ms) commitHash=[6352e1b2785ac3fb7089df0bb61863b91c36ec867c948398facf7bdd9fac4ec0]
[34m2026-10-08 04:33:29.101 UTC 0744 INFO[0m [comm.grpc.server] [34;1m1[0m -> streaming call completed grpc.service=protos.Deliver grpc.method=DeliverFiltered grpc.request_deadline=2026-10-08T04:33:53.891Z grpc.peer_address=172.18.0.1:48778 error="context finished before block retrieved: context canceled" grpc.code=Unknown grpc.call_duration=209.495255ms
[34m2026-10-08 04:33:29.102 UTC 0745 INFO[0m [grpc] [34;1mInfof[0m -> [transport] [server-transport 0xc00836ad00] Closing: EOF
[34m2026-10-08 04:33:29.102 UTC 0746 INFO[0m [grpc] [34;1mInfof[0m -> [transport] [server-transport 0xc00836ad00] loopyWriter exiting with error: transport closed by client
[34m2026-10-08 04:33:29.102 UTC 0747 INFO[0m [grpc] [34;1mInfof[0m -> [transport] [server-transport 0xc0052df380] Closing: EOF
[34m2026-10-08 04:33:29.102 UTC 0748 INFO[0m [grpc] [34;1mInfof[0m -> [transport] [server-transport 0xc0052df380] loopyWriter exiting with error: transport closed by client
[34m2026-10-08 04:33:29.162 UTC 0749 INFO[0m [endorser] [34;1mcallChaincode[0m -> finished chaincode: bzt duration: 2ms channel=mychannel txID=7e475e9a
[34m2026-10-08 04:33:29.162 UTC 074a INFO[0m [comm.grpc.server] [34;1m1[0m -> unary call completed grpc.service=protos.Endorser grpc.method=ProcessProposal grpc.peer_address=172.18.0.1:48788 grpc.code=OK grpc.call_duration=3.314843ms
[34m2026-10-08 04:33:29.366 UTC 074b INFO[0m [gossip.privdata] [34;1mStoreBlock[0m -> Received block [26] from buffer channel=mychannel
[34m2026-10-08 04:33:29.367 UTC 074c INFO[0m [committer.txvalidator] [34;1mValidate[0m -> [mychannel] Validated block [26] in 0ms
[34m2026-10-08 04:33:29.368 UTC 074d INFO[0m [kvledger] [34;1mcommit[0m -> [mychannel] Committed block [26] with 1 transaction(s) in 1ms (state_validation=0ms block_and_pvtdata_commit=0ms state_commit=0ms) commitHash=[d716025ce3e645cb80f2bbe940e27e3040a7c0fba60da07b811527ea65b2ee42]
[34m2026-10-08 04:33:29.369 UTC 074e INFO[0m [comm.grpc.server] [34;1m1[0m -> streaming call completed grpc.service=protos.Deliver grpc.method=DeliverFiltered grpc.request_deadline=2026-10-08T04:33:54.163Z grpc.peer_address=172.18.0.1:48798 error="context finished before block retrieved: context canceled" grpc.code=Unknown grpc.call_duration=206.337684ms
[34m2026-10-08 04:33:29.371 UTC 074f INFO[0m [grpc] [34;1mInfof[0m -> [transport] [server-transport 0xc003844820] Closing: EOF
[34m2026-10-08 04:33:29.371 UTC 0750 INFO[0m [grpc] [34;1mInfof[0m -> [transport] [server-transport 0xc00836aea0] Closing: EOF
[34m2026-10-08 04:33:29.371 UTC 0751 INFO[0m [grpc] [34;1mInfof[0m -> [transport] [server-transport 0xc003844820] loopyWriter exiting with error: transport closed by client
[34m2026-10-08 04:33:29.371 UTC 0752 INFO[0m [grpc] [34;1mInfof[0m -> [transport] [server-transport 0xc00836aea0] loopyWriter exiting with error: transport closed by client
[34m2026-10-08 04:33:29.448 UTC 0753 INFO[0m [endorser] [34;1mcallChaincode[0m -> finished chaincode: bzt duration: 2ms channel=mychannel txID=9cddac2a
[34m2026-10-08 04:33:29.448 UTC 0754 INFO[0m [comm.grpc.server] [34;1m1[0m -> unary call completed grpc.service=protos.Endorser grpc.method=ProcessProposal grpc.peer_address=172.18.0.1:48804 grpc.code=OK grpc.call_duration=3.165619ms
[34m2026-10-08 04:33:29.657 UTC 0755 INFO[0m [gossip.privdata] [34;1mStoreBlock[0m -> Received block [27] from buffer channel=mychannel
[34m2026-10-08 04:33:29.658 UTC 0756 INFO[0m [committer.txvalidator] [34;1mValidate[0m -> [mychannel] Validated block [27] in 0ms
[34m2026-10-08 04:33:29.660 UTC 0757 INFO[0m [kvledger] [34;1mcommit[0m -> [mychannel] Committed block [27] with 1 transaction(s) in 1ms (state_validation=0ms block_and_pvtdata_commit=0ms state_commit=0ms) commitHash=[35f1120104d458f4bc6910f8270a28098229d51fae14bc17f5a57dc0ccf65024]
[34m2026-10-08 04:33:29.661 UTC 0758 INFO[0m [comm.grpc.server] [34;1m1[0m -> streaming call completed grpc.service=protos.Deliver grpc.method=DeliverFiltered grpc.request_deadline=2026-10-08T04:33:54.449Z grpc.peer_address=172.18.0.1:48806 error="context finished before block retrieved: context canceled" grpc.code=Unknown grpc.call_duration=211.508804ms
[34m2026-10-08 04:33:29.662 UTC 0759 INFO[0m [grpc] [34;1mInfof[0m -> [transport] [server-transport 0xc0052df6c0] Closing: EOF
[34m2026-10-08 04:33:29.662 UTC 075a INFO[0m [grpc] [34;1mInfof[0m -> [transport] [server-transport 0xc00836b040] Closing: EOF
[34m2026-10-08 04:33:29.662 UTC 075b INFO[0m [grpc] [34;1mInfof[0m -> [transport] [server-transport 0xc0052df6c0] loopyWriter exiting with error: transport closed by client
[34m2026-10-08 04:33:29.662 UTC 075c INFO[0m [grpc] [34;1mInfof[0m -> [transport] [server-transport 0xc00836b040] loopyWriter exiting with error: transport closed by client
[34m2026-10-08 04:33:29.713 UTC 075d INFO[0m [endorser] [34;1mcallChaincode[0m -> finished chaincode: bzt duration: 2ms channel=mychannel txID=00f74fa6
[34m2026-10-08 04:33:29.713 UTC 075e INFO[0m [comm.grpc.server] [34;1m1[0m -> unary call completed grpc.service=protos.Endorser grpc.method=ProcessProposal grpc.peer_address=172.18.0.1:48808 grpc.code=OK grpc.call_duration=2.906709ms
[34m2026-10-08 04:33:29.918 UTC 075f INFO[0m [gossip.privdata] [34;1mStoreBlock[0m -> Received block [28] from buffer channel=mychannel
[34m2026-10-08 04:33:29.919 UTC 0760 INFO[0m [committer.txvalidator] [34;1mValidate[0m -> [mychannel] Validated block [28] in 0ms
[34m2026-10-08 04:33:29.920 UTC 0761 INFO[0m [kvledger] [34;1mcommit[0m -> [mychannel] Committed block [28] with 1 transaction(s) in 1ms (state_validation=0ms block_and_pvtdata_commit=0ms state_commit=0ms) commitHash=[683214336a51c4c9ad01f4d96a8e69913fe77ca2c1838f41013700bc37083b9e]
[34m2026-10-08 04:33:29.922 UTC 0762 INFO[0m [grpc] [34;1mInfof[0m -> [transport] [server-transport 0xc003844b60] Closing: EOF
[34m2026-10-08 04:33:29.922 UTC 0763 INFO[0m [grpc] [34;1mInfof[0m -> [transport] [server-transport 0xc0052df860] Closing: EOF
[34m2026-10-08 04:33:29.923 UTC 0764 INFO[0m [grpc] [34;1mInfof[0m -> [transport] [server-transport 0xc0052df860] loopyWriter exiting with error: transport closed by client
[34m2026-10-08 04:33:29.923 UTC 0765 INFO[0m [grpc] [34;1mInfof[0m -> [transport] [server-transport 0xc003844b60] loopyWriter exiting with error: transport closed by client
[34m2026-10-08 04:33:29.923 UTC 0766 INFO[0m [comm.grpc.server] [34;1m1[0m -> streaming call completed grpc.service=protos.Deliver grpc.method=DeliverFiltered grpc.request_deadline=2026-10-08T04:33:54.714Z grpc.peer_address=172.18.0.1:48814 error="context finished before block retrieved: context canceled" grpc.code=Unknown grpc.call_duration=208.78321ms
[34m2026-10-08 04:33:29.974 UTC 0767 INFO[0m [endorser] [34;1mcallChaincode[0m -> finished chaincode: bzt duration: 2ms channel=mychannel txID=aab001b3
[34m2026-10-08 04:33:29.974 UTC 0768 INFO[0m [comm.grpc.server] [34;1m1[0m -> unary call completed grpc.service=protos.Endorser grpc.method=ProcessProposal grpc.peer_address=172.18.0.1:48822 grpc.code=OK grpc.call_duration=3.12205ms
[34m2026-10-08 04:33:30.179 UTC 0769 INFO[0m [gossip.privdata] [34;1mStoreBlock[0m -> Received block [29] from buffer channel=mychannel
[34m2026-10-08 04:33:30.179 UTC 076a INFO[0m [committer.txvalidator] [34;1mValidate[0m -> [mychannel] Validated block [29] in 0ms
[34m2026-10-08 04:33:30.183 UTC 076b INFO[0m [kvledger] [34;1mcommit[0m -> [mychannel] Committed block [29] with 1 transaction(s) in 2ms (state_validation=0ms block_and_pvtdata_commit=2ms state_commit=0ms) commitHash=[f795355ae61ec4774f0680a5fae08512a2858be3b9d05d21f8b1e8ccd7955228]
[34m2026-10-08 04:33:30.183 UTC 076c INFO[0m [comm.grpc.server] [34;1m1[0m -> streaming call completed grpc.service=protos.Deliver grpc.method=DeliverFiltered grpc.request_deadline=2026-10-08T04:33:54.975Z grpc.peer_address=172.18.0.1:48830 error="context finished before block retrieved: context canceled" grpc.code=Unknown grpc.call_duration=208.164843ms
[34m2026-10-08 04:33:30.185 UTC 076d INFO[0m [grpc] [34;1mInfof[0m -> [transport] [server-transport 0xc0052dfa00] Closing: EOF
[34m2026-10-08 04:33:30.185 UTC 076e INFO[0m [grpc] [34;1mInfof[0m -> [transport] [server-transport 0xc0052dfba0] Closing: EOF
[34m2026-10-08 04:33:30.185 UTC 076f INFO[0m [grpc] [34;1mInfof[0m -> [transport] [server-transport 0xc0052dfba0] loopyWriter exiting with error: transport closed by client
[34m2026-10-08 04:33:30.185 UTC 0770 INFO[0m [grpc] [34;1mInfof[0m -> [transport] [server-transport 0xc0052dfa00] loopyWriter exiting with error: transport closed by client
[34m2026-10-08 04:33:30.236 UTC 0771 INFO[0m [endorser] [34;1mcallChaincode[0m -> finished chaincode: bzt duration: 2ms channel=mychannel txID=3f43413d
[34m2026-10-08 04:33:30.236 UTC 0772 INFO[0m [comm.grpc.server] [34;1m1[0m -> unary call completed grpc.service=protos.Endorser grpc.method=ProcessProposal grpc.peer_address=172.18.0.1:48836 grpc.code=OK grpc.call_duration=2.930964ms
[34m2026-10-08 04:33:30.440 UTC 0773 INFO[0m [gossip.privdata] [34;1mStoreBlock[0m -> Received block [30] from buffer channel=mychannel
[34m2026-10-08 04:33:30.441 UTC 0774 INFO[0m [committer.txvalidator] [34;1mValidate[0m -> [mychannel] Validated block [30] in 0ms
[34m2026-10-08 04:33:30.442 UTC 0775 INFO[0m [kvledger] [34;1mcommit[0m -> [mychannel] Committed block [30] with 1 transaction(s) in 1ms (state_validation=0ms block_and_pvtdata_commit=0ms state_commit=0ms) commitHash=[220b57c26768475ee287b8a76adcf241da1ae2b65d8cea356d5a32a33ada6f13]
[34m2026-10-08 04:33:30.443 UTC 0776 INFO[0m [comm.grpc.server] [34;1m1[0m -> streaming call completed grpc.service=protos.Deliver grpc.method=DeliverFiltered grpc.request_deadline=2026-10-08T04:33:55.237Z grpc.peer_address=172.18.0.1:48852 error="context finished before block retrieved: context canceled" grpc.code=Unknown grpc.call_duration=206.038764ms
[34m2026-10-08 04:33:30.444 UTC 0777 INFO[0m [grpc] [34;1mInfof[0m -> [transport] [server-transport 0xc003844d00] Closing: EOF
[34m2026-10-08 04:33:30.444 UTC 0778 INFO[0m [grpc] [34;1mInfof[0m -> [transport] [server-transport 0xc003844d00] loopyWriter exiting with error: transport closed by client
[34m2026-10-08 04:33:30.445 UTC 0779 INFO[0m [grpc] [34;1mInfof[0m -> [transport] [server-transport 0xc00836b1e0] Closing: EOF
[34m2026-10-08 04:33:30.445 UTC 077a INFO[0m [grpc] [34;1mInfof[0m -> [transport] [server-transport 0xc00836b1e0] loopyWriter exiting with error: transport closed by client
[34m2026-10-08 04:33:30.497 UTC 077b INFO[0m [endorser] [34;1mcallChaincode[0m -> finished chaincode: bzt duration: 2ms channel=mychannel txID=8ccd61a9
[34m2026-10-08 04:33:30.497 UTC 077c INFO[0m [comm.grpc.server] [34;1m1[0m -> unary call completed grpc.service=protos.Endorser grpc.method=ProcessProposal grpc.peer_address=172.18.0.1:48858 grpc.code=OK grpc.call_duration=3.65319ms
[34m2026-10-08 04:33:30.702 UTC 077d INFO[0m [gossip.privdata] [34;1mStoreBlock[0m -> Received block [31] from buffer channel=mychannel
[34m2026-10-08 04:33:30.703 UTC 077e INFO[0m [committer.txvalidator] [34;1mValidate[0m -> [mychannel] Validated block [31] in 0ms
[34m2026-10-08 04:33:30.704 UTC 077f INFO[0m [kvledger] [34;1mcommit[0m -> [mychannel] Committed block [31] with 1 transaction(s) in 1ms (state_validation=0ms block_and_pvtdata_commit=0ms state_commit=0ms) commitHash=[fbffbfb9b24e08bd0dbb8af15c4d622c0b00991b34615eee0c54ca3cc0e45fcc]
[34m2026-10-08 04:33:30.705 UTC 0780 INFO[0m [comm.grpc.server] [34;1m1[0m -> streaming call completed grpc.service=protos.Deliver grpc.method=DeliverFiltered grpc.request_deadline=2026-10-08T04:33:55.498Z grpc.peer_address=172.18.0.1:48868 error="context finished before block retrieved: context canceled" grpc.code=Unknown grpc.call_duration=206.441145ms
[34m2026-10-08 04:33:30.706 UTC 0781 INFO[0m [grpc] [34;1mInfof[0m -> [transport] [server-transport 0xc0052dfd40] Closing: EOF
[34m2026-10-08 04:33:30.706 UTC 0782 INFO[0m [grpc] [34;1mInfof[0m -> [transport] [server-transport 0xc0052dfd40] loopyWriter exiting with error: transport closed by client
[34m2026-10-08 04:33:30.706 UTC 0783 INFO[0m [grpc] [34;1mInfof[0m -> [transport] [server-transport 0xc008119380] Closing: EOF
[34m2026-10-08 04:33:30.707 UTC 0784 INFO[0m [grpc] [34;1mInfof[0m -> [transport] [server-transport 0xc008119380] loopyWriter exiting with error: transport closed by client
[34m2026-10-08 04:33:30.757 UTC 0785 INFO[0m [endorser] [34;1mcallChaincode[0m -> finished chaincode: bzt duration: 2ms channel=mychannel txID=c8412a71
[34m2026-10-08 04:33:30.757 UTC 0786 INFO[0m [comm.grpc.server] [34;1m1[0m -> unary call completed grpc.service=protos.Endorser grpc.method=ProcessProposal grpc.peer_address=172.18.0.1:48874 grpc.code=OK grpc.call_duration=2.971304ms
[34m2026-10-08 04:33:30.961 UTC 0787 INFO[0m [gossip.privdata] [34;1mStoreBlock[0m -> Received block [32] from buffer channel=mychannel
[34m2026-10-08 04:33:30.961 UTC 0788 INFO[0m [committer.txvalidator] [34;1mValidate[0m -> [mychannel] Validated block [32] in 0ms
[34m2026-10-08 04:33:30.963 UTC 0789 INFO[0m [kvledger] [34;1mcommit[0m -> [mychannel] Committed block [32] with 1 transaction(s) in 1ms (state_validation=0ms block_and_pvtdata_commit=0ms state_commit=0ms) commitHash=[2af921a87d54e12e81b4ab8c9c65d296223e78899f717cbcf08c8f6fa4501ec6]
[34m2026-10-08 04:33:30.963 UTC 078a INFO[0m [comm.grpc.server] [34;1m1[0m -> streaming call completed grpc.service=protos.Deliver grpc.method=DeliverFiltered grpc.request_deadline=2026-10-08T04:33:55.757Z grpc.peer_address=172.18.0.1:48888 error="context finished before block retrieved: context canceled" grpc.code=Unknown grpc.call_duration=206.002591ms
[34m2026-10-08 04:33:30.965 UTC 078b INFO[0m [grpc] [34;1mInfof[0m -> [transport] [server-transport 0xc008119520] Closing: EOF
[34m2026-10-08 04:33:30.965 UTC 078c INFO[0m [grpc] [34;1mInfof[0m -> [transport] [server-transport 0xc008848000] Closing: EOF
[34m2026-10-08 04:33:30.965 UTC 078d INFO[0m [grpc] [34;1mInfof[0m -> [transport] [server-transport 0xc008848000] loopyWriter exiting with error: transport closed by client
[34m2026-10-08 04:33:30.966 UTC 078e INFO[0m [grpc] [34;1mInfof[0m -> [transport] [server-transport 0xc008119520] loopyWriter exiting with error: transport closed by client
[34m2026-10-08 04:33:31.016 UTC 078f INFO[0m [endorser] [34;1mcallChaincode[0m -> finished chaincode: bzt duration: 3ms channel=mychannel txID=d22d098a
[34m2026-10-08 04:33:31.017 UTC 0790 INFO[0m [comm.grpc.server] [34;1m1[0m -> unary call completed grpc.service=protos.Endorser grpc.method=ProcessProposal grpc.peer_address=172.18.0.1:48898 grpc.code=OK grpc.call_duration=3.801968ms
[34m2026-10-08 04:33:31.222 UTC 0791 INFO[0m [gossip.privdata] [34;1mStoreBlock[0m -> Received block [33] from buffer channel=mychannel
[34m2026-10-08 04:33:31.222 UTC 0792 INFO[0m [committer.txvalidator] [34;1mValidate[0m -> [mychannel] Validated block [33] in 0ms
[34m2026-10-08 04:33:31.224 UTC 0793 INFO[0m [kvledger] [34;1mcommit[0m -> [mychannel] Committed block [33] with 1 transaction(s) in 1ms (state_validation=0ms block_and_pvtdata_commit=0ms state_commit=0ms) commitHash=[381c7840294b31a296509bebb941ab9de2129cddce2c29697a0f1fc2663f6930]
[34m2026-10-08 04:33:31.224 UTC 0794 INFO[0m [comm.grpc.server] [34;1m1[0m -> streaming call completed grpc.service=protos.Deliver grpc.method=DeliverFiltered grpc.request_deadline=2026-10-08T04:33:56.018Z grpc.peer_address=172.18.0.1:48900 error="context finished before block retrieved: context canceled" grpc.code=Unknown grpc.call_duration=206.111475ms
[34m2026-10-08 04:33:31.226 UTC 0795 INFO[0m [grpc] [34;1mInfof[0m -> [transport] [server-transport 0xc00836b380] Closing: EOF
[34m2026-10-08 04:33:31.226 UTC 0796 INFO[0m [grpc] [34;1mInfof[0m -> [transport] [server-transport 0xc00836b380] loopyWriter exiting with error: transport closed by client
[34m2026-10-08 04:33:31.226 UTC 0797 INFO[0m [grpc] [34;1mInfof[0m -> [transport] [server-transport 0xc0088484e0] Closing: EOF
[34m2026-10-08 04:33:31.226 UTC 0798 INFO[0m [grpc] [34;1mInfof[0m -> [transport] [server-transport 0xc0088484e0] loopyWriter exiting with error: transport closed by client
[34m2026-10-08 04:33:31.278 UTC 0799 INFO[0m [endorser] [34;1mcallChaincode[0m -> finished chaincode: bzt duration: 2ms channel=mychannel txID=871b63e9
[34m2026-10-08 04:33:31.278 UTC 079a INFO[0m [comm.grpc.server] [34;1m1[0m -> unary call completed grpc.service=protos.Endorser grpc.method=ProcessProposal grpc.peer_address=172.18.0.1:48916 grpc.code=OK grpc.call_duration=3.525998ms
[34m2026-10-08 04:33:31.483 UTC 079b INFO[0m [gossip.privdata] [34;1mStoreBlock[0m -> Received block [34] from buffer channel=mychannel
[34m2026-10-08 04:33:31.484 UTC 079c INFO[0m [committer.txvalidator] [34;1mValidate[0m -> [mychannel] Validated block [34] in 0ms
[34m2026-10-08 04:33:31.485 UTC 079d INFO[0m [kvledger] [34;1mcommit[0m -> [mychannel] Committed block [34] with 1 transaction(s) in 1ms (state_validation=0ms block_and_pvtdata_commit=0ms state_commit=0ms) commitHash=[30eebcd0f532d2a9093a187bd58355c0473bf3508d77b2afefedc1c7080868d2]
[34m2026-10-08 04:33:31.486 UTC 079e INFO[0m [comm.grpc.server] [34;1m1[0m -> streaming call completed grpc.service=protos.Deliver grpc.method=DeliverFiltered grpc.request_deadline=2026-10-08T04:33:56.28Z grpc.peer_address=172.18.0.1:48928 error="context finished before block retrieved: context canceled" grpc.code=Unknown grpc.call_duration=205.819242ms
[34m2026-10-08 04:33:31.487 UTC 079f INFO[0m [grpc] [34;1mInfof[0m -> [transport] [server-transport 0xc0081196c0] Closing: EOF
[34m2026-10-08 04:33:31.487 UTC 07a0 INFO[0m [grpc] [34;1mInfof[0m -> [transport] [server-transport 0xc00836b520] Closing: EOF
[34m2026-10-08 04:33:31.487 UTC 07a1 INFO[0m [grpc] [34;1mInfof[0m -> [transport] [server-transport 0xc00836b520] loopyWriter exiting with error: transport closed by client
[34m2026-10-08 04:33:31.488 UTC 07a2 INFO[0m [grpc] [34;1mInfof[0m -> [transport] [server-transport 0xc0081196c0] loopyWriter exiting with error: transport closed by client
[34m2026-10-08 04:33:31.540 UTC 07a3 INFO[0m [endorser] [34;1mcallChaincode[0m -> finished chaincode: bzt duration: 2ms channel=mychannel txID=81cc82e7
[34m2026-10-08 04:33:31.540 UTC 07a4 INFO[0m [comm.grpc.server] [34;1m1[0m -> unary call completed grpc.service=protos.Endorser grpc.method=ProcessProposal grpc.peer_address=172.18.0.1:48938 grpc.code=OK grpc.call_duration=3.345428ms
[34m2026-10-08 04:33:31.744 UTC 07a5 INFO[0m [gossip.privdata] [34;1mStoreBlock[0m -> Received block [35] from buffer channel=mychannel
[34m2026-10-08 04:33:31.745 UTC 07a6 INFO[0m [committer.txvalidator] [34;1mValidate[0m -> [mychannel] Validated block [35] in 0ms
[34m2026-10-08 04:33:31.746 UTC 07a7 INFO[0m [kvledger] [34;1mcommit[0m -> [mychannel] Committed block [35] with 1 transaction(s) in 1ms (state_validation=0ms block_and_pvtdata_commit=0ms state_commit=0ms) commitHash=[ebd3c6dfc7369e602a93250c02b9d8430d7b35ad007d1ca7a94a1dd48193248c]
[34m2026-10-08 04:33:31.747 UTC 07a8 INFO[0m [comm.grpc.server] [34;1m1[0m -> streaming call completed grpc.service=protos.Deliver grpc.method=DeliverFiltered grpc.request_deadline=2026-10-08T04:33:56.541Z grpc.peer_address=172.18.0.1:48944 error="context finished before block retrieved: context canceled" grpc.code=Unknown grpc.call_duration=206.436182ms
[34m2026-10-08 04:33:31.748 UTC 07a9 INFO[0m [grpc] [34;1mInfof[0m -> [transport] [server-transport 0xc00836b6c0] Closing: EOF
[34m2026-10-08 04:33:31.749 UTC 07aa INFO[0m [grpc] [34;1mInfof[0m -> [transport] [server-transport 0xc00836b6c0] loopyWriter exiting with error: transport closed by client
[34m2026-10-08 04:33:31.749 UTC 07ab INFO[0m [grpc] [34;1mInfof[0m -> [transport] [server-transport 0xc003844ea0] Closing: EOF
[34m2026-10-08 04:33:31.749 UTC 07ac INFO[0m [grpc] [34;1mInfof[0m -> [transport] [server-transport 0xc003844ea0] loopyWriter exiting with error: transport closed by client
[34m2026-10-08 04:33:31.800 UTC 07ad INFO[0m [endorser] [34;1mcallChaincode[0m -> finished chaincode: bzt duration: 2ms channel=mychannel txID=fca6443c
[34m2026-10-08 04:33:31.800 UTC 07ae INFO[0m [comm.grpc.server] [34;1m1[0m -> unary call completed grpc.service=protos.Endorser grpc.method=ProcessProposal grpc.peer_address=172.18.0.1:48958 grpc.code=OK grpc.call_duration=2.830392ms
[34m2026-10-08 04:33:32.005 UTC 07af INFO[0m [gossip.privdata] [34;1mStoreBlock[0m -> Received block [36] from buffer channel=mychannel
[34m2026-10-08 04:33:32.005 UTC 07b0 INFO[0m [committer.txvalidator] [34;1mValidate[0m -> [mychannel] Validated block [36] in 0ms
[34m2026-10-08 04:33:32.007 UTC 07b1 INFO[0m [kvledger] [34;1mcommit[0m -> [mychannel] Committed block [36] with 1 transaction(s) in 1ms (state_validation=0ms block_and_pvtdata_commit=0ms state_commit=0ms) commitHash=[f0fd4d1b7f70121be083034a10d1a47db394cf159ae85764124c8f68193b9e6c]
[34m2026-10-08 04:33:32.008 UTC 07b2 INFO[0m [comm.grpc.server] [34;1m1[0m -> streaming call completed grpc.service=protos.Deliver grpc.method=DeliverFiltered grpc.request_deadline=2026-10-08T04:33:56.801Z grpc.peer_address=172.18.0.1:48968 error="context finished before block retrieved: context canceled" grpc.code=Unknown grpc.call_duration=206.287104ms
[34m2026-10-08 04:33:32.009 UTC 07b3 INFO[0m [grpc] [34;1mInfof[0m -> [transport] [server-transport 0xc00836b860] Closing: EOF
[34m2026-10-08 04:33:32.009 UTC 07b4 INFO[0m [grpc] [34;1mInfof[0m -> [transport] [server-transport 0xc008119860] Closing: EOF
[34m2026-10-08 04:33:32.009 UTC 07b5 INFO[0m [grpc] [34;1mInfof[0m -> [transport] [server-transport 0xc00836b860] loopyWriter exiting with error: transport closed by client
[34m2026-10-08 04:33:32.010 UTC 07b6 INFO[0m [grpc] [34;1mInfof[0m -> [transport] [server-transport 0xc008119860] loopyWriter exiting with error: transport closed by client
