2026.10.07-12:48:52.047 info  [caliper] [cli-launch-manager] 	Set workspace path: /home/runner/work/bzt-id-experiments/bzt-id-experiments/fabric-bench/caliper
2026.10.07-12:48:52.048 info  [caliper] [cli-launch-manager] 	Set benchmark configuration path: /home/runner/work/bzt-id-experiments/bzt-id-experiments/fabric-bench/caliper/benchmarks/config.yaml
2026.10.07-12:48:52.048 info  [caliper] [cli-launch-manager] 	Set network configuration path: /home/runner/work/bzt-id-experiments/bzt-id-experiments/fabric-bench/caliper/networks/networkConfig.yaml
2026.10.07-12:48:52.050 info  [caliper] [cli-launch-manager] 	Set SUT type: fabric
2026.10.07-12:48:52.069 info  [caliper] [benchmark-validator] 	No observer specified, will default to `none`
2026.10.07-12:48:52.069 info  [caliper] [caliper-engine] 	Starting benchmark flow
2026.10.07-12:48:52.069 info  [caliper] [caliper-engine] 	Skipping start commands due to benchmark flow conditioning
2026.10.07-12:48:52.069 info  [caliper] [caliper-engine] 	Skipping initialization phase due to benchmark flow conditioning
2026.10.07-12:48:52.070 info  [caliper] [caliper-engine] 	Skipping install smart contract phase due to benchmark flow conditioning
2026.10.07-12:48:52.178 info  [caliper] [FabricConnectorFactory] 	Initializing peer gateway connector compatible with installed fabric-gateway SDK: 1.7.1
2026.10.07-12:48:52.194 info  [caliper] [IdentityManager] 	Adding User1@org1.example.com (admin=false) as User1@org1.example.com for organization Org1MSP
2026.10.07-12:48:52.197 info  [caliper] [monitor.js] 	No resource monitors specified
2026.10.07-12:48:52.199 info  [caliper] [default-observer] 	Observer interval set to 5000 milliseconds
2026.10.07-12:48:52.202 info  [caliper] [round-orchestrator] 	Preparing worker connections
2026.10.07-12:48:52.203 info  [caliper] [worker-orchestrator] 	Launching worker 1 of 1
2026.10.07-12:48:52.207 info  [caliper] [worker-orchestrator] 	Messenger not configured, entering configure phase...
2026.10.07-12:48:52.208 info  [caliper] [worker-orchestrator] 	No existing workers detected, entering worker launch phase...
2026.10.07-12:48:52.208 info  [caliper] [worker-orchestrator] 	Waiting for 1 workers to be connected...
2026.10.07-12:48:52.451 info  [caliper] [cli-launch-worker] 	Set workspace path: /home/runner/work/bzt-id-experiments/bzt-id-experiments/fabric-bench/caliper
2026.10.07-12:48:52.452 info  [caliper] [cli-launch-worker] 	Set benchmark configuration path: /home/runner/work/bzt-id-experiments/bzt-id-experiments/fabric-bench/caliper/benchmarks/config.yaml
2026.10.07-12:48:52.452 info  [caliper] [cli-launch-worker] 	Set network configuration path: /home/runner/work/bzt-id-experiments/bzt-id-experiments/fabric-bench/caliper/networks/networkConfig.yaml
2026.10.07-12:48:52.452 info  [caliper] [cli-launch-worker] 	Set SUT type: fabric
2026.10.07-12:48:52.485 info  [caliper] [worker-orchestrator] 	1 workers connected, progressing to worker assignment phase.
2026.10.07-12:48:52.485 info  [caliper] [worker-orchestrator] 	Workers currently unassigned, awaiting index assignment...
2026.10.07-12:48:52.486 info  [caliper] [worker-orchestrator] 	Waiting for 1 workers to be assigned...
2026.10.07-12:48:52.508 info  [caliper] [worker-orchestrator] 	1 workers assigned, progressing to worker initialization phase.
2026.10.07-12:48:52.508 info  [caliper] [worker-orchestrator] 	Waiting for 1 workers to be ready...
2026.10.07-12:48:52.511 info  [caliper] [worker-message-handler] 	Initializing Worker#0...
2026.10.07-12:48:52.634 info  [caliper] [FabricConnectorFactory] 	Initializing peer gateway connector compatible with installed fabric-gateway SDK: 1.7.1
2026.10.07-12:48:52.638 info  [caliper] [IdentityManager] 	Adding User1@org1.example.com (admin=false) as User1@org1.example.com for organization Org1MSP
2026.10.07-12:48:52.642 info  [caliper] [worker-message-handler] 	Worker#0 initialized
2026.10.07-12:48:52.643 info  [caliper] [worker-orchestrator] 	1 workers ready, progressing to test preparation phase.
2026.10.07-12:48:52.643 info  [caliper] [round-orchestrator] 	Started round 1 (seed)
2026.10.07-12:48:52.644 info  [caliper] [worker-message-handler] 	Preparing Worker#0 for Round#0
2026.10.07-12:48:52.655 info  [caliper] [connectors/peer-gateway/PeerGateway] 	Generating contract map for user User1@org1.example.com
2026.10.07-12:48:52.655 info  [caliper] [caliper-worker] 	Info: worker 0 prepare test phase for round 0 is starting...
2026.10.07-12:48:52.657 info  [caliper] [connectors/peer-gateway/PeerGateway] 	disconnecting gateway for user User1@org1.example.com
2026.10.07-12:48:52.657 info  [caliper] [connectors/peer-gateway/PeerGateway] 	disconnecting gRpc client at peer peer0.org1.example.com
2026.10.07-12:48:52.658 info  [caliper] [caliper-worker] 	Info: worker 0 prepare test phase for round 0 is completed
2026.10.07-12:48:52.658 info  [caliper] [worker-message-handler] 	Worker#0 prepared for Round#0
2026.10.07-12:48:52.659 info  [caliper] [worker-orchestrator] 	1 workers prepared, progressing to test phase.
2026.10.07-12:48:52.659 info  [caliper] [round-orchestrator] 	Monitors successfully started
2026.10.07-12:48:52.660 info  [caliper] [worker-message-handler] 	Worker#0 is starting Round#0
2026.10.07-12:48:52.663 info  [caliper] [connectors/peer-gateway/PeerGateway] 	Generating contract map for user User1@org1.example.com
2026.10.07-12:48:52.664 info  [caliper] [caliper-worker] 	Worker #0 starting workload loop
2026.10.07-12:48:57.695 info  [caliper] [default-observer] 	[seed Round 0 Transaction Info] - Submitted: 330 Succ: 310 Fail:0 Unfinished:20
2026.10.07-12:48:59.376 info  [caliper] [connectors/peer-gateway/PeerGateway] 	disconnecting gateway for user User1@org1.example.com
2026.10.07-12:48:59.376 info  [caliper] [connectors/peer-gateway/PeerGateway] 	disconnecting gRpc client at peer peer0.org1.example.com
2026.10.07-12:48:59.377 info  [caliper] [worker-message-handler] 	Worker#0 finished Round#0
2026.10.07-12:49:04.380 info  [caliper] [default-observer] 	Resetting txCount indicator count
2026.10.07-12:49:04.381 info  [caliper] [report-builder] 	### Test result ###
2026.10.07-12:49:04.384 info  [caliper] [report-builder] 	
+------+------+------+-----------------+-----------------+-----------------+-----------------+------------------+
| Name | Succ | Fail | Send Rate (TPS) | Max Latency (s) | Min Latency (s) | Avg Latency (s) | Throughput (TPS) |
|------|------|------|-----------------|-----------------|-----------------|-----------------|------------------|
| seed | 500  | 0    | 96.2            | 0.58            | 0.09            | 0.31            | 92.1             |
+------+------+------+-----------------+-----------------+-----------------+-----------------+------------------+

2026.10.07-12:49:04.385 info  [caliper] [round-orchestrator] 	Finished round 1 (seed) in 5.712 seconds
2026.10.07-12:49:04.385 info  [caliper] [monitor.js] 	Stopping all monitors
2026.10.07-12:49:04.385 info  [caliper] [round-orchestrator] 	Waiting 5 seconds for the next round...
2026.10.07-12:49:09.388 info  [caliper] [round-orchestrator] 	Started round 2 (issue-10tps)
2026.10.07-12:49:09.389 info  [caliper] [worker-message-handler] 	Preparing Worker#0 for Round#1
2026.10.07-12:49:09.391 info  [caliper] [connectors/peer-gateway/PeerGateway] 	Generating contract map for user User1@org1.example.com
2026.10.07-12:49:09.391 info  [caliper] [caliper-worker] 	Info: worker 0 prepare test phase for round 1 is starting...
2026.10.07-12:49:09.392 info  [caliper] [connectors/peer-gateway/PeerGateway] 	disconnecting gateway for user User1@org1.example.com
2026.10.07-12:49:09.392 info  [caliper] [connectors/peer-gateway/PeerGateway] 	disconnecting gRpc client at peer peer0.org1.example.com
2026.10.07-12:49:09.393 info  [caliper] [caliper-worker] 	Info: worker 0 prepare test phase for round 1 is completed
2026.10.07-12:49:09.393 info  [caliper] [worker-message-handler] 	Worker#0 prepared for Round#1
2026.10.07-12:49:09.393 info  [caliper] [worker-orchestrator] 	1 workers prepared, progressing to test phase.
2026.10.07-12:49:09.393 info  [caliper] [round-orchestrator] 	Monitors successfully started
2026.10.07-12:49:09.394 info  [caliper] [worker-message-handler] 	Worker#0 is starting Round#1
2026.10.07-12:49:09.395 info  [caliper] [connectors/peer-gateway/PeerGateway] 	Generating contract map for user User1@org1.example.com
2026.10.07-12:49:09.396 info  [caliper] [caliper-worker] 	Worker #0 starting workload loop
2026.10.07-12:49:14.395 info  [caliper] [default-observer] 	[issue-10tps Round 1 Transaction Info] - Submitted: 41 Succ: 40 Fail:0 Unfinished:1
2026.10.07-12:49:19.396 info  [caliper] [default-observer] 	[issue-10tps Round 1 Transaction Info] - Submitted: 91 Succ: 90 Fail:0 Unfinished:1
2026.10.07-12:49:24.397 info  [caliper] [default-observer] 	[issue-10tps Round 1 Transaction Info] - Submitted: 141 Succ: 140 Fail:0 Unfinished:1
2026.10.07-12:49:29.398 info  [caliper] [default-observer] 	[issue-10tps Round 1 Transaction Info] - Submitted: 191 Succ: 190 Fail:0 Unfinished:1
2026.10.07-12:49:34.398 info  [caliper] [default-observer] 	[issue-10tps Round 1 Transaction Info] - Submitted: 251 Succ: 250 Fail:0 Unfinished:1
2026.10.07-12:49:39.399 info  [caliper] [default-observer] 	[issue-10tps Round 1 Transaction Info] - Submitted: 291 Succ: 290 Fail:0 Unfinished:1
2026.10.07-12:49:40.498 info  [caliper] [connectors/peer-gateway/PeerGateway] 	disconnecting gateway for user User1@org1.example.com
2026.10.07-12:49:40.498 info  [caliper] [connectors/peer-gateway/PeerGateway] 	disconnecting gRpc client at peer peer0.org1.example.com
2026.10.07-12:49:40.498 info  [caliper] [worker-message-handler] 	Worker#0 finished Round#1
2026.10.07-12:49:45.500 info  [caliper] [default-observer] 	Resetting txCount indicator count
2026.10.07-12:49:45.500 info  [caliper] [report-builder] 	### Test result ###
2026.10.07-12:49:45.501 info  [caliper] [report-builder] 	
+-------------+------+------+-----------------+-----------------+-----------------+-----------------+------------------+
| Name        | Succ | Fail | Send Rate (TPS) | Max Latency (s) | Min Latency (s) | Avg Latency (s) | Throughput (TPS) |
|-------------|------|------|-----------------|-----------------|-----------------|-----------------|------------------|
| issue-10tps | 301  | 0    | 10.0            | 0.09            | 0.03            | 0.05            | 10.0             |
+-------------+------+------+-----------------+-----------------+-----------------+-----------------+------------------+

2026.10.07-12:49:45.501 info  [caliper] [round-orchestrator] 	Finished round 2 (issue-10tps) in 30.102 seconds
2026.10.07-12:49:45.501 info  [caliper] [monitor.js] 	Stopping all monitors
2026.10.07-12:49:45.501 info  [caliper] [round-orchestrator] 	Waiting 5 seconds for the next round...
2026.10.07-12:49:50.506 info  [caliper] [round-orchestrator] 	Started round 3 (issue-25tps)
2026.10.07-12:49:50.507 info  [caliper] [worker-message-handler] 	Preparing Worker#0 for Round#2
2026.10.07-12:49:50.509 info  [caliper] [connectors/peer-gateway/PeerGateway] 	Generating contract map for user User1@org1.example.com
2026.10.07-12:49:50.509 info  [caliper] [caliper-worker] 	Info: worker 0 prepare test phase for round 2 is starting...
2026.10.07-12:49:50.510 info  [caliper] [connectors/peer-gateway/PeerGateway] 	disconnecting gateway for user User1@org1.example.com
2026.10.07-12:49:50.510 info  [caliper] [connectors/peer-gateway/PeerGateway] 	disconnecting gRpc client at peer peer0.org1.example.com
2026.10.07-12:49:50.510 info  [caliper] [caliper-worker] 	Info: worker 0 prepare test phase for round 2 is completed
2026.10.07-12:49:50.511 info  [caliper] [worker-message-handler] 	Worker#0 prepared for Round#2
2026.10.07-12:49:50.511 info  [caliper] [worker-orchestrator] 	1 workers prepared, progressing to test phase.
2026.10.07-12:49:50.511 info  [caliper] [round-orchestrator] 	Monitors successfully started
2026.10.07-12:49:50.512 info  [caliper] [worker-message-handler] 	Worker#0 is starting Round#2
2026.10.07-12:49:50.513 info  [caliper] [connectors/peer-gateway/PeerGateway] 	Generating contract map for user User1@org1.example.com
2026.10.07-12:49:50.513 info  [caliper] [caliper-worker] 	Worker #0 starting workload loop
2026.10.07-12:49:55.512 info  [caliper] [default-observer] 	[issue-25tps Round 2 Transaction Info] - Submitted: 101 Succ: 99 Fail:0 Unfinished:2
2026.10.07-12:50:00.512 info  [caliper] [default-observer] 	[issue-25tps Round 2 Transaction Info] - Submitted: 226 Succ: 224 Fail:0 Unfinished:2
2026.10.07-12:50:05.512 info  [caliper] [default-observer] 	[issue-25tps Round 2 Transaction Info] - Submitted: 351 Succ: 349 Fail:0 Unfinished:2
2026.10.07-12:50:10.513 info  [caliper] [default-observer] 	[issue-25tps Round 2 Transaction Info] - Submitted: 476 Succ: 475 Fail:0 Unfinished:1
2026.10.07-12:50:15.515 info  [caliper] [default-observer] 	[issue-25tps Round 2 Transaction Info] - Submitted: 601 Succ: 600 Fail:0 Unfinished:1
2026.10.07-12:50:20.515 info  [caliper] [default-observer] 	[issue-25tps Round 2 Transaction Info] - Submitted: 726 Succ: 724 Fail:0 Unfinished:2
2026.10.07-12:50:21.615 info  [caliper] [connectors/peer-gateway/PeerGateway] 	disconnecting gateway for user User1@org1.example.com
2026.10.07-12:50:21.615 info  [caliper] [connectors/peer-gateway/PeerGateway] 	disconnecting gRpc client at peer peer0.org1.example.com
2026.10.07-12:50:21.616 info  [caliper] [worker-message-handler] 	Worker#0 finished Round#2
2026.10.07-12:50:26.619 info  [caliper] [default-observer] 	Resetting txCount indicator count
2026.10.07-12:50:26.619 info  [caliper] [report-builder] 	### Test result ###
2026.10.07-12:50:26.620 info  [caliper] [report-builder] 	
+-------------+------+------+-----------------+-----------------+-----------------+-----------------+------------------+
| Name        | Succ | Fail | Send Rate (TPS) | Max Latency (s) | Min Latency (s) | Avg Latency (s) | Throughput (TPS) |
|-------------|------|------|-----------------|-----------------|-----------------|-----------------|------------------|
| issue-25tps | 751  | 0    | 25.0            | 0.12            | 0.02            | 0.06            | 25.0             |
+-------------+------+------+-----------------+-----------------+-----------------+-----------------+------------------+

2026.10.07-12:50:26.620 info  [caliper] [round-orchestrator] 	Finished round 3 (issue-25tps) in 30.101 seconds
2026.10.07-12:50:26.620 info  [caliper] [monitor.js] 	Stopping all monitors
2026.10.07-12:50:26.620 info  [caliper] [round-orchestrator] 	Waiting 5 seconds for the next round...
2026.10.07-12:50:31.625 info  [caliper] [round-orchestrator] 	Started round 4 (issue-50tps)
2026.10.07-12:50:31.626 info  [caliper] [worker-message-handler] 	Preparing Worker#0 for Round#3
2026.10.07-12:50:31.630 info  [caliper] [connectors/peer-gateway/PeerGateway] 	Generating contract map for user User1@org1.example.com
2026.10.07-12:50:31.630 info  [caliper] [caliper-worker] 	Info: worker 0 prepare test phase for round 3 is starting...
2026.10.07-12:50:31.632 info  [caliper] [connectors/peer-gateway/PeerGateway] 	disconnecting gateway for user User1@org1.example.com
2026.10.07-12:50:31.632 info  [caliper] [connectors/peer-gateway/PeerGateway] 	disconnecting gRpc client at peer peer0.org1.example.com
2026.10.07-12:50:31.632 info  [caliper] [caliper-worker] 	Info: worker 0 prepare test phase for round 3 is completed
2026.10.07-12:50:31.632 info  [caliper] [worker-message-handler] 	Worker#0 prepared for Round#3
2026.10.07-12:50:31.632 info  [caliper] [worker-orchestrator] 	1 workers prepared, progressing to test phase.
2026.10.07-12:50:31.632 info  [caliper] [round-orchestrator] 	Monitors successfully started
2026.10.07-12:50:31.633 info  [caliper] [worker-message-handler] 	Worker#0 is starting Round#3
2026.10.07-12:50:31.634 info  [caliper] [connectors/peer-gateway/PeerGateway] 	Generating contract map for user User1@org1.example.com
2026.10.07-12:50:31.634 info  [caliper] [caliper-worker] 	Worker #0 starting workload loop
2026.10.07-12:50:36.633 info  [caliper] [default-observer] 	[issue-50tps Round 3 Transaction Info] - Submitted: 200 Succ: 198 Fail:0 Unfinished:2
2026.10.07-12:50:41.634 info  [caliper] [default-observer] 	[issue-50tps Round 3 Transaction Info] - Submitted: 451 Succ: 447 Fail:0 Unfinished:4
2026.10.07-12:50:46.637 info  [caliper] [default-observer] 	[issue-50tps Round 3 Transaction Info] - Submitted: 701 Succ: 698 Fail:0 Unfinished:3
2026.10.07-12:50:51.638 info  [caliper] [default-observer] 	[issue-50tps Round 3 Transaction Info] - Submitted: 951 Succ: 948 Fail:0 Unfinished:3
2026.10.07-12:50:56.639 info  [caliper] [default-observer] 	[issue-50tps Round 3 Transaction Info] - Submitted: 1201 Succ: 1196 Fail:0 Unfinished:5
2026.10.07-12:51:01.639 info  [caliper] [default-observer] 	[issue-50tps Round 3 Transaction Info] - Submitted: 1451 Succ: 1449 Fail:0 Unfinished:2
2026.10.07-12:51:02.735 info  [caliper] [connectors/peer-gateway/PeerGateway] 	disconnecting gateway for user User1@org1.example.com
2026.10.07-12:51:02.735 info  [caliper] [connectors/peer-gateway/PeerGateway] 	disconnecting gRpc client at peer peer0.org1.example.com
2026.10.07-12:51:02.736 info  [caliper] [worker-message-handler] 	Worker#0 finished Round#3
2026.10.07-12:51:07.737 info  [caliper] [default-observer] 	Resetting txCount indicator count
2026.10.07-12:51:07.737 info  [caliper] [report-builder] 	### Test result ###
2026.10.07-12:51:07.738 info  [caliper] [report-builder] 	
+-------------+------+------+-----------------+-----------------+-----------------+-----------------+------------------+
| Name        | Succ | Fail | Send Rate (TPS) | Max Latency (s) | Min Latency (s) | Avg Latency (s) | Throughput (TPS) |
|-------------|------|------|-----------------|-----------------|-----------------|-----------------|------------------|
| issue-50tps | 1501 | 0    | 50.0            | 0.14            | 0.02            | 0.06            | 50.0             |
+-------------+------+------+-----------------+-----------------+-----------------+-----------------+------------------+

2026.10.07-12:51:07.738 info  [caliper] [round-orchestrator] 	Finished round 4 (issue-50tps) in 30.101 seconds
2026.10.07-12:51:07.738 info  [caliper] [monitor.js] 	Stopping all monitors
2026.10.07-12:51:07.738 info  [caliper] [round-orchestrator] 	Waiting 5 seconds for the next round...
2026.10.07-12:51:12.743 info  [caliper] [round-orchestrator] 	Started round 5 (issue-100tps)
2026.10.07-12:51:12.743 info  [caliper] [worker-message-handler] 	Preparing Worker#0 for Round#4
2026.10.07-12:51:12.747 info  [caliper] [connectors/peer-gateway/PeerGateway] 	Generating contract map for user User1@org1.example.com
2026.10.07-12:51:12.748 info  [caliper] [caliper-worker] 	Info: worker 0 prepare test phase for round 4 is starting...
2026.10.07-12:51:12.749 info  [caliper] [connectors/peer-gateway/PeerGateway] 	disconnecting gateway for user User1@org1.example.com
2026.10.07-12:51:12.749 info  [caliper] [connectors/peer-gateway/PeerGateway] 	disconnecting gRpc client at peer peer0.org1.example.com
2026.10.07-12:51:12.749 info  [caliper] [caliper-worker] 	Info: worker 0 prepare test phase for round 4 is completed
2026.10.07-12:51:12.749 info  [caliper] [worker-message-handler] 	Worker#0 prepared for Round#4
2026.10.07-12:51:12.750 info  [caliper] [worker-orchestrator] 	1 workers prepared, progressing to test phase.
2026.10.07-12:51:12.750 info  [caliper] [round-orchestrator] 	Monitors successfully started
2026.10.07-12:51:12.750 info  [caliper] [worker-message-handler] 	Worker#0 is starting Round#4
2026.10.07-12:51:12.752 info  [caliper] [connectors/peer-gateway/PeerGateway] 	Generating contract map for user User1@org1.example.com
2026.10.07-12:51:12.752 info  [caliper] [caliper-worker] 	Worker #0 starting workload loop
2026.10.07-12:51:17.751 info  [caliper] [default-observer] 	[issue-100tps Round 4 Transaction Info] - Submitted: 400 Succ: 391 Fail:0 Unfinished:9
2026.10.07-12:51:22.752 info  [caliper] [default-observer] 	[issue-100tps Round 4 Transaction Info] - Submitted: 901 Succ: 890 Fail:0 Unfinished:11
2026.10.07-12:51:27.754 info  [caliper] [default-observer] 	[issue-100tps Round 4 Transaction Info] - Submitted: 1402 Succ: 1395 Fail:0 Unfinished:7
2026.10.07-12:51:32.755 info  [caliper] [default-observer] 	[issue-100tps Round 4 Transaction Info] - Submitted: 1902 Succ: 1897 Fail:0 Unfinished:5
2026.10.07-12:51:37.756 info  [caliper] [default-observer] 	[issue-100tps Round 4 Transaction Info] - Submitted: 2402 Succ: 2396 Fail:0 Unfinished:6
2026.10.07-12:51:42.756 info  [caliper] [default-observer] 	[issue-100tps Round 4 Transaction Info] - Submitted: 2902 Succ: 2891 Fail:0 Unfinished:11
2026.10.07-12:51:43.855 info  [caliper] [connectors/peer-gateway/PeerGateway] 	disconnecting gateway for user User1@org1.example.com
2026.10.07-12:51:43.855 info  [caliper] [connectors/peer-gateway/PeerGateway] 	disconnecting gRpc client at peer peer0.org1.example.com
2026.10.07-12:51:43.855 info  [caliper] [worker-message-handler] 	Worker#0 finished Round#4
2026.10.07-12:51:48.856 info  [caliper] [default-observer] 	Resetting txCount indicator count
2026.10.07-12:51:48.857 info  [caliper] [report-builder] 	### Test result ###
2026.10.07-12:51:48.857 info  [caliper] [report-builder] 	
+--------------+------+------+-----------------+-----------------+-----------------+-----------------+------------------+
| Name         | Succ | Fail | Send Rate (TPS) | Max Latency (s) | Min Latency (s) | Avg Latency (s) | Throughput (TPS) |
|--------------|------|------|-----------------|-----------------|-----------------|-----------------|------------------|
| issue-100tps | 3001 | 0    | 100.0           | 0.18            | 0.04            | 0.08            | 99.9             |
+--------------+------+------+-----------------+-----------------+-----------------+-----------------+------------------+

2026.10.07-12:51:48.858 info  [caliper] [round-orchestrator] 	Finished round 5 (issue-100tps) in 30.102 seconds
2026.10.07-12:51:48.858 info  [caliper] [monitor.js] 	Stopping all monitors
2026.10.07-12:51:48.858 info  [caliper] [round-orchestrator] 	Waiting 5 seconds for the next round...
2026.10.07-12:51:53.861 info  [caliper] [round-orchestrator] 	Started round 6 (issue-150tps)
2026.10.07-12:51:53.862 info  [caliper] [worker-message-handler] 	Preparing Worker#0 for Round#5
2026.10.07-12:51:53.866 info  [caliper] [connectors/peer-gateway/PeerGateway] 	Generating contract map for user User1@org1.example.com
2026.10.07-12:51:53.866 info  [caliper] [caliper-worker] 	Info: worker 0 prepare test phase for round 5 is starting...
2026.10.07-12:51:53.868 info  [caliper] [connectors/peer-gateway/PeerGateway] 	disconnecting gateway for user User1@org1.example.com
2026.10.07-12:51:53.868 info  [caliper] [connectors/peer-gateway/PeerGateway] 	disconnecting gRpc client at peer peer0.org1.example.com
2026.10.07-12:51:53.868 info  [caliper] [caliper-worker] 	Info: worker 0 prepare test phase for round 5 is completed
2026.10.07-12:51:53.868 info  [caliper] [worker-message-handler] 	Worker#0 prepared for Round#5
2026.10.07-12:51:53.868 info  [caliper] [worker-orchestrator] 	1 workers prepared, progressing to test phase.
2026.10.07-12:51:53.868 info  [caliper] [round-orchestrator] 	Monitors successfully started
2026.10.07-12:51:53.869 info  [caliper] [worker-message-handler] 	Worker#0 is starting Round#5
2026.10.07-12:51:53.870 info  [caliper] [connectors/peer-gateway/PeerGateway] 	Generating contract map for user User1@org1.example.com
2026.10.07-12:51:53.870 info  [caliper] [caliper-worker] 	Worker #0 starting workload loop
2026.10.07-12:51:58.871 info  [caliper] [default-observer] 	[issue-150tps Round 5 Transaction Info] - Submitted: 580 Succ: 552 Fail:0 Unfinished:28
2026.10.07-12:52:03.872 info  [caliper] [default-observer] 	[issue-150tps Round 5 Transaction Info] - Submitted: 1289 Succ: 1273 Fail:0 Unfinished:16
2026.10.07-12:52:08.873 info  [caliper] [default-observer] 	[issue-150tps Round 5 Transaction Info] - Submitted: 2029 Succ: 1999 Fail:0 Unfinished:30
2026.10.07-12:52:13.874 info  [caliper] [default-observer] 	[issue-150tps Round 5 Transaction Info] - Submitted: 2761 Succ: 2746 Fail:0 Unfinished:15
2026.10.07-12:52:18.875 info  [caliper] [default-observer] 	[issue-150tps Round 5 Transaction Info] - Submitted: 3499 Succ: 3476 Fail:0 Unfinished:23
2026.10.07-12:52:23.876 info  [caliper] [default-observer] 	[issue-150tps Round 5 Transaction Info] - Submitted: 4248 Succ: 4198 Fail:0 Unfinished:50
2026.10.07-12:52:25.071 info  [caliper] [connectors/peer-gateway/PeerGateway] 	disconnecting gateway for user User1@org1.example.com
2026.10.07-12:52:25.071 info  [caliper] [connectors/peer-gateway/PeerGateway] 	disconnecting gRpc client at peer peer0.org1.example.com
2026.10.07-12:52:25.071 info  [caliper] [worker-message-handler] 	Worker#0 finished Round#5
2026.10.07-12:52:30.073 info  [caliper] [default-observer] 	Resetting txCount indicator count
2026.10.07-12:52:30.073 info  [caliper] [report-builder] 	### Test result ###
2026.10.07-12:52:30.074 info  [caliper] [report-builder] 	
+--------------+------+------+-----------------+-----------------+-----------------+-----------------+------------------+
| Name         | Succ | Fail | Send Rate (TPS) | Max Latency (s) | Min Latency (s) | Avg Latency (s) | Throughput (TPS) |
|--------------|------|------|-----------------|-----------------|-----------------|-----------------|------------------|
| issue-150tps | 4370 | 0    | 145.7           | 0.40            | 0.05            | 0.17            | 145.1            |
+--------------+------+------+-----------------+-----------------+-----------------+-----------------+------------------+

2026.10.07-12:52:30.074 info  [caliper] [round-orchestrator] 	Finished round 6 (issue-150tps) in 30.2 seconds
2026.10.07-12:52:30.074 info  [caliper] [monitor.js] 	Stopping all monitors
2026.10.07-12:52:30.074 info  [caliper] [round-orchestrator] 	Waiting 5 seconds for the next round...
2026.10.07-12:52:35.080 info  [caliper] [round-orchestrator] 	Started round 7 (issue-200tps)
2026.10.07-12:52:35.080 info  [caliper] [worker-message-handler] 	Preparing Worker#0 for Round#6
2026.10.07-12:52:35.084 info  [caliper] [connectors/peer-gateway/PeerGateway] 	Generating contract map for user User1@org1.example.com
2026.10.07-12:52:35.085 info  [caliper] [caliper-worker] 	Info: worker 0 prepare test phase for round 6 is starting...
2026.10.07-12:52:35.086 info  [caliper] [connectors/peer-gateway/PeerGateway] 	disconnecting gateway for user User1@org1.example.com
2026.10.07-12:52:35.086 info  [caliper] [connectors/peer-gateway/PeerGateway] 	disconnecting gRpc client at peer peer0.org1.example.com
2026.10.07-12:52:35.086 info  [caliper] [caliper-worker] 	Info: worker 0 prepare test phase for round 6 is completed
2026.10.07-12:52:35.086 info  [caliper] [worker-message-handler] 	Worker#0 prepared for Round#6
2026.10.07-12:52:35.086 info  [caliper] [worker-orchestrator] 	1 workers prepared, progressing to test phase.
2026.10.07-12:52:35.087 info  [caliper] [round-orchestrator] 	Monitors successfully started
2026.10.07-12:52:35.087 info  [caliper] [worker-message-handler] 	Worker#0 is starting Round#6
2026.10.07-12:52:35.088 info  [caliper] [connectors/peer-gateway/PeerGateway] 	Generating contract map for user User1@org1.example.com
2026.10.07-12:52:35.088 info  [caliper] [caliper-worker] 	Worker #0 starting workload loop
2026.10.07-12:52:40.088 info  [caliper] [default-observer] 	[issue-200tps Round 6 Transaction Info] - Submitted: 586 Succ: 565 Fail:0 Unfinished:21
2026.10.07-12:52:45.089 info  [caliper] [default-observer] 	[issue-200tps Round 6 Transaction Info] - Submitted: 1325 Succ: 1304 Fail:0 Unfinished:21
2026.10.07-12:52:50.090 info  [caliper] [default-observer] 	[issue-200tps Round 6 Transaction Info] - Submitted: 2062 Succ: 2044 Fail:0 Unfinished:18
2026.10.07-12:52:55.091 info  [caliper] [default-observer] 	[issue-200tps Round 6 Transaction Info] - Submitted: 2805 Succ: 2790 Fail:0 Unfinished:15
2026.10.07-12:53:00.093 info  [caliper] [default-observer] 	[issue-200tps Round 6 Transaction Info] - Submitted: 3555 Succ: 3515 Fail:0 Unfinished:40
2026.10.07-12:53:05.095 info  [caliper] [default-observer] 	[issue-200tps Round 6 Transaction Info] - Submitted: 4281 Succ: 4262 Fail:0 Unfinished:19
2026.10.07-12:53:06.291 info  [caliper] [connectors/peer-gateway/PeerGateway] 	disconnecting gateway for user User1@org1.example.com
2026.10.07-12:53:06.291 info  [caliper] [connectors/peer-gateway/PeerGateway] 	disconnecting gRpc client at peer peer0.org1.example.com
2026.10.07-12:53:06.291 info  [caliper] [worker-message-handler] 	Worker#0 finished Round#6
2026.10.07-12:53:11.292 info  [caliper] [default-observer] 	Resetting txCount indicator count
2026.10.07-12:53:11.293 info  [caliper] [report-builder] 	### Test result ###
2026.10.07-12:53:11.293 info  [caliper] [report-builder] 	
+--------------+------+------+-----------------+-----------------+-----------------+-----------------+------------------+
| Name         | Succ | Fail | Send Rate (TPS) | Max Latency (s) | Min Latency (s) | Avg Latency (s) | Throughput (TPS) |
|--------------|------|------|-----------------|-----------------|-----------------|-----------------|------------------|
| issue-200tps | 4412 | 0    | 147.1           | 0.47            | 0.06            | 0.18            | 146.5            |
+--------------+------+------+-----------------+-----------------+-----------------+-----------------+------------------+

2026.10.07-12:53:11.294 info  [caliper] [round-orchestrator] 	Finished round 7 (issue-200tps) in 30.202 seconds
2026.10.07-12:53:11.294 info  [caliper] [monitor.js] 	Stopping all monitors
2026.10.07-12:53:11.294 info  [caliper] [round-orchestrator] 	Waiting 5 seconds for the next round...
2026.10.07-12:53:16.299 info  [caliper] [round-orchestrator] 	Started round 8 (issue-300tps)
2026.10.07-12:53:16.300 info  [caliper] [worker-message-handler] 	Preparing Worker#0 for Round#7
2026.10.07-12:53:16.304 info  [caliper] [connectors/peer-gateway/PeerGateway] 	Generating contract map for user User1@org1.example.com
2026.10.07-12:53:16.304 info  [caliper] [caliper-worker] 	Info: worker 0 prepare test phase for round 7 is starting...
2026.10.07-12:53:16.305 info  [caliper] [connectors/peer-gateway/PeerGateway] 	disconnecting gateway for user User1@org1.example.com
2026.10.07-12:53:16.305 info  [caliper] [connectors/peer-gateway/PeerGateway] 	disconnecting gRpc client at peer peer0.org1.example.com
2026.10.07-12:53:16.305 info  [caliper] [caliper-worker] 	Info: worker 0 prepare test phase for round 7 is completed
2026.10.07-12:53:16.305 info  [caliper] [worker-message-handler] 	Worker#0 prepared for Round#7
2026.10.07-12:53:16.306 info  [caliper] [worker-orchestrator] 	1 workers prepared, progressing to test phase.
2026.10.07-12:53:16.306 info  [caliper] [round-orchestrator] 	Monitors successfully started
2026.10.07-12:53:16.306 info  [caliper] [worker-message-handler] 	Worker#0 is starting Round#7
2026.10.07-12:53:16.307 info  [caliper] [connectors/peer-gateway/PeerGateway] 	Generating contract map for user User1@org1.example.com
2026.10.07-12:53:16.308 info  [caliper] [caliper-worker] 	Worker #0 starting workload loop
2026.10.07-12:53:21.309 info  [caliper] [default-observer] 	[issue-300tps Round 7 Transaction Info] - Submitted: 587 Succ: 571 Fail:0 Unfinished:16
2026.10.07-12:53:23.205 error [caliper] [connectors/peer-gateway/PeerGateway] 	Failed to perform submit transaction [IssueCredential] using arguments [iss-muy3yvm8-r7-w0-998,did:bzt:iss-muy3yvm8-r7-w0-998,h-iss-muy3yvm8-r7-w0-998,NADRA],  with error: SubmitError: 14 UNAVAILABLE: insufficient number of orderers could successfully process transaction to satisfy quorum requirement
Details:
-  orderer2.example.com:7052:received unsuccessful response from orderer: status=SERVICE_UNAVAILABLE, info=failed to submit request: request already processed
-  orderer3.example.com:7056:received unsuccessful response from orderer: status=SERVICE_UNAVAILABLE, info=failed to submit request: request already processed
2026.10.07-12:53:26.311 info  [caliper] [default-observer] 	[issue-300tps Round 7 Transaction Info] - Submitted: 1332 Succ: 1312 Fail:1 Unfinished:19
2026.10.07-12:53:31.313 info  [caliper] [default-observer] 	[issue-300tps Round 7 Transaction Info] - Submitted: 2082 Succ: 2052 Fail:1 Unfinished:29
2026.10.07-12:53:36.314 info  [caliper] [default-observer] 	[issue-300tps Round 7 Transaction Info] - Submitted: 2840 Succ: 2818 Fail:1 Unfinished:21
2026.10.07-12:53:41.316 info  [caliper] [default-observer] 	[issue-300tps Round 7 Transaction Info] - Submitted: 3611 Succ: 3580 Fail:1 Unfinished:30
2026.10.07-12:53:46.319 info  [caliper] [default-observer] 	[issue-300tps Round 7 Transaction Info] - Submitted: 4353 Succ: 4338 Fail:1 Unfinished:14
2026.10.07-12:53:47.430 info  [caliper] [connectors/peer-gateway/PeerGateway] 	disconnecting gateway for user User1@org1.example.com
2026.10.07-12:53:47.430 info  [caliper] [connectors/peer-gateway/PeerGateway] 	disconnecting gRpc client at peer peer0.org1.example.com
2026.10.07-12:53:47.430 info  [caliper] [worker-message-handler] 	Worker#0 finished Round#7
2026.10.07-12:53:52.431 info  [caliper] [default-observer] 	Resetting txCount indicator count
2026.10.07-12:53:52.431 info  [caliper] [report-builder] 	### Test result ###
2026.10.07-12:53:52.432 info  [caliper] [report-builder] 	
+--------------+------+------+-----------------+-----------------+-----------------+-----------------+------------------+
| Name         | Succ | Fail | Send Rate (TPS) | Max Latency (s) | Min Latency (s) | Avg Latency (s) | Throughput (TPS) |
|--------------|------|------|-----------------|-----------------|-----------------|-----------------|------------------|
| issue-300tps | 4482 | 1    | 149.3           | 0.37            | 0.06            | 0.17            | 149.0            |
+--------------+------+------+-----------------+-----------------+-----------------+-----------------+------------------+

2026.10.07-12:53:52.432 info  [caliper] [round-orchestrator] 	Finished round 8 (issue-300tps) in 30.121 seconds
2026.10.07-12:53:52.432 info  [caliper] [monitor.js] 	Stopping all monitors
2026.10.07-12:53:52.433 info  [caliper] [round-orchestrator] 	Waiting 5 seconds for the next round...
2026.10.07-12:53:57.435 info  [caliper] [round-orchestrator] 	Started round 9 (verify-100tps)
2026.10.07-12:53:57.436 info  [caliper] [worker-message-handler] 	Preparing Worker#0 for Round#8
2026.10.07-12:53:57.440 info  [caliper] [connectors/peer-gateway/PeerGateway] 	Generating contract map for user User1@org1.example.com
2026.10.07-12:53:57.441 info  [caliper] [caliper-worker] 	Info: worker 0 prepare test phase for round 8 is starting...
2026.10.07-12:53:57.442 info  [caliper] [connectors/peer-gateway/PeerGateway] 	disconnecting gateway for user User1@org1.example.com
2026.10.07-12:53:57.442 info  [caliper] [connectors/peer-gateway/PeerGateway] 	disconnecting gRpc client at peer peer0.org1.example.com
2026.10.07-12:53:57.442 info  [caliper] [caliper-worker] 	Info: worker 0 prepare test phase for round 8 is completed
2026.10.07-12:53:57.442 info  [caliper] [worker-message-handler] 	Worker#0 prepared for Round#8
2026.10.07-12:53:57.442 info  [caliper] [worker-orchestrator] 	1 workers prepared, progressing to test phase.
2026.10.07-12:53:57.443 info  [caliper] [round-orchestrator] 	Monitors successfully started
2026.10.07-12:53:57.443 info  [caliper] [worker-message-handler] 	Worker#0 is starting Round#8
2026.10.07-12:53:57.444 info  [caliper] [connectors/peer-gateway/PeerGateway] 	Generating contract map for user User1@org1.example.com
2026.10.07-12:53:57.445 info  [caliper] [caliper-worker] 	Worker #0 starting workload loop
2026.10.07-12:54:02.443 info  [caliper] [default-observer] 	[verify-100tps Round 8 Transaction Info] - Submitted: 400 Succ: 400 Fail:0 Unfinished:0
2026.10.07-12:54:07.444 info  [caliper] [default-observer] 	[verify-100tps Round 8 Transaction Info] - Submitted: 900 Succ: 900 Fail:0 Unfinished:0
2026.10.07-12:54:12.445 info  [caliper] [default-observer] 	[verify-100tps Round 8 Transaction Info] - Submitted: 1500 Succ: 1500 Fail:0 Unfinished:0
2026.10.07-12:54:17.446 info  [caliper] [default-observer] 	[verify-100tps Round 8 Transaction Info] - Submitted: 1901 Succ: 1900 Fail:0 Unfinished:1
2026.10.07-12:54:22.447 info  [caliper] [default-observer] 	[verify-100tps Round 8 Transaction Info] - Submitted: 2401 Succ: 2400 Fail:0 Unfinished:1
2026.10.07-12:54:27.448 info  [caliper] [default-observer] 	[verify-100tps Round 8 Transaction Info] - Submitted: 3001 Succ: 3000 Fail:0 Unfinished:1
2026.10.07-12:54:28.547 info  [caliper] [connectors/peer-gateway/PeerGateway] 	disconnecting gateway for user User1@org1.example.com
2026.10.07-12:54:28.547 info  [caliper] [connectors/peer-gateway/PeerGateway] 	disconnecting gRpc client at peer peer0.org1.example.com
2026.10.07-12:54:28.547 info  [caliper] [worker-message-handler] 	Worker#0 finished Round#8
2026.10.07-12:54:33.548 info  [caliper] [default-observer] 	Resetting txCount indicator count
2026.10.07-12:54:33.549 info  [caliper] [report-builder] 	### Test result ###
2026.10.07-12:54:33.549 info  [caliper] [report-builder] 	
+---------------+------+------+-----------------+-----------------+-----------------+-----------------+------------------+
| Name          | Succ | Fail | Send Rate (TPS) | Max Latency (s) | Min Latency (s) | Avg Latency (s) | Throughput (TPS) |
|---------------|------|------|-----------------|-----------------|-----------------|-----------------|------------------|
| verify-100tps | 3001 | 0    | 100.0           | 0.01            | 0.00            | 0.00            | 100.0            |
+---------------+------+------+-----------------+-----------------+-----------------+-----------------+------------------+

2026.10.07-12:54:33.550 info  [caliper] [round-orchestrator] 	Finished round 9 (verify-100tps) in 30.101 seconds
2026.10.07-12:54:33.550 info  [caliper] [monitor.js] 	Stopping all monitors
2026.10.07-12:54:33.550 info  [caliper] [round-orchestrator] 	Waiting 5 seconds for the next round...
2026.10.07-12:54:38.552 info  [caliper] [round-orchestrator] 	Started round 10 (verify-200tps)
2026.10.07-12:54:38.553 info  [caliper] [worker-message-handler] 	Preparing Worker#0 for Round#9
2026.10.07-12:54:38.555 info  [caliper] [connectors/peer-gateway/PeerGateway] 	Generating contract map for user User1@org1.example.com
2026.10.07-12:54:38.555 info  [caliper] [caliper-worker] 	Info: worker 0 prepare test phase for round 9 is starting...
2026.10.07-12:54:38.556 info  [caliper] [connectors/peer-gateway/PeerGateway] 	disconnecting gateway for user User1@org1.example.com
2026.10.07-12:54:38.556 info  [caliper] [connectors/peer-gateway/PeerGateway] 	disconnecting gRpc client at peer peer0.org1.example.com
2026.10.07-12:54:38.556 info  [caliper] [caliper-worker] 	Info: worker 0 prepare test phase for round 9 is completed
2026.10.07-12:54:38.556 info  [caliper] [worker-message-handler] 	Worker#0 prepared for Round#9
2026.10.07-12:54:38.557 info  [caliper] [worker-orchestrator] 	1 workers prepared, progressing to test phase.
2026.10.07-12:54:38.557 info  [caliper] [round-orchestrator] 	Monitors successfully started
2026.10.07-12:54:38.557 info  [caliper] [worker-message-handler] 	Worker#0 is starting Round#9
2026.10.07-12:54:38.558 info  [caliper] [connectors/peer-gateway/PeerGateway] 	Generating contract map for user User1@org1.example.com
2026.10.07-12:54:38.558 info  [caliper] [caliper-worker] 	Worker #0 starting workload loop
2026.10.07-12:54:43.558 info  [caliper] [default-observer] 	[verify-200tps Round 9 Transaction Info] - Submitted: 801 Succ: 800 Fail:0 Unfinished:1
2026.10.07-12:54:48.559 info  [caliper] [default-observer] 	[verify-200tps Round 9 Transaction Info] - Submitted: 1800 Succ: 1800 Fail:0 Unfinished:0
2026.10.07-12:54:53.560 info  [caliper] [default-observer] 	[verify-200tps Round 9 Transaction Info] - Submitted: 3001 Succ: 2999 Fail:0 Unfinished:2
2026.10.07-12:54:58.559 info  [caliper] [default-observer] 	[verify-200tps Round 9 Transaction Info] - Submitted: 4001 Succ: 4000 Fail:0 Unfinished:1
2026.10.07-12:55:03.559 info  [caliper] [default-observer] 	[verify-200tps Round 9 Transaction Info] - Submitted: 5000 Succ: 5000 Fail:0 Unfinished:0
2026.10.07-12:55:08.559 info  [caliper] [default-observer] 	[verify-200tps Round 9 Transaction Info] - Submitted: 6000 Succ: 6000 Fail:0 Unfinished:0
2026.10.07-12:55:09.660 info  [caliper] [connectors/peer-gateway/PeerGateway] 	disconnecting gateway for user User1@org1.example.com
2026.10.07-12:55:09.660 info  [caliper] [connectors/peer-gateway/PeerGateway] 	disconnecting gRpc client at peer peer0.org1.example.com
2026.10.07-12:55:09.660 info  [caliper] [worker-message-handler] 	Worker#0 finished Round#9
2026.10.07-12:55:14.661 info  [caliper] [default-observer] 	Resetting txCount indicator count
2026.10.07-12:55:14.662 info  [caliper] [report-builder] 	### Test result ###
2026.10.07-12:55:14.662 info  [caliper] [report-builder] 	
+---------------+------+------+-----------------+-----------------+-----------------+-----------------+------------------+
| Name          | Succ | Fail | Send Rate (TPS) | Max Latency (s) | Min Latency (s) | Avg Latency (s) | Throughput (TPS) |
|---------------|------|------|-----------------|-----------------|-----------------|-----------------|------------------|
| verify-200tps | 6001 | 0    | 200.0           | 0.01            | 0.00            | 0.00            | 200.0            |
+---------------+------+------+-----------------+-----------------+-----------------+-----------------+------------------+

2026.10.07-12:55:14.663 info  [caliper] [round-orchestrator] 	Finished round 10 (verify-200tps) in 30.101 seconds
2026.10.07-12:55:14.663 info  [caliper] [monitor.js] 	Stopping all monitors
2026.10.07-12:55:14.663 info  [caliper] [round-orchestrator] 	Waiting 5 seconds for the next round...
2026.10.07-12:55:19.667 info  [caliper] [round-orchestrator] 	Started round 11 (verify-400tps)
2026.10.07-12:55:19.667 info  [caliper] [worker-message-handler] 	Preparing Worker#0 for Round#10
2026.10.07-12:55:19.671 info  [caliper] [connectors/peer-gateway/PeerGateway] 	Generating contract map for user User1@org1.example.com
2026.10.07-12:55:19.671 info  [caliper] [caliper-worker] 	Info: worker 0 prepare test phase for round 10 is starting...
2026.10.07-12:55:19.673 info  [caliper] [connectors/peer-gateway/PeerGateway] 	disconnecting gateway for user User1@org1.example.com
2026.10.07-12:55:19.673 info  [caliper] [connectors/peer-gateway/PeerGateway] 	disconnecting gRpc client at peer peer0.org1.example.com
2026.10.07-12:55:19.673 info  [caliper] [caliper-worker] 	Info: worker 0 prepare test phase for round 10 is completed
2026.10.07-12:55:19.673 info  [caliper] [worker-message-handler] 	Worker#0 prepared for Round#10
2026.10.07-12:55:19.673 info  [caliper] [worker-orchestrator] 	1 workers prepared, progressing to test phase.
2026.10.07-12:55:19.673 info  [caliper] [round-orchestrator] 	Monitors successfully started
2026.10.07-12:55:19.674 info  [caliper] [worker-message-handler] 	Worker#0 is starting Round#10
2026.10.07-12:55:19.675 info  [caliper] [connectors/peer-gateway/PeerGateway] 	Generating contract map for user User1@org1.example.com
2026.10.07-12:55:19.675 info  [caliper] [caliper-worker] 	Worker #0 starting workload loop
2026.10.07-12:55:24.674 info  [caliper] [default-observer] 	[verify-400tps Round 10 Transaction Info] - Submitted: 1601 Succ: 1600 Fail:0 Unfinished:1
2026.10.07-12:55:29.675 info  [caliper] [default-observer] 	[verify-400tps Round 10 Transaction Info] - Submitted: 3601 Succ: 3600 Fail:0 Unfinished:1
2026.10.07-12:55:34.676 info  [caliper] [default-observer] 	[verify-400tps Round 10 Transaction Info] - Submitted: 5601 Succ: 5599 Fail:0 Unfinished:2
2026.10.07-12:55:39.676 info  [caliper] [default-observer] 	[verify-400tps Round 10 Transaction Info] - Submitted: 8001 Succ: 7999 Fail:0 Unfinished:2
2026.10.07-12:55:44.676 info  [caliper] [default-observer] 	[verify-400tps Round 10 Transaction Info] - Submitted: 10001 Succ: 9999 Fail:0 Unfinished:2
2026.10.07-12:55:49.676 info  [caliper] [default-observer] 	[verify-400tps Round 10 Transaction Info] - Submitted: 12001 Succ: 11999 Fail:0 Unfinished:2
2026.10.07-12:55:50.777 info  [caliper] [connectors/peer-gateway/PeerGateway] 	disconnecting gateway for user User1@org1.example.com
2026.10.07-12:55:50.777 info  [caliper] [connectors/peer-gateway/PeerGateway] 	disconnecting gRpc client at peer peer0.org1.example.com
2026.10.07-12:55:50.777 info  [caliper] [worker-message-handler] 	Worker#0 finished Round#10
2026.10.07-12:55:55.779 info  [caliper] [default-observer] 	Resetting txCount indicator count
2026.10.07-12:55:55.779 info  [caliper] [report-builder] 	### Test result ###
2026.10.07-12:55:55.780 info  [caliper] [report-builder] 	
+---------------+-------+------+-----------------+-----------------+-----------------+-----------------+------------------+
| Name          | Succ  | Fail | Send Rate (TPS) | Max Latency (s) | Min Latency (s) | Avg Latency (s) | Throughput (TPS) |
|---------------|-------|------|-----------------|-----------------|-----------------|-----------------|------------------|
| verify-400tps | 12001 | 0    | 400.0           | 0.02            | 0.00            | 0.00            | 400.0            |
+---------------+-------+------+-----------------+-----------------+-----------------+-----------------+------------------+

2026.10.07-12:55:55.780 info  [caliper] [round-orchestrator] 	Finished round 11 (verify-400tps) in 30.101 seconds
2026.10.07-12:55:55.780 info  [caliper] [monitor.js] 	Stopping all monitors
2026.10.07-12:55:55.780 info  [caliper] [round-orchestrator] 	Waiting 5 seconds for the next round...
2026.10.07-12:56:00.786 info  [caliper] [round-orchestrator] 	Started round 12 (verify-600tps)
2026.10.07-12:56:00.786 info  [caliper] [worker-message-handler] 	Preparing Worker#0 for Round#11
2026.10.07-12:56:00.790 info  [caliper] [connectors/peer-gateway/PeerGateway] 	Generating contract map for user User1@org1.example.com
2026.10.07-12:56:00.791 info  [caliper] [caliper-worker] 	Info: worker 0 prepare test phase for round 11 is starting...
2026.10.07-12:56:00.792 info  [caliper] [connectors/peer-gateway/PeerGateway] 	disconnecting gateway for user User1@org1.example.com
2026.10.07-12:56:00.792 info  [caliper] [connectors/peer-gateway/PeerGateway] 	disconnecting gRpc client at peer peer0.org1.example.com
2026.10.07-12:56:00.792 info  [caliper] [caliper-worker] 	Info: worker 0 prepare test phase for round 11 is completed
2026.10.07-12:56:00.792 info  [caliper] [worker-message-handler] 	Worker#0 prepared for Round#11
2026.10.07-12:56:00.792 info  [caliper] [worker-orchestrator] 	1 workers prepared, progressing to test phase.
2026.10.07-12:56:00.793 info  [caliper] [round-orchestrator] 	Monitors successfully started
2026.10.07-12:56:00.793 info  [caliper] [worker-message-handler] 	Worker#0 is starting Round#11
2026.10.07-12:56:00.794 info  [caliper] [connectors/peer-gateway/PeerGateway] 	Generating contract map for user User1@org1.example.com
2026.10.07-12:56:00.794 info  [caliper] [caliper-worker] 	Worker #0 starting workload loop
2026.10.07-12:56:05.794 info  [caliper] [default-observer] 	[verify-600tps Round 11 Transaction Info] - Submitted: 2365 Succ: 2361 Fail:0 Unfinished:4
2026.10.07-12:56:10.795 info  [caliper] [default-observer] 	[verify-600tps Round 11 Transaction Info] - Submitted: 5903 Succ: 5900 Fail:0 Unfinished:3
2026.10.07-12:56:15.796 info  [caliper] [default-observer] 	[verify-600tps Round 11 Transaction Info] - Submitted: 8831 Succ: 8830 Fail:0 Unfinished:1
2026.10.07-12:56:20.796 info  [caliper] [default-observer] 	[verify-600tps Round 11 Transaction Info] - Submitted: 11765 Succ: 11762 Fail:0 Unfinished:3
2026.10.07-12:56:25.796 info  [caliper] [default-observer] 	[verify-600tps Round 11 Transaction Info] - Submitted: 14715 Succ: 14712 Fail:0 Unfinished:3
2026.10.07-12:56:30.796 info  [caliper] [default-observer] 	[verify-600tps Round 11 Transaction Info] - Submitted: 17665 Succ: 17662 Fail:0 Unfinished:3
2026.10.07-12:56:31.895 info  [caliper] [connectors/peer-gateway/PeerGateway] 	disconnecting gateway for user User1@org1.example.com
2026.10.07-12:56:31.896 info  [caliper] [connectors/peer-gateway/PeerGateway] 	disconnecting gRpc client at peer peer0.org1.example.com
2026.10.07-12:56:31.896 info  [caliper] [worker-message-handler] 	Worker#0 finished Round#11
2026.10.07-12:56:36.898 info  [caliper] [default-observer] 	Resetting txCount indicator count
2026.10.07-12:56:36.898 info  [caliper] [report-builder] 	### Test result ###
2026.10.07-12:56:36.899 info  [caliper] [report-builder] 	
+---------------+-------+------+-----------------+-----------------+-----------------+-----------------+------------------+
| Name          | Succ  | Fail | Send Rate (TPS) | Max Latency (s) | Min Latency (s) | Avg Latency (s) | Throughput (TPS) |
|---------------|-------|------|-----------------|-----------------|-----------------|-----------------|------------------|
| verify-600tps | 17665 | 0    | 588.9           | 0.02            | 0.00            | 0.00            | 588.8            |
+---------------+-------+------+-----------------+-----------------+-----------------+-----------------+------------------+

2026.10.07-12:56:36.899 info  [caliper] [round-orchestrator] 	Finished round 12 (verify-600tps) in 30.101 seconds
2026.10.07-12:56:36.899 info  [caliper] [monitor.js] 	Stopping all monitors
2026.10.07-12:56:36.899 info  [caliper] [round-orchestrator] 	Waiting 5 seconds for the next round...
2026.10.07-12:56:41.904 info  [caliper] [round-orchestrator] 	Started round 13 (audit-10tps)
2026.10.07-12:56:41.905 info  [caliper] [worker-message-handler] 	Preparing Worker#0 for Round#12
2026.10.07-12:56:41.909 info  [caliper] [connectors/peer-gateway/PeerGateway] 	Generating contract map for user User1@org1.example.com
2026.10.07-12:56:41.909 info  [caliper] [caliper-worker] 	Info: worker 0 prepare test phase for round 12 is starting...
2026.10.07-12:56:41.910 info  [caliper] [connectors/peer-gateway/PeerGateway] 	disconnecting gateway for user User1@org1.example.com
2026.10.07-12:56:41.910 info  [caliper] [connectors/peer-gateway/PeerGateway] 	disconnecting gRpc client at peer peer0.org1.example.com
2026.10.07-12:56:41.911 info  [caliper] [caliper-worker] 	Info: worker 0 prepare test phase for round 12 is completed
2026.10.07-12:56:41.911 info  [caliper] [worker-message-handler] 	Worker#0 prepared for Round#12
2026.10.07-12:56:41.911 info  [caliper] [worker-orchestrator] 	1 workers prepared, progressing to test phase.
2026.10.07-12:56:41.911 info  [caliper] [round-orchestrator] 	Monitors successfully started
2026.10.07-12:56:41.911 info  [caliper] [worker-message-handler] 	Worker#0 is starting Round#12
2026.10.07-12:56:41.912 info  [caliper] [connectors/peer-gateway/PeerGateway] 	Generating contract map for user User1@org1.example.com
2026.10.07-12:56:41.913 info  [caliper] [caliper-worker] 	Worker #0 starting workload loop
2026.10.07-12:56:46.912 info  [caliper] [default-observer] 	[audit-10tps Round 12 Transaction Info] - Submitted: 40 Succ: 40 Fail:0 Unfinished:0
2026.10.07-12:56:51.913 info  [caliper] [default-observer] 	[audit-10tps Round 12 Transaction Info] - Submitted: 91 Succ: 90 Fail:0 Unfinished:1
2026.10.07-12:56:56.914 info  [caliper] [default-observer] 	[audit-10tps Round 12 Transaction Info] - Submitted: 141 Succ: 140 Fail:0 Unfinished:1
2026.10.07-12:57:01.915 info  [caliper] [default-observer] 	[audit-10tps Round 12 Transaction Info] - Submitted: 201 Succ: 200 Fail:0 Unfinished:1
2026.10.07-12:57:06.915 info  [caliper] [default-observer] 	[audit-10tps Round 12 Transaction Info] - Submitted: 251 Succ: 250 Fail:0 Unfinished:1
2026.10.07-12:57:11.916 info  [caliper] [default-observer] 	[audit-10tps Round 12 Transaction Info] - Submitted: 291 Succ: 290 Fail:0 Unfinished:1
2026.10.07-12:57:13.014 info  [caliper] [connectors/peer-gateway/PeerGateway] 	disconnecting gateway for user User1@org1.example.com
2026.10.07-12:57:13.014 info  [caliper] [connectors/peer-gateway/PeerGateway] 	disconnecting gRpc client at peer peer0.org1.example.com
2026.10.07-12:57:13.014 info  [caliper] [worker-message-handler] 	Worker#0 finished Round#12
2026.10.07-12:57:18.015 info  [caliper] [default-observer] 	Resetting txCount indicator count
2026.10.07-12:57:18.016 info  [caliper] [report-builder] 	### Test result ###
2026.10.07-12:57:18.016 info  [caliper] [report-builder] 	
+-------------+------+------+-----------------+-----------------+-----------------+-----------------+------------------+
| Name        | Succ | Fail | Send Rate (TPS) | Max Latency (s) | Min Latency (s) | Avg Latency (s) | Throughput (TPS) |
|-------------|------|------|-----------------|-----------------|-----------------|-----------------|------------------|
| audit-10tps | 301  | 0    | 10.0            | 0.09            | 0.02            | 0.05            | 10.0             |
+-------------+------+------+-----------------+-----------------+-----------------+-----------------+------------------+

2026.10.07-12:57:18.016 info  [caliper] [round-orchestrator] 	Finished round 13 (audit-10tps) in 30.101 seconds
2026.10.07-12:57:18.016 info  [caliper] [monitor.js] 	Stopping all monitors
2026.10.07-12:57:18.016 info  [caliper] [round-orchestrator] 	Waiting 5 seconds for the next round...
2026.10.07-12:57:23.021 info  [caliper] [round-orchestrator] 	Started round 14 (audit-50tps)
2026.10.07-12:57:23.021 info  [caliper] [worker-message-handler] 	Preparing Worker#0 for Round#13
2026.10.07-12:57:23.023 info  [caliper] [connectors/peer-gateway/PeerGateway] 	Generating contract map for user User1@org1.example.com
2026.10.07-12:57:23.023 info  [caliper] [caliper-worker] 	Info: worker 0 prepare test phase for round 13 is starting...
2026.10.07-12:57:23.024 info  [caliper] [connectors/peer-gateway/PeerGateway] 	disconnecting gateway for user User1@org1.example.com
2026.10.07-12:57:23.024 info  [caliper] [connectors/peer-gateway/PeerGateway] 	disconnecting gRpc client at peer peer0.org1.example.com
2026.10.07-12:57:23.024 info  [caliper] [caliper-worker] 	Info: worker 0 prepare test phase for round 13 is completed
2026.10.07-12:57:23.024 info  [caliper] [worker-message-handler] 	Worker#0 prepared for Round#13
2026.10.07-12:57:23.025 info  [caliper] [worker-orchestrator] 	1 workers prepared, progressing to test phase.
2026.10.07-12:57:23.025 info  [caliper] [round-orchestrator] 	Monitors successfully started
2026.10.07-12:57:23.025 info  [caliper] [worker-message-handler] 	Worker#0 is starting Round#13
2026.10.07-12:57:23.026 info  [caliper] [connectors/peer-gateway/PeerGateway] 	Generating contract map for user User1@org1.example.com
2026.10.07-12:57:23.026 info  [caliper] [caliper-worker] 	Worker #0 starting workload loop
2026.10.07-12:57:28.026 info  [caliper] [default-observer] 	[audit-50tps Round 13 Transaction Info] - Submitted: 200 Succ: 197 Fail:0 Unfinished:3
2026.10.07-12:57:33.027 info  [caliper] [default-observer] 	[audit-50tps Round 13 Transaction Info] - Submitted: 451 Succ: 448 Fail:0 Unfinished:3
2026.10.07-12:57:38.027 info  [caliper] [default-observer] 	[audit-50tps Round 13 Transaction Info] - Submitted: 701 Succ: 697 Fail:0 Unfinished:4
2026.10.07-12:57:43.029 info  [caliper] [default-observer] 	[audit-50tps Round 13 Transaction Info] - Submitted: 951 Succ: 947 Fail:0 Unfinished:4
2026.10.07-12:57:48.029 info  [caliper] [default-observer] 	[audit-50tps Round 13 Transaction Info] - Submitted: 1201 Succ: 1197 Fail:0 Unfinished:4
2026.10.07-12:57:53.030 info  [caliper] [default-observer] 	[audit-50tps Round 13 Transaction Info] - Submitted: 1451 Succ: 1447 Fail:0 Unfinished:4
2026.10.07-12:57:54.128 info  [caliper] [connectors/peer-gateway/PeerGateway] 	disconnecting gateway for user User1@org1.example.com
2026.10.07-12:57:54.128 info  [caliper] [connectors/peer-gateway/PeerGateway] 	disconnecting gRpc client at peer peer0.org1.example.com
2026.10.07-12:57:54.128 info  [caliper] [worker-message-handler] 	Worker#0 finished Round#13
2026.10.07-12:57:59.130 info  [caliper] [default-observer] 	Resetting txCount indicator count
2026.10.07-12:57:59.130 info  [caliper] [report-builder] 	### Test result ###
2026.10.07-12:57:59.130 info  [caliper] [report-builder] 	
+-------------+------+------+-----------------+-----------------+-----------------+-----------------+------------------+
| Name        | Succ | Fail | Send Rate (TPS) | Max Latency (s) | Min Latency (s) | Avg Latency (s) | Throughput (TPS) |
|-------------|------|------|-----------------|-----------------|-----------------|-----------------|------------------|
| audit-50tps | 1501 | 0    | 50.0            | 0.10            | 0.02            | 0.06            | 50.0             |
+-------------+------+------+-----------------+-----------------+-----------------+-----------------+------------------+

2026.10.07-12:57:59.130 info  [caliper] [round-orchestrator] 	Finished round 14 (audit-50tps) in 30.101 seconds
2026.10.07-12:57:59.130 info  [caliper] [monitor.js] 	Stopping all monitors
2026.10.07-12:57:59.130 info  [caliper] [round-orchestrator] 	Waiting 5 seconds for the next round...
2026.10.07-12:58:04.135 info  [caliper] [round-orchestrator] 	Started round 15 (audit-100tps)
2026.10.07-12:58:04.136 info  [caliper] [worker-message-handler] 	Preparing Worker#0 for Round#14
2026.10.07-12:58:04.140 info  [caliper] [connectors/peer-gateway/PeerGateway] 	Generating contract map for user User1@org1.example.com
2026.10.07-12:58:04.140 info  [caliper] [caliper-worker] 	Info: worker 0 prepare test phase for round 14 is starting...
2026.10.07-12:58:04.142 info  [caliper] [connectors/peer-gateway/PeerGateway] 	disconnecting gateway for user User1@org1.example.com
2026.10.07-12:58:04.142 info  [caliper] [connectors/peer-gateway/PeerGateway] 	disconnecting gRpc client at peer peer0.org1.example.com
2026.10.07-12:58:04.142 info  [caliper] [caliper-worker] 	Info: worker 0 prepare test phase for round 14 is completed
2026.10.07-12:58:04.142 info  [caliper] [worker-message-handler] 	Worker#0 prepared for Round#14
2026.10.07-12:58:04.142 info  [caliper] [worker-orchestrator] 	1 workers prepared, progressing to test phase.
2026.10.07-12:58:04.142 info  [caliper] [round-orchestrator] 	Monitors successfully started
2026.10.07-12:58:04.143 info  [caliper] [worker-message-handler] 	Worker#0 is starting Round#14
2026.10.07-12:58:04.144 info  [caliper] [connectors/peer-gateway/PeerGateway] 	Generating contract map for user User1@org1.example.com
2026.10.07-12:58:04.144 info  [caliper] [caliper-worker] 	Worker #0 starting workload loop
2026.10.07-12:58:09.143 info  [caliper] [default-observer] 	[audit-100tps Round 14 Transaction Info] - Submitted: 401 Succ: 393 Fail:0 Unfinished:8
2026.10.07-12:58:14.147 info  [caliper] [default-observer] 	[audit-100tps Round 14 Transaction Info] - Submitted: 901 Succ: 893 Fail:0 Unfinished:8
2026.10.07-12:58:19.147 info  [caliper] [default-observer] 	[audit-100tps Round 14 Transaction Info] - Submitted: 1401 Succ: 1391 Fail:0 Unfinished:10
2026.10.07-12:58:24.148 info  [caliper] [default-observer] 	[audit-100tps Round 14 Transaction Info] - Submitted: 1901 Succ: 1890 Fail:0 Unfinished:11
2026.10.07-12:58:29.149 info  [caliper] [default-observer] 	[audit-100tps Round 14 Transaction Info] - Submitted: 2402 Succ: 2392 Fail:0 Unfinished:10
2026.10.07-12:58:34.150 info  [caliper] [default-observer] 	[audit-100tps Round 14 Transaction Info] - Submitted: 2902 Succ: 2895 Fail:0 Unfinished:7
2026.10.07-12:58:35.247 info  [caliper] [connectors/peer-gateway/PeerGateway] 	disconnecting gateway for user User1@org1.example.com
2026.10.07-12:58:35.247 info  [caliper] [connectors/peer-gateway/PeerGateway] 	disconnecting gRpc client at peer peer0.org1.example.com
2026.10.07-12:58:35.248 info  [caliper] [worker-message-handler] 	Worker#0 finished Round#14
2026.10.07-12:58:40.249 info  [caliper] [default-observer] 	Resetting txCount indicator count
2026.10.07-12:58:40.249 info  [caliper] [report-builder] 	### Test result ###
2026.10.07-12:58:40.250 info  [caliper] [report-builder] 	
+--------------+------+------+-----------------+-----------------+-----------------+-----------------+------------------+
| Name         | Succ | Fail | Send Rate (TPS) | Max Latency (s) | Min Latency (s) | Avg Latency (s) | Throughput (TPS) |
|--------------|------|------|-----------------|-----------------|-----------------|-----------------|------------------|
| audit-100tps | 3001 | 0    | 100.0           | 0.15            | 0.03            | 0.08            | 99.9             |
+--------------+------+------+-----------------+-----------------+-----------------+-----------------+------------------+

2026.10.07-12:58:40.250 info  [caliper] [round-orchestrator] 	Finished round 15 (audit-100tps) in 30.102 seconds
2026.10.07-12:58:40.250 info  [caliper] [monitor.js] 	Stopping all monitors
2026.10.07-12:58:40.250 info  [caliper] [round-orchestrator] 	Waiting 5 seconds for the next round...
2026.10.07-12:58:45.254 info  [caliper] [round-orchestrator] 	Started round 16 (audit-200tps)
2026.10.07-12:58:45.255 info  [caliper] [worker-message-handler] 	Preparing Worker#0 for Round#15
2026.10.07-12:58:45.259 info  [caliper] [connectors/peer-gateway/PeerGateway] 	Generating contract map for user User1@org1.example.com
2026.10.07-12:58:45.259 info  [caliper] [caliper-worker] 	Info: worker 0 prepare test phase for round 15 is starting...
2026.10.07-12:58:45.260 info  [caliper] [connectors/peer-gateway/PeerGateway] 	disconnecting gateway for user User1@org1.example.com
2026.10.07-12:58:45.260 info  [caliper] [connectors/peer-gateway/PeerGateway] 	disconnecting gRpc client at peer peer0.org1.example.com
2026.10.07-12:58:45.261 info  [caliper] [caliper-worker] 	Info: worker 0 prepare test phase for round 15 is completed
2026.10.07-12:58:45.261 info  [caliper] [worker-message-handler] 	Worker#0 prepared for Round#15
2026.10.07-12:58:45.261 info  [caliper] [worker-orchestrator] 	1 workers prepared, progressing to test phase.
2026.10.07-12:58:45.261 info  [caliper] [round-orchestrator] 	Monitors successfully started
2026.10.07-12:58:45.261 info  [caliper] [worker-message-handler] 	Worker#0 is starting Round#15
2026.10.07-12:58:45.262 info  [caliper] [connectors/peer-gateway/PeerGateway] 	Generating contract map for user User1@org1.example.com
2026.10.07-12:58:45.263 info  [caliper] [caliper-worker] 	Worker #0 starting workload loop
2026.10.07-12:58:50.263 info  [caliper] [default-observer] 	[audit-200tps Round 15 Transaction Info] - Submitted: 577 Succ: 555 Fail:0 Unfinished:22
2026.10.07-12:58:55.264 info  [caliper] [default-observer] 	[audit-200tps Round 15 Transaction Info] - Submitted: 1303 Succ: 1269 Fail:0 Unfinished:34
2026.10.07-12:59:00.265 info  [caliper] [default-observer] 	[audit-200tps Round 15 Transaction Info] - Submitted: 2030 Succ: 2001 Fail:0 Unfinished:29
2026.10.07-12:59:05.266 info  [caliper] [default-observer] 	[audit-200tps Round 15 Transaction Info] - Submitted: 2771 Succ: 2746 Fail:0 Unfinished:25
2026.10.07-12:59:10.267 info  [caliper] [default-observer] 	[audit-200tps Round 15 Transaction Info] - Submitted: 3483 Succ: 3464 Fail:0 Unfinished:19
2026.10.07-12:59:10.825 error [caliper] [connectors/peer-gateway/PeerGateway] 	Failed to perform submit transaction [RecordVerification] using arguments [seed-w0-185,BANK-1,ALLOW],  with error: SubmitError: 14 UNAVAILABLE: insufficient number of orderers could successfully process transaction to satisfy quorum requirement
Details:
-  orderer2.example.com:7052:received unsuccessful response from orderer: status=SERVICE_UNAVAILABLE, info=failed to submit request: request already processed
-  orderer3.example.com:7056:received unsuccessful response from orderer: status=SERVICE_UNAVAILABLE, info=failed to submit request: request already processed
2026.10.07-12:59:15.268 info  [caliper] [default-observer] 	[audit-200tps Round 15 Transaction Info] - Submitted: 4216 Succ: 4190 Fail:1 Unfinished:25
2026.10.07-12:59:16.466 info  [caliper] [connectors/peer-gateway/PeerGateway] 	disconnecting gateway for user User1@org1.example.com
2026.10.07-12:59:16.466 info  [caliper] [connectors/peer-gateway/PeerGateway] 	disconnecting gRpc client at peer peer0.org1.example.com
2026.10.07-12:59:16.466 info  [caliper] [worker-message-handler] 	Worker#0 finished Round#15
2026.10.07-12:59:21.466 info  [caliper] [default-observer] 	Resetting txCount indicator count
2026.10.07-12:59:21.466 info  [caliper] [report-builder] 	### Test result ###
2026.10.07-12:59:21.467 info  [caliper] [report-builder] 	
+--------------+------+------+-----------------+-----------------+-----------------+-----------------+------------------+
| Name         | Succ | Fail | Send Rate (TPS) | Max Latency (s) | Min Latency (s) | Avg Latency (s) | Throughput (TPS) |
|--------------|------|------|-----------------|-----------------|-----------------|-----------------|------------------|
| audit-200tps | 4339 | 1    | 144.7           | 0.39            | 0.06            | 0.17            | 144.1            |
+--------------+------+------+-----------------+-----------------+-----------------+-----------------+------------------+

2026.10.07-12:59:21.467 info  [caliper] [round-orchestrator] 	Finished round 16 (audit-200tps) in 30.202 seconds
2026.10.07-12:59:21.467 info  [caliper] [monitor.js] 	Stopping all monitors
2026.10.07-12:59:21.467 info  [caliper] [report-builder] 	### All test results ###
2026.10.07-12:59:21.468 info  [caliper] [report-builder] 	
+---------------+-------+------+-----------------+-----------------+-----------------+-----------------+------------------+
| Name          | Succ  | Fail | Send Rate (TPS) | Max Latency (s) | Min Latency (s) | Avg Latency (s) | Throughput (TPS) |
|---------------|-------|------|-----------------|-----------------|-----------------|-----------------|------------------|
| seed          | 500   | 0    | 96.2            | 0.58            | 0.09            | 0.31            | 92.1             |
|---------------|-------|------|-----------------|-----------------|-----------------|-----------------|------------------|
| issue-10tps   | 301   | 0    | 10.0            | 0.09            | 0.03            | 0.05            | 10.0             |
|---------------|-------|------|-----------------|-----------------|-----------------|-----------------|------------------|
| issue-25tps   | 751   | 0    | 25.0            | 0.12            | 0.02            | 0.06            | 25.0             |
|---------------|-------|------|-----------------|-----------------|-----------------|-----------------|------------------|
| issue-50tps   | 1501  | 0    | 50.0            | 0.14            | 0.02            | 0.06            | 50.0             |
|---------------|-------|------|-----------------|-----------------|-----------------|-----------------|------------------|
| issue-100tps  | 3001  | 0    | 100.0           | 0.18            | 0.04            | 0.08            | 99.9             |
|---------------|-------|------|-----------------|-----------------|-----------------|-----------------|------------------|
| issue-150tps  | 4370  | 0    | 145.7           | 0.40            | 0.05            | 0.17            | 145.1            |
|---------------|-------|------|-----------------|-----------------|-----------------|-----------------|------------------|
| issue-200tps  | 4412  | 0    | 147.1           | 0.47            | 0.06            | 0.18            | 146.5            |
|---------------|-------|------|-----------------|-----------------|-----------------|-----------------|------------------|
| issue-300tps  | 4482  | 1    | 149.3           | 0.37            | 0.06            | 0.17            | 149.0            |
|---------------|-------|------|-----------------|-----------------|-----------------|-----------------|------------------|
| verify-100tps | 3001  | 0    | 100.0           | 0.01            | 0.00            | 0.00            | 100.0            |
|---------------|-------|------|-----------------|-----------------|-----------------|-----------------|------------------|
| verify-200tps | 6001  | 0    | 200.0           | 0.01            | 0.00            | 0.00            | 200.0            |
|---------------|-------|------|-----------------|-----------------|-----------------|-----------------|------------------|
| verify-400tps | 12001 | 0    | 400.0           | 0.02            | 0.00            | 0.00            | 400.0            |
|---------------|-------|------|-----------------|-----------------|-----------------|-----------------|------------------|
| verify-600tps | 17665 | 0    | 588.9           | 0.02            | 0.00            | 0.00            | 588.8            |
|---------------|-------|------|-----------------|-----------------|-----------------|-----------------|------------------|
| audit-10tps   | 301   | 0    | 10.0            | 0.09            | 0.02            | 0.05            | 10.0             |
|---------------|-------|------|-----------------|-----------------|-----------------|-----------------|------------------|
| audit-50tps   | 1501  | 0    | 50.0            | 0.10            | 0.02            | 0.06            | 50.0             |
|---------------|-------|------|-----------------|-----------------|-----------------|-----------------|------------------|
| audit-100tps  | 3001  | 0    | 100.0           | 0.15            | 0.03            | 0.08            | 99.9             |
|---------------|-------|------|-----------------|-----------------|-----------------|-----------------|------------------|
| audit-200tps  | 4339  | 1    | 144.7           | 0.39            | 0.06            | 0.17            | 144.1            |
+---------------+-------+------+-----------------+-----------------+-----------------+-----------------+------------------+

2026.10.07-12:59:21.475 info  [caliper] [report-builder] 	Generated report with path /home/runner/work/bzt-id-experiments/bzt-id-experiments/fabric-bench/caliper/report.html
2026.10.07-12:59:21.476 info  [caliper] [monitor.js] 	Stopping all monitors
2026.10.07-12:59:21.476 info  [caliper] [worker-orchestrator] 	Sending exit message to connected workers
2026.10.07-12:59:21.476 info  [caliper] [round-orchestrator] 	Benchmark finished in 628.833 seconds. Total rounds: 16. Successful rounds: 16. Failed rounds: 0.
2026.10.07-12:59:21.477 info  [caliper] [caliper-engine] 	Skipping end command due to benchmark flow conditioning
2026.10.07-12:59:21.477 info  [caliper] [cli-launch-manager] 	Benchmark successfully finished!
2026.10.07-12:59:21.477 info  [caliper] [worker-message-handler] 	Worker#0 is exiting
