[34m2026-10-07 12:59:15.217 UTC 69fee INFO[0m [gateway] [34;1mfunc1[0m -> Sending transaction to orderer txID=3a1f1bc4639474f7d9f610e8a481c4c3d428b814ead9cdc62ff6811ec3dc7f03 endpoint=orderer.example.com:7050
[34m2026-10-07 12:59:15.218 UTC 69ff1 INFO[0m [gateway] [34;1mfunc1[0m -> Sending transaction to orderer txID=3a1f1bc4639474f7d9f610e8a481c4c3d428b814ead9cdc62ff6811ec3dc7f03 endpoint=orderer3.example.com:7056
[34m2026-10-07 12:59:15.217 UTC 69ff2 INFO[0m [gateway] [34;1mfunc1[0m -> Sending transaction to orderer txID=75070c7407d120b9f644fc9d7a9a315f44c4c8fb07edcdc39dd6d623c18513ef endpoint=orderer.example.com:7050
[34m2026-10-07 12:59:15.219 UTC 69ff4 INFO[0m [gateway] [34;1mfunc1[0m -> Sending transaction to orderer txID=e25b1f3d21cff0eb87fd246603c9543dbb2e39dda958ce1390ebfc5493f46f63 endpoint=orderer2.example.com:7052
[34m2026-10-07 12:59:15.220 UTC 69ff6 INFO[0m [gateway] [34;1mfunc1[0m -> Sending transaction to orderer txID=e25b1f3d21cff0eb87fd246603c9543dbb2e39dda958ce1390ebfc5493f46f63 endpoint=orderer3.example.com:7056
[34m2026-10-07 12:59:15.216 UTC 69fe0 INFO[0m [gateway] [34;1mfunc1[0m -> Sending transaction to orderer txID=75070c7407d120b9f644fc9d7a9a315f44c4c8fb07edcdc39dd6d623c18513ef endpoint=orderer2.example.com:7052
[34m2026-10-07 12:59:15.222 UTC 69ff7 INFO[0m [gateway] [34;1mfunc1[0m -> Successful response from orderer txID=fac24e32746fc436ece168cd2a939af6960029baae24256fb5b356da4d163fc4 endpoint=orderer.example.com:7050
[34m2026-10-07 12:59:15.223 UTC 69ff8 INFO[0m [gateway] [34;1mfunc1[0m -> Successful response from orderer txID=c2962d81cd2cc23fbcde96824cf0b38ec8061221cfe7326a82cce656ec05093e endpoint=orderer4.example.com:7058
[34m2026-10-07 12:59:15.223 UTC 69ff9 INFO[0m [comm.grpc.server] [34;1m1[0m -> unary call completed grpc.service=gateway.Gateway grpc.method=Endorse grpc.request_deadline=2026-10-07T13:00:15.165Z grpc.peer_address=172.18.0.1:47308 grpc.code=OK grpc.call_duration=57.022255ms
[34m2026-10-07 12:59:15.225 UTC 69ffa INFO[0m [gateway] [34;1mfunc1[0m -> Successful response from orderer txID=3a1f1bc4639474f7d9f610e8a481c4c3d428b814ead9cdc62ff6811ec3dc7f03 endpoint=orderer4.example.com:7058
[34m2026-10-07 12:59:15.234 UTC 6a000 INFO[0m [gateway] [34;1mfunc1[0m -> Successful response from orderer txID=e07bae98499bf0f7168057da276c52fc517d06315f6382546e5c20a3749eedf2 endpoint=orderer4.example.com:7058
[34m2026-10-07 12:59:15.234 UTC 6a001 INFO[0m [gateway] [34;1mfunc1[0m -> Sending transaction to orderer txID=16f950deb6b2fbfd2d90f80f91c462b017f3f23eae6069bd8db00707c451bd36 endpoint=orderer4.example.com:7058
[34m2026-10-07 12:59:15.235 UTC 6a004 INFO[0m [gateway] [34;1mfunc1[0m -> Sending transaction to orderer txID=16f950deb6b2fbfd2d90f80f91c462b017f3f23eae6069bd8db00707c451bd36 endpoint=orderer.example.com:7050
[34m2026-10-07 12:59:15.236 UTC 6a010 INFO[0m [gateway] [34;1mfunc1[0m -> Sending transaction to orderer txID=16f950deb6b2fbfd2d90f80f91c462b017f3f23eae6069bd8db00707c451bd36 endpoint=orderer2.example.com:7052
[34m2026-10-07 12:59:15.237 UTC 6a011 INFO[0m [gateway] [34;1mfunc1[0m -> Sending transaction to orderer txID=16f950deb6b2fbfd2d90f80f91c462b017f3f23eae6069bd8db00707c451bd36 endpoint=orderer3.example.com:7056
[34m2026-10-07 12:59:15.234 UTC 6a002 INFO[0m [gateway] [34;1mfunc1[0m -> Successful response from orderer txID=75070c7407d120b9f644fc9d7a9a315f44c4c8fb07edcdc39dd6d623c18513ef endpoint=orderer4.example.com:7058
[34m2026-10-07 12:59:15.235 UTC 6a005 INFO[0m [comm.grpc.server] [34;1m1[0m -> unary call completed grpc.service=gateway.Gateway grpc.method=Endorse grpc.request_deadline=2026-10-07T13:00:15.185Z grpc.peer_address=172.18.0.1:47308 grpc.code=OK grpc.call_duration=49.794412ms
[34m2026-10-07 12:59:15.234 UTC 69ffc INFO[0m [gateway] [34;1mfunc1[0m -> Successful response from orderer txID=3a1f1bc4639474f7d9f610e8a481c4c3d428b814ead9cdc62ff6811ec3dc7f03 endpoint=orderer.example.com:7050
[34m2026-10-07 12:59:15.234 UTC 69ffd INFO[0m [gateway] [34;1mfunc1[0m -> Successful response from orderer txID=982e829cd0f5095b48d37f801d4b7f980401b2b8950860c954500b4f98e23b4c endpoint=orderer.example.com:7050
[34m2026-10-07 12:59:15.234 UTC 69ffe INFO[0m [gateway] [34;1mfunc1[0m -> Successful response from orderer txID=e07bae98499bf0f7168057da276c52fc517d06315f6382546e5c20a3749eedf2 endpoint=orderer.example.com:7050
[34m2026-10-07 12:59:15.234 UTC 69fff INFO[0m [gateway] [34;1mfunc1[0m -> Successful response from orderer txID=c2962d81cd2cc23fbcde96824cf0b38ec8061221cfe7326a82cce656ec05093e endpoint=orderer.example.com:7050
[34m2026-10-07 12:59:15.234 UTC 6a003 INFO[0m [gateway] [34;1mfunc1[0m -> Successful response from orderer txID=982e829cd0f5095b48d37f801d4b7f980401b2b8950860c954500b4f98e23b4c endpoint=orderer4.example.com:7058
[34m2026-10-07 12:59:15.238 UTC 6a012 INFO[0m [comm.grpc.server] [34;1m1[0m -> unary call completed grpc.service=gateway.Gateway grpc.method=Submit grpc.request_deadline=2026-10-07T13:00:15.213Z grpc.peer_address=172.18.0.1:47308 grpc.code=OK grpc.call_duration=23.510656ms
[34m2026-10-07 12:59:15.227 UTC 69ffb INFO[0m [gateway] [34;1mfunc1[0m -> Successful response from orderer txID=e25b1f3d21cff0eb87fd246603c9543dbb2e39dda958ce1390ebfc5493f46f63 endpoint=orderer.example.com:7050
[34m2026-10-07 12:59:15.235 UTC 6a006 INFO[0m [gateway] [34;1mfunc1[0m -> Successful response from orderer txID=e25b1f3d21cff0eb87fd246603c9543dbb2e39dda958ce1390ebfc5493f46f63 endpoint=orderer3.example.com:7056
[34m2026-10-07 12:59:15.238 UTC 6a013 INFO[0m [gateway] [34;1mfunc1[0m -> Successful response from orderer txID=fac24e32746fc436ece168cd2a939af6960029baae24256fb5b356da4d163fc4 endpoint=orderer3.example.com:7056
[34m2026-10-07 12:59:15.235 UTC 6a007 INFO[0m [gateway] [34;1mfunc1[0m -> Successful response from orderer txID=c2962d81cd2cc23fbcde96824cf0b38ec8061221cfe7326a82cce656ec05093e endpoint=orderer2.example.com:7052
[34m2026-10-07 12:59:15.241 UTC 6a023 INFO[0m [comm.grpc.server] [34;1m1[0m -> unary call completed grpc.service=gateway.Gateway grpc.method=Submit grpc.request_deadline=2026-10-07T13:00:15.213Z grpc.peer_address=172.18.0.1:47308 grpc.code=OK grpc.call_duration=26.940649ms
[34m2026-10-07 12:59:15.235 UTC 6a008 INFO[0m [gateway] [34;1mfunc1[0m -> Sending transaction to orderer txID=0d937df416acb63c53146b01f0ff44edafa22169f5f147cf504987382e8fc0c2 endpoint=orderer4.example.com:7058
[34m2026-10-07 12:59:15.236 UTC 6a009 INFO[0m [gateway] [34;1mfunc1[0m -> Successful response from orderer txID=e25b1f3d21cff0eb87fd246603c9543dbb2e39dda958ce1390ebfc5493f46f63 endpoint=orderer4.example.com:7058
[34m2026-10-07 12:59:15.241 UTC 6a025 INFO[0m [comm.grpc.server] [34;1m1[0m -> unary call completed grpc.service=gateway.Gateway grpc.method=Submit grpc.request_deadline=2026-10-07T13:00:15.214Z grpc.peer_address=172.18.0.1:47308 grpc.code=OK grpc.call_duration=25.673154ms
[34m2026-10-07 12:59:15.236 UTC 6a00a INFO[0m [gateway] [34;1mfunc1[0m -> Successful response from orderer txID=fac24e32746fc436ece168cd2a939af6960029baae24256fb5b356da4d163fc4 endpoint=orderer4.example.com:7058
[34m2026-10-07 12:59:15.241 UTC 6a026 INFO[0m [comm.grpc.server] [34;1m1[0m -> unary call completed grpc.service=gateway.Gateway grpc.method=Submit grpc.request_deadline=2026-10-07T13:00:15.214Z grpc.peer_address=172.18.0.1:47308 grpc.code=OK grpc.call_duration=25.428166ms
[34m2026-10-07 12:59:15.236 UTC 6a00b INFO[0m [gateway] [34;1mfunc1[0m -> Successful response from orderer txID=75070c7407d120b9f644fc9d7a9a315f44c4c8fb07edcdc39dd6d623c18513ef endpoint=orderer.example.com:7050
[34m2026-10-07 12:59:15.236 UTC 6a00c INFO[0m [comm.grpc.server] [34;1m1[0m -> unary call completed grpc.service=gateway.Gateway grpc.method=Endorse grpc.request_deadline=2026-10-07T13:00:15.167Z grpc.peer_address=172.18.0.1:47308 grpc.code=OK grpc.call_duration=69.057967ms
[34m2026-10-07 12:59:15.236 UTC 6a00f INFO[0m [gateway] [34;1mfunc1[0m -> Sending transaction to orderer txID=b2788982c85485542174857aa2b07e0892686a4e52260df750ca2976c3db2ab6 endpoint=orderer4.example.com:7058
[34m2026-10-07 12:59:15.236 UTC 6a00d INFO[0m [gateway] [34;1mfunc1[0m -> Sending transaction to orderer txID=f4bea3d234119281e99097c2dd31dc2d9e572a27d08353c0050b0acd37b10774 endpoint=orderer4.example.com:7058
[34m2026-10-07 12:59:15.236 UTC 6a00e INFO[0m [gateway] [34;1mfunc1[0m -> Sending transaction to orderer txID=4602b68b4c21ecaa8e1c5fe8a1865fd22ff2f923e8785401f4d07fc14f51f9b9 endpoint=orderer4.example.com:7058
[34m2026-10-07 12:59:15.238 UTC 6a014 INFO[0m [gateway] [34;1mfunc1[0m -> Successful response from orderer txID=e07bae98499bf0f7168057da276c52fc517d06315f6382546e5c20a3749eedf2 endpoint=orderer3.example.com:7056
[34m2026-10-07 12:59:15.238 UTC 6a017 INFO[0m [gateway] [34;1mfunc1[0m -> Successful response from orderer txID=c2962d81cd2cc23fbcde96824cf0b38ec8061221cfe7326a82cce656ec05093e endpoint=orderer3.example.com:7056
[34m2026-10-07 12:59:15.238 UTC 6a018 INFO[0m [gateway] [34;1mfunc1[0m -> Successful response from orderer txID=3a1f1bc4639474f7d9f610e8a481c4c3d428b814ead9cdc62ff6811ec3dc7f03 endpoint=orderer3.example.com:7056
[34m2026-10-07 12:59:15.243 UTC 6a027 INFO[0m [comm.grpc.server] [34;1m1[0m -> unary call completed grpc.service=gateway.Gateway grpc.method=Submit grpc.request_deadline=2026-10-07T13:00:15.214Z grpc.peer_address=172.18.0.1:47308 grpc.code=OK grpc.call_duration=27.80834ms
[34m2026-10-07 12:59:15.243 UTC 6a028 INFO[0m [comm.grpc.server] [34;1m1[0m -> unary call completed grpc.service=gateway.Gateway grpc.method=Endorse grpc.request_deadline=2026-10-07T13:00:15.145Z grpc.peer_address=172.18.0.1:47308 grpc.code=OK grpc.call_duration=98.390332ms
[34m2026-10-07 12:59:15.238 UTC 6a015 INFO[0m [gateway] [34;1mfunc1[0m -> Successful response from orderer txID=75070c7407d120b9f644fc9d7a9a315f44c4c8fb07edcdc39dd6d623c18513ef endpoint=orderer3.example.com:7056
[34m2026-10-07 12:59:15.238 UTC 6a01a INFO[0m [gateway] [34;1mfunc1[0m -> Successful response from orderer txID=75070c7407d120b9f644fc9d7a9a315f44c4c8fb07edcdc39dd6d623c18513ef endpoint=orderer2.example.com:7052
[34m2026-10-07 12:59:15.238 UTC 6a01b INFO[0m [gateway] [34;1mfunc1[0m -> Successful response from orderer txID=982e829cd0f5095b48d37f801d4b7f980401b2b8950860c954500b4f98e23b4c endpoint=orderer2.example.com:7052
[34m2026-10-07 12:59:15.238 UTC 6a01c INFO[0m [gateway] [34;1mfunc1[0m -> Successful response from orderer txID=3a1f1bc4639474f7d9f610e8a481c4c3d428b814ead9cdc62ff6811ec3dc7f03 endpoint=orderer2.example.com:7052
[34m2026-10-07 12:59:15.238 UTC 6a01d INFO[0m [gateway] [34;1mfunc1[0m -> Successful response from orderer txID=e25b1f3d21cff0eb87fd246603c9543dbb2e39dda958ce1390ebfc5493f46f63 endpoint=orderer2.example.com:7052
[34m2026-10-07 12:59:15.238 UTC 6a01e INFO[0m [gateway] [34;1mfunc1[0m -> Sending transaction to orderer txID=0d937df416acb63c53146b01f0ff44edafa22169f5f147cf504987382e8fc0c2 endpoint=orderer.example.com:7050
[34m2026-10-07 12:59:15.238 UTC 6a01f INFO[0m [gateway] [34;1mfunc1[0m -> Sending transaction to orderer txID=0d937df416acb63c53146b01f0ff44edafa22169f5f147cf504987382e8fc0c2 endpoint=orderer2.example.com:7052
[34m2026-10-07 12:59:15.238 UTC 6a020 INFO[0m [gateway] [34;1mfunc1[0m -> Sending transaction to orderer txID=0d937df416acb63c53146b01f0ff44edafa22169f5f147cf504987382e8fc0c2 endpoint=orderer3.example.com:7056
[34m2026-10-07 12:59:15.240 UTC 6a021 INFO[0m [gateway] [34;1mfunc1[0m -> Successful response from orderer txID=16f950deb6b2fbfd2d90f80f91c462b017f3f23eae6069bd8db00707c451bd36 endpoint=orderer2.example.com:7052
[34m2026-10-07 12:59:15.240 UTC 6a022 INFO[0m [gateway] [34;1mfunc1[0m -> Successful response from orderer txID=16f950deb6b2fbfd2d90f80f91c462b017f3f23eae6069bd8db00707c451bd36 endpoint=orderer3.example.com:7056
[34m2026-10-07 12:59:15.241 UTC 6a024 INFO[0m [gateway] [34;1mfunc1[0m -> Successful response from orderer txID=16f950deb6b2fbfd2d90f80f91c462b017f3f23eae6069bd8db00707c451bd36 endpoint=orderer4.example.com:7058
[34m2026-10-07 12:59:15.238 UTC 6a016 INFO[0m [gateway] [34;1mfunc1[0m -> Successful response from orderer txID=982e829cd0f5095b48d37f801d4b7f980401b2b8950860c954500b4f98e23b4c endpoint=orderer3.example.com:7056
[34m2026-10-07 12:59:15.238 UTC 6a019 INFO[0m [gateway] [34;1mfunc1[0m -> Successful response from orderer txID=fac24e32746fc436ece168cd2a939af6960029baae24256fb5b356da4d163fc4 endpoint=orderer2.example.com:7052
[34m2026-10-07 12:59:15.244 UTC 6a029 INFO[0m [gateway] [34;1mfunc1[0m -> Successful response from orderer txID=4602b68b4c21ecaa8e1c5fe8a1865fd22ff2f923e8785401f4d07fc14f51f9b9 endpoint=orderer4.example.com:7058
[34m2026-10-07 12:59:15.244 UTC 6a02a INFO[0m [gateway] [34;1mfunc1[0m -> Successful response from orderer txID=0d937df416acb63c53146b01f0ff44edafa22169f5f147cf504987382e8fc0c2 endpoint=orderer4.example.com:7058
[34m2026-10-07 12:59:15.244 UTC 6a02b INFO[0m [gateway] [34;1mfunc1[0m -> Sending transaction to orderer txID=f3b92b33a34c7ffb8376ddfc4e66d52187478ea33cf604a61b945fa901f40632 endpoint=orderer4.example.com:7058
[34m2026-10-07 12:59:15.244 UTC 6a02c INFO[0m [gateway] [34;1mfunc1[0m -> Successful response from orderer txID=f4bea3d234119281e99097c2dd31dc2d9e572a27d08353c0050b0acd37b10774 endpoint=orderer4.example.com:7058
[34m2026-10-07 12:59:15.244 UTC 6a02d INFO[0m [gateway] [34;1mfunc1[0m -> Sending transaction to orderer txID=f4bea3d234119281e99097c2dd31dc2d9e572a27d08353c0050b0acd37b10774 endpoint=orderer.example.com:7050
[34m2026-10-07 12:59:15.244 UTC 6a02e INFO[0m [comm.grpc.server] [34;1m1[0m -> unary call completed grpc.service=gateway.Gateway grpc.method=Endorse grpc.request_deadline=2026-10-07T13:00:15.156Z grpc.peer_address=172.18.0.1:47308 grpc.code=OK grpc.call_duration=87.916226ms
[34m2026-10-07 12:59:15.244 UTC 6a02f INFO[0m [comm.grpc.server] [34;1m1[0m -> unary call completed grpc.service=gateway.Gateway grpc.method=Endorse grpc.request_deadline=2026-10-07T13:00:15.162Z grpc.peer_address=172.18.0.1:47308 grpc.code=OK grpc.call_duration=82.000598ms
[34m2026-10-07 12:59:15.244 UTC 6a030 INFO[0m [comm.grpc.server] [34;1m1[0m -> unary call completed grpc.service=gateway.Gateway grpc.method=Endorse grpc.request_deadline=2026-10-07T13:00:15.179Z grpc.peer_address=172.18.0.1:47308 grpc.code=OK grpc.call_duration=65.661345ms
[34m2026-10-07 12:59:15.244 UTC 6a031 INFO[0m [comm.grpc.server] [34;1m1[0m -> unary call completed grpc.service=gateway.Gateway grpc.method=Endorse grpc.request_deadline=2026-10-07T13:00:15.155Z grpc.peer_address=172.18.0.1:47308 grpc.code=OK grpc.call_duration=86.238824ms
[34m2026-10-07 12:59:15.246 UTC 6a032 INFO[0m [gateway] [34;1mfunc1[0m -> Sending transaction to orderer txID=f4bea3d234119281e99097c2dd31dc2d9e572a27d08353c0050b0acd37b10774 endpoint=orderer2.example.com:7052
[34m2026-10-07 12:59:15.246 UTC 6a033 INFO[0m [gateway] [34;1mfunc1[0m -> Sending transaction to orderer txID=f4bea3d234119281e99097c2dd31dc2d9e572a27d08353c0050b0acd37b10774 endpoint=orderer3.example.com:7056
[34m2026-10-07 12:59:15.246 UTC 6a034 INFO[0m [gateway] [34;1mfunc1[0m -> Sending transaction to orderer txID=4602b68b4c21ecaa8e1c5fe8a1865fd22ff2f923e8785401f4d07fc14f51f9b9 endpoint=orderer.example.com:7050
[34m2026-10-07 12:59:15.246 UTC 6a035 INFO[0m [gateway] [34;1mfunc1[0m -> Sending transaction to orderer txID=4602b68b4c21ecaa8e1c5fe8a1865fd22ff2f923e8785401f4d07fc14f51f9b9 endpoint=orderer2.example.com:7052
[34m2026-10-07 12:59:15.247 UTC 6a037 INFO[0m [gateway] [34;1mfunc1[0m -> Sending transaction to orderer txID=4602b68b4c21ecaa8e1c5fe8a1865fd22ff2f923e8785401f4d07fc14f51f9b9 endpoint=orderer3.example.com:7056
[34m2026-10-07 12:59:15.247 UTC 6a039 INFO[0m [gateway] [34;1mfunc1[0m -> Sending transaction to orderer txID=b2788982c85485542174857aa2b07e0892686a4e52260df750ca2976c3db2ab6 endpoint=orderer.example.com:7050
[34m2026-10-07 12:59:15.247 UTC 6a03b INFO[0m [gateway] [34;1mfunc1[0m -> Sending transaction to orderer txID=b2788982c85485542174857aa2b07e0892686a4e52260df750ca2976c3db2ab6 endpoint=orderer2.example.com:7052
[34m2026-10-07 12:59:15.248 UTC 6a03c INFO[0m [gateway] [34;1mfunc1[0m -> Sending transaction to orderer txID=b2788982c85485542174857aa2b07e0892686a4e52260df750ca2976c3db2ab6 endpoint=orderer3.example.com:7056
[34m2026-10-07 12:59:15.248 UTC 6a03d INFO[0m [gateway] [34;1mfunc1[0m -> Successful response from orderer txID=b2788982c85485542174857aa2b07e0892686a4e52260df750ca2976c3db2ab6 endpoint=orderer4.example.com:7058
[34m2026-10-07 12:59:15.249 UTC 6a03e INFO[0m [gateway] [34;1mfunc1[0m -> Sending transaction to orderer txID=f3b92b33a34c7ffb8376ddfc4e66d52187478ea33cf604a61b945fa901f40632 endpoint=orderer.example.com:7050
[34m2026-10-07 12:59:15.247 UTC 6a03a INFO[0m [gateway] [34;1mfunc1[0m -> Successful response from orderer txID=16f950deb6b2fbfd2d90f80f91c462b017f3f23eae6069bd8db00707c451bd36 endpoint=orderer.example.com:7050
[34m2026-10-07 12:59:15.247 UTC 6a038 INFO[0m [comm.grpc.server] [34;1m1[0m -> unary call completed grpc.service=gateway.Gateway grpc.method=Endorse grpc.request_deadline=2026-10-07T13:00:15.162Z grpc.peer_address=172.18.0.1:47308 grpc.code=OK grpc.call_duration=84.708764ms
[34m2026-10-07 12:59:15.255 UTC 6a046 INFO[0m [gateway] [34;1mfunc1[0m -> Successful response from orderer txID=f3b92b33a34c7ffb8376ddfc4e66d52187478ea33cf604a61b945fa901f40632 endpoint=orderer4.example.com:7058
[34m2026-10-07 12:59:15.249 UTC 6a03f INFO[0m [gateway] [34;1mfunc1[0m -> Sending transaction to orderer txID=f3b92b33a34c7ffb8376ddfc4e66d52187478ea33cf604a61b945fa901f40632 endpoint=orderer2.example.com:7052
[34m2026-10-07 12:59:15.249 UTC 6a040 INFO[0m [gateway] [34;1mfunc1[0m -> Sending transaction to orderer txID=f3b92b33a34c7ffb8376ddfc4e66d52187478ea33cf604a61b945fa901f40632 endpoint=orderer3.example.com:7056
[34m2026-10-07 12:59:15.250 UTC 6a041 INFO[0m [endorser] [34;1mcallChaincode[0m -> finished chaincode: bzt duration: 3ms channel=mychannel txID=5f40145a
[34m2026-10-07 12:59:15.251 UTC 6a042 INFO[0m [comm.grpc.server] [34;1m1[0m -> unary call completed grpc.service=gateway.Gateway grpc.method=Submit grpc.request_deadline=2026-10-07T13:00:15.213Z grpc.peer_address=172.18.0.1:47308 grpc.code=OK grpc.call_duration=36.834044ms
[34m2026-10-07 12:59:15.251 UTC 6a043 INFO[0m [comm.grpc.server] [34;1m1[0m -> unary call completed grpc.service=gateway.Gateway grpc.method=Submit grpc.request_deadline=2026-10-07T13:00:15.214Z grpc.peer_address=172.18.0.1:47308 grpc.code=OK grpc.call_duration=36.226249ms
[34m2026-10-07 12:59:15.251 UTC 6a044 INFO[0m [comm.grpc.server] [34;1m1[0m -> unary call completed grpc.service=gateway.Gateway grpc.method=Submit grpc.request_deadline=2026-10-07T13:00:15.234Z grpc.peer_address=172.18.0.1:47308 grpc.code=OK grpc.call_duration=16.96072ms
[34m2026-10-07 12:59:15.254 UTC 6a045 INFO[0m [committer.txvalidator] [34;1mValidate[0m -> [mychannel] Validated block [5042] in 37ms
[34m2026-10-07 12:59:15.247 UTC 6a036 INFO[0m [comm.grpc.server] [34;1m1[0m -> unary call completed grpc.service=gateway.Gateway grpc.method=Endorse grpc.request_deadline=2026-10-07T13:00:15.169Z grpc.peer_address=172.18.0.1:47308 grpc.code=OK grpc.call_duration=77.707979ms
[34m2026-10-07 12:59:15.256 UTC 6a047 INFO[0m [gateway] [34;1mfunc1[0m -> Successful response from orderer txID=4602b68b4c21ecaa8e1c5fe8a1865fd22ff2f923e8785401f4d07fc14f51f9b9 endpoint=orderer3.example.com:7056
[34m2026-10-07 12:59:15.256 UTC 6a048 INFO[0m [gateway] [34;1mfunc1[0m -> Successful response from orderer txID=f4bea3d234119281e99097c2dd31dc2d9e572a27d08353c0050b0acd37b10774 endpoint=orderer3.example.com:7056
[34m2026-10-07 12:59:15.256 UTC 6a049 INFO[0m [endorser] [34;1mcallChaincode[0m -> finished chaincode: bzt duration: 20ms channel=mychannel txID=a4f2b069
[34m2026-10-07 12:59:15.256 UTC 6a04a INFO[0m [endorser] [34;1mcallChaincode[0m -> finished chaincode: bzt duration: 15ms channel=mychannel txID=11d3f15e
[34m2026-10-07 12:59:15.264 UTC 6a04b INFO[0m [gateway] [34;1mfunc1[0m -> Sending transaction to orderer txID=5c4c599b8d49fea0ce6ce366d6056321f761badb871dadb84c44282288a29d82 endpoint=orderer4.example.com:7058
[34m2026-10-07 12:59:15.265 UTC 6a04c INFO[0m [gateway] [34;1mfunc1[0m -> Successful response from orderer txID=b2788982c85485542174857aa2b07e0892686a4e52260df750ca2976c3db2ab6 endpoint=orderer.example.com:7050
[34m2026-10-07 12:59:15.266 UTC 6a04d INFO[0m [comm.grpc.server] [34;1m1[0m -> unary call completed grpc.service=gateway.Gateway grpc.method=Endorse grpc.request_deadline=2026-10-07T13:00:15.235Z grpc.peer_address=172.18.0.1:47308 grpc.code=OK grpc.call_duration=30.98973ms
[34m2026-10-07 12:59:15.265 UTC 6a04e INFO[0m [gateway] [34;1mfunc1[0m -> Successful response from orderer txID=f3b92b33a34c7ffb8376ddfc4e66d52187478ea33cf604a61b945fa901f40632 endpoint=orderer3.example.com:7056
[34m2026-10-07 12:59:15.267 UTC 6a04f INFO[0m [gateway] [34;1mfunc1[0m -> Successful response from orderer txID=f4bea3d234119281e99097c2dd31dc2d9e572a27d08353c0050b0acd37b10774 endpoint=orderer.example.com:7050
[34m2026-10-07 12:59:15.267 UTC 6a050 INFO[0m [gateway] [34;1mfunc1[0m -> Successful response from orderer txID=4602b68b4c21ecaa8e1c5fe8a1865fd22ff2f923e8785401f4d07fc14f51f9b9 endpoint=orderer.example.com:7050
[34m2026-10-07 12:59:15.267 UTC 6a051 INFO[0m [comm.grpc.server] [34;1m1[0m -> unary call completed grpc.service=gateway.Gateway grpc.method=Submit grpc.request_deadline=2026-10-07T13:00:15.227Z grpc.peer_address=172.18.0.1:47308 grpc.code=OK grpc.call_duration=31.277537ms
[34m2026-10-07 12:59:15.267 UTC 6a052 INFO[0m [comm.grpc.server] [34;1m1[0m -> unary call completed grpc.service=gateway.Gateway grpc.method=Submit grpc.request_deadline=2026-10-07T13:00:15.227Z grpc.peer_address=172.18.0.1:47308 grpc.code=OK grpc.call_duration=31.721477ms
[34m2026-10-07 12:59:15.270 UTC 6a053 INFO[0m [gateway] [34;1mfunc1[0m -> Successful response from orderer txID=f4bea3d234119281e99097c2dd31dc2d9e572a27d08353c0050b0acd37b10774 endpoint=orderer2.example.com:7052
[34m2026-10-07 12:59:15.272 UTC 6a058 INFO[0m [gateway] [34;1mfunc1[0m -> Sending transaction to orderer txID=fffb3d1a1f42572baabe53ab8e020edba49b5241722d499f4cfecc201384b32a endpoint=orderer4.example.com:7058
[34m2026-10-07 12:59:15.274 UTC 6a05c INFO[0m [comm.grpc.server] [34;1m1[0m -> unary call completed grpc.service=gateway.Gateway grpc.method=Endorse grpc.request_deadline=2026-10-07T13:00:15.243Z grpc.peer_address=172.18.0.1:47308 grpc.code=OK grpc.call_duration=29.407954ms
[34m2026-10-07 12:59:15.274 UTC 6a05d INFO[0m [gateway] [34;1mfunc1[0m -> Successful response from orderer txID=f3b92b33a34c7ffb8376ddfc4e66d52187478ea33cf604a61b945fa901f40632 endpoint=orderer.example.com:7050
[34m2026-10-07 12:59:15.274 UTC 6a05e INFO[0m [gateway] [34;1mfunc1[0m -> Successful response from orderer txID=4602b68b4c21ecaa8e1c5fe8a1865fd22ff2f923e8785401f4d07fc14f51f9b9 endpoint=orderer2.example.com:7052
[34m2026-10-07 12:59:15.274 UTC 6a05f INFO[0m [gateway] [34;1mfunc1[0m -> Successful response from orderer txID=b2788982c85485542174857aa2b07e0892686a4e52260df750ca2976c3db2ab6 endpoint=orderer2.example.com:7052
[34m2026-10-07 12:59:15.270 UTC 6a054 INFO[0m [gateway] [34;1mfunc1[0m -> Successful response from orderer txID=0d937df416acb63c53146b01f0ff44edafa22169f5f147cf504987382e8fc0c2 endpoint=orderer2.example.com:7052
[34m2026-10-07 12:59:15.275 UTC 6a060 INFO[0m [gateway] [34;1mfunc1[0m -> Sending transaction to orderer txID=c174b0482dd18d10790f3db9989cd405a9233644a16744a62fda52d4097d420c endpoint=orderer4.example.com:7058
[34m2026-10-07 12:59:15.273 UTC 6a05b INFO[0m [gateway] [34;1mfunc1[0m -> Successful response from orderer txID=b2788982c85485542174857aa2b07e0892686a4e52260df750ca2976c3db2ab6 endpoint=orderer3.example.com:7056
[34m2026-10-07 12:59:15.276 UTC 6a061 INFO[0m [gateway] [34;1mfunc1[0m -> Successful response from orderer txID=5c4c599b8d49fea0ce6ce366d6056321f761badb871dadb84c44282288a29d82 endpoint=orderer4.example.com:7058
[34m2026-10-07 12:59:15.276 UTC 6a062 INFO[0m [gateway] [34;1mfunc1[0m -> Sending transaction to orderer txID=a2d428ec500e42fffb815bb225142231574ccda5b4a8009572326dcaf758edbe endpoint=orderer4.example.com:7058
[34m2026-10-07 12:59:15.276 UTC 6a063 INFO[0m [comm.grpc.server] [34;1m1[0m -> unary call completed grpc.service=gateway.Gateway grpc.method=Endorse grpc.request_deadline=2026-10-07T13:00:15.24Z grpc.peer_address=172.18.0.1:47308 grpc.code=OK grpc.call_duration=36.257042ms
[34m2026-10-07 12:59:15.276 UTC 6a064 INFO[0m [gateway] [34;1mfunc1[0m -> Successful response from orderer txID=0d937df416acb63c53146b01f0ff44edafa22169f5f147cf504987382e8fc0c2 endpoint=orderer.example.com:7050
[34m2026-10-07 12:59:15.276 UTC 6a065 INFO[0m [gateway] [34;1mfunc1[0m -> Sending transaction to orderer txID=a2d428ec500e42fffb815bb225142231574ccda5b4a8009572326dcaf758edbe endpoint=orderer.example.com:7050
[34m2026-10-07 12:59:15.277 UTC 6a066 INFO[0m [gateway] [34;1mfunc1[0m -> Sending transaction to orderer txID=fffb3d1a1f42572baabe53ab8e020edba49b5241722d499f4cfecc201384b32a endpoint=orderer.example.com:7050
[34m2026-10-07 12:59:15.277 UTC 6a067 INFO[0m [gateway] [34;1mfunc1[0m -> Sending transaction to orderer txID=a2d428ec500e42fffb815bb225142231574ccda5b4a8009572326dcaf758edbe endpoint=orderer2.example.com:7052
[34m2026-10-07 12:59:15.277 UTC 6a068 INFO[0m [gateway] [34;1mfunc1[0m -> Sending transaction to orderer txID=fffb3d1a1f42572baabe53ab8e020edba49b5241722d499f4cfecc201384b32a endpoint=orderer2.example.com:7052
[34m2026-10-07 12:59:15.277 UTC 6a06a INFO[0m [gateway] [34;1mfunc1[0m -> Sending transaction to orderer txID=fffb3d1a1f42572baabe53ab8e020edba49b5241722d499f4cfecc201384b32a endpoint=orderer3.example.com:7056
[34m2026-10-07 12:59:15.273 UTC 6a059 INFO[0m [endorser] [34;1mcallChaincode[0m -> finished chaincode: bzt duration: 31ms channel=mychannel txID=6d93ba1c
[34m2026-10-07 12:59:15.270 UTC 6a055 INFO[0m [gateway] [34;1mfunc1[0m -> Successful response from orderer txID=f3b92b33a34c7ffb8376ddfc4e66d52187478ea33cf604a61b945fa901f40632 endpoint=orderer2.example.com:7052
[34m2026-10-07 12:59:15.271 UTC 6a057 INFO[0m [gateway] [34;1mfunc1[0m -> Sending transaction to orderer txID=8052cec20708dc99d8be56df7f41f96ea6cfd2b279dcabf57f474b93554cac1d endpoint=orderer4.example.com:7058
[34m2026-10-07 12:59:15.277 UTC 6a06b INFO[0m [comm.grpc.server] [34;1m1[0m -> unary call completed grpc.service=gateway.Gateway grpc.method=Submit grpc.request_deadline=2026-10-07T13:00:15.243Z grpc.peer_address=172.18.0.1:47308 grpc.code=OK grpc.call_duration=33.526964ms
[34m2026-10-07 12:59:15.277 UTC 6a06c INFO[0m [comm.grpc.server] [34;1m1[0m -> unary call completed grpc.service=gateway.Gateway grpc.method=Submit grpc.request_deadline=2026-10-07T13:00:15.227Z grpc.peer_address=172.18.0.1:47308 grpc.code=OK grpc.call_duration=40.732058ms
[34m2026-10-07 12:59:15.273 UTC 6a05a INFO[0m [gateway] [34;1mfunc1[0m -> Successful response from orderer txID=0d937df416acb63c53146b01f0ff44edafa22169f5f147cf504987382e8fc0c2 endpoint=orderer3.example.com:7056
[34m2026-10-07 12:59:15.277 UTC 6a06d INFO[0m [gateway] [34;1mfunc1[0m -> Sending transaction to orderer txID=8052cec20708dc99d8be56df7f41f96ea6cfd2b279dcabf57f474b93554cac1d endpoint=orderer.example.com:7050
[34m2026-10-07 12:59:15.277 UTC 6a06e INFO[0m [gateway] [34;1mfunc1[0m -> Sending transaction to orderer txID=5c4c599b8d49fea0ce6ce366d6056321f761badb871dadb84c44282288a29d82 endpoint=orderer.example.com:7050
[34m2026-10-07 12:59:15.277 UTC 6a06f INFO[0m [gateway] [34;1mfunc1[0m -> Sending transaction to orderer txID=c7052251ab691b1be19200794cc732054909fddd529ed126443573eb20bdb473 endpoint=orderer4.example.com:7058
[34m2026-10-07 12:59:15.277 UTC 6a070 INFO[0m [gateway] [34;1mfunc1[0m -> Sending transaction to orderer txID=5c4c599b8d49fea0ce6ce366d6056321f761badb871dadb84c44282288a29d82 endpoint=orderer2.example.com:7052
[34m2026-10-07 12:59:15.277 UTC 6a071 INFO[0m [comm.grpc.server] [34;1m1[0m -> unary call completed grpc.service=gateway.Gateway grpc.method=Submit grpc.request_deadline=2026-10-07T13:00:15.227Z grpc.peer_address=172.18.0.1:47308 grpc.code=OK grpc.call_duration=41.682752ms
[34m2026-10-07 12:59:15.277 UTC 6a072 INFO[0m [gateway] [34;1mfunc1[0m -> Sending transaction to orderer txID=c174b0482dd18d10790f3db9989cd405a9233644a16744a62fda52d4097d420c endpoint=orderer.example.com:7050
[34m2026-10-07 12:59:15.277 UTC 6a073 INFO[0m [gateway] [34;1mfunc1[0m -> Sending transaction to orderer txID=8052cec20708dc99d8be56df7f41f96ea6cfd2b279dcabf57f474b93554cac1d endpoint=orderer2.example.com:7052
[34m2026-10-07 12:59:15.277 UTC 6a074 INFO[0m [gateway] [34;1mfunc1[0m -> Sending transaction to orderer txID=c174b0482dd18d10790f3db9989cd405a9233644a16744a62fda52d4097d420c endpoint=orderer2.example.com:7052
[34m2026-10-07 12:59:15.277 UTC 6a075 INFO[0m [gateway] [34;1mfunc1[0m -> Sending transaction to orderer txID=8052cec20708dc99d8be56df7f41f96ea6cfd2b279dcabf57f474b93554cac1d endpoint=orderer3.example.com:7056
[34m2026-10-07 12:59:15.277 UTC 6a076 INFO[0m [gateway] [34;1mfunc1[0m -> Sending transaction to orderer txID=c174b0482dd18d10790f3db9989cd405a9233644a16744a62fda52d4097d420c endpoint=orderer3.example.com:7056
[34m2026-10-07 12:59:15.277 UTC 6a077 INFO[0m [gateway] [34;1mfunc1[0m -> Sending transaction to orderer txID=c7052251ab691b1be19200794cc732054909fddd529ed126443573eb20bdb473 endpoint=orderer3.example.com:7056
[34m2026-10-07 12:59:15.277 UTC 6a078 INFO[0m [gateway] [34;1mfunc1[0m -> Sending transaction to orderer txID=c7052251ab691b1be19200794cc732054909fddd529ed126443573eb20bdb473 endpoint=orderer.example.com:7050
[34m2026-10-07 12:59:15.278 UTC 6a079 INFO[0m [gateway] [34;1mfunc1[0m -> Sending transaction to orderer txID=c7052251ab691b1be19200794cc732054909fddd529ed126443573eb20bdb473 endpoint=orderer2.example.com:7052
[34m2026-10-07 12:59:15.277 UTC 6a069 INFO[0m [gateway] [34;1mfunc1[0m -> Sending transaction to orderer txID=a2d428ec500e42fffb815bb225142231574ccda5b4a8009572326dcaf758edbe endpoint=orderer3.example.com:7056
[34m2026-10-07 12:59:15.271 UTC 6a056 INFO[0m [gateway] [34;1mfunc1[0m -> Sending transaction to orderer txID=5c4c599b8d49fea0ce6ce366d6056321f761badb871dadb84c44282288a29d82 endpoint=orderer3.example.com:7056
[34m2026-10-07 12:59:15.279 UTC 6a07a INFO[0m [gateway] [34;1mfunc1[0m -> Successful response from orderer txID=fffb3d1a1f42572baabe53ab8e020edba49b5241722d499f4cfecc201384b32a endpoint=orderer2.example.com:7052
[34m2026-10-07 12:59:15.279 UTC 6a07b INFO[0m [gateway] [34;1mfunc1[0m -> Successful response from orderer txID=8052cec20708dc99d8be56df7f41f96ea6cfd2b279dcabf57f474b93554cac1d endpoint=orderer2.example.com:7052
[34m2026-10-07 12:59:15.279 UTC 6a07c INFO[0m [gateway] [34;1mfunc1[0m -> Successful response from orderer txID=5c4c599b8d49fea0ce6ce366d6056321f761badb871dadb84c44282288a29d82 endpoint=orderer2.example.com:7052
[34m2026-10-07 12:59:15.279 UTC 6a07d INFO[0m [gateway] [34;1mfunc1[0m -> Successful response from orderer txID=c7052251ab691b1be19200794cc732054909fddd529ed126443573eb20bdb473 endpoint=orderer2.example.com:7052
[34m2026-10-07 12:59:15.280 UTC 6a07e INFO[0m [gateway] [34;1mfunc1[0m -> Successful response from orderer txID=c174b0482dd18d10790f3db9989cd405a9233644a16744a62fda52d4097d420c endpoint=orderer4.example.com:7058
[34m2026-10-07 12:59:15.280 UTC 6a07f INFO[0m [gateway] [34;1mfunc1[0m -> Successful response from orderer txID=a2d428ec500e42fffb815bb225142231574ccda5b4a8009572326dcaf758edbe endpoint=orderer4.example.com:7058
[34m2026-10-07 12:59:15.280 UTC 6a080 INFO[0m [gateway] [34;1mfunc1[0m -> Successful response from orderer txID=c174b0482dd18d10790f3db9989cd405a9233644a16744a62fda52d4097d420c endpoint=orderer2.example.com:7052
[34m2026-10-07 12:59:15.280 UTC 6a081 INFO[0m [gateway] [34;1mfunc1[0m -> Successful response from orderer txID=a2d428ec500e42fffb815bb225142231574ccda5b4a8009572326dcaf758edbe endpoint=orderer2.example.com:7052
[34m2026-10-07 12:59:15.280 UTC 6a082 INFO[0m [gateway] [34;1mfunc1[0m -> Successful response from orderer txID=c7052251ab691b1be19200794cc732054909fddd529ed126443573eb20bdb473 endpoint=orderer4.example.com:7058
[34m2026-10-07 12:59:15.280 UTC 6a083 INFO[0m [gateway] [34;1mfunc1[0m -> Successful response from orderer txID=fffb3d1a1f42572baabe53ab8e020edba49b5241722d499f4cfecc201384b32a endpoint=orderer4.example.com:7058
[34m2026-10-07 12:59:15.281 UTC 6a084 INFO[0m [gateway] [34;1mfunc1[0m -> Successful response from orderer txID=a2d428ec500e42fffb815bb225142231574ccda5b4a8009572326dcaf758edbe endpoint=orderer3.example.com:7056
[34m2026-10-07 12:59:15.282 UTC 6a085 INFO[0m [gateway] [34;1mfunc1[0m -> Successful response from orderer txID=c174b0482dd18d10790f3db9989cd405a9233644a16744a62fda52d4097d420c endpoint=orderer3.example.com:7056
[34m2026-10-07 12:59:15.282 UTC 6a086 INFO[0m [gateway] [34;1mfunc1[0m -> Successful response from orderer txID=8052cec20708dc99d8be56df7f41f96ea6cfd2b279dcabf57f474b93554cac1d endpoint=orderer3.example.com:7056
[34m2026-10-07 12:59:15.282 UTC 6a087 INFO[0m [gateway] [34;1mfunc1[0m -> Successful response from orderer txID=c7052251ab691b1be19200794cc732054909fddd529ed126443573eb20bdb473 endpoint=orderer3.example.com:7056
[34m2026-10-07 12:59:15.282 UTC 6a088 INFO[0m [gateway] [34;1mfunc1[0m -> Successful response from orderer txID=fffb3d1a1f42572baabe53ab8e020edba49b5241722d499f4cfecc201384b32a endpoint=orderer3.example.com:7056
[34m2026-10-07 12:59:15.282 UTC 6a089 INFO[0m [comm.grpc.server] [34;1m1[0m -> unary call completed grpc.service=gateway.Gateway grpc.method=Submit grpc.request_deadline=2026-10-07T13:00:15.272Z grpc.peer_address=172.18.0.1:47308 grpc.code=OK grpc.call_duration=5.488908ms
[34m2026-10-07 12:59:15.282 UTC 6a08a INFO[0m [gateway] [34;1mfunc1[0m -> Successful response from orderer txID=8052cec20708dc99d8be56df7f41f96ea6cfd2b279dcabf57f474b93554cac1d endpoint=orderer4.example.com:7058
[34m2026-10-07 12:59:15.282 UTC 6a08b INFO[0m [comm.grpc.server] [34;1m1[0m -> unary call completed grpc.service=gateway.Gateway grpc.method=Submit grpc.request_deadline=2026-10-07T13:00:15.271Z grpc.peer_address=172.18.0.1:47308 grpc.code=OK grpc.call_duration=7.424262ms
[34m2026-10-07 12:59:15.282 UTC 6a08c INFO[0m [comm.grpc.server] [34;1m1[0m -> unary call completed grpc.service=gateway.Gateway grpc.method=Submit grpc.request_deadline=2026-10-07T13:00:15.263Z grpc.peer_address=172.18.0.1:47308 grpc.code=OK grpc.call_duration=11.393029ms
[34m2026-10-07 12:59:15.282 UTC 6a08d INFO[0m [comm.grpc.server] [34;1m1[0m -> unary call completed grpc.service=gateway.Gateway grpc.method=Submit grpc.request_deadline=2026-10-07T13:00:15.272Z grpc.peer_address=172.18.0.1:47308 grpc.code=OK grpc.call_duration=5.053335ms
[34m2026-10-07 12:59:15.282 UTC 6a08e INFO[0m [comm.grpc.server] [34;1m1[0m -> unary call completed grpc.service=gateway.Gateway grpc.method=Submit grpc.request_deadline=2026-10-07T13:00:15.272Z grpc.peer_address=172.18.0.1:47308 grpc.code=OK grpc.call_duration=10.226203ms
[34m2026-10-07 12:59:15.284 UTC 6a08f INFO[0m [gateway] [34;1mfunc1[0m -> Successful response from orderer txID=5c4c599b8d49fea0ce6ce366d6056321f761badb871dadb84c44282288a29d82 endpoint=orderer3.example.com:7056
[34m2026-10-07 12:59:15.284 UTC 6a090 INFO[0m [comm.grpc.server] [34;1m1[0m -> unary call completed grpc.service=gateway.Gateway grpc.method=Submit grpc.request_deadline=2026-10-07T13:00:15.263Z grpc.peer_address=172.18.0.1:47308 grpc.code=OK grpc.call_duration=19.9977ms
[34m2026-10-07 12:59:15.284 UTC 6a091 INFO[0m [comm.grpc.server] [34;1m1[0m -> unary call completed grpc.service=gateway.Gateway grpc.method=Endorse grpc.request_deadline=2026-10-07T13:00:15.226Z grpc.peer_address=172.18.0.1:47308 grpc.code=OK grpc.call_duration=46.465597ms
[34m2026-10-07 12:59:15.285 UTC 6a092 INFO[0m [gateway] [34;1mfunc1[0m -> Sending transaction to orderer txID=3f59d8ae9086a77c0bdb13dca7706b5213dae80f944942384666af1056ce6d36 endpoint=orderer4.example.com:7058
[34m2026-10-07 12:59:15.285 UTC 6a093 INFO[0m [gateway] [34;1mfunc1[0m -> Sending transaction to orderer txID=3f59d8ae9086a77c0bdb13dca7706b5213dae80f944942384666af1056ce6d36 endpoint=orderer.example.com:7050
[34m2026-10-07 12:59:15.285 UTC 6a094 INFO[0m [gateway] [34;1mfunc1[0m -> Sending transaction to orderer txID=3f59d8ae9086a77c0bdb13dca7706b5213dae80f944942384666af1056ce6d36 endpoint=orderer2.example.com:7052
[34m2026-10-07 12:59:15.285 UTC 6a095 INFO[0m [gateway] [34;1mfunc1[0m -> Sending transaction to orderer txID=3f59d8ae9086a77c0bdb13dca7706b5213dae80f944942384666af1056ce6d36 endpoint=orderer3.example.com:7056
[34m2026-10-07 12:59:15.285 UTC 6a096 INFO[0m [gateway] [34;1mfunc1[0m -> Sending transaction to orderer txID=5887337a711986310ab4ba384d961079d6bde693da0a3c653d7ddd47d73392ff endpoint=orderer4.example.com:7058
[34m2026-10-07 12:59:15.285 UTC 6a097 INFO[0m [gateway] [34;1mfunc1[0m -> Sending transaction to orderer txID=5887337a711986310ab4ba384d961079d6bde693da0a3c653d7ddd47d73392ff endpoint=orderer.example.com:7050
[34m2026-10-07 12:59:15.286 UTC 6a098 INFO[0m [gateway] [34;1mfunc1[0m -> Successful response from orderer txID=c174b0482dd18d10790f3db9989cd405a9233644a16744a62fda52d4097d420c endpoint=orderer.example.com:7050
[34m2026-10-07 12:59:15.286 UTC 6a099 INFO[0m [gateway] [34;1mfunc1[0m -> Successful response from orderer txID=fffb3d1a1f42572baabe53ab8e020edba49b5241722d499f4cfecc201384b32a endpoint=orderer.example.com:7050
[34m2026-10-07 12:59:15.286 UTC 6a09a INFO[0m [gateway] [34;1mfunc1[0m -> Successful response from orderer txID=c7052251ab691b1be19200794cc732054909fddd529ed126443573eb20bdb473 endpoint=orderer.example.com:7050
[34m2026-10-07 12:59:15.286 UTC 6a09b INFO[0m [gateway] [34;1mfunc1[0m -> Sending transaction to orderer txID=5887337a711986310ab4ba384d961079d6bde693da0a3c653d7ddd47d73392ff endpoint=orderer2.example.com:7052
[34m2026-10-07 12:59:15.287 UTC 6a09c INFO[0m [gateway] [34;1mfunc1[0m -> Sending transaction to orderer txID=5887337a711986310ab4ba384d961079d6bde693da0a3c653d7ddd47d73392ff endpoint=orderer3.example.com:7056
[34m2026-10-07 12:59:15.287 UTC 6a09d INFO[0m [gateway] [34;1mfunc1[0m -> Successful response from orderer txID=3f59d8ae9086a77c0bdb13dca7706b5213dae80f944942384666af1056ce6d36 endpoint=orderer2.example.com:7052
[34m2026-10-07 12:59:15.287 UTC 6a09e INFO[0m [gateway] [34;1mfunc1[0m -> Successful response from orderer txID=5887337a711986310ab4ba384d961079d6bde693da0a3c653d7ddd47d73392ff endpoint=orderer4.example.com:7058
[34m2026-10-07 12:59:15.287 UTC 6a09f INFO[0m [gateway] [34;1mfunc1[0m -> Successful response from orderer txID=5887337a711986310ab4ba384d961079d6bde693da0a3c653d7ddd47d73392ff endpoint=orderer2.example.com:7052
[34m2026-10-07 12:59:15.287 UTC 6a0a0 INFO[0m [kvledger] [34;1mcommit[0m -> [mychannel] Committed block [5042] with 9 transaction(s) in 26ms (state_validation=0ms block_and_pvtdata_commit=4ms state_commit=20ms) commitHash=[c8c87066d1f87fc86df4ba694c0635c6520bdf01c4385d07bfd344e3408d61e3]
[34m2026-10-07 12:59:15.287 UTC 6a0a1 INFO[0m [gateway] [34;1mfunc1[0m -> Successful response from orderer txID=3f59d8ae9086a77c0bdb13dca7706b5213dae80f944942384666af1056ce6d36 endpoint=orderer4.example.com:7058
[34m2026-10-07 12:59:15.287 UTC 6a0a2 INFO[0m [comm.grpc.server] [34;1m1[0m -> unary call completed grpc.service=gateway.Gateway grpc.method=CommitStatus grpc.request_deadline=2026-10-07T13:00:15.179Z grpc.peer_address=172.18.0.1:47308 grpc.code=OK grpc.call_duration=103.537984ms
[34m2026-10-07 12:59:15.288 UTC 6a0a3 INFO[0m [gateway] [34;1mfunc1[0m -> Successful response from orderer txID=5887337a711986310ab4ba384d961079d6bde693da0a3c653d7ddd47d73392ff endpoint=orderer3.example.com:7056
[34m2026-10-07 12:59:15.288 UTC 6a0a4 INFO[0m [comm.grpc.server] [34;1m1[0m -> unary call completed grpc.service=gateway.Gateway grpc.method=Submit grpc.request_deadline=2026-10-07T13:00:15.284Z grpc.peer_address=172.18.0.1:47308 grpc.code=OK grpc.call_duration=2.530776ms
[34m2026-10-07 12:59:15.288 UTC 6a0a5 INFO[0m [gossip.privdata] [34;1mStoreBlock[0m -> Received block [5043] from buffer channel=mychannel
[34m2026-10-07 12:59:15.288 UTC 6a0a6 INFO[0m [comm.grpc.server] [34;1m1[0m -> unary call completed grpc.service=gateway.Gateway grpc.method=CommitStatus grpc.request_deadline=2026-10-07T13:00:15.114Z grpc.peer_address=172.18.0.1:47308 grpc.code=OK grpc.call_duration=174.400727ms
[34m2026-10-07 12:59:15.288 UTC 6a0a7 INFO[0m [gateway] [34;1mfunc1[0m -> Successful response from orderer txID=3f59d8ae9086a77c0bdb13dca7706b5213dae80f944942384666af1056ce6d36 endpoint=orderer3.example.com:7056
[34m2026-10-07 12:59:15.289 UTC 6a0aa INFO[0m [comm.grpc.server] [34;1m1[0m -> unary call completed grpc.service=gateway.Gateway grpc.method=CommitStatus grpc.request_deadline=2026-10-07T13:00:15.162Z grpc.peer_address=172.18.0.1:47308 grpc.code=OK grpc.call_duration=126.159875ms
[34m2026-10-07 12:59:15.289 UTC 6a0ab INFO[0m [comm.grpc.server] [34;1m1[0m -> unary call completed grpc.service=gateway.Gateway grpc.method=Submit grpc.request_deadline=2026-10-07T13:00:15.284Z grpc.peer_address=172.18.0.1:47308 grpc.code=OK grpc.call_duration=4.003054ms
[34m2026-10-07 12:59:15.288 UTC 6a0a8 INFO[0m [comm.grpc.server] [34;1m1[0m -> unary call completed grpc.service=gateway.Gateway grpc.method=CommitStatus grpc.request_deadline=2026-10-07T13:00:15.149Z grpc.peer_address=172.18.0.1:47308 grpc.code=OK grpc.call_duration=138.63057ms
[34m2026-10-07 12:59:15.289 UTC 6a0a9 INFO[0m [comm.grpc.server] [34;1m1[0m -> unary call completed grpc.service=gateway.Gateway grpc.method=CommitStatus grpc.request_deadline=2026-10-07T13:00:15.156Z grpc.peer_address=172.18.0.1:47308 grpc.code=OK grpc.call_duration=130.229678ms
[34m2026-10-07 12:59:15.289 UTC 6a0ac INFO[0m [comm.grpc.server] [34;1m1[0m -> unary call completed grpc.service=gateway.Gateway grpc.method=CommitStatus grpc.request_deadline=2026-10-07T13:00:15.156Z grpc.peer_address=172.18.0.1:47308 grpc.code=OK grpc.call_duration=130.173933ms
[34m2026-10-07 12:59:15.289 UTC 6a0ad INFO[0m [comm.grpc.server] [34;1m1[0m -> unary call completed grpc.service=gateway.Gateway grpc.method=CommitStatus grpc.request_deadline=2026-10-07T13:00:15.165Z grpc.peer_address=172.18.0.1:47308 grpc.code=OK grpc.call_duration=123.378607ms
[34m2026-10-07 12:59:15.289 UTC 6a0ae INFO[0m [comm.grpc.server] [34;1m1[0m -> unary call completed grpc.service=gateway.Gateway grpc.method=CommitStatus grpc.request_deadline=2026-10-07T13:00:15.178Z grpc.peer_address=172.18.0.1:47308 grpc.code=OK grpc.call_duration=105.262814ms
[34m2026-10-07 12:59:15.289 UTC 6a0af INFO[0m [comm.grpc.server] [34;1m1[0m -> unary call completed grpc.service=gateway.Gateway grpc.method=CommitStatus grpc.request_deadline=2026-10-07T13:00:15.178Z grpc.peer_address=172.18.0.1:47308 grpc.code=OK grpc.call_duration=105.002978ms
[34m2026-10-07 12:59:15.293 UTC 6a0b0 INFO[0m [endorser] [34;1mcallChaincode[0m -> finished chaincode: bzt duration: 4ms channel=mychannel txID=72903ce3
[34m2026-10-07 12:59:15.295 UTC 6a0b1 INFO[0m [gateway] [34;1mfunc1[0m -> Sending transaction to orderer txID=5f40145a824daf002ca01fcce003d9e407ae4d82ef13a46961cb61bf6211efc7 endpoint=orderer4.example.com:7058
[34m2026-10-07 12:59:15.296 UTC 6a0b2 INFO[0m [gateway] [34;1mfunc1[0m -> Successful response from orderer txID=3f59d8ae9086a77c0bdb13dca7706b5213dae80f944942384666af1056ce6d36 endpoint=orderer.example.com:7050
[34m2026-10-07 12:59:15.296 UTC 6a0b5 INFO[0m [gateway] [34;1mfunc1[0m -> Sending transaction to orderer txID=a4f2b0691f6e0894fdc7376cad9f0d514b6cf6aeba7c421dad25e8c5394684b9 endpoint=orderer4.example.com:7058
[34m2026-10-07 12:59:15.297 UTC 6a0b6 INFO[0m [gateway] [34;1mfunc1[0m -> Sending transaction to orderer txID=5f40145a824daf002ca01fcce003d9e407ae4d82ef13a46961cb61bf6211efc7 endpoint=orderer.example.com:7050
[34m2026-10-07 12:59:15.297 UTC 6a0b7 INFO[0m [gateway] [34;1mfunc1[0m -> Sending transaction to orderer txID=5f40145a824daf002ca01fcce003d9e407ae4d82ef13a46961cb61bf6211efc7 endpoint=orderer2.example.com:7052
[34m2026-10-07 12:59:15.298 UTC 6a0b9 INFO[0m [comm.grpc.server] [34;1m1[0m -> unary call completed grpc.service=gateway.Gateway grpc.method=Endorse grpc.request_deadline=2026-10-07T13:00:15.271Z grpc.peer_address=172.18.0.1:47308 grpc.code=OK grpc.call_duration=22.67035ms
[34m2026-10-07 12:59:15.298 UTC 6a0ba INFO[0m [gateway] [34;1mfunc1[0m -> Successful response from orderer txID=5f40145a824daf002ca01fcce003d9e407ae4d82ef13a46961cb61bf6211efc7 endpoint=orderer4.example.com:7058
[34m2026-10-07 12:59:15.298 UTC 6a0bb INFO[0m [gateway] [34;1mfunc1[0m -> Sending transaction to orderer txID=a4f2b0691f6e0894fdc7376cad9f0d514b6cf6aeba7c421dad25e8c5394684b9 endpoint=orderer.example.com:7050
[34m2026-10-07 12:59:15.296 UTC 6a0b4 INFO[0m [gateway] [34;1mfunc1[0m -> Sending transaction to orderer txID=5f40145a824daf002ca01fcce003d9e407ae4d82ef13a46961cb61bf6211efc7 endpoint=orderer3.example.com:7056
[34m2026-10-07 12:59:15.298 UTC 6a0b8 INFO[0m [gateway] [34;1mfunc1[0m -> Successful response from orderer txID=a4f2b0691f6e0894fdc7376cad9f0d514b6cf6aeba7c421dad25e8c5394684b9 endpoint=orderer4.example.com:7058
[34m2026-10-07 12:59:15.298 UTC 6a0bc INFO[0m [gateway] [34;1mfunc1[0m -> Sending transaction to orderer txID=a4f2b0691f6e0894fdc7376cad9f0d514b6cf6aeba7c421dad25e8c5394684b9 endpoint=orderer3.example.com:7056
[34m2026-10-07 12:59:15.298 UTC 6a0bd INFO[0m [gateway] [34;1mfunc1[0m -> Sending transaction to orderer txID=a4f2b0691f6e0894fdc7376cad9f0d514b6cf6aeba7c421dad25e8c5394684b9 endpoint=orderer2.example.com:7052
[34m2026-10-07 12:59:15.298 UTC 6a0be INFO[0m [gateway] [34;1mfunc1[0m -> Successful response from orderer txID=5887337a711986310ab4ba384d961079d6bde693da0a3c653d7ddd47d73392ff endpoint=orderer.example.com:7050
[34m2026-10-07 12:59:15.299 UTC 6a0bf INFO[0m [gateway] [34;1mfunc1[0m -> Successful response from orderer txID=5c4c599b8d49fea0ce6ce366d6056321f761badb871dadb84c44282288a29d82 endpoint=orderer.example.com:7050
[34m2026-10-07 12:59:15.299 UTC 6a0c0 INFO[0m [gateway] [34;1mfunc1[0m -> Successful response from orderer txID=a2d428ec500e42fffb815bb225142231574ccda5b4a8009572326dcaf758edbe endpoint=orderer.example.com:7050
[34m2026-10-07 12:59:15.299 UTC 6a0c1 INFO[0m [gateway] [34;1mfunc1[0m -> Successful response from orderer txID=a4f2b0691f6e0894fdc7376cad9f0d514b6cf6aeba7c421dad25e8c5394684b9 endpoint=orderer2.example.com:7052
[34m2026-10-07 12:59:15.299 UTC 6a0c2 INFO[0m [gateway] [34;1mfunc1[0m -> Successful response from orderer txID=8052cec20708dc99d8be56df7f41f96ea6cfd2b279dcabf57f474b93554cac1d endpoint=orderer.example.com:7050
[34m2026-10-07 12:59:15.296 UTC 6a0b3 INFO[0m [endorser] [34;1mcallChaincode[0m -> finished chaincode: bzt duration: 7ms channel=mychannel txID=bb77dc6a
[34m2026-10-07 12:59:15.301 UTC 6a0c3 INFO[0m [gateway] [34;1mfunc1[0m -> Successful response from orderer txID=a4f2b0691f6e0894fdc7376cad9f0d514b6cf6aeba7c421dad25e8c5394684b9 endpoint=orderer.example.com:7050
[34m2026-10-07 12:59:15.301 UTC 6a0c4 INFO[0m [gateway] [34;1mfunc1[0m -> Successful response from orderer txID=5f40145a824daf002ca01fcce003d9e407ae4d82ef13a46961cb61bf6211efc7 endpoint=orderer.example.com:7050
[34m2026-10-07 12:59:15.301 UTC 6a0c5 INFO[0m [comm.grpc.server] [34;1m1[0m -> unary call completed grpc.service=gateway.Gateway grpc.method=Submit grpc.request_deadline=2026-10-07T13:00:15.295Z grpc.peer_address=172.18.0.1:47308 grpc.code=OK grpc.call_duration=5.104674ms
[34m2026-10-07 12:59:15.301 UTC 6a0c6 INFO[0m [committer.txvalidator] [34;1mValidate[0m -> [mychannel] Validated block [5043] in 13ms
[34m2026-10-07 12:59:15.302 UTC 6a0c7 INFO[0m [gateway] [34;1mfunc1[0m -> Successful response from orderer txID=5f40145a824daf002ca01fcce003d9e407ae4d82ef13a46961cb61bf6211efc7 endpoint=orderer2.example.com:7052
[34m2026-10-07 12:59:15.303 UTC 6a0c8 INFO[0m [comm.grpc.server] [34;1m1[0m -> unary call completed grpc.service=gateway.Gateway grpc.method=Submit grpc.request_deadline=2026-10-07T13:00:15.292Z grpc.peer_address=172.18.0.1:47308 grpc.code=OK grpc.call_duration=7.904551ms
[34m2026-10-07 12:59:15.308 UTC 6a0c9 INFO[0m [gateway] [34;1mfunc1[0m -> Successful response from orderer txID=a4f2b0691f6e0894fdc7376cad9f0d514b6cf6aeba7c421dad25e8c5394684b9 endpoint=orderer3.example.com:7056
[34m2026-10-07 12:59:15.312 UTC 6a0ca INFO[0m [gateway] [34;1mfunc1[0m -> Successful response from orderer txID=5f40145a824daf002ca01fcce003d9e407ae4d82ef13a46961cb61bf6211efc7 endpoint=orderer3.example.com:7056
[34m2026-10-07 12:59:15.313 UTC 6a0cb INFO[0m [gateway] [34;1mfunc1[0m -> Sending transaction to orderer txID=11d3f15e1440ee4bd41bb2e22cfb3cbaa722c2d519109aec41183f26325d3c17 endpoint=orderer4.example.com:7058
[34m2026-10-07 12:59:15.313 UTC 6a0cc INFO[0m [gateway] [34;1mfunc1[0m -> Sending transaction to orderer txID=11d3f15e1440ee4bd41bb2e22cfb3cbaa722c2d519109aec41183f26325d3c17 endpoint=orderer.example.com:7050
[34m2026-10-07 12:59:15.313 UTC 6a0cd INFO[0m [gateway] [34;1mfunc1[0m -> Sending transaction to orderer txID=11d3f15e1440ee4bd41bb2e22cfb3cbaa722c2d519109aec41183f26325d3c17 endpoint=orderer2.example.com:7052
[34m2026-10-07 12:59:15.313 UTC 6a0ce INFO[0m [gateway] [34;1mfunc1[0m -> Sending transaction to orderer txID=11d3f15e1440ee4bd41bb2e22cfb3cbaa722c2d519109aec41183f26325d3c17 endpoint=orderer3.example.com:7056
[34m2026-10-07 12:59:15.314 UTC 6a0cf INFO[0m [gateway] [34;1mfunc1[0m -> Successful response from orderer txID=11d3f15e1440ee4bd41bb2e22cfb3cbaa722c2d519109aec41183f26325d3c17 endpoint=orderer2.example.com:7052
[34m2026-10-07 12:59:15.315 UTC 6a0d0 INFO[0m [gateway] [34;1mfunc1[0m -> Successful response from orderer txID=11d3f15e1440ee4bd41bb2e22cfb3cbaa722c2d519109aec41183f26325d3c17 endpoint=orderer3.example.com:7056
[34m2026-10-07 12:59:15.315 UTC 6a0d1 INFO[0m [gateway] [34;1mfunc1[0m -> Successful response from orderer txID=11d3f15e1440ee4bd41bb2e22cfb3cbaa722c2d519109aec41183f26325d3c17 endpoint=orderer.example.com:7050
[34m2026-10-07 12:59:15.315 UTC 6a0d2 INFO[0m [comm.grpc.server] [34;1m1[0m -> unary call completed grpc.service=gateway.Gateway grpc.method=Submit grpc.request_deadline=2026-10-07T13:00:15.31Z grpc.peer_address=172.18.0.1:47308 grpc.code=OK grpc.call_duration=2.705671ms
[34m2026-10-07 12:59:15.318 UTC 6a0d3 INFO[0m [kvledger] [34;1mcommit[0m -> [mychannel] Committed block [5043] with 10 transaction(s) in 11ms (state_validation=0ms block_and_pvtdata_commit=5ms state_commit=1ms) commitHash=[4ab17301d4ff206be8c2c23f9b9206bb8cb0fa4938c20fba32371d212962e551]
[34m2026-10-07 12:59:15.322 UTC 6a0d4 INFO[0m [comm.grpc.server] [34;1m1[0m -> unary call completed grpc.service=gateway.Gateway grpc.method=CommitStatus grpc.request_deadline=2026-10-07T13:00:15.244Z grpc.peer_address=172.18.0.1:47308 grpc.code=OK grpc.call_duration=77.723264ms
[34m2026-10-07 12:59:15.322 UTC 6a0d5 INFO[0m [comm.grpc.server] [34;1m1[0m -> unary call completed grpc.service=gateway.Gateway grpc.method=CommitStatus grpc.request_deadline=2026-10-07T13:00:15.263Z grpc.peer_address=172.18.0.1:47308 grpc.code=OK grpc.call_duration=52.224486ms
[34m2026-10-07 12:59:15.322 UTC 6a0d6 INFO[0m [comm.grpc.server] [34;1m1[0m -> unary call completed grpc.service=gateway.Gateway grpc.method=CommitStatus grpc.request_deadline=2026-10-07T13:00:15.227Z grpc.peer_address=172.18.0.1:47308 grpc.code=OK grpc.call_duration=95.584011ms
[34m2026-10-07 12:59:15.322 UTC 6a0d7 INFO[0m [comm.grpc.server] [34;1m1[0m -> unary call completed grpc.service=gateway.Gateway grpc.method=CommitStatus grpc.request_deadline=2026-10-07T13:00:15.227Z grpc.peer_address=172.18.0.1:47308 grpc.code=OK grpc.call_duration=86.104262ms
[34m2026-10-07 12:59:15.322 UTC 6a0d8 INFO[0m [comm.grpc.server] [34;1m1[0m -> unary call completed grpc.service=gateway.Gateway grpc.method=CommitStatus grpc.request_deadline=2026-10-07T13:00:15.227Z grpc.peer_address=172.18.0.1:47308 grpc.code=OK grpc.call_duration=86.801471ms
[34m2026-10-07 12:59:15.322 UTC 6a0d9 INFO[0m [comm.grpc.server] [34;1m1[0m -> unary call completed grpc.service=gateway.Gateway grpc.method=CommitStatus grpc.request_deadline=2026-10-07T13:00:15.233Z grpc.peer_address=172.18.0.1:47308 grpc.code=OK grpc.call_duration=87.092917ms
[34m2026-10-07 12:59:15.322 UTC 6a0da INFO[0m [comm.grpc.server] [34;1m1[0m -> unary call completed grpc.service=gateway.Gateway grpc.method=CommitStatus grpc.request_deadline=2026-10-07T13:00:15.227Z grpc.peer_address=172.18.0.1:47308 grpc.code=OK grpc.call_duration=80.154724ms
[34m2026-10-07 12:59:15.322 UTC 6a0db INFO[0m [comm.grpc.server] [34;1m1[0m -> unary call completed grpc.service=gateway.Gateway grpc.method=CommitStatus grpc.request_deadline=2026-10-07T13:00:15.227Z grpc.peer_address=172.18.0.1:47308 grpc.code=OK grpc.call_duration=79.343188ms
[34m2026-10-07 12:59:15.322 UTC 6a0dc INFO[0m [comm.grpc.server] [34;1m1[0m -> unary call completed grpc.service=gateway.Gateway grpc.method=CommitStatus grpc.request_deadline=2026-10-07T13:00:15.284Z grpc.peer_address=172.18.0.1:47308 grpc.code=OK grpc.call_duration=37.961423ms
[34m2026-10-07 12:59:15.322 UTC 6a0dd INFO[0m [comm.grpc.server] [34;1m1[0m -> unary call completed grpc.service=gateway.Gateway grpc.method=CommitStatus grpc.request_deadline=2026-10-07T13:00:15.263Z grpc.peer_address=172.18.0.1:47308 grpc.code=OK grpc.call_duration=54.982425ms
[34m2026-10-07 12:59:15.330 UTC 6a0de INFO[0m [gossip.privdata] [34;1mStoreBlock[0m -> Received block [5044] from buffer channel=mychannel
[34m2026-10-07 12:59:15.330 UTC 6a0df INFO[0m [gateway] [34;1mfunc1[0m -> Successful response from orderer txID=11d3f15e1440ee4bd41bb2e22cfb3cbaa722c2d519109aec41183f26325d3c17 endpoint=orderer4.example.com:7058
[34m2026-10-07 12:59:15.330 UTC 6a0e0 INFO[0m [comm.grpc.server] [34;1m1[0m -> unary call completed grpc.service=gateway.Gateway grpc.method=Endorse grpc.request_deadline=2026-10-07T13:00:15.263Z grpc.peer_address=172.18.0.1:47308 grpc.code=OK grpc.call_duration=59.672759ms
[34m2026-10-07 12:59:15.331 UTC 6a0e1 INFO[0m [gateway] [34;1mfunc1[0m -> Sending transaction to orderer txID=6d93ba1c5416b528d465e24989853440bee68c9185c9c0a19fd729828106b82e endpoint=orderer4.example.com:7058
[34m2026-10-07 12:59:15.332 UTC 6a0e2 INFO[0m [gateway] [34;1mfunc1[0m -> Sending transaction to orderer txID=6d93ba1c5416b528d465e24989853440bee68c9185c9c0a19fd729828106b82e endpoint=orderer2.example.com:7052
[34m2026-10-07 12:59:15.333 UTC 6a0e5 INFO[0m [gateway] [34;1mfunc1[0m -> Successful response from orderer txID=6d93ba1c5416b528d465e24989853440bee68c9185c9c0a19fd729828106b82e endpoint=orderer4.example.com:7058
[34m2026-10-07 12:59:15.332 UTC 6a0e3 INFO[0m [gateway] [34;1mfunc1[0m -> Sending transaction to orderer txID=6d93ba1c5416b528d465e24989853440bee68c9185c9c0a19fd729828106b82e endpoint=orderer.example.com:7050
[34m2026-10-07 12:59:15.332 UTC 6a0e4 INFO[0m [gateway] [34;1mfunc1[0m -> Sending transaction to orderer txID=6d93ba1c5416b528d465e24989853440bee68c9185c9c0a19fd729828106b82e endpoint=orderer3.example.com:7056
[34m2026-10-07 12:59:15.335 UTC 6a0e6 INFO[0m [gateway] [34;1mfunc1[0m -> Successful response from orderer txID=6d93ba1c5416b528d465e24989853440bee68c9185c9c0a19fd729828106b82e endpoint=orderer2.example.com:7052
[34m2026-10-07 12:59:15.337 UTC 6a0e7 INFO[0m [committer.txvalidator] [34;1mValidate[0m -> [mychannel] Validated block [5044] in 4ms
[34m2026-10-07 12:59:15.337 UTC 6a0e8 INFO[0m [gateway] [34;1mfunc1[0m -> Successful response from orderer txID=6d93ba1c5416b528d465e24989853440bee68c9185c9c0a19fd729828106b82e endpoint=orderer3.example.com:7056
[34m2026-10-07 12:59:15.337 UTC 6a0e9 INFO[0m [comm.grpc.server] [34;1m1[0m -> unary call completed grpc.service=gateway.Gateway grpc.method=Submit grpc.request_deadline=2026-10-07T13:00:15.331Z grpc.peer_address=172.18.0.1:47308 grpc.code=OK grpc.call_duration=6.242355ms
[34m2026-10-07 12:59:15.338 UTC 6a0ea INFO[0m [gateway] [34;1mfunc1[0m -> Sending transaction to orderer txID=72903ce3f2dc3729fbe6f887ac9a7f17848fb82aebcb2c742acd3a2f7224de49 endpoint=orderer4.example.com:7058
[34m2026-10-07 12:59:15.338 UTC 6a0eb INFO[0m [gateway] [34;1mfunc1[0m -> Sending transaction to orderer txID=72903ce3f2dc3729fbe6f887ac9a7f17848fb82aebcb2c742acd3a2f7224de49 endpoint=orderer2.example.com:7052
[34m2026-10-07 12:59:15.338 UTC 6a0ec INFO[0m [gateway] [34;1mfunc1[0m -> Sending transaction to orderer txID=72903ce3f2dc3729fbe6f887ac9a7f17848fb82aebcb2c742acd3a2f7224de49 endpoint=orderer.example.com:7050
[34m2026-10-07 12:59:15.338 UTC 6a0ed INFO[0m [gateway] [34;1mfunc1[0m -> Sending transaction to orderer txID=72903ce3f2dc3729fbe6f887ac9a7f17848fb82aebcb2c742acd3a2f7224de49 endpoint=orderer3.example.com:7056
[34m2026-10-07 12:59:15.339 UTC 6a0ee INFO[0m [gateway] [34;1mfunc1[0m -> Successful response from orderer txID=72903ce3f2dc3729fbe6f887ac9a7f17848fb82aebcb2c742acd3a2f7224de49 endpoint=orderer4.example.com:7058
[34m2026-10-07 12:59:15.339 UTC 6a0ef INFO[0m [gateway] [34;1mfunc1[0m -> Successful response from orderer txID=72903ce3f2dc3729fbe6f887ac9a7f17848fb82aebcb2c742acd3a2f7224de49 endpoint=orderer3.example.com:7056
[34m2026-10-07 12:59:15.339 UTC 6a0f0 INFO[0m [gateway] [34;1mfunc1[0m -> Successful response from orderer txID=72903ce3f2dc3729fbe6f887ac9a7f17848fb82aebcb2c742acd3a2f7224de49 endpoint=orderer2.example.com:7052
[34m2026-10-07 12:59:15.339 UTC 6a0f1 INFO[0m [comm.grpc.server] [34;1m1[0m -> unary call completed grpc.service=gateway.Gateway grpc.method=Submit grpc.request_deadline=2026-10-07T13:00:15.337Z grpc.peer_address=172.18.0.1:47308 grpc.code=OK grpc.call_duration=1.989254ms
[34m2026-10-07 12:59:15.341 UTC 6a0f2 INFO[0m [gateway] [34;1mfunc1[0m -> Successful response from orderer txID=6d93ba1c5416b528d465e24989853440bee68c9185c9c0a19fd729828106b82e endpoint=orderer.example.com:7050
[34m2026-10-07 12:59:15.341 UTC 6a0f3 INFO[0m [gateway] [34;1mfunc1[0m -> Successful response from orderer txID=72903ce3f2dc3729fbe6f887ac9a7f17848fb82aebcb2c742acd3a2f7224de49 endpoint=orderer.example.com:7050
[34m2026-10-07 12:59:15.342 UTC 6a0f4 INFO[0m [kvledger] [34;1mcommit[0m -> [mychannel] Committed block [5044] with 10 transaction(s) in 5ms (state_validation=1ms block_and_pvtdata_commit=2ms state_commit=0ms) commitHash=[a69ae182aab5c282398037f3bbf16f35aa262da0bb6f892e7401b12a34eee993]
[34m2026-10-07 12:59:15.343 UTC 6a0f5 INFO[0m [gossip.privdata] [34;1mStoreBlock[0m -> Received block [5045] from buffer channel=mychannel
[34m2026-10-07 12:59:15.343 UTC 6a0f6 INFO[0m [comm.grpc.server] [34;1m1[0m -> unary call completed grpc.service=gateway.Gateway grpc.method=CommitStatus grpc.request_deadline=2026-10-07T13:00:15.331Z grpc.peer_address=172.18.0.1:47308 grpc.code=OK grpc.call_duration=11.050502ms
[34m2026-10-07 12:59:15.343 UTC 6a0f7 INFO[0m [comm.grpc.server] [34;1m1[0m -> unary call completed grpc.service=gateway.Gateway grpc.method=CommitStatus grpc.request_deadline=2026-10-07T13:00:15.295Z grpc.peer_address=172.18.0.1:47308 grpc.code=OK grpc.call_duration=46.535475ms
[34m2026-10-07 12:59:15.343 UTC 6a0f9 INFO[0m [comm.grpc.server] [34;1m1[0m -> unary call completed grpc.service=gateway.Gateway grpc.method=CommitStatus grpc.request_deadline=2026-10-07T13:00:15.295Z grpc.peer_address=172.18.0.1:47308 grpc.code=OK grpc.call_duration=46.162047ms
[34m2026-10-07 12:59:15.343 UTC 6a0fa INFO[0m [comm.grpc.server] [34;1m1[0m -> unary call completed grpc.service=gateway.Gateway grpc.method=CommitStatus grpc.request_deadline=2026-10-07T13:00:15.31Z grpc.peer_address=172.18.0.1:47308 grpc.code=OK grpc.call_duration=28.132943ms
[34m2026-10-07 12:59:15.343 UTC 6a0f8 INFO[0m [comm.grpc.server] [34;1m1[0m -> unary call completed grpc.service=gateway.Gateway grpc.method=CommitStatus grpc.request_deadline=2026-10-07T13:00:15.263Z grpc.peer_address=172.18.0.1:47308 grpc.code=OK grpc.call_duration=76.106085ms
[34m2026-10-07 12:59:15.343 UTC 6a0fb INFO[0m [comm.grpc.server] [34;1m1[0m -> unary call completed grpc.service=gateway.Gateway grpc.method=CommitStatus grpc.request_deadline=2026-10-07T13:00:15.262Z grpc.peer_address=172.18.0.1:47308 grpc.code=OK grpc.call_duration=72.123066ms
[34m2026-10-07 12:59:15.343 UTC 6a0fc INFO[0m [comm.grpc.server] [34;1m1[0m -> unary call completed grpc.service=gateway.Gateway grpc.method=CommitStatus grpc.request_deadline=2026-10-07T13:00:15.31Z grpc.peer_address=172.18.0.1:47308 grpc.code=OK grpc.call_duration=33.209041ms
[34m2026-10-07 12:59:15.343 UTC 6a0fd INFO[0m [comm.grpc.server] [34;1m1[0m -> unary call completed grpc.service=gateway.Gateway grpc.method=CommitStatus grpc.request_deadline=2026-10-07T13:00:15.31Z grpc.peer_address=172.18.0.1:47308 grpc.code=OK grpc.call_duration=30.143608ms
[34m2026-10-07 12:59:15.343 UTC 6a0fe INFO[0m [comm.grpc.server] [34;1m1[0m -> unary call completed grpc.service=gateway.Gateway grpc.method=CommitStatus grpc.request_deadline=2026-10-07T13:00:15.284Z grpc.peer_address=172.18.0.1:47308 grpc.code=OK grpc.call_duration=58.133045ms
[34m2026-10-07 12:59:15.343 UTC 6a0ff INFO[0m [comm.grpc.server] [34;1m1[0m -> unary call completed grpc.service=gateway.Gateway grpc.method=CommitStatus grpc.request_deadline=2026-10-07T13:00:15.284Z grpc.peer_address=172.18.0.1:47308 grpc.code=OK grpc.call_duration=58.404693ms
[34m2026-10-07 12:59:15.344 UTC 6a100 INFO[0m [gateway] [34;1mfunc1[0m -> Sending transaction to orderer txID=bb77dc6a64d822e72945ca2c97b526e609a08eff9d869a3a64e7a805d35f72a1 endpoint=orderer4.example.com:7058
[34m2026-10-07 12:59:15.344 UTC 6a101 INFO[0m [gateway] [34;1mfunc1[0m -> Sending transaction to orderer txID=bb77dc6a64d822e72945ca2c97b526e609a08eff9d869a3a64e7a805d35f72a1 endpoint=orderer.example.com:7050
[34m2026-10-07 12:59:15.344 UTC 6a102 INFO[0m [gateway] [34;1mfunc1[0m -> Sending transaction to orderer txID=bb77dc6a64d822e72945ca2c97b526e609a08eff9d869a3a64e7a805d35f72a1 endpoint=orderer2.example.com:7052
[34m2026-10-07 12:59:15.346 UTC 6a103 INFO[0m [gateway] [34;1mfunc1[0m -> Sending transaction to orderer txID=bb77dc6a64d822e72945ca2c97b526e609a08eff9d869a3a64e7a805d35f72a1 endpoint=orderer3.example.com:7056
[34m2026-10-07 12:59:15.348 UTC 6a104 INFO[0m [gateway] [34;1mfunc1[0m -> Successful response from orderer txID=bb77dc6a64d822e72945ca2c97b526e609a08eff9d869a3a64e7a805d35f72a1 endpoint=orderer3.example.com:7056
[34m2026-10-07 12:59:15.348 UTC 6a105 INFO[0m [gateway] [34;1mfunc1[0m -> Successful response from orderer txID=bb77dc6a64d822e72945ca2c97b526e609a08eff9d869a3a64e7a805d35f72a1 endpoint=orderer2.example.com:7052
[34m2026-10-07 12:59:15.348 UTC 6a106 INFO[0m [gateway] [34;1mfunc1[0m -> Successful response from orderer txID=bb77dc6a64d822e72945ca2c97b526e609a08eff9d869a3a64e7a805d35f72a1 endpoint=orderer4.example.com:7058
[34m2026-10-07 12:59:15.348 UTC 6a107 INFO[0m [comm.grpc.server] [34;1m1[0m -> unary call completed grpc.service=gateway.Gateway grpc.method=Submit grpc.request_deadline=2026-10-07T13:00:15.343Z grpc.peer_address=172.18.0.1:47308 grpc.code=OK grpc.call_duration=4.148859ms
[34m2026-10-07 12:59:15.349 UTC 6a108 INFO[0m [gateway] [34;1mfunc1[0m -> Successful response from orderer txID=bb77dc6a64d822e72945ca2c97b526e609a08eff9d869a3a64e7a805d35f72a1 endpoint=orderer.example.com:7050
[34m2026-10-07 12:59:15.350 UTC 6a109 INFO[0m [committer.txvalidator] [34;1mValidate[0m -> [mychannel] Validated block [5045] in 6ms
[34m2026-10-07 12:59:15.353 UTC 6a10a INFO[0m [kvledger] [34;1mcommit[0m -> [mychannel] Committed block [5045] with 10 transaction(s) in 2ms (state_validation=0ms block_and_pvtdata_commit=1ms state_commit=0ms) commitHash=[64f54d72e6b4ae05b4cfc6dd6ca1d51e1e76611da10a51647d5639e965582614]
[34m2026-10-07 12:59:15.353 UTC 6a10b INFO[0m [comm.grpc.server] [34;1m1[0m -> unary call completed grpc.service=gateway.Gateway grpc.method=CommitStatus grpc.request_deadline=2026-10-07T13:00:15.34Z grpc.peer_address=172.18.0.1:47308 grpc.code=OK grpc.call_duration=12.099971ms
[34m2026-10-07 12:59:15.353 UTC 6a10c INFO[0m [comm.grpc.server] [34;1m1[0m -> unary call completed grpc.service=gateway.Gateway grpc.method=CommitStatus grpc.request_deadline=2026-10-07T13:00:15.331Z grpc.peer_address=172.18.0.1:47308 grpc.code=OK grpc.call_duration=21.059803ms
[34m2026-10-07 12:59:15.353 UTC 6a10d INFO[0m [comm.grpc.server] [34;1m1[0m -> unary call completed grpc.service=gateway.Gateway grpc.method=CommitStatus grpc.request_deadline=2026-10-07T13:00:15.331Z grpc.peer_address=172.18.0.1:47308 grpc.code=OK grpc.call_duration=21.36551ms
[34m2026-10-07 12:59:15.353 UTC 6a10e INFO[0m [comm.grpc.server] [34;1m1[0m -> unary call completed grpc.service=gateway.Gateway grpc.method=CommitStatus grpc.request_deadline=2026-10-07T13:00:15.331Z grpc.peer_address=172.18.0.1:47308 grpc.code=OK grpc.call_duration=21.469898ms
[34m2026-10-07 12:59:15.353 UTC 6a10f INFO[0m [comm.grpc.server] [34;1m1[0m -> unary call completed grpc.service=gateway.Gateway grpc.method=CommitStatus grpc.request_deadline=2026-10-07T13:00:15.337Z grpc.peer_address=172.18.0.1:47308 grpc.code=OK grpc.call_duration=15.156178ms
[34m2026-10-07 12:59:15.353 UTC 6a110 INFO[0m [comm.grpc.server] [34;1m1[0m -> unary call completed grpc.service=gateway.Gateway grpc.method=CommitStatus grpc.request_deadline=2026-10-07T13:00:15.337Z grpc.peer_address=172.18.0.1:47308 grpc.code=OK grpc.call_duration=15.374836ms
[34m2026-10-07 12:59:15.353 UTC 6a111 INFO[0m [comm.grpc.server] [34;1m1[0m -> unary call completed grpc.service=gateway.Gateway grpc.method=CommitStatus grpc.request_deadline=2026-10-07T13:00:15.331Z grpc.peer_address=172.18.0.1:47308 grpc.code=OK grpc.call_duration=21.63851ms
[34m2026-10-07 12:59:15.353 UTC 6a112 INFO[0m [comm.grpc.server] [34;1m1[0m -> unary call completed grpc.service=gateway.Gateway grpc.method=CommitStatus grpc.request_deadline=2026-10-07T13:00:15.33Z grpc.peer_address=172.18.0.1:47308 grpc.code=OK grpc.call_duration=21.137588ms
[34m2026-10-07 12:59:15.353 UTC 6a113 INFO[0m [comm.grpc.server] [34;1m1[0m -> unary call completed grpc.service=gateway.Gateway grpc.method=CommitStatus grpc.request_deadline=2026-10-07T13:00:15.337Z grpc.peer_address=172.18.0.1:47308 grpc.code=OK grpc.call_duration=15.584958ms
[34m2026-10-07 12:59:15.353 UTC 6a114 INFO[0m [comm.grpc.server] [34;1m1[0m -> unary call completed grpc.service=gateway.Gateway grpc.method=CommitStatus grpc.request_deadline=2026-10-07T13:00:15.337Z grpc.peer_address=172.18.0.1:47308 grpc.code=OK grpc.call_duration=15.296396ms
[34m2026-10-07 12:59:15.387 UTC 6a115 INFO[0m [gossip.privdata] [34;1mStoreBlock[0m -> Received block [5046] from buffer channel=mychannel
[34m2026-10-07 12:59:15.389 UTC 6a116 INFO[0m [committer.txvalidator] [34;1mValidate[0m -> [mychannel] Validated block [5046] in 2ms
[34m2026-10-07 12:59:15.391 UTC 6a117 INFO[0m [kvledger] [34;1mcommit[0m -> [mychannel] Committed block [5046] with 3 transaction(s) in 2ms (state_validation=0ms block_and_pvtdata_commit=1ms state_commit=0ms) commitHash=[af5073913ff71f2bf32ce0c82a0ae1a36894db1a2f153c50cb66d7bd495e0e89]
[34m2026-10-07 12:59:15.391 UTC 6a118 INFO[0m [comm.grpc.server] [34;1m1[0m -> unary call completed grpc.service=gateway.Gateway grpc.method=CommitStatus grpc.request_deadline=2026-10-07T13:00:15.352Z grpc.peer_address=172.18.0.1:47308 grpc.code=OK grpc.call_duration=38.332553ms
[34m2026-10-07 12:59:15.391 UTC 6a119 INFO[0m [comm.grpc.server] [34;1m1[0m -> unary call completed grpc.service=gateway.Gateway grpc.method=CommitStatus grpc.request_deadline=2026-10-07T13:00:15.345Z grpc.peer_address=172.18.0.1:47308 grpc.code=OK grpc.call_duration=46.630129ms
[34m2026-10-07 12:59:15.391 UTC 6a11a INFO[0m [comm.grpc.server] [34;1m1[0m -> unary call completed grpc.service=gateway.Gateway grpc.method=CommitStatus grpc.request_deadline=2026-10-07T13:00:15.343Z grpc.peer_address=172.18.0.1:47308 grpc.code=OK grpc.call_duration=46.940872ms
[34m2026-10-07 12:59:16.467 UTC 6a11b INFO[0m [grpc] [34;1mInfof[0m -> [transport] [server-transport 0xc0056b2680] Closing: EOF
[34m2026-10-07 12:59:16.467 UTC 6a11c INFO[0m [grpc] [34;1mInfof[0m -> [transport] [server-transport 0xc0056b2680] loopyWriter exiting with error: transport closed by client
