    }
  ],
  "Endpoints": [
    {
      "Addresses": [
        {
          "Addr": "orderer.example.com:7050",
          "ServerName": "",
          "Attributes": null,
          "BalancerAttributes": null,
          "Metadata": null
        }
      ],
      "Attributes": null
    }
  ],
  "ServiceConfig": null,
  "Attributes": null
}
[34m2026-10-08 04:25:37.550 UTC 0734 INFO[0m [grpc] [34;1mAddTraceEvent[0m -> [core] [Channel #408 SubChannel #409]Subchannel created
[34m2026-10-08 04:25:37.550 UTC 0735 INFO[0m [grpc] [34;1mAddTraceEvent[0m -> [core] [Channel #408]Channel Connectivity change to CONNECTING
[34m2026-10-08 04:25:37.550 UTC 0736 INFO[0m [grpc] [34;1mAddTraceEvent[0m -> [core] [Channel #408]Channel exiting idle mode
[34m2026-10-08 04:25:37.550 UTC 0737 INFO[0m [grpc] [34;1mAddTraceEvent[0m -> [core] [Channel #408 SubChannel #409]Subchannel Connectivity change to CONNECTING
[34m2026-10-08 04:25:37.550 UTC 0738 INFO[0m [grpc] [34;1mAddTraceEvent[0m -> [core] [Channel #408 SubChannel #409]Subchannel picks a new address "orderer.example.com:7050" to connect
[34m2026-10-08 04:25:37.550 UTC 0739 INFO[0m [grpc] [34;1mInfof[0m -> [pick-first-lb] [pick-first-lb 0xc00390e360] Received SubConn state update: 0xc00390e480, {ConnectivityState:CONNECTING ConnectionError:<nil> connectedAddress:{Addr: ServerName: Attributes:<nil> BalancerAttributes:<nil> Metadata:<nil>}}
[34m2026-10-08 04:25:37.553 UTC 073a INFO[0m [grpc] [34;1mAddTraceEvent[0m -> [core] [Channel #408 SubChannel #409]Subchannel Connectivity change to READY
[34m2026-10-08 04:25:37.553 UTC 073b INFO[0m [grpc] [34;1mInfof[0m -> [pick-first-lb] [pick-first-lb 0xc00390e360] Received SubConn state update: 0xc00390e480, {ConnectivityState:READY ConnectionError:<nil> connectedAddress:{Addr:orderer.example.com:7050 ServerName:orderer.example.com:7050 Attributes:<nil> BalancerAttributes:<nil> Metadata:<nil>}}
[34m2026-10-08 04:25:37.553 UTC 073c INFO[0m [grpc] [34;1mAddTraceEvent[0m -> [core] [Channel #408]Channel Connectivity change to READY
[34m2026-10-08 04:25:37.553 UTC 073d INFO[0m [peer.blocksprovider] [34;1mStart[0m -> BlockReceiver starting channel=mychannel orderer-address=orderer.example.com:7050
[33m2026-10-08 04:25:37.553 UTC 073e WARN[0m [peer.blocksprovider] [33;1mfunc1[0m -> Encountered an error reading from deliver stream: EOF channel=mychannel orderer-address=orderer.example.com:7050
[33m2026-10-08 04:25:37.553 UTC 073f WARN[0m [peer.blocksprovider] [33;1mProcessIncoming[0m -> Got error while attempting to receive blocks: received bad status SERVICE_UNAVAILABLE from orderer channel=mychannel orderer-address=orderer.example.com:7050
[34m2026-10-08 04:25:37.553 UTC 0740 INFO[0m [grpc] [34;1mAddTraceEvent[0m -> [core] [Channel #408]Channel Connectivity change to SHUTDOWN
[34m2026-10-08 04:25:37.553 UTC 0741 INFO[0m [grpc] [34;1mAddTraceEvent[0m -> [core] [Channel #408]Closing the name resolver
[34m2026-10-08 04:25:37.553 UTC 0742 INFO[0m [grpc] [34;1mAddTraceEvent[0m -> [core] [Channel #408]ccBalancerWrapper: closing
[34m2026-10-08 04:25:37.553 UTC 0743 INFO[0m [grpc] [34;1mAddTraceEvent[0m -> [core] [Channel #408 SubChannel #409]Subchannel Connectivity change to SHUTDOWN
[34m2026-10-08 04:25:37.553 UTC 0744 INFO[0m [grpc] [34;1mAddTraceEvent[0m -> [core] [Channel #408 SubChannel #409]Subchannel deleted
[34m2026-10-08 04:25:37.553 UTC 0745 INFO[0m [grpc] [34;1mInfof[0m -> [transport] [client-transport 0xc0036a0fc8] Closing: rpc error: code = Canceled desc = grpc: the client connection is closing
[34m2026-10-08 04:25:37.554 UTC 0746 INFO[0m [grpc] [34;1mInfof[0m -> [transport] [client-transport 0xc0036a0fc8] loopyWriter exiting with error: rpc error: code = Canceled desc = grpc: the client connection is closing
[34m2026-10-08 04:25:37.554 UTC 0747 INFO[0m [grpc] [34;1mAddTraceEvent[0m -> [core] [Channel #408]Channel deleted
[33m2026-10-08 04:25:37.554 UTC 0748 WARN[0m [peer.blocksprovider] [33;1mDeliverBlocks[0m -> Failure in processing incoming messages: got error while attempting to receive blocks from orderer `orderer.example.com:7050`: received bad status SERVICE_UNAVAILABLE from orderer channel=mychannel
[33m2026-10-08 04:25:37.554 UTC 0749 WARN[0m [peer.blocksprovider] [33;1mDeliverBlocks[0m -> Disconnected from ordering service. Attempt to re-connect in 1.54s, totalDuration is 8.736s channel=mychannel
[34m2026-10-08 04:25:37.597 UTC 074a INFO[0m [endorser] [34;1mcallChaincode[0m -> finished chaincode: bzt duration: 2ms channel=mychannel txID=0297af65
[34m2026-10-08 04:25:37.597 UTC 074b INFO[0m [comm.grpc.server] [34;1m1[0m -> unary call completed grpc.service=protos.Endorser grpc.method=ProcessProposal grpc.peer_address=172.18.0.1:57402 grpc.code=OK grpc.call_duration=3.170144ms
[34m2026-10-08 04:25:37.601 UTC 074c INFO[0m [grpc] [34;1mInfof[0m -> [transport] [server-transport 0xc001fc4ea0] Closing: EOF
[34m2026-10-08 04:25:37.601 UTC 074d INFO[0m [grpc] [34;1mInfof[0m -> [transport] [server-transport 0xc001fc5040] Closing: EOF
[34m2026-10-08 04:25:37.601 UTC 074e INFO[0m [grpc] [34;1mInfof[0m -> [transport] [server-transport 0xc001fc4ea0] loopyWriter exiting with error: transport closed by client
[34m2026-10-08 04:25:37.602 UTC 074f INFO[0m [grpc] [34;1mInfof[0m -> [transport] [server-transport 0xc001fc5040] loopyWriter exiting with error: transport closed by client
[34m2026-10-08 04:25:37.602 UTC 0750 INFO[0m [comm.grpc.server] [34;1m1[0m -> streaming call completed grpc.service=protos.Deliver grpc.method=DeliverFiltered grpc.request_deadline=2026-10-08T04:26:02.598Z grpc.peer_address=172.18.0.1:57414 error="context finished before block retrieved: context canceled" grpc.code=Unknown grpc.call_duration=3.262832ms
[34m2026-10-08 04:25:37.652 UTC 0751 INFO[0m [endorser] [34;1mcallChaincode[0m -> finished chaincode: bzt duration: 2ms channel=mychannel txID=5c675d0b
[34m2026-10-08 04:25:37.652 UTC 0752 INFO[0m [comm.grpc.server] [34;1m1[0m -> unary call completed grpc.service=protos.Endorser grpc.method=ProcessProposal grpc.peer_address=172.18.0.1:57428 grpc.code=OK grpc.call_duration=3.271386ms
[34m2026-10-08 04:25:37.654 UTC 0753 INFO[0m [comm.grpc.server] [34;1m1[0m -> streaming call completed grpc.service=protos.Deliver grpc.method=DeliverFiltered grpc.request_deadline=2026-10-08T04:26:02.653Z grpc.peer_address=172.18.0.1:57430 error="context finished before block retrieved: context canceled" grpc.code=Unknown grpc.call_duration=1.183289ms
[34m2026-10-08 04:25:37.655 UTC 0754 INFO[0m [grpc] [34;1mInfof[0m -> [transport] [server-transport 0xc003e57380] Closing: EOF
[34m2026-10-08 04:25:37.655 UTC 0755 INFO[0m [grpc] [34;1mInfof[0m -> [transport] [server-transport 0xc003e57520] Closing: EOF
[34m2026-10-08 04:25:37.655 UTC 0756 INFO[0m [grpc] [34;1mInfof[0m -> [transport] [server-transport 0xc003e57380] loopyWriter exiting with error: transport closed by client
[34m2026-10-08 04:25:37.655 UTC 0757 INFO[0m [grpc] [34;1mInfof[0m -> [transport] [server-transport 0xc003e57520] loopyWriter exiting with error: transport closed by client
[34m2026-10-08 04:25:37.705 UTC 0758 INFO[0m [endorser] [34;1mcallChaincode[0m -> finished chaincode: bzt duration: 3ms channel=mychannel txID=3e1367ad
[34m2026-10-08 04:25:37.706 UTC 0759 INFO[0m [comm.grpc.server] [34;1m1[0m -> unary call completed grpc.service=protos.Endorser grpc.method=ProcessProposal grpc.peer_address=172.18.0.1:57438 grpc.code=OK grpc.call_duration=3.839047ms
[34m2026-10-08 04:25:37.710 UTC 075a INFO[0m [comm.grpc.server] [34;1m1[0m -> streaming call completed grpc.service=protos.Deliver grpc.method=DeliverFiltered grpc.request_deadline=2026-10-08T04:26:02.708Z grpc.peer_address=172.18.0.1:57448 error="context finished before block retrieved: context canceled" grpc.code=Unknown grpc.call_duration=1.355541ms
[34m2026-10-08 04:25:37.711 UTC 075b INFO[0m [grpc] [34;1mInfof[0m -> [transport] [server-transport 0xc004f22d00] Closing: EOF
[34m2026-10-08 04:25:37.711 UTC 075c INFO[0m [grpc] [34;1mInfof[0m -> [transport] [server-transport 0xc003651d40] Closing: EOF
[34m2026-10-08 04:25:37.711 UTC 075d INFO[0m [grpc] [34;1mInfof[0m -> [transport] [server-transport 0xc003651d40] loopyWriter exiting with error: transport closed by client
[34m2026-10-08 04:25:37.711 UTC 075e INFO[0m [grpc] [34;1mInfof[0m -> [transport] [server-transport 0xc004f22d00] loopyWriter exiting with error: transport closed by client
[34m2026-10-08 04:25:37.758 UTC 075f INFO[0m [endorser] [34;1mcallChaincode[0m -> finished chaincode: bzt duration: 2ms channel=mychannel txID=d7256f94
[34m2026-10-08 04:25:37.758 UTC 0760 INFO[0m [comm.grpc.server] [34;1m1[0m -> unary call completed grpc.service=protos.Endorser grpc.method=ProcessProposal grpc.peer_address=172.18.0.1:57468 grpc.code=OK grpc.call_duration=3.304301ms
[34m2026-10-08 04:25:37.760 UTC 0761 INFO[0m [comm.grpc.server] [34;1m1[0m -> streaming call completed grpc.service=protos.Deliver grpc.method=DeliverFiltered grpc.request_deadline=2026-10-08T04:26:02.759Z grpc.peer_address=172.18.0.1:57482 error="context finished before block retrieved: context canceled" grpc.code=Unknown grpc.call_duration=1.342271ms
[34m2026-10-08 04:25:37.761 UTC 0762 INFO[0m [grpc] [34;1mInfof[0m -> [transport] [server-transport 0xc004f22ea0] Closing: EOF
[34m2026-10-08 04:25:37.762 UTC 0763 INFO[0m [grpc] [34;1mInfof[0m -> [transport] [server-transport 0xc004f22ea0] loopyWriter exiting with error: transport closed by client
[34m2026-10-08 04:25:37.762 UTC 0764 INFO[0m [grpc] [34;1mInfof[0m -> [transport] [server-transport 0xc003e576c0] Closing: EOF
[34m2026-10-08 04:25:37.762 UTC 0765 INFO[0m [grpc] [34;1mInfof[0m -> [transport] [server-transport 0xc003e576c0] loopyWriter exiting with error: transport closed by client
[34m2026-10-08 04:25:37.811 UTC 0766 INFO[0m [endorser] [34;1mcallChaincode[0m -> finished chaincode: bzt duration: 2ms channel=mychannel txID=e18fc73b
[34m2026-10-08 04:25:37.811 UTC 0767 INFO[0m [comm.grpc.server] [34;1m1[0m -> unary call completed grpc.service=protos.Endorser grpc.method=ProcessProposal grpc.peer_address=172.18.0.1:57492 grpc.code=OK grpc.call_duration=3.319118ms
[34m2026-10-08 04:25:39.095 UTC 0768 INFO[0m [grpc] [34;1mInfof[0m -> [core] original dial target is: "orderer.example.com:7050"
[34m2026-10-08 04:25:39.095 UTC 0769 INFO[0m [grpc] [34;1mAddTraceEvent[0m -> [core] [Channel #421]Channel created
[34m2026-10-08 04:25:39.095 UTC 076a INFO[0m [grpc] [34;1mAddTraceEvent[0m -> [core] [Channel #421]parsed dial target is: resolver.Target{URL:url.URL{Scheme:"passthrough", Opaque:"", User:(*url.Userinfo)(nil), Host:"", Path:"/orderer.example.com:7050", RawPath:"", OmitHost:false, ForceQuery:false, RawQuery:"", Fragment:"", RawFragment:""}}
[34m2026-10-08 04:25:39.095 UTC 076b INFO[0m [grpc] [34;1mAddTraceEvent[0m -> [core] [Channel #421]Channel authority set to "orderer.example.com:7050"
[34m2026-10-08 04:25:39.095 UTC 076c INFO[0m [grpc] [34;1mAddTraceEvent[0m -> [core] [Channel #421]Resolver state updated: {
  "Addresses": [
    {
      "Addr": "orderer.example.com:7050",
      "ServerName": "",
      "Attributes": null,
      "BalancerAttributes": null,
      "Metadata": null
    }
  ],
  "Endpoints": [
    {
      "Addresses": [
        {
          "Addr": "orderer.example.com:7050",
          "ServerName": "",
          "Attributes": null,
          "BalancerAttributes": null,
          "Metadata": null
        }
      ],
      "Attributes": null
    }
  ],
  "ServiceConfig": null,
  "Attributes": null
} (resolver returned new addresses)
[34m2026-10-08 04:25:39.095 UTC 076d INFO[0m [grpc] [34;1mAddTraceEvent[0m -> [core] [Channel #421]Channel switches to new LB policy "pick_first"
[34m2026-10-08 04:25:39.095 UTC 076e INFO[0m [grpc] [34;1mInfof[0m -> [pick-first-lb] [pick-first-lb 0xc003b05470] Received new config {
  "shuffleAddressList": false
}, resolver state {
  "Addresses": [
    {
      "Addr": "orderer.example.com:7050",
      "ServerName": "",
      "Attributes": null,
      "BalancerAttributes": null,
      "Metadata": null
    }
  ],
  "Endpoints": [
    {
      "Addresses": [
        {
          "Addr": "orderer.example.com:7050",
          "ServerName": "",
          "Attributes": null,
          "BalancerAttributes": null,
          "Metadata": null
        }
      ],
      "Attributes": null
    }
  ],
  "ServiceConfig": null,
  "Attributes": null
}
[34m2026-10-08 04:25:39.095 UTC 076f INFO[0m [grpc] [34;1mAddTraceEvent[0m -> [core] [Channel #421 SubChannel #422]Subchannel created
[34m2026-10-08 04:25:39.095 UTC 0770 INFO[0m [grpc] [34;1mAddTraceEvent[0m -> [core] [Channel #421]Channel Connectivity change to CONNECTING
[34m2026-10-08 04:25:39.095 UTC 0771 INFO[0m [grpc] [34;1mAddTraceEvent[0m -> [core] [Channel #421]Channel exiting idle mode
[34m2026-10-08 04:25:39.095 UTC 0772 INFO[0m [grpc] [34;1mAddTraceEvent[0m -> [core] [Channel #421 SubChannel #422]Subchannel Connectivity change to CONNECTING
[34m2026-10-08 04:25:39.096 UTC 0773 INFO[0m [grpc] [34;1mInfof[0m -> [pick-first-lb] [pick-first-lb 0xc003b05470] Received SubConn state update: 0xc003b05590, {ConnectivityState:CONNECTING ConnectionError:<nil> connectedAddress:{Addr: ServerName: Attributes:<nil> BalancerAttributes:<nil> Metadata:<nil>}}
[34m2026-10-08 04:25:39.095 UTC 0774 INFO[0m [grpc] [34;1mAddTraceEvent[0m -> [core] [Channel #421 SubChannel #422]Subchannel picks a new address "orderer.example.com:7050" to connect
[34m2026-10-08 04:25:39.098 UTC 0775 INFO[0m [grpc] [34;1mAddTraceEvent[0m -> [core] [Channel #421 SubChannel #422]Subchannel Connectivity change to READY
[34m2026-10-08 04:25:39.098 UTC 0776 INFO[0m [grpc] [34;1mInfof[0m -> [pick-first-lb] [pick-first-lb 0xc003b05470] Received SubConn state update: 0xc003b05590, {ConnectivityState:READY ConnectionError:<nil> connectedAddress:{Addr:orderer.example.com:7050 ServerName:orderer.example.com:7050 Attributes:<nil> BalancerAttributes:<nil> Metadata:<nil>}}
[34m2026-10-08 04:25:39.098 UTC 0777 INFO[0m [grpc] [34;1mAddTraceEvent[0m -> [core] [Channel #421]Channel Connectivity change to READY
[34m2026-10-08 04:25:39.098 UTC 0778 INFO[0m [peer.blocksprovider] [34;1mStart[0m -> BlockReceiver starting channel=mychannel orderer-address=orderer.example.com:7050
[34m2026-10-08 04:25:39.099 UTC 0779 INFO[0m [gossip.privdata] [34;1mStoreBlock[0m -> Received block [21] from buffer channel=mychannel
[34m2026-10-08 04:25:39.100 UTC 077a INFO[0m [committer.txvalidator] [34;1mValidate[0m -> [mychannel] Validated block [21] in 0ms
[34m2026-10-08 04:25:39.102 UTC 077b INFO[0m [kvledger] [34;1mcommit[0m -> [mychannel] Committed block [21] with 1 transaction(s) in 2ms (state_validation=0ms block_and_pvtdata_commit=1ms state_commit=0ms) commitHash=[f3bcc23dceaf0ebc7e0b7952cebd149a77dfd4afe5b0fbb71d4e5c5f33df5045]
[34m2026-10-08 04:25:39.103 UTC 077c INFO[0m [comm.grpc.server] [34;1m1[0m -> streaming call completed grpc.service=protos.Deliver grpc.method=DeliverFiltered grpc.request_deadline=2026-10-08T04:26:02.812Z grpc.peer_address=172.18.0.1:57498 error="context finished before block retrieved: context canceled" grpc.code=Unknown grpc.call_duration=1.290594583s
[34m2026-10-08 04:25:39.104 UTC 077d INFO[0m [grpc] [34;1mInfof[0m -> [transport] [server-transport 0xc001fc5380] Closing: EOF
[34m2026-10-08 04:25:39.104 UTC 077e INFO[0m [grpc] [34;1mInfof[0m -> [transport] [server-transport 0xc001fc5520] Closing: EOF
[34m2026-10-08 04:25:39.104 UTC 077f INFO[0m [grpc] [34;1mInfof[0m -> [transport] [server-transport 0xc001fc5520] loopyWriter exiting with error: transport closed by client
[34m2026-10-08 04:25:39.104 UTC 0780 INFO[0m [grpc] [34;1mInfof[0m -> [transport] [server-transport 0xc001fc5380] loopyWriter exiting with error: transport closed by client
[34m2026-10-08 04:25:39.161 UTC 0781 INFO[0m [endorser] [34;1mcallChaincode[0m -> finished chaincode: bzt duration: 2ms channel=mychannel txID=bd8cf49b
[34m2026-10-08 04:25:39.161 UTC 0782 INFO[0m [comm.grpc.server] [34;1m1[0m -> unary call completed grpc.service=protos.Endorser grpc.method=ProcessProposal grpc.peer_address=172.18.0.1:57506 grpc.code=OK grpc.call_duration=3.768176ms
[34m2026-10-08 04:25:39.367 UTC 0783 INFO[0m [gossip.privdata] [34;1mStoreBlock[0m -> Received block [22] from buffer channel=mychannel
[34m2026-10-08 04:25:39.368 UTC 0784 INFO[0m [committer.txvalidator] [34;1mValidate[0m -> [mychannel] Validated block [22] in 0ms
[34m2026-10-08 04:25:39.370 UTC 0785 INFO[0m [kvledger] [34;1mcommit[0m -> [mychannel] Committed block [22] with 1 transaction(s) in 1ms (state_validation=0ms block_and_pvtdata_commit=1ms state_commit=0ms) commitHash=[93b5b66d27470ed9de625ca730b09a4c8f56830018c101c817b8c1a3ed2a9685]
[34m2026-10-08 04:25:39.371 UTC 0786 INFO[0m [comm.grpc.server] [34;1m1[0m -> streaming call completed grpc.service=protos.Deliver grpc.method=DeliverFiltered grpc.request_deadline=2026-10-08T04:26:04.163Z grpc.peer_address=172.18.0.1:57510 error="context finished before block retrieved: context canceled" grpc.code=Unknown grpc.call_duration=207.730572ms
[34m2026-10-08 04:25:39.372 UTC 0787 INFO[0m [grpc] [34;1mInfof[0m -> [transport] [server-transport 0xc001fc56c0] Closing: EOF
[34m2026-10-08 04:25:39.372 UTC 0788 INFO[0m [grpc] [34;1mInfof[0m -> [transport] [server-transport 0xc003e57a00] Closing: EOF
[34m2026-10-08 04:25:39.372 UTC 0789 INFO[0m [grpc] [34;1mInfof[0m -> [transport] [server-transport 0xc001fc56c0] loopyWriter exiting with error: transport closed by client
[34m2026-10-08 04:25:39.372 UTC 078a INFO[0m [grpc] [34;1mInfof[0m -> [transport] [server-transport 0xc003e57a00] loopyWriter exiting with error: transport closed by client
[34m2026-10-08 04:25:39.426 UTC 078b INFO[0m [endorser] [34;1mcallChaincode[0m -> finished chaincode: bzt duration: 2ms channel=mychannel txID=d1ba1a7e
[34m2026-10-08 04:25:39.426 UTC 078c INFO[0m [comm.grpc.server] [34;1m1[0m -> unary call completed grpc.service=protos.Endorser grpc.method=ProcessProposal grpc.peer_address=172.18.0.1:57512 grpc.code=OK grpc.call_duration=3.366122ms
[34m2026-10-08 04:25:39.630 UTC 078d INFO[0m [gossip.privdata] [34;1mStoreBlock[0m -> Received block [23] from buffer channel=mychannel
[34m2026-10-08 04:25:39.631 UTC 078e INFO[0m [committer.txvalidator] [34;1mValidate[0m -> [mychannel] Validated block [23] in 0ms
[34m2026-10-08 04:25:39.633 UTC 078f INFO[0m [kvledger] [34;1mcommit[0m -> [mychannel] Committed block [23] with 1 transaction(s) in 1ms (state_validation=0ms block_and_pvtdata_commit=1ms state_commit=0ms) commitHash=[6ac39b36812947fa21352c543645cdb89abc2707d91294bdfbc5e8f45afcb0ca]
[34m2026-10-08 04:25:39.634 UTC 0790 INFO[0m [comm.grpc.server] [34;1m1[0m -> streaming call completed grpc.service=protos.Deliver grpc.method=DeliverFiltered grpc.request_deadline=2026-10-08T04:26:04.427Z grpc.peer_address=172.18.0.1:57524 error="context finished before block retrieved: context canceled" grpc.code=Unknown grpc.call_duration=206.93285ms
[34m2026-10-08 04:25:39.635 UTC 0791 INFO[0m [grpc] [34;1mInfof[0m -> [transport] [server-transport 0xc001fc5860] Closing: EOF
[34m2026-10-08 04:25:39.635 UTC 0792 INFO[0m [grpc] [34;1mInfof[0m -> [transport] [server-transport 0xc003e57ba0] Closing: EOF
[34m2026-10-08 04:25:39.635 UTC 0793 INFO[0m [grpc] [34;1mInfof[0m -> [transport] [server-transport 0xc003e57ba0] loopyWriter exiting with error: transport closed by client
[34m2026-10-08 04:25:39.635 UTC 0794 INFO[0m [grpc] [34;1mInfof[0m -> [transport] [server-transport 0xc001fc5860] loopyWriter exiting with error: transport closed by client
[34m2026-10-08 04:25:39.688 UTC 0795 INFO[0m [endorser] [34;1mcallChaincode[0m -> finished chaincode: bzt duration: 2ms channel=mychannel txID=bed16178
[34m2026-10-08 04:25:39.688 UTC 0796 INFO[0m [comm.grpc.server] [34;1m1[0m -> unary call completed grpc.service=protos.Endorser grpc.method=ProcessProposal grpc.peer_address=172.18.0.1:57534 grpc.code=OK grpc.call_duration=3.751678ms
[34m2026-10-08 04:25:39.892 UTC 0797 INFO[0m [gossip.privdata] [34;1mStoreBlock[0m -> Received block [24] from buffer channel=mychannel
[34m2026-10-08 04:25:39.893 UTC 0798 INFO[0m [committer.txvalidator] [34;1mValidate[0m -> [mychannel] Validated block [24] in 0ms
[34m2026-10-08 04:25:39.895 UTC 0799 INFO[0m [kvledger] [34;1mcommit[0m -> [mychannel] Committed block [24] with 1 transaction(s) in 1ms (state_validation=0ms block_and_pvtdata_commit=1ms state_commit=0ms) commitHash=[21ea28ba6f729b716913bfa3f57098e228f0df2c38d61362af274ebf0e505642]
[34m2026-10-08 04:25:39.896 UTC 079a INFO[0m [comm.grpc.server] [34;1m1[0m -> streaming call completed grpc.service=protos.Deliver grpc.method=DeliverFiltered grpc.request_deadline=2026-10-08T04:26:04.688Z grpc.peer_address=172.18.0.1:57540 error="context finished before block retrieved: context canceled" grpc.code=Unknown grpc.call_duration=207.117182ms
[34m2026-10-08 04:25:39.897 UTC 079b INFO[0m [grpc] [34;1mInfof[0m -> [transport] [server-transport 0xc00034e680] Closing: EOF
[34m2026-10-08 04:25:39.897 UTC 079c INFO[0m [grpc] [34;1mInfof[0m -> [transport] [server-transport 0xc001fc5a00] Closing: EOF
[34m2026-10-08 04:25:39.897 UTC 079d INFO[0m [grpc] [34;1mInfof[0m -> [transport] [server-transport 0xc00034e680] loopyWriter exiting with error: transport closed by client
[34m2026-10-08 04:25:39.897 UTC 079e INFO[0m [grpc] [34;1mInfof[0m -> [transport] [server-transport 0xc001fc5a00] loopyWriter exiting with error: transport closed by client
[34m2026-10-08 04:25:39.951 UTC 079f INFO[0m [endorser] [34;1mcallChaincode[0m -> finished chaincode: bzt duration: 3ms channel=mychannel txID=762a2036
[34m2026-10-08 04:25:39.951 UTC 07a0 INFO[0m [comm.grpc.server] [34;1m1[0m -> unary call completed grpc.service=protos.Endorser grpc.method=ProcessProposal grpc.peer_address=172.18.0.1:57544 grpc.code=OK grpc.call_duration=4.174657ms
[34m2026-10-08 04:25:40.156 UTC 07a1 INFO[0m [gossip.privdata] [34;1mStoreBlock[0m -> Received block [25] from buffer channel=mychannel
[34m2026-10-08 04:25:40.157 UTC 07a2 INFO[0m [committer.txvalidator] [34;1mValidate[0m -> [mychannel] Validated block [25] in 0ms
[34m2026-10-08 04:25:40.159 UTC 07a3 INFO[0m [kvledger] [34;1mcommit[0m -> [mychannel] Committed block [25] with 1 transaction(s) in 2ms (state_validation=0ms block_and_pvtdata_commit=1ms state_commit=0ms) commitHash=[b3c89279218cd823c4f3f23e1ba50a20cea45fddd302a9f1d74e28ec8b3baf2d]
[34m2026-10-08 04:25:40.160 UTC 07a4 INFO[0m [comm.grpc.server] [34;1m1[0m -> streaming call completed grpc.service=protos.Deliver grpc.method=DeliverFiltered grpc.request_deadline=2026-10-08T04:26:04.953Z grpc.peer_address=172.18.0.1:57552 error="context finished before block retrieved: context canceled" grpc.code=Unknown grpc.call_duration=207.233787ms
[34m2026-10-08 04:25:40.161 UTC 07a5 INFO[0m [grpc] [34;1mInfof[0m -> [transport] [server-transport 0xc004f23040] Closing: EOF
[34m2026-10-08 04:25:40.161 UTC 07a6 INFO[0m [grpc] [34;1mInfof[0m -> [transport] [server-transport 0xc004f23040] loopyWriter exiting with error: transport closed by client
[34m2026-10-08 04:25:40.161 UTC 07a7 INFO[0m [grpc] [34;1mInfof[0m -> [transport] [server-transport 0xc003e57d40] Closing: EOF
[34m2026-10-08 04:25:40.161 UTC 07a8 INFO[0m [grpc] [34;1mInfof[0m -> [transport] [server-transport 0xc003e57d40] loopyWriter exiting with error: transport closed by client
[34m2026-10-08 04:25:40.214 UTC 07a9 INFO[0m [endorser] [34;1mcallChaincode[0m -> finished chaincode: bzt duration: 2ms channel=mychannel txID=095cabd8
[34m2026-10-08 04:25:40.214 UTC 07aa INFO[0m [comm.grpc.server] [34;1m1[0m -> unary call completed grpc.service=protos.Endorser grpc.method=ProcessProposal grpc.peer_address=172.18.0.1:57554 grpc.code=OK grpc.call_duration=3.222412ms
[34m2026-10-08 04:25:40.419 UTC 07ab INFO[0m [gossip.privdata] [34;1mStoreBlock[0m -> Received block [26] from buffer channel=mychannel
[34m2026-10-08 04:25:40.419 UTC 07ac INFO[0m [committer.txvalidator] [34;1mValidate[0m -> [mychannel] Validated block [26] in 0ms
[34m2026-10-08 04:25:40.421 UTC 07ad INFO[0m [kvledger] [34;1mcommit[0m -> [mychannel] Committed block [26] with 1 transaction(s) in 1ms (state_validation=0ms block_and_pvtdata_commit=1ms state_commit=0ms) commitHash=[10654d3e41d3c26a68a90ffb94e2abfe04cf71cab5fbe266135acd8ac78a4938]
[34m2026-10-08 04:25:40.422 UTC 07ae INFO[0m [comm.grpc.server] [34;1m1[0m -> streaming call completed grpc.service=protos.Deliver grpc.method=DeliverFiltered grpc.request_deadline=2026-10-08T04:26:05.215Z grpc.peer_address=172.18.0.1:57560 error="context finished before block retrieved: context canceled" grpc.code=Unknown grpc.call_duration=207.587881ms
[34m2026-10-08 04:25:40.423 UTC 07af INFO[0m [grpc] [34;1mInfof[0m -> [transport] [server-transport 0xc00034f520] Closing: EOF
[34m2026-10-08 04:25:40.423 UTC 07b0 INFO[0m [grpc] [34;1mInfof[0m -> [transport] [server-transport 0xc00034f520] loopyWriter exiting with error: transport closed by client
[34m2026-10-08 04:25:40.423 UTC 07b1 INFO[0m [grpc] [34;1mInfof[0m -> [transport] [server-transport 0xc004f231e0] Closing: EOF
[34m2026-10-08 04:25:40.424 UTC 07b2 INFO[0m [grpc] [34;1mInfof[0m -> [transport] [server-transport 0xc004f231e0] loopyWriter exiting with error: transport closed by client
[34m2026-10-08 04:25:40.477 UTC 07b3 INFO[0m [endorser] [34;1mcallChaincode[0m -> finished chaincode: bzt duration: 3ms channel=mychannel txID=a3d1507e
[34m2026-10-08 04:25:40.477 UTC 07b4 INFO[0m [comm.grpc.server] [34;1m1[0m -> unary call completed grpc.service=protos.Endorser grpc.method=ProcessProposal grpc.peer_address=172.18.0.1:57562 grpc.code=OK grpc.call_duration=3.92116ms
[34m2026-10-08 04:25:40.681 UTC 07b5 INFO[0m [gossip.privdata] [34;1mStoreBlock[0m -> Received block [27] from buffer channel=mychannel
[34m2026-10-08 04:25:40.682 UTC 07b6 INFO[0m [committer.txvalidator] [34;1mValidate[0m -> [mychannel] Validated block [27] in 0ms
[34m2026-10-08 04:25:40.684 UTC 07b7 INFO[0m [kvledger] [34;1mcommit[0m -> [mychannel] Committed block [27] with 1 transaction(s) in 2ms (state_validation=0ms block_and_pvtdata_commit=1ms state_commit=0ms) commitHash=[fc9e052fefc15f8784b73ce3a6e758c3d473a24cfb4922c897cf5f334acf7765]
[34m2026-10-08 04:25:40.685 UTC 07b8 INFO[0m [comm.grpc.server] [34;1m1[0m -> streaming call completed grpc.service=protos.Deliver grpc.method=DeliverFiltered grpc.request_deadline=2026-10-08T04:26:05.478Z grpc.peer_address=172.18.0.1:57566 error="context finished before block retrieved: context canceled" grpc.code=Unknown grpc.call_duration=207.057283ms
[34m2026-10-08 04:25:40.686 UTC 07b9 INFO[0m [grpc] [34;1mInfof[0m -> [transport] [server-transport 0xc001fc5ba0] Closing: EOF
[34m2026-10-08 04:25:40.686 UTC 07ba INFO[0m [grpc] [34;1mInfof[0m -> [transport] [server-transport 0xc004f23380] Closing: EOF
[34m2026-10-08 04:25:40.686 UTC 07bb INFO[0m [grpc] [34;1mInfof[0m -> [transport] [server-transport 0xc001fc5ba0] loopyWriter exiting with error: transport closed by client
[34m2026-10-08 04:25:40.686 UTC 07bc INFO[0m [grpc] [34;1mInfof[0m -> [transport] [server-transport 0xc004f23380] loopyWriter exiting with error: transport closed by client
[34m2026-10-08 04:25:40.739 UTC 07bd INFO[0m [endorser] [34;1mcallChaincode[0m -> finished chaincode: bzt duration: 2ms channel=mychannel txID=499562a9
[34m2026-10-08 04:25:40.739 UTC 07be INFO[0m [comm.grpc.server] [34;1m1[0m -> unary call completed grpc.service=protos.Endorser grpc.method=ProcessProposal grpc.peer_address=172.18.0.1:57582 grpc.code=OK grpc.call_duration=3.276244ms
[34m2026-10-08 04:25:40.945 UTC 07bf INFO[0m [gossip.privdata] [34;1mStoreBlock[0m -> Received block [28] from buffer channel=mychannel
[34m2026-10-08 04:25:40.946 UTC 07c0 INFO[0m [committer.txvalidator] [34;1mValidate[0m -> [mychannel] Validated block [28] in 0ms
[34m2026-10-08 04:25:40.948 UTC 07c1 INFO[0m [kvledger] [34;1mcommit[0m -> [mychannel] Committed block [28] with 1 transaction(s) in 1ms (state_validation=0ms block_and_pvtdata_commit=1ms state_commit=0ms) commitHash=[b51023f604ce431bd5f12c8f531589c897975ad1ac835eecc7151e98dbcd3444]
[34m2026-10-08 04:25:40.948 UTC 07c2 INFO[0m [comm.grpc.server] [34;1m1[0m -> streaming call completed grpc.service=protos.Deliver grpc.method=DeliverFiltered grpc.request_deadline=2026-10-08T04:26:05.742Z grpc.peer_address=172.18.0.1:57586 error="context finished before block retrieved: context canceled" grpc.code=Unknown grpc.call_duration=206.845643ms
[34m2026-10-08 04:25:40.949 UTC 07c3 INFO[0m [grpc] [34;1mInfof[0m -> [transport] [server-transport 0xc004f23520] Closing: EOF
[34m2026-10-08 04:25:40.950 UTC 07c4 INFO[0m [grpc] [34;1mInfof[0m -> [transport] [server-transport 0xc004f23520] loopyWriter exiting with error: transport closed by client
[34m2026-10-08 04:25:40.950 UTC 07c5 INFO[0m [grpc] [34;1mInfof[0m -> [transport] [server-transport 0xc001a68b60] Closing: EOF
[34m2026-10-08 04:25:40.950 UTC 07c6 INFO[0m [grpc] [34;1mInfof[0m -> [transport] [server-transport 0xc001a68b60] loopyWriter exiting with error: transport closed by client
[34m2026-10-08 04:25:41.005 UTC 07c7 INFO[0m [endorser] [34;1mcallChaincode[0m -> finished chaincode: bzt duration: 3ms channel=mychannel txID=4961f64c
[34m2026-10-08 04:25:41.006 UTC 07c8 INFO[0m [comm.grpc.server] [34;1m1[0m -> unary call completed grpc.service=protos.Endorser grpc.method=ProcessProposal grpc.peer_address=172.18.0.1:57598 grpc.code=OK grpc.call_duration=3.825848ms
[34m2026-10-08 04:25:41.210 UTC 07c9 INFO[0m [gossip.privdata] [34;1mStoreBlock[0m -> Received block [29] from buffer channel=mychannel
[34m2026-10-08 04:25:41.211 UTC 07ca INFO[0m [committer.txvalidator] [34;1mValidate[0m -> [mychannel] Validated block [29] in 0ms
[34m2026-10-08 04:25:41.213 UTC 07cb INFO[0m [kvledger] [34;1mcommit[0m -> [mychannel] Committed block [29] with 1 transaction(s) in 1ms (state_validation=0ms block_and_pvtdata_commit=1ms state_commit=0ms) commitHash=[45bec8dee5ddd5d4cb3d2c3b854c8068da8d04bfd0860d5f1aa13888759e7e8a]
[34m2026-10-08 04:25:41.214 UTC 07cc INFO[0m [comm.grpc.server] [34;1m1[0m -> streaming call completed grpc.service=protos.Deliver grpc.method=DeliverFiltered grpc.request_deadline=2026-10-08T04:26:06.006Z grpc.peer_address=172.18.0.1:57602 error="context finished before block retrieved: context canceled" grpc.code=Unknown grpc.call_duration=207.181415ms
[34m2026-10-08 04:25:41.215 UTC 07cd INFO[0m [grpc] [34;1mInfof[0m -> [transport] [server-transport 0xc004f236c0] Closing: EOF
[34m2026-10-08 04:25:41.215 UTC 07ce INFO[0m [grpc] [34;1mInfof[0m -> [transport] [server-transport 0xc004f236c0] loopyWriter exiting with error: transport closed by client
[34m2026-10-08 04:25:41.215 UTC 07cf INFO[0m [grpc] [34;1mInfof[0m -> [transport] [server-transport 0xc001a68d00] Closing: EOF
[34m2026-10-08 04:25:41.215 UTC 07d0 INFO[0m [grpc] [34;1mInfof[0m -> [transport] [server-transport 0xc001a68d00] loopyWriter exiting with error: transport closed by client
[34m2026-10-08 04:25:41.270 UTC 07d1 INFO[0m [endorser] [34;1mcallChaincode[0m -> finished chaincode: bzt duration: 2ms channel=mychannel txID=eba9ce83
[34m2026-10-08 04:25:41.270 UTC 07d2 INFO[0m [comm.grpc.server] [34;1m1[0m -> unary call completed grpc.service=protos.Endorser grpc.method=ProcessProposal grpc.peer_address=172.18.0.1:57606 grpc.code=OK grpc.call_duration=3.910963ms
[34m2026-10-08 04:25:41.475 UTC 07d3 INFO[0m [gossip.privdata] [34;1mStoreBlock[0m -> Received block [30] from buffer channel=mychannel
[34m2026-10-08 04:25:41.476 UTC 07d4 INFO[0m [committer.txvalidator] [34;1mValidate[0m -> [mychannel] Validated block [30] in 0ms
[34m2026-10-08 04:25:41.478 UTC 07d5 INFO[0m [kvledger] [34;1mcommit[0m -> [mychannel] Committed block [30] with 1 transaction(s) in 1ms (state_validation=0ms block_and_pvtdata_commit=1ms state_commit=0ms) commitHash=[e9cdfd127352fe985710358682a737955b6c31455e311cbaae90728f2bfc8a66]
[34m2026-10-08 04:25:41.479 UTC 07d6 INFO[0m [comm.grpc.server] [34;1m1[0m -> streaming call completed grpc.service=protos.Deliver grpc.method=DeliverFiltered grpc.request_deadline=2026-10-08T04:26:06.271Z grpc.peer_address=172.18.0.1:57614 error="context finished before block retrieved: context canceled" grpc.code=Unknown grpc.call_duration=208.109025ms
[34m2026-10-08 04:25:41.480 UTC 07d7 INFO[0m [grpc] [34;1mInfof[0m -> [transport] [server-transport 0xc0001a6820] Closing: EOF
[34m2026-10-08 04:25:41.480 UTC 07d9 INFO[0m [grpc] [34;1mInfof[0m -> [transport] [server-transport 0xc0001a6820] loopyWriter exiting with error: transport closed by client
[34m2026-10-08 04:25:41.480 UTC 07d8 INFO[0m [grpc] [34;1mInfof[0m -> [transport] [server-transport 0xc0001a6680] Closing: EOF
[34m2026-10-08 04:25:41.480 UTC 07da INFO[0m [grpc] [34;1mInfof[0m -> [transport] [server-transport 0xc0001a6680] loopyWriter exiting with error: transport closed by client
[34m2026-10-08 04:25:41.537 UTC 07db INFO[0m [endorser] [34;1mcallChaincode[0m -> finished chaincode: bzt duration: 3ms channel=mychannel txID=b8a5e269
[34m2026-10-08 04:25:41.537 UTC 07dc INFO[0m [comm.grpc.server] [34;1m1[0m -> unary call completed grpc.service=protos.Endorser grpc.method=ProcessProposal grpc.peer_address=172.18.0.1:57630 grpc.code=OK grpc.call_duration=3.994079ms
[34m2026-10-08 04:25:41.746 UTC 07dd INFO[0m [gossip.privdata] [34;1mStoreBlock[0m -> Received block [31] from buffer channel=mychannel
[34m2026-10-08 04:25:41.747 UTC 07de INFO[0m [committer.txvalidator] [34;1mValidate[0m -> [mychannel] Validated block [31] in 0ms
[34m2026-10-08 04:25:41.749 UTC 07df INFO[0m [kvledger] [34;1mcommit[0m -> [mychannel] Committed block [31] with 1 transaction(s) in 2ms (state_validation=0ms block_and_pvtdata_commit=1ms state_commit=0ms) commitHash=[0441924ec7e05ba3204a6dbc8c16669886d1833598531c3f73dc54119261ceb6]
[34m2026-10-08 04:25:41.750 UTC 07e0 INFO[0m [comm.grpc.server] [34;1m1[0m -> streaming call completed grpc.service=protos.Deliver grpc.method=DeliverFiltered grpc.request_deadline=2026-10-08T04:26:06.538Z grpc.peer_address=172.18.0.1:57638 error="context finished before block retrieved: context canceled" grpc.code=Unknown grpc.call_duration=211.38773ms
[34m2026-10-08 04:25:41.751 UTC 07e1 INFO[0m [grpc] [34;1mInfof[0m -> [transport] [server-transport 0xc0001a7a00] Closing: EOF
[34m2026-10-08 04:25:41.751 UTC 07e2 INFO[0m [grpc] [34;1mInfof[0m -> [transport] [server-transport 0xc001a691e0] Closing: EOF
[34m2026-10-08 04:25:41.751 UTC 07e3 INFO[0m [grpc] [34;1mInfof[0m -> [transport] [server-transport 0xc001a691e0] loopyWriter exiting with error: transport closed by client
[34m2026-10-08 04:25:41.751 UTC 07e4 INFO[0m [grpc] [34;1mInfof[0m -> [transport] [server-transport 0xc0001a7a00] loopyWriter exiting with error: transport closed by client
[34m2026-10-08 04:25:41.806 UTC 07e5 INFO[0m [endorser] [34;1mcallChaincode[0m -> finished chaincode: bzt duration: 4ms channel=mychannel txID=0d6e3784
[34m2026-10-08 04:25:41.806 UTC 07e6 INFO[0m [comm.grpc.server] [34;1m1[0m -> unary call completed grpc.service=protos.Endorser grpc.method=ProcessProposal grpc.peer_address=172.18.0.1:57646 grpc.code=OK grpc.call_duration=5.459336ms
[34m2026-10-08 04:25:42.012 UTC 07e7 INFO[0m [gossip.privdata] [34;1mStoreBlock[0m -> Received block [32] from buffer channel=mychannel
[34m2026-10-08 04:25:42.013 UTC 07e8 INFO[0m [committer.txvalidator] [34;1mValidate[0m -> [mychannel] Validated block [32] in 0ms
[34m2026-10-08 04:25:42.015 UTC 07e9 INFO[0m [kvledger] [34;1mcommit[0m -> [mychannel] Committed block [32] with 1 transaction(s) in 1ms (state_validation=0ms block_and_pvtdata_commit=1ms state_commit=0ms) commitHash=[603e8c99ab1e93eea66511b0bc6123a0321e3a7da6640d4eea246d5a34619976]
[34m2026-10-08 04:25:42.016 UTC 07ea INFO[0m [comm.grpc.server] [34;1m1[0m -> streaming call completed grpc.service=protos.Deliver grpc.method=DeliverFiltered grpc.request_deadline=2026-10-08T04:26:06.809Z grpc.peer_address=172.18.0.1:57652 error="context finished before block retrieved: context canceled" grpc.code=Unknown grpc.call_duration=207.165555ms
[34m2026-10-08 04:25:42.017 UTC 07eb INFO[0m [grpc] [34;1mInfof[0m -> [transport] [server-transport 0xc001fc5d40] Closing: EOF
[34m2026-10-08 04:25:42.017 UTC 07ec INFO[0m [grpc] [34;1mInfof[0m -> [transport] [server-transport 0xc001a69520] Closing: EOF
[34m2026-10-08 04:25:42.017 UTC 07ed INFO[0m [grpc] [34;1mInfof[0m -> [transport] [server-transport 0xc001a69520] loopyWriter exiting with error: transport closed by client
[34m2026-10-08 04:25:42.017 UTC 07ee INFO[0m [grpc] [34;1mInfof[0m -> [transport] [server-transport 0xc001fc5d40] loopyWriter exiting with error: transport closed by client
[34m2026-10-08 04:25:42.071 UTC 07ef INFO[0m [endorser] [34;1mcallChaincode[0m -> finished chaincode: bzt duration: 3ms channel=mychannel txID=12528834
[34m2026-10-08 04:25:42.071 UTC 07f0 INFO[0m [comm.grpc.server] [34;1m1[0m -> unary call completed grpc.service=protos.Endorser grpc.method=ProcessProposal grpc.peer_address=172.18.0.1:57668 grpc.code=OK grpc.call_duration=4.481427ms
[34m2026-10-08 04:25:42.277 UTC 07f1 INFO[0m [gossip.privdata] [34;1mStoreBlock[0m -> Received block [33] from buffer channel=mychannel
[34m2026-10-08 04:25:42.278 UTC 07f2 INFO[0m [committer.txvalidator] [34;1mValidate[0m -> [mychannel] Validated block [33] in 0ms
[34m2026-10-08 04:25:42.280 UTC 07f3 INFO[0m [kvledger] [34;1mcommit[0m -> [mychannel] Committed block [33] with 1 transaction(s) in 2ms (state_validation=0ms block_and_pvtdata_commit=1ms state_commit=0ms) commitHash=[ec1e5201403e0861443c0895e414bccf7f3e05c41cfda5afe297eaa9b7025085]
[34m2026-10-08 04:25:42.281 UTC 07f4 INFO[0m [comm.grpc.server] [34;1m1[0m -> streaming call completed grpc.service=protos.Deliver grpc.method=DeliverFiltered grpc.request_deadline=2026-10-08T04:26:07.072Z grpc.peer_address=172.18.0.1:57684 error="context finished before block retrieved: context canceled" grpc.code=Unknown grpc.call_duration=208.36782ms
[34m2026-10-08 04:25:42.282 UTC 07f5 INFO[0m [grpc] [34;1mInfof[0m -> [transport] [server-transport 0xc001a69d40] Closing: EOF
[34m2026-10-08 04:25:42.282 UTC 07f6 INFO[0m [grpc] [34;1mInfof[0m -> [transport] [server-transport 0xc004a30000] Closing: EOF
[34m2026-10-08 04:25:42.282 UTC 07f7 INFO[0m [grpc] [34;1mInfof[0m -> [transport] [server-transport 0xc004a30000] loopyWriter exiting with error: transport closed by client
[34m2026-10-08 04:25:42.282 UTC 07f8 INFO[0m [grpc] [34;1mInfof[0m -> [transport] [server-transport 0xc001a69d40] loopyWriter exiting with error: transport closed by client
[34m2026-10-08 04:25:42.335 UTC 07f9 INFO[0m [endorser] [34;1mcallChaincode[0m -> finished chaincode: bzt duration: 2ms channel=mychannel txID=41095b32
[34m2026-10-08 04:25:42.335 UTC 07fa INFO[0m [comm.grpc.server] [34;1m1[0m -> unary call completed grpc.service=protos.Endorser grpc.method=ProcessProposal grpc.peer_address=172.18.0.1:57698 grpc.code=OK grpc.call_duration=3.590461ms
[34m2026-10-08 04:25:42.540 UTC 07fb INFO[0m [gossip.privdata] [34;1mStoreBlock[0m -> Received block [34] from buffer channel=mychannel
[34m2026-10-08 04:25:42.540 UTC 07fc INFO[0m [committer.txvalidator] [34;1mValidate[0m -> [mychannel] Validated block [34] in 0ms
[34m2026-10-08 04:25:42.542 UTC 07fd INFO[0m [kvledger] [34;1mcommit[0m -> [mychannel] Committed block [34] with 1 transaction(s) in 1ms (state_validation=0ms block_and_pvtdata_commit=1ms state_commit=0ms) commitHash=[dfff9a5676091c2f71cfd5a61a9d00b4df1c1dd9cb826f465ca4d3b49fc46f29]
[34m2026-10-08 04:25:42.543 UTC 07fe INFO[0m [comm.grpc.server] [34;1m1[0m -> streaming call completed grpc.service=protos.Deliver grpc.method=DeliverFiltered grpc.request_deadline=2026-10-08T04:26:07.336Z grpc.peer_address=172.18.0.1:57710 error="context finished before block retrieved: context canceled" grpc.code=Unknown grpc.call_duration=207.618989ms
[34m2026-10-08 04:25:42.544 UTC 07ff INFO[0m [grpc] [34;1mInfof[0m -> [transport] [server-transport 0xc004f23860] Closing: EOF
[34m2026-10-08 04:25:42.545 UTC 0800 INFO[0m [grpc] [34;1mInfof[0m -> [transport] [server-transport 0xc004f23860] loopyWriter exiting with error: transport closed by client
[34m2026-10-08 04:25:42.544 UTC 0801 INFO[0m [grpc] [34;1mInfof[0m -> [transport] [server-transport 0xc004a301a0] Closing: EOF
[34m2026-10-08 04:25:42.545 UTC 0802 INFO[0m [grpc] [34;1mInfof[0m -> [transport] [server-transport 0xc004a301a0] loopyWriter exiting with error: transport closed by client
[34m2026-10-08 04:25:42.597 UTC 0803 INFO[0m [endorser] [34;1mcallChaincode[0m -> finished chaincode: bzt duration: 2ms channel=mychannel txID=6f6c07e2
[34m2026-10-08 04:25:42.598 UTC 0804 INFO[0m [comm.grpc.server] [34;1m1[0m -> unary call completed grpc.service=protos.Endorser grpc.method=ProcessProposal grpc.peer_address=172.18.0.1:57728 grpc.code=OK grpc.call_duration=3.329973ms
[34m2026-10-08 04:25:42.802 UTC 0805 INFO[0m [gossip.privdata] [34;1mStoreBlock[0m -> Received block [35] from buffer channel=mychannel
[34m2026-10-08 04:25:42.803 UTC 0806 INFO[0m [committer.txvalidator] [34;1mValidate[0m -> [mychannel] Validated block [35] in 0ms
[34m2026-10-08 04:25:42.805 UTC 0807 INFO[0m [kvledger] [34;1mcommit[0m -> [mychannel] Committed block [35] with 1 transaction(s) in 1ms (state_validation=0ms block_and_pvtdata_commit=1ms state_commit=0ms) commitHash=[576ec2f4d510bfc7bfd18792eeefe4a484329f956f7a69d19ef7953e6a3a66c5]
[34m2026-10-08 04:25:42.806 UTC 0808 INFO[0m [comm.grpc.server] [34;1m1[0m -> streaming call completed grpc.service=protos.Deliver grpc.method=DeliverFiltered grpc.request_deadline=2026-10-08T04:26:07.599Z grpc.peer_address=172.18.0.1:57730 error="context finished before block retrieved: context canceled" grpc.code=Unknown grpc.call_duration=207.011328ms
[34m2026-10-08 04:25:42.807 UTC 0809 INFO[0m [grpc] [34;1mInfof[0m -> [transport] [server-transport 0xc004a304e0] Closing: EOF
[34m2026-10-08 04:25:42.807 UTC 080a INFO[0m [grpc] [34;1mInfof[0m -> [transport] [server-transport 0xc001bf16c0] Closing: EOF
[34m2026-10-08 04:25:42.807 UTC 080b INFO[0m [grpc] [34;1mInfof[0m -> [transport] [server-transport 0xc001bf16c0] loopyWriter exiting with error: transport closed by client
[34m2026-10-08 04:25:42.807 UTC 080c INFO[0m [grpc] [34;1mInfof[0m -> [transport] [server-transport 0xc004a304e0] loopyWriter exiting with error: transport closed by client
[34m2026-10-08 04:25:42.860 UTC 080d INFO[0m [endorser] [34;1mcallChaincode[0m -> finished chaincode: bzt duration: 2ms channel=mychannel txID=853931ff
[34m2026-10-08 04:25:42.861 UTC 080e INFO[0m [comm.grpc.server] [34;1m1[0m -> unary call completed grpc.service=protos.Endorser grpc.method=ProcessProposal grpc.peer_address=172.18.0.1:57746 grpc.code=OK grpc.call_duration=3.858442ms
[34m2026-10-08 04:25:43.065 UTC 080f INFO[0m [gossip.privdata] [34;1mStoreBlock[0m -> Received block [36] from buffer channel=mychannel
[34m2026-10-08 04:25:43.066 UTC 0810 INFO[0m [committer.txvalidator] [34;1mValidate[0m -> [mychannel] Validated block [36] in 0ms
[34m2026-10-08 04:25:43.068 UTC 0811 INFO[0m [kvledger] [34;1mcommit[0m -> [mychannel] Committed block [36] with 1 transaction(s) in 1ms (state_validation=0ms block_and_pvtdata_commit=1ms state_commit=0ms) commitHash=[cb7be529ffde7cd8614b4a2b03dc33a3aaf3fc5a0bf002bc77be0f7b5ae56401]
[34m2026-10-08 04:25:43.069 UTC 0812 INFO[0m [comm.grpc.server] [34;1m1[0m -> streaming call completed grpc.service=protos.Deliver grpc.method=DeliverFiltered grpc.request_deadline=2026-10-08T04:26:07.861Z grpc.peer_address=172.18.0.1:57760 error="context finished before block retrieved: context canceled" grpc.code=Unknown grpc.call_duration=207.37993ms
[34m2026-10-08 04:25:43.070 UTC 0813 INFO[0m [grpc] [34;1mInfof[0m -> [transport] [server-transport 0xc004a30820] Closing: EOF
[34m2026-10-08 04:25:43.070 UTC 0814 INFO[0m [grpc] [34;1mInfof[0m -> [transport] [server-transport 0xc003632000] Closing: EOF
[34m2026-10-08 04:25:43.070 UTC 0815 INFO[0m [grpc] [34;1mInfof[0m -> [transport] [server-transport 0xc003632000] loopyWriter exiting with error: transport closed by client
[34m2026-10-08 04:25:43.070 UTC 0816 INFO[0m [grpc] [34;1mInfof[0m -> [transport] [server-transport 0xc004a30820] loopyWriter exiting with error: transport closed by client
