# 1791433525 start
S0_all_up,1,0,277
S0_all_up,2,0,268
S0_all_up,3,0,262
S0_all_up,4,0,260
S0_all_up,5,0,270
S0_all_up,6,0,266
S0_all_up,7,0,265
S0_all_up,8,0,262
S0_all_up,9,0,260
S0_all_up,10,0,259
S0_all_up,11,0,263
S0_all_up,12,0,259
S0_all_up,13,0,260
S0_all_up,14,0,261
S0_all_up,15,0,261
# 1791433529 stop the only orderer
S1_orderer_down,1,1,44
   err: [34m2026-10-08 04:25:29.407 UTC 005a INFO[0m [grpc] [34;1mAddTraceEvent[0m -> [core] [Channel #13]Channel deleted
   err: Error: error getting broadcast client: orderer client failed to connect to localhost:7050: failed to create new connection: connection error: desc = "transport: error while dialing: dial tcp [::1]:7050: connect: connection refused"
S1_orderer_down,2,1,42
   err: [34m2026-10-08 04:25:29.454 UTC 005a INFO[0m [grpc] [34;1mAddTraceEvent[0m -> [core] [Channel #13]Channel deleted
   err: Error: error getting broadcast client: orderer client failed to connect to localhost:7050: failed to create new connection: connection error: desc = "transport: error while dialing: dial tcp [::1]:7050: connect: connection refused"
S1_orderer_down,3,1,42
   err: [34m2026-10-08 04:25:29.500 UTC 005a INFO[0m [grpc] [34;1mAddTraceEvent[0m -> [core] [Channel #13]Channel deleted
   err: Error: error getting broadcast client: orderer client failed to connect to localhost:7050: failed to create new connection: connection error: desc = "transport: error while dialing: dial tcp [::1]:7050: connect: connection refused"
S1_orderer_down,4,1,46
   err: [34m2026-10-08 04:25:29.552 UTC 005a INFO[0m [grpc] [34;1mAddTraceEvent[0m -> [core] [Channel #13]Channel deleted
   err: Error: error getting broadcast client: orderer client failed to connect to localhost:7050: failed to create new connection: connection error: desc = "transport: error while dialing: dial tcp [::1]:7050: connect: connection refused"
S1_orderer_down,5,1,42
   err: [34m2026-10-08 04:25:29.598 UTC 005a INFO[0m [grpc] [34;1mAddTraceEvent[0m -> [core] [Channel #13]Channel deleted
   err: Error: error getting broadcast client: orderer client failed to connect to localhost:7050: failed to create new connection: connection error: desc = "transport: error while dialing: dial tcp [::1]:7050: connect: connection refused"
# 1791433529 start orderer
# 1791433539 recovered=1 after 10 s
S2_recovered,1,0,263
S2_recovered,2,0,259
S2_recovered,3,0,259
S2_recovered,4,0,260
S2_recovered,5,0,258
S2_recovered,6,0,259
S2_recovered,7,0,260
S2_recovered,8,0,261
S2_recovered,9,0,261
S2_recovered,10,0,267
S2_recovered,11,0,262
S2_recovered,12,0,261
S2_recovered,13,0,259
S2_recovered,14,0,259
S2_recovered,15,0,259
# 1791433543 end
