2026.10.07-12:48:41.491 info  [caliper] [cli-launch-manager] 	Set workspace path: /home/runner/work/bzt-id-experiments/bzt-id-experiments/fabric-bench/caliper
2026.10.07-12:48:41.491 info  [caliper] [cli-launch-manager] 	Set benchmark configuration path: /home/runner/work/bzt-id-experiments/bzt-id-experiments/fabric-bench/caliper/benchmarks/config.yaml
2026.10.07-12:48:41.493 info  [caliper] [cli-launch-manager] 	Set network configuration path: /home/runner/work/bzt-id-experiments/bzt-id-experiments/fabric-bench/caliper/networks/networkConfig.yaml
2026.10.07-12:48:41.493 info  [caliper] [cli-launch-manager] 	Set SUT type: fabric
2026.10.07-12:48:41.512 info  [caliper] [benchmark-validator] 	No observer specified, will default to `none`
2026.10.07-12:48:41.512 info  [caliper] [caliper-engine] 	Starting benchmark flow
2026.10.07-12:48:41.512 info  [caliper] [caliper-engine] 	Skipping start commands due to benchmark flow conditioning
2026.10.07-12:48:41.512 info  [caliper] [caliper-engine] 	Skipping initialization phase due to benchmark flow conditioning
2026.10.07-12:48:41.513 info  [caliper] [caliper-engine] 	Skipping install smart contract phase due to benchmark flow conditioning
2026.10.07-12:48:41.620 info  [caliper] [FabricConnectorFactory] 	Initializing peer gateway connector compatible with installed fabric-gateway SDK: 1.7.1
2026.10.07-12:48:41.636 info  [caliper] [IdentityManager] 	Adding User1@org1.example.com (admin=false) as User1@org1.example.com for organization Org1MSP
2026.10.07-12:48:41.639 info  [caliper] [monitor.js] 	No resource monitors specified
2026.10.07-12:48:41.640 info  [caliper] [default-observer] 	Observer interval set to 5000 milliseconds
2026.10.07-12:48:41.644 info  [caliper] [round-orchestrator] 	Preparing worker connections
2026.10.07-12:48:41.645 info  [caliper] [worker-orchestrator] 	Launching worker 1 of 1
2026.10.07-12:48:41.649 info  [caliper] [worker-orchestrator] 	Messenger not configured, entering configure phase...
2026.10.07-12:48:41.650 info  [caliper] [worker-orchestrator] 	No existing workers detected, entering worker launch phase...
2026.10.07-12:48:41.650 info  [caliper] [worker-orchestrator] 	Waiting for 1 workers to be connected...
2026.10.07-12:48:41.883 info  [caliper] [cli-launch-worker] 	Set workspace path: /home/runner/work/bzt-id-experiments/bzt-id-experiments/fabric-bench/caliper
2026.10.07-12:48:41.883 info  [caliper] [cli-launch-worker] 	Set benchmark configuration path: /home/runner/work/bzt-id-experiments/bzt-id-experiments/fabric-bench/caliper/benchmarks/config.yaml
2026.10.07-12:48:41.884 info  [caliper] [cli-launch-worker] 	Set network configuration path: /home/runner/work/bzt-id-experiments/bzt-id-experiments/fabric-bench/caliper/networks/networkConfig.yaml
2026.10.07-12:48:41.884 info  [caliper] [cli-launch-worker] 	Set SUT type: fabric
2026.10.07-12:48:41.917 info  [caliper] [worker-orchestrator] 	1 workers connected, progressing to worker assignment phase.
2026.10.07-12:48:41.917 info  [caliper] [worker-orchestrator] 	Workers currently unassigned, awaiting index assignment...
2026.10.07-12:48:41.917 info  [caliper] [worker-orchestrator] 	Waiting for 1 workers to be assigned...
2026.10.07-12:48:41.941 info  [caliper] [worker-orchestrator] 	1 workers assigned, progressing to worker initialization phase.
2026.10.07-12:48:41.941 info  [caliper] [worker-orchestrator] 	Waiting for 1 workers to be ready...
2026.10.07-12:48:41.942 info  [caliper] [worker-message-handler] 	Initializing Worker#0...
2026.10.07-12:48:42.063 info  [caliper] [FabricConnectorFactory] 	Initializing peer gateway connector compatible with installed fabric-gateway SDK: 1.7.1
2026.10.07-12:48:42.068 info  [caliper] [IdentityManager] 	Adding User1@org1.example.com (admin=false) as User1@org1.example.com for organization Org1MSP
2026.10.07-12:48:42.074 info  [caliper] [worker-message-handler] 	Worker#0 initialized
2026.10.07-12:48:42.075 info  [caliper] [worker-orchestrator] 	1 workers ready, progressing to test preparation phase.
2026.10.07-12:48:42.075 info  [caliper] [round-orchestrator] 	Started round 1 (seed)
2026.10.07-12:48:42.077 info  [caliper] [worker-message-handler] 	Preparing Worker#0 for Round#0
2026.10.07-12:48:42.088 info  [caliper] [connectors/peer-gateway/PeerGateway] 	Generating contract map for user User1@org1.example.com
2026.10.07-12:48:42.088 info  [caliper] [caliper-worker] 	Info: worker 0 prepare test phase for round 0 is starting...
2026.10.07-12:48:42.089 info  [caliper] [connectors/peer-gateway/PeerGateway] 	disconnecting gateway for user User1@org1.example.com
2026.10.07-12:48:42.090 info  [caliper] [connectors/peer-gateway/PeerGateway] 	disconnecting gRpc client at peer peer0.org1.example.com
2026.10.07-12:48:42.090 info  [caliper] [caliper-worker] 	Info: worker 0 prepare test phase for round 0 is completed
2026.10.07-12:48:42.090 info  [caliper] [worker-message-handler] 	Worker#0 prepared for Round#0
2026.10.07-12:48:42.091 info  [caliper] [worker-orchestrator] 	1 workers prepared, progressing to test phase.
2026.10.07-12:48:42.091 info  [caliper] [round-orchestrator] 	Monitors successfully started
2026.10.07-12:48:42.092 info  [caliper] [worker-message-handler] 	Worker#0 is starting Round#0
2026.10.07-12:48:42.094 info  [caliper] [connectors/peer-gateway/PeerGateway] 	Generating contract map for user User1@org1.example.com
2026.10.07-12:48:42.095 info  [caliper] [caliper-worker] 	Worker #0 starting workload loop
2026.10.07-12:48:47.101 info  [caliper] [default-observer] 	[seed Round 0 Transaction Info] - Submitted: 347 Succ: 296 Fail:0 Unfinished:51
2026.10.07-12:48:49.067 info  [caliper] [connectors/peer-gateway/PeerGateway] 	disconnecting gateway for user User1@org1.example.com
2026.10.07-12:48:49.068 info  [caliper] [connectors/peer-gateway/PeerGateway] 	disconnecting gRpc client at peer peer0.org1.example.com
2026.10.07-12:48:49.068 info  [caliper] [worker-message-handler] 	Worker#0 finished Round#0
2026.10.07-12:48:54.071 info  [caliper] [default-observer] 	Resetting txCount indicator count
2026.10.07-12:48:54.072 info  [caliper] [report-builder] 	### Test result ###
2026.10.07-12:48:54.075 info  [caliper] [report-builder] 	
+------+------+------+-----------------+-----------------+-----------------+-----------------+------------------+
| Name | Succ | Fail | Send Rate (TPS) | Max Latency (s) | Min Latency (s) | Avg Latency (s) | Throughput (TPS) |
|------|------|------|-----------------|-----------------|-----------------|-----------------|------------------|
| seed | 500  | 0    | 89.8            | 0.57            | 0.07            | 0.33            | 86.8             |
+------+------+------+-----------------+-----------------+-----------------+-----------------+------------------+

2026.10.07-12:48:54.076 info  [caliper] [round-orchestrator] 	Finished round 1 (seed) in 5.972 seconds
2026.10.07-12:48:54.076 info  [caliper] [monitor.js] 	Stopping all monitors
2026.10.07-12:48:54.076 info  [caliper] [round-orchestrator] 	Waiting 5 seconds for the next round...
2026.10.07-12:48:59.081 info  [caliper] [round-orchestrator] 	Started round 2 (issue-10tps)
2026.10.07-12:48:59.082 info  [caliper] [worker-message-handler] 	Preparing Worker#0 for Round#1
2026.10.07-12:48:59.084 info  [caliper] [connectors/peer-gateway/PeerGateway] 	Generating contract map for user User1@org1.example.com
2026.10.07-12:48:59.084 info  [caliper] [caliper-worker] 	Info: worker 0 prepare test phase for round 1 is starting...
2026.10.07-12:48:59.085 info  [caliper] [connectors/peer-gateway/PeerGateway] 	disconnecting gateway for user User1@org1.example.com
2026.10.07-12:48:59.086 info  [caliper] [connectors/peer-gateway/PeerGateway] 	disconnecting gRpc client at peer peer0.org1.example.com
2026.10.07-12:48:59.086 info  [caliper] [caliper-worker] 	Info: worker 0 prepare test phase for round 1 is completed
2026.10.07-12:48:59.086 info  [caliper] [worker-message-handler] 	Worker#0 prepared for Round#1
2026.10.07-12:48:59.086 info  [caliper] [worker-orchestrator] 	1 workers prepared, progressing to test phase.
2026.10.07-12:48:59.086 info  [caliper] [round-orchestrator] 	Monitors successfully started
2026.10.07-12:48:59.087 info  [caliper] [worker-message-handler] 	Worker#0 is starting Round#1
2026.10.07-12:48:59.088 info  [caliper] [connectors/peer-gateway/PeerGateway] 	Generating contract map for user User1@org1.example.com
2026.10.07-12:48:59.089 info  [caliper] [caliper-worker] 	Worker #0 starting workload loop
2026.10.07-12:49:04.088 info  [caliper] [default-observer] 	[issue-10tps Round 1 Transaction Info] - Submitted: 40 Succ: 38 Fail:0 Unfinished:2
2026.10.07-12:49:09.088 info  [caliper] [default-observer] 	[issue-10tps Round 1 Transaction Info] - Submitted: 91 Succ: 89 Fail:0 Unfinished:2
2026.10.07-12:49:14.090 info  [caliper] [default-observer] 	[issue-10tps Round 1 Transaction Info] - Submitted: 141 Succ: 138 Fail:0 Unfinished:3
2026.10.07-12:49:19.091 info  [caliper] [default-observer] 	[issue-10tps Round 1 Transaction Info] - Submitted: 191 Succ: 190 Fail:0 Unfinished:1
2026.10.07-12:49:24.092 info  [caliper] [default-observer] 	[issue-10tps Round 1 Transaction Info] - Submitted: 241 Succ: 240 Fail:0 Unfinished:1
2026.10.07-12:49:29.093 info  [caliper] [default-observer] 	[issue-10tps Round 1 Transaction Info] - Submitted: 301 Succ: 299 Fail:0 Unfinished:2
2026.10.07-12:49:30.290 info  [caliper] [connectors/peer-gateway/PeerGateway] 	disconnecting gateway for user User1@org1.example.com
2026.10.07-12:49:30.290 info  [caliper] [connectors/peer-gateway/PeerGateway] 	disconnecting gRpc client at peer peer0.org1.example.com
2026.10.07-12:49:30.290 info  [caliper] [worker-message-handler] 	Worker#0 finished Round#1
2026.10.07-12:49:35.292 info  [caliper] [default-observer] 	Resetting txCount indicator count
2026.10.07-12:49:35.293 info  [caliper] [report-builder] 	### Test result ###
2026.10.07-12:49:35.294 info  [caliper] [report-builder] 	
+-------------+------+------+-----------------+-----------------+-----------------+-----------------+------------------+
| Name        | Succ | Fail | Send Rate (TPS) | Max Latency (s) | Min Latency (s) | Avg Latency (s) | Throughput (TPS) |
|-------------|------|------|-----------------|-----------------|-----------------|-----------------|------------------|
| issue-10tps | 301  | 0    | 10.0            | 0.23            | 0.01            | 0.13            | 10.0             |
+-------------+------+------+-----------------+-----------------+-----------------+-----------------+------------------+

2026.10.07-12:49:35.294 info  [caliper] [round-orchestrator] 	Finished round 2 (issue-10tps) in 30.2 seconds
2026.10.07-12:49:35.294 info  [caliper] [monitor.js] 	Stopping all monitors
2026.10.07-12:49:35.294 info  [caliper] [round-orchestrator] 	Waiting 5 seconds for the next round...
2026.10.07-12:49:40.299 info  [caliper] [round-orchestrator] 	Started round 3 (issue-25tps)
2026.10.07-12:49:40.300 info  [caliper] [worker-message-handler] 	Preparing Worker#0 for Round#2
2026.10.07-12:49:40.302 info  [caliper] [connectors/peer-gateway/PeerGateway] 	Generating contract map for user User1@org1.example.com
2026.10.07-12:49:40.302 info  [caliper] [caliper-worker] 	Info: worker 0 prepare test phase for round 2 is starting...
2026.10.07-12:49:40.303 info  [caliper] [connectors/peer-gateway/PeerGateway] 	disconnecting gateway for user User1@org1.example.com
2026.10.07-12:49:40.303 info  [caliper] [connectors/peer-gateway/PeerGateway] 	disconnecting gRpc client at peer peer0.org1.example.com
2026.10.07-12:49:40.303 info  [caliper] [caliper-worker] 	Info: worker 0 prepare test phase for round 2 is completed
2026.10.07-12:49:40.303 info  [caliper] [worker-message-handler] 	Worker#0 prepared for Round#2
2026.10.07-12:49:40.304 info  [caliper] [worker-orchestrator] 	1 workers prepared, progressing to test phase.
2026.10.07-12:49:40.304 info  [caliper] [round-orchestrator] 	Monitors successfully started
2026.10.07-12:49:40.304 info  [caliper] [worker-message-handler] 	Worker#0 is starting Round#2
2026.10.07-12:49:40.305 info  [caliper] [connectors/peer-gateway/PeerGateway] 	Generating contract map for user User1@org1.example.com
2026.10.07-12:49:40.306 info  [caliper] [caliper-worker] 	Worker #0 starting workload loop
2026.10.07-12:49:45.305 info  [caliper] [default-observer] 	[issue-25tps Round 2 Transaction Info] - Submitted: 100 Succ: 100 Fail:0 Unfinished:0
2026.10.07-12:49:50.307 info  [caliper] [default-observer] 	[issue-25tps Round 2 Transaction Info] - Submitted: 226 Succ: 220 Fail:0 Unfinished:6
2026.10.07-12:49:55.307 info  [caliper] [default-observer] 	[issue-25tps Round 2 Transaction Info] - Submitted: 351 Succ: 346 Fail:0 Unfinished:5
2026.10.07-12:50:00.308 info  [caliper] [default-observer] 	[issue-25tps Round 2 Transaction Info] - Submitted: 476 Succ: 474 Fail:0 Unfinished:2
2026.10.07-12:50:05.310 info  [caliper] [default-observer] 	[issue-25tps Round 2 Transaction Info] - Submitted: 626 Succ: 620 Fail:0 Unfinished:6
2026.10.07-12:50:10.311 info  [caliper] [default-observer] 	[issue-25tps Round 2 Transaction Info] - Submitted: 751 Succ: 747 Fail:0 Unfinished:4
2026.10.07-12:50:11.408 info  [caliper] [connectors/peer-gateway/PeerGateway] 	disconnecting gateway for user User1@org1.example.com
2026.10.07-12:50:11.408 info  [caliper] [connectors/peer-gateway/PeerGateway] 	disconnecting gRpc client at peer peer0.org1.example.com
2026.10.07-12:50:11.409 info  [caliper] [worker-message-handler] 	Worker#0 finished Round#2
2026.10.07-12:50:16.410 info  [caliper] [default-observer] 	Resetting txCount indicator count
2026.10.07-12:50:16.410 info  [caliper] [report-builder] 	### Test result ###
2026.10.07-12:50:16.411 info  [caliper] [report-builder] 	
+-------------+------+------+-----------------+-----------------+-----------------+-----------------+------------------+
| Name        | Succ | Fail | Send Rate (TPS) | Max Latency (s) | Min Latency (s) | Avg Latency (s) | Throughput (TPS) |
|-------------|------|------|-----------------|-----------------|-----------------|-----------------|------------------|
| issue-25tps | 751  | 0    | 25.0            | 0.23            | 0.02            | 0.12            | 25.0             |
+-------------+------+------+-----------------+-----------------+-----------------+-----------------+------------------+

2026.10.07-12:50:16.411 info  [caliper] [round-orchestrator] 	Finished round 3 (issue-25tps) in 30.101 seconds
2026.10.07-12:50:16.411 info  [caliper] [monitor.js] 	Stopping all monitors
2026.10.07-12:50:16.411 info  [caliper] [round-orchestrator] 	Waiting 5 seconds for the next round...
2026.10.07-12:50:21.414 info  [caliper] [round-orchestrator] 	Started round 4 (issue-50tps)
2026.10.07-12:50:21.414 info  [caliper] [worker-message-handler] 	Preparing Worker#0 for Round#3
2026.10.07-12:50:21.418 info  [caliper] [connectors/peer-gateway/PeerGateway] 	Generating contract map for user User1@org1.example.com
2026.10.07-12:50:21.419 info  [caliper] [caliper-worker] 	Info: worker 0 prepare test phase for round 3 is starting...
2026.10.07-12:50:21.420 info  [caliper] [connectors/peer-gateway/PeerGateway] 	disconnecting gateway for user User1@org1.example.com
2026.10.07-12:50:21.420 info  [caliper] [connectors/peer-gateway/PeerGateway] 	disconnecting gRpc client at peer peer0.org1.example.com
2026.10.07-12:50:21.420 info  [caliper] [caliper-worker] 	Info: worker 0 prepare test phase for round 3 is completed
2026.10.07-12:50:21.420 info  [caliper] [worker-message-handler] 	Worker#0 prepared for Round#3
2026.10.07-12:50:21.420 info  [caliper] [worker-orchestrator] 	1 workers prepared, progressing to test phase.
2026.10.07-12:50:21.421 info  [caliper] [round-orchestrator] 	Monitors successfully started
2026.10.07-12:50:21.421 info  [caliper] [worker-message-handler] 	Worker#0 is starting Round#3
2026.10.07-12:50:21.422 info  [caliper] [connectors/peer-gateway/PeerGateway] 	Generating contract map for user User1@org1.example.com
2026.10.07-12:50:21.422 info  [caliper] [caliper-worker] 	Worker #0 starting workload loop
2026.10.07-12:50:26.421 info  [caliper] [default-observer] 	[issue-50tps Round 3 Transaction Info] - Submitted: 201 Succ: 198 Fail:0 Unfinished:3
2026.10.07-12:50:31.421 info  [caliper] [default-observer] 	[issue-50tps Round 3 Transaction Info] - Submitted: 450 Succ: 440 Fail:0 Unfinished:10
2026.10.07-12:50:36.422 info  [caliper] [default-observer] 	[issue-50tps Round 3 Transaction Info] - Submitted: 701 Succ: 693 Fail:0 Unfinished:8
2026.10.07-12:50:41.423 info  [caliper] [default-observer] 	[issue-50tps Round 3 Transaction Info] - Submitted: 951 Succ: 946 Fail:0 Unfinished:5
2026.10.07-12:50:46.424 info  [caliper] [default-observer] 	[issue-50tps Round 3 Transaction Info] - Submitted: 1201 Succ: 1199 Fail:0 Unfinished:2
2026.10.07-12:50:51.425 info  [caliper] [default-observer] 	[issue-50tps Round 3 Transaction Info] - Submitted: 1451 Succ: 1441 Fail:0 Unfinished:10
2026.10.07-12:50:52.623 info  [caliper] [connectors/peer-gateway/PeerGateway] 	disconnecting gateway for user User1@org1.example.com
2026.10.07-12:50:52.623 info  [caliper] [connectors/peer-gateway/PeerGateway] 	disconnecting gRpc client at peer peer0.org1.example.com
2026.10.07-12:50:52.624 info  [caliper] [worker-message-handler] 	Worker#0 finished Round#3
2026.10.07-12:50:57.627 info  [caliper] [default-observer] 	Resetting txCount indicator count
2026.10.07-12:50:57.627 info  [caliper] [report-builder] 	### Test result ###
2026.10.07-12:50:57.628 info  [caliper] [report-builder] 	
+-------------+------+------+-----------------+-----------------+-----------------+-----------------+------------------+
| Name        | Succ | Fail | Send Rate (TPS) | Max Latency (s) | Min Latency (s) | Avg Latency (s) | Throughput (TPS) |
|-------------|------|------|-----------------|-----------------|-----------------|-----------------|------------------|
| issue-50tps | 1501 | 0    | 50.0            | 0.24            | 0.02            | 0.13            | 49.8             |
+-------------+------+------+-----------------+-----------------+-----------------+-----------------+------------------+

2026.10.07-12:50:57.628 info  [caliper] [round-orchestrator] 	Finished round 4 (issue-50tps) in 30.201 seconds
2026.10.07-12:50:57.628 info  [caliper] [monitor.js] 	Stopping all monitors
2026.10.07-12:50:57.628 info  [caliper] [round-orchestrator] 	Waiting 5 seconds for the next round...
2026.10.07-12:51:02.629 info  [caliper] [round-orchestrator] 	Started round 5 (issue-100tps)
2026.10.07-12:51:02.630 info  [caliper] [worker-message-handler] 	Preparing Worker#0 for Round#4
2026.10.07-12:51:02.634 info  [caliper] [connectors/peer-gateway/PeerGateway] 	Generating contract map for user User1@org1.example.com
2026.10.07-12:51:02.634 info  [caliper] [caliper-worker] 	Info: worker 0 prepare test phase for round 4 is starting...
2026.10.07-12:51:02.636 info  [caliper] [connectors/peer-gateway/PeerGateway] 	disconnecting gateway for user User1@org1.example.com
2026.10.07-12:51:02.636 info  [caliper] [connectors/peer-gateway/PeerGateway] 	disconnecting gRpc client at peer peer0.org1.example.com
2026.10.07-12:51:02.636 info  [caliper] [caliper-worker] 	Info: worker 0 prepare test phase for round 4 is completed
2026.10.07-12:51:02.636 info  [caliper] [worker-message-handler] 	Worker#0 prepared for Round#4
2026.10.07-12:51:02.636 info  [caliper] [worker-orchestrator] 	1 workers prepared, progressing to test phase.
2026.10.07-12:51:02.636 info  [caliper] [round-orchestrator] 	Monitors successfully started
2026.10.07-12:51:02.637 info  [caliper] [worker-message-handler] 	Worker#0 is starting Round#4
2026.10.07-12:51:02.638 info  [caliper] [connectors/peer-gateway/PeerGateway] 	Generating contract map for user User1@org1.example.com
2026.10.07-12:51:02.638 info  [caliper] [caliper-worker] 	Worker #0 starting workload loop
2026.10.07-12:51:07.636 info  [caliper] [default-observer] 	[issue-100tps Round 4 Transaction Info] - Submitted: 400 Succ: 386 Fail:0 Unfinished:14
2026.10.07-12:51:12.637 info  [caliper] [default-observer] 	[issue-100tps Round 4 Transaction Info] - Submitted: 901 Succ: 893 Fail:0 Unfinished:8
2026.10.07-12:51:17.638 info  [caliper] [default-observer] 	[issue-100tps Round 4 Transaction Info] - Submitted: 1401 Succ: 1394 Fail:0 Unfinished:7
2026.10.07-12:51:22.639 info  [caliper] [default-observer] 	[issue-100tps Round 4 Transaction Info] - Submitted: 1900 Succ: 1885 Fail:0 Unfinished:15
2026.10.07-12:51:27.638 info  [caliper] [default-observer] 	[issue-100tps Round 4 Transaction Info] - Submitted: 2401 Succ: 2378 Fail:0 Unfinished:23
2026.10.07-12:51:32.639 info  [caliper] [default-observer] 	[issue-100tps Round 4 Transaction Info] - Submitted: 2901 Succ: 2887 Fail:0 Unfinished:14
2026.10.07-12:51:33.842 info  [caliper] [connectors/peer-gateway/PeerGateway] 	disconnecting gateway for user User1@org1.example.com
2026.10.07-12:51:33.842 info  [caliper] [connectors/peer-gateway/PeerGateway] 	disconnecting gRpc client at peer peer0.org1.example.com
2026.10.07-12:51:33.843 info  [caliper] [worker-message-handler] 	Worker#0 finished Round#4
2026.10.07-12:51:38.845 info  [caliper] [default-observer] 	Resetting txCount indicator count
2026.10.07-12:51:38.845 info  [caliper] [report-builder] 	### Test result ###
2026.10.07-12:51:38.846 info  [caliper] [report-builder] 	
+--------------+------+------+-----------------+-----------------+-----------------+-----------------+------------------+
| Name         | Succ | Fail | Send Rate (TPS) | Max Latency (s) | Min Latency (s) | Avg Latency (s) | Throughput (TPS) |
|--------------|------|------|-----------------|-----------------|-----------------|-----------------|------------------|
| issue-100tps | 3001 | 0    | 100.0           | 0.26            | 0.03            | 0.14            | 99.5             |
+--------------+------+------+-----------------+-----------------+-----------------+-----------------+------------------+

2026.10.07-12:51:38.847 info  [caliper] [round-orchestrator] 	Finished round 5 (issue-100tps) in 30.203 seconds
2026.10.07-12:51:38.847 info  [caliper] [monitor.js] 	Stopping all monitors
2026.10.07-12:51:38.847 info  [caliper] [round-orchestrator] 	Waiting 5 seconds for the next round...
2026.10.07-12:51:43.852 info  [caliper] [round-orchestrator] 	Started round 6 (issue-150tps)
2026.10.07-12:51:43.853 info  [caliper] [worker-message-handler] 	Preparing Worker#0 for Round#5
2026.10.07-12:51:43.857 info  [caliper] [connectors/peer-gateway/PeerGateway] 	Generating contract map for user User1@org1.example.com
2026.10.07-12:51:43.857 info  [caliper] [caliper-worker] 	Info: worker 0 prepare test phase for round 5 is starting...
2026.10.07-12:51:43.858 info  [caliper] [connectors/peer-gateway/PeerGateway] 	disconnecting gateway for user User1@org1.example.com
2026.10.07-12:51:43.858 info  [caliper] [connectors/peer-gateway/PeerGateway] 	disconnecting gRpc client at peer peer0.org1.example.com
2026.10.07-12:51:43.858 info  [caliper] [caliper-worker] 	Info: worker 0 prepare test phase for round 5 is completed
2026.10.07-12:51:43.859 info  [caliper] [worker-message-handler] 	Worker#0 prepared for Round#5
2026.10.07-12:51:43.859 info  [caliper] [worker-orchestrator] 	1 workers prepared, progressing to test phase.
2026.10.07-12:51:43.859 info  [caliper] [round-orchestrator] 	Monitors successfully started
2026.10.07-12:51:43.859 info  [caliper] [worker-message-handler] 	Worker#0 is starting Round#5
2026.10.07-12:51:43.860 info  [caliper] [connectors/peer-gateway/PeerGateway] 	Generating contract map for user User1@org1.example.com
2026.10.07-12:51:43.861 info  [caliper] [caliper-worker] 	Worker #0 starting workload loop
2026.10.07-12:51:48.860 info  [caliper] [default-observer] 	[issue-150tps Round 5 Transaction Info] - Submitted: 601 Succ: 564 Fail:0 Unfinished:37
2026.10.07-12:51:53.861 info  [caliper] [default-observer] 	[issue-150tps Round 5 Transaction Info] - Submitted: 1351 Succ: 1323 Fail:0 Unfinished:28
2026.10.07-12:51:58.862 info  [caliper] [default-observer] 	[issue-150tps Round 5 Transaction Info] - Submitted: 2101 Succ: 2080 Fail:0 Unfinished:21
2026.10.07-12:52:03.863 info  [caliper] [default-observer] 	[issue-150tps Round 5 Transaction Info] - Submitted: 2851 Succ: 2824 Fail:0 Unfinished:27
2026.10.07-12:52:08.863 info  [caliper] [default-observer] 	[issue-150tps Round 5 Transaction Info] - Submitted: 3601 Succ: 3572 Fail:0 Unfinished:29
2026.10.07-12:52:13.863 info  [caliper] [default-observer] 	[issue-150tps Round 5 Transaction Info] - Submitted: 4351 Succ: 4322 Fail:0 Unfinished:29
2026.10.07-12:52:15.066 info  [caliper] [connectors/peer-gateway/PeerGateway] 	disconnecting gateway for user User1@org1.example.com
2026.10.07-12:52:15.066 info  [caliper] [connectors/peer-gateway/PeerGateway] 	disconnecting gRpc client at peer peer0.org1.example.com
2026.10.07-12:52:15.067 info  [caliper] [worker-message-handler] 	Worker#0 finished Round#5
2026.10.07-12:52:20.069 info  [caliper] [default-observer] 	Resetting txCount indicator count
2026.10.07-12:52:20.069 info  [caliper] [report-builder] 	### Test result ###
2026.10.07-12:52:20.070 info  [caliper] [report-builder] 	
+--------------+------+------+-----------------+-----------------+-----------------+-----------------+------------------+
| Name         | Succ | Fail | Send Rate (TPS) | Max Latency (s) | Min Latency (s) | Avg Latency (s) | Throughput (TPS) |
|--------------|------|------|-----------------|-----------------|-----------------|-----------------|------------------|
| issue-150tps | 4501 | 0    | 150.0           | 0.28            | 0.04            | 0.15            | 149.5            |
+--------------+------+------+-----------------+-----------------+-----------------+-----------------+------------------+

2026.10.07-12:52:20.070 info  [caliper] [round-orchestrator] 	Finished round 6 (issue-150tps) in 30.203 seconds
2026.10.07-12:52:20.070 info  [caliper] [monitor.js] 	Stopping all monitors
2026.10.07-12:52:20.070 info  [caliper] [round-orchestrator] 	Waiting 5 seconds for the next round...
2026.10.07-12:52:25.073 info  [caliper] [round-orchestrator] 	Started round 7 (issue-200tps)
2026.10.07-12:52:25.074 info  [caliper] [worker-message-handler] 	Preparing Worker#0 for Round#6
2026.10.07-12:52:25.078 info  [caliper] [connectors/peer-gateway/PeerGateway] 	Generating contract map for user User1@org1.example.com
2026.10.07-12:52:25.078 info  [caliper] [caliper-worker] 	Info: worker 0 prepare test phase for round 6 is starting...
2026.10.07-12:52:25.079 info  [caliper] [connectors/peer-gateway/PeerGateway] 	disconnecting gateway for user User1@org1.example.com
2026.10.07-12:52:25.079 info  [caliper] [connectors/peer-gateway/PeerGateway] 	disconnecting gRpc client at peer peer0.org1.example.com
2026.10.07-12:52:25.079 info  [caliper] [caliper-worker] 	Info: worker 0 prepare test phase for round 6 is completed
2026.10.07-12:52:25.079 info  [caliper] [worker-message-handler] 	Worker#0 prepared for Round#6
2026.10.07-12:52:25.080 info  [caliper] [worker-orchestrator] 	1 workers prepared, progressing to test phase.
2026.10.07-12:52:25.080 info  [caliper] [round-orchestrator] 	Monitors successfully started
2026.10.07-12:52:25.080 info  [caliper] [worker-message-handler] 	Worker#0 is starting Round#6
2026.10.07-12:52:25.081 info  [caliper] [connectors/peer-gateway/PeerGateway] 	Generating contract map for user User1@org1.example.com
2026.10.07-12:52:25.082 info  [caliper] [caliper-worker] 	Worker #0 starting workload loop
2026.10.07-12:52:30.081 info  [caliper] [default-observer] 	[issue-200tps Round 6 Transaction Info] - Submitted: 799 Succ: 775 Fail:0 Unfinished:24
2026.10.07-12:52:35.081 info  [caliper] [default-observer] 	[issue-200tps Round 6 Transaction Info] - Submitted: 1801 Succ: 1762 Fail:0 Unfinished:39
2026.10.07-12:52:40.082 info  [caliper] [default-observer] 	[issue-200tps Round 6 Transaction Info] - Submitted: 2801 Succ: 2783 Fail:0 Unfinished:18
2026.10.07-12:52:45.084 info  [caliper] [default-observer] 	[issue-200tps Round 6 Transaction Info] - Submitted: 3803 Succ: 3761 Fail:0 Unfinished:42
2026.10.07-12:52:50.084 info  [caliper] [default-observer] 	[issue-200tps Round 6 Transaction Info] - Submitted: 4804 Succ: 4787 Fail:0 Unfinished:17
2026.10.07-12:52:55.085 info  [caliper] [default-observer] 	[issue-200tps Round 6 Transaction Info] - Submitted: 5808 Succ: 5766 Fail:0 Unfinished:42
2026.10.07-12:52:56.183 info  [caliper] [connectors/peer-gateway/PeerGateway] 	disconnecting gateway for user User1@org1.example.com
2026.10.07-12:52:56.184 info  [caliper] [connectors/peer-gateway/PeerGateway] 	disconnecting gRpc client at peer peer0.org1.example.com
2026.10.07-12:52:56.184 info  [caliper] [worker-message-handler] 	Worker#0 finished Round#6
2026.10.07-12:53:01.186 info  [caliper] [default-observer] 	Resetting txCount indicator count
2026.10.07-12:53:01.186 info  [caliper] [report-builder] 	### Test result ###
2026.10.07-12:53:01.187 info  [caliper] [report-builder] 	
+--------------+------+------+-----------------+-----------------+-----------------+-----------------+------------------+
| Name         | Succ | Fail | Send Rate (TPS) | Max Latency (s) | Min Latency (s) | Avg Latency (s) | Throughput (TPS) |
|--------------|------|------|-----------------|-----------------|-----------------|-----------------|------------------|
| issue-200tps | 6001 | 0    | 200.0           | 0.32            | 0.05            | 0.17            | 199.4            |
+--------------+------+------+-----------------+-----------------+-----------------+-----------------+------------------+

2026.10.07-12:53:01.187 info  [caliper] [round-orchestrator] 	Finished round 7 (issue-200tps) in 30.103 seconds
2026.10.07-12:53:01.187 info  [caliper] [monitor.js] 	Stopping all monitors
2026.10.07-12:53:01.187 info  [caliper] [round-orchestrator] 	Waiting 5 seconds for the next round...
2026.10.07-12:53:06.188 info  [caliper] [round-orchestrator] 	Started round 8 (issue-300tps)
2026.10.07-12:53:06.188 info  [caliper] [worker-message-handler] 	Preparing Worker#0 for Round#7
2026.10.07-12:53:06.190 info  [caliper] [connectors/peer-gateway/PeerGateway] 	Generating contract map for user User1@org1.example.com
2026.10.07-12:53:06.190 info  [caliper] [caliper-worker] 	Info: worker 0 prepare test phase for round 7 is starting...
2026.10.07-12:53:06.191 info  [caliper] [connectors/peer-gateway/PeerGateway] 	disconnecting gateway for user User1@org1.example.com
2026.10.07-12:53:06.191 info  [caliper] [connectors/peer-gateway/PeerGateway] 	disconnecting gRpc client at peer peer0.org1.example.com
2026.10.07-12:53:06.192 info  [caliper] [caliper-worker] 	Info: worker 0 prepare test phase for round 7 is completed
2026.10.07-12:53:06.192 info  [caliper] [worker-message-handler] 	Worker#0 prepared for Round#7
2026.10.07-12:53:06.192 info  [caliper] [worker-orchestrator] 	1 workers prepared, progressing to test phase.
2026.10.07-12:53:06.192 info  [caliper] [round-orchestrator] 	Monitors successfully started
2026.10.07-12:53:06.192 info  [caliper] [worker-message-handler] 	Worker#0 is starting Round#7
2026.10.07-12:53:06.193 info  [caliper] [connectors/peer-gateway/PeerGateway] 	Generating contract map for user User1@org1.example.com
2026.10.07-12:53:06.194 info  [caliper] [caliper-worker] 	Worker #0 starting workload loop
2026.10.07-12:53:11.193 info  [caliper] [default-observer] 	[issue-300tps Round 7 Transaction Info] - Submitted: 859 Succ: 838 Fail:0 Unfinished:21
2026.10.07-12:53:16.194 info  [caliper] [default-observer] 	[issue-300tps Round 7 Transaction Info] - Submitted: 1937 Succ: 1897 Fail:0 Unfinished:40
2026.10.07-12:53:21.195 info  [caliper] [default-observer] 	[issue-300tps Round 7 Transaction Info] - Submitted: 3008 Succ: 2955 Fail:0 Unfinished:53
2026.10.07-12:53:26.196 info  [caliper] [default-observer] 	[issue-300tps Round 7 Transaction Info] - Submitted: 4075 Succ: 4044 Fail:0 Unfinished:31
2026.10.07-12:53:31.197 info  [caliper] [default-observer] 	[issue-300tps Round 7 Transaction Info] - Submitted: 5139 Succ: 5111 Fail:0 Unfinished:28
2026.10.07-12:53:36.200 info  [caliper] [default-observer] 	[issue-300tps Round 7 Transaction Info] - Submitted: 6234 Succ: 6179 Fail:0 Unfinished:55
2026.10.07-12:53:37.494 info  [caliper] [connectors/peer-gateway/PeerGateway] 	disconnecting gateway for user User1@org1.example.com
2026.10.07-12:53:37.494 info  [caliper] [connectors/peer-gateway/PeerGateway] 	disconnecting gRpc client at peer peer0.org1.example.com
2026.10.07-12:53:37.495 info  [caliper] [worker-message-handler] 	Worker#0 finished Round#7
2026.10.07-12:53:42.496 info  [caliper] [default-observer] 	Resetting txCount indicator count
2026.10.07-12:53:42.497 info  [caliper] [report-builder] 	### Test result ###
2026.10.07-12:53:42.497 info  [caliper] [report-builder] 	
+--------------+------+------+-----------------+-----------------+-----------------+-----------------+------------------+
| Name         | Succ | Fail | Send Rate (TPS) | Max Latency (s) | Min Latency (s) | Avg Latency (s) | Throughput (TPS) |
|--------------|------|------|-----------------|-----------------|-----------------|-----------------|------------------|
| issue-300tps | 6435 | 0    | 214.5           | 0.47            | 0.06            | 0.22            | 213.0            |
+--------------+------+------+-----------------+-----------------+-----------------+-----------------+------------------+

2026.10.07-12:53:42.497 info  [caliper] [round-orchestrator] 	Finished round 8 (issue-300tps) in 30.3 seconds
2026.10.07-12:53:42.497 info  [caliper] [monitor.js] 	Stopping all monitors
2026.10.07-12:53:42.498 info  [caliper] [round-orchestrator] 	Waiting 5 seconds for the next round...
2026.10.07-12:53:47.502 info  [caliper] [round-orchestrator] 	Started round 9 (verify-100tps)
2026.10.07-12:53:47.503 info  [caliper] [worker-message-handler] 	Preparing Worker#0 for Round#8
2026.10.07-12:53:47.507 info  [caliper] [connectors/peer-gateway/PeerGateway] 	Generating contract map for user User1@org1.example.com
2026.10.07-12:53:47.507 info  [caliper] [caliper-worker] 	Info: worker 0 prepare test phase for round 8 is starting...
2026.10.07-12:53:47.508 info  [caliper] [connectors/peer-gateway/PeerGateway] 	disconnecting gateway for user User1@org1.example.com
2026.10.07-12:53:47.508 info  [caliper] [connectors/peer-gateway/PeerGateway] 	disconnecting gRpc client at peer peer0.org1.example.com
2026.10.07-12:53:47.508 info  [caliper] [caliper-worker] 	Info: worker 0 prepare test phase for round 8 is completed
2026.10.07-12:53:47.509 info  [caliper] [worker-message-handler] 	Worker#0 prepared for Round#8
2026.10.07-12:53:47.509 info  [caliper] [worker-orchestrator] 	1 workers prepared, progressing to test phase.
2026.10.07-12:53:47.509 info  [caliper] [round-orchestrator] 	Monitors successfully started
2026.10.07-12:53:47.510 info  [caliper] [worker-message-handler] 	Worker#0 is starting Round#8
2026.10.07-12:53:47.511 info  [caliper] [connectors/peer-gateway/PeerGateway] 	Generating contract map for user User1@org1.example.com
2026.10.07-12:53:47.511 info  [caliper] [caliper-worker] 	Worker #0 starting workload loop
2026.10.07-12:53:52.510 info  [caliper] [default-observer] 	[verify-100tps Round 8 Transaction Info] - Submitted: 400 Succ: 400 Fail:0 Unfinished:0
2026.10.07-12:53:57.511 info  [caliper] [default-observer] 	[verify-100tps Round 8 Transaction Info] - Submitted: 900 Succ: 900 Fail:0 Unfinished:0
2026.10.07-12:54:02.512 info  [caliper] [default-observer] 	[verify-100tps Round 8 Transaction Info] - Submitted: 1501 Succ: 1500 Fail:0 Unfinished:1
2026.10.07-12:54:07.512 info  [caliper] [default-observer] 	[verify-100tps Round 8 Transaction Info] - Submitted: 2000 Succ: 2000 Fail:0 Unfinished:0
2026.10.07-12:54:12.512 info  [caliper] [default-observer] 	[verify-100tps Round 8 Transaction Info] - Submitted: 2500 Succ: 2500 Fail:0 Unfinished:0
2026.10.07-12:54:17.512 info  [caliper] [default-observer] 	[verify-100tps Round 8 Transaction Info] - Submitted: 3001 Succ: 3000 Fail:0 Unfinished:1
2026.10.07-12:54:18.613 info  [caliper] [connectors/peer-gateway/PeerGateway] 	disconnecting gateway for user User1@org1.example.com
2026.10.07-12:54:18.613 info  [caliper] [connectors/peer-gateway/PeerGateway] 	disconnecting gRpc client at peer peer0.org1.example.com
2026.10.07-12:54:18.613 info  [caliper] [worker-message-handler] 	Worker#0 finished Round#8
2026.10.07-12:54:23.615 info  [caliper] [default-observer] 	Resetting txCount indicator count
2026.10.07-12:54:23.615 info  [caliper] [report-builder] 	### Test result ###
2026.10.07-12:54:23.616 info  [caliper] [report-builder] 	
+---------------+------+------+-----------------+-----------------+-----------------+-----------------+------------------+
| Name          | Succ | Fail | Send Rate (TPS) | Max Latency (s) | Min Latency (s) | Avg Latency (s) | Throughput (TPS) |
|---------------|------|------|-----------------|-----------------|-----------------|-----------------|------------------|
| verify-100tps | 3001 | 0    | 100.0           | 0.01            | 0.00            | 0.00            | 100.0            |
+---------------+------+------+-----------------+-----------------+-----------------+-----------------+------------------+

2026.10.07-12:54:23.616 info  [caliper] [round-orchestrator] 	Finished round 9 (verify-100tps) in 30.101 seconds
2026.10.07-12:54:23.616 info  [caliper] [monitor.js] 	Stopping all monitors
2026.10.07-12:54:23.616 info  [caliper] [round-orchestrator] 	Waiting 5 seconds for the next round...
2026.10.07-12:54:28.618 info  [caliper] [round-orchestrator] 	Started round 10 (verify-200tps)
2026.10.07-12:54:28.619 info  [caliper] [worker-message-handler] 	Preparing Worker#0 for Round#9
2026.10.07-12:54:28.620 info  [caliper] [connectors/peer-gateway/PeerGateway] 	Generating contract map for user User1@org1.example.com
2026.10.07-12:54:28.620 info  [caliper] [caliper-worker] 	Info: worker 0 prepare test phase for round 9 is starting...
2026.10.07-12:54:28.622 info  [caliper] [connectors/peer-gateway/PeerGateway] 	disconnecting gateway for user User1@org1.example.com
2026.10.07-12:54:28.622 info  [caliper] [connectors/peer-gateway/PeerGateway] 	disconnecting gRpc client at peer peer0.org1.example.com
2026.10.07-12:54:28.622 info  [caliper] [caliper-worker] 	Info: worker 0 prepare test phase for round 9 is completed
2026.10.07-12:54:28.622 info  [caliper] [worker-message-handler] 	Worker#0 prepared for Round#9
2026.10.07-12:54:28.622 info  [caliper] [worker-orchestrator] 	1 workers prepared, progressing to test phase.
2026.10.07-12:54:28.622 info  [caliper] [round-orchestrator] 	Monitors successfully started
2026.10.07-12:54:28.623 info  [caliper] [worker-message-handler] 	Worker#0 is starting Round#9
2026.10.07-12:54:28.624 info  [caliper] [connectors/peer-gateway/PeerGateway] 	Generating contract map for user User1@org1.example.com
2026.10.07-12:54:28.624 info  [caliper] [caliper-worker] 	Worker #0 starting workload loop
2026.10.07-12:54:33.623 info  [caliper] [default-observer] 	[verify-200tps Round 9 Transaction Info] - Submitted: 801 Succ: 800 Fail:0 Unfinished:1
2026.10.07-12:54:38.625 info  [caliper] [default-observer] 	[verify-200tps Round 9 Transaction Info] - Submitted: 1801 Succ: 1800 Fail:0 Unfinished:1
2026.10.07-12:54:43.625 info  [caliper] [default-observer] 	[verify-200tps Round 9 Transaction Info] - Submitted: 2801 Succ: 2800 Fail:0 Unfinished:1
2026.10.07-12:54:48.626 info  [caliper] [default-observer] 	[verify-200tps Round 9 Transaction Info] - Submitted: 4001 Succ: 4000 Fail:0 Unfinished:1
2026.10.07-12:54:53.625 info  [caliper] [default-observer] 	[verify-200tps Round 9 Transaction Info] - Submitted: 5000 Succ: 5000 Fail:0 Unfinished:0
2026.10.07-12:54:58.625 info  [caliper] [default-observer] 	[verify-200tps Round 9 Transaction Info] - Submitted: 6000 Succ: 6000 Fail:0 Unfinished:0
2026.10.07-12:54:59.726 info  [caliper] [connectors/peer-gateway/PeerGateway] 	disconnecting gateway for user User1@org1.example.com
2026.10.07-12:54:59.726 info  [caliper] [connectors/peer-gateway/PeerGateway] 	disconnecting gRpc client at peer peer0.org1.example.com
2026.10.07-12:54:59.726 info  [caliper] [worker-message-handler] 	Worker#0 finished Round#9
2026.10.07-12:55:04.727 info  [caliper] [default-observer] 	Resetting txCount indicator count
2026.10.07-12:55:04.728 info  [caliper] [report-builder] 	### Test result ###
2026.10.07-12:55:04.728 info  [caliper] [report-builder] 	
+---------------+------+------+-----------------+-----------------+-----------------+-----------------+------------------+
| Name          | Succ | Fail | Send Rate (TPS) | Max Latency (s) | Min Latency (s) | Avg Latency (s) | Throughput (TPS) |
|---------------|------|------|-----------------|-----------------|-----------------|-----------------|------------------|
| verify-200tps | 6001 | 0    | 200.0           | 0.01            | 0.00            | 0.00            | 200.0            |
+---------------+------+------+-----------------+-----------------+-----------------+-----------------+------------------+

2026.10.07-12:55:04.728 info  [caliper] [round-orchestrator] 	Finished round 10 (verify-200tps) in 30.101 seconds
2026.10.07-12:55:04.728 info  [caliper] [monitor.js] 	Stopping all monitors
2026.10.07-12:55:04.728 info  [caliper] [round-orchestrator] 	Waiting 5 seconds for the next round...
2026.10.07-12:55:09.734 info  [caliper] [round-orchestrator] 	Started round 11 (verify-400tps)
2026.10.07-12:55:09.734 info  [caliper] [worker-message-handler] 	Preparing Worker#0 for Round#10
2026.10.07-12:55:09.738 info  [caliper] [connectors/peer-gateway/PeerGateway] 	Generating contract map for user User1@org1.example.com
2026.10.07-12:55:09.739 info  [caliper] [caliper-worker] 	Info: worker 0 prepare test phase for round 10 is starting...
2026.10.07-12:55:09.740 info  [caliper] [connectors/peer-gateway/PeerGateway] 	disconnecting gateway for user User1@org1.example.com
2026.10.07-12:55:09.740 info  [caliper] [connectors/peer-gateway/PeerGateway] 	disconnecting gRpc client at peer peer0.org1.example.com
2026.10.07-12:55:09.740 info  [caliper] [caliper-worker] 	Info: worker 0 prepare test phase for round 10 is completed
2026.10.07-12:55:09.740 info  [caliper] [worker-message-handler] 	Worker#0 prepared for Round#10
2026.10.07-12:55:09.741 info  [caliper] [worker-orchestrator] 	1 workers prepared, progressing to test phase.
2026.10.07-12:55:09.741 info  [caliper] [round-orchestrator] 	Monitors successfully started
2026.10.07-12:55:09.741 info  [caliper] [worker-message-handler] 	Worker#0 is starting Round#10
2026.10.07-12:55:09.742 info  [caliper] [connectors/peer-gateway/PeerGateway] 	Generating contract map for user User1@org1.example.com
2026.10.07-12:55:09.743 info  [caliper] [caliper-worker] 	Worker #0 starting workload loop
2026.10.07-12:55:14.743 info  [caliper] [default-observer] 	[verify-400tps Round 10 Transaction Info] - Submitted: 2000 Succ: 1998 Fail:0 Unfinished:2
2026.10.07-12:55:19.743 info  [caliper] [default-observer] 	[verify-400tps Round 10 Transaction Info] - Submitted: 4000 Succ: 3999 Fail:0 Unfinished:1
2026.10.07-12:55:24.743 info  [caliper] [default-observer] 	[verify-400tps Round 10 Transaction Info] - Submitted: 5600 Succ: 5598 Fail:0 Unfinished:2
2026.10.07-12:55:29.743 info  [caliper] [default-observer] 	[verify-400tps Round 10 Transaction Info] - Submitted: 8000 Succ: 7999 Fail:0 Unfinished:1
2026.10.07-12:55:34.743 info  [caliper] [default-observer] 	[verify-400tps Round 10 Transaction Info] - Submitted: 10000 Succ: 9999 Fail:0 Unfinished:1
2026.10.07-12:55:39.744 info  [caliper] [default-observer] 	[verify-400tps Round 10 Transaction Info] - Submitted: 11601 Succ: 11599 Fail:0 Unfinished:2
2026.10.07-12:55:40.844 info  [caliper] [connectors/peer-gateway/PeerGateway] 	disconnecting gateway for user User1@org1.example.com
2026.10.07-12:55:40.844 info  [caliper] [connectors/peer-gateway/PeerGateway] 	disconnecting gRpc client at peer peer0.org1.example.com
2026.10.07-12:55:40.844 info  [caliper] [worker-message-handler] 	Worker#0 finished Round#10
2026.10.07-12:55:45.846 info  [caliper] [default-observer] 	Resetting txCount indicator count
2026.10.07-12:55:45.846 info  [caliper] [report-builder] 	### Test result ###
2026.10.07-12:55:45.847 info  [caliper] [report-builder] 	
+---------------+-------+------+-----------------+-----------------+-----------------+-----------------+------------------+
| Name          | Succ  | Fail | Send Rate (TPS) | Max Latency (s) | Min Latency (s) | Avg Latency (s) | Throughput (TPS) |
|---------------|-------|------|-----------------|-----------------|-----------------|-----------------|------------------|
| verify-400tps | 12001 | 0    | 400.0           | 0.02            | 0.00            | 0.00            | 400.0            |
+---------------+-------+------+-----------------+-----------------+-----------------+-----------------+------------------+

2026.10.07-12:55:45.847 info  [caliper] [round-orchestrator] 	Finished round 11 (verify-400tps) in 30.1 seconds
2026.10.07-12:55:45.847 info  [caliper] [monitor.js] 	Stopping all monitors
2026.10.07-12:55:45.847 info  [caliper] [round-orchestrator] 	Waiting 5 seconds for the next round...
2026.10.07-12:55:50.853 info  [caliper] [round-orchestrator] 	Started round 12 (verify-600tps)
2026.10.07-12:55:50.853 info  [caliper] [worker-message-handler] 	Preparing Worker#0 for Round#11
2026.10.07-12:55:50.857 info  [caliper] [connectors/peer-gateway/PeerGateway] 	Generating contract map for user User1@org1.example.com
2026.10.07-12:55:50.858 info  [caliper] [caliper-worker] 	Info: worker 0 prepare test phase for round 11 is starting...
2026.10.07-12:55:50.859 info  [caliper] [connectors/peer-gateway/PeerGateway] 	disconnecting gateway for user User1@org1.example.com
2026.10.07-12:55:50.859 info  [caliper] [connectors/peer-gateway/PeerGateway] 	disconnecting gRpc client at peer peer0.org1.example.com
2026.10.07-12:55:50.859 info  [caliper] [caliper-worker] 	Info: worker 0 prepare test phase for round 11 is completed
2026.10.07-12:55:50.859 info  [caliper] [worker-message-handler] 	Worker#0 prepared for Round#11
2026.10.07-12:55:50.859 info  [caliper] [worker-orchestrator] 	1 workers prepared, progressing to test phase.
2026.10.07-12:55:50.860 info  [caliper] [round-orchestrator] 	Monitors successfully started
2026.10.07-12:55:50.860 info  [caliper] [worker-message-handler] 	Worker#0 is starting Round#11
2026.10.07-12:55:50.861 info  [caliper] [connectors/peer-gateway/PeerGateway] 	Generating contract map for user User1@org1.example.com
2026.10.07-12:55:50.861 info  [caliper] [caliper-worker] 	Worker #0 starting workload loop
2026.10.07-12:55:55.861 info  [caliper] [default-observer] 	[verify-600tps Round 11 Transaction Info] - Submitted: 2331 Succ: 2329 Fail:0 Unfinished:2
2026.10.07-12:56:00.863 info  [caliper] [default-observer] 	[verify-600tps Round 11 Transaction Info] - Submitted: 5800 Succ: 5797 Fail:0 Unfinished:3
2026.10.07-12:56:05.864 info  [caliper] [default-observer] 	[verify-600tps Round 11 Transaction Info] - Submitted: 8688 Succ: 8685 Fail:0 Unfinished:3
2026.10.07-12:56:10.863 info  [caliper] [default-observer] 	[verify-600tps Round 11 Transaction Info] - Submitted: 11599 Succ: 11597 Fail:0 Unfinished:2
2026.10.07-12:56:15.864 info  [caliper] [default-observer] 	[verify-600tps Round 11 Transaction Info] - Submitted: 14500 Succ: 14497 Fail:0 Unfinished:3
2026.10.07-12:56:20.864 info  [caliper] [default-observer] 	[verify-600tps Round 11 Transaction Info] - Submitted: 16804 Succ: 16803 Fail:0 Unfinished:1
2026.10.07-12:56:21.962 info  [caliper] [connectors/peer-gateway/PeerGateway] 	disconnecting gateway for user User1@org1.example.com
2026.10.07-12:56:21.962 info  [caliper] [connectors/peer-gateway/PeerGateway] 	disconnecting gRpc client at peer peer0.org1.example.com
2026.10.07-12:56:21.962 info  [caliper] [worker-message-handler] 	Worker#0 finished Round#11
2026.10.07-12:56:26.964 info  [caliper] [default-observer] 	Resetting txCount indicator count
2026.10.07-12:56:26.964 info  [caliper] [report-builder] 	### Test result ###
2026.10.07-12:56:26.965 info  [caliper] [report-builder] 	
+---------------+-------+------+-----------------+-----------------+-----------------+-----------------+------------------+
| Name          | Succ  | Fail | Send Rate (TPS) | Max Latency (s) | Min Latency (s) | Avg Latency (s) | Throughput (TPS) |
|---------------|-------|------|-----------------|-----------------|-----------------|-----------------|------------------|
| verify-600tps | 17380 | 0    | 579.4           | 0.02            | 0.00            | 0.00            | 579.3            |
+---------------+-------+------+-----------------+-----------------+-----------------+-----------------+------------------+

2026.10.07-12:56:26.965 info  [caliper] [round-orchestrator] 	Finished round 12 (verify-600tps) in 30.1 seconds
2026.10.07-12:56:26.965 info  [caliper] [monitor.js] 	Stopping all monitors
2026.10.07-12:56:26.965 info  [caliper] [round-orchestrator] 	Waiting 5 seconds for the next round...
2026.10.07-12:56:31.968 info  [caliper] [round-orchestrator] 	Started round 13 (audit-10tps)
2026.10.07-12:56:31.969 info  [caliper] [worker-message-handler] 	Preparing Worker#0 for Round#12
2026.10.07-12:56:31.973 info  [caliper] [connectors/peer-gateway/PeerGateway] 	Generating contract map for user User1@org1.example.com
2026.10.07-12:56:31.973 info  [caliper] [caliper-worker] 	Info: worker 0 prepare test phase for round 12 is starting...
2026.10.07-12:56:31.974 info  [caliper] [connectors/peer-gateway/PeerGateway] 	disconnecting gateway for user User1@org1.example.com
2026.10.07-12:56:31.974 info  [caliper] [connectors/peer-gateway/PeerGateway] 	disconnecting gRpc client at peer peer0.org1.example.com
2026.10.07-12:56:31.974 info  [caliper] [caliper-worker] 	Info: worker 0 prepare test phase for round 12 is completed
2026.10.07-12:56:31.974 info  [caliper] [worker-message-handler] 	Worker#0 prepared for Round#12
2026.10.07-12:56:31.975 info  [caliper] [worker-orchestrator] 	1 workers prepared, progressing to test phase.
2026.10.07-12:56:31.975 info  [caliper] [round-orchestrator] 	Monitors successfully started
2026.10.07-12:56:31.975 info  [caliper] [worker-message-handler] 	Worker#0 is starting Round#12
2026.10.07-12:56:31.976 info  [caliper] [connectors/peer-gateway/PeerGateway] 	Generating contract map for user User1@org1.example.com
2026.10.07-12:56:31.977 info  [caliper] [caliper-worker] 	Worker #0 starting workload loop
2026.10.07-12:56:36.976 info  [caliper] [default-observer] 	[audit-10tps Round 12 Transaction Info] - Submitted: 41 Succ: 39 Fail:0 Unfinished:2
2026.10.07-12:56:41.977 info  [caliper] [default-observer] 	[audit-10tps Round 12 Transaction Info] - Submitted: 100 Succ: 100 Fail:0 Unfinished:0
2026.10.07-12:56:46.977 info  [caliper] [default-observer] 	[audit-10tps Round 12 Transaction Info] - Submitted: 150 Succ: 149 Fail:0 Unfinished:1
2026.10.07-12:56:51.978 info  [caliper] [default-observer] 	[audit-10tps Round 12 Transaction Info] - Submitted: 191 Succ: 190 Fail:0 Unfinished:1
2026.10.07-12:56:56.978 info  [caliper] [default-observer] 	[audit-10tps Round 12 Transaction Info] - Submitted: 241 Succ: 238 Fail:0 Unfinished:3
2026.10.07-12:57:01.979 info  [caliper] [default-observer] 	[audit-10tps Round 12 Transaction Info] - Submitted: 291 Succ: 290 Fail:0 Unfinished:1
2026.10.07-12:57:03.279 info  [caliper] [connectors/peer-gateway/PeerGateway] 	disconnecting gateway for user User1@org1.example.com
2026.10.07-12:57:03.279 info  [caliper] [connectors/peer-gateway/PeerGateway] 	disconnecting gRpc client at peer peer0.org1.example.com
2026.10.07-12:57:03.279 info  [caliper] [worker-message-handler] 	Worker#0 finished Round#12
2026.10.07-12:57:08.281 info  [caliper] [default-observer] 	Resetting txCount indicator count
2026.10.07-12:57:08.281 info  [caliper] [report-builder] 	### Test result ###
2026.10.07-12:57:08.282 info  [caliper] [report-builder] 	
+-------------+------+------+-----------------+-----------------+-----------------+-----------------+------------------+
| Name        | Succ | Fail | Send Rate (TPS) | Max Latency (s) | Min Latency (s) | Avg Latency (s) | Throughput (TPS) |
|-------------|------|------|-----------------|-----------------|-----------------|-----------------|------------------|
| audit-10tps | 301  | 0    | 10.0            | 0.23            | 0.01            | 0.12            | 10.0             |
+-------------+------+------+-----------------+-----------------+-----------------+-----------------+------------------+

2026.10.07-12:57:08.282 info  [caliper] [round-orchestrator] 	Finished round 13 (audit-10tps) in 30.302 seconds
2026.10.07-12:57:08.282 info  [caliper] [monitor.js] 	Stopping all monitors
2026.10.07-12:57:08.282 info  [caliper] [round-orchestrator] 	Waiting 5 seconds for the next round...
2026.10.07-12:57:13.287 info  [caliper] [round-orchestrator] 	Started round 14 (audit-50tps)
2026.10.07-12:57:13.288 info  [caliper] [worker-message-handler] 	Preparing Worker#0 for Round#13
2026.10.07-12:57:13.289 info  [caliper] [connectors/peer-gateway/PeerGateway] 	Generating contract map for user User1@org1.example.com
2026.10.07-12:57:13.289 info  [caliper] [caliper-worker] 	Info: worker 0 prepare test phase for round 13 is starting...
2026.10.07-12:57:13.291 info  [caliper] [connectors/peer-gateway/PeerGateway] 	disconnecting gateway for user User1@org1.example.com
2026.10.07-12:57:13.291 info  [caliper] [connectors/peer-gateway/PeerGateway] 	disconnecting gRpc client at peer peer0.org1.example.com
2026.10.07-12:57:13.291 info  [caliper] [caliper-worker] 	Info: worker 0 prepare test phase for round 13 is completed
2026.10.07-12:57:13.291 info  [caliper] [worker-message-handler] 	Worker#0 prepared for Round#13
2026.10.07-12:57:13.291 info  [caliper] [worker-orchestrator] 	1 workers prepared, progressing to test phase.
2026.10.07-12:57:13.291 info  [caliper] [round-orchestrator] 	Monitors successfully started
2026.10.07-12:57:13.291 info  [caliper] [worker-message-handler] 	Worker#0 is starting Round#13
2026.10.07-12:57:13.292 info  [caliper] [connectors/peer-gateway/PeerGateway] 	Generating contract map for user User1@org1.example.com
2026.10.07-12:57:13.293 info  [caliper] [caliper-worker] 	Worker #0 starting workload loop
2026.10.07-12:57:18.292 info  [caliper] [default-observer] 	[audit-50tps Round 13 Transaction Info] - Submitted: 200 Succ: 198 Fail:0 Unfinished:2
2026.10.07-12:57:23.293 info  [caliper] [default-observer] 	[audit-50tps Round 13 Transaction Info] - Submitted: 451 Succ: 439 Fail:0 Unfinished:12
2026.10.07-12:57:28.294 info  [caliper] [default-observer] 	[audit-50tps Round 13 Transaction Info] - Submitted: 750 Succ: 747 Fail:0 Unfinished:3
2026.10.07-12:57:33.295 info  [caliper] [default-observer] 	[audit-50tps Round 13 Transaction Info] - Submitted: 951 Succ: 945 Fail:0 Unfinished:6
2026.10.07-12:57:38.295 info  [caliper] [default-observer] 	[audit-50tps Round 13 Transaction Info] - Submitted: 1201 Succ: 1196 Fail:0 Unfinished:5
2026.10.07-12:57:43.296 info  [caliper] [default-observer] 	[audit-50tps Round 13 Transaction Info] - Submitted: 1451 Succ: 1449 Fail:0 Unfinished:2
2026.10.07-12:57:44.396 info  [caliper] [connectors/peer-gateway/PeerGateway] 	disconnecting gateway for user User1@org1.example.com
2026.10.07-12:57:44.396 info  [caliper] [connectors/peer-gateway/PeerGateway] 	disconnecting gRpc client at peer peer0.org1.example.com
2026.10.07-12:57:44.396 info  [caliper] [worker-message-handler] 	Worker#0 finished Round#13
2026.10.07-12:57:49.397 info  [caliper] [default-observer] 	Resetting txCount indicator count
2026.10.07-12:57:49.397 info  [caliper] [report-builder] 	### Test result ###
2026.10.07-12:57:49.397 info  [caliper] [report-builder] 	
+-------------+------+------+-----------------+-----------------+-----------------+-----------------+------------------+
| Name        | Succ | Fail | Send Rate (TPS) | Max Latency (s) | Min Latency (s) | Avg Latency (s) | Throughput (TPS) |
|-------------|------|------|-----------------|-----------------|-----------------|-----------------|------------------|
| audit-50tps | 1501 | 0    | 50.0            | 0.23            | 0.02            | 0.12            | 49.9             |
+-------------+------+------+-----------------+-----------------+-----------------+-----------------+------------------+

2026.10.07-12:57:49.398 info  [caliper] [round-orchestrator] 	Finished round 14 (audit-50tps) in 30.102 seconds
2026.10.07-12:57:49.398 info  [caliper] [monitor.js] 	Stopping all monitors
2026.10.07-12:57:49.398 info  [caliper] [round-orchestrator] 	Waiting 5 seconds for the next round...
2026.10.07-12:57:54.403 info  [caliper] [round-orchestrator] 	Started round 15 (audit-100tps)
2026.10.07-12:57:54.404 info  [caliper] [worker-message-handler] 	Preparing Worker#0 for Round#14
2026.10.07-12:57:54.408 info  [caliper] [connectors/peer-gateway/PeerGateway] 	Generating contract map for user User1@org1.example.com
2026.10.07-12:57:54.408 info  [caliper] [caliper-worker] 	Info: worker 0 prepare test phase for round 14 is starting...
2026.10.07-12:57:54.409 info  [caliper] [connectors/peer-gateway/PeerGateway] 	disconnecting gateway for user User1@org1.example.com
2026.10.07-12:57:54.409 info  [caliper] [connectors/peer-gateway/PeerGateway] 	disconnecting gRpc client at peer peer0.org1.example.com
2026.10.07-12:57:54.409 info  [caliper] [caliper-worker] 	Info: worker 0 prepare test phase for round 14 is completed
2026.10.07-12:57:54.409 info  [caliper] [worker-message-handler] 	Worker#0 prepared for Round#14
2026.10.07-12:57:54.410 info  [caliper] [worker-orchestrator] 	1 workers prepared, progressing to test phase.
2026.10.07-12:57:54.410 info  [caliper] [round-orchestrator] 	Monitors successfully started
2026.10.07-12:57:54.410 info  [caliper] [worker-message-handler] 	Worker#0 is starting Round#14
2026.10.07-12:57:54.411 info  [caliper] [connectors/peer-gateway/PeerGateway] 	Generating contract map for user User1@org1.example.com
2026.10.07-12:57:54.412 info  [caliper] [caliper-worker] 	Worker #0 starting workload loop
2026.10.07-12:57:59.411 info  [caliper] [default-observer] 	[audit-100tps Round 14 Transaction Info] - Submitted: 401 Succ: 382 Fail:0 Unfinished:19
2026.10.07-12:58:04.411 info  [caliper] [default-observer] 	[audit-100tps Round 14 Transaction Info] - Submitted: 901 Succ: 883 Fail:0 Unfinished:18
2026.10.07-12:58:09.412 info  [caliper] [default-observer] 	[audit-100tps Round 14 Transaction Info] - Submitted: 1401 Succ: 1379 Fail:0 Unfinished:22
2026.10.07-12:58:14.413 info  [caliper] [default-observer] 	[audit-100tps Round 14 Transaction Info] - Submitted: 2001 Succ: 1987 Fail:0 Unfinished:14
2026.10.07-12:58:19.413 info  [caliper] [default-observer] 	[audit-100tps Round 14 Transaction Info] - Submitted: 2401 Succ: 2397 Fail:0 Unfinished:4
2026.10.07-12:58:24.414 info  [caliper] [default-observer] 	[audit-100tps Round 14 Transaction Info] - Submitted: 2901 Succ: 2894 Fail:0 Unfinished:7
2026.10.07-12:58:25.714 info  [caliper] [connectors/peer-gateway/PeerGateway] 	disconnecting gateway for user User1@org1.example.com
2026.10.07-12:58:25.714 info  [caliper] [connectors/peer-gateway/PeerGateway] 	disconnecting gRpc client at peer peer0.org1.example.com
2026.10.07-12:58:25.715 info  [caliper] [worker-message-handler] 	Worker#0 finished Round#14
2026.10.07-12:58:30.717 info  [caliper] [default-observer] 	Resetting txCount indicator count
2026.10.07-12:58:30.717 info  [caliper] [report-builder] 	### Test result ###
2026.10.07-12:58:30.717 info  [caliper] [report-builder] 	
+--------------+------+------+-----------------+-----------------+-----------------+-----------------+------------------+
| Name         | Succ | Fail | Send Rate (TPS) | Max Latency (s) | Min Latency (s) | Avg Latency (s) | Throughput (TPS) |
|--------------|------|------|-----------------|-----------------|-----------------|-----------------|------------------|
| audit-100tps | 3001 | 0    | 100.0           | 0.26            | 0.03            | 0.14            | 99.3             |
+--------------+------+------+-----------------+-----------------+-----------------+-----------------+------------------+

2026.10.07-12:58:30.718 info  [caliper] [round-orchestrator] 	Finished round 15 (audit-100tps) in 30.302 seconds
2026.10.07-12:58:30.718 info  [caliper] [monitor.js] 	Stopping all monitors
2026.10.07-12:58:30.718 info  [caliper] [round-orchestrator] 	Waiting 5 seconds for the next round...
2026.10.07-12:58:35.719 info  [caliper] [round-orchestrator] 	Started round 16 (audit-200tps)
2026.10.07-12:58:35.720 info  [caliper] [worker-message-handler] 	Preparing Worker#0 for Round#15
2026.10.07-12:58:35.724 info  [caliper] [connectors/peer-gateway/PeerGateway] 	Generating contract map for user User1@org1.example.com
2026.10.07-12:58:35.724 info  [caliper] [caliper-worker] 	Info: worker 0 prepare test phase for round 15 is starting...
2026.10.07-12:58:35.726 info  [caliper] [connectors/peer-gateway/PeerGateway] 	disconnecting gateway for user User1@org1.example.com
2026.10.07-12:58:35.726 info  [caliper] [connectors/peer-gateway/PeerGateway] 	disconnecting gRpc client at peer peer0.org1.example.com
2026.10.07-12:58:35.726 info  [caliper] [caliper-worker] 	Info: worker 0 prepare test phase for round 15 is completed
2026.10.07-12:58:35.726 info  [caliper] [worker-message-handler] 	Worker#0 prepared for Round#15
2026.10.07-12:58:35.726 info  [caliper] [worker-orchestrator] 	1 workers prepared, progressing to test phase.
2026.10.07-12:58:35.726 info  [caliper] [round-orchestrator] 	Monitors successfully started
2026.10.07-12:58:35.727 info  [caliper] [worker-message-handler] 	Worker#0 is starting Round#15
2026.10.07-12:58:35.728 info  [caliper] [connectors/peer-gateway/PeerGateway] 	Generating contract map for user User1@org1.example.com
2026.10.07-12:58:35.728 info  [caliper] [caliper-worker] 	Worker #0 starting workload loop
2026.10.07-12:58:40.727 info  [caliper] [default-observer] 	[audit-200tps Round 15 Transaction Info] - Submitted: 800 Succ: 749 Fail:0 Unfinished:51
2026.10.07-12:58:45.728 info  [caliper] [default-observer] 	[audit-200tps Round 15 Transaction Info] - Submitted: 1802 Succ: 1770 Fail:0 Unfinished:32
2026.10.07-12:58:50.729 info  [caliper] [default-observer] 	[audit-200tps Round 15 Transaction Info] - Submitted: 2801 Succ: 2785 Fail:0 Unfinished:16
2026.10.07-12:58:55.731 info  [caliper] [default-observer] 	[audit-200tps Round 15 Transaction Info] - Submitted: 3805 Succ: 3767 Fail:0 Unfinished:38
2026.10.07-12:59:00.733 info  [caliper] [default-observer] 	[audit-200tps Round 15 Transaction Info] - Submitted: 4807 Succ: 4754 Fail:0 Unfinished:53
2026.10.07-12:59:05.734 info  [caliper] [default-observer] 	[audit-200tps Round 15 Transaction Info] - Submitted: 5807 Succ: 5778 Fail:0 Unfinished:29
2026.10.07-12:59:06.932 info  [caliper] [connectors/peer-gateway/PeerGateway] 	disconnecting gateway for user User1@org1.example.com
2026.10.07-12:59:06.932 info  [caliper] [connectors/peer-gateway/PeerGateway] 	disconnecting gRpc client at peer peer0.org1.example.com
2026.10.07-12:59:06.932 info  [caliper] [worker-message-handler] 	Worker#0 finished Round#15
2026.10.07-12:59:11.934 info  [caliper] [default-observer] 	Resetting txCount indicator count
2026.10.07-12:59:11.934 info  [caliper] [report-builder] 	### Test result ###
2026.10.07-12:59:11.935 info  [caliper] [report-builder] 	
+--------------+------+------+-----------------+-----------------+-----------------+-----------------+------------------+
| Name         | Succ | Fail | Send Rate (TPS) | Max Latency (s) | Min Latency (s) | Avg Latency (s) | Throughput (TPS) |
|--------------|------|------|-----------------|-----------------|-----------------|-----------------|------------------|
| audit-200tps | 5998 | 0    | 199.9           | 0.32            | 0.06            | 0.18            | 198.9            |
+--------------+------+------+-----------------+-----------------+-----------------+-----------------+------------------+

2026.10.07-12:59:11.935 info  [caliper] [round-orchestrator] 	Finished round 16 (audit-200tps) in 30.203 seconds
2026.10.07-12:59:11.935 info  [caliper] [monitor.js] 	Stopping all monitors
2026.10.07-12:59:11.935 info  [caliper] [report-builder] 	### All test results ###
2026.10.07-12:59:11.937 info  [caliper] [report-builder] 	
+---------------+-------+------+-----------------+-----------------+-----------------+-----------------+------------------+
| Name          | Succ  | Fail | Send Rate (TPS) | Max Latency (s) | Min Latency (s) | Avg Latency (s) | Throughput (TPS) |
|---------------|-------|------|-----------------|-----------------|-----------------|-----------------|------------------|
| seed          | 500   | 0    | 89.8            | 0.57            | 0.07            | 0.33            | 86.8             |
|---------------|-------|------|-----------------|-----------------|-----------------|-----------------|------------------|
| issue-10tps   | 301   | 0    | 10.0            | 0.23            | 0.01            | 0.13            | 10.0             |
|---------------|-------|------|-----------------|-----------------|-----------------|-----------------|------------------|
| issue-25tps   | 751   | 0    | 25.0            | 0.23            | 0.02            | 0.12            | 25.0             |
|---------------|-------|------|-----------------|-----------------|-----------------|-----------------|------------------|
| issue-50tps   | 1501  | 0    | 50.0            | 0.24            | 0.02            | 0.13            | 49.8             |
|---------------|-------|------|-----------------|-----------------|-----------------|-----------------|------------------|
| issue-100tps  | 3001  | 0    | 100.0           | 0.26            | 0.03            | 0.14            | 99.5             |
|---------------|-------|------|-----------------|-----------------|-----------------|-----------------|------------------|
| issue-150tps  | 4501  | 0    | 150.0           | 0.28            | 0.04            | 0.15            | 149.5            |
|---------------|-------|------|-----------------|-----------------|-----------------|-----------------|------------------|
| issue-200tps  | 6001  | 0    | 200.0           | 0.32            | 0.05            | 0.17            | 199.4            |
|---------------|-------|------|-----------------|-----------------|-----------------|-----------------|------------------|
| issue-300tps  | 6435  | 0    | 214.5           | 0.47            | 0.06            | 0.22            | 213.0            |
|---------------|-------|------|-----------------|-----------------|-----------------|-----------------|------------------|
| verify-100tps | 3001  | 0    | 100.0           | 0.01            | 0.00            | 0.00            | 100.0            |
|---------------|-------|------|-----------------|-----------------|-----------------|-----------------|------------------|
| verify-200tps | 6001  | 0    | 200.0           | 0.01            | 0.00            | 0.00            | 200.0            |
|---------------|-------|------|-----------------|-----------------|-----------------|-----------------|------------------|
| verify-400tps | 12001 | 0    | 400.0           | 0.02            | 0.00            | 0.00            | 400.0            |
|---------------|-------|------|-----------------|-----------------|-----------------|-----------------|------------------|
| verify-600tps | 17380 | 0    | 579.4           | 0.02            | 0.00            | 0.00            | 579.3            |
|---------------|-------|------|-----------------|-----------------|-----------------|-----------------|------------------|
| audit-10tps   | 301   | 0    | 10.0            | 0.23            | 0.01            | 0.12            | 10.0             |
|---------------|-------|------|-----------------|-----------------|-----------------|-----------------|------------------|
| audit-50tps   | 1501  | 0    | 50.0            | 0.23            | 0.02            | 0.12            | 49.9             |
|---------------|-------|------|-----------------|-----------------|-----------------|-----------------|------------------|
| audit-100tps  | 3001  | 0    | 100.0           | 0.26            | 0.03            | 0.14            | 99.3             |
|---------------|-------|------|-----------------|-----------------|-----------------|-----------------|------------------|
| audit-200tps  | 5998  | 0    | 199.9           | 0.32            | 0.06            | 0.18            | 198.9            |
+---------------+-------+------+-----------------+-----------------+-----------------+-----------------+------------------+

2026.10.07-12:59:11.946 info  [caliper] [report-builder] 	Generated report with path /home/runner/work/bzt-id-experiments/bzt-id-experiments/fabric-bench/caliper/report.html
2026.10.07-12:59:11.946 info  [caliper] [monitor.js] 	Stopping all monitors
2026.10.07-12:59:11.946 info  [caliper] [worker-orchestrator] 	Sending exit message to connected workers
2026.10.07-12:59:11.946 info  [caliper] [round-orchestrator] 	Benchmark finished in 629.871 seconds. Total rounds: 16. Successful rounds: 16. Failed rounds: 0.
2026.10.07-12:59:11.946 info  [caliper] [caliper-engine] 	Skipping end command due to benchmark flow conditioning
2026.10.07-12:59:11.946 info  [caliper] [cli-launch-manager] 	Benchmark successfully finished!
2026.10.07-12:59:11.947 info  [caliper] [worker-message-handler] 	Worker#0 is exiting
