2026.10.07-11:23:18.101 info  [caliper] [cli-launch-manager] 	Set workspace path: /home/runner/work/bzt-id-experiments/bzt-id-experiments/fabric-bench/caliper
2026.10.07-11:23:18.101 info  [caliper] [cli-launch-manager] 	Set benchmark configuration path: /home/runner/work/bzt-id-experiments/bzt-id-experiments/fabric-bench/caliper/benchmarks/config.yaml
2026.10.07-11:23:18.102 info  [caliper] [cli-launch-manager] 	Set network configuration path: /home/runner/work/bzt-id-experiments/bzt-id-experiments/fabric-bench/caliper/networks/networkConfig.yaml
2026.10.07-11:23:18.102 info  [caliper] [cli-launch-manager] 	Set SUT type: fabric
2026.10.07-11:23:18.122 info  [caliper] [benchmark-validator] 	No observer specified, will default to `none`
2026.10.07-11:23:18.122 info  [caliper] [caliper-engine] 	Starting benchmark flow
2026.10.07-11:23:18.122 info  [caliper] [caliper-engine] 	Skipping start commands due to benchmark flow conditioning
2026.10.07-11:23:18.122 info  [caliper] [caliper-engine] 	Skipping initialization phase due to benchmark flow conditioning
2026.10.07-11:23:18.123 info  [caliper] [caliper-engine] 	Skipping install smart contract phase due to benchmark flow conditioning
2026.10.07-11:23:18.231 info  [caliper] [FabricConnectorFactory] 	Initializing peer gateway connector compatible with installed fabric-gateway SDK: 1.7.1
2026.10.07-11:23:18.249 info  [caliper] [IdentityManager] 	Adding User1@org1.example.com (admin=false) as User1@org1.example.com for organization Org1MSP
2026.10.07-11:23:18.252 info  [caliper] [monitor.js] 	No resource monitors specified
2026.10.07-11:23:18.253 info  [caliper] [default-observer] 	Observer interval set to 5000 milliseconds
2026.10.07-11:23:18.257 info  [caliper] [round-orchestrator] 	Preparing worker connections
2026.10.07-11:23:18.258 info  [caliper] [worker-orchestrator] 	Launching worker 1 of 1
2026.10.07-11:23:18.262 info  [caliper] [worker-orchestrator] 	Messenger not configured, entering configure phase...
2026.10.07-11:23:18.263 info  [caliper] [worker-orchestrator] 	No existing workers detected, entering worker launch phase...
2026.10.07-11:23:18.263 info  [caliper] [worker-orchestrator] 	Waiting for 1 workers to be connected...
2026.10.07-11:23:18.509 info  [caliper] [cli-launch-worker] 	Set workspace path: /home/runner/work/bzt-id-experiments/bzt-id-experiments/fabric-bench/caliper
2026.10.07-11:23:18.510 info  [caliper] [cli-launch-worker] 	Set benchmark configuration path: /home/runner/work/bzt-id-experiments/bzt-id-experiments/fabric-bench/caliper/benchmarks/config.yaml
2026.10.07-11:23:18.510 info  [caliper] [cli-launch-worker] 	Set network configuration path: /home/runner/work/bzt-id-experiments/bzt-id-experiments/fabric-bench/caliper/networks/networkConfig.yaml
2026.10.07-11:23:18.511 info  [caliper] [cli-launch-worker] 	Set SUT type: fabric
2026.10.07-11:23:18.539 info  [caliper] [worker-orchestrator] 	1 workers connected, progressing to worker assignment phase.
2026.10.07-11:23:18.540 info  [caliper] [worker-orchestrator] 	Workers currently unassigned, awaiting index assignment...
2026.10.07-11:23:18.540 info  [caliper] [worker-orchestrator] 	Waiting for 1 workers to be assigned...
2026.10.07-11:23:18.561 info  [caliper] [worker-orchestrator] 	1 workers assigned, progressing to worker initialization phase.
2026.10.07-11:23:18.561 info  [caliper] [worker-orchestrator] 	Waiting for 1 workers to be ready...
2026.10.07-11:23:18.566 info  [caliper] [worker-message-handler] 	Initializing Worker#0...
2026.10.07-11:23:18.686 info  [caliper] [FabricConnectorFactory] 	Initializing peer gateway connector compatible with installed fabric-gateway SDK: 1.7.1
2026.10.07-11:23:18.690 info  [caliper] [IdentityManager] 	Adding User1@org1.example.com (admin=false) as User1@org1.example.com for organization Org1MSP
2026.10.07-11:23:18.695 info  [caliper] [worker-message-handler] 	Worker#0 initialized
2026.10.07-11:23:18.697 info  [caliper] [worker-orchestrator] 	1 workers ready, progressing to test preparation phase.
2026.10.07-11:23:18.697 info  [caliper] [round-orchestrator] 	Started round 1 (seed)
2026.10.07-11:23:18.699 info  [caliper] [worker-message-handler] 	Preparing Worker#0 for Round#0
2026.10.07-11:23:18.711 info  [caliper] [connectors/peer-gateway/PeerGateway] 	Generating contract map for user User1@org1.example.com
2026.10.07-11:23:18.711 info  [caliper] [caliper-worker] 	Info: worker 0 prepare test phase for round 0 is starting...
2026.10.07-11:23:18.712 info  [caliper] [connectors/peer-gateway/PeerGateway] 	disconnecting gateway for user User1@org1.example.com
2026.10.07-11:23:18.713 info  [caliper] [connectors/peer-gateway/PeerGateway] 	disconnecting gRpc client at peer peer0.org1.example.com
2026.10.07-11:23:18.713 info  [caliper] [caliper-worker] 	Info: worker 0 prepare test phase for round 0 is completed
2026.10.07-11:23:18.713 info  [caliper] [worker-message-handler] 	Worker#0 prepared for Round#0
2026.10.07-11:23:18.714 info  [caliper] [worker-orchestrator] 	1 workers prepared, progressing to test phase.
2026.10.07-11:23:18.714 info  [caliper] [round-orchestrator] 	Monitors successfully started
2026.10.07-11:23:18.715 info  [caliper] [worker-message-handler] 	Worker#0 is starting Round#0
2026.10.07-11:23:18.718 info  [caliper] [connectors/peer-gateway/PeerGateway] 	Generating contract map for user User1@org1.example.com
2026.10.07-11:23:18.719 info  [caliper] [caliper-worker] 	Worker #0 starting workload loop
2026.10.07-11:23:23.751 info  [caliper] [default-observer] 	[seed Round 0 Transaction Info] - Submitted: 132 Succ: 110 Fail:0 Unfinished:22
2026.10.07-11:23:26.519 info  [caliper] [connectors/peer-gateway/PeerGateway] 	disconnecting gateway for user User1@org1.example.com
2026.10.07-11:23:26.519 info  [caliper] [connectors/peer-gateway/PeerGateway] 	disconnecting gRpc client at peer peer0.org1.example.com
2026.10.07-11:23:26.519 info  [caliper] [worker-message-handler] 	Worker#0 finished Round#0
2026.10.07-11:23:31.522 info  [caliper] [default-observer] 	Resetting txCount indicator count
2026.10.07-11:23:31.523 info  [caliper] [report-builder] 	### Test result ###
2026.10.07-11:23:31.526 info  [caliper] [report-builder] 	
+------+------+------+-----------------+-----------------+-----------------+-----------------+------------------+
| Name | Succ | Fail | Send Rate (TPS) | Max Latency (s) | Min Latency (s) | Avg Latency (s) | Throughput (TPS) |
|------|------|------|-----------------|-----------------|-----------------|-----------------|------------------|
| seed | 500  | 0    | 77.0            | 1.92            | 0.03            | 0.25            | 76.6             |
+------+------+------+-----------------+-----------------+-----------------+-----------------+------------------+

2026.10.07-11:23:31.526 info  [caliper] [round-orchestrator] 	Finished round 1 (seed) in 6.8 seconds
2026.10.07-11:23:31.527 info  [caliper] [monitor.js] 	Stopping all monitors
2026.10.07-11:23:31.527 info  [caliper] [round-orchestrator] 	Waiting 5 seconds for the next round...
2026.10.07-11:23:36.529 info  [caliper] [round-orchestrator] 	Started round 2 (issue-10tps)
2026.10.07-11:23:36.530 info  [caliper] [worker-message-handler] 	Preparing Worker#0 for Round#1
2026.10.07-11:23:36.532 info  [caliper] [connectors/peer-gateway/PeerGateway] 	Generating contract map for user User1@org1.example.com
2026.10.07-11:23:36.533 info  [caliper] [caliper-worker] 	Info: worker 0 prepare test phase for round 1 is starting...
2026.10.07-11:23:36.534 info  [caliper] [connectors/peer-gateway/PeerGateway] 	disconnecting gateway for user User1@org1.example.com
2026.10.07-11:23:36.534 info  [caliper] [connectors/peer-gateway/PeerGateway] 	disconnecting gRpc client at peer peer0.org1.example.com
2026.10.07-11:23:36.534 info  [caliper] [caliper-worker] 	Info: worker 0 prepare test phase for round 1 is completed
2026.10.07-11:23:36.534 info  [caliper] [worker-message-handler] 	Worker#0 prepared for Round#1
2026.10.07-11:23:36.535 info  [caliper] [worker-orchestrator] 	1 workers prepared, progressing to test phase.
2026.10.07-11:23:36.535 info  [caliper] [round-orchestrator] 	Monitors successfully started
2026.10.07-11:23:36.535 info  [caliper] [worker-message-handler] 	Worker#0 is starting Round#1
2026.10.07-11:23:36.536 info  [caliper] [connectors/peer-gateway/PeerGateway] 	Generating contract map for user User1@org1.example.com
2026.10.07-11:23:36.537 info  [caliper] [caliper-worker] 	Worker #0 starting workload loop
2026.10.07-11:23:41.536 info  [caliper] [default-observer] 	[issue-10tps Round 1 Transaction Info] - Submitted: 41 Succ: 40 Fail:0 Unfinished:1
2026.10.07-11:23:46.537 info  [caliper] [default-observer] 	[issue-10tps Round 1 Transaction Info] - Submitted: 91 Succ: 90 Fail:0 Unfinished:1
2026.10.07-11:23:51.538 info  [caliper] [default-observer] 	[issue-10tps Round 1 Transaction Info] - Submitted: 141 Succ: 140 Fail:0 Unfinished:1
2026.10.07-11:23:56.538 info  [caliper] [default-observer] 	[issue-10tps Round 1 Transaction Info] - Submitted: 191 Succ: 190 Fail:0 Unfinished:1
2026.10.07-11:24:01.539 info  [caliper] [default-observer] 	[issue-10tps Round 1 Transaction Info] - Submitted: 251 Succ: 250 Fail:0 Unfinished:1
2026.10.07-11:24:06.540 info  [caliper] [default-observer] 	[issue-10tps Round 1 Transaction Info] - Submitted: 301 Succ: 300 Fail:0 Unfinished:1
2026.10.07-11:24:09.642 info  [caliper] [connectors/peer-gateway/PeerGateway] 	disconnecting gateway for user User1@org1.example.com
2026.10.07-11:24:09.642 info  [caliper] [connectors/peer-gateway/PeerGateway] 	disconnecting gRpc client at peer peer0.org1.example.com
2026.10.07-11:24:09.643 info  [caliper] [worker-message-handler] 	Worker#0 finished Round#1
2026.10.07-11:24:14.647 info  [caliper] [default-observer] 	Resetting txCount indicator count
2026.10.07-11:24:14.647 info  [caliper] [report-builder] 	### Test result ###
2026.10.07-11:24:14.648 info  [caliper] [report-builder] 	
+-------------+------+------+-----------------+-----------------+-----------------+-----------------+------------------+
| Name        | Succ | Fail | Send Rate (TPS) | Max Latency (s) | Min Latency (s) | Avg Latency (s) | Throughput (TPS) |
|-------------|------|------|-----------------|-----------------|-----------------|-----------------|------------------|
| issue-10tps | 301  | 0    | 10.0            | 2.02            | 0.02            | 0.48            | 9.4              |
+-------------+------+------+-----------------+-----------------+-----------------+-----------------+------------------+

2026.10.07-11:24:14.648 info  [caliper] [round-orchestrator] 	Finished round 2 (issue-10tps) in 32.106 seconds
2026.10.07-11:24:14.649 info  [caliper] [monitor.js] 	Stopping all monitors
2026.10.07-11:24:14.649 info  [caliper] [round-orchestrator] 	Waiting 5 seconds for the next round...
2026.10.07-11:24:19.654 info  [caliper] [round-orchestrator] 	Started round 3 (issue-25tps)
2026.10.07-11:24:19.655 info  [caliper] [worker-message-handler] 	Preparing Worker#0 for Round#2
2026.10.07-11:24:19.657 info  [caliper] [connectors/peer-gateway/PeerGateway] 	Generating contract map for user User1@org1.example.com
2026.10.07-11:24:19.657 info  [caliper] [caliper-worker] 	Info: worker 0 prepare test phase for round 2 is starting...
2026.10.07-11:24:19.658 info  [caliper] [connectors/peer-gateway/PeerGateway] 	disconnecting gateway for user User1@org1.example.com
2026.10.07-11:24:19.658 info  [caliper] [connectors/peer-gateway/PeerGateway] 	disconnecting gRpc client at peer peer0.org1.example.com
2026.10.07-11:24:19.659 info  [caliper] [caliper-worker] 	Info: worker 0 prepare test phase for round 2 is completed
2026.10.07-11:24:19.659 info  [caliper] [worker-message-handler] 	Worker#0 prepared for Round#2
2026.10.07-11:24:19.659 info  [caliper] [worker-orchestrator] 	1 workers prepared, progressing to test phase.
2026.10.07-11:24:19.659 info  [caliper] [round-orchestrator] 	Monitors successfully started
2026.10.07-11:24:19.661 info  [caliper] [worker-message-handler] 	Worker#0 is starting Round#2
2026.10.07-11:24:19.662 info  [caliper] [connectors/peer-gateway/PeerGateway] 	Generating contract map for user User1@org1.example.com
2026.10.07-11:24:19.662 info  [caliper] [caliper-worker] 	Worker #0 starting workload loop
2026.10.07-11:24:24.661 info  [caliper] [default-observer] 	[issue-25tps Round 2 Transaction Info] - Submitted: 101 Succ: 100 Fail:0 Unfinished:1
2026.10.07-11:24:29.662 info  [caliper] [default-observer] 	[issue-25tps Round 2 Transaction Info] - Submitted: 226 Succ: 220 Fail:0 Unfinished:6
2026.10.07-11:24:34.662 info  [caliper] [default-observer] 	[issue-25tps Round 2 Transaction Info] - Submitted: 351 Succ: 350 Fail:0 Unfinished:1
2026.10.07-11:24:39.663 info  [caliper] [default-observer] 	[issue-25tps Round 2 Transaction Info] - Submitted: 476 Succ: 470 Fail:0 Unfinished:6
2026.10.07-11:24:44.665 info  [caliper] [default-observer] 	[issue-25tps Round 2 Transaction Info] - Submitted: 626 Succ: 620 Fail:0 Unfinished:6
2026.10.07-11:24:49.665 info  [caliper] [default-observer] 	[issue-25tps Round 2 Transaction Info] - Submitted: 751 Succ: 750 Fail:0 Unfinished:1
2026.10.07-11:24:52.774 info  [caliper] [connectors/peer-gateway/PeerGateway] 	disconnecting gateway for user User1@org1.example.com
2026.10.07-11:24:52.774 info  [caliper] [connectors/peer-gateway/PeerGateway] 	disconnecting gRpc client at peer peer0.org1.example.com
2026.10.07-11:24:52.775 info  [caliper] [worker-message-handler] 	Worker#0 finished Round#2
2026.10.07-11:24:57.779 info  [caliper] [default-observer] 	Resetting txCount indicator count
2026.10.07-11:24:57.779 info  [caliper] [report-builder] 	### Test result ###
2026.10.07-11:24:57.780 info  [caliper] [report-builder] 	
+-------------+------+------+-----------------+-----------------+-----------------+-----------------+------------------+
| Name        | Succ | Fail | Send Rate (TPS) | Max Latency (s) | Min Latency (s) | Avg Latency (s) | Throughput (TPS) |
|-------------|------|------|-----------------|-----------------|-----------------|-----------------|------------------|
| issue-25tps | 751  | 0    | 25.0            | 2.02            | 0.02            | 0.21            | 23.5             |
+-------------+------+------+-----------------+-----------------+-----------------+-----------------+------------------+

2026.10.07-11:24:57.780 info  [caliper] [round-orchestrator] 	Finished round 3 (issue-25tps) in 32.111 seconds
2026.10.07-11:24:57.780 info  [caliper] [monitor.js] 	Stopping all monitors
2026.10.07-11:24:57.780 info  [caliper] [round-orchestrator] 	Waiting 5 seconds for the next round...
2026.10.07-11:25:02.786 info  [caliper] [round-orchestrator] 	Started round 4 (issue-50tps)
2026.10.07-11:25:02.786 info  [caliper] [worker-message-handler] 	Preparing Worker#0 for Round#3
2026.10.07-11:25:02.790 info  [caliper] [connectors/peer-gateway/PeerGateway] 	Generating contract map for user User1@org1.example.com
2026.10.07-11:25:02.791 info  [caliper] [caliper-worker] 	Info: worker 0 prepare test phase for round 3 is starting...
2026.10.07-11:25:02.792 info  [caliper] [connectors/peer-gateway/PeerGateway] 	disconnecting gateway for user User1@org1.example.com
2026.10.07-11:25:02.792 info  [caliper] [connectors/peer-gateway/PeerGateway] 	disconnecting gRpc client at peer peer0.org1.example.com
2026.10.07-11:25:02.792 info  [caliper] [caliper-worker] 	Info: worker 0 prepare test phase for round 3 is completed
2026.10.07-11:25:02.792 info  [caliper] [worker-message-handler] 	Worker#0 prepared for Round#3
2026.10.07-11:25:02.792 info  [caliper] [worker-orchestrator] 	1 workers prepared, progressing to test phase.
2026.10.07-11:25:02.793 info  [caliper] [round-orchestrator] 	Monitors successfully started
2026.10.07-11:25:02.793 info  [caliper] [worker-message-handler] 	Worker#0 is starting Round#3
2026.10.07-11:25:02.794 info  [caliper] [connectors/peer-gateway/PeerGateway] 	Generating contract map for user User1@org1.example.com
2026.10.07-11:25:02.794 info  [caliper] [caliper-worker] 	Worker #0 starting workload loop
2026.10.07-11:25:07.793 info  [caliper] [default-observer] 	[issue-50tps Round 3 Transaction Info] - Submitted: 201 Succ: 190 Fail:0 Unfinished:11
2026.10.07-11:25:12.794 info  [caliper] [default-observer] 	[issue-50tps Round 3 Transaction Info] - Submitted: 450 Succ: 448 Fail:0 Unfinished:2
2026.10.07-11:25:17.794 info  [caliper] [default-observer] 	[issue-50tps Round 3 Transaction Info] - Submitted: 701 Succ: 700 Fail:0 Unfinished:1
2026.10.07-11:25:22.795 info  [caliper] [default-observer] 	[issue-50tps Round 3 Transaction Info] - Submitted: 951 Succ: 950 Fail:0 Unfinished:1
2026.10.07-11:25:27.796 info  [caliper] [default-observer] 	[issue-50tps Round 3 Transaction Info] - Submitted: 1201 Succ: 1200 Fail:0 Unfinished:1
2026.10.07-11:25:32.797 info  [caliper] [default-observer] 	[issue-50tps Round 3 Transaction Info] - Submitted: 1451 Succ: 1450 Fail:0 Unfinished:1
2026.10.07-11:25:35.905 info  [caliper] [connectors/peer-gateway/PeerGateway] 	disconnecting gateway for user User1@org1.example.com
2026.10.07-11:25:35.905 info  [caliper] [connectors/peer-gateway/PeerGateway] 	disconnecting gRpc client at peer peer0.org1.example.com
2026.10.07-11:25:35.906 info  [caliper] [worker-message-handler] 	Worker#0 finished Round#3
2026.10.07-11:25:40.910 info  [caliper] [default-observer] 	Resetting txCount indicator count
2026.10.07-11:25:40.910 info  [caliper] [report-builder] 	### Test result ###
2026.10.07-11:25:40.911 info  [caliper] [report-builder] 	
+-------------+------+------+-----------------+-----------------+-----------------+-----------------+------------------+
| Name        | Succ | Fail | Send Rate (TPS) | Max Latency (s) | Min Latency (s) | Avg Latency (s) | Throughput (TPS) |
|-------------|------|------|-----------------|-----------------|-----------------|-----------------|------------------|
| issue-50tps | 1501 | 0    | 50.0            | 2.02            | 0.02            | 0.11            | 46.9             |
+-------------+------+------+-----------------+-----------------+-----------------+-----------------+------------------+

2026.10.07-11:25:40.911 info  [caliper] [round-orchestrator] 	Finished round 4 (issue-50tps) in 32.11 seconds
2026.10.07-11:25:40.911 info  [caliper] [monitor.js] 	Stopping all monitors
2026.10.07-11:25:40.911 info  [caliper] [round-orchestrator] 	Waiting 5 seconds for the next round...
2026.10.07-11:25:45.917 info  [caliper] [round-orchestrator] 	Started round 5 (issue-100tps)
2026.10.07-11:25:45.918 info  [caliper] [worker-message-handler] 	Preparing Worker#0 for Round#4
2026.10.07-11:25:45.922 info  [caliper] [connectors/peer-gateway/PeerGateway] 	Generating contract map for user User1@org1.example.com
2026.10.07-11:25:45.922 info  [caliper] [caliper-worker] 	Info: worker 0 prepare test phase for round 4 is starting...
2026.10.07-11:25:45.923 info  [caliper] [connectors/peer-gateway/PeerGateway] 	disconnecting gateway for user User1@org1.example.com
2026.10.07-11:25:45.923 info  [caliper] [connectors/peer-gateway/PeerGateway] 	disconnecting gRpc client at peer peer0.org1.example.com
2026.10.07-11:25:45.923 info  [caliper] [caliper-worker] 	Info: worker 0 prepare test phase for round 4 is completed
2026.10.07-11:25:45.923 info  [caliper] [worker-message-handler] 	Worker#0 prepared for Round#4
2026.10.07-11:25:45.924 info  [caliper] [worker-orchestrator] 	1 workers prepared, progressing to test phase.
2026.10.07-11:25:45.924 info  [caliper] [round-orchestrator] 	Monitors successfully started
2026.10.07-11:25:45.924 info  [caliper] [worker-message-handler] 	Worker#0 is starting Round#4
2026.10.07-11:25:45.926 info  [caliper] [connectors/peer-gateway/PeerGateway] 	Generating contract map for user User1@org1.example.com
2026.10.07-11:25:45.926 info  [caliper] [caliper-worker] 	Worker #0 starting workload loop
2026.10.07-11:25:50.924 info  [caliper] [default-observer] 	[issue-100tps Round 4 Transaction Info] - Submitted: 401 Succ: 390 Fail:0 Unfinished:11
2026.10.07-11:25:55.927 info  [caliper] [default-observer] 	[issue-100tps Round 4 Transaction Info] - Submitted: 901 Succ: 890 Fail:0 Unfinished:11
2026.10.07-11:26:00.928 info  [caliper] [default-observer] 	[issue-100tps Round 4 Transaction Info] - Submitted: 1401 Succ: 1390 Fail:0 Unfinished:11
2026.10.07-11:26:05.929 info  [caliper] [default-observer] 	[issue-100tps Round 4 Transaction Info] - Submitted: 1901 Succ: 1890 Fail:0 Unfinished:11
2026.10.07-11:26:10.932 info  [caliper] [default-observer] 	[issue-100tps Round 4 Transaction Info] - Submitted: 2402 Succ: 2390 Fail:0 Unfinished:12
2026.10.07-11:26:15.933 info  [caliper] [default-observer] 	[issue-100tps Round 4 Transaction Info] - Submitted: 2901 Succ: 2890 Fail:0 Unfinished:11
2026.10.07-11:26:19.033 info  [caliper] [connectors/peer-gateway/PeerGateway] 	disconnecting gateway for user User1@org1.example.com
2026.10.07-11:26:19.033 info  [caliper] [connectors/peer-gateway/PeerGateway] 	disconnecting gRpc client at peer peer0.org1.example.com
2026.10.07-11:26:19.034 info  [caliper] [worker-message-handler] 	Worker#0 finished Round#4
2026.10.07-11:26:24.037 info  [caliper] [default-observer] 	Resetting txCount indicator count
2026.10.07-11:26:24.038 info  [caliper] [report-builder] 	### Test result ###
2026.10.07-11:26:24.039 info  [caliper] [report-builder] 	
+--------------+------+------+-----------------+-----------------+-----------------+-----------------+------------------+
| Name         | Succ | Fail | Send Rate (TPS) | Max Latency (s) | Min Latency (s) | Avg Latency (s) | Throughput (TPS) |
|--------------|------|------|-----------------|-----------------|-----------------|-----------------|------------------|
| issue-100tps | 3001 | 0    | 100.0           | 2.02            | 0.02            | 0.07            | 93.7             |
+--------------+------+------+-----------------+-----------------+-----------------+-----------------+------------------+

2026.10.07-11:26:24.039 info  [caliper] [round-orchestrator] 	Finished round 5 (issue-100tps) in 32.106 seconds
2026.10.07-11:26:24.039 info  [caliper] [monitor.js] 	Stopping all monitors
2026.10.07-11:26:24.039 info  [caliper] [round-orchestrator] 	Waiting 5 seconds for the next round...
2026.10.07-11:26:29.039 info  [caliper] [round-orchestrator] 	Started round 6 (issue-150tps)
2026.10.07-11:26:29.040 info  [caliper] [worker-message-handler] 	Preparing Worker#0 for Round#5
2026.10.07-11:26:29.044 info  [caliper] [connectors/peer-gateway/PeerGateway] 	Generating contract map for user User1@org1.example.com
2026.10.07-11:26:29.044 info  [caliper] [caliper-worker] 	Info: worker 0 prepare test phase for round 5 is starting...
2026.10.07-11:26:29.046 info  [caliper] [connectors/peer-gateway/PeerGateway] 	disconnecting gateway for user User1@org1.example.com
2026.10.07-11:26:29.046 info  [caliper] [connectors/peer-gateway/PeerGateway] 	disconnecting gRpc client at peer peer0.org1.example.com
2026.10.07-11:26:29.046 info  [caliper] [caliper-worker] 	Info: worker 0 prepare test phase for round 5 is completed
2026.10.07-11:26:29.046 info  [caliper] [worker-message-handler] 	Worker#0 prepared for Round#5
2026.10.07-11:26:29.046 info  [caliper] [worker-orchestrator] 	1 workers prepared, progressing to test phase.
2026.10.07-11:26:29.046 info  [caliper] [round-orchestrator] 	Monitors successfully started
2026.10.07-11:26:29.047 info  [caliper] [worker-message-handler] 	Worker#0 is starting Round#5
2026.10.07-11:26:29.048 info  [caliper] [connectors/peer-gateway/PeerGateway] 	Generating contract map for user User1@org1.example.com
2026.10.07-11:26:29.048 info  [caliper] [caliper-worker] 	Worker #0 starting workload loop
2026.10.07-11:26:34.048 info  [caliper] [default-observer] 	[issue-150tps Round 5 Transaction Info] - Submitted: 600 Succ: 590 Fail:0 Unfinished:10
2026.10.07-11:26:39.049 info  [caliper] [default-observer] 	[issue-150tps Round 5 Transaction Info] - Submitted: 1350 Succ: 1340 Fail:0 Unfinished:10
2026.10.07-11:26:44.049 info  [caliper] [default-observer] 	[issue-150tps Round 5 Transaction Info] - Submitted: 2101 Succ: 2090 Fail:0 Unfinished:11
2026.10.07-11:26:49.050 info  [caliper] [default-observer] 	[issue-150tps Round 5 Transaction Info] - Submitted: 2851 Succ: 2840 Fail:0 Unfinished:11
2026.10.07-11:26:54.050 info  [caliper] [default-observer] 	[issue-150tps Round 5 Transaction Info] - Submitted: 3601 Succ: 3590 Fail:0 Unfinished:11
2026.10.07-11:26:59.051 info  [caliper] [default-observer] 	[issue-150tps Round 5 Transaction Info] - Submitted: 4352 Succ: 4340 Fail:0 Unfinished:12
2026.10.07-11:27:02.154 info  [caliper] [connectors/peer-gateway/PeerGateway] 	disconnecting gateway for user User1@org1.example.com
2026.10.07-11:27:02.154 info  [caliper] [connectors/peer-gateway/PeerGateway] 	disconnecting gRpc client at peer peer0.org1.example.com
2026.10.07-11:27:02.154 info  [caliper] [worker-message-handler] 	Worker#0 finished Round#5
2026.10.07-11:27:07.159 info  [caliper] [default-observer] 	Resetting txCount indicator count
2026.10.07-11:27:07.159 info  [caliper] [report-builder] 	### Test result ###
2026.10.07-11:27:07.160 info  [caliper] [report-builder] 	
+--------------+------+------+-----------------+-----------------+-----------------+-----------------+------------------+
| Name         | Succ | Fail | Send Rate (TPS) | Max Latency (s) | Min Latency (s) | Avg Latency (s) | Throughput (TPS) |
|--------------|------|------|-----------------|-----------------|-----------------|-----------------|------------------|
| issue-150tps | 4501 | 0    | 150.0           | 2.02            | 0.02            | 0.06            | 140.6            |
+--------------+------+------+-----------------+-----------------+-----------------+-----------------+------------------+

2026.10.07-11:27:07.160 info  [caliper] [round-orchestrator] 	Finished round 6 (issue-150tps) in 32.105 seconds
2026.10.07-11:27:07.160 info  [caliper] [monitor.js] 	Stopping all monitors
2026.10.07-11:27:07.160 info  [caliper] [round-orchestrator] 	Waiting 5 seconds for the next round...
2026.10.07-11:27:12.165 info  [caliper] [round-orchestrator] 	Started round 7 (issue-200tps)
2026.10.07-11:27:12.166 info  [caliper] [worker-message-handler] 	Preparing Worker#0 for Round#6
2026.10.07-11:27:12.170 info  [caliper] [connectors/peer-gateway/PeerGateway] 	Generating contract map for user User1@org1.example.com
2026.10.07-11:27:12.171 info  [caliper] [caliper-worker] 	Info: worker 0 prepare test phase for round 6 is starting...
2026.10.07-11:27:12.172 info  [caliper] [connectors/peer-gateway/PeerGateway] 	disconnecting gateway for user User1@org1.example.com
2026.10.07-11:27:12.172 info  [caliper] [connectors/peer-gateway/PeerGateway] 	disconnecting gRpc client at peer peer0.org1.example.com
2026.10.07-11:27:12.172 info  [caliper] [caliper-worker] 	Info: worker 0 prepare test phase for round 6 is completed
2026.10.07-11:27:12.172 info  [caliper] [worker-message-handler] 	Worker#0 prepared for Round#6
2026.10.07-11:27:12.172 info  [caliper] [worker-orchestrator] 	1 workers prepared, progressing to test phase.
2026.10.07-11:27:12.172 info  [caliper] [round-orchestrator] 	Monitors successfully started
2026.10.07-11:27:12.173 info  [caliper] [worker-message-handler] 	Worker#0 is starting Round#6
2026.10.07-11:27:12.174 info  [caliper] [connectors/peer-gateway/PeerGateway] 	Generating contract map for user User1@org1.example.com
2026.10.07-11:27:12.174 info  [caliper] [caliper-worker] 	Worker #0 starting workload loop
2026.10.07-11:27:17.174 info  [caliper] [default-observer] 	[issue-200tps Round 6 Transaction Info] - Submitted: 795 Succ: 780 Fail:0 Unfinished:15
2026.10.07-11:27:22.177 info  [caliper] [default-observer] 	[issue-200tps Round 6 Transaction Info] - Submitted: 1786 Succ: 1770 Fail:0 Unfinished:16
2026.10.07-11:27:27.176 info  [caliper] [default-observer] 	[issue-200tps Round 6 Transaction Info] - Submitted: 2792 Succ: 2780 Fail:0 Unfinished:12
2026.10.07-11:27:32.177 info  [caliper] [default-observer] 	[issue-200tps Round 6 Transaction Info] - Submitted: 3800 Succ: 3780 Fail:0 Unfinished:20
2026.10.07-11:27:37.177 info  [caliper] [default-observer] 	[issue-200tps Round 6 Transaction Info] - Submitted: 4809 Succ: 4790 Fail:0 Unfinished:19
2026.10.07-11:27:42.178 info  [caliper] [default-observer] 	[issue-200tps Round 6 Transaction Info] - Submitted: 5803 Succ: 5790 Fail:0 Unfinished:13
2026.10.07-11:27:45.183 info  [caliper] [connectors/peer-gateway/PeerGateway] 	disconnecting gateway for user User1@org1.example.com
2026.10.07-11:27:45.183 info  [caliper] [connectors/peer-gateway/PeerGateway] 	disconnecting gRpc client at peer peer0.org1.example.com
2026.10.07-11:27:45.184 info  [caliper] [worker-message-handler] 	Worker#0 finished Round#6
2026.10.07-11:27:50.187 info  [caliper] [default-observer] 	Resetting txCount indicator count
2026.10.07-11:27:50.188 info  [caliper] [report-builder] 	### Test result ###
2026.10.07-11:27:50.188 info  [caliper] [report-builder] 	
+--------------+------+------+-----------------+-----------------+-----------------+-----------------+------------------+
| Name         | Succ | Fail | Send Rate (TPS) | Max Latency (s) | Min Latency (s) | Avg Latency (s) | Throughput (TPS) |
|--------------|------|------|-----------------|-----------------|-----------------|-----------------|------------------|
| issue-200tps | 5999 | 0    | 200.0           | 2.05            | 0.03            | 0.09            | 187.5            |
+--------------+------+------+-----------------+-----------------+-----------------+-----------------+------------------+

2026.10.07-11:27:50.188 info  [caliper] [round-orchestrator] 	Finished round 7 (issue-200tps) in 32.007 seconds
2026.10.07-11:27:50.189 info  [caliper] [monitor.js] 	Stopping all monitors
2026.10.07-11:27:50.189 info  [caliper] [round-orchestrator] 	Waiting 5 seconds for the next round...
2026.10.07-11:27:55.189 info  [caliper] [round-orchestrator] 	Started round 8 (issue-300tps)
2026.10.07-11:27:55.190 info  [caliper] [worker-message-handler] 	Preparing Worker#0 for Round#7
2026.10.07-11:27:55.194 info  [caliper] [connectors/peer-gateway/PeerGateway] 	Generating contract map for user User1@org1.example.com
2026.10.07-11:27:55.194 info  [caliper] [caliper-worker] 	Info: worker 0 prepare test phase for round 7 is starting...
2026.10.07-11:27:55.195 info  [caliper] [connectors/peer-gateway/PeerGateway] 	disconnecting gateway for user User1@org1.example.com
2026.10.07-11:27:55.196 info  [caliper] [connectors/peer-gateway/PeerGateway] 	disconnecting gRpc client at peer peer0.org1.example.com
2026.10.07-11:27:55.196 info  [caliper] [caliper-worker] 	Info: worker 0 prepare test phase for round 7 is completed
2026.10.07-11:27:55.196 info  [caliper] [worker-message-handler] 	Worker#0 prepared for Round#7
2026.10.07-11:27:55.196 info  [caliper] [worker-orchestrator] 	1 workers prepared, progressing to test phase.
2026.10.07-11:27:55.196 info  [caliper] [round-orchestrator] 	Monitors successfully started
2026.10.07-11:27:55.197 info  [caliper] [worker-message-handler] 	Worker#0 is starting Round#7
2026.10.07-11:27:55.198 info  [caliper] [connectors/peer-gateway/PeerGateway] 	Generating contract map for user User1@org1.example.com
2026.10.07-11:27:55.198 info  [caliper] [caliper-worker] 	Worker #0 starting workload loop
2026.10.07-11:28:00.196 info  [caliper] [default-observer] 	[issue-300tps Round 7 Transaction Info] - Submitted: 790 Succ: 780 Fail:0 Unfinished:10
2026.10.07-11:28:05.199 info  [caliper] [default-observer] 	[issue-300tps Round 7 Transaction Info] - Submitted: 1779 Succ: 1760 Fail:0 Unfinished:19
2026.10.07-11:28:10.200 info  [caliper] [default-observer] 	[issue-300tps Round 7 Transaction Info] - Submitted: 2765 Succ: 2740 Fail:0 Unfinished:25
2026.10.07-11:28:15.204 info  [caliper] [default-observer] 	[issue-300tps Round 7 Transaction Info] - Submitted: 3764 Succ: 3740 Fail:0 Unfinished:24
2026.10.07-11:28:20.204 info  [caliper] [default-observer] 	[issue-300tps Round 7 Transaction Info] - Submitted: 4783 Succ: 4760 Fail:0 Unfinished:23
2026.10.07-11:28:25.206 info  [caliper] [default-observer] 	[issue-300tps Round 7 Transaction Info] - Submitted: 5803 Succ: 5790 Fail:0 Unfinished:13
2026.10.07-11:28:28.305 info  [caliper] [connectors/peer-gateway/PeerGateway] 	disconnecting gateway for user User1@org1.example.com
2026.10.07-11:28:28.305 info  [caliper] [connectors/peer-gateway/PeerGateway] 	disconnecting gRpc client at peer peer0.org1.example.com
2026.10.07-11:28:28.306 info  [caliper] [worker-message-handler] 	Worker#0 finished Round#7
2026.10.07-11:28:33.306 info  [caliper] [default-observer] 	Resetting txCount indicator count
2026.10.07-11:28:33.307 info  [caliper] [report-builder] 	### Test result ###
2026.10.07-11:28:33.307 info  [caliper] [report-builder] 	
+--------------+------+------+-----------------+-----------------+-----------------+-----------------+------------------+
| Name         | Succ | Fail | Send Rate (TPS) | Max Latency (s) | Min Latency (s) | Avg Latency (s) | Throughput (TPS) |
|--------------|------|------|-----------------|-----------------|-----------------|-----------------|------------------|
| issue-300tps | 6002 | 0    | 200.1           | 2.03            | 0.03            | 0.09            | 187.4            |
+--------------+------+------+-----------------+-----------------+-----------------+-----------------+------------------+

2026.10.07-11:28:33.308 info  [caliper] [round-orchestrator] 	Finished round 8 (issue-300tps) in 32.106 seconds
2026.10.07-11:28:33.308 info  [caliper] [monitor.js] 	Stopping all monitors
2026.10.07-11:28:33.308 info  [caliper] [round-orchestrator] 	Waiting 5 seconds for the next round...
2026.10.07-11:28:38.313 info  [caliper] [round-orchestrator] 	Started round 9 (verify-100tps)
2026.10.07-11:28:38.314 info  [caliper] [worker-message-handler] 	Preparing Worker#0 for Round#8
2026.10.07-11:28:38.318 info  [caliper] [connectors/peer-gateway/PeerGateway] 	Generating contract map for user User1@org1.example.com
2026.10.07-11:28:38.318 info  [caliper] [caliper-worker] 	Info: worker 0 prepare test phase for round 8 is starting...
2026.10.07-11:28:38.320 info  [caliper] [connectors/peer-gateway/PeerGateway] 	disconnecting gateway for user User1@org1.example.com
2026.10.07-11:28:38.320 info  [caliper] [connectors/peer-gateway/PeerGateway] 	disconnecting gRpc client at peer peer0.org1.example.com
2026.10.07-11:28:38.320 info  [caliper] [caliper-worker] 	Info: worker 0 prepare test phase for round 8 is completed
2026.10.07-11:28:38.320 info  [caliper] [worker-message-handler] 	Worker#0 prepared for Round#8
2026.10.07-11:28:38.320 info  [caliper] [worker-orchestrator] 	1 workers prepared, progressing to test phase.
2026.10.07-11:28:38.321 info  [caliper] [round-orchestrator] 	Monitors successfully started
2026.10.07-11:28:38.321 info  [caliper] [worker-message-handler] 	Worker#0 is starting Round#8
2026.10.07-11:28:38.322 info  [caliper] [connectors/peer-gateway/PeerGateway] 	Generating contract map for user User1@org1.example.com
2026.10.07-11:28:38.323 info  [caliper] [caliper-worker] 	Worker #0 starting workload loop
2026.10.07-11:28:43.321 info  [caliper] [default-observer] 	[verify-100tps Round 8 Transaction Info] - Submitted: 400 Succ: 400 Fail:0 Unfinished:0
2026.10.07-11:28:48.323 info  [caliper] [default-observer] 	[verify-100tps Round 8 Transaction Info] - Submitted: 901 Succ: 900 Fail:0 Unfinished:1
2026.10.07-11:28:53.324 info  [caliper] [default-observer] 	[verify-100tps Round 8 Transaction Info] - Submitted: 1401 Succ: 1400 Fail:0 Unfinished:1
2026.10.07-11:28:58.326 info  [caliper] [default-observer] 	[verify-100tps Round 8 Transaction Info] - Submitted: 2001 Succ: 2000 Fail:0 Unfinished:1
2026.10.07-11:29:03.326 info  [caliper] [default-observer] 	[verify-100tps Round 8 Transaction Info] - Submitted: 2501 Succ: 2500 Fail:0 Unfinished:1
2026.10.07-11:29:08.326 info  [caliper] [default-observer] 	[verify-100tps Round 8 Transaction Info] - Submitted: 2901 Succ: 2901 Fail:0 Unfinished:0
2026.10.07-11:29:09.425 info  [caliper] [connectors/peer-gateway/PeerGateway] 	disconnecting gateway for user User1@org1.example.com
2026.10.07-11:29:09.425 info  [caliper] [connectors/peer-gateway/PeerGateway] 	disconnecting gRpc client at peer peer0.org1.example.com
2026.10.07-11:29:09.426 info  [caliper] [worker-message-handler] 	Worker#0 finished Round#8
2026.10.07-11:29:14.428 info  [caliper] [default-observer] 	Resetting txCount indicator count
2026.10.07-11:29:14.428 info  [caliper] [report-builder] 	### Test result ###
2026.10.07-11:29:14.429 info  [caliper] [report-builder] 	
+---------------+------+------+-----------------+-----------------+-----------------+-----------------+------------------+
| Name          | Succ | Fail | Send Rate (TPS) | Max Latency (s) | Min Latency (s) | Avg Latency (s) | Throughput (TPS) |
|---------------|------|------|-----------------|-----------------|-----------------|-----------------|------------------|
| verify-100tps | 3001 | 0    | 100.0           | 0.02            | 0.00            | 0.00            | 100.0            |
+---------------+------+------+-----------------+-----------------+-----------------+-----------------+------------------+

2026.10.07-11:29:14.429 info  [caliper] [round-orchestrator] 	Finished round 9 (verify-100tps) in 30.102 seconds
2026.10.07-11:29:14.429 info  [caliper] [monitor.js] 	Stopping all monitors
2026.10.07-11:29:14.429 info  [caliper] [round-orchestrator] 	Waiting 5 seconds for the next round...
2026.10.07-11:29:19.433 info  [caliper] [round-orchestrator] 	Started round 10 (verify-200tps)
2026.10.07-11:29:19.434 info  [caliper] [worker-message-handler] 	Preparing Worker#0 for Round#9
2026.10.07-11:29:19.438 info  [caliper] [connectors/peer-gateway/PeerGateway] 	Generating contract map for user User1@org1.example.com
2026.10.07-11:29:19.439 info  [caliper] [caliper-worker] 	Info: worker 0 prepare test phase for round 9 is starting...
2026.10.07-11:29:19.440 info  [caliper] [connectors/peer-gateway/PeerGateway] 	disconnecting gateway for user User1@org1.example.com
2026.10.07-11:29:19.440 info  [caliper] [connectors/peer-gateway/PeerGateway] 	disconnecting gRpc client at peer peer0.org1.example.com
2026.10.07-11:29:19.440 info  [caliper] [caliper-worker] 	Info: worker 0 prepare test phase for round 9 is completed
2026.10.07-11:29:19.440 info  [caliper] [worker-message-handler] 	Worker#0 prepared for Round#9
2026.10.07-11:29:19.440 info  [caliper] [worker-orchestrator] 	1 workers prepared, progressing to test phase.
2026.10.07-11:29:19.440 info  [caliper] [round-orchestrator] 	Monitors successfully started
2026.10.07-11:29:19.441 info  [caliper] [worker-message-handler] 	Worker#0 is starting Round#9
2026.10.07-11:29:19.442 info  [caliper] [connectors/peer-gateway/PeerGateway] 	Generating contract map for user User1@org1.example.com
2026.10.07-11:29:19.443 info  [caliper] [caliper-worker] 	Worker #0 starting workload loop
2026.10.07-11:29:24.442 info  [caliper] [default-observer] 	[verify-200tps Round 9 Transaction Info] - Submitted: 800 Succ: 800 Fail:0 Unfinished:0
2026.10.07-11:29:29.442 info  [caliper] [default-observer] 	[verify-200tps Round 9 Transaction Info] - Submitted: 1801 Succ: 1800 Fail:0 Unfinished:1
2026.10.07-11:29:34.443 info  [caliper] [default-observer] 	[verify-200tps Round 9 Transaction Info] - Submitted: 3001 Succ: 3000 Fail:0 Unfinished:1
2026.10.07-11:29:39.443 info  [caliper] [default-observer] 	[verify-200tps Round 9 Transaction Info] - Submitted: 3801 Succ: 3800 Fail:0 Unfinished:1
2026.10.07-11:29:44.443 info  [caliper] [default-observer] 	[verify-200tps Round 9 Transaction Info] - Submitted: 4801 Succ: 4800 Fail:0 Unfinished:1
2026.10.07-11:29:49.444 info  [caliper] [default-observer] 	[verify-200tps Round 9 Transaction Info] - Submitted: 5801 Succ: 5801 Fail:0 Unfinished:0
2026.10.07-11:29:50.543 info  [caliper] [connectors/peer-gateway/PeerGateway] 	disconnecting gateway for user User1@org1.example.com
2026.10.07-11:29:50.543 info  [caliper] [connectors/peer-gateway/PeerGateway] 	disconnecting gRpc client at peer peer0.org1.example.com
2026.10.07-11:29:50.544 info  [caliper] [worker-message-handler] 	Worker#0 finished Round#9
2026.10.07-11:29:55.545 info  [caliper] [default-observer] 	Resetting txCount indicator count
2026.10.07-11:29:55.545 info  [caliper] [report-builder] 	### Test result ###
2026.10.07-11:29:55.546 info  [caliper] [report-builder] 	
+---------------+------+------+-----------------+-----------------+-----------------+-----------------+------------------+
| Name          | Succ | Fail | Send Rate (TPS) | Max Latency (s) | Min Latency (s) | Avg Latency (s) | Throughput (TPS) |
|---------------|------|------|-----------------|-----------------|-----------------|-----------------|------------------|
| verify-200tps | 6001 | 0    | 200.0           | 0.02            | 0.00            | 0.00            | 200.0            |
+---------------+------+------+-----------------+-----------------+-----------------+-----------------+------------------+

2026.10.07-11:29:55.546 info  [caliper] [round-orchestrator] 	Finished round 10 (verify-200tps) in 30.102 seconds
2026.10.07-11:29:55.546 info  [caliper] [monitor.js] 	Stopping all monitors
2026.10.07-11:29:55.546 info  [caliper] [round-orchestrator] 	Waiting 5 seconds for the next round...
2026.10.07-11:30:00.551 info  [caliper] [round-orchestrator] 	Started round 11 (verify-400tps)
2026.10.07-11:30:00.552 info  [caliper] [worker-message-handler] 	Preparing Worker#0 for Round#10
2026.10.07-11:30:00.556 info  [caliper] [connectors/peer-gateway/PeerGateway] 	Generating contract map for user User1@org1.example.com
2026.10.07-11:30:00.557 info  [caliper] [caliper-worker] 	Info: worker 0 prepare test phase for round 10 is starting...
2026.10.07-11:30:00.558 info  [caliper] [connectors/peer-gateway/PeerGateway] 	disconnecting gateway for user User1@org1.example.com
2026.10.07-11:30:00.558 info  [caliper] [connectors/peer-gateway/PeerGateway] 	disconnecting gRpc client at peer peer0.org1.example.com
2026.10.07-11:30:00.558 info  [caliper] [caliper-worker] 	Info: worker 0 prepare test phase for round 10 is completed
2026.10.07-11:30:00.558 info  [caliper] [worker-message-handler] 	Worker#0 prepared for Round#10
2026.10.07-11:30:00.558 info  [caliper] [worker-orchestrator] 	1 workers prepared, progressing to test phase.
2026.10.07-11:30:00.559 info  [caliper] [round-orchestrator] 	Monitors successfully started
2026.10.07-11:30:00.559 info  [caliper] [worker-message-handler] 	Worker#0 is starting Round#10
2026.10.07-11:30:00.560 info  [caliper] [connectors/peer-gateway/PeerGateway] 	Generating contract map for user User1@org1.example.com
2026.10.07-11:30:00.561 info  [caliper] [caliper-worker] 	Worker #0 starting workload loop
2026.10.07-11:30:05.560 info  [caliper] [default-observer] 	[verify-400tps Round 10 Transaction Info] - Submitted: 1600 Succ: 1599 Fail:0 Unfinished:1
2026.10.07-11:30:10.560 info  [caliper] [default-observer] 	[verify-400tps Round 10 Transaction Info] - Submitted: 3601 Succ: 3599 Fail:0 Unfinished:2
2026.10.07-11:30:15.560 info  [caliper] [default-observer] 	[verify-400tps Round 10 Transaction Info] - Submitted: 5600 Succ: 5600 Fail:0 Unfinished:0
2026.10.07-11:30:20.561 info  [caliper] [default-observer] 	[verify-400tps Round 10 Transaction Info] - Submitted: 7601 Succ: 7599 Fail:0 Unfinished:2
2026.10.07-11:30:25.562 info  [caliper] [default-observer] 	[verify-400tps Round 10 Transaction Info] - Submitted: 9602 Succ: 9600 Fail:0 Unfinished:2
2026.10.07-11:30:30.562 info  [caliper] [default-observer] 	[verify-400tps Round 10 Transaction Info] - Submitted: 11601 Succ: 11601 Fail:0 Unfinished:0
2026.10.07-11:30:31.662 info  [caliper] [connectors/peer-gateway/PeerGateway] 	disconnecting gateway for user User1@org1.example.com
2026.10.07-11:30:31.663 info  [caliper] [connectors/peer-gateway/PeerGateway] 	disconnecting gRpc client at peer peer0.org1.example.com
2026.10.07-11:30:31.663 info  [caliper] [worker-message-handler] 	Worker#0 finished Round#10
2026.10.07-11:30:36.665 info  [caliper] [default-observer] 	Resetting txCount indicator count
2026.10.07-11:30:36.665 info  [caliper] [report-builder] 	### Test result ###
2026.10.07-11:30:36.666 info  [caliper] [report-builder] 	
+---------------+-------+------+-----------------+-----------------+-----------------+-----------------+------------------+
| Name          | Succ  | Fail | Send Rate (TPS) | Max Latency (s) | Min Latency (s) | Avg Latency (s) | Throughput (TPS) |
|---------------|-------|------|-----------------|-----------------|-----------------|-----------------|------------------|
| verify-400tps | 12001 | 0    | 400.0           | 0.04            | 0.00            | 0.00            | 400.0            |
+---------------+-------+------+-----------------+-----------------+-----------------+-----------------+------------------+

2026.10.07-11:30:36.666 info  [caliper] [round-orchestrator] 	Finished round 11 (verify-400tps) in 30.101 seconds
2026.10.07-11:30:36.666 info  [caliper] [monitor.js] 	Stopping all monitors
2026.10.07-11:30:36.666 info  [caliper] [round-orchestrator] 	Waiting 5 seconds for the next round...
2026.10.07-11:30:41.670 info  [caliper] [round-orchestrator] 	Started round 12 (verify-600tps)
2026.10.07-11:30:41.672 info  [caliper] [worker-message-handler] 	Preparing Worker#0 for Round#11
2026.10.07-11:30:41.676 info  [caliper] [connectors/peer-gateway/PeerGateway] 	Generating contract map for user User1@org1.example.com
2026.10.07-11:30:41.676 info  [caliper] [caliper-worker] 	Info: worker 0 prepare test phase for round 11 is starting...
2026.10.07-11:30:41.677 info  [caliper] [connectors/peer-gateway/PeerGateway] 	disconnecting gateway for user User1@org1.example.com
2026.10.07-11:30:41.677 info  [caliper] [connectors/peer-gateway/PeerGateway] 	disconnecting gRpc client at peer peer0.org1.example.com
2026.10.07-11:30:41.677 info  [caliper] [caliper-worker] 	Info: worker 0 prepare test phase for round 11 is completed
2026.10.07-11:30:41.677 info  [caliper] [worker-message-handler] 	Worker#0 prepared for Round#11
2026.10.07-11:30:41.678 info  [caliper] [worker-orchestrator] 	1 workers prepared, progressing to test phase.
2026.10.07-11:30:41.678 info  [caliper] [round-orchestrator] 	Monitors successfully started
2026.10.07-11:30:41.678 info  [caliper] [worker-message-handler] 	Worker#0 is starting Round#11
2026.10.07-11:30:41.679 info  [caliper] [connectors/peer-gateway/PeerGateway] 	Generating contract map for user User1@org1.example.com
2026.10.07-11:30:41.680 info  [caliper] [caliper-worker] 	Worker #0 starting workload loop
2026.10.07-11:30:46.678 info  [caliper] [default-observer] 	[verify-600tps Round 11 Transaction Info] - Submitted: 2273 Succ: 2271 Fail:0 Unfinished:2
2026.10.07-11:30:51.680 info  [caliper] [default-observer] 	[verify-600tps Round 11 Transaction Info] - Submitted: 5132 Succ: 5130 Fail:0 Unfinished:2
2026.10.07-11:30:56.680 info  [caliper] [default-observer] 	[verify-600tps Round 11 Transaction Info] - Submitted: 8575 Succ: 8574 Fail:0 Unfinished:1
2026.10.07-11:31:01.681 info  [caliper] [default-observer] 	[verify-600tps Round 11 Transaction Info] - Submitted: 11469 Succ: 11468 Fail:0 Unfinished:1
2026.10.07-11:31:06.682 info  [caliper] [default-observer] 	[verify-600tps Round 11 Transaction Info] - Submitted: 13782 Succ: 13780 Fail:0 Unfinished:2
2026.10.07-11:31:11.682 info  [caliper] [default-observer] 	[verify-600tps Round 11 Transaction Info] - Submitted: 17228 Succ: 17227 Fail:0 Unfinished:1
2026.10.07-11:31:12.781 info  [caliper] [connectors/peer-gateway/PeerGateway] 	disconnecting gateway for user User1@org1.example.com
2026.10.07-11:31:12.781 info  [caliper] [connectors/peer-gateway/PeerGateway] 	disconnecting gRpc client at peer peer0.org1.example.com
2026.10.07-11:31:12.781 info  [caliper] [worker-message-handler] 	Worker#0 finished Round#11
2026.10.07-11:31:17.783 info  [caliper] [default-observer] 	Resetting txCount indicator count
2026.10.07-11:31:17.783 info  [caliper] [report-builder] 	### Test result ###
2026.10.07-11:31:17.784 info  [caliper] [report-builder] 	
+---------------+-------+------+-----------------+-----------------+-----------------+-----------------+------------------+
| Name          | Succ  | Fail | Send Rate (TPS) | Max Latency (s) | Min Latency (s) | Avg Latency (s) | Throughput (TPS) |
|---------------|-------|------|-----------------|-----------------|-----------------|-----------------|------------------|
| verify-600tps | 17228 | 0    | 574.3           | 0.02            | 0.00            | 0.00            | 574.2            |
+---------------+-------+------+-----------------+-----------------+-----------------+-----------------+------------------+

2026.10.07-11:31:17.784 info  [caliper] [round-orchestrator] 	Finished round 12 (verify-600tps) in 30.1 seconds
2026.10.07-11:31:17.784 info  [caliper] [monitor.js] 	Stopping all monitors
2026.10.07-11:31:17.784 info  [caliper] [round-orchestrator] 	Waiting 5 seconds for the next round...
2026.10.07-11:31:22.787 info  [caliper] [round-orchestrator] 	Started round 13 (audit-10tps)
2026.10.07-11:31:22.787 info  [caliper] [worker-message-handler] 	Preparing Worker#0 for Round#12
2026.10.07-11:31:22.791 info  [caliper] [connectors/peer-gateway/PeerGateway] 	Generating contract map for user User1@org1.example.com
2026.10.07-11:31:22.792 info  [caliper] [caliper-worker] 	Info: worker 0 prepare test phase for round 12 is starting...
2026.10.07-11:31:22.793 info  [caliper] [connectors/peer-gateway/PeerGateway] 	disconnecting gateway for user User1@org1.example.com
2026.10.07-11:31:22.793 info  [caliper] [connectors/peer-gateway/PeerGateway] 	disconnecting gRpc client at peer peer0.org1.example.com
2026.10.07-11:31:22.793 info  [caliper] [caliper-worker] 	Info: worker 0 prepare test phase for round 12 is completed
2026.10.07-11:31:22.793 info  [caliper] [worker-message-handler] 	Worker#0 prepared for Round#12
2026.10.07-11:31:22.793 info  [caliper] [worker-orchestrator] 	1 workers prepared, progressing to test phase.
2026.10.07-11:31:22.794 info  [caliper] [round-orchestrator] 	Monitors successfully started
2026.10.07-11:31:22.795 info  [caliper] [worker-message-handler] 	Worker#0 is starting Round#12
2026.10.07-11:31:22.797 info  [caliper] [connectors/peer-gateway/PeerGateway] 	Generating contract map for user User1@org1.example.com
2026.10.07-11:31:22.797 info  [caliper] [caliper-worker] 	Worker #0 starting workload loop
2026.10.07-11:31:27.794 info  [caliper] [default-observer] 	[audit-10tps Round 12 Transaction Info] - Submitted: 40 Succ: 40 Fail:0 Unfinished:0
2026.10.07-11:31:32.795 info  [caliper] [default-observer] 	[audit-10tps Round 12 Transaction Info] - Submitted: 90 Succ: 90 Fail:0 Unfinished:0
2026.10.07-11:31:37.797 info  [caliper] [default-observer] 	[audit-10tps Round 12 Transaction Info] - Submitted: 140 Succ: 140 Fail:0 Unfinished:0
2026.10.07-11:31:42.798 info  [caliper] [default-observer] 	[audit-10tps Round 12 Transaction Info] - Submitted: 191 Succ: 190 Fail:0 Unfinished:1
2026.10.07-11:31:47.799 info  [caliper] [default-observer] 	[audit-10tps Round 12 Transaction Info] - Submitted: 241 Succ: 240 Fail:0 Unfinished:1
2026.10.07-11:31:52.799 info  [caliper] [default-observer] 	[audit-10tps Round 12 Transaction Info] - Submitted: 291 Succ: 290 Fail:0 Unfinished:1
2026.10.07-11:31:55.904 info  [caliper] [connectors/peer-gateway/PeerGateway] 	disconnecting gateway for user User1@org1.example.com
2026.10.07-11:31:55.904 info  [caliper] [connectors/peer-gateway/PeerGateway] 	disconnecting gRpc client at peer peer0.org1.example.com
2026.10.07-11:31:55.904 info  [caliper] [worker-message-handler] 	Worker#0 finished Round#12
2026.10.07-11:32:00.908 info  [caliper] [default-observer] 	Resetting txCount indicator count
2026.10.07-11:32:00.908 info  [caliper] [report-builder] 	### Test result ###
2026.10.07-11:32:00.909 info  [caliper] [report-builder] 	
+-------------+------+------+-----------------+-----------------+-----------------+-----------------+------------------+
| Name        | Succ | Fail | Send Rate (TPS) | Max Latency (s) | Min Latency (s) | Avg Latency (s) | Throughput (TPS) |
|-------------|------|------|-----------------|-----------------|-----------------|-----------------|------------------|
| audit-10tps | 301  | 0    | 10.0            | 2.02            | 0.02            | 0.48            | 9.4              |
+-------------+------+------+-----------------+-----------------+-----------------+-----------------+------------------+

2026.10.07-11:32:00.909 info  [caliper] [round-orchestrator] 	Finished round 13 (audit-10tps) in 32.106 seconds
2026.10.07-11:32:00.909 info  [caliper] [monitor.js] 	Stopping all monitors
2026.10.07-11:32:00.909 info  [caliper] [round-orchestrator] 	Waiting 5 seconds for the next round...
2026.10.07-11:32:05.910 info  [caliper] [round-orchestrator] 	Started round 14 (audit-50tps)
2026.10.07-11:32:05.911 info  [caliper] [worker-message-handler] 	Preparing Worker#0 for Round#13
2026.10.07-11:32:05.913 info  [caliper] [connectors/peer-gateway/PeerGateway] 	Generating contract map for user User1@org1.example.com
2026.10.07-11:32:05.913 info  [caliper] [caliper-worker] 	Info: worker 0 prepare test phase for round 13 is starting...
2026.10.07-11:32:05.914 info  [caliper] [connectors/peer-gateway/PeerGateway] 	disconnecting gateway for user User1@org1.example.com
2026.10.07-11:32:05.914 info  [caliper] [connectors/peer-gateway/PeerGateway] 	disconnecting gRpc client at peer peer0.org1.example.com
2026.10.07-11:32:05.914 info  [caliper] [caliper-worker] 	Info: worker 0 prepare test phase for round 13 is completed
2026.10.07-11:32:05.914 info  [caliper] [worker-message-handler] 	Worker#0 prepared for Round#13
2026.10.07-11:32:05.914 info  [caliper] [worker-orchestrator] 	1 workers prepared, progressing to test phase.
2026.10.07-11:32:05.915 info  [caliper] [round-orchestrator] 	Monitors successfully started
2026.10.07-11:32:05.915 info  [caliper] [worker-message-handler] 	Worker#0 is starting Round#13
2026.10.07-11:32:05.916 info  [caliper] [connectors/peer-gateway/PeerGateway] 	Generating contract map for user User1@org1.example.com
2026.10.07-11:32:05.916 info  [caliper] [caliper-worker] 	Worker #0 starting workload loop
2026.10.07-11:32:10.915 info  [caliper] [default-observer] 	[audit-50tps Round 13 Transaction Info] - Submitted: 200 Succ: 190 Fail:0 Unfinished:10
2026.10.07-11:32:15.914 info  [caliper] [default-observer] 	[audit-50tps Round 13 Transaction Info] - Submitted: 450 Succ: 440 Fail:0 Unfinished:10
2026.10.07-11:32:20.916 info  [caliper] [default-observer] 	[audit-50tps Round 13 Transaction Info] - Submitted: 701 Succ: 700 Fail:0 Unfinished:1
2026.10.07-11:32:25.917 info  [caliper] [default-observer] 	[audit-50tps Round 13 Transaction Info] - Submitted: 951 Succ: 950 Fail:0 Unfinished:1
2026.10.07-11:32:30.918 info  [caliper] [default-observer] 	[audit-50tps Round 13 Transaction Info] - Submitted: 1201 Succ: 1200 Fail:0 Unfinished:1
2026.10.07-11:32:35.919 info  [caliper] [default-observer] 	[audit-50tps Round 13 Transaction Info] - Submitted: 1451 Succ: 1445 Fail:0 Unfinished:6
2026.10.07-11:32:39.025 info  [caliper] [connectors/peer-gateway/PeerGateway] 	disconnecting gateway for user User1@org1.example.com
2026.10.07-11:32:39.025 info  [caliper] [connectors/peer-gateway/PeerGateway] 	disconnecting gRpc client at peer peer0.org1.example.com
2026.10.07-11:32:39.026 info  [caliper] [worker-message-handler] 	Worker#0 finished Round#13
2026.10.07-11:32:44.030 info  [caliper] [default-observer] 	Resetting txCount indicator count
2026.10.07-11:32:44.030 info  [caliper] [report-builder] 	### Test result ###
2026.10.07-11:32:44.030 info  [caliper] [report-builder] 	
+-------------+------+------+-----------------+-----------------+-----------------+-----------------+------------------+
| Name        | Succ | Fail | Send Rate (TPS) | Max Latency (s) | Min Latency (s) | Avg Latency (s) | Throughput (TPS) |
|-------------|------|------|-----------------|-----------------|-----------------|-----------------|------------------|
| audit-50tps | 1501 | 0    | 50.0            | 2.02            | 0.02            | 0.11            | 46.9             |
+-------------+------+------+-----------------+-----------------+-----------------+-----------------+------------------+

2026.10.07-11:32:44.031 info  [caliper] [round-orchestrator] 	Finished round 14 (audit-50tps) in 32.11 seconds
2026.10.07-11:32:44.031 info  [caliper] [monitor.js] 	Stopping all monitors
2026.10.07-11:32:44.031 info  [caliper] [round-orchestrator] 	Waiting 5 seconds for the next round...
2026.10.07-11:32:49.036 info  [caliper] [round-orchestrator] 	Started round 15 (audit-100tps)
2026.10.07-11:32:49.037 info  [caliper] [worker-message-handler] 	Preparing Worker#0 for Round#14
2026.10.07-11:32:49.041 info  [caliper] [connectors/peer-gateway/PeerGateway] 	Generating contract map for user User1@org1.example.com
2026.10.07-11:32:49.041 info  [caliper] [caliper-worker] 	Info: worker 0 prepare test phase for round 14 is starting...
2026.10.07-11:32:49.042 info  [caliper] [connectors/peer-gateway/PeerGateway] 	disconnecting gateway for user User1@org1.example.com
2026.10.07-11:32:49.042 info  [caliper] [connectors/peer-gateway/PeerGateway] 	disconnecting gRpc client at peer peer0.org1.example.com
2026.10.07-11:32:49.042 info  [caliper] [caliper-worker] 	Info: worker 0 prepare test phase for round 14 is completed
2026.10.07-11:32:49.043 info  [caliper] [worker-message-handler] 	Worker#0 prepared for Round#14
2026.10.07-11:32:49.043 info  [caliper] [worker-orchestrator] 	1 workers prepared, progressing to test phase.
2026.10.07-11:32:49.043 info  [caliper] [round-orchestrator] 	Monitors successfully started
2026.10.07-11:32:49.043 info  [caliper] [worker-message-handler] 	Worker#0 is starting Round#14
2026.10.07-11:32:49.044 info  [caliper] [connectors/peer-gateway/PeerGateway] 	Generating contract map for user User1@org1.example.com
2026.10.07-11:32:49.045 info  [caliper] [caliper-worker] 	Worker #0 starting workload loop
2026.10.07-11:32:54.043 info  [caliper] [default-observer] 	[audit-100tps Round 14 Transaction Info] - Submitted: 400 Succ: 390 Fail:0 Unfinished:10
2026.10.07-11:32:59.045 info  [caliper] [default-observer] 	[audit-100tps Round 14 Transaction Info] - Submitted: 900 Succ: 890 Fail:0 Unfinished:10
2026.10.07-11:33:04.044 info  [caliper] [default-observer] 	[audit-100tps Round 14 Transaction Info] - Submitted: 1401 Succ: 1390 Fail:0 Unfinished:11
2026.10.07-11:33:09.046 info  [caliper] [default-observer] 	[audit-100tps Round 14 Transaction Info] - Submitted: 1901 Succ: 1890 Fail:0 Unfinished:11
2026.10.07-11:33:14.046 info  [caliper] [default-observer] 	[audit-100tps Round 14 Transaction Info] - Submitted: 2401 Succ: 2390 Fail:0 Unfinished:11
2026.10.07-11:33:19.047 info  [caliper] [default-observer] 	[audit-100tps Round 14 Transaction Info] - Submitted: 2901 Succ: 2890 Fail:0 Unfinished:11
2026.10.07-11:33:22.155 info  [caliper] [connectors/peer-gateway/PeerGateway] 	disconnecting gateway for user User1@org1.example.com
2026.10.07-11:33:22.155 info  [caliper] [connectors/peer-gateway/PeerGateway] 	disconnecting gRpc client at peer peer0.org1.example.com
2026.10.07-11:33:22.156 info  [caliper] [worker-message-handler] 	Worker#0 finished Round#14
2026.10.07-11:33:27.157 info  [caliper] [default-observer] 	Resetting txCount indicator count
2026.10.07-11:33:27.158 info  [caliper] [report-builder] 	### Test result ###
2026.10.07-11:33:27.158 info  [caliper] [report-builder] 	
+--------------+------+------+-----------------+-----------------+-----------------+-----------------+------------------+
| Name         | Succ | Fail | Send Rate (TPS) | Max Latency (s) | Min Latency (s) | Avg Latency (s) | Throughput (TPS) |
|--------------|------|------|-----------------|-----------------|-----------------|-----------------|------------------|
| audit-100tps | 3001 | 0    | 100.0           | 2.02            | 0.02            | 0.07            | 93.7             |
+--------------+------+------+-----------------+-----------------+-----------------+-----------------+------------------+

2026.10.07-11:33:27.158 info  [caliper] [round-orchestrator] 	Finished round 15 (audit-100tps) in 32.109 seconds
2026.10.07-11:33:27.158 info  [caliper] [monitor.js] 	Stopping all monitors
2026.10.07-11:33:27.158 info  [caliper] [round-orchestrator] 	Waiting 5 seconds for the next round...
2026.10.07-11:33:32.164 info  [caliper] [round-orchestrator] 	Started round 16 (audit-200tps)
2026.10.07-11:33:32.164 info  [caliper] [worker-message-handler] 	Preparing Worker#0 for Round#15
2026.10.07-11:33:32.169 info  [caliper] [connectors/peer-gateway/PeerGateway] 	Generating contract map for user User1@org1.example.com
2026.10.07-11:33:32.170 info  [caliper] [caliper-worker] 	Info: worker 0 prepare test phase for round 15 is starting...
2026.10.07-11:33:32.171 info  [caliper] [connectors/peer-gateway/PeerGateway] 	disconnecting gateway for user User1@org1.example.com
2026.10.07-11:33:32.171 info  [caliper] [connectors/peer-gateway/PeerGateway] 	disconnecting gRpc client at peer peer0.org1.example.com
2026.10.07-11:33:32.171 info  [caliper] [caliper-worker] 	Info: worker 0 prepare test phase for round 15 is completed
2026.10.07-11:33:32.171 info  [caliper] [worker-message-handler] 	Worker#0 prepared for Round#15
2026.10.07-11:33:32.171 info  [caliper] [worker-orchestrator] 	1 workers prepared, progressing to test phase.
2026.10.07-11:33:32.172 info  [caliper] [round-orchestrator] 	Monitors successfully started
2026.10.07-11:33:32.172 info  [caliper] [worker-message-handler] 	Worker#0 is starting Round#15
2026.10.07-11:33:32.173 info  [caliper] [connectors/peer-gateway/PeerGateway] 	Generating contract map for user User1@org1.example.com
2026.10.07-11:33:32.174 info  [caliper] [caliper-worker] 	Worker #0 starting workload loop
2026.10.07-11:33:37.172 info  [caliper] [default-observer] 	[audit-200tps Round 15 Transaction Info] - Submitted: 791 Succ: 770 Fail:0 Unfinished:21
2026.10.07-11:33:42.173 info  [caliper] [default-observer] 	[audit-200tps Round 15 Transaction Info] - Submitted: 1795 Succ: 1780 Fail:0 Unfinished:15
2026.10.07-11:33:47.174 info  [caliper] [default-observer] 	[audit-200tps Round 15 Transaction Info] - Submitted: 2798 Succ: 2790 Fail:0 Unfinished:8
2026.10.07-11:33:52.176 info  [caliper] [default-observer] 	[audit-200tps Round 15 Transaction Info] - Submitted: 3800 Succ: 3790 Fail:0 Unfinished:10
2026.10.07-11:33:57.178 info  [caliper] [default-observer] 	[audit-200tps Round 15 Transaction Info] - Submitted: 4802 Succ: 4780 Fail:0 Unfinished:22
2026.10.07-11:34:02.179 info  [caliper] [default-observer] 	[audit-200tps Round 15 Transaction Info] - Submitted: 5810 Succ: 5790 Fail:0 Unfinished:20
2026.10.07-11:34:05.184 info  [caliper] [connectors/peer-gateway/PeerGateway] 	disconnecting gateway for user User1@org1.example.com
2026.10.07-11:34:05.184 info  [caliper] [connectors/peer-gateway/PeerGateway] 	disconnecting gRpc client at peer peer0.org1.example.com
2026.10.07-11:34:05.184 info  [caliper] [worker-message-handler] 	Worker#0 finished Round#15
2026.10.07-11:34:10.186 info  [caliper] [default-observer] 	Resetting txCount indicator count
2026.10.07-11:34:10.186 info  [caliper] [report-builder] 	### Test result ###
2026.10.07-11:34:10.187 info  [caliper] [report-builder] 	
+--------------+------+------+-----------------+-----------------+-----------------+-----------------+------------------+
| Name         | Succ | Fail | Send Rate (TPS) | Max Latency (s) | Min Latency (s) | Avg Latency (s) | Throughput (TPS) |
|--------------|------|------|-----------------|-----------------|-----------------|-----------------|------------------|
| audit-200tps | 5998 | 0    | 199.9           | 2.04            | 0.03            | 0.09            | 187.5            |
+--------------+------+------+-----------------+-----------------+-----------------+-----------------+------------------+

2026.10.07-11:34:10.187 info  [caliper] [round-orchestrator] 	Finished round 16 (audit-200tps) in 32.008 seconds
2026.10.07-11:34:10.187 info  [caliper] [monitor.js] 	Stopping all monitors
2026.10.07-11:34:10.187 info  [caliper] [report-builder] 	### All test results ###
2026.10.07-11:34:10.190 info  [caliper] [report-builder] 	
+---------------+-------+------+-----------------+-----------------+-----------------+-----------------+------------------+
| Name          | Succ  | Fail | Send Rate (TPS) | Max Latency (s) | Min Latency (s) | Avg Latency (s) | Throughput (TPS) |
|---------------|-------|------|-----------------|-----------------|-----------------|-----------------|------------------|
| seed          | 500   | 0    | 77.0            | 1.92            | 0.03            | 0.25            | 76.6             |
|---------------|-------|------|-----------------|-----------------|-----------------|-----------------|------------------|
| issue-10tps   | 301   | 0    | 10.0            | 2.02            | 0.02            | 0.48            | 9.4              |
|---------------|-------|------|-----------------|-----------------|-----------------|-----------------|------------------|
| issue-25tps   | 751   | 0    | 25.0            | 2.02            | 0.02            | 0.21            | 23.5             |
|---------------|-------|------|-----------------|-----------------|-----------------|-----------------|------------------|
| issue-50tps   | 1501  | 0    | 50.0            | 2.02            | 0.02            | 0.11            | 46.9             |
|---------------|-------|------|-----------------|-----------------|-----------------|-----------------|------------------|
| issue-100tps  | 3001  | 0    | 100.0           | 2.02            | 0.02            | 0.07            | 93.7             |
|---------------|-------|------|-----------------|-----------------|-----------------|-----------------|------------------|
| issue-150tps  | 4501  | 0    | 150.0           | 2.02            | 0.02            | 0.06            | 140.6            |
|---------------|-------|------|-----------------|-----------------|-----------------|-----------------|------------------|
| issue-200tps  | 5999  | 0    | 200.0           | 2.05            | 0.03            | 0.09            | 187.5            |
|---------------|-------|------|-----------------|-----------------|-----------------|-----------------|------------------|
| issue-300tps  | 6002  | 0    | 200.1           | 2.03            | 0.03            | 0.09            | 187.4            |
|---------------|-------|------|-----------------|-----------------|-----------------|-----------------|------------------|
| verify-100tps | 3001  | 0    | 100.0           | 0.02            | 0.00            | 0.00            | 100.0            |
|---------------|-------|------|-----------------|-----------------|-----------------|-----------------|------------------|
| verify-200tps | 6001  | 0    | 200.0           | 0.02            | 0.00            | 0.00            | 200.0            |
|---------------|-------|------|-----------------|-----------------|-----------------|-----------------|------------------|
| verify-400tps | 12001 | 0    | 400.0           | 0.04            | 0.00            | 0.00            | 400.0            |
|---------------|-------|------|-----------------|-----------------|-----------------|-----------------|------------------|
| verify-600tps | 17228 | 0    | 574.3           | 0.02            | 0.00            | 0.00            | 574.2            |
|---------------|-------|------|-----------------|-----------------|-----------------|-----------------|------------------|
| audit-10tps   | 301   | 0    | 10.0            | 2.02            | 0.02            | 0.48            | 9.4              |
|---------------|-------|------|-----------------|-----------------|-----------------|-----------------|------------------|
| audit-50tps   | 1501  | 0    | 50.0            | 2.02            | 0.02            | 0.11            | 46.9             |
|---------------|-------|------|-----------------|-----------------|-----------------|-----------------|------------------|
| audit-100tps  | 3001  | 0    | 100.0           | 2.02            | 0.02            | 0.07            | 93.7             |
|---------------|-------|------|-----------------|-----------------|-----------------|-----------------|------------------|
| audit-200tps  | 5998  | 0    | 199.9           | 2.04            | 0.03            | 0.09            | 187.5            |
+---------------+-------+------+-----------------+-----------------+-----------------+-----------------+------------------+

2026.10.07-11:34:10.197 info  [caliper] [report-builder] 	Generated report with path /home/runner/work/bzt-id-experiments/bzt-id-experiments/fabric-bench/caliper/report.html
2026.10.07-11:34:10.198 info  [caliper] [monitor.js] 	Stopping all monitors
2026.10.07-11:34:10.198 info  [caliper] [worker-orchestrator] 	Sending exit message to connected workers
2026.10.07-11:34:10.198 info  [caliper] [round-orchestrator] 	Benchmark finished in 651.501 seconds. Total rounds: 16. Successful rounds: 16. Failed rounds: 0.
2026.10.07-11:34:10.198 info  [caliper] [caliper-engine] 	Skipping end command due to benchmark flow conditioning
2026.10.07-11:34:10.198 info  [caliper] [cli-launch-manager] 	Benchmark successfully finished!
2026.10.07-11:34:10.198 info  [caliper] [worker-message-handler] 	Worker#0 is exiting
