2026.10.08-05:27:15.304 info  [caliper] [cli-launch-manager] 	Set workspace path: /home/runner/work/bzt-id-experiments/bzt-id-experiments/fabric-bench/caliper
2026.10.08-05:27:15.305 info  [caliper] [cli-launch-manager] 	Set benchmark configuration path: /home/runner/work/bzt-id-experiments/bzt-id-experiments/fabric-bench/caliper/benchmarks/config.yaml
2026.10.08-05:27:15.305 info  [caliper] [cli-launch-manager] 	Set network configuration path: /home/runner/work/bzt-id-experiments/bzt-id-experiments/fabric-bench/caliper/networks/networkConfig.yaml
2026.10.08-05:27:15.305 info  [caliper] [cli-launch-manager] 	Set SUT type: fabric
2026.10.08-05:27:15.324 info  [caliper] [benchmark-validator] 	No observer specified, will default to `none`
2026.10.08-05:27:15.324 info  [caliper] [caliper-engine] 	Starting benchmark flow
2026.10.08-05:27:15.324 info  [caliper] [caliper-engine] 	Skipping start commands due to benchmark flow conditioning
2026.10.08-05:27:15.324 info  [caliper] [caliper-engine] 	Skipping initialization phase due to benchmark flow conditioning
2026.10.08-05:27:15.325 info  [caliper] [caliper-engine] 	Skipping install smart contract phase due to benchmark flow conditioning
2026.10.08-05:27:15.434 info  [caliper] [FabricConnectorFactory] 	Initializing peer gateway connector compatible with installed fabric-gateway SDK: 1.7.1
2026.10.08-05:27:15.449 info  [caliper] [IdentityManager] 	Adding User1@org1.example.com (admin=false) as User1@org1.example.com for organization Org1MSP
2026.10.08-05:27:15.452 info  [caliper] [monitor.js] 	No resource monitors specified
2026.10.08-05:27:15.453 info  [caliper] [default-observer] 	Observer interval set to 5000 milliseconds
2026.10.08-05:27:15.458 info  [caliper] [round-orchestrator] 	Preparing worker connections
2026.10.08-05:27:15.458 info  [caliper] [worker-orchestrator] 	Launching worker 1 of 1
2026.10.08-05:27:15.463 info  [caliper] [worker-orchestrator] 	Messenger not configured, entering configure phase...
2026.10.08-05:27:15.463 info  [caliper] [worker-orchestrator] 	No existing workers detected, entering worker launch phase...
2026.10.08-05:27:15.464 info  [caliper] [worker-orchestrator] 	Waiting for 1 workers to be connected...
2026.10.08-05:27:15.698 info  [caliper] [cli-launch-worker] 	Set workspace path: /home/runner/work/bzt-id-experiments/bzt-id-experiments/fabric-bench/caliper
2026.10.08-05:27:15.699 info  [caliper] [cli-launch-worker] 	Set benchmark configuration path: /home/runner/work/bzt-id-experiments/bzt-id-experiments/fabric-bench/caliper/benchmarks/config.yaml
2026.10.08-05:27:15.699 info  [caliper] [cli-launch-worker] 	Set network configuration path: /home/runner/work/bzt-id-experiments/bzt-id-experiments/fabric-bench/caliper/networks/networkConfig.yaml
2026.10.08-05:27:15.699 info  [caliper] [cli-launch-worker] 	Set SUT type: fabric
2026.10.08-05:27:15.728 info  [caliper] [worker-orchestrator] 	1 workers connected, progressing to worker assignment phase.
2026.10.08-05:27:15.728 info  [caliper] [worker-orchestrator] 	Workers currently unassigned, awaiting index assignment...
2026.10.08-05:27:15.728 info  [caliper] [worker-orchestrator] 	Waiting for 1 workers to be assigned...
2026.10.08-05:27:15.747 info  [caliper] [worker-orchestrator] 	1 workers assigned, progressing to worker initialization phase.
2026.10.08-05:27:15.747 info  [caliper] [worker-orchestrator] 	Waiting for 1 workers to be ready...
2026.10.08-05:27:15.749 info  [caliper] [worker-message-handler] 	Initializing Worker#0...
2026.10.08-05:27:15.876 info  [caliper] [FabricConnectorFactory] 	Initializing peer gateway connector compatible with installed fabric-gateway SDK: 1.7.1
2026.10.08-05:27:15.880 info  [caliper] [IdentityManager] 	Adding User1@org1.example.com (admin=false) as User1@org1.example.com for organization Org1MSP
2026.10.08-05:27:15.884 info  [caliper] [worker-message-handler] 	Worker#0 initialized
2026.10.08-05:27:15.885 info  [caliper] [worker-orchestrator] 	1 workers ready, progressing to test preparation phase.
2026.10.08-05:27:15.885 info  [caliper] [round-orchestrator] 	Started round 1 (seed)
2026.10.08-05:27:15.886 info  [caliper] [worker-message-handler] 	Preparing Worker#0 for Round#0
2026.10.08-05:27:15.897 info  [caliper] [connectors/peer-gateway/PeerGateway] 	Generating contract map for user User1@org1.example.com
2026.10.08-05:27:15.897 info  [caliper] [caliper-worker] 	Info: worker 0 prepare test phase for round 0 is starting...
2026.10.08-05:27:15.899 info  [caliper] [connectors/peer-gateway/PeerGateway] 	disconnecting gateway for user User1@org1.example.com
2026.10.08-05:27:15.899 info  [caliper] [connectors/peer-gateway/PeerGateway] 	disconnecting gRpc client at peer peer0.org1.example.com
2026.10.08-05:27:15.900 info  [caliper] [caliper-worker] 	Info: worker 0 prepare test phase for round 0 is completed
2026.10.08-05:27:15.900 info  [caliper] [worker-message-handler] 	Worker#0 prepared for Round#0
2026.10.08-05:27:15.901 info  [caliper] [worker-orchestrator] 	1 workers prepared, progressing to test phase.
2026.10.08-05:27:15.901 info  [caliper] [round-orchestrator] 	Monitors successfully started
2026.10.08-05:27:15.902 info  [caliper] [worker-message-handler] 	Worker#0 is starting Round#0
2026.10.08-05:27:15.904 info  [caliper] [connectors/peer-gateway/PeerGateway] 	Generating contract map for user User1@org1.example.com
2026.10.08-05:27:15.906 info  [caliper] [caliper-worker] 	Worker #0 starting workload loop
2026.10.08-05:27:20.911 info  [caliper] [default-observer] 	[seed Round 0 Transaction Info] - Submitted: 164 Succ: 113 Fail:0 Unfinished:51
2026.10.08-05:27:25.903 info  [caliper] [default-observer] 	[seed Round 0 Transaction Info] - Submitted: 427 Succ: 376 Fail:0 Unfinished:51
2026.10.08-05:27:28.126 info  [caliper] [connectors/peer-gateway/PeerGateway] 	disconnecting gateway for user User1@org1.example.com
2026.10.08-05:27:28.126 info  [caliper] [connectors/peer-gateway/PeerGateway] 	disconnecting gRpc client at peer peer0.org1.example.com
2026.10.08-05:27:28.126 info  [caliper] [worker-message-handler] 	Worker#0 finished Round#0
2026.10.08-05:27:33.128 info  [caliper] [default-observer] 	Resetting txCount indicator count
2026.10.08-05:27:33.129 info  [caliper] [report-builder] 	### Test result ###
2026.10.08-05:27:33.132 info  [caliper] [report-builder] 	
+------+------+------+-----------------+-----------------+-----------------+-----------------+------------------+
| Name | Succ | Fail | Send Rate (TPS) | Max Latency (s) | Min Latency (s) | Avg Latency (s) | Throughput (TPS) |
|------|------|------|-----------------|-----------------|-----------------|-----------------|------------------|
| seed | 500  | 0    | 47.1            | 1.06            | 0.28            | 0.73            | 45.4             |
+------+------+------+-----------------+-----------------+-----------------+-----------------+------------------+

2026.10.08-05:27:33.133 info  [caliper] [round-orchestrator] 	Finished round 1 (seed) in 11.22 seconds
2026.10.08-05:27:33.133 info  [caliper] [monitor.js] 	Stopping all monitors
2026.10.08-05:27:33.133 info  [caliper] [round-orchestrator] 	Waiting 5 seconds for the next round...
2026.10.08-05:27:38.138 info  [caliper] [round-orchestrator] 	Started round 2 (issue-10tps)
2026.10.08-05:27:38.139 info  [caliper] [worker-message-handler] 	Preparing Worker#0 for Round#1
2026.10.08-05:27:38.141 info  [caliper] [connectors/peer-gateway/PeerGateway] 	Generating contract map for user User1@org1.example.com
2026.10.08-05:27:38.141 info  [caliper] [caliper-worker] 	Info: worker 0 prepare test phase for round 1 is starting...
2026.10.08-05:27:38.143 info  [caliper] [connectors/peer-gateway/PeerGateway] 	disconnecting gateway for user User1@org1.example.com
2026.10.08-05:27:38.143 info  [caliper] [connectors/peer-gateway/PeerGateway] 	disconnecting gRpc client at peer peer0.org1.example.com
2026.10.08-05:27:38.143 info  [caliper] [caliper-worker] 	Info: worker 0 prepare test phase for round 1 is completed
2026.10.08-05:27:38.143 info  [caliper] [worker-message-handler] 	Worker#0 prepared for Round#1
2026.10.08-05:27:38.143 info  [caliper] [worker-orchestrator] 	1 workers prepared, progressing to test phase.
2026.10.08-05:27:38.144 info  [caliper] [round-orchestrator] 	Monitors successfully started
2026.10.08-05:27:38.144 info  [caliper] [worker-message-handler] 	Worker#0 is starting Round#1
2026.10.08-05:27:38.145 info  [caliper] [connectors/peer-gateway/PeerGateway] 	Generating contract map for user User1@org1.example.com
2026.10.08-05:27:38.146 info  [caliper] [caliper-worker] 	Worker #0 starting workload loop
2026.10.08-05:27:43.144 info  [caliper] [default-observer] 	[issue-10tps Round 1 Transaction Info] - Submitted: 40 Succ: 37 Fail:0 Unfinished:3
2026.10.08-05:27:48.145 info  [caliper] [default-observer] 	[issue-10tps Round 1 Transaction Info] - Submitted: 91 Succ: 87 Fail:0 Unfinished:4
2026.10.08-05:27:53.146 info  [caliper] [default-observer] 	[issue-10tps Round 1 Transaction Info] - Submitted: 141 Succ: 137 Fail:0 Unfinished:4
2026.10.08-05:27:58.147 info  [caliper] [default-observer] 	[issue-10tps Round 1 Transaction Info] - Submitted: 191 Succ: 187 Fail:0 Unfinished:4
2026.10.08-05:28:03.148 info  [caliper] [default-observer] 	[issue-10tps Round 1 Transaction Info] - Submitted: 241 Succ: 237 Fail:0 Unfinished:4
2026.10.08-05:28:08.149 info  [caliper] [default-observer] 	[issue-10tps Round 1 Transaction Info] - Submitted: 291 Succ: 287 Fail:0 Unfinished:4
2026.10.08-05:28:09.548 info  [caliper] [connectors/peer-gateway/PeerGateway] 	disconnecting gateway for user User1@org1.example.com
2026.10.08-05:28:09.548 info  [caliper] [connectors/peer-gateway/PeerGateway] 	disconnecting gRpc client at peer peer0.org1.example.com
2026.10.08-05:28:09.548 info  [caliper] [worker-message-handler] 	Worker#0 finished Round#1
2026.10.08-05:28:14.550 info  [caliper] [default-observer] 	Resetting txCount indicator count
2026.10.08-05:28:14.551 info  [caliper] [report-builder] 	### Test result ###
2026.10.08-05:28:14.551 info  [caliper] [report-builder] 	
+-------------+------+------+-----------------+-----------------+-----------------+-----------------+------------------+
| Name        | Succ | Fail | Send Rate (TPS) | Max Latency (s) | Min Latency (s) | Avg Latency (s) | Throughput (TPS) |
|-------------|------|------|-----------------|-----------------|-----------------|-----------------|------------------|
| issue-10tps | 301  | 0    | 10.0            | 0.38            | 0.26            | 0.35            | 9.9              |
+-------------+------+------+-----------------+-----------------+-----------------+-----------------+------------------+

2026.10.08-05:28:14.552 info  [caliper] [round-orchestrator] 	Finished round 2 (issue-10tps) in 30.402 seconds
2026.10.08-05:28:14.552 info  [caliper] [monitor.js] 	Stopping all monitors
2026.10.08-05:28:14.552 info  [caliper] [round-orchestrator] 	Waiting 5 seconds for the next round...
2026.10.08-05:28:19.557 info  [caliper] [round-orchestrator] 	Started round 3 (issue-25tps)
2026.10.08-05:28:19.558 info  [caliper] [worker-message-handler] 	Preparing Worker#0 for Round#2
2026.10.08-05:28:19.560 info  [caliper] [connectors/peer-gateway/PeerGateway] 	Generating contract map for user User1@org1.example.com
2026.10.08-05:28:19.560 info  [caliper] [caliper-worker] 	Info: worker 0 prepare test phase for round 2 is starting...
2026.10.08-05:28:19.561 info  [caliper] [connectors/peer-gateway/PeerGateway] 	disconnecting gateway for user User1@org1.example.com
2026.10.08-05:28:19.561 info  [caliper] [connectors/peer-gateway/PeerGateway] 	disconnecting gRpc client at peer peer0.org1.example.com
2026.10.08-05:28:19.562 info  [caliper] [caliper-worker] 	Info: worker 0 prepare test phase for round 2 is completed
2026.10.08-05:28:19.562 info  [caliper] [worker-message-handler] 	Worker#0 prepared for Round#2
2026.10.08-05:28:19.562 info  [caliper] [worker-orchestrator] 	1 workers prepared, progressing to test phase.
2026.10.08-05:28:19.562 info  [caliper] [round-orchestrator] 	Monitors successfully started
2026.10.08-05:28:19.563 info  [caliper] [worker-message-handler] 	Worker#0 is starting Round#2
2026.10.08-05:28:19.564 info  [caliper] [connectors/peer-gateway/PeerGateway] 	Generating contract map for user User1@org1.example.com
2026.10.08-05:28:19.564 info  [caliper] [caliper-worker] 	Worker #0 starting workload loop
2026.10.08-05:28:24.563 info  [caliper] [default-observer] 	[issue-25tps Round 2 Transaction Info] - Submitted: 100 Succ: 92 Fail:0 Unfinished:8
2026.10.08-05:28:29.564 info  [caliper] [default-observer] 	[issue-25tps Round 2 Transaction Info] - Submitted: 226 Succ: 218 Fail:0 Unfinished:8
2026.10.08-05:28:34.565 info  [caliper] [default-observer] 	[issue-25tps Round 2 Transaction Info] - Submitted: 351 Succ: 342 Fail:0 Unfinished:9
2026.10.08-05:28:39.565 info  [caliper] [default-observer] 	[issue-25tps Round 2 Transaction Info] - Submitted: 476 Succ: 466 Fail:0 Unfinished:10
2026.10.08-05:28:44.566 info  [caliper] [default-observer] 	[issue-25tps Round 2 Transaction Info] - Submitted: 601 Succ: 592 Fail:0 Unfinished:9
2026.10.08-05:28:49.567 info  [caliper] [default-observer] 	[issue-25tps Round 2 Transaction Info] - Submitted: 726 Succ: 718 Fail:0 Unfinished:8
2026.10.08-05:28:50.868 info  [caliper] [connectors/peer-gateway/PeerGateway] 	disconnecting gateway for user User1@org1.example.com
2026.10.08-05:28:50.869 info  [caliper] [connectors/peer-gateway/PeerGateway] 	disconnecting gRpc client at peer peer0.org1.example.com
2026.10.08-05:28:50.869 info  [caliper] [worker-message-handler] 	Worker#0 finished Round#2
2026.10.08-05:28:55.872 info  [caliper] [default-observer] 	Resetting txCount indicator count
2026.10.08-05:28:55.872 info  [caliper] [report-builder] 	### Test result ###
2026.10.08-05:28:55.873 info  [caliper] [report-builder] 	
+-------------+------+------+-----------------+-----------------+-----------------+-----------------+------------------+
| Name        | Succ | Fail | Send Rate (TPS) | Max Latency (s) | Min Latency (s) | Avg Latency (s) | Throughput (TPS) |
|-------------|------|------|-----------------|-----------------|-----------------|-----------------|------------------|
| issue-25tps | 751  | 0    | 25.0            | 0.44            | 0.26            | 0.35            | 24.8             |
+-------------+------+------+-----------------+-----------------+-----------------+-----------------+------------------+

2026.10.08-05:28:55.873 info  [caliper] [round-orchestrator] 	Finished round 3 (issue-25tps) in 30.303 seconds
2026.10.08-05:28:55.873 info  [caliper] [monitor.js] 	Stopping all monitors
2026.10.08-05:28:55.873 info  [caliper] [round-orchestrator] 	Waiting 5 seconds for the next round...
2026.10.08-05:29:00.878 info  [caliper] [round-orchestrator] 	Started round 4 (issue-50tps)
2026.10.08-05:29:00.879 info  [caliper] [worker-message-handler] 	Preparing Worker#0 for Round#3
2026.10.08-05:29:00.883 info  [caliper] [connectors/peer-gateway/PeerGateway] 	Generating contract map for user User1@org1.example.com
2026.10.08-05:29:00.883 info  [caliper] [caliper-worker] 	Info: worker 0 prepare test phase for round 3 is starting...
2026.10.08-05:29:00.885 info  [caliper] [connectors/peer-gateway/PeerGateway] 	disconnecting gateway for user User1@org1.example.com
2026.10.08-05:29:00.885 info  [caliper] [connectors/peer-gateway/PeerGateway] 	disconnecting gRpc client at peer peer0.org1.example.com
2026.10.08-05:29:00.885 info  [caliper] [caliper-worker] 	Info: worker 0 prepare test phase for round 3 is completed
2026.10.08-05:29:00.885 info  [caliper] [worker-message-handler] 	Worker#0 prepared for Round#3
2026.10.08-05:29:00.885 info  [caliper] [worker-orchestrator] 	1 workers prepared, progressing to test phase.
2026.10.08-05:29:00.885 info  [caliper] [round-orchestrator] 	Monitors successfully started
2026.10.08-05:29:00.886 info  [caliper] [worker-message-handler] 	Worker#0 is starting Round#3
2026.10.08-05:29:00.887 info  [caliper] [connectors/peer-gateway/PeerGateway] 	Generating contract map for user User1@org1.example.com
2026.10.08-05:29:00.888 info  [caliper] [caliper-worker] 	Worker #0 starting workload loop
2026.10.08-05:29:05.886 info  [caliper] [default-observer] 	[issue-50tps Round 3 Transaction Info] - Submitted: 201 Succ: 178 Fail:0 Unfinished:23
2026.10.08-05:29:10.887 info  [caliper] [default-observer] 	[issue-50tps Round 3 Transaction Info] - Submitted: 451 Succ: 430 Fail:0 Unfinished:21
2026.10.08-05:29:15.888 info  [caliper] [default-observer] 	[issue-50tps Round 3 Transaction Info] - Submitted: 701 Succ: 683 Fail:0 Unfinished:18
2026.10.08-05:29:20.889 info  [caliper] [default-observer] 	[issue-50tps Round 3 Transaction Info] - Submitted: 951 Succ: 930 Fail:0 Unfinished:21
2026.10.08-05:29:25.890 info  [caliper] [default-observer] 	[issue-50tps Round 3 Transaction Info] - Submitted: 1201 Succ: 1183 Fail:0 Unfinished:18
2026.10.08-05:29:30.891 info  [caliper] [default-observer] 	[issue-50tps Round 3 Transaction Info] - Submitted: 1451 Succ: 1431 Fail:0 Unfinished:20
2026.10.08-05:29:32.290 info  [caliper] [connectors/peer-gateway/PeerGateway] 	disconnecting gateway for user User1@org1.example.com
2026.10.08-05:29:32.290 info  [caliper] [connectors/peer-gateway/PeerGateway] 	disconnecting gRpc client at peer peer0.org1.example.com
2026.10.08-05:29:32.290 info  [caliper] [worker-message-handler] 	Worker#0 finished Round#3
2026.10.08-05:29:37.292 info  [caliper] [default-observer] 	Resetting txCount indicator count
2026.10.08-05:29:37.293 info  [caliper] [report-builder] 	### Test result ###
2026.10.08-05:29:37.293 info  [caliper] [report-builder] 	
+-------------+------+------+-----------------+-----------------+-----------------+-----------------+------------------+
| Name        | Succ | Fail | Send Rate (TPS) | Max Latency (s) | Min Latency (s) | Avg Latency (s) | Throughput (TPS) |
|-------------|------|------|-----------------|-----------------|-----------------|-----------------|------------------|
| issue-50tps | 1501 | 0    | 50.0            | 0.51            | 0.29            | 0.41            | 49.4             |
+-------------+------+------+-----------------+-----------------+-----------------+-----------------+------------------+

2026.10.08-05:29:37.294 info  [caliper] [round-orchestrator] 	Finished round 4 (issue-50tps) in 30.401 seconds
2026.10.08-05:29:37.294 info  [caliper] [monitor.js] 	Stopping all monitors
2026.10.08-05:29:37.294 info  [caliper] [round-orchestrator] 	Waiting 5 seconds for the next round...
2026.10.08-05:29:42.298 info  [caliper] [round-orchestrator] 	Started round 5 (issue-100tps)
2026.10.08-05:29:42.298 info  [caliper] [worker-message-handler] 	Preparing Worker#0 for Round#4
2026.10.08-05:29:42.300 info  [caliper] [connectors/peer-gateway/PeerGateway] 	Generating contract map for user User1@org1.example.com
2026.10.08-05:29:42.300 info  [caliper] [caliper-worker] 	Info: worker 0 prepare test phase for round 4 is starting...
2026.10.08-05:29:42.301 info  [caliper] [connectors/peer-gateway/PeerGateway] 	disconnecting gateway for user User1@org1.example.com
2026.10.08-05:29:42.301 info  [caliper] [connectors/peer-gateway/PeerGateway] 	disconnecting gRpc client at peer peer0.org1.example.com
2026.10.08-05:29:42.302 info  [caliper] [caliper-worker] 	Info: worker 0 prepare test phase for round 4 is completed
2026.10.08-05:29:42.302 info  [caliper] [worker-message-handler] 	Worker#0 prepared for Round#4
2026.10.08-05:29:42.302 info  [caliper] [worker-orchestrator] 	1 workers prepared, progressing to test phase.
2026.10.08-05:29:42.302 info  [caliper] [round-orchestrator] 	Monitors successfully started
2026.10.08-05:29:42.302 info  [caliper] [worker-message-handler] 	Worker#0 is starting Round#4
2026.10.08-05:29:42.303 info  [caliper] [connectors/peer-gateway/PeerGateway] 	Generating contract map for user User1@org1.example.com
2026.10.08-05:29:42.304 info  [caliper] [caliper-worker] 	Worker #0 starting workload loop
2026.10.08-05:29:47.303 info  [caliper] [default-observer] 	[issue-100tps Round 4 Transaction Info] - Submitted: 396 Succ: 325 Fail:0 Unfinished:71
2026.10.08-05:29:52.304 info  [caliper] [default-observer] 	[issue-100tps Round 4 Transaction Info] - Submitted: 901 Succ: 768 Fail:0 Unfinished:133
2026.10.08-05:29:57.304 info  [caliper] [default-observer] 	[issue-100tps Round 4 Transaction Info] - Submitted: 1402 Succ: 1223 Fail:0 Unfinished:179
2026.10.08-05:30:02.305 info  [caliper] [default-observer] 	[issue-100tps Round 4 Transaction Info] - Submitted: 1903 Succ: 1694 Fail:0 Unfinished:209
2026.10.08-05:30:07.306 info  [caliper] [default-observer] 	[issue-100tps Round 4 Transaction Info] - Submitted: 2403 Succ: 2188 Fail:0 Unfinished:215
2026.10.08-05:30:12.308 info  [caliper] [default-observer] 	[issue-100tps Round 4 Transaction Info] - Submitted: 2903 Succ: 2662 Fail:0 Unfinished:241
2026.10.08-05:30:13.922 info  [caliper] [connectors/peer-gateway/PeerGateway] 	disconnecting gateway for user User1@org1.example.com
2026.10.08-05:30:13.922 info  [caliper] [connectors/peer-gateway/PeerGateway] 	disconnecting gRpc client at peer peer0.org1.example.com
2026.10.08-05:30:13.923 info  [caliper] [worker-message-handler] 	Worker#0 finished Round#4
2026.10.08-05:30:18.925 info  [caliper] [default-observer] 	Resetting txCount indicator count
2026.10.08-05:30:18.925 info  [caliper] [report-builder] 	### Test result ###
2026.10.08-05:30:18.926 info  [caliper] [report-builder] 	
+--------------+------+------+-----------------+-----------------+-----------------+-----------------+------------------+
| Name         | Succ | Fail | Send Rate (TPS) | Max Latency (s) | Min Latency (s) | Avg Latency (s) | Throughput (TPS) |
|--------------|------|------|-----------------|-----------------|-----------------|-----------------|------------------|
| issue-100tps | 3001 | 0    | 100.0           | 2.73            | 0.41            | 1.67            | 98.3             |
+--------------+------+------+-----------------+-----------------+-----------------+-----------------+------------------+

2026.10.08-05:30:18.926 info  [caliper] [round-orchestrator] 	Finished round 5 (issue-100tps) in 30.617 seconds
2026.10.08-05:30:18.926 info  [caliper] [monitor.js] 	Stopping all monitors
2026.10.08-05:30:18.926 info  [caliper] [round-orchestrator] 	Waiting 5 seconds for the next round...
2026.10.08-05:30:23.931 info  [caliper] [round-orchestrator] 	Started round 6 (issue-150tps)
2026.10.08-05:30:23.932 info  [caliper] [worker-message-handler] 	Preparing Worker#0 for Round#5
2026.10.08-05:30:23.936 info  [caliper] [connectors/peer-gateway/PeerGateway] 	Generating contract map for user User1@org1.example.com
2026.10.08-05:30:23.937 info  [caliper] [caliper-worker] 	Info: worker 0 prepare test phase for round 5 is starting...
2026.10.08-05:30:23.938 info  [caliper] [connectors/peer-gateway/PeerGateway] 	disconnecting gateway for user User1@org1.example.com
2026.10.08-05:30:23.938 info  [caliper] [connectors/peer-gateway/PeerGateway] 	disconnecting gRpc client at peer peer0.org1.example.com
2026.10.08-05:30:23.938 info  [caliper] [caliper-worker] 	Info: worker 0 prepare test phase for round 5 is completed
2026.10.08-05:30:23.938 info  [caliper] [worker-message-handler] 	Worker#0 prepared for Round#5
2026.10.08-05:30:23.938 info  [caliper] [worker-orchestrator] 	1 workers prepared, progressing to test phase.
2026.10.08-05:30:23.939 info  [caliper] [round-orchestrator] 	Monitors successfully started
2026.10.08-05:30:23.939 info  [caliper] [worker-message-handler] 	Worker#0 is starting Round#5
2026.10.08-05:30:23.940 info  [caliper] [connectors/peer-gateway/PeerGateway] 	Generating contract map for user User1@org1.example.com
2026.10.08-05:30:23.940 info  [caliper] [caliper-worker] 	Worker #0 starting workload loop
2026.10.08-05:30:28.941 info  [caliper] [default-observer] 	[issue-150tps Round 5 Transaction Info] - Submitted: 588 Succ: 178 Fail:0 Unfinished:410
2026.10.08-05:30:33.942 info  [caliper] [default-observer] 	[issue-150tps Round 5 Transaction Info] - Submitted: 1352 Succ: 418 Fail:0 Unfinished:934
2026.10.08-05:30:38.944 info  [caliper] [default-observer] 	[issue-150tps Round 5 Transaction Info] - Submitted: 2022 Succ: 705 Fail:0 Unfinished:1317
2026.10.08-05:30:43.945 info  [caliper] [default-observer] 	[issue-150tps Round 5 Transaction Info] - Submitted: 2838 Succ: 972 Fail:0 Unfinished:1866
2026.10.08-05:30:48.947 info  [caliper] [default-observer] 	[issue-150tps Round 5 Transaction Info] - Submitted: 3609 Succ: 1216 Fail:0 Unfinished:2393
2026.10.08-05:30:53.947 info  [caliper] [default-observer] 	[issue-150tps Round 5 Transaction Info] - Submitted: 4354 Succ: 1532 Fail:0 Unfinished:2822
2026.10.08-05:30:58.948 info  [caliper] [default-observer] 	[issue-150tps Round 5 Transaction Info] - Submitted: 4494 Succ: 3652 Fail:0 Unfinished:842
2026.10.08-05:31:01.297 info  [caliper] [connectors/peer-gateway/PeerGateway] 	disconnecting gateway for user User1@org1.example.com
2026.10.08-05:31:01.297 info  [caliper] [connectors/peer-gateway/PeerGateway] 	disconnecting gRpc client at peer peer0.org1.example.com
2026.10.08-05:31:01.298 info  [caliper] [worker-message-handler] 	Worker#0 finished Round#5
2026.10.08-05:31:06.301 info  [caliper] [default-observer] 	Resetting txCount indicator count
2026.10.08-05:31:06.301 info  [caliper] [report-builder] 	### Test result ###
2026.10.08-05:31:06.302 info  [caliper] [report-builder] 	
+--------------+------+------+-----------------+-----------------+-----------------+-----------------+------------------+
| Name         | Succ | Fail | Send Rate (TPS) | Max Latency (s) | Min Latency (s) | Avg Latency (s) | Throughput (TPS) |
|--------------|------|------|-----------------|-----------------|-----------------|-----------------|------------------|
| issue-150tps | 4494 | 0    | 149.2           | 19.95           | 0.41            | 11.85           | 123.9            |
+--------------+------+------+-----------------+-----------------+-----------------+-----------------+------------------+

2026.10.08-05:31:06.302 info  [caliper] [round-orchestrator] 	Finished round 6 (issue-150tps) in 36.356 seconds
2026.10.08-05:31:06.302 info  [caliper] [monitor.js] 	Stopping all monitors
2026.10.08-05:31:06.302 info  [caliper] [round-orchestrator] 	Waiting 5 seconds for the next round...
2026.10.08-05:31:11.302 info  [caliper] [round-orchestrator] 	Started round 7 (issue-200tps)
2026.10.08-05:31:11.303 info  [caliper] [worker-message-handler] 	Preparing Worker#0 for Round#6
2026.10.08-05:31:11.307 info  [caliper] [connectors/peer-gateway/PeerGateway] 	Generating contract map for user User1@org1.example.com
2026.10.08-05:31:11.307 info  [caliper] [caliper-worker] 	Info: worker 0 prepare test phase for round 6 is starting...
2026.10.08-05:31:11.309 info  [caliper] [connectors/peer-gateway/PeerGateway] 	disconnecting gateway for user User1@org1.example.com
2026.10.08-05:31:11.309 info  [caliper] [connectors/peer-gateway/PeerGateway] 	disconnecting gRpc client at peer peer0.org1.example.com
2026.10.08-05:31:11.309 info  [caliper] [caliper-worker] 	Info: worker 0 prepare test phase for round 6 is completed
2026.10.08-05:31:11.309 info  [caliper] [worker-message-handler] 	Worker#0 prepared for Round#6
2026.10.08-05:31:11.309 info  [caliper] [worker-orchestrator] 	1 workers prepared, progressing to test phase.
2026.10.08-05:31:11.309 info  [caliper] [round-orchestrator] 	Monitors successfully started
2026.10.08-05:31:11.310 info  [caliper] [worker-message-handler] 	Worker#0 is starting Round#6
2026.10.08-05:31:11.311 info  [caliper] [connectors/peer-gateway/PeerGateway] 	Generating contract map for user User1@org1.example.com
2026.10.08-05:31:11.312 info  [caliper] [caliper-worker] 	Worker #0 starting workload loop
2026.10.08-05:31:16.310 info  [caliper] [default-observer] 	[issue-200tps Round 6 Transaction Info] - Submitted: 704 Succ: 137 Fail:0 Unfinished:567
2026.10.08-05:31:21.312 info  [caliper] [default-observer] 	[issue-200tps Round 6 Transaction Info] - Submitted: 1441 Succ: 405 Fail:0 Unfinished:1036
2026.10.08-05:31:26.312 info  [caliper] [default-observer] 	[issue-200tps Round 6 Transaction Info] - Submitted: 2090 Succ: 1085 Fail:0 Unfinished:1005
2026.10.08-05:31:31.316 info  [caliper] [default-observer] 	[issue-200tps Round 6 Transaction Info] - Submitted: 2782 Succ: 1577 Fail:0 Unfinished:1205
2026.10.08-05:31:36.317 info  [caliper] [default-observer] 	[issue-200tps Round 6 Transaction Info] - Submitted: 3528 Succ: 2025 Fail:0 Unfinished:1503
2026.10.08-05:31:41.319 info  [caliper] [default-observer] 	[issue-200tps Round 6 Transaction Info] - Submitted: 4250 Succ: 2545 Fail:0 Unfinished:1705
2026.10.08-05:31:45.644 info  [caliper] [connectors/peer-gateway/PeerGateway] 	disconnecting gateway for user User1@org1.example.com
2026.10.08-05:31:45.644 info  [caliper] [connectors/peer-gateway/PeerGateway] 	disconnecting gRpc client at peer peer0.org1.example.com
2026.10.08-05:31:45.644 info  [caliper] [worker-message-handler] 	Worker#0 finished Round#6
2026.10.08-05:31:50.649 info  [caliper] [default-observer] 	Resetting txCount indicator count
2026.10.08-05:31:50.649 info  [caliper] [report-builder] 	### Test result ###
2026.10.08-05:31:50.650 info  [caliper] [report-builder] 	
+--------------+------+------+-----------------+-----------------+-----------------+-----------------+------------------+
| Name         | Succ | Fail | Send Rate (TPS) | Max Latency (s) | Min Latency (s) | Avg Latency (s) | Throughput (TPS) |
|--------------|------|------|-----------------|-----------------|-----------------|-----------------|------------------|
| issue-200tps | 4379 | 0    | 145.9           | 12.50           | 0.47            | 7.89            | 131.6            |
+--------------+------+------+-----------------+-----------------+-----------------+-----------------+------------------+

2026.10.08-05:31:50.650 info  [caliper] [round-orchestrator] 	Finished round 7 (issue-200tps) in 33.332 seconds
2026.10.08-05:31:50.650 info  [caliper] [monitor.js] 	Stopping all monitors
2026.10.08-05:31:50.650 info  [caliper] [round-orchestrator] 	Waiting 5 seconds for the next round...
2026.10.08-05:31:55.651 info  [caliper] [round-orchestrator] 	Started round 8 (issue-300tps)
2026.10.08-05:31:55.652 info  [caliper] [worker-message-handler] 	Preparing Worker#0 for Round#7
2026.10.08-05:31:55.654 info  [caliper] [connectors/peer-gateway/PeerGateway] 	Generating contract map for user User1@org1.example.com
2026.10.08-05:31:55.654 info  [caliper] [caliper-worker] 	Info: worker 0 prepare test phase for round 7 is starting...
2026.10.08-05:31:55.655 info  [caliper] [connectors/peer-gateway/PeerGateway] 	disconnecting gateway for user User1@org1.example.com
2026.10.08-05:31:55.655 info  [caliper] [connectors/peer-gateway/PeerGateway] 	disconnecting gRpc client at peer peer0.org1.example.com
2026.10.08-05:31:55.655 info  [caliper] [caliper-worker] 	Info: worker 0 prepare test phase for round 7 is completed
2026.10.08-05:31:55.655 info  [caliper] [worker-message-handler] 	Worker#0 prepared for Round#7
2026.10.08-05:31:55.656 info  [caliper] [worker-orchestrator] 	1 workers prepared, progressing to test phase.
2026.10.08-05:31:55.656 info  [caliper] [round-orchestrator] 	Monitors successfully started
2026.10.08-05:31:55.656 info  [caliper] [worker-message-handler] 	Worker#0 is starting Round#7
2026.10.08-05:31:55.657 info  [caliper] [connectors/peer-gateway/PeerGateway] 	Generating contract map for user User1@org1.example.com
2026.10.08-05:31:55.657 info  [caliper] [caliper-worker] 	Worker #0 starting workload loop
2026.10.08-05:32:00.657 info  [caliper] [default-observer] 	[issue-300tps Round 7 Transaction Info] - Submitted: 617 Succ: 313 Fail:0 Unfinished:304
2026.10.08-05:32:05.658 info  [caliper] [default-observer] 	[issue-300tps Round 7 Transaction Info] - Submitted: 1347 Succ: 783 Fail:0 Unfinished:564
2026.10.08-05:32:10.659 info  [caliper] [default-observer] 	[issue-300tps Round 7 Transaction Info] - Submitted: 2111 Succ: 1222 Fail:0 Unfinished:889
2026.10.08-05:32:15.660 info  [caliper] [default-observer] 	[issue-300tps Round 7 Transaction Info] - Submitted: 2816 Succ: 1663 Fail:0 Unfinished:1153
2026.10.08-05:32:20.662 info  [caliper] [default-observer] 	[issue-300tps Round 7 Transaction Info] - Submitted: 3506 Succ: 2153 Fail:0 Unfinished:1353
2026.10.08-05:32:25.663 info  [caliper] [default-observer] 	[issue-300tps Round 7 Transaction Info] - Submitted: 4185 Succ: 2653 Fail:0 Unfinished:1532
2026.10.08-05:32:29.615 info  [caliper] [connectors/peer-gateway/PeerGateway] 	disconnecting gateway for user User1@org1.example.com
2026.10.08-05:32:29.615 info  [caliper] [connectors/peer-gateway/PeerGateway] 	disconnecting gRpc client at peer peer0.org1.example.com
2026.10.08-05:32:29.615 info  [caliper] [worker-message-handler] 	Worker#0 finished Round#7
2026.10.08-05:32:34.617 info  [caliper] [default-observer] 	Resetting txCount indicator count
2026.10.08-05:32:34.617 info  [caliper] [report-builder] 	### Test result ###
2026.10.08-05:32:34.618 info  [caliper] [report-builder] 	
+--------------+------+------+-----------------+-----------------+-----------------+-----------------+------------------+
| Name         | Succ | Fail | Send Rate (TPS) | Max Latency (s) | Min Latency (s) | Avg Latency (s) | Throughput (TPS) |
|--------------|------|------|-----------------|-----------------|-----------------|-----------------|------------------|
| issue-300tps | 4316 | 0    | 143.7           | 11.80           | 0.50            | 6.63            | 131.3            |
+--------------+------+------+-----------------+-----------------+-----------------+-----------------+------------------+

2026.10.08-05:32:34.618 info  [caliper] [round-orchestrator] 	Finished round 8 (issue-300tps) in 32.957 seconds
2026.10.08-05:32:34.618 info  [caliper] [monitor.js] 	Stopping all monitors
2026.10.08-05:32:34.618 info  [caliper] [round-orchestrator] 	Waiting 5 seconds for the next round...
2026.10.08-05:32:39.621 info  [caliper] [round-orchestrator] 	Started round 9 (verify-100tps)
2026.10.08-05:32:39.622 info  [caliper] [worker-message-handler] 	Preparing Worker#0 for Round#8
2026.10.08-05:32:39.624 info  [caliper] [connectors/peer-gateway/PeerGateway] 	Generating contract map for user User1@org1.example.com
2026.10.08-05:32:39.624 info  [caliper] [caliper-worker] 	Info: worker 0 prepare test phase for round 8 is starting...
2026.10.08-05:32:39.625 info  [caliper] [connectors/peer-gateway/PeerGateway] 	disconnecting gateway for user User1@org1.example.com
2026.10.08-05:32:39.625 info  [caliper] [connectors/peer-gateway/PeerGateway] 	disconnecting gRpc client at peer peer0.org1.example.com
2026.10.08-05:32:39.625 info  [caliper] [caliper-worker] 	Info: worker 0 prepare test phase for round 8 is completed
2026.10.08-05:32:39.626 info  [caliper] [worker-message-handler] 	Worker#0 prepared for Round#8
2026.10.08-05:32:39.626 info  [caliper] [worker-orchestrator] 	1 workers prepared, progressing to test phase.
2026.10.08-05:32:39.626 info  [caliper] [round-orchestrator] 	Monitors successfully started
2026.10.08-05:32:39.627 info  [caliper] [worker-message-handler] 	Worker#0 is starting Round#8
2026.10.08-05:32:39.628 info  [caliper] [connectors/peer-gateway/PeerGateway] 	Generating contract map for user User1@org1.example.com
2026.10.08-05:32:39.628 info  [caliper] [caliper-worker] 	Worker #0 starting workload loop
2026.10.08-05:32:44.627 info  [caliper] [default-observer] 	[verify-100tps Round 8 Transaction Info] - Submitted: 400 Succ: 396 Fail:0 Unfinished:4
2026.10.08-05:32:49.628 info  [caliper] [default-observer] 	[verify-100tps Round 8 Transaction Info] - Submitted: 901 Succ: 896 Fail:0 Unfinished:5
2026.10.08-05:32:54.629 info  [caliper] [default-observer] 	[verify-100tps Round 8 Transaction Info] - Submitted: 1401 Succ: 1396 Fail:0 Unfinished:5
2026.10.08-05:32:59.628 info  [caliper] [default-observer] 	[verify-100tps Round 8 Transaction Info] - Submitted: 1901 Succ: 1896 Fail:0 Unfinished:5
2026.10.08-05:33:04.629 info  [caliper] [default-observer] 	[verify-100tps Round 8 Transaction Info] - Submitted: 2401 Succ: 2396 Fail:0 Unfinished:5
2026.10.08-05:33:09.629 info  [caliper] [default-observer] 	[verify-100tps Round 8 Transaction Info] - Submitted: 2901 Succ: 2896 Fail:0 Unfinished:5
2026.10.08-05:33:10.728 info  [caliper] [connectors/peer-gateway/PeerGateway] 	disconnecting gateway for user User1@org1.example.com
2026.10.08-05:33:10.729 info  [caliper] [connectors/peer-gateway/PeerGateway] 	disconnecting gRpc client at peer peer0.org1.example.com
2026.10.08-05:33:10.729 info  [caliper] [worker-message-handler] 	Worker#0 finished Round#8
2026.10.08-05:33:15.731 info  [caliper] [default-observer] 	Resetting txCount indicator count
2026.10.08-05:33:15.731 info  [caliper] [report-builder] 	### Test result ###
2026.10.08-05:33:15.732 info  [caliper] [report-builder] 	
+---------------+------+------+-----------------+-----------------+-----------------+-----------------+------------------+
| Name          | Succ | Fail | Send Rate (TPS) | Max Latency (s) | Min Latency (s) | Avg Latency (s) | Throughput (TPS) |
|---------------|------|------|-----------------|-----------------|-----------------|-----------------|------------------|
| verify-100tps | 3001 | 0    | 100.0           | 0.10            | 0.04            | 0.05            | 99.9             |
+---------------+------+------+-----------------+-----------------+-----------------+-----------------+------------------+

2026.10.08-05:33:15.732 info  [caliper] [round-orchestrator] 	Finished round 9 (verify-100tps) in 30.1 seconds
2026.10.08-05:33:15.732 info  [caliper] [monitor.js] 	Stopping all monitors
2026.10.08-05:33:15.733 info  [caliper] [round-orchestrator] 	Waiting 5 seconds for the next round...
2026.10.08-05:33:20.735 info  [caliper] [round-orchestrator] 	Started round 10 (verify-200tps)
2026.10.08-05:33:20.736 info  [caliper] [worker-message-handler] 	Preparing Worker#0 for Round#9
2026.10.08-05:33:20.737 info  [caliper] [connectors/peer-gateway/PeerGateway] 	Generating contract map for user User1@org1.example.com
2026.10.08-05:33:20.737 info  [caliper] [caliper-worker] 	Info: worker 0 prepare test phase for round 9 is starting...
2026.10.08-05:33:20.738 info  [caliper] [connectors/peer-gateway/PeerGateway] 	disconnecting gateway for user User1@org1.example.com
2026.10.08-05:33:20.738 info  [caliper] [connectors/peer-gateway/PeerGateway] 	disconnecting gRpc client at peer peer0.org1.example.com
2026.10.08-05:33:20.738 info  [caliper] [caliper-worker] 	Info: worker 0 prepare test phase for round 9 is completed
2026.10.08-05:33:20.739 info  [caliper] [worker-message-handler] 	Worker#0 prepared for Round#9
2026.10.08-05:33:20.739 info  [caliper] [worker-orchestrator] 	1 workers prepared, progressing to test phase.
2026.10.08-05:33:20.739 info  [caliper] [round-orchestrator] 	Monitors successfully started
2026.10.08-05:33:20.739 info  [caliper] [worker-message-handler] 	Worker#0 is starting Round#9
2026.10.08-05:33:20.740 info  [caliper] [connectors/peer-gateway/PeerGateway] 	Generating contract map for user User1@org1.example.com
2026.10.08-05:33:20.741 info  [caliper] [caliper-worker] 	Worker #0 starting workload loop
2026.10.08-05:33:25.740 info  [caliper] [default-observer] 	[verify-200tps Round 9 Transaction Info] - Submitted: 800 Succ: 790 Fail:0 Unfinished:10
2026.10.08-05:33:30.742 info  [caliper] [default-observer] 	[verify-200tps Round 9 Transaction Info] - Submitted: 2000 Succ: 1991 Fail:0 Unfinished:9
2026.10.08-05:33:35.742 info  [caliper] [default-observer] 	[verify-200tps Round 9 Transaction Info] - Submitted: 2801 Succ: 2790 Fail:0 Unfinished:11
2026.10.08-05:33:40.742 info  [caliper] [default-observer] 	[verify-200tps Round 9 Transaction Info] - Submitted: 4001 Succ: 3992 Fail:0 Unfinished:9
2026.10.08-05:33:45.743 info  [caliper] [default-observer] 	[verify-200tps Round 9 Transaction Info] - Submitted: 4801 Succ: 4791 Fail:0 Unfinished:10
2026.10.08-05:33:50.743 info  [caliper] [default-observer] 	[verify-200tps Round 9 Transaction Info] - Submitted: 6001 Succ: 5991 Fail:0 Unfinished:10
2026.10.08-05:33:51.847 info  [caliper] [connectors/peer-gateway/PeerGateway] 	disconnecting gateway for user User1@org1.example.com
2026.10.08-05:33:51.847 info  [caliper] [connectors/peer-gateway/PeerGateway] 	disconnecting gRpc client at peer peer0.org1.example.com
2026.10.08-05:33:51.848 info  [caliper] [worker-message-handler] 	Worker#0 finished Round#9
2026.10.08-05:33:56.849 info  [caliper] [default-observer] 	Resetting txCount indicator count
2026.10.08-05:33:56.850 info  [caliper] [report-builder] 	### Test result ###
2026.10.08-05:33:56.850 info  [caliper] [report-builder] 	
+---------------+------+------+-----------------+-----------------+-----------------+-----------------+------------------+
| Name          | Succ | Fail | Send Rate (TPS) | Max Latency (s) | Min Latency (s) | Avg Latency (s) | Throughput (TPS) |
|---------------|------|------|-----------------|-----------------|-----------------|-----------------|------------------|
| verify-200tps | 6002 | 0    | 200.0           | 0.10            | 0.04            | 0.05            | 199.7            |
+---------------+------+------+-----------------+-----------------+-----------------+-----------------+------------------+

2026.10.08-05:33:56.851 info  [caliper] [round-orchestrator] 	Finished round 10 (verify-200tps) in 30.106 seconds
2026.10.08-05:33:56.851 info  [caliper] [monitor.js] 	Stopping all monitors
2026.10.08-05:33:56.851 info  [caliper] [round-orchestrator] 	Waiting 5 seconds for the next round...
2026.10.08-05:34:01.854 info  [caliper] [round-orchestrator] 	Started round 11 (verify-400tps)
2026.10.08-05:34:01.855 info  [caliper] [worker-message-handler] 	Preparing Worker#0 for Round#10
2026.10.08-05:34:01.857 info  [caliper] [connectors/peer-gateway/PeerGateway] 	Generating contract map for user User1@org1.example.com
2026.10.08-05:34:01.857 info  [caliper] [caliper-worker] 	Info: worker 0 prepare test phase for round 10 is starting...
2026.10.08-05:34:01.859 info  [caliper] [connectors/peer-gateway/PeerGateway] 	disconnecting gateway for user User1@org1.example.com
2026.10.08-05:34:01.859 info  [caliper] [connectors/peer-gateway/PeerGateway] 	disconnecting gRpc client at peer peer0.org1.example.com
2026.10.08-05:34:01.859 info  [caliper] [caliper-worker] 	Info: worker 0 prepare test phase for round 10 is completed
2026.10.08-05:34:01.859 info  [caliper] [worker-message-handler] 	Worker#0 prepared for Round#10
2026.10.08-05:34:01.859 info  [caliper] [worker-orchestrator] 	1 workers prepared, progressing to test phase.
2026.10.08-05:34:01.859 info  [caliper] [round-orchestrator] 	Monitors successfully started
2026.10.08-05:34:01.860 info  [caliper] [worker-message-handler] 	Worker#0 is starting Round#10
2026.10.08-05:34:01.861 info  [caliper] [connectors/peer-gateway/PeerGateway] 	Generating contract map for user User1@org1.example.com
2026.10.08-05:34:01.861 info  [caliper] [caliper-worker] 	Worker #0 starting workload loop
2026.10.08-05:34:06.860 info  [caliper] [default-observer] 	[verify-400tps Round 10 Transaction Info] - Submitted: 1600 Succ: 1582 Fail:0 Unfinished:18
2026.10.08-05:34:11.861 info  [caliper] [default-observer] 	[verify-400tps Round 10 Transaction Info] - Submitted: 3600 Succ: 3581 Fail:0 Unfinished:19
2026.10.08-05:34:16.861 info  [caliper] [default-observer] 	[verify-400tps Round 10 Transaction Info] - Submitted: 6000 Succ: 5982 Fail:0 Unfinished:18
2026.10.08-05:34:21.861 info  [caliper] [default-observer] 	[verify-400tps Round 10 Transaction Info] - Submitted: 8001 Succ: 7980 Fail:0 Unfinished:21
2026.10.08-05:34:26.861 info  [caliper] [default-observer] 	[verify-400tps Round 10 Transaction Info] - Submitted: 10000 Succ: 9981 Fail:0 Unfinished:19
2026.10.08-05:34:31.861 info  [caliper] [default-observer] 	[verify-400tps Round 10 Transaction Info] - Submitted: 12000 Succ: 11981 Fail:0 Unfinished:19
2026.10.08-05:34:32.963 info  [caliper] [connectors/peer-gateway/PeerGateway] 	disconnecting gateway for user User1@org1.example.com
2026.10.08-05:34:32.963 info  [caliper] [connectors/peer-gateway/PeerGateway] 	disconnecting gRpc client at peer peer0.org1.example.com
2026.10.08-05:34:32.963 info  [caliper] [worker-message-handler] 	Worker#0 finished Round#10
2026.10.08-05:34:37.966 info  [caliper] [default-observer] 	Resetting txCount indicator count
2026.10.08-05:34:37.966 info  [caliper] [report-builder] 	### Test result ###
2026.10.08-05:34:37.966 info  [caliper] [report-builder] 	
+---------------+-------+------+-----------------+-----------------+-----------------+-----------------+------------------+
| Name          | Succ  | Fail | Send Rate (TPS) | Max Latency (s) | Min Latency (s) | Avg Latency (s) | Throughput (TPS) |
|---------------|-------|------|-----------------|-----------------|-----------------|-----------------|------------------|
| verify-400tps | 12001 | 0    | 400.0           | 0.14            | 0.04            | 0.05            | 399.4            |
+---------------+-------+------+-----------------+-----------------+-----------------+-----------------+------------------+

2026.10.08-05:34:37.966 info  [caliper] [round-orchestrator] 	Finished round 11 (verify-400tps) in 30.102 seconds
2026.10.08-05:34:37.966 info  [caliper] [monitor.js] 	Stopping all monitors
2026.10.08-05:34:37.967 info  [caliper] [round-orchestrator] 	Waiting 5 seconds for the next round...
2026.10.08-05:34:42.971 info  [caliper] [round-orchestrator] 	Started round 12 (verify-600tps)
2026.10.08-05:34:42.972 info  [caliper] [worker-message-handler] 	Preparing Worker#0 for Round#11
2026.10.08-05:34:42.974 info  [caliper] [connectors/peer-gateway/PeerGateway] 	Generating contract map for user User1@org1.example.com
2026.10.08-05:34:42.974 info  [caliper] [caliper-worker] 	Info: worker 0 prepare test phase for round 11 is starting...
2026.10.08-05:34:42.975 info  [caliper] [connectors/peer-gateway/PeerGateway] 	disconnecting gateway for user User1@org1.example.com
2026.10.08-05:34:42.975 info  [caliper] [connectors/peer-gateway/PeerGateway] 	disconnecting gRpc client at peer peer0.org1.example.com
2026.10.08-05:34:42.975 info  [caliper] [caliper-worker] 	Info: worker 0 prepare test phase for round 11 is completed
2026.10.08-05:34:42.975 info  [caliper] [worker-message-handler] 	Worker#0 prepared for Round#11
2026.10.08-05:34:42.976 info  [caliper] [worker-orchestrator] 	1 workers prepared, progressing to test phase.
2026.10.08-05:34:42.976 info  [caliper] [round-orchestrator] 	Monitors successfully started
2026.10.08-05:34:42.976 info  [caliper] [worker-message-handler] 	Worker#0 is starting Round#11
2026.10.08-05:34:42.977 info  [caliper] [connectors/peer-gateway/PeerGateway] 	Generating contract map for user User1@org1.example.com
2026.10.08-05:34:42.977 info  [caliper] [caliper-worker] 	Worker #0 starting workload loop
2026.10.08-05:34:47.977 info  [caliper] [default-observer] 	[verify-600tps Round 11 Transaction Info] - Submitted: 2158 Succ: 2131 Fail:0 Unfinished:27
2026.10.08-05:34:52.978 info  [caliper] [default-observer] 	[verify-600tps Round 11 Transaction Info] - Submitted: 4870 Succ: 4838 Fail:0 Unfinished:32
2026.10.08-05:34:57.979 info  [caliper] [default-observer] 	[verify-600tps Round 11 Transaction Info] - Submitted: 7587 Succ: 7558 Fail:0 Unfinished:29
2026.10.08-05:35:02.979 info  [caliper] [default-observer] 	[verify-600tps Round 11 Transaction Info] - Submitted: 10803 Succ: 10772 Fail:0 Unfinished:31
2026.10.08-05:35:07.979 info  [caliper] [default-observer] 	[verify-600tps Round 11 Transaction Info] - Submitted: 12968 Succ: 12942 Fail:0 Unfinished:26
2026.10.08-05:35:12.980 info  [caliper] [default-observer] 	[verify-600tps Round 11 Transaction Info] - Submitted: 15664 Succ: 15636 Fail:0 Unfinished:28
2026.10.08-05:35:14.080 info  [caliper] [connectors/peer-gateway/PeerGateway] 	disconnecting gateway for user User1@org1.example.com
2026.10.08-05:35:14.080 info  [caliper] [connectors/peer-gateway/PeerGateway] 	disconnecting gRpc client at peer peer0.org1.example.com
2026.10.08-05:35:14.080 info  [caliper] [worker-message-handler] 	Worker#0 finished Round#11
2026.10.08-05:35:19.082 info  [caliper] [default-observer] 	Resetting txCount indicator count
2026.10.08-05:35:19.082 info  [caliper] [report-builder] 	### Test result ###
2026.10.08-05:35:19.082 info  [caliper] [report-builder] 	
+---------------+-------+------+-----------------+-----------------+-----------------+-----------------+------------------+
| Name          | Succ  | Fail | Send Rate (TPS) | Max Latency (s) | Min Latency (s) | Avg Latency (s) | Throughput (TPS) |
|---------------|-------|------|-----------------|-----------------|-----------------|-----------------|------------------|
| verify-600tps | 16200 | 0    | 540.0           | 0.16            | 0.04            | 0.05            | 539.1            |
+---------------+-------+------+-----------------+-----------------+-----------------+-----------------+------------------+

2026.10.08-05:35:19.083 info  [caliper] [round-orchestrator] 	Finished round 12 (verify-600tps) in 30.102 seconds
2026.10.08-05:35:19.083 info  [caliper] [monitor.js] 	Stopping all monitors
2026.10.08-05:35:19.083 info  [caliper] [round-orchestrator] 	Waiting 5 seconds for the next round...
2026.10.08-05:35:24.084 info  [caliper] [round-orchestrator] 	Started round 13 (audit-10tps)
2026.10.08-05:35:24.085 info  [caliper] [worker-message-handler] 	Preparing Worker#0 for Round#12
2026.10.08-05:35:24.087 info  [caliper] [connectors/peer-gateway/PeerGateway] 	Generating contract map for user User1@org1.example.com
2026.10.08-05:35:24.087 info  [caliper] [caliper-worker] 	Info: worker 0 prepare test phase for round 12 is starting...
2026.10.08-05:35:24.088 info  [caliper] [connectors/peer-gateway/PeerGateway] 	disconnecting gateway for user User1@org1.example.com
2026.10.08-05:35:24.088 info  [caliper] [connectors/peer-gateway/PeerGateway] 	disconnecting gRpc client at peer peer0.org1.example.com
2026.10.08-05:35:24.088 info  [caliper] [caliper-worker] 	Info: worker 0 prepare test phase for round 12 is completed
2026.10.08-05:35:24.088 info  [caliper] [worker-message-handler] 	Worker#0 prepared for Round#12
2026.10.08-05:35:24.088 info  [caliper] [worker-orchestrator] 	1 workers prepared, progressing to test phase.
2026.10.08-05:35:24.089 info  [caliper] [round-orchestrator] 	Monitors successfully started
2026.10.08-05:35:24.089 info  [caliper] [worker-message-handler] 	Worker#0 is starting Round#12
2026.10.08-05:35:24.090 info  [caliper] [connectors/peer-gateway/PeerGateway] 	Generating contract map for user User1@org1.example.com
2026.10.08-05:35:24.090 info  [caliper] [caliper-worker] 	Worker #0 starting workload loop
2026.10.08-05:35:29.088 info  [caliper] [default-observer] 	[audit-10tps Round 12 Transaction Info] - Submitted: 41 Succ: 38 Fail:0 Unfinished:3
2026.10.08-05:35:34.089 info  [caliper] [default-observer] 	[audit-10tps Round 12 Transaction Info] - Submitted: 91 Succ: 88 Fail:0 Unfinished:3
2026.10.08-05:35:39.090 info  [caliper] [default-observer] 	[audit-10tps Round 12 Transaction Info] - Submitted: 141 Succ: 137 Fail:0 Unfinished:4
2026.10.08-05:35:44.092 info  [caliper] [default-observer] 	[audit-10tps Round 12 Transaction Info] - Submitted: 191 Succ: 187 Fail:0 Unfinished:4
2026.10.08-05:35:49.091 info  [caliper] [default-observer] 	[audit-10tps Round 12 Transaction Info] - Submitted: 241 Succ: 238 Fail:0 Unfinished:3
2026.10.08-05:35:54.092 info  [caliper] [default-observer] 	[audit-10tps Round 12 Transaction Info] - Submitted: 291 Succ: 288 Fail:0 Unfinished:3
2026.10.08-05:35:55.495 info  [caliper] [connectors/peer-gateway/PeerGateway] 	disconnecting gateway for user User1@org1.example.com
2026.10.08-05:35:55.495 info  [caliper] [connectors/peer-gateway/PeerGateway] 	disconnecting gRpc client at peer peer0.org1.example.com
2026.10.08-05:35:55.495 info  [caliper] [worker-message-handler] 	Worker#0 finished Round#12
2026.10.08-05:36:00.498 info  [caliper] [default-observer] 	Resetting txCount indicator count
2026.10.08-05:36:00.498 info  [caliper] [report-builder] 	### Test result ###
2026.10.08-05:36:00.499 info  [caliper] [report-builder] 	
+-------------+------+------+-----------------+-----------------+-----------------+-----------------+------------------+
| Name        | Succ | Fail | Send Rate (TPS) | Max Latency (s) | Min Latency (s) | Avg Latency (s) | Throughput (TPS) |
|-------------|------|------|-----------------|-----------------|-----------------|-----------------|------------------|
| audit-10tps | 301  | 0    | 10.0            | 0.66            | 0.26            | 0.33            | 9.9              |
+-------------+------+------+-----------------+-----------------+-----------------+-----------------+------------------+

2026.10.08-05:36:00.499 info  [caliper] [round-orchestrator] 	Finished round 13 (audit-10tps) in 30.404 seconds
2026.10.08-05:36:00.499 info  [caliper] [monitor.js] 	Stopping all monitors
2026.10.08-05:36:00.499 info  [caliper] [round-orchestrator] 	Waiting 5 seconds for the next round...
2026.10.08-05:36:05.502 info  [caliper] [round-orchestrator] 	Started round 14 (audit-50tps)
2026.10.08-05:36:05.503 info  [caliper] [worker-message-handler] 	Preparing Worker#0 for Round#13
2026.10.08-05:36:05.504 info  [caliper] [connectors/peer-gateway/PeerGateway] 	Generating contract map for user User1@org1.example.com
2026.10.08-05:36:05.504 info  [caliper] [caliper-worker] 	Info: worker 0 prepare test phase for round 13 is starting...
2026.10.08-05:36:05.505 info  [caliper] [connectors/peer-gateway/PeerGateway] 	disconnecting gateway for user User1@org1.example.com
2026.10.08-05:36:05.505 info  [caliper] [connectors/peer-gateway/PeerGateway] 	disconnecting gRpc client at peer peer0.org1.example.com
2026.10.08-05:36:05.506 info  [caliper] [caliper-worker] 	Info: worker 0 prepare test phase for round 13 is completed
2026.10.08-05:36:05.506 info  [caliper] [worker-message-handler] 	Worker#0 prepared for Round#13
2026.10.08-05:36:05.506 info  [caliper] [worker-orchestrator] 	1 workers prepared, progressing to test phase.
2026.10.08-05:36:05.506 info  [caliper] [round-orchestrator] 	Monitors successfully started
2026.10.08-05:36:05.506 info  [caliper] [worker-message-handler] 	Worker#0 is starting Round#13
2026.10.08-05:36:05.508 info  [caliper] [connectors/peer-gateway/PeerGateway] 	Generating contract map for user User1@org1.example.com
2026.10.08-05:36:05.508 info  [caliper] [caliper-worker] 	Worker #0 starting workload loop
2026.10.08-05:36:10.507 info  [caliper] [default-observer] 	[audit-50tps Round 13 Transaction Info] - Submitted: 200 Succ: 183 Fail:0 Unfinished:17
2026.10.08-05:36:15.508 info  [caliper] [default-observer] 	[audit-50tps Round 13 Transaction Info] - Submitted: 450 Succ: 429 Fail:0 Unfinished:21
2026.10.08-05:36:20.509 info  [caliper] [default-observer] 	[audit-50tps Round 13 Transaction Info] - Submitted: 701 Succ: 683 Fail:0 Unfinished:18
2026.10.08-05:36:25.509 info  [caliper] [default-observer] 	[audit-50tps Round 13 Transaction Info] - Submitted: 951 Succ: 934 Fail:0 Unfinished:17
2026.10.08-05:36:30.511 info  [caliper] [default-observer] 	[audit-50tps Round 13 Transaction Info] - Submitted: 1201 Succ: 1182 Fail:0 Unfinished:19
2026.10.08-05:36:35.510 info  [caliper] [default-observer] 	[audit-50tps Round 13 Transaction Info] - Submitted: 1451 Succ: 1435 Fail:0 Unfinished:16
2026.10.08-05:36:36.912 info  [caliper] [connectors/peer-gateway/PeerGateway] 	disconnecting gateway for user User1@org1.example.com
2026.10.08-05:36:36.912 info  [caliper] [connectors/peer-gateway/PeerGateway] 	disconnecting gRpc client at peer peer0.org1.example.com
2026.10.08-05:36:36.912 info  [caliper] [worker-message-handler] 	Worker#0 finished Round#13
2026.10.08-05:36:41.915 info  [caliper] [default-observer] 	Resetting txCount indicator count
2026.10.08-05:36:41.915 info  [caliper] [report-builder] 	### Test result ###
2026.10.08-05:36:41.916 info  [caliper] [report-builder] 	
+-------------+------+------+-----------------+-----------------+-----------------+-----------------+------------------+
| Name        | Succ | Fail | Send Rate (TPS) | Max Latency (s) | Min Latency (s) | Avg Latency (s) | Throughput (TPS) |
|-------------|------|------|-----------------|-----------------|-----------------|-----------------|------------------|
| audit-50tps | 1501 | 0    | 50.0            | 0.49            | 0.28            | 0.38            | 49.5             |
+-------------+------+------+-----------------+-----------------+-----------------+-----------------+------------------+

2026.10.08-05:36:41.916 info  [caliper] [round-orchestrator] 	Finished round 14 (audit-50tps) in 30.403 seconds
2026.10.08-05:36:41.916 info  [caliper] [monitor.js] 	Stopping all monitors
2026.10.08-05:36:41.916 info  [caliper] [round-orchestrator] 	Waiting 5 seconds for the next round...
2026.10.08-05:36:46.919 info  [caliper] [round-orchestrator] 	Started round 15 (audit-100tps)
2026.10.08-05:36:46.920 info  [caliper] [worker-message-handler] 	Preparing Worker#0 for Round#14
2026.10.08-05:36:46.922 info  [caliper] [connectors/peer-gateway/PeerGateway] 	Generating contract map for user User1@org1.example.com
2026.10.08-05:36:46.923 info  [caliper] [caliper-worker] 	Info: worker 0 prepare test phase for round 14 is starting...
2026.10.08-05:36:46.924 info  [caliper] [connectors/peer-gateway/PeerGateway] 	disconnecting gateway for user User1@org1.example.com
2026.10.08-05:36:46.924 info  [caliper] [connectors/peer-gateway/PeerGateway] 	disconnecting gRpc client at peer peer0.org1.example.com
2026.10.08-05:36:46.924 info  [caliper] [caliper-worker] 	Info: worker 0 prepare test phase for round 14 is completed
2026.10.08-05:36:46.924 info  [caliper] [worker-message-handler] 	Worker#0 prepared for Round#14
2026.10.08-05:36:46.926 info  [caliper] [worker-orchestrator] 	1 workers prepared, progressing to test phase.
2026.10.08-05:36:46.926 info  [caliper] [round-orchestrator] 	Monitors successfully started
2026.10.08-05:36:46.926 info  [caliper] [worker-message-handler] 	Worker#0 is starting Round#14
2026.10.08-05:36:46.927 info  [caliper] [connectors/peer-gateway/PeerGateway] 	Generating contract map for user User1@org1.example.com
2026.10.08-05:36:46.928 info  [caliper] [caliper-worker] 	Worker #0 starting workload loop
2026.10.08-05:36:51.926 info  [caliper] [default-observer] 	[audit-100tps Round 14 Transaction Info] - Submitted: 400 Succ: 367 Fail:0 Unfinished:33
2026.10.08-05:36:56.927 info  [caliper] [default-observer] 	[audit-100tps Round 14 Transaction Info] - Submitted: 900 Succ: 861 Fail:0 Unfinished:39
2026.10.08-05:37:01.928 info  [caliper] [default-observer] 	[audit-100tps Round 14 Transaction Info] - Submitted: 1402 Succ: 1365 Fail:0 Unfinished:37
2026.10.08-05:37:06.930 info  [caliper] [default-observer] 	[audit-100tps Round 14 Transaction Info] - Submitted: 1903 Succ: 1867 Fail:0 Unfinished:36
2026.10.08-05:37:11.936 info  [caliper] [default-observer] 	[audit-100tps Round 14 Transaction Info] - Submitted: 2404 Succ: 2365 Fail:0 Unfinished:39
2026.10.08-05:37:16.935 info  [caliper] [default-observer] 	[audit-100tps Round 14 Transaction Info] - Submitted: 2905 Succ: 2869 Fail:0 Unfinished:36
2026.10.08-05:37:18.329 info  [caliper] [connectors/peer-gateway/PeerGateway] 	disconnecting gateway for user User1@org1.example.com
2026.10.08-05:37:18.329 info  [caliper] [connectors/peer-gateway/PeerGateway] 	disconnecting gRpc client at peer peer0.org1.example.com
2026.10.08-05:37:18.329 info  [caliper] [worker-message-handler] 	Worker#0 finished Round#14
2026.10.08-05:37:23.332 info  [caliper] [default-observer] 	Resetting txCount indicator count
2026.10.08-05:37:23.332 info  [caliper] [report-builder] 	### Test result ###
2026.10.08-05:37:23.333 info  [caliper] [report-builder] 	
+--------------+------+------+-----------------+-----------------+-----------------+-----------------+------------------+
| Name         | Succ | Fail | Send Rate (TPS) | Max Latency (s) | Min Latency (s) | Avg Latency (s) | Throughput (TPS) |
|--------------|------|------|-----------------|-----------------|-----------------|-----------------|------------------|
| audit-100tps | 3001 | 0    | 100.0           | 0.54            | 0.28            | 0.41            | 98.9             |
+--------------+------+------+-----------------+-----------------+-----------------+-----------------+------------------+

2026.10.08-05:37:23.333 info  [caliper] [round-orchestrator] 	Finished round 15 (audit-100tps) in 30.401 seconds
2026.10.08-05:37:23.333 info  [caliper] [monitor.js] 	Stopping all monitors
2026.10.08-05:37:23.333 info  [caliper] [round-orchestrator] 	Waiting 5 seconds for the next round...
2026.10.08-05:37:28.333 info  [caliper] [round-orchestrator] 	Started round 16 (audit-200tps)
2026.10.08-05:37:28.334 info  [caliper] [worker-message-handler] 	Preparing Worker#0 for Round#15
2026.10.08-05:37:28.336 info  [caliper] [connectors/peer-gateway/PeerGateway] 	Generating contract map for user User1@org1.example.com
2026.10.08-05:37:28.336 info  [caliper] [caliper-worker] 	Info: worker 0 prepare test phase for round 15 is starting...
2026.10.08-05:37:28.337 info  [caliper] [connectors/peer-gateway/PeerGateway] 	disconnecting gateway for user User1@org1.example.com
2026.10.08-05:37:28.337 info  [caliper] [connectors/peer-gateway/PeerGateway] 	disconnecting gRpc client at peer peer0.org1.example.com
2026.10.08-05:37:28.337 info  [caliper] [caliper-worker] 	Info: worker 0 prepare test phase for round 15 is completed
2026.10.08-05:37:28.337 info  [caliper] [worker-message-handler] 	Worker#0 prepared for Round#15
2026.10.08-05:37:28.338 info  [caliper] [worker-orchestrator] 	1 workers prepared, progressing to test phase.
2026.10.08-05:37:28.338 info  [caliper] [round-orchestrator] 	Monitors successfully started
2026.10.08-05:37:28.338 info  [caliper] [worker-message-handler] 	Worker#0 is starting Round#15
2026.10.08-05:37:28.339 info  [caliper] [connectors/peer-gateway/PeerGateway] 	Generating contract map for user User1@org1.example.com
2026.10.08-05:37:28.339 info  [caliper] [caliper-worker] 	Worker #0 starting workload loop
2026.10.08-05:37:33.340 info  [caliper] [default-observer] 	[audit-200tps Round 15 Transaction Info] - Submitted: 611 Succ: 344 Fail:0 Unfinished:267
2026.10.08-05:37:38.341 info  [caliper] [default-observer] 	[audit-200tps Round 15 Transaction Info] - Submitted: 1355 Succ: 845 Fail:0 Unfinished:510
2026.10.08-05:37:43.341 info  [caliper] [default-observer] 	[audit-200tps Round 15 Transaction Info] - Submitted: 2121 Succ: 1365 Fail:0 Unfinished:756
2026.10.08-05:37:48.342 info  [caliper] [default-observer] 	[audit-200tps Round 15 Transaction Info] - Submitted: 2872 Succ: 1875 Fail:0 Unfinished:997
2026.10.08-05:37:53.343 info  [caliper] [default-observer] 	[audit-200tps Round 15 Transaction Info] - Submitted: 3631 Succ: 2375 Fail:0 Unfinished:1256
2026.10.08-05:37:58.358 info  [caliper] [default-observer] 	[audit-200tps Round 15 Transaction Info] - Submitted: 4376 Succ: 2875 Fail:0 Unfinished:1501
2026.10.08-05:38:02.256 info  [caliper] [connectors/peer-gateway/PeerGateway] 	disconnecting gateway for user User1@org1.example.com
2026.10.08-05:38:02.256 info  [caliper] [connectors/peer-gateway/PeerGateway] 	disconnecting gRpc client at peer peer0.org1.example.com
2026.10.08-05:38:02.256 info  [caliper] [worker-message-handler] 	Worker#0 finished Round#15
2026.10.08-05:38:07.258 info  [caliper] [default-observer] 	Resetting txCount indicator count
2026.10.08-05:38:07.258 info  [caliper] [report-builder] 	### Test result ###
2026.10.08-05:38:07.259 info  [caliper] [report-builder] 	
+--------------+------+------+-----------------+-----------------+-----------------+-----------------+------------------+
| Name         | Succ | Fail | Send Rate (TPS) | Max Latency (s) | Min Latency (s) | Avg Latency (s) | Throughput (TPS) |
|--------------|------|------|-----------------|-----------------|-----------------|-----------------|------------------|
| audit-200tps | 4520 | 0    | 150.7           | 10.71           | 0.45            | 5.77            | 137.4            |
+--------------+------+------+-----------------+-----------------+-----------------+-----------------+------------------+

2026.10.08-05:38:07.259 info  [caliper] [round-orchestrator] 	Finished round 16 (audit-200tps) in 32.916 seconds
2026.10.08-05:38:07.259 info  [caliper] [monitor.js] 	Stopping all monitors
2026.10.08-05:38:07.259 info  [caliper] [report-builder] 	### All test results ###
2026.10.08-05:38:07.261 info  [caliper] [report-builder] 	
+---------------+-------+------+-----------------+-----------------+-----------------+-----------------+------------------+
| Name          | Succ  | Fail | Send Rate (TPS) | Max Latency (s) | Min Latency (s) | Avg Latency (s) | Throughput (TPS) |
|---------------|-------|------|-----------------|-----------------|-----------------|-----------------|------------------|
| seed          | 500   | 0    | 47.1            | 1.06            | 0.28            | 0.73            | 45.4             |
|---------------|-------|------|-----------------|-----------------|-----------------|-----------------|------------------|
| issue-10tps   | 301   | 0    | 10.0            | 0.38            | 0.26            | 0.35            | 9.9              |
|---------------|-------|------|-----------------|-----------------|-----------------|-----------------|------------------|
| issue-25tps   | 751   | 0    | 25.0            | 0.44            | 0.26            | 0.35            | 24.8             |
|---------------|-------|------|-----------------|-----------------|-----------------|-----------------|------------------|
| issue-50tps   | 1501  | 0    | 50.0            | 0.51            | 0.29            | 0.41            | 49.4             |
|---------------|-------|------|-----------------|-----------------|-----------------|-----------------|------------------|
| issue-100tps  | 3001  | 0    | 100.0           | 2.73            | 0.41            | 1.67            | 98.3             |
|---------------|-------|------|-----------------|-----------------|-----------------|-----------------|------------------|
| issue-150tps  | 4494  | 0    | 149.2           | 19.95           | 0.41            | 11.85           | 123.9            |
|---------------|-------|------|-----------------|-----------------|-----------------|-----------------|------------------|
| issue-200tps  | 4379  | 0    | 145.9           | 12.50           | 0.47            | 7.89            | 131.6            |
|---------------|-------|------|-----------------|-----------------|-----------------|-----------------|------------------|
| issue-300tps  | 4316  | 0    | 143.7           | 11.80           | 0.50            | 6.63            | 131.3            |
|---------------|-------|------|-----------------|-----------------|-----------------|-----------------|------------------|
| verify-100tps | 3001  | 0    | 100.0           | 0.10            | 0.04            | 0.05            | 99.9             |
|---------------|-------|------|-----------------|-----------------|-----------------|-----------------|------------------|
| verify-200tps | 6002  | 0    | 200.0           | 0.10            | 0.04            | 0.05            | 199.7            |
|---------------|-------|------|-----------------|-----------------|-----------------|-----------------|------------------|
| verify-400tps | 12001 | 0    | 400.0           | 0.14            | 0.04            | 0.05            | 399.4            |
|---------------|-------|------|-----------------|-----------------|-----------------|-----------------|------------------|
| verify-600tps | 16200 | 0    | 540.0           | 0.16            | 0.04            | 0.05            | 539.1            |
|---------------|-------|------|-----------------|-----------------|-----------------|-----------------|------------------|
| audit-10tps   | 301   | 0    | 10.0            | 0.66            | 0.26            | 0.33            | 9.9              |
|---------------|-------|------|-----------------|-----------------|-----------------|-----------------|------------------|
| audit-50tps   | 1501  | 0    | 50.0            | 0.49            | 0.28            | 0.38            | 49.5             |
|---------------|-------|------|-----------------|-----------------|-----------------|-----------------|------------------|
| audit-100tps  | 3001  | 0    | 100.0           | 0.54            | 0.28            | 0.41            | 98.9             |
|---------------|-------|------|-----------------|-----------------|-----------------|-----------------|------------------|
| audit-200tps  | 4520  | 0    | 150.7           | 10.71           | 0.45            | 5.77            | 137.4            |
+---------------+-------+------+-----------------+-----------------+-----------------+-----------------+------------------+

2026.10.08-05:38:07.268 info  [caliper] [report-builder] 	Generated report with path /home/runner/work/bzt-id-experiments/bzt-id-experiments/fabric-bench/caliper/report.html
2026.10.08-05:38:07.268 info  [caliper] [monitor.js] 	Stopping all monitors
2026.10.08-05:38:07.268 info  [caliper] [worker-orchestrator] 	Sending exit message to connected workers
2026.10.08-05:38:07.269 info  [caliper] [round-orchestrator] 	Benchmark finished in 651.384 seconds. Total rounds: 16. Successful rounds: 16. Failed rounds: 0.
2026.10.08-05:38:07.269 info  [caliper] [caliper-engine] 	Skipping end command due to benchmark flow conditioning
2026.10.08-05:38:07.269 info  [caliper] [cli-launch-manager] 	Benchmark successfully finished!
2026.10.08-05:38:07.269 info  [caliper] [worker-message-handler] 	Worker#0 is exiting
