[34m2026-10-08 05:37:59.331 UTC 1d02e INFO[0m [orderer.consensus.smartbft.consensus] [34;1mstartNextSeq[0m -> Sequence: 3946-->3947 channel=mychannel
[34m2026-10-08 05:37:59.331 UTC 1d02f INFO[0m [orderer.consensus.smartbft.chain] [34;1mDeliver[0m -> Delivering proposal, writing block 3946 with 10 transactions and metadata of total size 333 with signatures from [3 4 1] to the ledger, node id 1 channel=mychannel
[34m2026-10-08 05:37:59.331 UTC 1d030 INFO[0m [orderer.consensus.smartbft.consensus] [34;1mdeleteRequest[0m -> Removed request {92b657945bb88cf3f6dff16efd44cbbccac7712af64fa8b4344d2267c8b58985 b69661342f6746668b1c2d1a2fd1f1ee1168c7542fc68f392877c412dcc7e5eb} from request pool channel=mychannel
[34m2026-10-08 05:37:59.331 UTC 1d031 INFO[0m [orderer.consensus.smartbft.consensus] [34;1mdeleteRequest[0m -> Removed request {92b657945bb88cf3f6dff16efd44cbbccac7712af64fa8b4344d2267c8b58985 03cca71c8e41d630a3aa2a389f20df2d8f2fb651f3be0389b256df91bc315785} from request pool channel=mychannel
[34m2026-10-08 05:37:59.331 UTC 1d032 INFO[0m [orderer.consensus.smartbft.consensus] [34;1mdeleteRequest[0m -> Removed request {92b657945bb88cf3f6dff16efd44cbbccac7712af64fa8b4344d2267c8b58985 8f6b4c9166f5f7ca3fc37b591fca6ec2cc9646507f19d3977ec6026e56ac3d96} from request pool channel=mychannel
[34m2026-10-08 05:37:59.331 UTC 1d033 INFO[0m [orderer.consensus.smartbft.consensus] [34;1mdeleteRequest[0m -> Removed request {92b657945bb88cf3f6dff16efd44cbbccac7712af64fa8b4344d2267c8b58985 97e617047c2918bf23dffb5ce0a597eb2a22fd43cfe0f058eb967720a2ec12a4} from request pool channel=mychannel
[34m2026-10-08 05:37:59.331 UTC 1d034 INFO[0m [orderer.consensus.smartbft.consensus] [34;1mdeleteRequest[0m -> Removed request {92b657945bb88cf3f6dff16efd44cbbccac7712af64fa8b4344d2267c8b58985 0056370e3d4f23e4f837357c4052fb98dee786696760b1a40bc67c150f3a5215} from request pool channel=mychannel
[34m2026-10-08 05:37:59.331 UTC 1d035 INFO[0m [orderer.consensus.smartbft.consensus] [34;1mdeleteRequest[0m -> Removed request {92b657945bb88cf3f6dff16efd44cbbccac7712af64fa8b4344d2267c8b58985 aabe3d8ca03ce6c65e5995ef11fcb877b0dcfbcfaa87254f2d88a40f41adaa71} from request pool channel=mychannel
[34m2026-10-08 05:37:59.331 UTC 1d036 INFO[0m [orderer.consensus.smartbft.consensus] [34;1mdeleteRequest[0m -> Removed request {92b657945bb88cf3f6dff16efd44cbbccac7712af64fa8b4344d2267c8b58985 07a193eeed1e68153b0de27d2468d4733bbc22784d517063c91b7d7e1329c92b} from request pool channel=mychannel
[34m2026-10-08 05:37:59.331 UTC 1d037 INFO[0m [orderer.consensus.smartbft.consensus] [34;1mdeleteRequest[0m -> Removed request {92b657945bb88cf3f6dff16efd44cbbccac7712af64fa8b4344d2267c8b58985 cacd096a24a3336b1c36fc4ddc1b25eeb8b794a665677732267a0f6579fbed92} from request pool channel=mychannel
[34m2026-10-08 05:37:59.331 UTC 1d038 INFO[0m [orderer.consensus.smartbft.consensus] [34;1mdeleteRequest[0m -> Removed request {92b657945bb88cf3f6dff16efd44cbbccac7712af64fa8b4344d2267c8b58985 4b2c07c51a022398acd46d2d8196d614ba026c680b51d13282a1ba75953ee2ba} from request pool channel=mychannel
[34m2026-10-08 05:37:59.332 UTC 1d039 INFO[0m [orderer.consensus.smartbft.consensus] [34;1mdeleteRequest[0m -> Removed request {92b657945bb88cf3f6dff16efd44cbbccac7712af64fa8b4344d2267c8b58985 31d0d4ac16fc900bbf0bfa89af1cc51fadfffe1ed7b7d8f3eb66468d95c695d2} from request pool channel=mychannel
[34m2026-10-08 05:37:59.338 UTC 1d03a INFO[0m [orderer.consensus.smartbft.consensus] [34;1mprocessProposal[0m -> Processed proposal with seq 3947 channel=mychannel
[33m2026-10-08 05:37:59.349 UTC 1d03b WARN[0m [orderer.consensus.smartbft.consensus] [33;1mprocessMsg[0m -> 1 got message from 2 with sequence 3945 but our sequence is 3947 channel=mychannel
[34m2026-10-08 05:37:59.377 UTC 1d03c INFO[0m [orderer.consensus.smartbft.consensus] [34;1mprocessPrepares[0m -> 1 collected 2 prepares from [3 4] channel=mychannel
[34m2026-10-08 05:37:59.378 UTC 1d03d INFO[0m [orderer.consensus.smartbft.consensus] [34;1mprocessPrepares[0m -> Processed prepares for proposal with seq 3947 channel=mychannel
[34m2026-10-08 05:37:59.393 UTC 1d03e INFO[0m [orderer.consensus.smartbft.consensus] [34;1mprocessCommits[0m -> 1 collected 2 commits from [4 2] channel=mychannel
[34m2026-10-08 05:37:59.393 UTC 1d03f INFO[0m [orderer.consensus.smartbft.consensus] [34;1mprepared[0m -> 1 processed commits for proposal with seq 3947 channel=mychannel
[34m2026-10-08 05:37:59.393 UTC 1d040 INFO[0m [orderer.consensus.smartbft.consensus] [34;1mdecide[0m -> Deciding on seq 3947 channel=mychannel
[34m2026-10-08 05:37:59.393 UTC 1d041 INFO[0m [orderer.consensus.smartbft.consensus] [34;1mstartNextSeq[0m -> Sequence: 3947-->3948 channel=mychannel
[34m2026-10-08 05:37:59.394 UTC 1d042 INFO[0m [orderer.consensus.smartbft.chain] [34;1mDeliver[0m -> Delivering proposal, writing block 3947 with 10 transactions and metadata of total size 332 with signatures from [4 2 1] to the ledger, node id 1 channel=mychannel
[34m2026-10-08 05:37:59.394 UTC 1d043 INFO[0m [orderer.consensus.smartbft.consensus] [34;1mdeleteRequest[0m -> Removed request {92b657945bb88cf3f6dff16efd44cbbccac7712af64fa8b4344d2267c8b58985 5df74a31432ffd384202dc85a156abbd2b2126ab3b989ccd2b392edb6523977e} from request pool channel=mychannel
[34m2026-10-08 05:37:59.394 UTC 1d044 INFO[0m [orderer.consensus.smartbft.consensus] [34;1mdeleteRequest[0m -> Removed request {92b657945bb88cf3f6dff16efd44cbbccac7712af64fa8b4344d2267c8b58985 1304c8d1f6e73b2afc38bd592d3eafd9aa72fbf690cabfabfcda8e9fe80aa0a4} from request pool channel=mychannel
[34m2026-10-08 05:37:59.394 UTC 1d045 INFO[0m [orderer.consensus.smartbft.consensus] [34;1mdeleteRequest[0m -> Removed request {92b657945bb88cf3f6dff16efd44cbbccac7712af64fa8b4344d2267c8b58985 f5ef783804b5519be2f99af692c290b51239ef28046999364f09b43156918f4c} from request pool channel=mychannel
[34m2026-10-08 05:37:59.394 UTC 1d046 INFO[0m [orderer.consensus.smartbft.consensus] [34;1mdeleteRequest[0m -> Removed request {92b657945bb88cf3f6dff16efd44cbbccac7712af64fa8b4344d2267c8b58985 70b76e23e9bbb49f7284f10fae2d815f83f5ae09ba75a54cb9573dd2c6508335} from request pool channel=mychannel
[34m2026-10-08 05:37:59.394 UTC 1d047 INFO[0m [orderer.consensus.smartbft.consensus] [34;1mdeleteRequest[0m -> Removed request {92b657945bb88cf3f6dff16efd44cbbccac7712af64fa8b4344d2267c8b58985 6d7e6ae5c8611a87f730d2c2309cb5003adafbc7cd60204bd9a30c9c60648b44} from request pool channel=mychannel
[34m2026-10-08 05:37:59.394 UTC 1d048 INFO[0m [orderer.consensus.smartbft.consensus] [34;1mdeleteRequest[0m -> Removed request {92b657945bb88cf3f6dff16efd44cbbccac7712af64fa8b4344d2267c8b58985 b3692f6875a139a249e1d6df4b4422fe26c6a4d10d0768a7c94957c6be3e8edd} from request pool channel=mychannel
[34m2026-10-08 05:37:59.394 UTC 1d049 INFO[0m [orderer.consensus.smartbft.consensus] [34;1mdeleteRequest[0m -> Removed request {92b657945bb88cf3f6dff16efd44cbbccac7712af64fa8b4344d2267c8b58985 76d0c2a85fb65fd92494bc5a193ce21b5d365f1d754db58d2f66206bebc3f139} from request pool channel=mychannel
[34m2026-10-08 05:37:59.394 UTC 1d04a INFO[0m [orderer.consensus.smartbft.consensus] [34;1mdeleteRequest[0m -> Removed request {92b657945bb88cf3f6dff16efd44cbbccac7712af64fa8b4344d2267c8b58985 ac478b07a5e5d7684c6ae068f8fe2eb89c48014767f8355dcb10cfff77056af1} from request pool channel=mychannel
[34m2026-10-08 05:37:59.394 UTC 1d04b INFO[0m [orderer.consensus.smartbft.consensus] [34;1mdeleteRequest[0m -> Removed request {92b657945bb88cf3f6dff16efd44cbbccac7712af64fa8b4344d2267c8b58985 78d9104d2ea08d645f53f7048fb1ba2cc9f1106479d92d6f701e6e8d4aa6503d} from request pool channel=mychannel
[34m2026-10-08 05:37:59.394 UTC 1d04c INFO[0m [orderer.consensus.smartbft.consensus] [34;1mdeleteRequest[0m -> Removed request {92b657945bb88cf3f6dff16efd44cbbccac7712af64fa8b4344d2267c8b58985 d5efe020a82f11b664c1864834ad83a02a5819f59107e14498a4b4ca57d873d4} from request pool channel=mychannel
[34m2026-10-08 05:37:59.398 UTC 1d04d INFO[0m [orderer.consensus.smartbft.consensus] [34;1mprocessProposal[0m -> Processed proposal with seq 3948 channel=mychannel
[34m2026-10-08 05:37:59.436 UTC 1d04e INFO[0m [orderer.consensus.smartbft.consensus] [34;1mprocessPrepares[0m -> 1 collected 2 prepares from [3 4] channel=mychannel
[34m2026-10-08 05:37:59.437 UTC 1d04f INFO[0m [orderer.consensus.smartbft.consensus] [34;1mprocessPrepares[0m -> Processed prepares for proposal with seq 3948 channel=mychannel
[34m2026-10-08 05:37:59.451 UTC 1d050 INFO[0m [orderer.consensus.smartbft.consensus] [34;1mprocessCommits[0m -> 1 collected 2 commits from [2 4] channel=mychannel
[34m2026-10-08 05:37:59.452 UTC 1d051 INFO[0m [orderer.consensus.smartbft.consensus] [34;1mprepared[0m -> 1 processed commits for proposal with seq 3948 channel=mychannel
[34m2026-10-08 05:37:59.452 UTC 1d052 INFO[0m [orderer.consensus.smartbft.consensus] [34;1mdecide[0m -> Deciding on seq 3948 channel=mychannel
[34m2026-10-08 05:37:59.452 UTC 1d053 INFO[0m [orderer.consensus.smartbft.consensus] [34;1mstartNextSeq[0m -> Sequence: 3948-->3949 channel=mychannel
[34m2026-10-08 05:37:59.452 UTC 1d054 INFO[0m [orderer.consensus.smartbft.chain] [34;1mDeliver[0m -> Delivering proposal, writing block 3948 with 10 transactions and metadata of total size 331 with signatures from [2 4 1] to the ledger, node id 1 channel=mychannel
[34m2026-10-08 05:37:59.452 UTC 1d055 INFO[0m [orderer.consensus.smartbft.consensus] [34;1mdeleteRequest[0m -> Removed request {92b657945bb88cf3f6dff16efd44cbbccac7712af64fa8b4344d2267c8b58985 0b5637c89bd9088a3a6bb8bb3e2db844f336c990ca516ac8c1b6564a764bca98} from request pool channel=mychannel
[34m2026-10-08 05:37:59.453 UTC 1d056 INFO[0m [orderer.consensus.smartbft.consensus] [34;1mdeleteRequest[0m -> Removed request {92b657945bb88cf3f6dff16efd44cbbccac7712af64fa8b4344d2267c8b58985 e718e4d7b1d572bc624008c294d2d5f936c31f2bc027d259f731b8bd45cdd813} from request pool channel=mychannel
[34m2026-10-08 05:37:59.453 UTC 1d057 INFO[0m [orderer.consensus.smartbft.consensus] [34;1mdeleteRequest[0m -> Removed request {92b657945bb88cf3f6dff16efd44cbbccac7712af64fa8b4344d2267c8b58985 254c035711ce4d0cd74952486e87e4710119d6457299f0b3004b7ee2013a3ae7} from request pool channel=mychannel
[34m2026-10-08 05:37:59.453 UTC 1d058 INFO[0m [orderer.consensus.smartbft.consensus] [34;1mdeleteRequest[0m -> Removed request {92b657945bb88cf3f6dff16efd44cbbccac7712af64fa8b4344d2267c8b58985 6a7bd204d80cdcd014c1107605e1820c8630bcadcc034be57bcb677fd63d4f4e} from request pool channel=mychannel
[34m2026-10-08 05:37:59.453 UTC 1d059 INFO[0m [orderer.consensus.smartbft.consensus] [34;1mdeleteRequest[0m -> Removed request {92b657945bb88cf3f6dff16efd44cbbccac7712af64fa8b4344d2267c8b58985 a034f427742665319d88327adca67fe24240180c4ff2f8c22fc9cc3aa27096a8} from request pool channel=mychannel
[34m2026-10-08 05:37:59.453 UTC 1d05a INFO[0m [orderer.consensus.smartbft.consensus] [34;1mdeleteRequest[0m -> Removed request {92b657945bb88cf3f6dff16efd44cbbccac7712af64fa8b4344d2267c8b58985 d28ffc52e8c81831e6d9e9fac97fe3b5251ac45eff7454403c74d3a69abc5161} from request pool channel=mychannel
[34m2026-10-08 05:37:59.453 UTC 1d05b INFO[0m [orderer.consensus.smartbft.consensus] [34;1mdeleteRequest[0m -> Removed request {92b657945bb88cf3f6dff16efd44cbbccac7712af64fa8b4344d2267c8b58985 9176ae9d9859308bdb99b071f3e9dcd4435b0714b6bfe18fe1e7bf0b67a7bd76} from request pool channel=mychannel
[34m2026-10-08 05:37:59.453 UTC 1d05c INFO[0m [orderer.consensus.smartbft.consensus] [34;1mdeleteRequest[0m -> Removed request {92b657945bb88cf3f6dff16efd44cbbccac7712af64fa8b4344d2267c8b58985 2e4f34da6cbcb707f701abaebde7b88f0a24da7671a1dafda10f708135d863cf} from request pool channel=mychannel
[34m2026-10-08 05:37:59.453 UTC 1d05d INFO[0m [orderer.consensus.smartbft.consensus] [34;1mdeleteRequest[0m -> Removed request {92b657945bb88cf3f6dff16efd44cbbccac7712af64fa8b4344d2267c8b58985 5ad3234eeba2b21484ddf591a79a5a5a28cee5a309d8b2cdbaabdf11c9356b30} from request pool channel=mychannel
[34m2026-10-08 05:37:59.453 UTC 1d05e INFO[0m [orderer.consensus.smartbft.consensus] [34;1mdeleteRequest[0m -> Removed request {92b657945bb88cf3f6dff16efd44cbbccac7712af64fa8b4344d2267c8b58985 3f33cde13ecc6d57ec58d97f8e376ca9ba35e30bfcc64600489f5c45f57ae73d} from request pool channel=mychannel
[34m2026-10-08 05:37:59.459 UTC 1d05f INFO[0m [orderer.consensus.smartbft.consensus] [34;1mprocessProposal[0m -> Processed proposal with seq 3949 channel=mychannel
[34m2026-10-08 05:37:59.499 UTC 1d060 INFO[0m [orderer.consensus.smartbft.consensus] [34;1mprocessPrepares[0m -> 1 collected 2 prepares from [4 3] channel=mychannel
[34m2026-10-08 05:37:59.499 UTC 1d061 INFO[0m [orderer.consensus.smartbft.consensus] [34;1mprocessPrepares[0m -> Processed prepares for proposal with seq 3949 channel=mychannel
[34m2026-10-08 05:37:59.513 UTC 1d062 INFO[0m [orderer.consensus.smartbft.consensus] [34;1mprocessCommits[0m -> 1 collected 2 commits from [3 2] channel=mychannel
[34m2026-10-08 05:37:59.513 UTC 1d063 INFO[0m [orderer.consensus.smartbft.consensus] [34;1mprepared[0m -> 1 processed commits for proposal with seq 3949 channel=mychannel
[34m2026-10-08 05:37:59.513 UTC 1d064 INFO[0m [orderer.consensus.smartbft.consensus] [34;1mdecide[0m -> Deciding on seq 3949 channel=mychannel
[34m2026-10-08 05:37:59.513 UTC 1d065 INFO[0m [orderer.consensus.smartbft.consensus] [34;1mstartNextSeq[0m -> Sequence: 3949-->3950 channel=mychannel
[34m2026-10-08 05:37:59.513 UTC 1d066 INFO[0m [orderer.consensus.smartbft.chain] [34;1mDeliver[0m -> Delivering proposal, writing block 3949 with 10 transactions and metadata of total size 331 with signatures from [3 2 1] to the ledger, node id 1 channel=mychannel
[34m2026-10-08 05:37:59.514 UTC 1d067 INFO[0m [orderer.consensus.smartbft.consensus] [34;1mdeleteRequest[0m -> Removed request {92b657945bb88cf3f6dff16efd44cbbccac7712af64fa8b4344d2267c8b58985 23b8534ef70aff06bd94a74669930e38999d04d5993cbc7d475ac352f7824e25} from request pool channel=mychannel
[34m2026-10-08 05:37:59.514 UTC 1d068 INFO[0m [orderer.consensus.smartbft.consensus] [34;1mdeleteRequest[0m -> Removed request {92b657945bb88cf3f6dff16efd44cbbccac7712af64fa8b4344d2267c8b58985 73adbd9407eabbd2bde4cb0d11303dcd333f06c6b961d63eab9f0ba0e4a53909} from request pool channel=mychannel
[34m2026-10-08 05:37:59.514 UTC 1d069 INFO[0m [orderer.consensus.smartbft.consensus] [34;1mdeleteRequest[0m -> Removed request {92b657945bb88cf3f6dff16efd44cbbccac7712af64fa8b4344d2267c8b58985 f0d497d7ed84344eab5f1baf081c4344581772d33aa00e2ecc0f28d285db793b} from request pool channel=mychannel
[34m2026-10-08 05:37:59.514 UTC 1d06a INFO[0m [orderer.consensus.smartbft.consensus] [34;1mdeleteRequest[0m -> Removed request {92b657945bb88cf3f6dff16efd44cbbccac7712af64fa8b4344d2267c8b58985 d68c728e6cdc608ea143b419b88ead923e38afbb1d3cd7c575a3bfb797ae5436} from request pool channel=mychannel
[34m2026-10-08 05:37:59.514 UTC 1d06b INFO[0m [orderer.consensus.smartbft.consensus] [34;1mdeleteRequest[0m -> Removed request {92b657945bb88cf3f6dff16efd44cbbccac7712af64fa8b4344d2267c8b58985 9c488a8f4f7c4e259df4314a43f7129c87c46d827390dbb938f0f4dcd7560a96} from request pool channel=mychannel
[34m2026-10-08 05:37:59.514 UTC 1d06c INFO[0m [orderer.consensus.smartbft.consensus] [34;1mdeleteRequest[0m -> Removed request {92b657945bb88cf3f6dff16efd44cbbccac7712af64fa8b4344d2267c8b58985 ff807642a6512640861b020813821ddab96206aa0132110a46c701b5a09b379d} from request pool channel=mychannel
[34m2026-10-08 05:37:59.514 UTC 1d06d INFO[0m [orderer.consensus.smartbft.consensus] [34;1mdeleteRequest[0m -> Removed request {92b657945bb88cf3f6dff16efd44cbbccac7712af64fa8b4344d2267c8b58985 66f42a5372f7d8dbbb8dbcbed08d563a18153681ff71e651759fc431462245bf} from request pool channel=mychannel
[34m2026-10-08 05:37:59.514 UTC 1d06e INFO[0m [orderer.consensus.smartbft.consensus] [34;1mdeleteRequest[0m -> Removed request {92b657945bb88cf3f6dff16efd44cbbccac7712af64fa8b4344d2267c8b58985 f28d194fece659d5143dcf24b4904276bddbdc5f9dde8fa31d36976aaf58ba8e} from request pool channel=mychannel
[34m2026-10-08 05:37:59.514 UTC 1d06f INFO[0m [orderer.consensus.smartbft.consensus] [34;1mdeleteRequest[0m -> Removed request {92b657945bb88cf3f6dff16efd44cbbccac7712af64fa8b4344d2267c8b58985 0ed82432af4450f5f20b3f44cb629c839a0d1fa969da1f8947728679690c607e} from request pool channel=mychannel
[34m2026-10-08 05:37:59.514 UTC 1d070 INFO[0m [orderer.consensus.smartbft.consensus] [34;1mdeleteRequest[0m -> Removed request {92b657945bb88cf3f6dff16efd44cbbccac7712af64fa8b4344d2267c8b58985 2ab43e4ef5ed75574bd6ef7ff91e464032b62ada56dbf1357ba6099660ecd557} from request pool channel=mychannel
[34m2026-10-08 05:37:59.521 UTC 1d071 INFO[0m [orderer.consensus.smartbft.consensus] [34;1mprocessProposal[0m -> Processed proposal with seq 3950 channel=mychannel
[34m2026-10-08 05:37:59.561 UTC 1d072 INFO[0m [orderer.consensus.smartbft.consensus] [34;1mprocessPrepares[0m -> 1 collected 2 prepares from [4 3] channel=mychannel
[34m2026-10-08 05:37:59.561 UTC 1d073 INFO[0m [orderer.consensus.smartbft.consensus] [34;1mprocessPrepares[0m -> Processed prepares for proposal with seq 3950 channel=mychannel
[34m2026-10-08 05:37:59.574 UTC 1d074 INFO[0m [orderer.consensus.smartbft.consensus] [34;1mprocessCommits[0m -> 1 collected 2 commits from [3 2] channel=mychannel
[34m2026-10-08 05:37:59.574 UTC 1d075 INFO[0m [orderer.consensus.smartbft.consensus] [34;1mprepared[0m -> 1 processed commits for proposal with seq 3950 channel=mychannel
[34m2026-10-08 05:37:59.574 UTC 1d076 INFO[0m [orderer.consensus.smartbft.consensus] [34;1mdecide[0m -> Deciding on seq 3950 channel=mychannel
[34m2026-10-08 05:37:59.575 UTC 1d077 INFO[0m [orderer.consensus.smartbft.consensus] [34;1mstartNextSeq[0m -> Sequence: 3950-->3951 channel=mychannel
[34m2026-10-08 05:37:59.575 UTC 1d078 INFO[0m [orderer.consensus.smartbft.chain] [34;1mDeliver[0m -> Delivering proposal, writing block 3950 with 10 transactions and metadata of total size 332 with signatures from [3 2 1] to the ledger, node id 1 channel=mychannel
[34m2026-10-08 05:37:59.575 UTC 1d079 INFO[0m [orderer.consensus.smartbft.consensus] [34;1mdeleteRequest[0m -> Removed request {92b657945bb88cf3f6dff16efd44cbbccac7712af64fa8b4344d2267c8b58985 40a0b1dca462a3e021c2f4b8152f5cdd807dd1d9efc1ae4c008c8b4d3858e08c} from request pool channel=mychannel
[34m2026-10-08 05:37:59.575 UTC 1d07a INFO[0m [orderer.consensus.smartbft.consensus] [34;1mdeleteRequest[0m -> Removed request {92b657945bb88cf3f6dff16efd44cbbccac7712af64fa8b4344d2267c8b58985 7ea9ca2783885c56d9a75c0ea0933f7916918d83d0ac489a62a98b77a2ec7c65} from request pool channel=mychannel
[34m2026-10-08 05:37:59.575 UTC 1d07b INFO[0m [orderer.consensus.smartbft.consensus] [34;1mdeleteRequest[0m -> Removed request {92b657945bb88cf3f6dff16efd44cbbccac7712af64fa8b4344d2267c8b58985 77aba4cabbbc8adf498cf565163d9b648314743305c4431383ac1663235eecb0} from request pool channel=mychannel
[34m2026-10-08 05:37:59.575 UTC 1d07c INFO[0m [orderer.consensus.smartbft.consensus] [34;1mdeleteRequest[0m -> Removed request {92b657945bb88cf3f6dff16efd44cbbccac7712af64fa8b4344d2267c8b58985 d8d0aca0f0d699b7d8d5889b36f213b9d9b5dcdc633b8b33ba85e1f1d0dda4c5} from request pool channel=mychannel
[34m2026-10-08 05:37:59.575 UTC 1d07d INFO[0m [orderer.consensus.smartbft.consensus] [34;1mdeleteRequest[0m -> Removed request {92b657945bb88cf3f6dff16efd44cbbccac7712af64fa8b4344d2267c8b58985 41d7ac823be40823d17111b3163d3d651eb010f80be33b8d11387617345d0e53} from request pool channel=mychannel
[34m2026-10-08 05:37:59.575 UTC 1d07e INFO[0m [orderer.consensus.smartbft.consensus] [34;1mdeleteRequest[0m -> Removed request {92b657945bb88cf3f6dff16efd44cbbccac7712af64fa8b4344d2267c8b58985 25cc5c5b696014c2e3c1a7ba525323d64096e7d85c9df32a8bf75bb5f0c1a97f} from request pool channel=mychannel
[34m2026-10-08 05:37:59.575 UTC 1d07f INFO[0m [orderer.consensus.smartbft.consensus] [34;1mdeleteRequest[0m -> Removed request {92b657945bb88cf3f6dff16efd44cbbccac7712af64fa8b4344d2267c8b58985 6504a6748e4366aa10561b75b02a48ad89bd712a8cb149f696262d42661aea9d} from request pool channel=mychannel
[34m2026-10-08 05:37:59.575 UTC 1d080 INFO[0m [orderer.consensus.smartbft.consensus] [34;1mdeleteRequest[0m -> Removed request {92b657945bb88cf3f6dff16efd44cbbccac7712af64fa8b4344d2267c8b58985 0fef7308b8df2e31ba71713865cb5f608b8ba70c6030ffd4fbdf067c1980b5b0} from request pool channel=mychannel
[34m2026-10-08 05:37:59.575 UTC 1d081 INFO[0m [orderer.consensus.smartbft.consensus] [34;1mdeleteRequest[0m -> Removed request {92b657945bb88cf3f6dff16efd44cbbccac7712af64fa8b4344d2267c8b58985 8db60334dcf98ad1e64107302c67c0110592c51902c402ea27cb8a9c6ad44322} from request pool channel=mychannel
[34m2026-10-08 05:37:59.575 UTC 1d082 INFO[0m [orderer.consensus.smartbft.consensus] [34;1mdeleteRequest[0m -> Removed request {92b657945bb88cf3f6dff16efd44cbbccac7712af64fa8b4344d2267c8b58985 940a75c565d747f904b366d948b316c5234bafb500fe716ba01fd88f8eaef88d} from request pool channel=mychannel
[34m2026-10-08 05:37:59.583 UTC 1d083 INFO[0m [orderer.consensus.smartbft.consensus] [34;1mprocessProposal[0m -> Processed proposal with seq 3951 channel=mychannel
[34m2026-10-08 05:37:59.624 UTC 1d084 INFO[0m [orderer.consensus.smartbft.consensus] [34;1mprocessPrepares[0m -> 1 collected 2 prepares from [4 3] channel=mychannel
[34m2026-10-08 05:37:59.625 UTC 1d085 INFO[0m [orderer.consensus.smartbft.consensus] [34;1mprocessPrepares[0m -> Processed prepares for proposal with seq 3951 channel=mychannel
[34m2026-10-08 05:37:59.639 UTC 1d086 INFO[0m [orderer.consensus.smartbft.consensus] [34;1mprocessCommits[0m -> 1 collected 2 commits from [4 3] channel=mychannel
[34m2026-10-08 05:37:59.639 UTC 1d087 INFO[0m [orderer.consensus.smartbft.consensus] [34;1mprepared[0m -> 1 processed commits for proposal with seq 3951 channel=mychannel
[34m2026-10-08 05:37:59.639 UTC 1d088 INFO[0m [orderer.consensus.smartbft.consensus] [34;1mdecide[0m -> Deciding on seq 3951 channel=mychannel
[34m2026-10-08 05:37:59.639 UTC 1d089 INFO[0m [orderer.consensus.smartbft.consensus] [34;1mstartNextSeq[0m -> Sequence: 3951-->3952 channel=mychannel
[34m2026-10-08 05:37:59.640 UTC 1d08a INFO[0m [orderer.consensus.smartbft.chain] [34;1mDeliver[0m -> Delivering proposal, writing block 3951 with 10 transactions and metadata of total size 331 with signatures from [4 3 1] to the ledger, node id 1 channel=mychannel
[34m2026-10-08 05:37:59.640 UTC 1d08b INFO[0m [orderer.consensus.smartbft.consensus] [34;1mdeleteRequest[0m -> Removed request {92b657945bb88cf3f6dff16efd44cbbccac7712af64fa8b4344d2267c8b58985 49ab1697b7f6fad7481a0b2c9312ad49b82c8539314c31d3041225e109c6bced} from request pool channel=mychannel
[34m2026-10-08 05:37:59.640 UTC 1d08c INFO[0m [orderer.consensus.smartbft.consensus] [34;1mdeleteRequest[0m -> Removed request {92b657945bb88cf3f6dff16efd44cbbccac7712af64fa8b4344d2267c8b58985 f9969d3d1c96414b54c8677d383d8fda233580753dbf12e0dd3a30bebfb832ab} from request pool channel=mychannel
[34m2026-10-08 05:37:59.640 UTC 1d08d INFO[0m [orderer.consensus.smartbft.consensus] [34;1mdeleteRequest[0m -> Removed request {92b657945bb88cf3f6dff16efd44cbbccac7712af64fa8b4344d2267c8b58985 19193a3aa9337633757fd4856cf8a340dbc7f7aa93d80d9b5936fd22d18f6dfa} from request pool channel=mychannel
[34m2026-10-08 05:37:59.640 UTC 1d08e INFO[0m [orderer.consensus.smartbft.consensus] [34;1mdeleteRequest[0m -> Removed request {92b657945bb88cf3f6dff16efd44cbbccac7712af64fa8b4344d2267c8b58985 c51bacde8027516775e41a730846a97f2d2d73a8015753178a4ec2718418fd81} from request pool channel=mychannel
[34m2026-10-08 05:37:59.641 UTC 1d08f INFO[0m [orderer.consensus.smartbft.consensus] [34;1mdeleteRequest[0m -> Removed request {92b657945bb88cf3f6dff16efd44cbbccac7712af64fa8b4344d2267c8b58985 b59279821786154acca94115eed0dd824efab38399fc751a50e4f65dd21455c3} from request pool channel=mychannel
[34m2026-10-08 05:37:59.641 UTC 1d090 INFO[0m [orderer.consensus.smartbft.consensus] [34;1mdeleteRequest[0m -> Removed request {92b657945bb88cf3f6dff16efd44cbbccac7712af64fa8b4344d2267c8b58985 ed43fc68c5b29d97d396e8a5b179db449d1c9481815f98b303ca504601a60e09} from request pool channel=mychannel
[34m2026-10-08 05:37:59.641 UTC 1d091 INFO[0m [orderer.consensus.smartbft.consensus] [34;1mdeleteRequest[0m -> Removed request {92b657945bb88cf3f6dff16efd44cbbccac7712af64fa8b4344d2267c8b58985 c538833a097a881be07087b8d518ac3b6cd4b862eb3a142b21f94dcf224b80d5} from request pool channel=mychannel
[34m2026-10-08 05:37:59.641 UTC 1d092 INFO[0m [orderer.consensus.smartbft.consensus] [34;1mdeleteRequest[0m -> Removed request {92b657945bb88cf3f6dff16efd44cbbccac7712af64fa8b4344d2267c8b58985 9f46279de1976cf29344a0e34a3f01dceed24bc7e147940d492b19b1ece05693} from request pool channel=mychannel
[34m2026-10-08 05:37:59.641 UTC 1d093 INFO[0m [orderer.consensus.smartbft.consensus] [34;1mdeleteRequest[0m -> Removed request {92b657945bb88cf3f6dff16efd44cbbccac7712af64fa8b4344d2267c8b58985 925b7cb3644ad778a2cf56ee5671ca06ca92ee51d25538f03b57ff615804f12d} from request pool channel=mychannel
[34m2026-10-08 05:37:59.641 UTC 1d094 INFO[0m [orderer.consensus.smartbft.consensus] [34;1mdeleteRequest[0m -> Removed request {92b657945bb88cf3f6dff16efd44cbbccac7712af64fa8b4344d2267c8b58985 f1eb4d58ab22b937ca42411978948b8d5c689f5c8923eb737f65a4fc58b4c4d4} from request pool channel=mychannel
[34m2026-10-08 05:37:59.645 UTC 1d095 INFO[0m [orderer.consensus.smartbft.consensus] [34;1mprocessProposal[0m -> Processed proposal with seq 3952 channel=mychannel
[33m2026-10-08 05:37:59.659 UTC 1d096 WARN[0m [orderer.consensus.smartbft.consensus] [33;1mprocessMsg[0m -> 1 got message from 2 with sequence 3950 but our sequence is 3952 channel=mychannel
[34m2026-10-08 05:37:59.680 UTC 1d097 INFO[0m [orderer.consensus.smartbft.consensus] [34;1mprocessPrepares[0m -> 1 collected 2 prepares from [2 4] channel=mychannel
[34m2026-10-08 05:37:59.681 UTC 1d098 INFO[0m [orderer.consensus.smartbft.consensus] [34;1mprocessPrepares[0m -> Processed prepares for proposal with seq 3952 channel=mychannel
[34m2026-10-08 05:37:59.696 UTC 1d099 INFO[0m [orderer.consensus.smartbft.consensus] [34;1mprocessCommits[0m -> 1 collected 2 commits from [2 3] channel=mychannel
[34m2026-10-08 05:37:59.696 UTC 1d09a INFO[0m [orderer.consensus.smartbft.consensus] [34;1mprepared[0m -> 1 processed commits for proposal with seq 3952 channel=mychannel
[34m2026-10-08 05:37:59.696 UTC 1d09b INFO[0m [orderer.consensus.smartbft.consensus] [34;1mdecide[0m -> Deciding on seq 3952 channel=mychannel
[34m2026-10-08 05:37:59.696 UTC 1d09c INFO[0m [orderer.consensus.smartbft.consensus] [34;1mstartNextSeq[0m -> Sequence: 3952-->3953 channel=mychannel
[34m2026-10-08 05:37:59.696 UTC 1d09d INFO[0m [orderer.consensus.smartbft.chain] [34;1mDeliver[0m -> Delivering proposal, writing block 3952 with 10 transactions and metadata of total size 331 with signatures from [2 3 1] to the ledger, node id 1 channel=mychannel
[34m2026-10-08 05:37:59.696 UTC 1d09e INFO[0m [orderer.consensus.smartbft.consensus] [34;1mdeleteRequest[0m -> Removed request {92b657945bb88cf3f6dff16efd44cbbccac7712af64fa8b4344d2267c8b58985 9e209b33cd58b361eea6f8f908d35f84f1ce659707b37f890e1cd20278a2344c} from request pool channel=mychannel
[34m2026-10-08 05:37:59.696 UTC 1d09f INFO[0m [orderer.consensus.smartbft.consensus] [34;1mdeleteRequest[0m -> Removed request {92b657945bb88cf3f6dff16efd44cbbccac7712af64fa8b4344d2267c8b58985 db2be55a1fd7bcc8590bbbdfcf82e6431a29b3a3e5313068c84bfaa5e50dd834} from request pool channel=mychannel
[34m2026-10-08 05:37:59.696 UTC 1d0a0 INFO[0m [orderer.consensus.smartbft.consensus] [34;1mdeleteRequest[0m -> Removed request {92b657945bb88cf3f6dff16efd44cbbccac7712af64fa8b4344d2267c8b58985 60c5d3a76373b406919d415bce0c5fdbcd5bc3435d631e4201bacf3a25f84e74} from request pool channel=mychannel
[34m2026-10-08 05:37:59.696 UTC 1d0a1 INFO[0m [orderer.consensus.smartbft.consensus] [34;1mdeleteRequest[0m -> Removed request {92b657945bb88cf3f6dff16efd44cbbccac7712af64fa8b4344d2267c8b58985 b33f5ae9a69b13f04d262eb665686518743cce2b09e223ad014602ade86979dc} from request pool channel=mychannel
[34m2026-10-08 05:37:59.697 UTC 1d0a2 INFO[0m [orderer.consensus.smartbft.consensus] [34;1mdeleteRequest[0m -> Removed request {92b657945bb88cf3f6dff16efd44cbbccac7712af64fa8b4344d2267c8b58985 99a03bf06333dd7966ae66a847956d94462c68ed8df254601f8f95266257f0a6} from request pool channel=mychannel
[34m2026-10-08 05:37:59.697 UTC 1d0a3 INFO[0m [orderer.consensus.smartbft.consensus] [34;1mdeleteRequest[0m -> Removed request {92b657945bb88cf3f6dff16efd44cbbccac7712af64fa8b4344d2267c8b58985 7a594819e29ff61f97b3fef198ec2a77d24c702b113e103e219413da30bba19e} from request pool channel=mychannel
[34m2026-10-08 05:37:59.697 UTC 1d0a4 INFO[0m [orderer.consensus.smartbft.consensus] [34;1mdeleteRequest[0m -> Removed request {92b657945bb88cf3f6dff16efd44cbbccac7712af64fa8b4344d2267c8b58985 14feff0b0b1a1b79760bfec9d6b9cc904ebf590725b47c3846d459075be3ae55} from request pool channel=mychannel
[34m2026-10-08 05:37:59.697 UTC 1d0a5 INFO[0m [orderer.consensus.smartbft.consensus] [34;1mdeleteRequest[0m -> Removed request {92b657945bb88cf3f6dff16efd44cbbccac7712af64fa8b4344d2267c8b58985 d0e336bb9b1574e0460c9360a9218ce805a22bdc8d4e1b13097d6e9edb23b2a9} from request pool channel=mychannel
[34m2026-10-08 05:37:59.697 UTC 1d0a6 INFO[0m [orderer.consensus.smartbft.consensus] [34;1mdeleteRequest[0m -> Removed request {92b657945bb88cf3f6dff16efd44cbbccac7712af64fa8b4344d2267c8b58985 c64f116ac244ae7eaf5c511d3c272cc2636feb1d530f0684e3e2b5d7c9ac7c02} from request pool channel=mychannel
[34m2026-10-08 05:37:59.697 UTC 1d0a7 INFO[0m [orderer.consensus.smartbft.consensus] [34;1mdeleteRequest[0m -> Removed request {92b657945bb88cf3f6dff16efd44cbbccac7712af64fa8b4344d2267c8b58985 b34d59270ce752267ec14adbc23d193732ea05691ec69aedd5f9301c6700fd88} from request pool channel=mychannel
[34m2026-10-08 05:37:59.703 UTC 1d0a8 INFO[0m [orderer.consensus.smartbft.consensus] [34;1mprocessProposal[0m -> Processed proposal with seq 3953 channel=mychannel
[34m2026-10-08 05:37:59.743 UTC 1d0a9 INFO[0m [orderer.consensus.smartbft.consensus] [34;1mprocessPrepares[0m -> 1 collected 2 prepares from [4 3] channel=mychannel
[34m2026-10-08 05:37:59.743 UTC 1d0aa INFO[0m [orderer.consensus.smartbft.consensus] [34;1mprocessPrepares[0m -> Processed prepares for proposal with seq 3953 channel=mychannel
[34m2026-10-08 05:37:59.758 UTC 1d0ab INFO[0m [orderer.consensus.smartbft.consensus] [34;1mprocessCommits[0m -> 1 collected 2 commits from [4 3] channel=mychannel
[34m2026-10-08 05:37:59.758 UTC 1d0ac INFO[0m [orderer.consensus.smartbft.consensus] [34;1mprepared[0m -> 1 processed commits for proposal with seq 3953 channel=mychannel
[34m2026-10-08 05:37:59.758 UTC 1d0ad INFO[0m [orderer.consensus.smartbft.consensus] [34;1mdecide[0m -> Deciding on seq 3953 channel=mychannel
[34m2026-10-08 05:37:59.758 UTC 1d0ae INFO[0m [orderer.consensus.smartbft.consensus] [34;1mstartNextSeq[0m -> Sequence: 3953-->3954 channel=mychannel
[34m2026-10-08 05:37:59.759 UTC 1d0af INFO[0m [orderer.consensus.smartbft.chain] [34;1mDeliver[0m -> Delivering proposal, writing block 3953 with 10 transactions and metadata of total size 331 with signatures from [4 3 1] to the ledger, node id 1 channel=mychannel
[34m2026-10-08 05:37:59.759 UTC 1d0b0 INFO[0m [orderer.consensus.smartbft.consensus] [34;1mdeleteRequest[0m -> Removed request {92b657945bb88cf3f6dff16efd44cbbccac7712af64fa8b4344d2267c8b58985 09755ea064f691961c1fcde892a84be510bcbb26c54d1f78e3f6946ba9e01a76} from request pool channel=mychannel
[34m2026-10-08 05:37:59.759 UTC 1d0b1 INFO[0m [orderer.consensus.smartbft.consensus] [34;1mdeleteRequest[0m -> Removed request {92b657945bb88cf3f6dff16efd44cbbccac7712af64fa8b4344d2267c8b58985 dfc4ede629a22e6ef06cb1b298aa3c54acf7c68398b54c551b2f57adc31f96df} from request pool channel=mychannel
[34m2026-10-08 05:37:59.759 UTC 1d0b2 INFO[0m [orderer.consensus.smartbft.consensus] [34;1mdeleteRequest[0m -> Removed request {92b657945bb88cf3f6dff16efd44cbbccac7712af64fa8b4344d2267c8b58985 dd81ea31f08da8bea34eedb3512900331eef35b2d874a8164dda924b58198f66} from request pool channel=mychannel
[34m2026-10-08 05:37:59.759 UTC 1d0b3 INFO[0m [orderer.consensus.smartbft.consensus] [34;1mdeleteRequest[0m -> Removed request {92b657945bb88cf3f6dff16efd44cbbccac7712af64fa8b4344d2267c8b58985 874ca79d773bede3346a23dac4b2bc552adb25ee8973e065883b34e8ab9257e9} from request pool channel=mychannel
[34m2026-10-08 05:37:59.759 UTC 1d0b4 INFO[0m [orderer.consensus.smartbft.consensus] [34;1mdeleteRequest[0m -> Removed request {92b657945bb88cf3f6dff16efd44cbbccac7712af64fa8b4344d2267c8b58985 6bbc0d5a94c9dd8c812fbdd2c340ad3f1e8b791fbe071a727bf7d2c9819e21c2} from request pool channel=mychannel
[34m2026-10-08 05:37:59.759 UTC 1d0b5 INFO[0m [orderer.consensus.smartbft.consensus] [34;1mdeleteRequest[0m -> Removed request {92b657945bb88cf3f6dff16efd44cbbccac7712af64fa8b4344d2267c8b58985 7fa1c18066f9ec76032dbf27c3da683849c1b9d2ee1fb06ce73dfa64cfd274b9} from request pool channel=mychannel
[34m2026-10-08 05:37:59.759 UTC 1d0b6 INFO[0m [orderer.consensus.smartbft.consensus] [34;1mdeleteRequest[0m -> Removed request {92b657945bb88cf3f6dff16efd44cbbccac7712af64fa8b4344d2267c8b58985 b0b5e98d636728cc80d304c74e62a7f9da98beb13f801c39f3081592aee51a2b} from request pool channel=mychannel
[34m2026-10-08 05:37:59.759 UTC 1d0b7 INFO[0m [orderer.consensus.smartbft.consensus] [34;1mdeleteRequest[0m -> Removed request {92b657945bb88cf3f6dff16efd44cbbccac7712af64fa8b4344d2267c8b58985 adbe3760f57e661d704445e701d4ef0b9f3856a8c9749c0f364ae08dd8686388} from request pool channel=mychannel
[34m2026-10-08 05:37:59.759 UTC 1d0b8 INFO[0m [orderer.consensus.smartbft.consensus] [34;1mdeleteRequest[0m -> Removed request {92b657945bb88cf3f6dff16efd44cbbccac7712af64fa8b4344d2267c8b58985 77a472aa6a8558461d17cb49aa64b932169e5ce0ea5ee05ce65ae8c070c5ce1b} from request pool channel=mychannel
[34m2026-10-08 05:37:59.759 UTC 1d0b9 INFO[0m [orderer.consensus.smartbft.consensus] [34;1mdeleteRequest[0m -> Removed request {92b657945bb88cf3f6dff16efd44cbbccac7712af64fa8b4344d2267c8b58985 a6a9f1a1dc4e204d22a9a8864f20b3b3a0a9ccf76c53bc8e48d4f3972f33f275} from request pool channel=mychannel
[34m2026-10-08 05:37:59.763 UTC 1d0ba INFO[0m [orderer.consensus.smartbft.consensus] [34;1mprocessProposal[0m -> Processed proposal with seq 3954 channel=mychannel
[34m2026-10-08 05:37:59.800 UTC 1d0bb INFO[0m [orderer.consensus.smartbft.consensus] [34;1mprocessPrepares[0m -> 1 collected 2 prepares from [4 3] channel=mychannel
[34m2026-10-08 05:37:59.800 UTC 1d0bc INFO[0m [orderer.consensus.smartbft.consensus] [34;1mprocessPrepares[0m -> Processed prepares for proposal with seq 3954 channel=mychannel
[34m2026-10-08 05:37:59.815 UTC 1d0bd INFO[0m [orderer.consensus.smartbft.consensus] [34;1mprocessCommits[0m -> 1 collected 2 commits from [3 4] channel=mychannel
[34m2026-10-08 05:37:59.815 UTC 1d0be INFO[0m [orderer.consensus.smartbft.consensus] [34;1mprepared[0m -> 1 processed commits for proposal with seq 3954 channel=mychannel
[34m2026-10-08 05:37:59.815 UTC 1d0bf INFO[0m [orderer.consensus.smartbft.consensus] [34;1mdecide[0m -> Deciding on seq 3954 channel=mychannel
[34m2026-10-08 05:37:59.815 UTC 1d0c0 INFO[0m [orderer.consensus.smartbft.consensus] [34;1mstartNextSeq[0m -> Sequence: 3954-->3955 channel=mychannel
[34m2026-10-08 05:37:59.815 UTC 1d0c1 INFO[0m [orderer.consensus.smartbft.chain] [34;1mDeliver[0m -> Delivering proposal, writing block 3954 with 10 transactions and metadata of total size 330 with signatures from [3 4 1] to the ledger, node id 1 channel=mychannel
[34m2026-10-08 05:37:59.815 UTC 1d0c2 INFO[0m [orderer.consensus.smartbft.consensus] [34;1mdeleteRequest[0m -> Removed request {92b657945bb88cf3f6dff16efd44cbbccac7712af64fa8b4344d2267c8b58985 7fac4f5168f7fdc04c7ffa031e498712d0d30dcd0a2066e3c21e6258aa4780e8} from request pool channel=mychannel
[34m2026-10-08 05:37:59.815 UTC 1d0c3 INFO[0m [orderer.consensus.smartbft.consensus] [34;1mdeleteRequest[0m -> Removed request {92b657945bb88cf3f6dff16efd44cbbccac7712af64fa8b4344d2267c8b58985 6883a59d5bc9eba7dc60bcf1afb8538e1f23a7e567a725a6fcd1d68f35efe459} from request pool channel=mychannel
[34m2026-10-08 05:37:59.815 UTC 1d0c4 INFO[0m [orderer.consensus.smartbft.consensus] [34;1mdeleteRequest[0m -> Removed request {92b657945bb88cf3f6dff16efd44cbbccac7712af64fa8b4344d2267c8b58985 eca4509f99af1850400ab2698d2a1a68e4c588bcc4690b888e7928eb4710ee95} from request pool channel=mychannel
[34m2026-10-08 05:37:59.815 UTC 1d0c5 INFO[0m [orderer.consensus.smartbft.consensus] [34;1mdeleteRequest[0m -> Removed request {92b657945bb88cf3f6dff16efd44cbbccac7712af64fa8b4344d2267c8b58985 9233a5a669cdf1e05ecb748a1923c937a2e9544a0f3288bc78c20db5475f1595} from request pool channel=mychannel
[34m2026-10-08 05:37:59.815 UTC 1d0c6 INFO[0m [orderer.consensus.smartbft.consensus] [34;1mdeleteRequest[0m -> Removed request {92b657945bb88cf3f6dff16efd44cbbccac7712af64fa8b4344d2267c8b58985 c5a8fad6e3f48b9bb42294262838565edaeddb68a06b8ab2c9ea77de9d3c4803} from request pool channel=mychannel
[34m2026-10-08 05:37:59.815 UTC 1d0c7 INFO[0m [orderer.consensus.smartbft.consensus] [34;1mdeleteRequest[0m -> Removed request {92b657945bb88cf3f6dff16efd44cbbccac7712af64fa8b4344d2267c8b58985 b0de0709d8d81ac27f9c9b17b78604859a44f91c616f42f5d4e0582521a5d745} from request pool channel=mychannel
[34m2026-10-08 05:37:59.815 UTC 1d0c8 INFO[0m [orderer.consensus.smartbft.consensus] [34;1mdeleteRequest[0m -> Removed request {92b657945bb88cf3f6dff16efd44cbbccac7712af64fa8b4344d2267c8b58985 bf8e8364ae90d0cd63fa3ffdd2f00f8c499ae26442e1d814b186120cfc8d502c} from request pool channel=mychannel
[34m2026-10-08 05:37:59.815 UTC 1d0c9 INFO[0m [orderer.consensus.smartbft.consensus] [34;1mdeleteRequest[0m -> Removed request {92b657945bb88cf3f6dff16efd44cbbccac7712af64fa8b4344d2267c8b58985 89cb1b5b94de53e0e79794eb1e40e557ffcdd90ff84fb56f09bd7ea74ef01cf5} from request pool channel=mychannel
[34m2026-10-08 05:37:59.815 UTC 1d0ca INFO[0m [orderer.consensus.smartbft.consensus] [34;1mdeleteRequest[0m -> Removed request {92b657945bb88cf3f6dff16efd44cbbccac7712af64fa8b4344d2267c8b58985 6736d6fd206b8543231d8ba0c225386e5d9dfd76c5e7aa89970bf4846080da85} from request pool channel=mychannel
[34m2026-10-08 05:37:59.815 UTC 1d0cb INFO[0m [orderer.consensus.smartbft.consensus] [34;1mdeleteRequest[0m -> Removed request {92b657945bb88cf3f6dff16efd44cbbccac7712af64fa8b4344d2267c8b58985 82449399fc3e44b592a934f866d9184996d0724964263557ba6ee68f5c24161d} from request pool channel=mychannel
[34m2026-10-08 05:37:59.820 UTC 1d0cc INFO[0m [orderer.consensus.smartbft.consensus] [34;1mprocessProposal[0m -> Processed proposal with seq 3955 channel=mychannel
[34m2026-10-08 05:37:59.864 UTC 1d0cd INFO[0m [orderer.consensus.smartbft.consensus] [34;1mprocessPrepares[0m -> 1 collected 2 prepares from [4 2] channel=mychannel
[34m2026-10-08 05:37:59.864 UTC 1d0ce INFO[0m [orderer.consensus.smartbft.consensus] [34;1mprocessPrepares[0m -> Processed prepares for proposal with seq 3955 channel=mychannel
[34m2026-10-08 05:37:59.875 UTC 1d0cf INFO[0m [orderer.consensus.smartbft.consensus] [34;1mprocessCommits[0m -> 1 collected 2 commits from [2 3] channel=mychannel
[34m2026-10-08 05:37:59.875 UTC 1d0d0 INFO[0m [orderer.consensus.smartbft.consensus] [34;1mprepared[0m -> 1 processed commits for proposal with seq 3955 channel=mychannel
[34m2026-10-08 05:37:59.875 UTC 1d0d1 INFO[0m [orderer.consensus.smartbft.consensus] [34;1mdecide[0m -> Deciding on seq 3955 channel=mychannel
[34m2026-10-08 05:37:59.875 UTC 1d0d2 INFO[0m [orderer.consensus.smartbft.consensus] [34;1mstartNextSeq[0m -> Sequence: 3955-->3956 channel=mychannel
[34m2026-10-08 05:37:59.875 UTC 1d0d3 INFO[0m [orderer.consensus.smartbft.chain] [34;1mDeliver[0m -> Delivering proposal, writing block 3955 with 10 transactions and metadata of total size 333 with signatures from [2 3 1] to the ledger, node id 1 channel=mychannel
[34m2026-10-08 05:37:59.875 UTC 1d0d4 INFO[0m [orderer.consensus.smartbft.consensus] [34;1mdeleteRequest[0m -> Removed request {92b657945bb88cf3f6dff16efd44cbbccac7712af64fa8b4344d2267c8b58985 2162ee210dfafd58c1ea6df9ba4726c6c8f630611c0a7b4fdb62ff41c910ba12} from request pool channel=mychannel
[34m2026-10-08 05:37:59.875 UTC 1d0d5 INFO[0m [orderer.consensus.smartbft.consensus] [34;1mdeleteRequest[0m -> Removed request {92b657945bb88cf3f6dff16efd44cbbccac7712af64fa8b4344d2267c8b58985 c92e201ca1bf4725402f280207fcb89a00a05abc520bfaf801b2e7602505984e} from request pool channel=mychannel
[34m2026-10-08 05:37:59.875 UTC 1d0d6 INFO[0m [orderer.consensus.smartbft.consensus] [34;1mdeleteRequest[0m -> Removed request {92b657945bb88cf3f6dff16efd44cbbccac7712af64fa8b4344d2267c8b58985 efa61c7b37187f62af657d99ad22ee8b4f1000bbf4672f5f08681b9545a3e679} from request pool channel=mychannel
[34m2026-10-08 05:37:59.875 UTC 1d0d7 INFO[0m [orderer.consensus.smartbft.consensus] [34;1mdeleteRequest[0m -> Removed request {92b657945bb88cf3f6dff16efd44cbbccac7712af64fa8b4344d2267c8b58985 6f6dbc17e37bac09bfa26c54df84b11d3507b613149a6b6df76fcefbdeac58d1} from request pool channel=mychannel
[34m2026-10-08 05:37:59.876 UTC 1d0d8 INFO[0m [orderer.consensus.smartbft.consensus] [34;1mdeleteRequest[0m -> Removed request {92b657945bb88cf3f6dff16efd44cbbccac7712af64fa8b4344d2267c8b58985 baf7c9aa08ac6a2e655860ddfb251f17a4e4a91ffee9279711144d3c7c729e9b} from request pool channel=mychannel
[34m2026-10-08 05:37:59.876 UTC 1d0d9 INFO[0m [orderer.consensus.smartbft.consensus] [34;1mdeleteRequest[0m -> Removed request {92b657945bb88cf3f6dff16efd44cbbccac7712af64fa8b4344d2267c8b58985 ef492bcb297954df96ee6566e2fbfe0986b176e6728a5a399e2a0222ab88679e} from request pool channel=mychannel
[34m2026-10-08 05:37:59.876 UTC 1d0da INFO[0m [orderer.consensus.smartbft.consensus] [34;1mdeleteRequest[0m -> Removed request {92b657945bb88cf3f6dff16efd44cbbccac7712af64fa8b4344d2267c8b58985 81e563384976e4ee4d5ddf8c1d87ab6a95daac4fda5e229b8f869ddad7dd8b81} from request pool channel=mychannel
[34m2026-10-08 05:37:59.876 UTC 1d0db INFO[0m [orderer.consensus.smartbft.consensus] [34;1mdeleteRequest[0m -> Removed request {92b657945bb88cf3f6dff16efd44cbbccac7712af64fa8b4344d2267c8b58985 2847eda9bca71d5120b8b511afb6a16646787de1ecaa609b9c0465a1fadc703d} from request pool channel=mychannel
[34m2026-10-08 05:37:59.876 UTC 1d0dc INFO[0m [orderer.consensus.smartbft.consensus] [34;1mdeleteRequest[0m -> Removed request {92b657945bb88cf3f6dff16efd44cbbccac7712af64fa8b4344d2267c8b58985 013cc215688fb548888f572792d1012074fad14377daf8173bfb3fd83310f09f} from request pool channel=mychannel
[34m2026-10-08 05:37:59.876 UTC 1d0dd INFO[0m [orderer.consensus.smartbft.consensus] [34;1mdeleteRequest[0m -> Removed request {92b657945bb88cf3f6dff16efd44cbbccac7712af64fa8b4344d2267c8b58985 3186377f8200c22b64ad765589600499d45045111afc7d62028fb32e58a93d73} from request pool channel=mychannel
[34m2026-10-08 05:37:59.880 UTC 1d0de INFO[0m [orderer.consensus.smartbft.consensus] [34;1mprocessProposal[0m -> Processed proposal with seq 3956 channel=mychannel
[33m2026-10-08 05:37:59.896 UTC 1d0df WARN[0m [orderer.consensus.smartbft.consensus] [33;1mprocessMsg[0m -> 1 got message from 3 with sequence 3954 but our sequence is 3956 channel=mychannel
[34m2026-10-08 05:37:59.916 UTC 1d0e0 INFO[0m [orderer.consensus.smartbft.consensus] [34;1mprocessPrepares[0m -> 1 collected 2 prepares from [4 3] channel=mychannel
[34m2026-10-08 05:37:59.917 UTC 1d0e1 INFO[0m [orderer.consensus.smartbft.consensus] [34;1mprocessPrepares[0m -> Processed prepares for proposal with seq 3956 channel=mychannel
[34m2026-10-08 05:37:59.931 UTC 1d0e2 INFO[0m [orderer.consensus.smartbft.consensus] [34;1mprocessCommits[0m -> 1 collected 2 commits from [2 4] channel=mychannel
[34m2026-10-08 05:37:59.931 UTC 1d0e3 INFO[0m [orderer.consensus.smartbft.consensus] [34;1mprepared[0m -> 1 processed commits for proposal with seq 3956 channel=mychannel
[34m2026-10-08 05:37:59.931 UTC 1d0e4 INFO[0m [orderer.consensus.smartbft.consensus] [34;1mdecide[0m -> Deciding on seq 3956 channel=mychannel
[34m2026-10-08 05:37:59.931 UTC 1d0e5 INFO[0m [orderer.consensus.smartbft.consensus] [34;1mstartNextSeq[0m -> Sequence: 3956-->3957 channel=mychannel
[34m2026-10-08 05:37:59.931 UTC 1d0e6 INFO[0m [orderer.consensus.smartbft.chain] [34;1mDeliver[0m -> Delivering proposal, writing block 3956 with 10 transactions and metadata of total size 332 with signatures from [2 4 1] to the ledger, node id 1 channel=mychannel
[34m2026-10-08 05:37:59.931 UTC 1d0e7 INFO[0m [orderer.consensus.smartbft.consensus] [34;1mdeleteRequest[0m -> Removed request {92b657945bb88cf3f6dff16efd44cbbccac7712af64fa8b4344d2267c8b58985 1b27f57ed14976d2d137af3798e5c06f56d5e5b2dd503e471a20e7d3fcce26fd} from request pool channel=mychannel
[34m2026-10-08 05:37:59.931 UTC 1d0e8 INFO[0m [orderer.consensus.smartbft.consensus] [34;1mdeleteRequest[0m -> Removed request {92b657945bb88cf3f6dff16efd44cbbccac7712af64fa8b4344d2267c8b58985 0e2eb509020ead118d9c1ef3a5fb0848291d8f82c3a006a1735231b9570f3a58} from request pool channel=mychannel
[34m2026-10-08 05:37:59.931 UTC 1d0e9 INFO[0m [orderer.consensus.smartbft.consensus] [34;1mdeleteRequest[0m -> Removed request {92b657945bb88cf3f6dff16efd44cbbccac7712af64fa8b4344d2267c8b58985 aaaea2301285d42700a1abf49f42a87c02586604362803ddce55fa15c11b431e} from request pool channel=mychannel
[34m2026-10-08 05:37:59.931 UTC 1d0ea INFO[0m [orderer.consensus.smartbft.consensus] [34;1mdeleteRequest[0m -> Removed request {92b657945bb88cf3f6dff16efd44cbbccac7712af64fa8b4344d2267c8b58985 ced9390ffc784dd8a0cc460e7238a69a676a4da6144dc42aaf75863215b6dd00} from request pool channel=mychannel
[34m2026-10-08 05:37:59.931 UTC 1d0eb INFO[0m [orderer.consensus.smartbft.consensus] [34;1mdeleteRequest[0m -> Removed request {92b657945bb88cf3f6dff16efd44cbbccac7712af64fa8b4344d2267c8b58985 49303b5b25e8f381efd39c60ec434fefa43589a1b3b678c13a9ddcdca6a07e31} from request pool channel=mychannel
[34m2026-10-08 05:37:59.931 UTC 1d0ec INFO[0m [orderer.consensus.smartbft.consensus] [34;1mdeleteRequest[0m -> Removed request {92b657945bb88cf3f6dff16efd44cbbccac7712af64fa8b4344d2267c8b58985 b4322f56cfc93ef8633ae9f9b31eac77cf8db5f04ac3f67417e4bbd36244493a} from request pool channel=mychannel
[34m2026-10-08 05:37:59.931 UTC 1d0ed INFO[0m [orderer.consensus.smartbft.consensus] [34;1mdeleteRequest[0m -> Removed request {92b657945bb88cf3f6dff16efd44cbbccac7712af64fa8b4344d2267c8b58985 c68423d80918e9931927d5b6d58610e4ac6d2dbecefbf585e866569f40bda1e4} from request pool channel=mychannel
[34m2026-10-08 05:37:59.931 UTC 1d0ee INFO[0m [orderer.consensus.smartbft.consensus] [34;1mdeleteRequest[0m -> Removed request {92b657945bb88cf3f6dff16efd44cbbccac7712af64fa8b4344d2267c8b58985 b4f79b352e4b04704a103339750814a087e0670d7f00d33eb76dfa7b09613e1c} from request pool channel=mychannel
[34m2026-10-08 05:37:59.932 UTC 1d0ef INFO[0m [orderer.consensus.smartbft.consensus] [34;1mdeleteRequest[0m -> Removed request {92b657945bb88cf3f6dff16efd44cbbccac7712af64fa8b4344d2267c8b58985 63eb9105410c63c0ecf994e46a923d9fc80dd6e1bd8b8f5b549906132254f324} from request pool channel=mychannel
[34m2026-10-08 05:37:59.932 UTC 1d0f0 INFO[0m [orderer.consensus.smartbft.consensus] [34;1mdeleteRequest[0m -> Removed request {92b657945bb88cf3f6dff16efd44cbbccac7712af64fa8b4344d2267c8b58985 5bee41a7863d09b96c3ec7657b292f2d17ae6c9bc0a3961d21d23d3b3702ae3e} from request pool channel=mychannel
[34m2026-10-08 05:37:59.937 UTC 1d0f1 INFO[0m [orderer.consensus.smartbft.consensus] [34;1mprocessProposal[0m -> Processed proposal with seq 3957 channel=mychannel
[34m2026-10-08 05:37:59.978 UTC 1d0f2 INFO[0m [orderer.consensus.smartbft.consensus] [34;1mprocessPrepares[0m -> 1 collected 2 prepares from [3 4] channel=mychannel
[34m2026-10-08 05:37:59.978 UTC 1d0f3 INFO[0m [orderer.consensus.smartbft.consensus] [34;1mprocessPrepares[0m -> Processed prepares for proposal with seq 3957 channel=mychannel
[34m2026-10-08 05:37:59.994 UTC 1d0f4 INFO[0m [orderer.consensus.smartbft.consensus] [34;1mprocessCommits[0m -> 1 collected 2 commits from [2 4] channel=mychannel
[34m2026-10-08 05:37:59.994 UTC 1d0f5 INFO[0m [orderer.consensus.smartbft.consensus] [34;1mprepared[0m -> 1 processed commits for proposal with seq 3957 channel=mychannel
[34m2026-10-08 05:37:59.994 UTC 1d0f6 INFO[0m [orderer.consensus.smartbft.consensus] [34;1mdecide[0m -> Deciding on seq 3957 channel=mychannel
[34m2026-10-08 05:37:59.994 UTC 1d0f7 INFO[0m [orderer.consensus.smartbft.consensus] [34;1mstartNextSeq[0m -> Sequence: 3957-->3958 channel=mychannel
[34m2026-10-08 05:37:59.994 UTC 1d0f8 INFO[0m [orderer.consensus.smartbft.chain] [34;1mDeliver[0m -> Delivering proposal, writing block 3957 with 10 transactions and metadata of total size 331 with signatures from [2 4 1] to the ledger, node id 1 channel=mychannel
[34m2026-10-08 05:37:59.994 UTC 1d0f9 INFO[0m [orderer.consensus.smartbft.consensus] [34;1mdeleteRequest[0m -> Removed request {92b657945bb88cf3f6dff16efd44cbbccac7712af64fa8b4344d2267c8b58985 5c8630526cf0dc1ec0eb30e4234732c130ce9549ac0bb64fd0eccb1d44d8078a} from request pool channel=mychannel
[34m2026-10-08 05:37:59.994 UTC 1d0fa INFO[0m [orderer.consensus.smartbft.consensus] [34;1mdeleteRequest[0m -> Removed request {92b657945bb88cf3f6dff16efd44cbbccac7712af64fa8b4344d2267c8b58985 101b7d84936e3229c965a1879879148869986959bbc9f9b49bfe3cf4e52034b0} from request pool channel=mychannel
[34m2026-10-08 05:37:59.994 UTC 1d0fb INFO[0m [orderer.consensus.smartbft.consensus] [34;1mdeleteRequest[0m -> Removed request {92b657945bb88cf3f6dff16efd44cbbccac7712af64fa8b4344d2267c8b58985 41c549068aeff6f86b63936c98af539d46e043753a2bb9ec44a1406b491de0c4} from request pool channel=mychannel
[34m2026-10-08 05:37:59.995 UTC 1d0fc INFO[0m [orderer.consensus.smartbft.consensus] [34;1mdeleteRequest[0m -> Removed request {92b657945bb88cf3f6dff16efd44cbbccac7712af64fa8b4344d2267c8b58985 7853a112e57b87dfaf753ca959f7e6329a36db557fabfdbe9bf77ad340a8e5d7} from request pool channel=mychannel
[34m2026-10-08 05:37:59.995 UTC 1d0fd INFO[0m [orderer.consensus.smartbft.consensus] [34;1mdeleteRequest[0m -> Removed request {92b657945bb88cf3f6dff16efd44cbbccac7712af64fa8b4344d2267c8b58985 55d7794a9b6b7dc522fb966376c05a0a6b06a82eefb0a1645fcd69d4d101c2b3} from request pool channel=mychannel
[34m2026-10-08 05:37:59.995 UTC 1d0fe INFO[0m [orderer.consensus.smartbft.consensus] [34;1mdeleteRequest[0m -> Removed request {92b657945bb88cf3f6dff16efd44cbbccac7712af64fa8b4344d2267c8b58985 7ffcc88e2cf080748a95994757d31ccb310062116d3bb83bc684a2e43dd37e08} from request pool channel=mychannel
[34m2026-10-08 05:37:59.995 UTC 1d0ff INFO[0m [orderer.consensus.smartbft.consensus] [34;1mdeleteRequest[0m -> Removed request {92b657945bb88cf3f6dff16efd44cbbccac7712af64fa8b4344d2267c8b58985 9d7a86c95616627c56ba50b33ede92a0bd94bedb29e1a0cf131ae66b85080f7c} from request pool channel=mychannel
[34m2026-10-08 05:37:59.995 UTC 1d100 INFO[0m [orderer.consensus.smartbft.consensus] [34;1mdeleteRequest[0m -> Removed request {92b657945bb88cf3f6dff16efd44cbbccac7712af64fa8b4344d2267c8b58985 46575ef62104ff18a2cdf7765b2cf01bf8097621d308fbba051ce783ec6147a8} from request pool channel=mychannel
[34m2026-10-08 05:37:59.995 UTC 1d101 INFO[0m [orderer.consensus.smartbft.consensus] [34;1mdeleteRequest[0m -> Removed request {92b657945bb88cf3f6dff16efd44cbbccac7712af64fa8b4344d2267c8b58985 de88deac9f48ffd3c79ff006b8d98ab5319966378bbe31c5817b3a86dad56253} from request pool channel=mychannel
[34m2026-10-08 05:37:59.995 UTC 1d102 INFO[0m [orderer.consensus.smartbft.consensus] [34;1mdeleteRequest[0m -> Removed request {92b657945bb88cf3f6dff16efd44cbbccac7712af64fa8b4344d2267c8b58985 8aa4c469ec0e9d34cfe6a849fabd03d4d6b520991de301893e86f5b00958ddd6} from request pool channel=mychannel
[34m2026-10-08 05:37:59.999 UTC 1d103 INFO[0m [orderer.consensus.smartbft.consensus] [34;1mprocessProposal[0m -> Processed proposal with seq 3958 channel=mychannel
[33m2026-10-08 05:38:00.011 UTC 1d104 WARN[0m [orderer.consensus.smartbft.consensus] [33;1mprocessMsg[0m -> 1 got message from 4 with sequence 3956 but our sequence is 3958 channel=mychannel
[34m2026-10-08 05:38:00.037 UTC 1d105 INFO[0m [orderer.consensus.smartbft.consensus] [34;1mprocessPrepares[0m -> 1 collected 2 prepares from [4 3] channel=mychannel
[34m2026-10-08 05:38:00.038 UTC 1d106 INFO[0m [orderer.consensus.smartbft.consensus] [34;1mprocessPrepares[0m -> Processed prepares for proposal with seq 3958 channel=mychannel
[34m2026-10-08 05:38:00.053 UTC 1d107 INFO[0m [orderer.consensus.smartbft.consensus] [34;1mprocessCommits[0m -> 1 collected 2 commits from [3 2] channel=mychannel
[34m2026-10-08 05:38:00.053 UTC 1d108 INFO[0m [orderer.consensus.smartbft.consensus] [34;1mprepared[0m -> 1 processed commits for proposal with seq 3958 channel=mychannel
[34m2026-10-08 05:38:00.053 UTC 1d109 INFO[0m [orderer.consensus.smartbft.consensus] [34;1mdecide[0m -> Deciding on seq 3958 channel=mychannel
[34m2026-10-08 05:38:00.053 UTC 1d10a INFO[0m [orderer.consensus.smartbft.consensus] [34;1mstartNextSeq[0m -> Sequence: 3958-->3959 channel=mychannel
[34m2026-10-08 05:38:00.053 UTC 1d10b INFO[0m [orderer.consensus.smartbft.chain] [34;1mDeliver[0m -> Delivering proposal, writing block 3958 with 10 transactions and metadata of total size 332 with signatures from [3 2 1] to the ledger, node id 1 channel=mychannel
[34m2026-10-08 05:38:00.054 UTC 1d10c INFO[0m [orderer.consensus.smartbft.consensus] [34;1mdeleteRequest[0m -> Removed request {92b657945bb88cf3f6dff16efd44cbbccac7712af64fa8b4344d2267c8b58985 1a12ad2ce9ad234a789a0b90fe6852f88211fd8c1b50e68fc962e90b52189c33} from request pool channel=mychannel
[34m2026-10-08 05:38:00.054 UTC 1d10d INFO[0m [orderer.consensus.smartbft.consensus] [34;1mdeleteRequest[0m -> Removed request {92b657945bb88cf3f6dff16efd44cbbccac7712af64fa8b4344d2267c8b58985 2f74b0382e6885e4b7c3c34ff2085c0b1173ddf94b202d36d59bb100954d62e4} from request pool channel=mychannel
[34m2026-10-08 05:38:00.054 UTC 1d10e INFO[0m [orderer.consensus.smartbft.consensus] [34;1mdeleteRequest[0m -> Removed request {92b657945bb88cf3f6dff16efd44cbbccac7712af64fa8b4344d2267c8b58985 56c65c25050665f7dc868cdc2fef396320504fbb022af8220d814ac974548b11} from request pool channel=mychannel
[34m2026-10-08 05:38:00.054 UTC 1d10f INFO[0m [orderer.consensus.smartbft.consensus] [34;1mdeleteRequest[0m -> Removed request {92b657945bb88cf3f6dff16efd44cbbccac7712af64fa8b4344d2267c8b58985 0c5743e4cda233537b18062e82e0a3fcfbc8e721f2942cb4f6d79346f84a82e4} from request pool channel=mychannel
[34m2026-10-08 05:38:00.054 UTC 1d110 INFO[0m [orderer.consensus.smartbft.consensus] [34;1mdeleteRequest[0m -> Removed request {92b657945bb88cf3f6dff16efd44cbbccac7712af64fa8b4344d2267c8b58985 e402a8b5648babca652d1265094c4b2bb7872dc6d2e535510687c2b446086a72} from request pool channel=mychannel
[34m2026-10-08 05:38:00.054 UTC 1d111 INFO[0m [orderer.consensus.smartbft.consensus] [34;1mdeleteRequest[0m -> Removed request {92b657945bb88cf3f6dff16efd44cbbccac7712af64fa8b4344d2267c8b58985 9c042854d82ab904b5799f70d9ae46221f771b440ad6361ab96d9a089f6d1cab} from request pool channel=mychannel
[34m2026-10-08 05:38:00.054 UTC 1d112 INFO[0m [orderer.consensus.smartbft.consensus] [34;1mdeleteRequest[0m -> Removed request {92b657945bb88cf3f6dff16efd44cbbccac7712af64fa8b4344d2267c8b58985 4eeafbbb038e87d6e4308f9108eac67029a36e4776b917110e72c2b2b6ca96db} from request pool channel=mychannel
[34m2026-10-08 05:38:00.054 UTC 1d113 INFO[0m [orderer.consensus.smartbft.consensus] [34;1mdeleteRequest[0m -> Removed request {92b657945bb88cf3f6dff16efd44cbbccac7712af64fa8b4344d2267c8b58985 f6635aa7c088edd07110f4fbd215230ed608a94d271706dd3500a03725df1552} from request pool channel=mychannel
[34m2026-10-08 05:38:00.054 UTC 1d114 INFO[0m [orderer.consensus.smartbft.consensus] [34;1mdeleteRequest[0m -> Removed request {92b657945bb88cf3f6dff16efd44cbbccac7712af64fa8b4344d2267c8b58985 ac701e24a9ac3f695d410a0fdba395a80bd4efb98852c6b0506da1c211386c88} from request pool channel=mychannel
[34m2026-10-08 05:38:00.054 UTC 1d115 INFO[0m [orderer.consensus.smartbft.consensus] [34;1mdeleteRequest[0m -> Removed request {92b657945bb88cf3f6dff16efd44cbbccac7712af64fa8b4344d2267c8b58985 d8351ecc0f379c67044268a61ea907dea6eb03e7a6378e478929587837d5e1a8} from request pool channel=mychannel
[34m2026-10-08 05:38:00.058 UTC 1d116 INFO[0m [orderer.consensus.smartbft.consensus] [34;1mprocessProposal[0m -> Processed proposal with seq 3959 channel=mychannel
[33m2026-10-08 05:38:00.072 UTC 1d117 WARN[0m [orderer.consensus.smartbft.consensus] [33;1mprocessMsg[0m -> 1 got message from 2 with sequence 3957 but our sequence is 3959 channel=mychannel
[34m2026-10-08 05:38:00.094 UTC 1d118 INFO[0m [orderer.consensus.smartbft.consensus] [34;1mprocessPrepares[0m -> 1 collected 2 prepares from [3 4] channel=mychannel
[34m2026-10-08 05:38:00.095 UTC 1d119 INFO[0m [orderer.consensus.smartbft.consensus] [34;1mprocessPrepares[0m -> Processed prepares for proposal with seq 3959 channel=mychannel
[34m2026-10-08 05:38:00.110 UTC 1d11a INFO[0m [orderer.consensus.smartbft.consensus] [34;1mprocessCommits[0m -> 1 collected 2 commits from [4 2] channel=mychannel
[34m2026-10-08 05:38:00.110 UTC 1d11b INFO[0m [orderer.consensus.smartbft.consensus] [34;1mprepared[0m -> 1 processed commits for proposal with seq 3959 channel=mychannel
[34m2026-10-08 05:38:00.110 UTC 1d11c INFO[0m [orderer.consensus.smartbft.consensus] [34;1mdecide[0m -> Deciding on seq 3959 channel=mychannel
[34m2026-10-08 05:38:00.110 UTC 1d11d INFO[0m [orderer.consensus.smartbft.consensus] [34;1mstartNextSeq[0m -> Sequence: 3959-->3960 channel=mychannel
[34m2026-10-08 05:38:00.110 UTC 1d11e INFO[0m [orderer.consensus.smartbft.chain] [34;1mDeliver[0m -> Delivering proposal, writing block 3959 with 10 transactions and metadata of total size 331 with signatures from [4 2 1] to the ledger, node id 1 channel=mychannel
[34m2026-10-08 05:38:00.110 UTC 1d11f INFO[0m [orderer.consensus.smartbft.consensus] [34;1mdeleteRequest[0m -> Removed request {92b657945bb88cf3f6dff16efd44cbbccac7712af64fa8b4344d2267c8b58985 99572e86076909b14164a894d5c095c875d1271aa0d79c119473273a914e3392} from request pool channel=mychannel
[34m2026-10-08 05:38:00.110 UTC 1d120 INFO[0m [orderer.consensus.smartbft.consensus] [34;1mdeleteRequest[0m -> Removed request {92b657945bb88cf3f6dff16efd44cbbccac7712af64fa8b4344d2267c8b58985 a59ca51ae287f0768ed268634d6d9c9aade3d05410e3b70a786855ca180df222} from request pool channel=mychannel
[34m2026-10-08 05:38:00.110 UTC 1d121 INFO[0m [orderer.consensus.smartbft.consensus] [34;1mdeleteRequest[0m -> Removed request {92b657945bb88cf3f6dff16efd44cbbccac7712af64fa8b4344d2267c8b58985 32e7a32cbbaa670d6af87729dc93352232386dd5ffd101c5c5ccf3329bb0fa52} from request pool channel=mychannel
[34m2026-10-08 05:38:00.110 UTC 1d122 INFO[0m [orderer.consensus.smartbft.consensus] [34;1mdeleteRequest[0m -> Removed request {92b657945bb88cf3f6dff16efd44cbbccac7712af64fa8b4344d2267c8b58985 6ac49a9a07612254d6b5b55c39ec32297546621fee6f828a41e5d7a09e079ea8} from request pool channel=mychannel
[34m2026-10-08 05:38:00.110 UTC 1d123 INFO[0m [orderer.consensus.smartbft.consensus] [34;1mdeleteRequest[0m -> Removed request {92b657945bb88cf3f6dff16efd44cbbccac7712af64fa8b4344d2267c8b58985 398ffc242fc1f951bbcba5675ebf0d24569737a0a6be36bec1ee8450b94296de} from request pool channel=mychannel
[34m2026-10-08 05:38:00.110 UTC 1d124 INFO[0m [orderer.consensus.smartbft.consensus] [34;1mdeleteRequest[0m -> Removed request {92b657945bb88cf3f6dff16efd44cbbccac7712af64fa8b4344d2267c8b58985 b622931f970e149a07b50b47f4c54ef3fd735f934ea2210fa8200f7dbedabebd} from request pool channel=mychannel
[34m2026-10-08 05:38:00.110 UTC 1d125 INFO[0m [orderer.consensus.smartbft.consensus] [34;1mdeleteRequest[0m -> Removed request {92b657945bb88cf3f6dff16efd44cbbccac7712af64fa8b4344d2267c8b58985 627212349c307c0853e1921b01ecee2d4c684f1071ea69141e6bf77c784a3ce4} from request pool channel=mychannel
[34m2026-10-08 05:38:00.110 UTC 1d126 INFO[0m [orderer.consensus.smartbft.consensus] [34;1mdeleteRequest[0m -> Removed request {92b657945bb88cf3f6dff16efd44cbbccac7712af64fa8b4344d2267c8b58985 0b15218a913f5237a24b97ac8e61d6ec78a39322e15cfc19951730aa972459a5} from request pool channel=mychannel
[34m2026-10-08 05:38:00.110 UTC 1d127 INFO[0m [orderer.consensus.smartbft.consensus] [34;1mdeleteRequest[0m -> Removed request {92b657945bb88cf3f6dff16efd44cbbccac7712af64fa8b4344d2267c8b58985 8bfbe95eff05d738f452a41e11c6aa225b91af8a5cb08d3373c3651ab93938db} from request pool channel=mychannel
[34m2026-10-08 05:38:00.110 UTC 1d128 INFO[0m [orderer.consensus.smartbft.consensus] [34;1mdeleteRequest[0m -> Removed request {92b657945bb88cf3f6dff16efd44cbbccac7712af64fa8b4344d2267c8b58985 2749126490c0a5b1af4d6358bb8a28112ae8b1eab6e99f5550a5129f5eb81c80} from request pool channel=mychannel
[34m2026-10-08 05:38:00.116 UTC 1d129 INFO[0m [orderer.consensus.smartbft.consensus] [34;1mprocessProposal[0m -> Processed proposal with seq 3960 channel=mychannel
[34m2026-10-08 05:38:00.154 UTC 1d12a INFO[0m [orderer.consensus.smartbft.consensus] [34;1mprocessPrepares[0m -> 1 collected 2 prepares from [3 2] channel=mychannel
[34m2026-10-08 05:38:00.155 UTC 1d12b INFO[0m [orderer.consensus.smartbft.consensus] [34;1mprocessPrepares[0m -> Processed prepares for proposal with seq 3960 channel=mychannel
[34m2026-10-08 05:38:00.171 UTC 1d12c INFO[0m [orderer.consensus.smartbft.consensus] [34;1mprocessCommits[0m -> 1 collected 2 commits from [2 4] channel=mychannel
[34m2026-10-08 05:38:00.171 UTC 1d12d INFO[0m [orderer.consensus.smartbft.consensus] [34;1mprepared[0m -> 1 processed commits for proposal with seq 3960 channel=mychannel
[34m2026-10-08 05:38:00.171 UTC 1d12e INFO[0m [orderer.consensus.smartbft.consensus] [34;1mdecide[0m -> Deciding on seq 3960 channel=mychannel
[34m2026-10-08 05:38:00.171 UTC 1d12f INFO[0m [orderer.consensus.smartbft.consensus] [34;1mstartNextSeq[0m -> Sequence: 3960-->3961 channel=mychannel
[34m2026-10-08 05:38:00.171 UTC 1d130 INFO[0m [orderer.consensus.smartbft.chain] [34;1mDeliver[0m -> Delivering proposal, writing block 3960 with 10 transactions and metadata of total size 331 with signatures from [2 4 1] to the ledger, node id 1 channel=mychannel
[34m2026-10-08 05:38:00.171 UTC 1d131 INFO[0m [orderer.consensus.smartbft.consensus] [34;1mdeleteRequest[0m -> Removed request {92b657945bb88cf3f6dff16efd44cbbccac7712af64fa8b4344d2267c8b58985 48c7c9c46fd887a5985471ba6dc625990cac7ffafed6c368e2af772af801ba70} from request pool channel=mychannel
[34m2026-10-08 05:38:00.171 UTC 1d132 INFO[0m [orderer.consensus.smartbft.consensus] [34;1mdeleteRequest[0m -> Removed request {92b657945bb88cf3f6dff16efd44cbbccac7712af64fa8b4344d2267c8b58985 0bd4dac2789d978ba0e19e7e6d78342c7320af3427c0a4b2aab8d70fa185eaca} from request pool channel=mychannel
[34m2026-10-08 05:38:00.172 UTC 1d133 INFO[0m [orderer.consensus.smartbft.consensus] [34;1mdeleteRequest[0m -> Removed request {92b657945bb88cf3f6dff16efd44cbbccac7712af64fa8b4344d2267c8b58985 b46b5358f7a43844e2fa5f0e509ecf018de404bca461f09251bba15a491bf991} from request pool channel=mychannel
[34m2026-10-08 05:38:00.172 UTC 1d134 INFO[0m [orderer.consensus.smartbft.consensus] [34;1mdeleteRequest[0m -> Removed request {92b657945bb88cf3f6dff16efd44cbbccac7712af64fa8b4344d2267c8b58985 f4234e3e77ec15c85eccd55cd9185e56314ef787bfcc1ef3bcdf9fae793c7e78} from request pool channel=mychannel
[34m2026-10-08 05:38:00.172 UTC 1d135 INFO[0m [orderer.consensus.smartbft.consensus] [34;1mdeleteRequest[0m -> Removed request {92b657945bb88cf3f6dff16efd44cbbccac7712af64fa8b4344d2267c8b58985 61b5811898b6ce71ffb3b85513cd6ba6f7222a6542926374dc05be222b972835} from request pool channel=mychannel
[34m2026-10-08 05:38:00.172 UTC 1d136 INFO[0m [orderer.consensus.smartbft.consensus] [34;1mdeleteRequest[0m -> Removed request {92b657945bb88cf3f6dff16efd44cbbccac7712af64fa8b4344d2267c8b58985 a80203a499451debf0c108fbc917541057f63ce7fdd71f3141e9e8345e608817} from request pool channel=mychannel
[34m2026-10-08 05:38:00.172 UTC 1d137 INFO[0m [orderer.consensus.smartbft.consensus] [34;1mdeleteRequest[0m -> Removed request {92b657945bb88cf3f6dff16efd44cbbccac7712af64fa8b4344d2267c8b58985 f2ffe9fb4a0a77f0654327a74ccc75a57c82b2b99b39f3a7b7c1d62ea6aa690a} from request pool channel=mychannel
[34m2026-10-08 05:38:00.172 UTC 1d138 INFO[0m [orderer.consensus.smartbft.consensus] [34;1mdeleteRequest[0m -> Removed request {92b657945bb88cf3f6dff16efd44cbbccac7712af64fa8b4344d2267c8b58985 c1abba3e5ce23323c0ea5a62d733d7fefea3c26ecb2675d49d98339fac0ca608} from request pool channel=mychannel
[34m2026-10-08 05:38:00.172 UTC 1d139 INFO[0m [orderer.consensus.smartbft.consensus] [34;1mdeleteRequest[0m -> Removed request {92b657945bb88cf3f6dff16efd44cbbccac7712af64fa8b4344d2267c8b58985 1340c18146bd2468d89c682e3c1cf0308b7f9ec6ba9c62e516538a6c8934abac} from request pool channel=mychannel
[34m2026-10-08 05:38:00.172 UTC 1d13a INFO[0m [orderer.consensus.smartbft.consensus] [34;1mdeleteRequest[0m -> Removed request {92b657945bb88cf3f6dff16efd44cbbccac7712af64fa8b4344d2267c8b58985 3237b49111197af02a22a3d038c5cecdff7efb522cbc165e767d389340df6862} from request pool channel=mychannel
[34m2026-10-08 05:38:00.175 UTC 1d13b INFO[0m [orderer.consensus.smartbft.consensus] [34;1mprocessProposal[0m -> Processed proposal with seq 3961 channel=mychannel
[34m2026-10-08 05:38:00.213 UTC 1d13c INFO[0m [orderer.consensus.smartbft.consensus] [34;1mprocessPrepares[0m -> 1 collected 2 prepares from [4 3] channel=mychannel
[34m2026-10-08 05:38:00.214 UTC 1d13d INFO[0m [orderer.consensus.smartbft.consensus] [34;1mprocessPrepares[0m -> Processed prepares for proposal with seq 3961 channel=mychannel
[34m2026-10-08 05:38:00.229 UTC 1d13e INFO[0m [orderer.consensus.smartbft.consensus] [34;1mprocessCommits[0m -> 1 collected 2 commits from [2 4] channel=mychannel
[34m2026-10-08 05:38:00.231 UTC 1d13f INFO[0m [orderer.consensus.smartbft.consensus] [34;1mprepared[0m -> 1 processed commits for proposal with seq 3961 channel=mychannel
[34m2026-10-08 05:38:00.231 UTC 1d140 INFO[0m [orderer.consensus.smartbft.consensus] [34;1mdecide[0m -> Deciding on seq 3961 channel=mychannel
[34m2026-10-08 05:38:00.231 UTC 1d141 INFO[0m [orderer.consensus.smartbft.consensus] [34;1mstartNextSeq[0m -> Sequence: 3961-->3962 channel=mychannel
[34m2026-10-08 05:38:00.231 UTC 1d142 INFO[0m [orderer.consensus.smartbft.chain] [34;1mDeliver[0m -> Delivering proposal, writing block 3961 with 10 transactions and metadata of total size 331 with signatures from [2 4 1] to the ledger, node id 1 channel=mychannel
[34m2026-10-08 05:38:00.231 UTC 1d143 INFO[0m [orderer.consensus.smartbft.consensus] [34;1mdeleteRequest[0m -> Removed request {92b657945bb88cf3f6dff16efd44cbbccac7712af64fa8b4344d2267c8b58985 522f35e1b38200892e7a997e7d208e8b43755e99f55ab05cd848ab38ca256de2} from request pool channel=mychannel
[34m2026-10-08 05:38:00.231 UTC 1d144 INFO[0m [orderer.consensus.smartbft.consensus] [34;1mdeleteRequest[0m -> Removed request {92b657945bb88cf3f6dff16efd44cbbccac7712af64fa8b4344d2267c8b58985 5d121661f45cdf5964a563f60dd7afa67849048e689ca63678135c2dd8b7ab63} from request pool channel=mychannel
[34m2026-10-08 05:38:00.231 UTC 1d145 INFO[0m [orderer.consensus.smartbft.consensus] [34;1mdeleteRequest[0m -> Removed request {92b657945bb88cf3f6dff16efd44cbbccac7712af64fa8b4344d2267c8b58985 d085e20b8e9f28c94c3ed732265fba6bbf2d8cd88045d253f6bffe6f8ed751dc} from request pool channel=mychannel
[34m2026-10-08 05:38:00.231 UTC 1d146 INFO[0m [orderer.consensus.smartbft.consensus] [34;1mdeleteRequest[0m -> Removed request {92b657945bb88cf3f6dff16efd44cbbccac7712af64fa8b4344d2267c8b58985 188a939a70b1c9c157f9370efe873be854ed6498eb85929679f6d5876df04487} from request pool channel=mychannel
[34m2026-10-08 05:38:00.231 UTC 1d147 INFO[0m [orderer.consensus.smartbft.consensus] [34;1mdeleteRequest[0m -> Removed request {92b657945bb88cf3f6dff16efd44cbbccac7712af64fa8b4344d2267c8b58985 84e3ed54f1141befbb92b9e3162d3e55bb188e92ebea793660067d2c25b66685} from request pool channel=mychannel
[34m2026-10-08 05:38:00.231 UTC 1d148 INFO[0m [orderer.consensus.smartbft.consensus] [34;1mdeleteRequest[0m -> Removed request {92b657945bb88cf3f6dff16efd44cbbccac7712af64fa8b4344d2267c8b58985 81e3ae7e3a2abb855e7452bea20b43f8bf1679b3f5f35997c5853bf2d0d05b33} from request pool channel=mychannel
[34m2026-10-08 05:38:00.231 UTC 1d149 INFO[0m [orderer.consensus.smartbft.consensus] [34;1mdeleteRequest[0m -> Removed request {92b657945bb88cf3f6dff16efd44cbbccac7712af64fa8b4344d2267c8b58985 34774d9c16c2d0ec4f24f1bc35066f5c32ae1b8c9ee017eaea2eac6cf931bb02} from request pool channel=mychannel
[34m2026-10-08 05:38:00.231 UTC 1d14a INFO[0m [orderer.consensus.smartbft.consensus] [34;1mdeleteRequest[0m -> Removed request {92b657945bb88cf3f6dff16efd44cbbccac7712af64fa8b4344d2267c8b58985 02ebb42e76d98865aaf40be4247dcd3c4d65b9718986a00310c16e2dd3df8c95} from request pool channel=mychannel
[34m2026-10-08 05:38:00.231 UTC 1d14b INFO[0m [orderer.consensus.smartbft.consensus] [34;1mdeleteRequest[0m -> Removed request {92b657945bb88cf3f6dff16efd44cbbccac7712af64fa8b4344d2267c8b58985 0b24f563f6b013cbf94a2bdba18736151610e35aef8e0779b3d599550fac0a0b} from request pool channel=mychannel
[34m2026-10-08 05:38:00.231 UTC 1d14c INFO[0m [orderer.consensus.smartbft.consensus] [34;1mdeleteRequest[0m -> Removed request {92b657945bb88cf3f6dff16efd44cbbccac7712af64fa8b4344d2267c8b58985 636eace72e812a6fa186a3dd71d07b48e5ef6b718e5d0f97e49ed5284589f7dc} from request pool channel=mychannel
[34m2026-10-08 05:38:00.284 UTC 1d14d INFO[0m [orderer.consensus.smartbft.consensus] [34;1mprocessProposal[0m -> Processed proposal with seq 3962 channel=mychannel
[34m2026-10-08 05:38:00.319 UTC 1d14e INFO[0m [orderer.consensus.smartbft.consensus] [34;1mprocessPrepares[0m -> 1 collected 2 prepares from [3 4] channel=mychannel
[34m2026-10-08 05:38:00.320 UTC 1d14f INFO[0m [orderer.consensus.smartbft.consensus] [34;1mprocessPrepares[0m -> Processed prepares for proposal with seq 3962 channel=mychannel
[34m2026-10-08 05:38:00.335 UTC 1d150 INFO[0m [orderer.consensus.smartbft.consensus] [34;1mprocessCommits[0m -> 1 collected 2 commits from [2 4] channel=mychannel
[34m2026-10-08 05:38:00.335 UTC 1d151 INFO[0m [orderer.consensus.smartbft.consensus] [34;1mprepared[0m -> 1 processed commits for proposal with seq 3962 channel=mychannel
[34m2026-10-08 05:38:00.335 UTC 1d152 INFO[0m [orderer.consensus.smartbft.consensus] [34;1mdecide[0m -> Deciding on seq 3962 channel=mychannel
[34m2026-10-08 05:38:00.335 UTC 1d153 INFO[0m [orderer.consensus.smartbft.consensus] [34;1mstartNextSeq[0m -> Sequence: 3962-->3963 channel=mychannel
[34m2026-10-08 05:38:00.335 UTC 1d154 INFO[0m [orderer.consensus.smartbft.chain] [34;1mDeliver[0m -> Delivering proposal, writing block 3962 with 5 transactions and metadata of total size 331 with signatures from [2 4 1] to the ledger, node id 1 channel=mychannel
[34m2026-10-08 05:38:00.336 UTC 1d155 INFO[0m [orderer.consensus.smartbft.consensus] [34;1mdeleteRequest[0m -> Removed request {92b657945bb88cf3f6dff16efd44cbbccac7712af64fa8b4344d2267c8b58985 293a08b94e56e37e0e9e04fd45d50385c76b95f6a87aa70f49e8d4a5b47bd383} from request pool channel=mychannel
[34m2026-10-08 05:38:00.336 UTC 1d156 INFO[0m [orderer.consensus.smartbft.consensus] [34;1mdeleteRequest[0m -> Removed request {92b657945bb88cf3f6dff16efd44cbbccac7712af64fa8b4344d2267c8b58985 a4003d4758367e0888465df33259a5fbe00d6ec775449ac0267a7baeadf65106} from request pool channel=mychannel
[34m2026-10-08 05:38:00.336 UTC 1d157 INFO[0m [orderer.consensus.smartbft.consensus] [34;1mdeleteRequest[0m -> Removed request {92b657945bb88cf3f6dff16efd44cbbccac7712af64fa8b4344d2267c8b58985 bc1fdb785e4c5d11dfbd12ccbdce7e4596e641aa8d094b24dcc2f6c1ae7a2521} from request pool channel=mychannel
[34m2026-10-08 05:38:00.336 UTC 1d158 INFO[0m [orderer.consensus.smartbft.consensus] [34;1mdeleteRequest[0m -> Removed request {92b657945bb88cf3f6dff16efd44cbbccac7712af64fa8b4344d2267c8b58985 cf75aa5348494971d1be208b6976c036eb8af563bb148a79bcb61b16e60d9c17} from request pool channel=mychannel
[34m2026-10-08 05:38:00.336 UTC 1d159 INFO[0m [orderer.consensus.smartbft.consensus] [34;1mdeleteRequest[0m -> Removed request {92b657945bb88cf3f6dff16efd44cbbccac7712af64fa8b4344d2267c8b58985 2430278c0f73766d83d704b1f93a30e748204b47693e1d37d9b65bd4bda2fd7c} from request pool channel=mychannel
