[34m2026-10-07 12:59:13.080 UTC 6953e INFO[0m [gateway] [34;1mfunc1[0m -> Sending transaction to orderer txID=7dd0e20ecabe61b33a0fbfd1a781afd196a148623f0f84bd1659e0eade50811a endpoint=orderer3.example.com:7056
[34m2026-10-07 12:59:13.081 UTC 6953f INFO[0m [gateway] [34;1mfunc1[0m -> Successful response from orderer txID=7dd0e20ecabe61b33a0fbfd1a781afd196a148623f0f84bd1659e0eade50811a endpoint=orderer3.example.com:7056
[34m2026-10-07 12:59:13.081 UTC 69540 INFO[0m [gateway] [34;1mfunc1[0m -> Successful response from orderer txID=7dd0e20ecabe61b33a0fbfd1a781afd196a148623f0f84bd1659e0eade50811a endpoint=orderer.example.com:7050
[34m2026-10-07 12:59:13.082 UTC 69541 INFO[0m [gateway] [34;1mfunc1[0m -> Successful response from orderer txID=7dd0e20ecabe61b33a0fbfd1a781afd196a148623f0f84bd1659e0eade50811a endpoint=orderer2.example.com:7052
[34m2026-10-07 12:59:13.083 UTC 69543 INFO[0m [comm.grpc.server] [34;1m1[0m -> unary call completed grpc.service=gateway.Gateway grpc.method=Submit grpc.request_deadline=2026-10-07T13:00:13.079Z grpc.peer_address=172.18.0.1:57000 grpc.code=OK grpc.call_duration=3.154577ms
[34m2026-10-07 12:59:13.082 UTC 69542 INFO[0m [gateway] [34;1mfunc1[0m -> Successful response from orderer txID=6720adcfe81f73ef4ee35464a33d77c22c19fc9324aeddf3374aec9f2e63e511 endpoint=orderer4.example.com:7058
[34m2026-10-07 12:59:13.084 UTC 69544 INFO[0m [endorser] [34;1mcallChaincode[0m -> finished chaincode: bzt duration: 9ms channel=mychannel txID=42cb883b
[34m2026-10-07 12:59:13.084 UTC 69545 INFO[0m [gateway] [34;1mfunc1[0m -> Successful response from orderer txID=7dd0e20ecabe61b33a0fbfd1a781afd196a148623f0f84bd1659e0eade50811a endpoint=orderer4.example.com:7058
[34m2026-10-07 12:59:13.085 UTC 69546 INFO[0m [comm.grpc.server] [34;1m1[0m -> unary call completed grpc.service=gateway.Gateway grpc.method=Endorse grpc.request_deadline=2026-10-07T13:00:13.067Z grpc.peer_address=172.18.0.1:57000 grpc.code=OK grpc.call_duration=17.357842ms
[34m2026-10-07 12:59:13.088 UTC 69547 INFO[0m [gateway] [34;1mfunc1[0m -> Sending transaction to orderer txID=80b0c748ab1953346824a2a8a32882dbd85172c24ef152b614927f35ef6ce420 endpoint=orderer4.example.com:7058
[34m2026-10-07 12:59:13.089 UTC 69548 INFO[0m [gateway] [34;1mfunc1[0m -> Sending transaction to orderer txID=80b0c748ab1953346824a2a8a32882dbd85172c24ef152b614927f35ef6ce420 endpoint=orderer.example.com:7050
[34m2026-10-07 12:59:13.090 UTC 69549 INFO[0m [endorser] [34;1mcallChaincode[0m -> finished chaincode: bzt duration: 9ms channel=mychannel txID=927e3044
[34m2026-10-07 12:59:13.090 UTC 6954a INFO[0m [endorser] [34;1mcallChaincode[0m -> finished chaincode: bzt duration: 6ms channel=mychannel txID=240ab10c
[34m2026-10-07 12:59:13.091 UTC 6954b INFO[0m [gateway] [34;1mfunc1[0m -> Sending transaction to orderer txID=80b0c748ab1953346824a2a8a32882dbd85172c24ef152b614927f35ef6ce420 endpoint=orderer2.example.com:7052
[34m2026-10-07 12:59:13.091 UTC 6954c INFO[0m [gateway] [34;1mfunc1[0m -> Sending transaction to orderer txID=80b0c748ab1953346824a2a8a32882dbd85172c24ef152b614927f35ef6ce420 endpoint=orderer3.example.com:7056
[34m2026-10-07 12:59:13.092 UTC 6954d INFO[0m [gateway] [34;1mfunc1[0m -> Successful response from orderer txID=80b0c748ab1953346824a2a8a32882dbd85172c24ef152b614927f35ef6ce420 endpoint=orderer3.example.com:7056
[34m2026-10-07 12:59:13.092 UTC 6954e INFO[0m [gateway] [34;1mfunc1[0m -> Successful response from orderer txID=80b0c748ab1953346824a2a8a32882dbd85172c24ef152b614927f35ef6ce420 endpoint=orderer2.example.com:7052
[34m2026-10-07 12:59:13.092 UTC 6954f INFO[0m [gateway] [34;1mfunc1[0m -> Successful response from orderer txID=80b0c748ab1953346824a2a8a32882dbd85172c24ef152b614927f35ef6ce420 endpoint=orderer.example.com:7050
[34m2026-10-07 12:59:13.092 UTC 69550 INFO[0m [comm.grpc.server] [34;1m1[0m -> unary call completed grpc.service=gateway.Gateway grpc.method=Submit grpc.request_deadline=2026-10-07T13:00:13.088Z grpc.peer_address=172.18.0.1:57000 grpc.code=OK grpc.call_duration=3.854626ms
[34m2026-10-07 12:59:13.093 UTC 69551 INFO[0m [gateway] [34;1mfunc1[0m -> Successful response from orderer txID=80b0c748ab1953346824a2a8a32882dbd85172c24ef152b614927f35ef6ce420 endpoint=orderer4.example.com:7058
[34m2026-10-07 12:59:13.101 UTC 69552 INFO[0m [endorser] [34;1mcallChaincode[0m -> finished chaincode: bzt duration: 16ms channel=mychannel txID=dc7597e8
[34m2026-10-07 12:59:13.108 UTC 69553 INFO[0m [comm.grpc.server] [34;1m1[0m -> unary call completed grpc.service=gateway.Gateway grpc.method=Endorse grpc.request_deadline=2026-10-07T13:00:13.071Z grpc.peer_address=172.18.0.1:57000 grpc.code=OK grpc.call_duration=38.836254ms
[34m2026-10-07 12:59:13.110 UTC 69554 INFO[0m [endorser] [34;1mcallChaincode[0m -> finished chaincode: bzt duration: 20ms channel=mychannel txID=4410a782
[34m2026-10-07 12:59:13.112 UTC 69555 INFO[0m [comm.grpc.server] [34;1m1[0m -> unary call completed grpc.service=gateway.Gateway grpc.method=Endorse grpc.request_deadline=2026-10-07T13:00:13.069Z grpc.peer_address=172.18.0.1:57000 grpc.code=OK grpc.call_duration=42.778767ms
[34m2026-10-07 12:59:13.115 UTC 69556 INFO[0m [comm.grpc.server] [34;1m1[0m -> unary call completed grpc.service=gateway.Gateway grpc.method=Endorse grpc.request_deadline=2026-10-07T13:00:13.074Z grpc.peer_address=172.18.0.1:57000 grpc.code=OK grpc.call_duration=40.508233ms
[34m2026-10-07 12:59:13.115 UTC 69557 INFO[0m [comm.grpc.server] [34;1m1[0m -> unary call completed grpc.service=gateway.Gateway grpc.method=Endorse grpc.request_deadline=2026-10-07T13:00:13.071Z grpc.peer_address=172.18.0.1:57000 grpc.code=OK grpc.call_duration=42.891621ms
[34m2026-10-07 12:59:13.115 UTC 69559 INFO[0m [gateway] [34;1mfunc1[0m -> Sending transaction to orderer txID=1686aeaa75d09d3a3afe271478c62c86ed0f9c0d7365cdc16c117b66ff8c97a8 endpoint=orderer.example.com:7050
[34m2026-10-07 12:59:13.115 UTC 69558 INFO[0m [gateway] [34;1mfunc1[0m -> Sending transaction to orderer txID=1686aeaa75d09d3a3afe271478c62c86ed0f9c0d7365cdc16c117b66ff8c97a8 endpoint=orderer4.example.com:7058
[34m2026-10-07 12:59:13.115 UTC 6955a INFO[0m [gateway] [34;1mfunc1[0m -> Sending transaction to orderer txID=1686aeaa75d09d3a3afe271478c62c86ed0f9c0d7365cdc16c117b66ff8c97a8 endpoint=orderer3.example.com:7056
[34m2026-10-07 12:59:13.115 UTC 6955b INFO[0m [gateway] [34;1mfunc1[0m -> Sending transaction to orderer txID=1686aeaa75d09d3a3afe271478c62c86ed0f9c0d7365cdc16c117b66ff8c97a8 endpoint=orderer2.example.com:7052
[34m2026-10-07 12:59:13.120 UTC 6955c INFO[0m [gossip.privdata] [34;1mStoreBlock[0m -> Received block [5045] from buffer channel=mychannel
[34m2026-10-07 12:59:13.121 UTC 6955d INFO[0m [comm.grpc.server] [34;1m1[0m -> unary call completed grpc.service=gateway.Gateway grpc.method=Endorse grpc.request_deadline=2026-10-07T13:00:13.079Z grpc.peer_address=172.18.0.1:57000 grpc.code=OK grpc.call_duration=41.180362ms
[34m2026-10-07 12:59:13.121 UTC 6955e INFO[0m [gateway] [34;1mfunc1[0m -> Successful response from orderer txID=1686aeaa75d09d3a3afe271478c62c86ed0f9c0d7365cdc16c117b66ff8c97a8 endpoint=orderer2.example.com:7052
[34m2026-10-07 12:59:13.121 UTC 6955f INFO[0m [comm.grpc.server] [34;1m1[0m -> unary call completed grpc.service=gateway.Gateway grpc.method=Endorse grpc.request_deadline=2026-10-07T13:00:13.082Z grpc.peer_address=172.18.0.1:57000 grpc.code=OK grpc.call_duration=37.590197ms
[34m2026-10-07 12:59:13.121 UTC 69560 INFO[0m [comm.grpc.server] [34;1m1[0m -> unary call completed grpc.service=gateway.Gateway grpc.method=Endorse grpc.request_deadline=2026-10-07T13:00:13.084Z grpc.peer_address=172.18.0.1:57000 grpc.code=OK grpc.call_duration=37.175593ms
[34m2026-10-07 12:59:13.121 UTC 69561 INFO[0m [gateway] [34;1mfunc1[0m -> Successful response from orderer txID=1686aeaa75d09d3a3afe271478c62c86ed0f9c0d7365cdc16c117b66ff8c97a8 endpoint=orderer.example.com:7050
[34m2026-10-07 12:59:13.121 UTC 69562 INFO[0m [comm.grpc.server] [34;1m1[0m -> unary call completed grpc.service=gateway.Gateway grpc.method=Endorse grpc.request_deadline=2026-10-07T13:00:13.088Z grpc.peer_address=172.18.0.1:57000 grpc.code=OK grpc.call_duration=32.437324ms
[34m2026-10-07 12:59:13.122 UTC 69563 INFO[0m [gateway] [34;1mfunc1[0m -> Sending transaction to orderer txID=122c6cfcb07cd9ddb9cbd7c959f6772592c3e8bb43b814974b87756f1c8b4c0d endpoint=orderer4.example.com:7058
[34m2026-10-07 12:59:13.123 UTC 69564 INFO[0m [gateway] [34;1mfunc1[0m -> Sending transaction to orderer txID=5cc3a0c21d220e28e2d72008b1e64a039a9cfe766de05c15e70ce77c3d35c256 endpoint=orderer4.example.com:7058
[34m2026-10-07 12:59:13.123 UTC 69565 INFO[0m [gateway] [34;1mfunc1[0m -> Successful response from orderer txID=1686aeaa75d09d3a3afe271478c62c86ed0f9c0d7365cdc16c117b66ff8c97a8 endpoint=orderer4.example.com:7058
[34m2026-10-07 12:59:13.123 UTC 69566 INFO[0m [comm.grpc.server] [34;1m1[0m -> unary call completed grpc.service=gateway.Gateway grpc.method=Submit grpc.request_deadline=2026-10-07T13:00:13.115Z grpc.peer_address=172.18.0.1:57000 grpc.code=OK grpc.call_duration=8.043637ms
[34m2026-10-07 12:59:13.123 UTC 69567 INFO[0m [gateway] [34;1mfunc1[0m -> Successful response from orderer txID=1686aeaa75d09d3a3afe271478c62c86ed0f9c0d7365cdc16c117b66ff8c97a8 endpoint=orderer3.example.com:7056
[34m2026-10-07 12:59:13.123 UTC 69568 INFO[0m [endorser] [34;1mcallChaincode[0m -> finished chaincode: bzt duration: 32ms channel=mychannel txID=04ba3041
[34m2026-10-07 12:59:13.124 UTC 69569 INFO[0m [gateway] [34;1mfunc1[0m -> Sending transaction to orderer txID=122c6cfcb07cd9ddb9cbd7c959f6772592c3e8bb43b814974b87756f1c8b4c0d endpoint=orderer.example.com:7050
[34m2026-10-07 12:59:13.124 UTC 6956a INFO[0m [gateway] [34;1mfunc1[0m -> Sending transaction to orderer txID=122c6cfcb07cd9ddb9cbd7c959f6772592c3e8bb43b814974b87756f1c8b4c0d endpoint=orderer2.example.com:7052
[34m2026-10-07 12:59:13.124 UTC 6956b INFO[0m [gateway] [34;1mfunc1[0m -> Sending transaction to orderer txID=122c6cfcb07cd9ddb9cbd7c959f6772592c3e8bb43b814974b87756f1c8b4c0d endpoint=orderer3.example.com:7056
[34m2026-10-07 12:59:13.125 UTC 6956c INFO[0m [endorser] [34;1mcallChaincode[0m -> finished chaincode: bzt duration: 26ms channel=mychannel txID=39e69f4e
[34m2026-10-07 12:59:13.125 UTC 6956d INFO[0m [gateway] [34;1mfunc1[0m -> Sending transaction to orderer txID=5cc3a0c21d220e28e2d72008b1e64a039a9cfe766de05c15e70ce77c3d35c256 endpoint=orderer.example.com:7050
[34m2026-10-07 12:59:13.126 UTC 6956e INFO[0m [gateway] [34;1mfunc1[0m -> Sending transaction to orderer txID=5cc3a0c21d220e28e2d72008b1e64a039a9cfe766de05c15e70ce77c3d35c256 endpoint=orderer2.example.com:7052
[34m2026-10-07 12:59:13.126 UTC 6956f INFO[0m [gateway] [34;1mfunc1[0m -> Sending transaction to orderer txID=5cc3a0c21d220e28e2d72008b1e64a039a9cfe766de05c15e70ce77c3d35c256 endpoint=orderer3.example.com:7056
[34m2026-10-07 12:59:13.127 UTC 69570 INFO[0m [gateway] [34;1mfunc1[0m -> Successful response from orderer txID=122c6cfcb07cd9ddb9cbd7c959f6772592c3e8bb43b814974b87756f1c8b4c0d endpoint=orderer4.example.com:7058
[34m2026-10-07 12:59:13.127 UTC 69571 INFO[0m [gateway] [34;1mfunc1[0m -> Successful response from orderer txID=122c6cfcb07cd9ddb9cbd7c959f6772592c3e8bb43b814974b87756f1c8b4c0d endpoint=orderer.example.com:7050
[34m2026-10-07 12:59:13.127 UTC 69572 INFO[0m [comm.grpc.server] [34;1m1[0m -> unary call completed grpc.service=gateway.Gateway grpc.method=Endorse grpc.request_deadline=2026-10-07T13:00:13.09Z grpc.peer_address=172.18.0.1:57000 grpc.code=OK grpc.call_duration=36.903673ms
[34m2026-10-07 12:59:13.127 UTC 69573 INFO[0m [gateway] [34;1mfunc1[0m -> Successful response from orderer txID=5cc3a0c21d220e28e2d72008b1e64a039a9cfe766de05c15e70ce77c3d35c256 endpoint=orderer4.example.com:7058
[34m2026-10-07 12:59:13.128 UTC 69574 INFO[0m [gateway] [34;1mfunc1[0m -> Successful response from orderer txID=122c6cfcb07cd9ddb9cbd7c959f6772592c3e8bb43b814974b87756f1c8b4c0d endpoint=orderer2.example.com:7052
[34m2026-10-07 12:59:13.128 UTC 69575 INFO[0m [comm.grpc.server] [34;1m1[0m -> unary call completed grpc.service=gateway.Gateway grpc.method=Submit grpc.request_deadline=2026-10-07T13:00:13.121Z grpc.peer_address=172.18.0.1:57000 grpc.code=OK grpc.call_duration=5.952787ms
[34m2026-10-07 12:59:13.128 UTC 69576 INFO[0m [gateway] [34;1mfunc1[0m -> Successful response from orderer txID=5cc3a0c21d220e28e2d72008b1e64a039a9cfe766de05c15e70ce77c3d35c256 endpoint=orderer2.example.com:7052
[34m2026-10-07 12:59:13.129 UTC 69577 INFO[0m [gateway] [34;1mfunc1[0m -> Successful response from orderer txID=122c6cfcb07cd9ddb9cbd7c959f6772592c3e8bb43b814974b87756f1c8b4c0d endpoint=orderer3.example.com:7056
[34m2026-10-07 12:59:13.129 UTC 69578 INFO[0m [gateway] [34;1mfunc1[0m -> Successful response from orderer txID=5cc3a0c21d220e28e2d72008b1e64a039a9cfe766de05c15e70ce77c3d35c256 endpoint=orderer3.example.com:7056
[34m2026-10-07 12:59:13.130 UTC 69579 INFO[0m [comm.grpc.server] [34;1m1[0m -> unary call completed grpc.service=gateway.Gateway grpc.method=Submit grpc.request_deadline=2026-10-07T13:00:13.122Z grpc.peer_address=172.18.0.1:57000 grpc.code=OK grpc.call_duration=6.972744ms
[34m2026-10-07 12:59:13.131 UTC 6957a INFO[0m [committer.txvalidator] [34;1mValidate[0m -> [mychannel] Validated block [5045] in 11ms
[34m2026-10-07 12:59:13.132 UTC 6957b INFO[0m [gateway] [34;1mfunc1[0m -> Successful response from orderer txID=5cc3a0c21d220e28e2d72008b1e64a039a9cfe766de05c15e70ce77c3d35c256 endpoint=orderer.example.com:7050
[34m2026-10-07 12:59:13.132 UTC 6957c INFO[0m [endorser] [34;1mcallChaincode[0m -> finished chaincode: bzt duration: 25ms channel=mychannel txID=060f38f3
[34m2026-10-07 12:59:13.132 UTC 6957d INFO[0m [endorser] [34;1mcallChaincode[0m -> finished chaincode: bzt duration: 21ms channel=mychannel txID=852c8f6d
[34m2026-10-07 12:59:13.132 UTC 6957e INFO[0m [endorser] [34;1mcallChaincode[0m -> finished chaincode: bzt duration: 24ms channel=mychannel txID=f934f38e
[34m2026-10-07 12:59:13.133 UTC 6957f INFO[0m [endorser] [34;1mcallChaincode[0m -> finished chaincode: bzt duration: 28ms channel=mychannel txID=50f331d5
[34m2026-10-07 12:59:13.136 UTC 69580 INFO[0m [gateway] [34;1mfunc1[0m -> Sending transaction to orderer txID=927e30449c348c7b57ff86e24de1f36fe0da44d890968059c184d01b39cab9fa endpoint=orderer4.example.com:7058
[34m2026-10-07 12:59:13.137 UTC 69581 INFO[0m [gateway] [34;1mfunc1[0m -> Sending transaction to orderer txID=42cb883b3faceeeaf37fe1f022cf359e3ae5bbba096c67fc263e4f4cd6ff023e endpoint=orderer4.example.com:7058
[34m2026-10-07 12:59:13.137 UTC 69582 INFO[0m [gateway] [34;1mfunc1[0m -> Sending transaction to orderer txID=927e30449c348c7b57ff86e24de1f36fe0da44d890968059c184d01b39cab9fa endpoint=orderer.example.com:7050
[34m2026-10-07 12:59:13.137 UTC 69583 INFO[0m [gateway] [34;1mfunc1[0m -> Sending transaction to orderer txID=927e30449c348c7b57ff86e24de1f36fe0da44d890968059c184d01b39cab9fa endpoint=orderer2.example.com:7052
[34m2026-10-07 12:59:13.137 UTC 69584 INFO[0m [gateway] [34;1mfunc1[0m -> Sending transaction to orderer txID=927e30449c348c7b57ff86e24de1f36fe0da44d890968059c184d01b39cab9fa endpoint=orderer3.example.com:7056
[34m2026-10-07 12:59:13.137 UTC 69585 INFO[0m [gateway] [34;1mfunc1[0m -> Sending transaction to orderer txID=42cb883b3faceeeaf37fe1f022cf359e3ae5bbba096c67fc263e4f4cd6ff023e endpoint=orderer3.example.com:7056
[34m2026-10-07 12:59:13.137 UTC 69586 INFO[0m [gateway] [34;1mfunc1[0m -> Sending transaction to orderer txID=42cb883b3faceeeaf37fe1f022cf359e3ae5bbba096c67fc263e4f4cd6ff023e endpoint=orderer.example.com:7050
[34m2026-10-07 12:59:13.137 UTC 69587 INFO[0m [gateway] [34;1mfunc1[0m -> Sending transaction to orderer txID=42cb883b3faceeeaf37fe1f022cf359e3ae5bbba096c67fc263e4f4cd6ff023e endpoint=orderer2.example.com:7052
[34m2026-10-07 12:59:13.138 UTC 69588 INFO[0m [gateway] [34;1mfunc1[0m -> Successful response from orderer txID=927e30449c348c7b57ff86e24de1f36fe0da44d890968059c184d01b39cab9fa endpoint=orderer4.example.com:7058
[34m2026-10-07 12:59:13.138 UTC 69589 INFO[0m [endorser] [34;1mcallChaincode[0m -> finished chaincode: bzt duration: 13ms channel=mychannel txID=4ae8655c
[34m2026-10-07 12:59:13.138 UTC 6958a INFO[0m [endorser] [34;1mcallChaincode[0m -> finished chaincode: bzt duration: 25ms channel=mychannel txID=63d70f3e
[34m2026-10-07 12:59:13.140 UTC 6958b INFO[0m [gateway] [34;1mfunc1[0m -> Successful response from orderer txID=927e30449c348c7b57ff86e24de1f36fe0da44d890968059c184d01b39cab9fa endpoint=orderer3.example.com:7056
[34m2026-10-07 12:59:13.141 UTC 6958c INFO[0m [gateway] [34;1mfunc1[0m -> Successful response from orderer txID=927e30449c348c7b57ff86e24de1f36fe0da44d890968059c184d01b39cab9fa endpoint=orderer.example.com:7050
[34m2026-10-07 12:59:13.141 UTC 6958d INFO[0m [gateway] [34;1mfunc1[0m -> Successful response from orderer txID=42cb883b3faceeeaf37fe1f022cf359e3ae5bbba096c67fc263e4f4cd6ff023e endpoint=orderer4.example.com:7058
[34m2026-10-07 12:59:13.141 UTC 6958e INFO[0m [gateway] [34;1mfunc1[0m -> Successful response from orderer txID=42cb883b3faceeeaf37fe1f022cf359e3ae5bbba096c67fc263e4f4cd6ff023e endpoint=orderer3.example.com:7056
[34m2026-10-07 12:59:13.141 UTC 6958f INFO[0m [comm.grpc.server] [34;1m1[0m -> unary call completed grpc.service=gateway.Gateway grpc.method=Submit grpc.request_deadline=2026-10-07T13:00:13.136Z grpc.peer_address=172.18.0.1:57000 grpc.code=OK grpc.call_duration=4.677285ms
[34m2026-10-07 12:59:13.141 UTC 69590 INFO[0m [gateway] [34;1mfunc1[0m -> Successful response from orderer txID=927e30449c348c7b57ff86e24de1f36fe0da44d890968059c184d01b39cab9fa endpoint=orderer2.example.com:7052
[34m2026-10-07 12:59:13.141 UTC 69591 INFO[0m [gateway] [34;1mfunc1[0m -> Successful response from orderer txID=42cb883b3faceeeaf37fe1f022cf359e3ae5bbba096c67fc263e4f4cd6ff023e endpoint=orderer.example.com:7050
[34m2026-10-07 12:59:13.141 UTC 69592 INFO[0m [comm.grpc.server] [34;1m1[0m -> unary call completed grpc.service=gateway.Gateway grpc.method=Submit grpc.request_deadline=2026-10-07T13:00:13.135Z grpc.peer_address=172.18.0.1:57000 grpc.code=OK grpc.call_duration=4.708454ms
[34m2026-10-07 12:59:13.140 UTC 69593 INFO[0m [gateway] [34;1mfunc1[0m -> Successful response from orderer txID=42cb883b3faceeeaf37fe1f022cf359e3ae5bbba096c67fc263e4f4cd6ff023e endpoint=orderer2.example.com:7052
[34m2026-10-07 12:59:13.143 UTC 69594 INFO[0m [kvledger] [34;1mcommit[0m -> [mychannel] Committed block [5045] with 7 transaction(s) in 11ms (state_validation=0ms block_and_pvtdata_commit=10ms state_commit=0ms) commitHash=[d59047359aa9201c5d3f9c38541f644f280509be9de4d76463358d4ecb2ecfc7]
[34m2026-10-07 12:59:13.143 UTC 69595 INFO[0m [comm.grpc.server] [34;1m1[0m -> unary call completed grpc.service=gateway.Gateway grpc.method=CommitStatus grpc.request_deadline=2026-10-07T13:00:13.086Z grpc.peer_address=172.18.0.1:57000 grpc.code=OK grpc.call_duration=57.478353ms
[34m2026-10-07 12:59:13.143 UTC 69596 INFO[0m [comm.grpc.server] [34;1m1[0m -> unary call completed grpc.service=gateway.Gateway grpc.method=CommitStatus grpc.request_deadline=2026-10-07T13:00:13.052Z grpc.peer_address=172.18.0.1:57000 grpc.code=OK grpc.call_duration=90.144268ms
[34m2026-10-07 12:59:13.143 UTC 69597 INFO[0m [comm.grpc.server] [34;1m1[0m -> unary call completed grpc.service=gateway.Gateway grpc.method=CommitStatus grpc.request_deadline=2026-10-07T13:00:13.053Z grpc.peer_address=172.18.0.1:57000 grpc.code=OK grpc.call_duration=90.60802ms
[34m2026-10-07 12:59:13.144 UTC 69598 INFO[0m [comm.grpc.server] [34;1m1[0m -> unary call completed grpc.service=gateway.Gateway grpc.method=CommitStatus grpc.request_deadline=2026-10-07T13:00:13.063Z grpc.peer_address=172.18.0.1:57000 grpc.code=OK grpc.call_duration=80.905949ms
[34m2026-10-07 12:59:13.144 UTC 69599 INFO[0m [comm.grpc.server] [34;1m1[0m -> unary call completed grpc.service=gateway.Gateway grpc.method=CommitStatus grpc.request_deadline=2026-10-07T13:00:13.065Z grpc.peer_address=172.18.0.1:57000 grpc.code=OK grpc.call_duration=78.903109ms
[34m2026-10-07 12:59:13.144 UTC 6959a INFO[0m [comm.grpc.server] [34;1m1[0m -> unary call completed grpc.service=gateway.Gateway grpc.method=CommitStatus grpc.request_deadline=2026-10-07T13:00:13.067Z grpc.peer_address=172.18.0.1:57000 grpc.code=OK grpc.call_duration=75.924781ms
[34m2026-10-07 12:59:13.144 UTC 6959b INFO[0m [comm.grpc.server] [34;1m1[0m -> unary call completed grpc.service=gateway.Gateway grpc.method=CommitStatus grpc.request_deadline=2026-10-07T13:00:13.081Z grpc.peer_address=172.18.0.1:57000 grpc.code=OK grpc.call_duration=61.223639ms
[34m2026-10-07 12:59:13.145 UTC 6959c INFO[0m [gateway] [34;1mfunc1[0m -> Sending transaction to orderer txID=240ab10cdac970c78a30c645339f6f0fb274dee1e9176422f8834d916fb54750 endpoint=orderer4.example.com:7058
[34m2026-10-07 12:59:13.145 UTC 6959d INFO[0m [gateway] [34;1mfunc1[0m -> Sending transaction to orderer txID=240ab10cdac970c78a30c645339f6f0fb274dee1e9176422f8834d916fb54750 endpoint=orderer.example.com:7050
[34m2026-10-07 12:59:13.145 UTC 6959e INFO[0m [gateway] [34;1mfunc1[0m -> Sending transaction to orderer txID=4410a782ed2c317c370ccefdda7da7ae9a132515c6bdca06915362c448d51cea endpoint=orderer4.example.com:7058
[34m2026-10-07 12:59:13.146 UTC 6959f INFO[0m [gateway] [34;1mfunc1[0m -> Sending transaction to orderer txID=04ba3041718a518a088cd66190705c53a9485e6c7ad3748eedc766a0e09b2ee7 endpoint=orderer4.example.com:7058
[34m2026-10-07 12:59:13.146 UTC 695a0 INFO[0m [gateway] [34;1mfunc1[0m -> Sending transaction to orderer txID=4410a782ed2c317c370ccefdda7da7ae9a132515c6bdca06915362c448d51cea endpoint=orderer3.example.com:7056
[34m2026-10-07 12:59:13.146 UTC 695a1 INFO[0m [gateway] [34;1mfunc1[0m -> Sending transaction to orderer txID=04ba3041718a518a088cd66190705c53a9485e6c7ad3748eedc766a0e09b2ee7 endpoint=orderer.example.com:7050
[34m2026-10-07 12:59:13.146 UTC 695a2 INFO[0m [gateway] [34;1mfunc1[0m -> Sending transaction to orderer txID=04ba3041718a518a088cd66190705c53a9485e6c7ad3748eedc766a0e09b2ee7 endpoint=orderer2.example.com:7052
[34m2026-10-07 12:59:13.146 UTC 695a3 INFO[0m [gateway] [34;1mfunc1[0m -> Sending transaction to orderer txID=04ba3041718a518a088cd66190705c53a9485e6c7ad3748eedc766a0e09b2ee7 endpoint=orderer3.example.com:7056
[34m2026-10-07 12:59:13.149 UTC 695af INFO[0m [gateway] [34;1mfunc1[0m -> Successful response from orderer txID=4410a782ed2c317c370ccefdda7da7ae9a132515c6bdca06915362c448d51cea endpoint=orderer4.example.com:7058
[34m2026-10-07 12:59:13.146 UTC 695a4 INFO[0m [gateway] [34;1mfunc1[0m -> Sending transaction to orderer txID=240ab10cdac970c78a30c645339f6f0fb274dee1e9176422f8834d916fb54750 endpoint=orderer3.example.com:7056
[34m2026-10-07 12:59:13.149 UTC 695b0 INFO[0m [gateway] [34;1mfunc1[0m -> Successful response from orderer txID=240ab10cdac970c78a30c645339f6f0fb274dee1e9176422f8834d916fb54750 endpoint=orderer4.example.com:7058
[34m2026-10-07 12:59:13.147 UTC 695a5 INFO[0m [gateway] [34;1mfunc1[0m -> Sending transaction to orderer txID=4410a782ed2c317c370ccefdda7da7ae9a132515c6bdca06915362c448d51cea endpoint=orderer2.example.com:7052
[34m2026-10-07 12:59:13.147 UTC 695a6 INFO[0m [gateway] [34;1mfunc1[0m -> Successful response from orderer txID=240ab10cdac970c78a30c645339f6f0fb274dee1e9176422f8834d916fb54750 endpoint=orderer.example.com:7050
[34m2026-10-07 12:59:13.147 UTC 695a8 INFO[0m [gateway] [34;1mfunc1[0m -> Sending transaction to orderer txID=dc7597e87a3169f4a02e624f8291b832c91a9ccd853c3537a655f09f8a5d4502 endpoint=orderer2.example.com:7052
[34m2026-10-07 12:59:13.147 UTC 695a9 INFO[0m [gateway] [34;1mfunc1[0m -> Sending transaction to orderer txID=dc7597e87a3169f4a02e624f8291b832c91a9ccd853c3537a655f09f8a5d4502 endpoint=orderer.example.com:7050
[34m2026-10-07 12:59:13.147 UTC 695aa INFO[0m [gateway] [34;1mfunc1[0m -> Sending transaction to orderer txID=dc7597e87a3169f4a02e624f8291b832c91a9ccd853c3537a655f09f8a5d4502 endpoint=orderer3.example.com:7056
[34m2026-10-07 12:59:13.147 UTC 695ab INFO[0m [gateway] [34;1mfunc1[0m -> Sending transaction to orderer txID=240ab10cdac970c78a30c645339f6f0fb274dee1e9176422f8834d916fb54750 endpoint=orderer2.example.com:7052
[34m2026-10-07 12:59:13.146 UTC 695ac INFO[0m [gateway] [34;1mfunc1[0m -> Sending transaction to orderer txID=4410a782ed2c317c370ccefdda7da7ae9a132515c6bdca06915362c448d51cea endpoint=orderer.example.com:7050
[34m2026-10-07 12:59:13.147 UTC 695a7 INFO[0m [gateway] [34;1mfunc1[0m -> Sending transaction to orderer txID=dc7597e87a3169f4a02e624f8291b832c91a9ccd853c3537a655f09f8a5d4502 endpoint=orderer4.example.com:7058
[34m2026-10-07 12:59:13.148 UTC 695ad INFO[0m [gateway] [34;1mfunc1[0m -> Successful response from orderer txID=04ba3041718a518a088cd66190705c53a9485e6c7ad3748eedc766a0e09b2ee7 endpoint=orderer4.example.com:7058
[34m2026-10-07 12:59:13.148 UTC 695ae INFO[0m [gateway] [34;1mfunc1[0m -> Successful response from orderer txID=4410a782ed2c317c370ccefdda7da7ae9a132515c6bdca06915362c448d51cea endpoint=orderer3.example.com:7056
[34m2026-10-07 12:59:13.152 UTC 695b1 INFO[0m [gateway] [34;1mfunc1[0m -> Successful response from orderer txID=04ba3041718a518a088cd66190705c53a9485e6c7ad3748eedc766a0e09b2ee7 endpoint=orderer3.example.com:7056
[34m2026-10-07 12:59:13.152 UTC 695b2 INFO[0m [gateway] [34;1mfunc1[0m -> Successful response from orderer txID=4410a782ed2c317c370ccefdda7da7ae9a132515c6bdca06915362c448d51cea endpoint=orderer.example.com:7050
[34m2026-10-07 12:59:13.152 UTC 695b3 INFO[0m [gateway] [34;1mfunc1[0m -> Successful response from orderer txID=dc7597e87a3169f4a02e624f8291b832c91a9ccd853c3537a655f09f8a5d4502 endpoint=orderer4.example.com:7058
[34m2026-10-07 12:59:13.153 UTC 695b4 INFO[0m [comm.grpc.server] [34;1m1[0m -> unary call completed grpc.service=gateway.Gateway grpc.method=Submit grpc.request_deadline=2026-10-07T13:00:13.145Z grpc.peer_address=172.18.0.1:57000 grpc.code=OK grpc.call_duration=7.43167ms
[34m2026-10-07 12:59:13.153 UTC 695b5 INFO[0m [gateway] [34;1mfunc1[0m -> Successful response from orderer txID=dc7597e87a3169f4a02e624f8291b832c91a9ccd853c3537a655f09f8a5d4502 endpoint=orderer3.example.com:7056
[34m2026-10-07 12:59:13.153 UTC 695b6 INFO[0m [gateway] [34;1mfunc1[0m -> Successful response from orderer txID=240ab10cdac970c78a30c645339f6f0fb274dee1e9176422f8834d916fb54750 endpoint=orderer3.example.com:7056
[34m2026-10-07 12:59:13.156 UTC 695bd INFO[0m [comm.grpc.server] [34;1m1[0m -> unary call completed grpc.service=gateway.Gateway grpc.method=Submit grpc.request_deadline=2026-10-07T13:00:13.145Z grpc.peer_address=172.18.0.1:57000 grpc.code=OK grpc.call_duration=11.197231ms
[34m2026-10-07 12:59:13.153 UTC 695b7 INFO[0m [gateway] [34;1mfunc1[0m -> Successful response from orderer txID=04ba3041718a518a088cd66190705c53a9485e6c7ad3748eedc766a0e09b2ee7 endpoint=orderer.example.com:7050
[34m2026-10-07 12:59:13.156 UTC 695be INFO[0m [comm.grpc.server] [34;1m1[0m -> unary call completed grpc.service=gateway.Gateway grpc.method=Submit grpc.request_deadline=2026-10-07T13:00:13.145Z grpc.peer_address=172.18.0.1:57000 grpc.code=OK grpc.call_duration=10.349074ms
[34m2026-10-07 12:59:13.153 UTC 695b8 INFO[0m [gateway] [34;1mfunc1[0m -> Successful response from orderer txID=dc7597e87a3169f4a02e624f8291b832c91a9ccd853c3537a655f09f8a5d4502 endpoint=orderer.example.com:7050
[34m2026-10-07 12:59:13.156 UTC 695bf INFO[0m [comm.grpc.server] [34;1m1[0m -> unary call completed grpc.service=gateway.Gateway grpc.method=Submit grpc.request_deadline=2026-10-07T13:00:13.145Z grpc.peer_address=172.18.0.1:57000 grpc.code=OK grpc.call_duration=11.316923ms
[34m2026-10-07 12:59:13.154 UTC 695b9 INFO[0m [gateway] [34;1mfunc1[0m -> Successful response from orderer txID=dc7597e87a3169f4a02e624f8291b832c91a9ccd853c3537a655f09f8a5d4502 endpoint=orderer2.example.com:7052
[34m2026-10-07 12:59:13.154 UTC 695ba INFO[0m [gateway] [34;1mfunc1[0m -> Successful response from orderer txID=240ab10cdac970c78a30c645339f6f0fb274dee1e9176422f8834d916fb54750 endpoint=orderer2.example.com:7052
[34m2026-10-07 12:59:13.154 UTC 695bb INFO[0m [gateway] [34;1mfunc1[0m -> Successful response from orderer txID=04ba3041718a518a088cd66190705c53a9485e6c7ad3748eedc766a0e09b2ee7 endpoint=orderer2.example.com:7052
[34m2026-10-07 12:59:13.154 UTC 695bc INFO[0m [gateway] [34;1mfunc1[0m -> Successful response from orderer txID=4410a782ed2c317c370ccefdda7da7ae9a132515c6bdca06915362c448d51cea endpoint=orderer2.example.com:7052
[34m2026-10-07 12:59:13.158 UTC 695c0 INFO[0m [comm.grpc.server] [34;1m1[0m -> unary call completed grpc.service=gateway.Gateway grpc.method=Endorse grpc.request_deadline=2026-10-07T13:00:13.101Z grpc.peer_address=172.18.0.1:57000 grpc.code=OK grpc.call_duration=56.450124ms
[34m2026-10-07 12:59:13.161 UTC 695c1 INFO[0m [comm.grpc.server] [34;1m1[0m -> unary call completed grpc.service=gateway.Gateway grpc.method=Endorse grpc.request_deadline=2026-10-07T13:00:13.104Z grpc.peer_address=172.18.0.1:57000 grpc.code=OK grpc.call_duration=56.477463ms
[34m2026-10-07 12:59:13.162 UTC 695c2 INFO[0m [comm.grpc.server] [34;1m1[0m -> unary call completed grpc.service=gateway.Gateway grpc.method=Endorse grpc.request_deadline=2026-10-07T13:00:13.101Z grpc.peer_address=172.18.0.1:57000 grpc.code=OK grpc.call_duration=58.405858ms
[34m2026-10-07 12:59:13.163 UTC 695c3 INFO[0m [endorser] [34;1mcallChaincode[0m -> finished chaincode: bzt duration: 14ms channel=mychannel txID=39a53106
[34m2026-10-07 12:59:13.164 UTC 695c4 INFO[0m [comm.grpc.server] [34;1m1[0m -> unary call completed grpc.service=gateway.Gateway grpc.method=Endorse grpc.request_deadline=2026-10-07T13:00:13.097Z grpc.peer_address=172.18.0.1:57000 grpc.code=OK grpc.call_duration=66.997799ms
[34m2026-10-07 12:59:13.165 UTC 695c5 INFO[0m [comm.grpc.server] [34;1m1[0m -> unary call completed grpc.service=gateway.Gateway grpc.method=Endorse grpc.request_deadline=2026-10-07T13:00:13.108Z grpc.peer_address=172.18.0.1:57000 grpc.code=OK grpc.call_duration=56.777613ms
[34m2026-10-07 12:59:13.167 UTC 695c6 INFO[0m [comm.grpc.server] [34;1m1[0m -> unary call completed grpc.service=gateway.Gateway grpc.method=Endorse grpc.request_deadline=2026-10-07T13:00:13.11Z grpc.peer_address=172.18.0.1:57000 grpc.code=OK grpc.call_duration=56.749038ms
[34m2026-10-07 12:59:13.170 UTC 695c7 INFO[0m [comm.grpc.server] [34;1m1[0m -> unary call completed grpc.service=gateway.Gateway grpc.method=Endorse grpc.request_deadline=2026-10-07T13:00:13.122Z grpc.peer_address=172.18.0.1:57000 grpc.code=OK grpc.call_duration=46.733216ms
[34m2026-10-07 12:59:13.174 UTC 695c8 INFO[0m [gossip.privdata] [34;1mStoreBlock[0m -> Received block [5046] from buffer channel=mychannel
[34m2026-10-07 12:59:13.178 UTC 695c9 INFO[0m [gateway] [34;1mfunc1[0m -> Sending transaction to orderer txID=39e69f4eb2d3aa255f5a37b68c4b3ef1b45af520df69e5d6e495184025b3dcdd endpoint=orderer4.example.com:7058
[34m2026-10-07 12:59:13.179 UTC 695ca INFO[0m [gateway] [34;1mfunc1[0m -> Sending transaction to orderer txID=50f331d514016362344ed23124139a01ed5dd055ad61c603f4292c71ac26158d endpoint=orderer4.example.com:7058
[34m2026-10-07 12:59:13.179 UTC 695cb INFO[0m [gateway] [34;1mfunc1[0m -> Sending transaction to orderer txID=39e69f4eb2d3aa255f5a37b68c4b3ef1b45af520df69e5d6e495184025b3dcdd endpoint=orderer2.example.com:7052
[34m2026-10-07 12:59:13.179 UTC 695cc INFO[0m [gateway] [34;1mfunc1[0m -> Sending transaction to orderer txID=39e69f4eb2d3aa255f5a37b68c4b3ef1b45af520df69e5d6e495184025b3dcdd endpoint=orderer.example.com:7050
[34m2026-10-07 12:59:13.180 UTC 695cd INFO[0m [gateway] [34;1mfunc1[0m -> Sending transaction to orderer txID=39e69f4eb2d3aa255f5a37b68c4b3ef1b45af520df69e5d6e495184025b3dcdd endpoint=orderer3.example.com:7056
[34m2026-10-07 12:59:13.180 UTC 695ce INFO[0m [gateway] [34;1mfunc1[0m -> Sending transaction to orderer txID=63d70f3e4c5f565e2ecf1693caa7f216c32a556e8a1576864ebb2eaa44ed2b8e endpoint=orderer4.example.com:7058
[34m2026-10-07 12:59:13.180 UTC 695cf INFO[0m [gateway] [34;1mfunc1[0m -> Sending transaction to orderer txID=50f331d514016362344ed23124139a01ed5dd055ad61c603f4292c71ac26158d endpoint=orderer.example.com:7050
[34m2026-10-07 12:59:13.180 UTC 695d0 INFO[0m [gateway] [34;1mfunc1[0m -> Sending transaction to orderer txID=f934f38e8e42cf70d51f352b44e84a9a0fbca8972187f6aba7740640903458a7 endpoint=orderer4.example.com:7058
[34m2026-10-07 12:59:13.181 UTC 695d2 INFO[0m [gateway] [34;1mfunc1[0m -> Sending transaction to orderer txID=060f38f359b0cd4506a14414dd8ce5fb443d30653ab2e2b885734f86411db1e5 endpoint=orderer4.example.com:7058
[34m2026-10-07 12:59:13.181 UTC 695d1 INFO[0m [gateway] [34;1mfunc1[0m -> Sending transaction to orderer txID=852c8f6d8b85a3934a7989b43f0dc23d22b6c51ddba9bccdd7854f3ef07d649c endpoint=orderer4.example.com:7058
[34m2026-10-07 12:59:13.181 UTC 695d3 INFO[0m [gateway] [34;1mfunc1[0m -> Sending transaction to orderer txID=63d70f3e4c5f565e2ecf1693caa7f216c32a556e8a1576864ebb2eaa44ed2b8e endpoint=orderer.example.com:7050
[34m2026-10-07 12:59:13.181 UTC 695d5 INFO[0m [gateway] [34;1mfunc1[0m -> Sending transaction to orderer txID=50f331d514016362344ed23124139a01ed5dd055ad61c603f4292c71ac26158d endpoint=orderer2.example.com:7052
[34m2026-10-07 12:59:13.181 UTC 695d6 INFO[0m [gateway] [34;1mfunc1[0m -> Sending transaction to orderer txID=50f331d514016362344ed23124139a01ed5dd055ad61c603f4292c71ac26158d endpoint=orderer3.example.com:7056
[34m2026-10-07 12:59:13.181 UTC 695d7 INFO[0m [gateway] [34;1mfunc1[0m -> Sending transaction to orderer txID=f934f38e8e42cf70d51f352b44e84a9a0fbca8972187f6aba7740640903458a7 endpoint=orderer.example.com:7050
[34m2026-10-07 12:59:13.181 UTC 695d4 INFO[0m [gateway] [34;1mfunc1[0m -> Sending transaction to orderer txID=63d70f3e4c5f565e2ecf1693caa7f216c32a556e8a1576864ebb2eaa44ed2b8e endpoint=orderer2.example.com:7052
[34m2026-10-07 12:59:13.181 UTC 695d8 INFO[0m [gateway] [34;1mfunc1[0m -> Sending transaction to orderer txID=060f38f359b0cd4506a14414dd8ce5fb443d30653ab2e2b885734f86411db1e5 endpoint=orderer.example.com:7050
[34m2026-10-07 12:59:13.181 UTC 695d9 INFO[0m [gateway] [34;1mfunc1[0m -> Sending transaction to orderer txID=63d70f3e4c5f565e2ecf1693caa7f216c32a556e8a1576864ebb2eaa44ed2b8e endpoint=orderer3.example.com:7056
[34m2026-10-07 12:59:13.181 UTC 695da INFO[0m [gateway] [34;1mfunc1[0m -> Sending transaction to orderer txID=f934f38e8e42cf70d51f352b44e84a9a0fbca8972187f6aba7740640903458a7 endpoint=orderer2.example.com:7052
[34m2026-10-07 12:59:13.181 UTC 695db INFO[0m [gateway] [34;1mfunc1[0m -> Sending transaction to orderer txID=060f38f359b0cd4506a14414dd8ce5fb443d30653ab2e2b885734f86411db1e5 endpoint=orderer2.example.com:7052
[34m2026-10-07 12:59:13.181 UTC 695dc INFO[0m [gateway] [34;1mfunc1[0m -> Sending transaction to orderer txID=f934f38e8e42cf70d51f352b44e84a9a0fbca8972187f6aba7740640903458a7 endpoint=orderer3.example.com:7056
[34m2026-10-07 12:59:13.181 UTC 695dd INFO[0m [gateway] [34;1mfunc1[0m -> Sending transaction to orderer txID=060f38f359b0cd4506a14414dd8ce5fb443d30653ab2e2b885734f86411db1e5 endpoint=orderer3.example.com:7056
[34m2026-10-07 12:59:13.181 UTC 695de INFO[0m [gateway] [34;1mfunc1[0m -> Sending transaction to orderer txID=852c8f6d8b85a3934a7989b43f0dc23d22b6c51ddba9bccdd7854f3ef07d649c endpoint=orderer3.example.com:7056
[34m2026-10-07 12:59:13.181 UTC 695df INFO[0m [gateway] [34;1mfunc1[0m -> Sending transaction to orderer txID=852c8f6d8b85a3934a7989b43f0dc23d22b6c51ddba9bccdd7854f3ef07d649c endpoint=orderer.example.com:7050
[34m2026-10-07 12:59:13.181 UTC 695e0 INFO[0m [gateway] [34;1mfunc1[0m -> Sending transaction to orderer txID=852c8f6d8b85a3934a7989b43f0dc23d22b6c51ddba9bccdd7854f3ef07d649c endpoint=orderer2.example.com:7052
[34m2026-10-07 12:59:13.186 UTC 695e1 INFO[0m [committer.txvalidator] [34;1mValidate[0m -> [mychannel] Validated block [5046] in 11ms
[34m2026-10-07 12:59:13.186 UTC 695e2 INFO[0m [gateway] [34;1mfunc1[0m -> Successful response from orderer txID=060f38f359b0cd4506a14414dd8ce5fb443d30653ab2e2b885734f86411db1e5 endpoint=orderer3.example.com:7056
[34m2026-10-07 12:59:13.186 UTC 695e3 INFO[0m [gateway] [34;1mfunc1[0m -> Successful response from orderer txID=39e69f4eb2d3aa255f5a37b68c4b3ef1b45af520df69e5d6e495184025b3dcdd endpoint=orderer2.example.com:7052
[34m2026-10-07 12:59:13.187 UTC 695e4 INFO[0m [gateway] [34;1mfunc1[0m -> Successful response from orderer txID=060f38f359b0cd4506a14414dd8ce5fb443d30653ab2e2b885734f86411db1e5 endpoint=orderer4.example.com:7058
[34m2026-10-07 12:59:13.187 UTC 695e5 INFO[0m [gateway] [34;1mfunc1[0m -> Successful response from orderer txID=852c8f6d8b85a3934a7989b43f0dc23d22b6c51ddba9bccdd7854f3ef07d649c endpoint=orderer4.example.com:7058
[34m2026-10-07 12:59:13.187 UTC 695e6 INFO[0m [gateway] [34;1mfunc1[0m -> Successful response from orderer txID=39e69f4eb2d3aa255f5a37b68c4b3ef1b45af520df69e5d6e495184025b3dcdd endpoint=orderer4.example.com:7058
[34m2026-10-07 12:59:13.187 UTC 695e7 INFO[0m [gateway] [34;1mfunc1[0m -> Successful response from orderer txID=50f331d514016362344ed23124139a01ed5dd055ad61c603f4292c71ac26158d endpoint=orderer4.example.com:7058
[34m2026-10-07 12:59:13.187 UTC 695e8 INFO[0m [gateway] [34;1mfunc1[0m -> Successful response from orderer txID=63d70f3e4c5f565e2ecf1693caa7f216c32a556e8a1576864ebb2eaa44ed2b8e endpoint=orderer4.example.com:7058
[34m2026-10-07 12:59:13.187 UTC 695e9 INFO[0m [gateway] [34;1mfunc1[0m -> Successful response from orderer txID=060f38f359b0cd4506a14414dd8ce5fb443d30653ab2e2b885734f86411db1e5 endpoint=orderer2.example.com:7052
[34m2026-10-07 12:59:13.188 UTC 695ea INFO[0m [gateway] [34;1mfunc1[0m -> Successful response from orderer txID=f934f38e8e42cf70d51f352b44e84a9a0fbca8972187f6aba7740640903458a7 endpoint=orderer3.example.com:7056
[34m2026-10-07 12:59:13.188 UTC 695eb INFO[0m [gateway] [34;1mfunc1[0m -> Successful response from orderer txID=852c8f6d8b85a3934a7989b43f0dc23d22b6c51ddba9bccdd7854f3ef07d649c endpoint=orderer3.example.com:7056
[34m2026-10-07 12:59:13.188 UTC 695ec INFO[0m [gateway] [34;1mfunc1[0m -> Successful response from orderer txID=50f331d514016362344ed23124139a01ed5dd055ad61c603f4292c71ac26158d endpoint=orderer3.example.com:7056
[34m2026-10-07 12:59:13.188 UTC 695ed INFO[0m [gateway] [34;1mfunc1[0m -> Successful response from orderer txID=63d70f3e4c5f565e2ecf1693caa7f216c32a556e8a1576864ebb2eaa44ed2b8e endpoint=orderer3.example.com:7056
[34m2026-10-07 12:59:13.188 UTC 695ee INFO[0m [gateway] [34;1mfunc1[0m -> Successful response from orderer txID=39e69f4eb2d3aa255f5a37b68c4b3ef1b45af520df69e5d6e495184025b3dcdd endpoint=orderer3.example.com:7056
[34m2026-10-07 12:59:13.188 UTC 695ef INFO[0m [gateway] [34;1mfunc1[0m -> Sending transaction to orderer txID=4ae8655c5b89aa64dbf25dc1519f248d89a2ae3cb798f391571c5b7e6a85e10a endpoint=orderer4.example.com:7058
[34m2026-10-07 12:59:13.188 UTC 695f0 INFO[0m [gateway] [34;1mfunc1[0m -> Sending transaction to orderer txID=4ae8655c5b89aa64dbf25dc1519f248d89a2ae3cb798f391571c5b7e6a85e10a endpoint=orderer.example.com:7050
[34m2026-10-07 12:59:13.188 UTC 695f1 INFO[0m [gateway] [34;1mfunc1[0m -> Sending transaction to orderer txID=4ae8655c5b89aa64dbf25dc1519f248d89a2ae3cb798f391571c5b7e6a85e10a endpoint=orderer2.example.com:7052
[34m2026-10-07 12:59:13.188 UTC 695f2 INFO[0m [gateway] [34;1mfunc1[0m -> Sending transaction to orderer txID=4ae8655c5b89aa64dbf25dc1519f248d89a2ae3cb798f391571c5b7e6a85e10a endpoint=orderer3.example.com:7056
[34m2026-10-07 12:59:13.189 UTC 695f3 INFO[0m [gateway] [34;1mfunc1[0m -> Successful response from orderer txID=852c8f6d8b85a3934a7989b43f0dc23d22b6c51ddba9bccdd7854f3ef07d649c endpoint=orderer2.example.com:7052
[34m2026-10-07 12:59:13.189 UTC 695f4 INFO[0m [comm.grpc.server] [34;1m1[0m -> unary call completed grpc.service=gateway.Gateway grpc.method=Submit grpc.request_deadline=2026-10-07T13:00:13.18Z grpc.peer_address=172.18.0.1:57000 grpc.code=OK grpc.call_duration=8.675189ms
[34m2026-10-07 12:59:13.190 UTC 695f5 INFO[0m [gateway] [34;1mfunc1[0m -> Successful response from orderer txID=4ae8655c5b89aa64dbf25dc1519f248d89a2ae3cb798f391571c5b7e6a85e10a endpoint=orderer3.example.com:7056
[34m2026-10-07 12:59:13.190 UTC 695f6 INFO[0m [gateway] [34;1mfunc1[0m -> Successful response from orderer txID=f934f38e8e42cf70d51f352b44e84a9a0fbca8972187f6aba7740640903458a7 endpoint=orderer4.example.com:7058
[34m2026-10-07 12:59:13.190 UTC 695f7 INFO[0m [gateway] [34;1mfunc1[0m -> Successful response from orderer txID=63d70f3e4c5f565e2ecf1693caa7f216c32a556e8a1576864ebb2eaa44ed2b8e endpoint=orderer2.example.com:7052
[34m2026-10-07 12:59:13.190 UTC 695f8 INFO[0m [comm.grpc.server] [34;1m1[0m -> unary call completed grpc.service=gateway.Gateway grpc.method=Submit grpc.request_deadline=2026-10-07T13:00:13.178Z grpc.peer_address=172.18.0.1:57000 grpc.code=OK grpc.call_duration=9.419834ms
[34m2026-10-07 12:59:13.190 UTC 695f9 INFO[0m [comm.grpc.server] [34;1m1[0m -> unary call completed grpc.service=gateway.Gateway grpc.method=Submit grpc.request_deadline=2026-10-07T13:00:13.18Z grpc.peer_address=172.18.0.1:57000 grpc.code=OK grpc.call_duration=10.02049ms
[34m2026-10-07 12:59:13.190 UTC 695fa INFO[0m [gateway] [34;1mfunc1[0m -> Successful response from orderer txID=4ae8655c5b89aa64dbf25dc1519f248d89a2ae3cb798f391571c5b7e6a85e10a endpoint=orderer4.example.com:7058
[34m2026-10-07 12:59:13.190 UTC 695fb INFO[0m [comm.grpc.server] [34;1m1[0m -> unary call completed grpc.service=gateway.Gateway grpc.method=Submit grpc.request_deadline=2026-10-07T13:00:13.178Z grpc.peer_address=172.18.0.1:57000 grpc.code=OK grpc.call_duration=12.202895ms
[34m2026-10-07 12:59:13.190 UTC 695fc INFO[0m [gateway] [34;1mfunc1[0m -> Successful response from orderer txID=f934f38e8e42cf70d51f352b44e84a9a0fbca8972187f6aba7740640903458a7 endpoint=orderer2.example.com:7052
[34m2026-10-07 12:59:13.190 UTC 695fd INFO[0m [comm.grpc.server] [34;1m1[0m -> unary call completed grpc.service=gateway.Gateway grpc.method=Submit grpc.request_deadline=2026-10-07T13:00:13.178Z grpc.peer_address=172.18.0.1:57000 grpc.code=OK grpc.call_duration=10.119984ms
[34m2026-10-07 12:59:13.191 UTC 695ff INFO[0m [endorser] [34;1mcallChaincode[0m -> finished chaincode: bzt duration: 23ms channel=mychannel txID=4edb7742
[34m2026-10-07 12:59:13.191 UTC 695fe INFO[0m [gateway] [34;1mfunc1[0m -> Successful response from orderer txID=4ae8655c5b89aa64dbf25dc1519f248d89a2ae3cb798f391571c5b7e6a85e10a endpoint=orderer2.example.com:7052
[34m2026-10-07 12:59:13.192 UTC 69600 INFO[0m [comm.grpc.server] [34;1m1[0m -> unary call completed grpc.service=gateway.Gateway grpc.method=Submit grpc.request_deadline=2026-10-07T13:00:13.188Z grpc.peer_address=172.18.0.1:57000 grpc.code=OK grpc.call_duration=3.624788ms
[34m2026-10-07 12:59:13.195 UTC 69601 INFO[0m [kvledger] [34;1mcommit[0m -> [mychannel] Committed block [5046] with 10 transaction(s) in 7ms (state_validation=0ms block_and_pvtdata_commit=5ms state_commit=0ms) commitHash=[899be5f3fe85dafd0596f262cebf08283296b5b60d03597c43b70fe0bd7236b3]
[34m2026-10-07 12:59:13.195 UTC 69602 INFO[0m [comm.grpc.server] [34;1m1[0m -> unary call completed grpc.service=gateway.Gateway grpc.method=CommitStatus grpc.request_deadline=2026-10-07T13:00:13.178Z grpc.peer_address=172.18.0.1:57000 grpc.code=OK grpc.call_duration=17.291641ms
[34m2026-10-07 12:59:13.196 UTC 69603 INFO[0m [comm.grpc.server] [34;1m1[0m -> unary call completed grpc.service=gateway.Gateway grpc.method=Endorse grpc.request_deadline=2026-10-07T13:00:13.147Z grpc.peer_address=172.18.0.1:57000 grpc.code=OK grpc.call_duration=47.399973ms
[34m2026-10-07 12:59:13.196 UTC 69604 INFO[0m [gateway] [34;1mfunc1[0m -> Successful response from orderer txID=4ae8655c5b89aa64dbf25dc1519f248d89a2ae3cb798f391571c5b7e6a85e10a endpoint=orderer.example.com:7050
[34m2026-10-07 12:59:13.196 UTC 69605 INFO[0m [gateway] [34;1mfunc1[0m -> Successful response from orderer txID=39e69f4eb2d3aa255f5a37b68c4b3ef1b45af520df69e5d6e495184025b3dcdd endpoint=orderer.example.com:7050
[34m2026-10-07 12:59:13.196 UTC 69606 INFO[0m [gateway] [34;1mfunc1[0m -> Successful response from orderer txID=63d70f3e4c5f565e2ecf1693caa7f216c32a556e8a1576864ebb2eaa44ed2b8e endpoint=orderer.example.com:7050
[34m2026-10-07 12:59:13.196 UTC 69607 INFO[0m [gateway] [34;1mfunc1[0m -> Successful response from orderer txID=852c8f6d8b85a3934a7989b43f0dc23d22b6c51ddba9bccdd7854f3ef07d649c endpoint=orderer.example.com:7050
[34m2026-10-07 12:59:13.196 UTC 69608 INFO[0m [gateway] [34;1mfunc1[0m -> Successful response from orderer txID=f934f38e8e42cf70d51f352b44e84a9a0fbca8972187f6aba7740640903458a7 endpoint=orderer.example.com:7050
[34m2026-10-07 12:59:13.196 UTC 69609 INFO[0m [gateway] [34;1mfunc1[0m -> Successful response from orderer txID=50f331d514016362344ed23124139a01ed5dd055ad61c603f4292c71ac26158d endpoint=orderer.example.com:7050
[34m2026-10-07 12:59:13.196 UTC 6960a INFO[0m [gateway] [34;1mfunc1[0m -> Successful response from orderer txID=060f38f359b0cd4506a14414dd8ce5fb443d30653ab2e2b885734f86411db1e5 endpoint=orderer.example.com:7050
[34m2026-10-07 12:59:13.196 UTC 6960b INFO[0m [comm.grpc.server] [34;1m1[0m -> unary call completed grpc.service=gateway.Gateway grpc.method=Submit grpc.request_deadline=2026-10-07T13:00:13.177Z grpc.peer_address=172.18.0.1:57000 grpc.code=OK grpc.call_duration=17.325489ms
[34m2026-10-07 12:59:13.196 UTC 6960c INFO[0m [comm.grpc.server] [34;1m1[0m -> unary call completed grpc.service=gateway.Gateway grpc.method=CommitStatus grpc.request_deadline=2026-10-07T13:00:13.145Z grpc.peer_address=172.18.0.1:57000 grpc.code=OK grpc.call_duration=51.662971ms
[34m2026-10-07 12:59:13.196 UTC 6960d INFO[0m [comm.grpc.server] [34;1m1[0m -> unary call completed grpc.service=gateway.Gateway grpc.method=CommitStatus grpc.request_deadline=2026-10-07T13:00:13.148Z grpc.peer_address=172.18.0.1:57000 grpc.code=OK grpc.call_duration=46.772281ms
[34m2026-10-07 12:59:13.197 UTC 6960e INFO[0m [comm.grpc.server] [34;1m1[0m -> unary call completed grpc.service=gateway.Gateway grpc.method=CommitStatus grpc.request_deadline=2026-10-07T13:00:13.153Z grpc.peer_address=172.18.0.1:57000 grpc.code=OK grpc.call_duration=43.914325ms
[34m2026-10-07 12:59:13.197 UTC 6960f INFO[0m [comm.grpc.server] [34;1m1[0m -> unary call completed grpc.service=gateway.Gateway grpc.method=CommitStatus grpc.request_deadline=2026-10-07T13:00:13.153Z grpc.peer_address=172.18.0.1:57000 grpc.code=OK grpc.call_duration=42.849235ms
[34m2026-10-07 12:59:13.197 UTC 69610 INFO[0m [comm.grpc.server] [34;1m1[0m -> unary call completed grpc.service=gateway.Gateway grpc.method=CommitStatus grpc.request_deadline=2026-10-07T13:00:13.178Z grpc.peer_address=172.18.0.1:57000 grpc.code=OK grpc.call_duration=17.316604ms
[34m2026-10-07 12:59:13.197 UTC 69611 INFO[0m [comm.grpc.server] [34;1m1[0m -> unary call completed grpc.service=gateway.Gateway grpc.method=CommitStatus grpc.request_deadline=2026-10-07T13:00:13.178Z grpc.peer_address=172.18.0.1:57000 grpc.code=OK grpc.call_duration=18.399268ms
[34m2026-10-07 12:59:13.197 UTC 69612 INFO[0m [comm.grpc.server] [34;1m1[0m -> unary call completed grpc.service=gateway.Gateway grpc.method=CommitStatus grpc.request_deadline=2026-10-07T13:00:13.178Z grpc.peer_address=172.18.0.1:57000 grpc.code=OK grpc.call_duration=17.728401ms
[34m2026-10-07 12:59:13.197 UTC 69613 INFO[0m [comm.grpc.server] [34;1m1[0m -> unary call completed grpc.service=gateway.Gateway grpc.method=CommitStatus grpc.request_deadline=2026-10-07T13:00:13.097Z grpc.peer_address=172.18.0.1:57000 grpc.code=OK grpc.call_duration=100.435516ms
[34m2026-10-07 12:59:13.197 UTC 69614 INFO[0m [comm.grpc.server] [34;1m1[0m -> unary call completed grpc.service=gateway.Gateway grpc.method=CommitStatus grpc.request_deadline=2026-10-07T13:00:13.144Z grpc.peer_address=172.18.0.1:57000 grpc.code=OK grpc.call_duration=51.616375ms
[34m2026-10-07 12:59:13.199 UTC 69615 INFO[0m [gateway] [34;1mfunc1[0m -> Successful response from orderer txID=50f331d514016362344ed23124139a01ed5dd055ad61c603f4292c71ac26158d endpoint=orderer2.example.com:7052
[34m2026-10-07 12:59:13.199 UTC 69616 INFO[0m [comm.grpc.server] [34;1m1[0m -> unary call completed grpc.service=gateway.Gateway grpc.method=Endorse grpc.request_deadline=2026-10-07T13:00:13.167Z grpc.peer_address=172.18.0.1:57000 grpc.code=OK grpc.call_duration=31.961001ms
[34m2026-10-07 12:59:13.202 UTC 69617 INFO[0m [gateway] [34;1mfunc1[0m -> Sending transaction to orderer txID=39a53106e21ce85a05d9b495d98e509ccc2b64589d8227133fa1aacd36b32813 endpoint=orderer4.example.com:7058
[34m2026-10-07 12:59:13.202 UTC 69618 INFO[0m [gateway] [34;1mfunc1[0m -> Sending transaction to orderer txID=39a53106e21ce85a05d9b495d98e509ccc2b64589d8227133fa1aacd36b32813 endpoint=orderer3.example.com:7056
[34m2026-10-07 12:59:13.202 UTC 69619 INFO[0m [gateway] [34;1mfunc1[0m -> Sending transaction to orderer txID=39a53106e21ce85a05d9b495d98e509ccc2b64589d8227133fa1aacd36b32813 endpoint=orderer.example.com:7050
[34m2026-10-07 12:59:13.202 UTC 6961a INFO[0m [gateway] [34;1mfunc1[0m -> Sending transaction to orderer txID=39a53106e21ce85a05d9b495d98e509ccc2b64589d8227133fa1aacd36b32813 endpoint=orderer2.example.com:7052
[34m2026-10-07 12:59:13.204 UTC 6961b INFO[0m [gateway] [34;1mfunc1[0m -> Successful response from orderer txID=39a53106e21ce85a05d9b495d98e509ccc2b64589d8227133fa1aacd36b32813 endpoint=orderer.example.com:7050
[34m2026-10-07 12:59:13.204 UTC 6961c INFO[0m [gateway] [34;1mfunc1[0m -> Successful response from orderer txID=39a53106e21ce85a05d9b495d98e509ccc2b64589d8227133fa1aacd36b32813 endpoint=orderer2.example.com:7052
[34m2026-10-07 12:59:13.204 UTC 6961d INFO[0m [endorser] [34;1mcallChaincode[0m -> finished chaincode: bzt duration: 7ms channel=mychannel txID=064f8dd5
[34m2026-10-07 12:59:13.204 UTC 6961e INFO[0m [gateway] [34;1mfunc1[0m -> Successful response from orderer txID=39a53106e21ce85a05d9b495d98e509ccc2b64589d8227133fa1aacd36b32813 endpoint=orderer3.example.com:7056
[34m2026-10-07 12:59:13.205 UTC 6961f INFO[0m [comm.grpc.server] [34;1m1[0m -> unary call completed grpc.service=gateway.Gateway grpc.method=Submit grpc.request_deadline=2026-10-07T13:00:13.2Z grpc.peer_address=172.18.0.1:57000 grpc.code=OK grpc.call_duration=3.115191ms
[34m2026-10-07 12:59:13.205 UTC 69620 INFO[0m [gateway] [34;1mfunc1[0m -> Successful response from orderer txID=39a53106e21ce85a05d9b495d98e509ccc2b64589d8227133fa1aacd36b32813 endpoint=orderer4.example.com:7058
[34m2026-10-07 12:59:13.205 UTC 69621 INFO[0m [endorser] [34;1mcallChaincode[0m -> finished chaincode: bzt duration: 7ms channel=mychannel txID=1bafdc42
[34m2026-10-07 12:59:13.205 UTC 69622 INFO[0m [endorser] [34;1mcallChaincode[0m -> finished chaincode: bzt duration: 8ms channel=mychannel txID=1e587c8f
[34m2026-10-07 12:59:13.205 UTC 69623 INFO[0m [endorser] [34;1mcallChaincode[0m -> finished chaincode: bzt duration: 7ms channel=mychannel txID=e8e0f3a4
[34m2026-10-07 12:59:13.207 UTC 69624 INFO[0m [gateway] [34;1mfunc1[0m -> Sending transaction to orderer txID=4edb7742862089c1bde5682317b8d97d8c92b17ad98769a4498c72ae9127ef10 endpoint=orderer4.example.com:7058
[34m2026-10-07 12:59:13.207 UTC 69625 INFO[0m [gateway] [34;1mfunc1[0m -> Sending transaction to orderer txID=4edb7742862089c1bde5682317b8d97d8c92b17ad98769a4498c72ae9127ef10 endpoint=orderer.example.com:7050
[34m2026-10-07 12:59:13.207 UTC 69626 INFO[0m [gateway] [34;1mfunc1[0m -> Sending transaction to orderer txID=4edb7742862089c1bde5682317b8d97d8c92b17ad98769a4498c72ae9127ef10 endpoint=orderer2.example.com:7052
[34m2026-10-07 12:59:13.207 UTC 69627 INFO[0m [gateway] [34;1mfunc1[0m -> Sending transaction to orderer txID=4edb7742862089c1bde5682317b8d97d8c92b17ad98769a4498c72ae9127ef10 endpoint=orderer3.example.com:7056
[34m2026-10-07 12:59:13.209 UTC 69628 INFO[0m [gateway] [34;1mfunc1[0m -> Successful response from orderer txID=4edb7742862089c1bde5682317b8d97d8c92b17ad98769a4498c72ae9127ef10 endpoint=orderer.example.com:7050
[34m2026-10-07 12:59:13.209 UTC 69629 INFO[0m [gateway] [34;1mfunc1[0m -> Successful response from orderer txID=4edb7742862089c1bde5682317b8d97d8c92b17ad98769a4498c72ae9127ef10 endpoint=orderer2.example.com:7052
[34m2026-10-07 12:59:13.209 UTC 6962a INFO[0m [gateway] [34;1mfunc1[0m -> Successful response from orderer txID=4edb7742862089c1bde5682317b8d97d8c92b17ad98769a4498c72ae9127ef10 endpoint=orderer3.example.com:7056
[34m2026-10-07 12:59:13.209 UTC 6962b INFO[0m [comm.grpc.server] [34;1m1[0m -> unary call completed grpc.service=gateway.Gateway grpc.method=Submit grpc.request_deadline=2026-10-07T13:00:13.207Z grpc.peer_address=172.18.0.1:57000 grpc.code=OK grpc.call_duration=2.454912ms
[34m2026-10-07 12:59:13.210 UTC 6962c INFO[0m [gateway] [34;1mfunc1[0m -> Successful response from orderer txID=4edb7742862089c1bde5682317b8d97d8c92b17ad98769a4498c72ae9127ef10 endpoint=orderer4.example.com:7058
[34m2026-10-07 12:59:13.213 UTC 6962d INFO[0m [comm.grpc.server] [34;1m1[0m -> unary call completed grpc.service=gateway.Gateway grpc.method=Endorse grpc.request_deadline=2026-10-07T13:00:13.188Z grpc.peer_address=172.18.0.1:57000 grpc.code=OK grpc.call_duration=25.210812ms
[34m2026-10-07 12:59:13.213 UTC 6962e INFO[0m [comm.grpc.server] [34;1m1[0m -> unary call completed grpc.service=gateway.Gateway grpc.method=Endorse grpc.request_deadline=2026-10-07T13:00:13.187Z grpc.peer_address=172.18.0.1:57000 grpc.code=OK grpc.call_duration=24.98395ms
[34m2026-10-07 12:59:13.213 UTC 6962f INFO[0m [comm.grpc.server] [34;1m1[0m -> unary call completed grpc.service=gateway.Gateway grpc.method=Endorse grpc.request_deadline=2026-10-07T13:00:13.188Z grpc.peer_address=172.18.0.1:57000 grpc.code=OK grpc.call_duration=25.211322ms
[34m2026-10-07 12:59:13.213 UTC 69630 INFO[0m [comm.grpc.server] [34;1m1[0m -> unary call completed grpc.service=gateway.Gateway grpc.method=Endorse grpc.request_deadline=2026-10-07T13:00:13.189Z grpc.peer_address=172.18.0.1:57000 grpc.code=OK grpc.call_duration=24.397673ms
[34m2026-10-07 12:59:13.215 UTC 69631 INFO[0m [gateway] [34;1mfunc1[0m -> Sending transaction to orderer txID=064f8dd501049da1447b16678041341368c1d5b4e147e37ff39b73eb01b6e5ac endpoint=orderer2.example.com:7052
[34m2026-10-07 12:59:13.215 UTC 69633 INFO[0m [gateway] [34;1mfunc1[0m -> Sending transaction to orderer txID=064f8dd501049da1447b16678041341368c1d5b4e147e37ff39b73eb01b6e5ac endpoint=orderer3.example.com:7056
[34m2026-10-07 12:59:13.215 UTC 69632 INFO[0m [gateway] [34;1mfunc1[0m -> Sending transaction to orderer txID=064f8dd501049da1447b16678041341368c1d5b4e147e37ff39b73eb01b6e5ac endpoint=orderer4.example.com:7058
[34m2026-10-07 12:59:13.215 UTC 69634 INFO[0m [gateway] [34;1mfunc1[0m -> Sending transaction to orderer txID=064f8dd501049da1447b16678041341368c1d5b4e147e37ff39b73eb01b6e5ac endpoint=orderer.example.com:7050
[34m2026-10-07 12:59:13.216 UTC 69635 INFO[0m [gateway] [34;1mfunc1[0m -> Successful response from orderer txID=064f8dd501049da1447b16678041341368c1d5b4e147e37ff39b73eb01b6e5ac endpoint=orderer4.example.com:7058
[34m2026-10-07 12:59:13.216 UTC 69636 INFO[0m [gateway] [34;1mfunc1[0m -> Successful response from orderer txID=064f8dd501049da1447b16678041341368c1d5b4e147e37ff39b73eb01b6e5ac endpoint=orderer.example.com:7050
[34m2026-10-07 12:59:13.216 UTC 69637 INFO[0m [gateway] [34;1mfunc1[0m -> Successful response from orderer txID=064f8dd501049da1447b16678041341368c1d5b4e147e37ff39b73eb01b6e5ac endpoint=orderer3.example.com:7056
[34m2026-10-07 12:59:13.216 UTC 69638 INFO[0m [comm.grpc.server] [34;1m1[0m -> unary call completed grpc.service=gateway.Gateway grpc.method=Submit grpc.request_deadline=2026-10-07T13:00:13.214Z grpc.peer_address=172.18.0.1:57000 grpc.code=OK grpc.call_duration=1.875991ms
[34m2026-10-07 12:59:13.217 UTC 69639 INFO[0m [gateway] [34;1mfunc1[0m -> Successful response from orderer txID=064f8dd501049da1447b16678041341368c1d5b4e147e37ff39b73eb01b6e5ac endpoint=orderer2.example.com:7052
[34m2026-10-07 12:59:13.219 UTC 6963a INFO[0m [gateway] [34;1mfunc1[0m -> Sending transaction to orderer txID=1bafdc428b5c278bf1699fdc319b44e297a195a4198049ba5438fe8d29d06b80 endpoint=orderer4.example.com:7058
[34m2026-10-07 12:59:13.219 UTC 6963b INFO[0m [gateway] [34;1mfunc1[0m -> Sending transaction to orderer txID=1e587c8f9c9c4402eb9360bcb2039c68c5a86daea4db9c94511b37f7ac29a0e2 endpoint=orderer4.example.com:7058
[34m2026-10-07 12:59:13.219 UTC 6963c INFO[0m [gateway] [34;1mfunc1[0m -> Sending transaction to orderer txID=1bafdc428b5c278bf1699fdc319b44e297a195a4198049ba5438fe8d29d06b80 endpoint=orderer.example.com:7050
[34m2026-10-07 12:59:13.219 UTC 6963f INFO[0m [gateway] [34;1mfunc1[0m -> Sending transaction to orderer txID=1e587c8f9c9c4402eb9360bcb2039c68c5a86daea4db9c94511b37f7ac29a0e2 endpoint=orderer3.example.com:7056
[34m2026-10-07 12:59:13.219 UTC 69640 INFO[0m [gateway] [34;1mfunc1[0m -> Sending transaction to orderer txID=1bafdc428b5c278bf1699fdc319b44e297a195a4198049ba5438fe8d29d06b80 endpoint=orderer3.example.com:7056
[34m2026-10-07 12:59:13.219 UTC 69641 INFO[0m [gateway] [34;1mfunc1[0m -> Sending transaction to orderer txID=1bafdc428b5c278bf1699fdc319b44e297a195a4198049ba5438fe8d29d06b80 endpoint=orderer2.example.com:7052
[34m2026-10-07 12:59:13.219 UTC 6963d INFO[0m [gateway] [34;1mfunc1[0m -> Sending transaction to orderer txID=1e587c8f9c9c4402eb9360bcb2039c68c5a86daea4db9c94511b37f7ac29a0e2 endpoint=orderer.example.com:7050
[34m2026-10-07 12:59:13.219 UTC 6963e INFO[0m [gateway] [34;1mfunc1[0m -> Sending transaction to orderer txID=1e587c8f9c9c4402eb9360bcb2039c68c5a86daea4db9c94511b37f7ac29a0e2 endpoint=orderer2.example.com:7052
[34m2026-10-07 12:59:13.221 UTC 69642 INFO[0m [gateway] [34;1mfunc1[0m -> Successful response from orderer txID=1bafdc428b5c278bf1699fdc319b44e297a195a4198049ba5438fe8d29d06b80 endpoint=orderer3.example.com:7056
[34m2026-10-07 12:59:13.221 UTC 69643 INFO[0m [gateway] [34;1mfunc1[0m -> Successful response from orderer txID=1bafdc428b5c278bf1699fdc319b44e297a195a4198049ba5438fe8d29d06b80 endpoint=orderer4.example.com:7058
[34m2026-10-07 12:59:13.221 UTC 69644 INFO[0m [gateway] [34;1mfunc1[0m -> Successful response from orderer txID=1e587c8f9c9c4402eb9360bcb2039c68c5a86daea4db9c94511b37f7ac29a0e2 endpoint=orderer4.example.com:7058
[34m2026-10-07 12:59:13.220 UTC 69645 INFO[0m [gateway] [34;1mfunc1[0m -> Successful response from orderer txID=1e587c8f9c9c4402eb9360bcb2039c68c5a86daea4db9c94511b37f7ac29a0e2 endpoint=orderer3.example.com:7056
[34m2026-10-07 12:59:13.221 UTC 69646 INFO[0m [gateway] [34;1mfunc1[0m -> Sending transaction to orderer txID=e8e0f3a4212b035e2e8cf833875d54c01168329bd39534e728464685200a4ffe endpoint=orderer4.example.com:7058
[34m2026-10-07 12:59:13.221 UTC 69647 INFO[0m [gateway] [34;1mfunc1[0m -> Sending transaction to orderer txID=e8e0f3a4212b035e2e8cf833875d54c01168329bd39534e728464685200a4ffe endpoint=orderer.example.com:7050
[34m2026-10-07 12:59:13.221 UTC 69648 INFO[0m [gateway] [34;1mfunc1[0m -> Sending transaction to orderer txID=e8e0f3a4212b035e2e8cf833875d54c01168329bd39534e728464685200a4ffe endpoint=orderer2.example.com:7052
[34m2026-10-07 12:59:13.221 UTC 69649 INFO[0m [gateway] [34;1mfunc1[0m -> Sending transaction to orderer txID=e8e0f3a4212b035e2e8cf833875d54c01168329bd39534e728464685200a4ffe endpoint=orderer3.example.com:7056
[34m2026-10-07 12:59:13.222 UTC 6964a INFO[0m [gateway] [34;1mfunc1[0m -> Successful response from orderer txID=1e587c8f9c9c4402eb9360bcb2039c68c5a86daea4db9c94511b37f7ac29a0e2 endpoint=orderer.example.com:7050
[34m2026-10-07 12:59:13.222 UTC 6964b INFO[0m [gateway] [34;1mfunc1[0m -> Successful response from orderer txID=1bafdc428b5c278bf1699fdc319b44e297a195a4198049ba5438fe8d29d06b80 endpoint=orderer.example.com:7050
[34m2026-10-07 12:59:13.222 UTC 6964c INFO[0m [comm.grpc.server] [34;1m1[0m -> unary call completed grpc.service=gateway.Gateway grpc.method=Submit grpc.request_deadline=2026-10-07T13:00:13.219Z grpc.peer_address=172.18.0.1:57000 grpc.code=OK grpc.call_duration=2.864723ms
[34m2026-10-07 12:59:13.222 UTC 6964d INFO[0m [comm.grpc.server] [34;1m1[0m -> unary call completed grpc.service=gateway.Gateway grpc.method=Submit grpc.request_deadline=2026-10-07T13:00:13.219Z grpc.peer_address=172.18.0.1:57000 grpc.code=OK grpc.call_duration=3.166911ms
[34m2026-10-07 12:59:13.222 UTC 6964e INFO[0m [gateway] [34;1mfunc1[0m -> Successful response from orderer txID=1bafdc428b5c278bf1699fdc319b44e297a195a4198049ba5438fe8d29d06b80 endpoint=orderer2.example.com:7052
[34m2026-10-07 12:59:13.222 UTC 6964f INFO[0m [gateway] [34;1mfunc1[0m -> Successful response from orderer txID=1e587c8f9c9c4402eb9360bcb2039c68c5a86daea4db9c94511b37f7ac29a0e2 endpoint=orderer2.example.com:7052
[34m2026-10-07 12:59:13.223 UTC 69650 INFO[0m [gateway] [34;1mfunc1[0m -> Successful response from orderer txID=e8e0f3a4212b035e2e8cf833875d54c01168329bd39534e728464685200a4ffe endpoint=orderer.example.com:7050
[34m2026-10-07 12:59:13.224 UTC 69651 INFO[0m [gateway] [34;1mfunc1[0m -> Successful response from orderer txID=e8e0f3a4212b035e2e8cf833875d54c01168329bd39534e728464685200a4ffe endpoint=orderer3.example.com:7056
[34m2026-10-07 12:59:13.225 UTC 69652 INFO[0m [gateway] [34;1mfunc1[0m -> Successful response from orderer txID=e8e0f3a4212b035e2e8cf833875d54c01168329bd39534e728464685200a4ffe endpoint=orderer2.example.com:7052
[34m2026-10-07 12:59:13.225 UTC 69653 INFO[0m [comm.grpc.server] [34;1m1[0m -> unary call completed grpc.service=gateway.Gateway grpc.method=Submit grpc.request_deadline=2026-10-07T13:00:13.221Z grpc.peer_address=172.18.0.1:57000 grpc.code=OK grpc.call_duration=4.726801ms
[34m2026-10-07 12:59:13.229 UTC 69654 INFO[0m [gateway] [34;1mfunc1[0m -> Successful response from orderer txID=e8e0f3a4212b035e2e8cf833875d54c01168329bd39534e728464685200a4ffe endpoint=orderer4.example.com:7058
[34m2026-10-07 12:59:13.237 UTC 69655 INFO[0m [gossip.privdata] [34;1mStoreBlock[0m -> Received block [5047] from buffer channel=mychannel
[34m2026-10-07 12:59:13.243 UTC 69656 INFO[0m [committer.txvalidator] [34;1mValidate[0m -> [mychannel] Validated block [5047] in 5ms
[34m2026-10-07 12:59:13.248 UTC 69657 INFO[0m [kvledger] [34;1mcommit[0m -> [mychannel] Committed block [5047] with 10 transaction(s) in 4ms (state_validation=0ms block_and_pvtdata_commit=3ms state_commit=0ms) commitHash=[f98fbb8c896aed05b9267fe15e8c70cd027035d45963dc2668e95370af55071f]
[34m2026-10-07 12:59:13.248 UTC 69658 INFO[0m [comm.grpc.server] [34;1m1[0m -> unary call completed grpc.service=gateway.Gateway grpc.method=CommitStatus grpc.request_deadline=2026-10-07T13:00:13.222Z grpc.peer_address=172.18.0.1:57000 grpc.code=OK grpc.call_duration=25.849642ms
[34m2026-10-07 12:59:13.248 UTC 69659 INFO[0m [comm.grpc.server] [34;1m1[0m -> unary call completed grpc.service=gateway.Gateway grpc.method=CommitStatus grpc.request_deadline=2026-10-07T13:00:13.199Z grpc.peer_address=172.18.0.1:57000 grpc.code=OK grpc.call_duration=48.030448ms
[34m2026-10-07 12:59:13.248 UTC 6965a INFO[0m [comm.grpc.server] [34;1m1[0m -> unary call completed grpc.service=gateway.Gateway grpc.method=CommitStatus grpc.request_deadline=2026-10-07T13:00:13.192Z grpc.peer_address=172.18.0.1:57000 grpc.code=OK grpc.call_duration=55.830782ms
[34m2026-10-07 12:59:13.248 UTC 6965b INFO[0m [comm.grpc.server] [34;1m1[0m -> unary call completed grpc.service=gateway.Gateway grpc.method=CommitStatus grpc.request_deadline=2026-10-07T13:00:13.199Z grpc.peer_address=172.18.0.1:57000 grpc.code=OK grpc.call_duration=48.563506ms
[34m2026-10-07 12:59:13.248 UTC 6965c INFO[0m [comm.grpc.server] [34;1m1[0m -> unary call completed grpc.service=gateway.Gateway grpc.method=CommitStatus grpc.request_deadline=2026-10-07T13:00:13.197Z grpc.peer_address=172.18.0.1:57000 grpc.code=OK grpc.call_duration=50.282111ms
[34m2026-10-07 12:59:13.248 UTC 6965d INFO[0m [comm.grpc.server] [34;1m1[0m -> unary call completed grpc.service=gateway.Gateway grpc.method=CommitStatus grpc.request_deadline=2026-10-07T13:00:13.199Z grpc.peer_address=172.18.0.1:57000 grpc.code=OK grpc.call_duration=49.331885ms
[34m2026-10-07 12:59:13.248 UTC 6965e INFO[0m [comm.grpc.server] [34;1m1[0m -> unary call completed grpc.service=gateway.Gateway grpc.method=CommitStatus grpc.request_deadline=2026-10-07T13:00:13.201Z grpc.peer_address=172.18.0.1:57000 grpc.code=OK grpc.call_duration=46.567485ms
[34m2026-10-07 12:59:13.248 UTC 6965f INFO[0m [comm.grpc.server] [34;1m1[0m -> unary call completed grpc.service=gateway.Gateway grpc.method=CommitStatus grpc.request_deadline=2026-10-07T13:00:13.208Z grpc.peer_address=172.18.0.1:57000 grpc.code=OK grpc.call_duration=39.765619ms
[34m2026-10-07 12:59:13.248 UTC 69660 INFO[0m [comm.grpc.server] [34;1m1[0m -> unary call completed grpc.service=gateway.Gateway grpc.method=CommitStatus grpc.request_deadline=2026-10-07T13:00:13.197Z grpc.peer_address=172.18.0.1:57000 grpc.code=OK grpc.call_duration=49.993094ms
[34m2026-10-07 12:59:13.248 UTC 69661 INFO[0m [comm.grpc.server] [34;1m1[0m -> unary call completed grpc.service=gateway.Gateway grpc.method=CommitStatus grpc.request_deadline=2026-10-07T13:00:13.211Z grpc.peer_address=172.18.0.1:57000 grpc.code=OK grpc.call_duration=36.643186ms
[34m2026-10-07 12:59:13.295 UTC 69662 INFO[0m [gossip.privdata] [34;1mStoreBlock[0m -> Received block [5048] from buffer channel=mychannel
[34m2026-10-07 12:59:13.298 UTC 69663 INFO[0m [committer.txvalidator] [34;1mValidate[0m -> [mychannel] Validated block [5048] in 2ms
[34m2026-10-07 12:59:13.300 UTC 69664 INFO[0m [kvledger] [34;1mcommit[0m -> [mychannel] Committed block [5048] with 3 transaction(s) in 1ms (state_validation=0ms block_and_pvtdata_commit=1ms state_commit=0ms) commitHash=[f15ed447014ab5d0057c037a7a59efc9538ff21ae3d7a22d39eb2bd6b1bb648e]
[34m2026-10-07 12:59:13.301 UTC 69665 INFO[0m [comm.grpc.server] [34;1m1[0m -> unary call completed grpc.service=gateway.Gateway grpc.method=CommitStatus grpc.request_deadline=2026-10-07T13:00:13.228Z grpc.peer_address=172.18.0.1:57000 grpc.code=OK grpc.call_duration=72.553811ms
[34m2026-10-07 12:59:13.301 UTC 69666 INFO[0m [comm.grpc.server] [34;1m1[0m -> unary call completed grpc.service=gateway.Gateway grpc.method=CommitStatus grpc.request_deadline=2026-10-07T13:00:13.223Z grpc.peer_address=172.18.0.1:57000 grpc.code=OK grpc.call_duration=77.057311ms
[34m2026-10-07 12:59:13.301 UTC 69667 INFO[0m [comm.grpc.server] [34;1m1[0m -> unary call completed grpc.service=gateway.Gateway grpc.method=CommitStatus grpc.request_deadline=2026-10-07T13:00:13.225Z grpc.peer_address=172.18.0.1:57000 grpc.code=OK grpc.call_duration=75.165299ms
[34m2026-10-07 12:59:14.390 UTC 69668 INFO[0m [grpc] [34;1mInfof[0m -> [transport] [server-transport 0xc00bbfa4e0] Closing: EOF
[34m2026-10-07 12:59:14.390 UTC 69669 INFO[0m [grpc] [34;1mInfof[0m -> [transport] [server-transport 0xc00bbfa4e0] loopyWriter exiting with error: transport closed by client
