2026.10.08-05:27:21.319 info  [caliper] [cli-launch-manager] 	Set workspace path: /home/runner/work/bzt-id-experiments/bzt-id-experiments/fabric-bench/caliper
2026.10.08-05:27:21.320 info  [caliper] [cli-launch-manager] 	Set benchmark configuration path: /home/runner/work/bzt-id-experiments/bzt-id-experiments/fabric-bench/caliper/benchmarks/config.yaml
2026.10.08-05:27:21.320 info  [caliper] [cli-launch-manager] 	Set network configuration path: /home/runner/work/bzt-id-experiments/bzt-id-experiments/fabric-bench/caliper/networks/networkConfig.yaml
2026.10.08-05:27:21.320 info  [caliper] [cli-launch-manager] 	Set SUT type: fabric
2026.10.08-05:27:21.338 info  [caliper] [benchmark-validator] 	No observer specified, will default to `none`
2026.10.08-05:27:21.338 info  [caliper] [caliper-engine] 	Starting benchmark flow
2026.10.08-05:27:21.338 info  [caliper] [caliper-engine] 	Skipping start commands due to benchmark flow conditioning
2026.10.08-05:27:21.338 info  [caliper] [caliper-engine] 	Skipping initialization phase due to benchmark flow conditioning
2026.10.08-05:27:21.339 info  [caliper] [caliper-engine] 	Skipping install smart contract phase due to benchmark flow conditioning
2026.10.08-05:27:21.446 info  [caliper] [FabricConnectorFactory] 	Initializing peer gateway connector compatible with installed fabric-gateway SDK: 1.7.1
2026.10.08-05:27:21.462 info  [caliper] [IdentityManager] 	Adding User1@org1.example.com (admin=false) as User1@org1.example.com for organization Org1MSP
2026.10.08-05:27:21.464 info  [caliper] [monitor.js] 	No resource monitors specified
2026.10.08-05:27:21.465 info  [caliper] [default-observer] 	Observer interval set to 5000 milliseconds
2026.10.08-05:27:21.469 info  [caliper] [round-orchestrator] 	Preparing worker connections
2026.10.08-05:27:21.470 info  [caliper] [worker-orchestrator] 	Launching worker 1 of 1
2026.10.08-05:27:21.474 info  [caliper] [worker-orchestrator] 	Messenger not configured, entering configure phase...
2026.10.08-05:27:21.475 info  [caliper] [worker-orchestrator] 	No existing workers detected, entering worker launch phase...
2026.10.08-05:27:21.475 info  [caliper] [worker-orchestrator] 	Waiting for 1 workers to be connected...
2026.10.08-05:27:21.718 info  [caliper] [cli-launch-worker] 	Set workspace path: /home/runner/work/bzt-id-experiments/bzt-id-experiments/fabric-bench/caliper
2026.10.08-05:27:21.719 info  [caliper] [cli-launch-worker] 	Set benchmark configuration path: /home/runner/work/bzt-id-experiments/bzt-id-experiments/fabric-bench/caliper/benchmarks/config.yaml
2026.10.08-05:27:21.719 info  [caliper] [cli-launch-worker] 	Set network configuration path: /home/runner/work/bzt-id-experiments/bzt-id-experiments/fabric-bench/caliper/networks/networkConfig.yaml
2026.10.08-05:27:21.719 info  [caliper] [cli-launch-worker] 	Set SUT type: fabric
2026.10.08-05:27:21.754 info  [caliper] [worker-orchestrator] 	1 workers connected, progressing to worker assignment phase.
2026.10.08-05:27:21.754 info  [caliper] [worker-orchestrator] 	Workers currently unassigned, awaiting index assignment...
2026.10.08-05:27:21.754 info  [caliper] [worker-orchestrator] 	Waiting for 1 workers to be assigned...
2026.10.08-05:27:21.776 info  [caliper] [worker-orchestrator] 	1 workers assigned, progressing to worker initialization phase.
2026.10.08-05:27:21.776 info  [caliper] [worker-orchestrator] 	Waiting for 1 workers to be ready...
2026.10.08-05:27:21.779 info  [caliper] [worker-message-handler] 	Initializing Worker#0...
2026.10.08-05:27:21.897 info  [caliper] [FabricConnectorFactory] 	Initializing peer gateway connector compatible with installed fabric-gateway SDK: 1.7.1
2026.10.08-05:27:21.901 info  [caliper] [IdentityManager] 	Adding User1@org1.example.com (admin=false) as User1@org1.example.com for organization Org1MSP
2026.10.08-05:27:21.905 info  [caliper] [worker-message-handler] 	Worker#0 initialized
2026.10.08-05:27:21.906 info  [caliper] [worker-orchestrator] 	1 workers ready, progressing to test preparation phase.
2026.10.08-05:27:21.906 info  [caliper] [round-orchestrator] 	Started round 1 (seed)
2026.10.08-05:27:21.908 info  [caliper] [worker-message-handler] 	Preparing Worker#0 for Round#0
2026.10.08-05:27:21.921 info  [caliper] [connectors/peer-gateway/PeerGateway] 	Generating contract map for user User1@org1.example.com
2026.10.08-05:27:21.921 info  [caliper] [caliper-worker] 	Info: worker 0 prepare test phase for round 0 is starting...
2026.10.08-05:27:21.923 info  [caliper] [connectors/peer-gateway/PeerGateway] 	disconnecting gateway for user User1@org1.example.com
2026.10.08-05:27:21.923 info  [caliper] [connectors/peer-gateway/PeerGateway] 	disconnecting gRpc client at peer peer0.org1.example.com
2026.10.08-05:27:21.924 info  [caliper] [caliper-worker] 	Info: worker 0 prepare test phase for round 0 is completed
2026.10.08-05:27:21.924 info  [caliper] [worker-message-handler] 	Worker#0 prepared for Round#0
2026.10.08-05:27:21.924 info  [caliper] [worker-orchestrator] 	1 workers prepared, progressing to test phase.
2026.10.08-05:27:21.925 info  [caliper] [round-orchestrator] 	Monitors successfully started
2026.10.08-05:27:21.925 info  [caliper] [worker-message-handler] 	Worker#0 is starting Round#0
2026.10.08-05:27:21.928 info  [caliper] [connectors/peer-gateway/PeerGateway] 	Generating contract map for user User1@org1.example.com
2026.10.08-05:27:21.929 info  [caliper] [caliper-worker] 	Worker #0 starting workload loop
2026.10.08-05:27:26.936 info  [caliper] [default-observer] 	[seed Round 0 Transaction Info] - Submitted: 137 Succ: 110 Fail:0 Unfinished:27
2026.10.08-05:27:29.932 info  [caliper] [connectors/peer-gateway/PeerGateway] 	disconnecting gateway for user User1@org1.example.com
2026.10.08-05:27:29.932 info  [caliper] [connectors/peer-gateway/PeerGateway] 	disconnecting gRpc client at peer peer0.org1.example.com
2026.10.08-05:27:29.932 info  [caliper] [worker-message-handler] 	Worker#0 finished Round#0
2026.10.08-05:27:34.934 info  [caliper] [default-observer] 	Resetting txCount indicator count
2026.10.08-05:27:34.935 info  [caliper] [report-builder] 	### Test result ###
2026.10.08-05:27:34.938 info  [caliper] [report-builder] 	
+------+------+------+-----------------+-----------------+-----------------+-----------------+------------------+
| Name | Succ | Fail | Send Rate (TPS) | Max Latency (s) | Min Latency (s) | Avg Latency (s) | Throughput (TPS) |
|------|------|------|-----------------|-----------------|-----------------|-----------------|------------------|
| seed | 500  | 0    | 75.8            | 1.92            | 0.03            | 0.27            | 74.1             |
+------+------+------+-----------------+-----------------+-----------------+-----------------+------------------+

2026.10.08-05:27:34.938 info  [caliper] [round-orchestrator] 	Finished round 1 (seed) in 7.002 seconds
2026.10.08-05:27:34.939 info  [caliper] [monitor.js] 	Stopping all monitors
2026.10.08-05:27:34.939 info  [caliper] [round-orchestrator] 	Waiting 5 seconds for the next round...
2026.10.08-05:27:39.939 info  [caliper] [round-orchestrator] 	Started round 2 (issue-10tps)
2026.10.08-05:27:39.940 info  [caliper] [worker-message-handler] 	Preparing Worker#0 for Round#1
2026.10.08-05:27:39.942 info  [caliper] [connectors/peer-gateway/PeerGateway] 	Generating contract map for user User1@org1.example.com
2026.10.08-05:27:39.942 info  [caliper] [caliper-worker] 	Info: worker 0 prepare test phase for round 1 is starting...
2026.10.08-05:27:39.943 info  [caliper] [connectors/peer-gateway/PeerGateway] 	disconnecting gateway for user User1@org1.example.com
2026.10.08-05:27:39.943 info  [caliper] [connectors/peer-gateway/PeerGateway] 	disconnecting gRpc client at peer peer0.org1.example.com
2026.10.08-05:27:39.944 info  [caliper] [caliper-worker] 	Info: worker 0 prepare test phase for round 1 is completed
2026.10.08-05:27:39.944 info  [caliper] [worker-message-handler] 	Worker#0 prepared for Round#1
2026.10.08-05:27:39.944 info  [caliper] [worker-orchestrator] 	1 workers prepared, progressing to test phase.
2026.10.08-05:27:39.944 info  [caliper] [round-orchestrator] 	Monitors successfully started
2026.10.08-05:27:39.945 info  [caliper] [worker-message-handler] 	Worker#0 is starting Round#1
2026.10.08-05:27:39.946 info  [caliper] [connectors/peer-gateway/PeerGateway] 	Generating contract map for user User1@org1.example.com
2026.10.08-05:27:39.947 info  [caliper] [caliper-worker] 	Worker #0 starting workload loop
2026.10.08-05:27:44.947 info  [caliper] [default-observer] 	[issue-10tps Round 1 Transaction Info] - Submitted: 41 Succ: 40 Fail:0 Unfinished:1
2026.10.08-05:27:49.948 info  [caliper] [default-observer] 	[issue-10tps Round 1 Transaction Info] - Submitted: 91 Succ: 90 Fail:0 Unfinished:1
2026.10.08-05:27:54.948 info  [caliper] [default-observer] 	[issue-10tps Round 1 Transaction Info] - Submitted: 141 Succ: 140 Fail:0 Unfinished:1
2026.10.08-05:27:59.949 info  [caliper] [default-observer] 	[issue-10tps Round 1 Transaction Info] - Submitted: 191 Succ: 190 Fail:0 Unfinished:1
2026.10.08-05:28:04.950 info  [caliper] [default-observer] 	[issue-10tps Round 1 Transaction Info] - Submitted: 251 Succ: 250 Fail:0 Unfinished:1
2026.10.08-05:28:09.950 info  [caliper] [default-observer] 	[issue-10tps Round 1 Transaction Info] - Submitted: 301 Succ: 300 Fail:0 Unfinished:1
2026.10.08-05:28:13.052 info  [caliper] [connectors/peer-gateway/PeerGateway] 	disconnecting gateway for user User1@org1.example.com
2026.10.08-05:28:13.052 info  [caliper] [connectors/peer-gateway/PeerGateway] 	disconnecting gRpc client at peer peer0.org1.example.com
2026.10.08-05:28:13.052 info  [caliper] [worker-message-handler] 	Worker#0 finished Round#1
2026.10.08-05:28:18.057 info  [caliper] [default-observer] 	Resetting txCount indicator count
2026.10.08-05:28:18.057 info  [caliper] [report-builder] 	### Test result ###
2026.10.08-05:28:18.058 info  [caliper] [report-builder] 	
+-------------+------+------+-----------------+-----------------+-----------------+-----------------+------------------+
| Name        | Succ | Fail | Send Rate (TPS) | Max Latency (s) | Min Latency (s) | Avg Latency (s) | Throughput (TPS) |
|-------------|------|------|-----------------|-----------------|-----------------|-----------------|------------------|
| issue-10tps | 301  | 0    | 10.0            | 2.02            | 0.02            | 0.48            | 9.4              |
+-------------+------+------+-----------------+-----------------+-----------------+-----------------+------------------+

2026.10.08-05:28:18.058 info  [caliper] [round-orchestrator] 	Finished round 2 (issue-10tps) in 32.105 seconds
2026.10.08-05:28:18.058 info  [caliper] [monitor.js] 	Stopping all monitors
2026.10.08-05:28:18.058 info  [caliper] [round-orchestrator] 	Waiting 5 seconds for the next round...
2026.10.08-05:28:23.064 info  [caliper] [round-orchestrator] 	Started round 3 (issue-25tps)
2026.10.08-05:28:23.065 info  [caliper] [worker-message-handler] 	Preparing Worker#0 for Round#2
2026.10.08-05:28:23.067 info  [caliper] [connectors/peer-gateway/PeerGateway] 	Generating contract map for user User1@org1.example.com
2026.10.08-05:28:23.067 info  [caliper] [caliper-worker] 	Info: worker 0 prepare test phase for round 2 is starting...
2026.10.08-05:28:23.068 info  [caliper] [connectors/peer-gateway/PeerGateway] 	disconnecting gateway for user User1@org1.example.com
2026.10.08-05:28:23.068 info  [caliper] [connectors/peer-gateway/PeerGateway] 	disconnecting gRpc client at peer peer0.org1.example.com
2026.10.08-05:28:23.069 info  [caliper] [caliper-worker] 	Info: worker 0 prepare test phase for round 2 is completed
2026.10.08-05:28:23.069 info  [caliper] [worker-message-handler] 	Worker#0 prepared for Round#2
2026.10.08-05:28:23.069 info  [caliper] [worker-orchestrator] 	1 workers prepared, progressing to test phase.
2026.10.08-05:28:23.069 info  [caliper] [round-orchestrator] 	Monitors successfully started
2026.10.08-05:28:23.070 info  [caliper] [worker-message-handler] 	Worker#0 is starting Round#2
2026.10.08-05:28:23.071 info  [caliper] [connectors/peer-gateway/PeerGateway] 	Generating contract map for user User1@org1.example.com
2026.10.08-05:28:23.072 info  [caliper] [caliper-worker] 	Worker #0 starting workload loop
2026.10.08-05:28:28.071 info  [caliper] [default-observer] 	[issue-25tps Round 2 Transaction Info] - Submitted: 101 Succ: 100 Fail:0 Unfinished:1
2026.10.08-05:28:33.073 info  [caliper] [default-observer] 	[issue-25tps Round 2 Transaction Info] - Submitted: 226 Succ: 220 Fail:0 Unfinished:6
2026.10.08-05:28:38.073 info  [caliper] [default-observer] 	[issue-25tps Round 2 Transaction Info] - Submitted: 351 Succ: 350 Fail:0 Unfinished:1
2026.10.08-05:28:43.074 info  [caliper] [default-observer] 	[issue-25tps Round 2 Transaction Info] - Submitted: 476 Succ: 470 Fail:0 Unfinished:6
2026.10.08-05:28:48.075 info  [caliper] [default-observer] 	[issue-25tps Round 2 Transaction Info] - Submitted: 626 Succ: 620 Fail:0 Unfinished:6
2026.10.08-05:28:53.075 info  [caliper] [default-observer] 	[issue-25tps Round 2 Transaction Info] - Submitted: 751 Succ: 750 Fail:0 Unfinished:1
2026.10.08-05:28:56.178 info  [caliper] [connectors/peer-gateway/PeerGateway] 	disconnecting gateway for user User1@org1.example.com
2026.10.08-05:28:56.178 info  [caliper] [connectors/peer-gateway/PeerGateway] 	disconnecting gRpc client at peer peer0.org1.example.com
2026.10.08-05:28:56.179 info  [caliper] [worker-message-handler] 	Worker#0 finished Round#2
2026.10.08-05:29:01.182 info  [caliper] [default-observer] 	Resetting txCount indicator count
2026.10.08-05:29:01.182 info  [caliper] [report-builder] 	### Test result ###
2026.10.08-05:29:01.183 info  [caliper] [report-builder] 	
+-------------+------+------+-----------------+-----------------+-----------------+-----------------+------------------+
| Name        | Succ | Fail | Send Rate (TPS) | Max Latency (s) | Min Latency (s) | Avg Latency (s) | Throughput (TPS) |
|-------------|------|------|-----------------|-----------------|-----------------|-----------------|------------------|
| issue-25tps | 751  | 0    | 25.0            | 2.02            | 0.02            | 0.20            | 23.5             |
+-------------+------+------+-----------------+-----------------+-----------------+-----------------+------------------+

2026.10.08-05:29:01.183 info  [caliper] [round-orchestrator] 	Finished round 3 (issue-25tps) in 32.105 seconds
2026.10.08-05:29:01.183 info  [caliper] [monitor.js] 	Stopping all monitors
2026.10.08-05:29:01.183 info  [caliper] [round-orchestrator] 	Waiting 5 seconds for the next round...
2026.10.08-05:29:06.189 info  [caliper] [round-orchestrator] 	Started round 4 (issue-50tps)
2026.10.08-05:29:06.190 info  [caliper] [worker-message-handler] 	Preparing Worker#0 for Round#3
2026.10.08-05:29:06.194 info  [caliper] [connectors/peer-gateway/PeerGateway] 	Generating contract map for user User1@org1.example.com
2026.10.08-05:29:06.194 info  [caliper] [caliper-worker] 	Info: worker 0 prepare test phase for round 3 is starting...
2026.10.08-05:29:06.195 info  [caliper] [connectors/peer-gateway/PeerGateway] 	disconnecting gateway for user User1@org1.example.com
2026.10.08-05:29:06.195 info  [caliper] [connectors/peer-gateway/PeerGateway] 	disconnecting gRpc client at peer peer0.org1.example.com
2026.10.08-05:29:06.195 info  [caliper] [caliper-worker] 	Info: worker 0 prepare test phase for round 3 is completed
2026.10.08-05:29:06.196 info  [caliper] [worker-message-handler] 	Worker#0 prepared for Round#3
2026.10.08-05:29:06.196 info  [caliper] [worker-orchestrator] 	1 workers prepared, progressing to test phase.
2026.10.08-05:29:06.196 info  [caliper] [round-orchestrator] 	Monitors successfully started
2026.10.08-05:29:06.196 info  [caliper] [worker-message-handler] 	Worker#0 is starting Round#3
2026.10.08-05:29:06.198 info  [caliper] [connectors/peer-gateway/PeerGateway] 	Generating contract map for user User1@org1.example.com
2026.10.08-05:29:06.198 info  [caliper] [caliper-worker] 	Worker #0 starting workload loop
2026.10.08-05:29:11.196 info  [caliper] [default-observer] 	[issue-50tps Round 3 Transaction Info] - Submitted: 200 Succ: 190 Fail:0 Unfinished:10
2026.10.08-05:29:16.198 info  [caliper] [default-observer] 	[issue-50tps Round 3 Transaction Info] - Submitted: 500 Succ: 490 Fail:0 Unfinished:10
2026.10.08-05:29:21.198 info  [caliper] [default-observer] 	[issue-50tps Round 3 Transaction Info] - Submitted: 700 Succ: 694 Fail:0 Unfinished:6
2026.10.08-05:29:26.200 info  [caliper] [default-observer] 	[issue-50tps Round 3 Transaction Info] - Submitted: 951 Succ: 950 Fail:0 Unfinished:1
2026.10.08-05:29:31.201 info  [caliper] [default-observer] 	[issue-50tps Round 3 Transaction Info] - Submitted: 1251 Succ: 1250 Fail:0 Unfinished:1
2026.10.08-05:29:36.202 info  [caliper] [default-observer] 	[issue-50tps Round 3 Transaction Info] - Submitted: 1501 Succ: 1500 Fail:0 Unfinished:1
2026.10.08-05:29:39.308 info  [caliper] [connectors/peer-gateway/PeerGateway] 	disconnecting gateway for user User1@org1.example.com
2026.10.08-05:29:39.308 info  [caliper] [connectors/peer-gateway/PeerGateway] 	disconnecting gRpc client at peer peer0.org1.example.com
2026.10.08-05:29:39.309 info  [caliper] [worker-message-handler] 	Worker#0 finished Round#3
2026.10.08-05:29:44.310 info  [caliper] [default-observer] 	Resetting txCount indicator count
2026.10.08-05:29:44.310 info  [caliper] [report-builder] 	### Test result ###
2026.10.08-05:29:44.311 info  [caliper] [report-builder] 	
+-------------+------+------+-----------------+-----------------+-----------------+-----------------+------------------+
| Name        | Succ | Fail | Send Rate (TPS) | Max Latency (s) | Min Latency (s) | Avg Latency (s) | Throughput (TPS) |
|-------------|------|------|-----------------|-----------------|-----------------|-----------------|------------------|
| issue-50tps | 1501 | 0    | 50.0            | 2.02            | 0.02            | 0.11            | 46.9             |
+-------------+------+------+-----------------+-----------------+-----------------+-----------------+------------------+

2026.10.08-05:29:44.312 info  [caliper] [round-orchestrator] 	Finished round 4 (issue-50tps) in 32.11 seconds
2026.10.08-05:29:44.312 info  [caliper] [monitor.js] 	Stopping all monitors
2026.10.08-05:29:44.312 info  [caliper] [round-orchestrator] 	Waiting 5 seconds for the next round...
2026.10.08-05:29:49.317 info  [caliper] [round-orchestrator] 	Started round 5 (issue-100tps)
2026.10.08-05:29:49.318 info  [caliper] [worker-message-handler] 	Preparing Worker#0 for Round#4
2026.10.08-05:29:49.322 info  [caliper] [connectors/peer-gateway/PeerGateway] 	Generating contract map for user User1@org1.example.com
2026.10.08-05:29:49.323 info  [caliper] [caliper-worker] 	Info: worker 0 prepare test phase for round 4 is starting...
2026.10.08-05:29:49.324 info  [caliper] [connectors/peer-gateway/PeerGateway] 	disconnecting gateway for user User1@org1.example.com
2026.10.08-05:29:49.324 info  [caliper] [connectors/peer-gateway/PeerGateway] 	disconnecting gRpc client at peer peer0.org1.example.com
2026.10.08-05:29:49.324 info  [caliper] [caliper-worker] 	Info: worker 0 prepare test phase for round 4 is completed
2026.10.08-05:29:49.324 info  [caliper] [worker-message-handler] 	Worker#0 prepared for Round#4
2026.10.08-05:29:49.325 info  [caliper] [worker-orchestrator] 	1 workers prepared, progressing to test phase.
2026.10.08-05:29:49.325 info  [caliper] [round-orchestrator] 	Monitors successfully started
2026.10.08-05:29:49.325 info  [caliper] [worker-message-handler] 	Worker#0 is starting Round#4
2026.10.08-05:29:49.326 info  [caliper] [connectors/peer-gateway/PeerGateway] 	Generating contract map for user User1@org1.example.com
2026.10.08-05:29:49.327 info  [caliper] [caliper-worker] 	Worker #0 starting workload loop
2026.10.08-05:29:54.325 info  [caliper] [default-observer] 	[issue-100tps Round 4 Transaction Info] - Submitted: 401 Succ: 390 Fail:0 Unfinished:11
2026.10.08-05:29:59.326 info  [caliper] [default-observer] 	[issue-100tps Round 4 Transaction Info] - Submitted: 901 Succ: 890 Fail:0 Unfinished:11
2026.10.08-05:30:04.328 info  [caliper] [default-observer] 	[issue-100tps Round 4 Transaction Info] - Submitted: 1401 Succ: 1390 Fail:0 Unfinished:11
2026.10.08-05:30:09.329 info  [caliper] [default-observer] 	[issue-100tps Round 4 Transaction Info] - Submitted: 1901 Succ: 1890 Fail:0 Unfinished:11
2026.10.08-05:30:14.330 info  [caliper] [default-observer] 	[issue-100tps Round 4 Transaction Info] - Submitted: 2401 Succ: 2390 Fail:0 Unfinished:11
2026.10.08-05:30:19.331 info  [caliper] [default-observer] 	[issue-100tps Round 4 Transaction Info] - Submitted: 2901 Succ: 2890 Fail:0 Unfinished:11
2026.10.08-05:30:22.435 info  [caliper] [connectors/peer-gateway/PeerGateway] 	disconnecting gateway for user User1@org1.example.com
2026.10.08-05:30:22.435 info  [caliper] [connectors/peer-gateway/PeerGateway] 	disconnecting gRpc client at peer peer0.org1.example.com
2026.10.08-05:30:22.436 info  [caliper] [worker-message-handler] 	Worker#0 finished Round#4
2026.10.08-05:30:27.438 info  [caliper] [default-observer] 	Resetting txCount indicator count
2026.10.08-05:30:27.439 info  [caliper] [report-builder] 	### Test result ###
2026.10.08-05:30:27.440 info  [caliper] [report-builder] 	
+--------------+------+------+-----------------+-----------------+-----------------+-----------------+------------------+
| Name         | Succ | Fail | Send Rate (TPS) | Max Latency (s) | Min Latency (s) | Avg Latency (s) | Throughput (TPS) |
|--------------|------|------|-----------------|-----------------|-----------------|-----------------|------------------|
| issue-100tps | 3001 | 0    | 100.0           | 2.02            | 0.02            | 0.07            | 93.7             |
+--------------+------+------+-----------------+-----------------+-----------------+-----------------+------------------+

2026.10.08-05:30:27.440 info  [caliper] [round-orchestrator] 	Finished round 5 (issue-100tps) in 32.107 seconds
2026.10.08-05:30:27.440 info  [caliper] [monitor.js] 	Stopping all monitors
2026.10.08-05:30:27.440 info  [caliper] [round-orchestrator] 	Waiting 5 seconds for the next round...
2026.10.08-05:30:32.445 info  [caliper] [round-orchestrator] 	Started round 6 (issue-150tps)
2026.10.08-05:30:32.446 info  [caliper] [worker-message-handler] 	Preparing Worker#0 for Round#5
2026.10.08-05:30:32.450 info  [caliper] [connectors/peer-gateway/PeerGateway] 	Generating contract map for user User1@org1.example.com
2026.10.08-05:30:32.450 info  [caliper] [caliper-worker] 	Info: worker 0 prepare test phase for round 5 is starting...
2026.10.08-05:30:32.452 info  [caliper] [connectors/peer-gateway/PeerGateway] 	disconnecting gateway for user User1@org1.example.com
2026.10.08-05:30:32.452 info  [caliper] [connectors/peer-gateway/PeerGateway] 	disconnecting gRpc client at peer peer0.org1.example.com
2026.10.08-05:30:32.452 info  [caliper] [caliper-worker] 	Info: worker 0 prepare test phase for round 5 is completed
2026.10.08-05:30:32.452 info  [caliper] [worker-message-handler] 	Worker#0 prepared for Round#5
2026.10.08-05:30:32.452 info  [caliper] [worker-orchestrator] 	1 workers prepared, progressing to test phase.
2026.10.08-05:30:32.452 info  [caliper] [round-orchestrator] 	Monitors successfully started
2026.10.08-05:30:32.453 info  [caliper] [worker-message-handler] 	Worker#0 is starting Round#5
2026.10.08-05:30:32.454 info  [caliper] [connectors/peer-gateway/PeerGateway] 	Generating contract map for user User1@org1.example.com
2026.10.08-05:30:32.454 info  [caliper] [caliper-worker] 	Worker #0 starting workload loop
2026.10.08-05:30:37.452 info  [caliper] [default-observer] 	[issue-150tps Round 5 Transaction Info] - Submitted: 600 Succ: 590 Fail:0 Unfinished:10
2026.10.08-05:30:42.453 info  [caliper] [default-observer] 	[issue-150tps Round 5 Transaction Info] - Submitted: 1350 Succ: 1340 Fail:0 Unfinished:10
2026.10.08-05:30:47.454 info  [caliper] [default-observer] 	[issue-150tps Round 5 Transaction Info] - Submitted: 2100 Succ: 2090 Fail:0 Unfinished:10
2026.10.08-05:30:52.455 info  [caliper] [default-observer] 	[issue-150tps Round 5 Transaction Info] - Submitted: 2851 Succ: 2840 Fail:0 Unfinished:11
2026.10.08-05:30:57.455 info  [caliper] [default-observer] 	[issue-150tps Round 5 Transaction Info] - Submitted: 3601 Succ: 3590 Fail:0 Unfinished:11
2026.10.08-05:31:02.455 info  [caliper] [default-observer] 	[issue-150tps Round 5 Transaction Info] - Submitted: 4351 Succ: 4340 Fail:0 Unfinished:11
2026.10.08-05:31:05.560 info  [caliper] [connectors/peer-gateway/PeerGateway] 	disconnecting gateway for user User1@org1.example.com
2026.10.08-05:31:05.560 info  [caliper] [connectors/peer-gateway/PeerGateway] 	disconnecting gRpc client at peer peer0.org1.example.com
2026.10.08-05:31:05.561 info  [caliper] [worker-message-handler] 	Worker#0 finished Round#5
2026.10.08-05:31:10.562 info  [caliper] [default-observer] 	Resetting txCount indicator count
2026.10.08-05:31:10.562 info  [caliper] [report-builder] 	### Test result ###
2026.10.08-05:31:10.563 info  [caliper] [report-builder] 	
+--------------+------+------+-----------------+-----------------+-----------------+-----------------+------------------+
| Name         | Succ | Fail | Send Rate (TPS) | Max Latency (s) | Min Latency (s) | Avg Latency (s) | Throughput (TPS) |
|--------------|------|------|-----------------|-----------------|-----------------|-----------------|------------------|
| issue-150tps | 4501 | 0    | 150.0           | 2.02            | 0.02            | 0.06            | 140.6            |
+--------------+------+------+-----------------+-----------------+-----------------+-----------------+------------------+

2026.10.08-05:31:10.563 info  [caliper] [round-orchestrator] 	Finished round 6 (issue-150tps) in 32.106 seconds
2026.10.08-05:31:10.563 info  [caliper] [monitor.js] 	Stopping all monitors
2026.10.08-05:31:10.563 info  [caliper] [round-orchestrator] 	Waiting 5 seconds for the next round...
2026.10.08-05:31:15.567 info  [caliper] [round-orchestrator] 	Started round 7 (issue-200tps)
2026.10.08-05:31:15.568 info  [caliper] [worker-message-handler] 	Preparing Worker#0 for Round#6
2026.10.08-05:31:15.572 info  [caliper] [connectors/peer-gateway/PeerGateway] 	Generating contract map for user User1@org1.example.com
2026.10.08-05:31:15.572 info  [caliper] [caliper-worker] 	Info: worker 0 prepare test phase for round 6 is starting...
2026.10.08-05:31:15.573 info  [caliper] [connectors/peer-gateway/PeerGateway] 	disconnecting gateway for user User1@org1.example.com
2026.10.08-05:31:15.573 info  [caliper] [connectors/peer-gateway/PeerGateway] 	disconnecting gRpc client at peer peer0.org1.example.com
2026.10.08-05:31:15.573 info  [caliper] [caliper-worker] 	Info: worker 0 prepare test phase for round 6 is completed
2026.10.08-05:31:15.573 info  [caliper] [worker-message-handler] 	Worker#0 prepared for Round#6
2026.10.08-05:31:15.574 info  [caliper] [worker-orchestrator] 	1 workers prepared, progressing to test phase.
2026.10.08-05:31:15.574 info  [caliper] [round-orchestrator] 	Monitors successfully started
2026.10.08-05:31:15.574 info  [caliper] [worker-message-handler] 	Worker#0 is starting Round#6
2026.10.08-05:31:15.575 info  [caliper] [connectors/peer-gateway/PeerGateway] 	Generating contract map for user User1@org1.example.com
2026.10.08-05:31:15.576 info  [caliper] [caliper-worker] 	Worker #0 starting workload loop
2026.10.08-05:31:20.576 info  [caliper] [default-observer] 	[issue-200tps Round 6 Transaction Info] - Submitted: 799 Succ: 780 Fail:0 Unfinished:19
2026.10.08-05:31:25.578 info  [caliper] [default-observer] 	[issue-200tps Round 6 Transaction Info] - Submitted: 1801 Succ: 1790 Fail:0 Unfinished:11
2026.10.08-05:31:30.577 info  [caliper] [default-observer] 	[issue-200tps Round 6 Transaction Info] - Submitted: 2804 Succ: 2790 Fail:0 Unfinished:14
2026.10.08-05:31:35.579 info  [caliper] [default-observer] 	[issue-200tps Round 6 Transaction Info] - Submitted: 3805 Succ: 3790 Fail:0 Unfinished:15
2026.10.08-05:31:40.580 info  [caliper] [default-observer] 	[issue-200tps Round 6 Transaction Info] - Submitted: 4809 Succ: 4790 Fail:0 Unfinished:19
2026.10.08-05:31:45.581 info  [caliper] [default-observer] 	[issue-200tps Round 6 Transaction Info] - Submitted: 5806 Succ: 5790 Fail:0 Unfinished:16
2026.10.08-05:31:48.684 info  [caliper] [connectors/peer-gateway/PeerGateway] 	disconnecting gateway for user User1@org1.example.com
2026.10.08-05:31:48.684 info  [caliper] [connectors/peer-gateway/PeerGateway] 	disconnecting gRpc client at peer peer0.org1.example.com
2026.10.08-05:31:48.685 info  [caliper] [worker-message-handler] 	Worker#0 finished Round#6
2026.10.08-05:31:53.690 info  [caliper] [default-observer] 	Resetting txCount indicator count
2026.10.08-05:31:53.690 info  [caliper] [report-builder] 	### Test result ###
2026.10.08-05:31:53.691 info  [caliper] [report-builder] 	
+--------------+------+------+-----------------+-----------------+-----------------+-----------------+------------------+
| Name         | Succ | Fail | Send Rate (TPS) | Max Latency (s) | Min Latency (s) | Avg Latency (s) | Throughput (TPS) |
|--------------|------|------|-----------------|-----------------|-----------------|-----------------|------------------|
| issue-200tps | 6001 | 0    | 200.0           | 2.05            | 0.03            | 0.07            | 187.4            |
+--------------+------+------+-----------------+-----------------+-----------------+-----------------+------------------+

2026.10.08-05:31:53.691 info  [caliper] [round-orchestrator] 	Finished round 7 (issue-200tps) in 32.109 seconds
2026.10.08-05:31:53.691 info  [caliper] [monitor.js] 	Stopping all monitors
2026.10.08-05:31:53.691 info  [caliper] [round-orchestrator] 	Waiting 5 seconds for the next round...
2026.10.08-05:31:58.697 info  [caliper] [round-orchestrator] 	Started round 8 (issue-300tps)
2026.10.08-05:31:58.697 info  [caliper] [worker-message-handler] 	Preparing Worker#0 for Round#7
2026.10.08-05:31:58.701 info  [caliper] [connectors/peer-gateway/PeerGateway] 	Generating contract map for user User1@org1.example.com
2026.10.08-05:31:58.701 info  [caliper] [caliper-worker] 	Info: worker 0 prepare test phase for round 7 is starting...
2026.10.08-05:31:58.703 info  [caliper] [connectors/peer-gateway/PeerGateway] 	disconnecting gateway for user User1@org1.example.com
2026.10.08-05:31:58.703 info  [caliper] [connectors/peer-gateway/PeerGateway] 	disconnecting gRpc client at peer peer0.org1.example.com
2026.10.08-05:31:58.703 info  [caliper] [caliper-worker] 	Info: worker 0 prepare test phase for round 7 is completed
2026.10.08-05:31:58.703 info  [caliper] [worker-message-handler] 	Worker#0 prepared for Round#7
2026.10.08-05:31:58.703 info  [caliper] [worker-orchestrator] 	1 workers prepared, progressing to test phase.
2026.10.08-05:31:58.704 info  [caliper] [round-orchestrator] 	Monitors successfully started
2026.10.08-05:31:58.704 info  [caliper] [worker-message-handler] 	Worker#0 is starting Round#7
2026.10.08-05:31:58.705 info  [caliper] [connectors/peer-gateway/PeerGateway] 	Generating contract map for user User1@org1.example.com
2026.10.08-05:31:58.706 info  [caliper] [caliper-worker] 	Worker #0 starting workload loop
2026.10.08-05:32:03.704 info  [caliper] [default-observer] 	[issue-300tps Round 7 Transaction Info] - Submitted: 801 Succ: 790 Fail:0 Unfinished:11
2026.10.08-05:32:08.706 info  [caliper] [default-observer] 	[issue-300tps Round 7 Transaction Info] - Submitted: 1809 Succ: 1800 Fail:0 Unfinished:9
2026.10.08-05:32:13.706 info  [caliper] [default-observer] 	[issue-300tps Round 7 Transaction Info] - Submitted: 2811 Succ: 2790 Fail:0 Unfinished:21
2026.10.08-05:32:18.708 info  [caliper] [default-observer] 	[issue-300tps Round 7 Transaction Info] - Submitted: 3807 Succ: 3790 Fail:0 Unfinished:17
2026.10.08-05:32:23.716 info  [caliper] [default-observer] 	[issue-300tps Round 7 Transaction Info] - Submitted: 4804 Succ: 4790 Fail:0 Unfinished:14
2026.10.08-05:32:28.715 info  [caliper] [default-observer] 	[issue-300tps Round 7 Transaction Info] - Submitted: 5821 Succ: 5800 Fail:0 Unfinished:21
2026.10.08-05:32:31.828 info  [caliper] [connectors/peer-gateway/PeerGateway] 	disconnecting gateway for user User1@org1.example.com
2026.10.08-05:32:31.829 info  [caliper] [connectors/peer-gateway/PeerGateway] 	disconnecting gRpc client at peer peer0.org1.example.com
2026.10.08-05:32:31.829 info  [caliper] [worker-message-handler] 	Worker#0 finished Round#7
2026.10.08-05:32:36.833 info  [caliper] [default-observer] 	Resetting txCount indicator count
2026.10.08-05:32:36.833 info  [caliper] [report-builder] 	### Test result ###
2026.10.08-05:32:36.834 info  [caliper] [report-builder] 	
+--------------+------+------+-----------------+-----------------+-----------------+-----------------+------------------+
| Name         | Succ | Fail | Send Rate (TPS) | Max Latency (s) | Min Latency (s) | Avg Latency (s) | Throughput (TPS) |
|--------------|------|------|-----------------|-----------------|-----------------|-----------------|------------------|
| issue-300tps | 6011 | 0    | 200.3           | 2.02            | 0.03            | 0.09            | 187.6            |
+--------------+------+------+-----------------+-----------------+-----------------+-----------------+------------------+

2026.10.08-05:32:36.834 info  [caliper] [round-orchestrator] 	Finished round 8 (issue-300tps) in 32.123 seconds
2026.10.08-05:32:36.834 info  [caliper] [monitor.js] 	Stopping all monitors
2026.10.08-05:32:36.834 info  [caliper] [round-orchestrator] 	Waiting 5 seconds for the next round...
2026.10.08-05:32:41.840 info  [caliper] [round-orchestrator] 	Started round 9 (verify-100tps)
2026.10.08-05:32:41.840 info  [caliper] [worker-message-handler] 	Preparing Worker#0 for Round#8
2026.10.08-05:32:41.844 info  [caliper] [connectors/peer-gateway/PeerGateway] 	Generating contract map for user User1@org1.example.com
2026.10.08-05:32:41.845 info  [caliper] [caliper-worker] 	Info: worker 0 prepare test phase for round 8 is starting...
2026.10.08-05:32:41.846 info  [caliper] [connectors/peer-gateway/PeerGateway] 	disconnecting gateway for user User1@org1.example.com
2026.10.08-05:32:41.846 info  [caliper] [connectors/peer-gateway/PeerGateway] 	disconnecting gRpc client at peer peer0.org1.example.com
2026.10.08-05:32:41.846 info  [caliper] [caliper-worker] 	Info: worker 0 prepare test phase for round 8 is completed
2026.10.08-05:32:41.846 info  [caliper] [worker-message-handler] 	Worker#0 prepared for Round#8
2026.10.08-05:32:41.847 info  [caliper] [worker-orchestrator] 	1 workers prepared, progressing to test phase.
2026.10.08-05:32:41.847 info  [caliper] [round-orchestrator] 	Monitors successfully started
2026.10.08-05:32:41.847 info  [caliper] [worker-message-handler] 	Worker#0 is starting Round#8
2026.10.08-05:32:41.848 info  [caliper] [connectors/peer-gateway/PeerGateway] 	Generating contract map for user User1@org1.example.com
2026.10.08-05:32:41.849 info  [caliper] [caliper-worker] 	Worker #0 starting workload loop
2026.10.08-05:32:46.848 info  [caliper] [default-observer] 	[verify-100tps Round 8 Transaction Info] - Submitted: 400 Succ: 400 Fail:0 Unfinished:0
2026.10.08-05:32:51.848 info  [caliper] [default-observer] 	[verify-100tps Round 8 Transaction Info] - Submitted: 900 Succ: 900 Fail:0 Unfinished:0
2026.10.08-05:32:56.850 info  [caliper] [default-observer] 	[verify-100tps Round 8 Transaction Info] - Submitted: 1501 Succ: 1500 Fail:0 Unfinished:1
2026.10.08-05:33:01.850 info  [caliper] [default-observer] 	[verify-100tps Round 8 Transaction Info] - Submitted: 1900 Succ: 1900 Fail:0 Unfinished:0
2026.10.08-05:33:06.850 info  [caliper] [default-observer] 	[verify-100tps Round 8 Transaction Info] - Submitted: 2401 Succ: 2400 Fail:0 Unfinished:1
2026.10.08-05:33:11.851 info  [caliper] [default-observer] 	[verify-100tps Round 8 Transaction Info] - Submitted: 2900 Succ: 2900 Fail:0 Unfinished:0
2026.10.08-05:33:12.951 info  [caliper] [connectors/peer-gateway/PeerGateway] 	disconnecting gateway for user User1@org1.example.com
2026.10.08-05:33:12.951 info  [caliper] [connectors/peer-gateway/PeerGateway] 	disconnecting gRpc client at peer peer0.org1.example.com
2026.10.08-05:33:12.952 info  [caliper] [worker-message-handler] 	Worker#0 finished Round#8
2026.10.08-05:33:17.953 info  [caliper] [default-observer] 	Resetting txCount indicator count
2026.10.08-05:33:17.953 info  [caliper] [report-builder] 	### Test result ###
2026.10.08-05:33:17.954 info  [caliper] [report-builder] 	
+---------------+------+------+-----------------+-----------------+-----------------+-----------------+------------------+
| Name          | Succ | Fail | Send Rate (TPS) | Max Latency (s) | Min Latency (s) | Avg Latency (s) | Throughput (TPS) |
|---------------|------|------|-----------------|-----------------|-----------------|-----------------|------------------|
| verify-100tps | 3001 | 0    | 100.0           | 0.01            | 0.00            | 0.00            | 100.0            |
+---------------+------+------+-----------------+-----------------+-----------------+-----------------+------------------+

2026.10.08-05:33:17.954 info  [caliper] [round-orchestrator] 	Finished round 9 (verify-100tps) in 30.102 seconds
2026.10.08-05:33:17.954 info  [caliper] [monitor.js] 	Stopping all monitors
2026.10.08-05:33:17.954 info  [caliper] [round-orchestrator] 	Waiting 5 seconds for the next round...
2026.10.08-05:33:22.956 info  [caliper] [round-orchestrator] 	Started round 10 (verify-200tps)
2026.10.08-05:33:22.956 info  [caliper] [worker-message-handler] 	Preparing Worker#0 for Round#9
2026.10.08-05:33:22.960 info  [caliper] [connectors/peer-gateway/PeerGateway] 	Generating contract map for user User1@org1.example.com
2026.10.08-05:33:22.961 info  [caliper] [caliper-worker] 	Info: worker 0 prepare test phase for round 9 is starting...
2026.10.08-05:33:22.962 info  [caliper] [connectors/peer-gateway/PeerGateway] 	disconnecting gateway for user User1@org1.example.com
2026.10.08-05:33:22.962 info  [caliper] [connectors/peer-gateway/PeerGateway] 	disconnecting gRpc client at peer peer0.org1.example.com
2026.10.08-05:33:22.962 info  [caliper] [caliper-worker] 	Info: worker 0 prepare test phase for round 9 is completed
2026.10.08-05:33:22.962 info  [caliper] [worker-message-handler] 	Worker#0 prepared for Round#9
2026.10.08-05:33:22.962 info  [caliper] [worker-orchestrator] 	1 workers prepared, progressing to test phase.
2026.10.08-05:33:22.963 info  [caliper] [round-orchestrator] 	Monitors successfully started
2026.10.08-05:33:22.963 info  [caliper] [worker-message-handler] 	Worker#0 is starting Round#9
2026.10.08-05:33:22.964 info  [caliper] [connectors/peer-gateway/PeerGateway] 	Generating contract map for user User1@org1.example.com
2026.10.08-05:33:22.965 info  [caliper] [caliper-worker] 	Worker #0 starting workload loop
2026.10.08-05:33:27.963 info  [caliper] [default-observer] 	[verify-200tps Round 9 Transaction Info] - Submitted: 801 Succ: 800 Fail:0 Unfinished:1
2026.10.08-05:33:32.964 info  [caliper] [default-observer] 	[verify-200tps Round 9 Transaction Info] - Submitted: 1801 Succ: 1801 Fail:0 Unfinished:0
2026.10.08-05:33:37.965 info  [caliper] [default-observer] 	[verify-200tps Round 9 Transaction Info] - Submitted: 2801 Succ: 2800 Fail:0 Unfinished:1
2026.10.08-05:33:42.967 info  [caliper] [default-observer] 	[verify-200tps Round 9 Transaction Info] - Submitted: 3801 Succ: 3801 Fail:0 Unfinished:0
2026.10.08-05:33:47.967 info  [caliper] [default-observer] 	[verify-200tps Round 9 Transaction Info] - Submitted: 4801 Succ: 4801 Fail:0 Unfinished:0
2026.10.08-05:33:52.968 info  [caliper] [default-observer] 	[verify-200tps Round 9 Transaction Info] - Submitted: 5801 Succ: 5801 Fail:0 Unfinished:0
2026.10.08-05:33:54.068 info  [caliper] [connectors/peer-gateway/PeerGateway] 	disconnecting gateway for user User1@org1.example.com
2026.10.08-05:33:54.068 info  [caliper] [connectors/peer-gateway/PeerGateway] 	disconnecting gRpc client at peer peer0.org1.example.com
2026.10.08-05:33:54.068 info  [caliper] [worker-message-handler] 	Worker#0 finished Round#9
2026.10.08-05:33:59.070 info  [caliper] [default-observer] 	Resetting txCount indicator count
2026.10.08-05:33:59.071 info  [caliper] [report-builder] 	### Test result ###
2026.10.08-05:33:59.071 info  [caliper] [report-builder] 	
+---------------+------+------+-----------------+-----------------+-----------------+-----------------+------------------+
| Name          | Succ | Fail | Send Rate (TPS) | Max Latency (s) | Min Latency (s) | Avg Latency (s) | Throughput (TPS) |
|---------------|------|------|-----------------|-----------------|-----------------|-----------------|------------------|
| verify-200tps | 6001 | 0    | 200.0           | 0.02            | 0.00            | 0.00            | 200.0            |
+---------------+------+------+-----------------+-----------------+-----------------+-----------------+------------------+

2026.10.08-05:33:59.071 info  [caliper] [round-orchestrator] 	Finished round 10 (verify-200tps) in 30.102 seconds
2026.10.08-05:33:59.072 info  [caliper] [monitor.js] 	Stopping all monitors
2026.10.08-05:33:59.072 info  [caliper] [round-orchestrator] 	Waiting 5 seconds for the next round...
2026.10.08-05:34:04.072 info  [caliper] [round-orchestrator] 	Started round 11 (verify-400tps)
2026.10.08-05:34:04.073 info  [caliper] [worker-message-handler] 	Preparing Worker#0 for Round#10
2026.10.08-05:34:04.077 info  [caliper] [connectors/peer-gateway/PeerGateway] 	Generating contract map for user User1@org1.example.com
2026.10.08-05:34:04.077 info  [caliper] [caliper-worker] 	Info: worker 0 prepare test phase for round 10 is starting...
2026.10.08-05:34:04.079 info  [caliper] [connectors/peer-gateway/PeerGateway] 	disconnecting gateway for user User1@org1.example.com
2026.10.08-05:34:04.079 info  [caliper] [connectors/peer-gateway/PeerGateway] 	disconnecting gRpc client at peer peer0.org1.example.com
2026.10.08-05:34:04.079 info  [caliper] [caliper-worker] 	Info: worker 0 prepare test phase for round 10 is completed
2026.10.08-05:34:04.079 info  [caliper] [worker-message-handler] 	Worker#0 prepared for Round#10
2026.10.08-05:34:04.079 info  [caliper] [worker-orchestrator] 	1 workers prepared, progressing to test phase.
2026.10.08-05:34:04.079 info  [caliper] [round-orchestrator] 	Monitors successfully started
2026.10.08-05:34:04.080 info  [caliper] [worker-message-handler] 	Worker#0 is starting Round#10
2026.10.08-05:34:04.081 info  [caliper] [connectors/peer-gateway/PeerGateway] 	Generating contract map for user User1@org1.example.com
2026.10.08-05:34:04.082 info  [caliper] [caliper-worker] 	Worker #0 starting workload loop
2026.10.08-05:34:09.081 info  [caliper] [default-observer] 	[verify-400tps Round 10 Transaction Info] - Submitted: 1601 Succ: 1600 Fail:0 Unfinished:1
2026.10.08-05:34:14.081 info  [caliper] [default-observer] 	[verify-400tps Round 10 Transaction Info] - Submitted: 3601 Succ: 3600 Fail:0 Unfinished:1
2026.10.08-05:34:19.083 info  [caliper] [default-observer] 	[verify-400tps Round 10 Transaction Info] - Submitted: 6000 Succ: 6000 Fail:0 Unfinished:0
2026.10.08-05:34:24.083 info  [caliper] [default-observer] 	[verify-400tps Round 10 Transaction Info] - Submitted: 8001 Succ: 8000 Fail:0 Unfinished:1
2026.10.08-05:34:29.083 info  [caliper] [default-observer] 	[verify-400tps Round 10 Transaction Info] - Submitted: 9602 Succ: 9600 Fail:0 Unfinished:2
2026.10.08-05:34:34.083 info  [caliper] [default-observer] 	[verify-400tps Round 10 Transaction Info] - Submitted: 11602 Succ: 11600 Fail:0 Unfinished:2
2026.10.08-05:34:35.183 info  [caliper] [connectors/peer-gateway/PeerGateway] 	disconnecting gateway for user User1@org1.example.com
2026.10.08-05:34:35.183 info  [caliper] [connectors/peer-gateway/PeerGateway] 	disconnecting gRpc client at peer peer0.org1.example.com
2026.10.08-05:34:35.184 info  [caliper] [worker-message-handler] 	Worker#0 finished Round#10
2026.10.08-05:34:40.185 info  [caliper] [default-observer] 	Resetting txCount indicator count
2026.10.08-05:34:40.186 info  [caliper] [report-builder] 	### Test result ###
2026.10.08-05:34:40.186 info  [caliper] [report-builder] 	
+---------------+-------+------+-----------------+-----------------+-----------------+-----------------+------------------+
| Name          | Succ  | Fail | Send Rate (TPS) | Max Latency (s) | Min Latency (s) | Avg Latency (s) | Throughput (TPS) |
|---------------|-------|------|-----------------|-----------------|-----------------|-----------------|------------------|
| verify-400tps | 12001 | 0    | 400.1           | 0.02            | 0.00            | 0.00            | 400.0            |
+---------------+-------+------+-----------------+-----------------+-----------------+-----------------+------------------+

2026.10.08-05:34:40.186 info  [caliper] [round-orchestrator] 	Finished round 11 (verify-400tps) in 30.101 seconds
2026.10.08-05:34:40.186 info  [caliper] [monitor.js] 	Stopping all monitors
2026.10.08-05:34:40.186 info  [caliper] [round-orchestrator] 	Waiting 5 seconds for the next round...
2026.10.08-05:34:45.191 info  [caliper] [round-orchestrator] 	Started round 12 (verify-600tps)
2026.10.08-05:34:45.192 info  [caliper] [worker-message-handler] 	Preparing Worker#0 for Round#11
2026.10.08-05:34:45.196 info  [caliper] [connectors/peer-gateway/PeerGateway] 	Generating contract map for user User1@org1.example.com
2026.10.08-05:34:45.196 info  [caliper] [caliper-worker] 	Info: worker 0 prepare test phase for round 11 is starting...
2026.10.08-05:34:45.198 info  [caliper] [connectors/peer-gateway/PeerGateway] 	disconnecting gateway for user User1@org1.example.com
2026.10.08-05:34:45.198 info  [caliper] [connectors/peer-gateway/PeerGateway] 	disconnecting gRpc client at peer peer0.org1.example.com
2026.10.08-05:34:45.198 info  [caliper] [caliper-worker] 	Info: worker 0 prepare test phase for round 11 is completed
2026.10.08-05:34:45.198 info  [caliper] [worker-message-handler] 	Worker#0 prepared for Round#11
2026.10.08-05:34:45.198 info  [caliper] [worker-orchestrator] 	1 workers prepared, progressing to test phase.
2026.10.08-05:34:45.198 info  [caliper] [round-orchestrator] 	Monitors successfully started
2026.10.08-05:34:45.199 info  [caliper] [worker-message-handler] 	Worker#0 is starting Round#11
2026.10.08-05:34:45.200 info  [caliper] [connectors/peer-gateway/PeerGateway] 	Generating contract map for user User1@org1.example.com
2026.10.08-05:34:45.200 info  [caliper] [caliper-worker] 	Worker #0 starting workload loop
2026.10.08-05:34:50.200 info  [caliper] [default-observer] 	[verify-600tps Round 11 Transaction Info] - Submitted: 2145 Succ: 2141 Fail:0 Unfinished:4
2026.10.08-05:34:55.201 info  [caliper] [default-observer] 	[verify-600tps Round 11 Transaction Info] - Submitted: 5576 Succ: 5574 Fail:0 Unfinished:2
2026.10.08-05:35:00.201 info  [caliper] [default-observer] 	[verify-600tps Round 11 Transaction Info] - Submitted: 8439 Succ: 8436 Fail:0 Unfinished:3
2026.10.08-05:35:05.202 info  [caliper] [default-observer] 	[verify-600tps Round 11 Transaction Info] - Submitted: 11348 Succ: 11347 Fail:0 Unfinished:1
2026.10.08-05:35:10.202 info  [caliper] [default-observer] 	[verify-600tps Round 11 Transaction Info] - Submitted: 14232 Succ: 14230 Fail:0 Unfinished:2
2026.10.08-05:35:15.203 info  [caliper] [default-observer] 	[verify-600tps Round 11 Transaction Info] - Submitted: 17101 Succ: 17099 Fail:0 Unfinished:2
2026.10.08-05:35:16.301 info  [caliper] [connectors/peer-gateway/PeerGateway] 	disconnecting gateway for user User1@org1.example.com
2026.10.08-05:35:16.301 info  [caliper] [connectors/peer-gateway/PeerGateway] 	disconnecting gRpc client at peer peer0.org1.example.com
2026.10.08-05:35:16.302 info  [caliper] [worker-message-handler] 	Worker#0 finished Round#11
2026.10.08-05:35:21.304 info  [caliper] [default-observer] 	Resetting txCount indicator count
2026.10.08-05:35:21.304 info  [caliper] [report-builder] 	### Test result ###
2026.10.08-05:35:21.304 info  [caliper] [report-builder] 	
+---------------+-------+------+-----------------+-----------------+-----------------+-----------------+------------------+
| Name          | Succ  | Fail | Send Rate (TPS) | Max Latency (s) | Min Latency (s) | Avg Latency (s) | Throughput (TPS) |
|---------------|-------|------|-----------------|-----------------|-----------------|-----------------|------------------|
| verify-600tps | 17101 | 0    | 570.1           | 0.02            | 0.00            | 0.00            | 570.0            |
+---------------+-------+------+-----------------+-----------------+-----------------+-----------------+------------------+

2026.10.08-05:35:21.305 info  [caliper] [round-orchestrator] 	Finished round 12 (verify-600tps) in 30.101 seconds
2026.10.08-05:35:21.305 info  [caliper] [monitor.js] 	Stopping all monitors
2026.10.08-05:35:21.305 info  [caliper] [round-orchestrator] 	Waiting 5 seconds for the next round...
2026.10.08-05:35:26.310 info  [caliper] [round-orchestrator] 	Started round 13 (audit-10tps)
2026.10.08-05:35:26.311 info  [caliper] [worker-message-handler] 	Preparing Worker#0 for Round#12
2026.10.08-05:35:26.315 info  [caliper] [connectors/peer-gateway/PeerGateway] 	Generating contract map for user User1@org1.example.com
2026.10.08-05:35:26.315 info  [caliper] [caliper-worker] 	Info: worker 0 prepare test phase for round 12 is starting...
2026.10.08-05:35:26.316 info  [caliper] [connectors/peer-gateway/PeerGateway] 	disconnecting gateway for user User1@org1.example.com
2026.10.08-05:35:26.316 info  [caliper] [connectors/peer-gateway/PeerGateway] 	disconnecting gRpc client at peer peer0.org1.example.com
2026.10.08-05:35:26.317 info  [caliper] [caliper-worker] 	Info: worker 0 prepare test phase for round 12 is completed
2026.10.08-05:35:26.317 info  [caliper] [worker-message-handler] 	Worker#0 prepared for Round#12
2026.10.08-05:35:26.317 info  [caliper] [worker-orchestrator] 	1 workers prepared, progressing to test phase.
2026.10.08-05:35:26.317 info  [caliper] [round-orchestrator] 	Monitors successfully started
2026.10.08-05:35:26.317 info  [caliper] [worker-message-handler] 	Worker#0 is starting Round#12
2026.10.08-05:35:26.319 info  [caliper] [connectors/peer-gateway/PeerGateway] 	Generating contract map for user User1@org1.example.com
2026.10.08-05:35:26.319 info  [caliper] [caliper-worker] 	Worker #0 starting workload loop
2026.10.08-05:35:31.318 info  [caliper] [default-observer] 	[audit-10tps Round 12 Transaction Info] - Submitted: 40 Succ: 40 Fail:0 Unfinished:0
2026.10.08-05:35:36.319 info  [caliper] [default-observer] 	[audit-10tps Round 12 Transaction Info] - Submitted: 91 Succ: 90 Fail:0 Unfinished:1
2026.10.08-05:35:41.320 info  [caliper] [default-observer] 	[audit-10tps Round 12 Transaction Info] - Submitted: 141 Succ: 140 Fail:0 Unfinished:1
2026.10.08-05:35:46.322 info  [caliper] [default-observer] 	[audit-10tps Round 12 Transaction Info] - Submitted: 201 Succ: 200 Fail:0 Unfinished:1
2026.10.08-05:35:51.322 info  [caliper] [default-observer] 	[audit-10tps Round 12 Transaction Info] - Submitted: 251 Succ: 250 Fail:0 Unfinished:1
2026.10.08-05:35:56.322 info  [caliper] [default-observer] 	[audit-10tps Round 12 Transaction Info] - Submitted: 291 Succ: 290 Fail:0 Unfinished:1
2026.10.08-05:35:59.427 info  [caliper] [connectors/peer-gateway/PeerGateway] 	disconnecting gateway for user User1@org1.example.com
2026.10.08-05:35:59.427 info  [caliper] [connectors/peer-gateway/PeerGateway] 	disconnecting gRpc client at peer peer0.org1.example.com
2026.10.08-05:35:59.428 info  [caliper] [worker-message-handler] 	Worker#0 finished Round#12
2026.10.08-05:36:04.432 info  [caliper] [default-observer] 	Resetting txCount indicator count
2026.10.08-05:36:04.432 info  [caliper] [report-builder] 	### Test result ###
2026.10.08-05:36:04.432 info  [caliper] [report-builder] 	
+-------------+------+------+-----------------+-----------------+-----------------+-----------------+------------------+
| Name        | Succ | Fail | Send Rate (TPS) | Max Latency (s) | Min Latency (s) | Avg Latency (s) | Throughput (TPS) |
|-------------|------|------|-----------------|-----------------|-----------------|-----------------|------------------|
| audit-10tps | 301  | 0    | 10.0            | 2.02            | 0.02            | 0.48            | 9.4              |
+-------------+------+------+-----------------+-----------------+-----------------+-----------------+------------------+

2026.10.08-05:36:04.433 info  [caliper] [round-orchestrator] 	Finished round 13 (audit-10tps) in 32.108 seconds
2026.10.08-05:36:04.433 info  [caliper] [monitor.js] 	Stopping all monitors
2026.10.08-05:36:04.433 info  [caliper] [round-orchestrator] 	Waiting 5 seconds for the next round...
2026.10.08-05:36:09.438 info  [caliper] [round-orchestrator] 	Started round 14 (audit-50tps)
2026.10.08-05:36:09.439 info  [caliper] [worker-message-handler] 	Preparing Worker#0 for Round#13
2026.10.08-05:36:09.441 info  [caliper] [connectors/peer-gateway/PeerGateway] 	Generating contract map for user User1@org1.example.com
2026.10.08-05:36:09.441 info  [caliper] [caliper-worker] 	Info: worker 0 prepare test phase for round 13 is starting...
2026.10.08-05:36:09.442 info  [caliper] [connectors/peer-gateway/PeerGateway] 	disconnecting gateway for user User1@org1.example.com
2026.10.08-05:36:09.442 info  [caliper] [connectors/peer-gateway/PeerGateway] 	disconnecting gRpc client at peer peer0.org1.example.com
2026.10.08-05:36:09.442 info  [caliper] [caliper-worker] 	Info: worker 0 prepare test phase for round 13 is completed
2026.10.08-05:36:09.442 info  [caliper] [worker-message-handler] 	Worker#0 prepared for Round#13
2026.10.08-05:36:09.442 info  [caliper] [worker-orchestrator] 	1 workers prepared, progressing to test phase.
2026.10.08-05:36:09.442 info  [caliper] [round-orchestrator] 	Monitors successfully started
2026.10.08-05:36:09.443 info  [caliper] [worker-message-handler] 	Worker#0 is starting Round#13
2026.10.08-05:36:09.444 info  [caliper] [connectors/peer-gateway/PeerGateway] 	Generating contract map for user User1@org1.example.com
2026.10.08-05:36:09.444 info  [caliper] [caliper-worker] 	Worker #0 starting workload loop
2026.10.08-05:36:14.443 info  [caliper] [default-observer] 	[audit-50tps Round 13 Transaction Info] - Submitted: 200 Succ: 190 Fail:0 Unfinished:10
2026.10.08-05:36:19.443 info  [caliper] [default-observer] 	[audit-50tps Round 13 Transaction Info] - Submitted: 450 Succ: 440 Fail:0 Unfinished:10
2026.10.08-05:36:24.444 info  [caliper] [default-observer] 	[audit-50tps Round 13 Transaction Info] - Submitted: 700 Succ: 690 Fail:0 Unfinished:10
2026.10.08-05:36:29.444 info  [caliper] [default-observer] 	[audit-50tps Round 13 Transaction Info] - Submitted: 951 Succ: 950 Fail:0 Unfinished:1
2026.10.08-05:36:34.445 info  [caliper] [default-observer] 	[audit-50tps Round 13 Transaction Info] - Submitted: 1201 Succ: 1200 Fail:0 Unfinished:1
2026.10.08-05:36:39.446 info  [caliper] [default-observer] 	[audit-50tps Round 13 Transaction Info] - Submitted: 1451 Succ: 1450 Fail:0 Unfinished:1
2026.10.08-05:36:42.551 info  [caliper] [connectors/peer-gateway/PeerGateway] 	disconnecting gateway for user User1@org1.example.com
2026.10.08-05:36:42.551 info  [caliper] [connectors/peer-gateway/PeerGateway] 	disconnecting gRpc client at peer peer0.org1.example.com
2026.10.08-05:36:42.552 info  [caliper] [worker-message-handler] 	Worker#0 finished Round#13
2026.10.08-05:36:47.555 info  [caliper] [default-observer] 	Resetting txCount indicator count
2026.10.08-05:36:47.555 info  [caliper] [report-builder] 	### Test result ###
2026.10.08-05:36:47.556 info  [caliper] [report-builder] 	
+-------------+------+------+-----------------+-----------------+-----------------+-----------------+------------------+
| Name        | Succ | Fail | Send Rate (TPS) | Max Latency (s) | Min Latency (s) | Avg Latency (s) | Throughput (TPS) |
|-------------|------|------|-----------------|-----------------|-----------------|-----------------|------------------|
| audit-50tps | 1501 | 0    | 50.0            | 2.01            | 0.02            | 0.11            | 46.9             |
+-------------+------+------+-----------------+-----------------+-----------------+-----------------+------------------+

2026.10.08-05:36:47.556 info  [caliper] [round-orchestrator] 	Finished round 14 (audit-50tps) in 32.108 seconds
2026.10.08-05:36:47.556 info  [caliper] [monitor.js] 	Stopping all monitors
2026.10.08-05:36:47.556 info  [caliper] [round-orchestrator] 	Waiting 5 seconds for the next round...
2026.10.08-05:36:52.560 info  [caliper] [round-orchestrator] 	Started round 15 (audit-100tps)
2026.10.08-05:36:52.560 info  [caliper] [worker-message-handler] 	Preparing Worker#0 for Round#14
2026.10.08-05:36:52.564 info  [caliper] [connectors/peer-gateway/PeerGateway] 	Generating contract map for user User1@org1.example.com
2026.10.08-05:36:52.564 info  [caliper] [caliper-worker] 	Info: worker 0 prepare test phase for round 14 is starting...
2026.10.08-05:36:52.566 info  [caliper] [connectors/peer-gateway/PeerGateway] 	disconnecting gateway for user User1@org1.example.com
2026.10.08-05:36:52.566 info  [caliper] [connectors/peer-gateway/PeerGateway] 	disconnecting gRpc client at peer peer0.org1.example.com
2026.10.08-05:36:52.566 info  [caliper] [caliper-worker] 	Info: worker 0 prepare test phase for round 14 is completed
2026.10.08-05:36:52.566 info  [caliper] [worker-message-handler] 	Worker#0 prepared for Round#14
2026.10.08-05:36:52.566 info  [caliper] [worker-orchestrator] 	1 workers prepared, progressing to test phase.
2026.10.08-05:36:52.566 info  [caliper] [round-orchestrator] 	Monitors successfully started
2026.10.08-05:36:52.567 info  [caliper] [worker-message-handler] 	Worker#0 is starting Round#14
2026.10.08-05:36:52.568 info  [caliper] [connectors/peer-gateway/PeerGateway] 	Generating contract map for user User1@org1.example.com
2026.10.08-05:36:52.568 info  [caliper] [caliper-worker] 	Worker #0 starting workload loop
2026.10.08-05:36:57.567 info  [caliper] [default-observer] 	[audit-100tps Round 14 Transaction Info] - Submitted: 401 Succ: 390 Fail:0 Unfinished:11
2026.10.08-05:37:02.568 info  [caliper] [default-observer] 	[audit-100tps Round 14 Transaction Info] - Submitted: 901 Succ: 890 Fail:0 Unfinished:11
2026.10.08-05:37:07.569 info  [caliper] [default-observer] 	[audit-100tps Round 14 Transaction Info] - Submitted: 1401 Succ: 1390 Fail:0 Unfinished:11
2026.10.08-05:37:12.569 info  [caliper] [default-observer] 	[audit-100tps Round 14 Transaction Info] - Submitted: 1901 Succ: 1890 Fail:0 Unfinished:11
2026.10.08-05:37:17.571 info  [caliper] [default-observer] 	[audit-100tps Round 14 Transaction Info] - Submitted: 2401 Succ: 2390 Fail:0 Unfinished:11
2026.10.08-05:37:22.571 info  [caliper] [default-observer] 	[audit-100tps Round 14 Transaction Info] - Submitted: 2902 Succ: 2890 Fail:0 Unfinished:12
2026.10.08-05:37:25.675 info  [caliper] [connectors/peer-gateway/PeerGateway] 	disconnecting gateway for user User1@org1.example.com
2026.10.08-05:37:25.675 info  [caliper] [connectors/peer-gateway/PeerGateway] 	disconnecting gRpc client at peer peer0.org1.example.com
2026.10.08-05:37:25.676 info  [caliper] [worker-message-handler] 	Worker#0 finished Round#14
2026.10.08-05:37:30.679 info  [caliper] [default-observer] 	Resetting txCount indicator count
2026.10.08-05:37:30.680 info  [caliper] [report-builder] 	### Test result ###
2026.10.08-05:37:30.680 info  [caliper] [report-builder] 	
+--------------+------+------+-----------------+-----------------+-----------------+-----------------+------------------+
| Name         | Succ | Fail | Send Rate (TPS) | Max Latency (s) | Min Latency (s) | Avg Latency (s) | Throughput (TPS) |
|--------------|------|------|-----------------|-----------------|-----------------|-----------------|------------------|
| audit-100tps | 3001 | 0    | 100.0           | 2.02            | 0.02            | 0.07            | 93.7             |
+--------------+------+------+-----------------+-----------------+-----------------+-----------------+------------------+

2026.10.08-05:37:30.680 info  [caliper] [round-orchestrator] 	Finished round 15 (audit-100tps) in 32.106 seconds
2026.10.08-05:37:30.680 info  [caliper] [monitor.js] 	Stopping all monitors
2026.10.08-05:37:30.680 info  [caliper] [round-orchestrator] 	Waiting 5 seconds for the next round...
2026.10.08-05:37:35.685 info  [caliper] [round-orchestrator] 	Started round 16 (audit-200tps)
2026.10.08-05:37:35.686 info  [caliper] [worker-message-handler] 	Preparing Worker#0 for Round#15
2026.10.08-05:37:35.690 info  [caliper] [connectors/peer-gateway/PeerGateway] 	Generating contract map for user User1@org1.example.com
2026.10.08-05:37:35.690 info  [caliper] [caliper-worker] 	Info: worker 0 prepare test phase for round 15 is starting...
2026.10.08-05:37:35.691 info  [caliper] [connectors/peer-gateway/PeerGateway] 	disconnecting gateway for user User1@org1.example.com
2026.10.08-05:37:35.691 info  [caliper] [connectors/peer-gateway/PeerGateway] 	disconnecting gRpc client at peer peer0.org1.example.com
2026.10.08-05:37:35.692 info  [caliper] [caliper-worker] 	Info: worker 0 prepare test phase for round 15 is completed
2026.10.08-05:37:35.692 info  [caliper] [worker-message-handler] 	Worker#0 prepared for Round#15
2026.10.08-05:37:35.692 info  [caliper] [worker-orchestrator] 	1 workers prepared, progressing to test phase.
2026.10.08-05:37:35.692 info  [caliper] [round-orchestrator] 	Monitors successfully started
2026.10.08-05:37:35.692 info  [caliper] [worker-message-handler] 	Worker#0 is starting Round#15
2026.10.08-05:37:35.694 info  [caliper] [connectors/peer-gateway/PeerGateway] 	Generating contract map for user User1@org1.example.com
2026.10.08-05:37:35.694 info  [caliper] [caliper-worker] 	Worker #0 starting workload loop
2026.10.08-05:37:40.695 info  [caliper] [default-observer] 	[audit-200tps Round 15 Transaction Info] - Submitted: 771 Succ: 750 Fail:0 Unfinished:21
2026.10.08-05:37:45.694 info  [caliper] [default-observer] 	[audit-200tps Round 15 Transaction Info] - Submitted: 1768 Succ: 1740 Fail:0 Unfinished:28
2026.10.08-05:37:50.695 info  [caliper] [default-observer] 	[audit-200tps Round 15 Transaction Info] - Submitted: 2768 Succ: 2750 Fail:0 Unfinished:18
2026.10.08-05:37:55.698 info  [caliper] [default-observer] 	[audit-200tps Round 15 Transaction Info] - Submitted: 3763 Succ: 3748 Fail:0 Unfinished:15
2026.10.08-05:38:00.700 info  [caliper] [default-observer] 	[audit-200tps Round 15 Transaction Info] - Submitted: 4763 Succ: 4750 Fail:0 Unfinished:13
2026.10.08-05:38:05.700 info  [caliper] [default-observer] 	[audit-200tps Round 15 Transaction Info] - Submitted: 5767 Succ: 5740 Fail:0 Unfinished:27
2026.10.08-05:38:08.702 info  [caliper] [connectors/peer-gateway/PeerGateway] 	disconnecting gateway for user User1@org1.example.com
2026.10.08-05:38:08.702 info  [caliper] [connectors/peer-gateway/PeerGateway] 	disconnecting gRpc client at peer peer0.org1.example.com
2026.10.08-05:38:08.703 info  [caliper] [worker-message-handler] 	Worker#0 finished Round#15
2026.10.08-05:38:13.707 info  [caliper] [default-observer] 	Resetting txCount indicator count
2026.10.08-05:38:13.708 info  [caliper] [report-builder] 	### Test result ###
2026.10.08-05:38:13.708 info  [caliper] [report-builder] 	
+--------------+------+------+-----------------+-----------------+-----------------+-----------------+------------------+
| Name         | Succ | Fail | Send Rate (TPS) | Max Latency (s) | Min Latency (s) | Avg Latency (s) | Throughput (TPS) |
|--------------|------|------|-----------------|-----------------|-----------------|-----------------|------------------|
| audit-200tps | 5939 | 0    | 198.0           | 2.03            | 0.03            | 0.09            | 185.6            |
+--------------+------+------+-----------------+-----------------+-----------------+-----------------+------------------+

2026.10.08-05:38:13.708 info  [caliper] [round-orchestrator] 	Finished round 16 (audit-200tps) in 32.006 seconds
2026.10.08-05:38:13.708 info  [caliper] [monitor.js] 	Stopping all monitors
2026.10.08-05:38:13.709 info  [caliper] [report-builder] 	### All test results ###
2026.10.08-05:38:13.711 info  [caliper] [report-builder] 	
+---------------+-------+------+-----------------+-----------------+-----------------+-----------------+------------------+
| Name          | Succ  | Fail | Send Rate (TPS) | Max Latency (s) | Min Latency (s) | Avg Latency (s) | Throughput (TPS) |
|---------------|-------|------|-----------------|-----------------|-----------------|-----------------|------------------|
| seed          | 500   | 0    | 75.8            | 1.92            | 0.03            | 0.27            | 74.1             |
|---------------|-------|------|-----------------|-----------------|-----------------|-----------------|------------------|
| issue-10tps   | 301   | 0    | 10.0            | 2.02            | 0.02            | 0.48            | 9.4              |
|---------------|-------|------|-----------------|-----------------|-----------------|-----------------|------------------|
| issue-25tps   | 751   | 0    | 25.0            | 2.02            | 0.02            | 0.20            | 23.5             |
|---------------|-------|------|-----------------|-----------------|-----------------|-----------------|------------------|
| issue-50tps   | 1501  | 0    | 50.0            | 2.02            | 0.02            | 0.11            | 46.9             |
|---------------|-------|------|-----------------|-----------------|-----------------|-----------------|------------------|
| issue-100tps  | 3001  | 0    | 100.0           | 2.02            | 0.02            | 0.07            | 93.7             |
|---------------|-------|------|-----------------|-----------------|-----------------|-----------------|------------------|
| issue-150tps  | 4501  | 0    | 150.0           | 2.02            | 0.02            | 0.06            | 140.6            |
|---------------|-------|------|-----------------|-----------------|-----------------|-----------------|------------------|
| issue-200tps  | 6001  | 0    | 200.0           | 2.05            | 0.03            | 0.07            | 187.4            |
|---------------|-------|------|-----------------|-----------------|-----------------|-----------------|------------------|
| issue-300tps  | 6011  | 0    | 200.3           | 2.02            | 0.03            | 0.09            | 187.6            |
|---------------|-------|------|-----------------|-----------------|-----------------|-----------------|------------------|
| verify-100tps | 3001  | 0    | 100.0           | 0.01            | 0.00            | 0.00            | 100.0            |
|---------------|-------|------|-----------------|-----------------|-----------------|-----------------|------------------|
| verify-200tps | 6001  | 0    | 200.0           | 0.02            | 0.00            | 0.00            | 200.0            |
|---------------|-------|------|-----------------|-----------------|-----------------|-----------------|------------------|
| verify-400tps | 12001 | 0    | 400.1           | 0.02            | 0.00            | 0.00            | 400.0            |
|---------------|-------|------|-----------------|-----------------|-----------------|-----------------|------------------|
| verify-600tps | 17101 | 0    | 570.1           | 0.02            | 0.00            | 0.00            | 570.0            |
|---------------|-------|------|-----------------|-----------------|-----------------|-----------------|------------------|
| audit-10tps   | 301   | 0    | 10.0            | 2.02            | 0.02            | 0.48            | 9.4              |
|---------------|-------|------|-----------------|-----------------|-----------------|-----------------|------------------|
| audit-50tps   | 1501  | 0    | 50.0            | 2.01            | 0.02            | 0.11            | 46.9             |
|---------------|-------|------|-----------------|-----------------|-----------------|-----------------|------------------|
| audit-100tps  | 3001  | 0    | 100.0           | 2.02            | 0.02            | 0.07            | 93.7             |
|---------------|-------|------|-----------------|-----------------|-----------------|-----------------|------------------|
| audit-200tps  | 5939  | 0    | 198.0           | 2.03            | 0.03            | 0.09            | 185.6            |
+---------------+-------+------+-----------------+-----------------+-----------------+-----------------+------------------+

2026.10.08-05:38:13.719 info  [caliper] [report-builder] 	Generated report with path /home/runner/work/bzt-id-experiments/bzt-id-experiments/fabric-bench/caliper/report.html
2026.10.08-05:38:13.719 info  [caliper] [monitor.js] 	Stopping all monitors
2026.10.08-05:38:13.719 info  [caliper] [worker-orchestrator] 	Sending exit message to connected workers
2026.10.08-05:38:13.720 info  [caliper] [round-orchestrator] 	Benchmark finished in 651.814 seconds. Total rounds: 16. Successful rounds: 16. Failed rounds: 0.
2026.10.08-05:38:13.720 info  [caliper] [caliper-engine] 	Skipping end command due to benchmark flow conditioning
2026.10.08-05:38:13.720 info  [caliper] [cli-launch-manager] 	Benchmark successfully finished!
2026.10.08-05:38:13.720 info  [caliper] [worker-message-handler] 	Worker#0 is exiting
