2026.10.07-12:49:08.296 info  [caliper] [cli-launch-manager] 	Set workspace path: /home/runner/work/bzt-id-experiments/bzt-id-experiments/fabric-bench/caliper
2026.10.07-12:49:08.297 info  [caliper] [cli-launch-manager] 	Set benchmark configuration path: /home/runner/work/bzt-id-experiments/bzt-id-experiments/fabric-bench/caliper/benchmarks/config.yaml
2026.10.07-12:49:08.297 info  [caliper] [cli-launch-manager] 	Set network configuration path: /home/runner/work/bzt-id-experiments/bzt-id-experiments/fabric-bench/caliper/networks/networkConfig.yaml
2026.10.07-12:49:08.297 info  [caliper] [cli-launch-manager] 	Set SUT type: fabric
2026.10.07-12:49:08.316 info  [caliper] [benchmark-validator] 	No observer specified, will default to `none`
2026.10.07-12:49:08.316 info  [caliper] [caliper-engine] 	Starting benchmark flow
2026.10.07-12:49:08.316 info  [caliper] [caliper-engine] 	Skipping start commands due to benchmark flow conditioning
2026.10.07-12:49:08.316 info  [caliper] [caliper-engine] 	Skipping initialization phase due to benchmark flow conditioning
2026.10.07-12:49:08.317 info  [caliper] [caliper-engine] 	Skipping install smart contract phase due to benchmark flow conditioning
2026.10.07-12:49:08.426 info  [caliper] [FabricConnectorFactory] 	Initializing peer gateway connector compatible with installed fabric-gateway SDK: 1.7.1
2026.10.07-12:49:08.442 info  [caliper] [IdentityManager] 	Adding User1@org1.example.com (admin=false) as User1@org1.example.com for organization Org1MSP
2026.10.07-12:49:08.445 info  [caliper] [monitor.js] 	No resource monitors specified
2026.10.07-12:49:08.446 info  [caliper] [default-observer] 	Observer interval set to 5000 milliseconds
2026.10.07-12:49:08.451 info  [caliper] [round-orchestrator] 	Preparing worker connections
2026.10.07-12:49:08.451 info  [caliper] [worker-orchestrator] 	Launching worker 1 of 1
2026.10.07-12:49:08.456 info  [caliper] [worker-orchestrator] 	Messenger not configured, entering configure phase...
2026.10.07-12:49:08.456 info  [caliper] [worker-orchestrator] 	No existing workers detected, entering worker launch phase...
2026.10.07-12:49:08.457 info  [caliper] [worker-orchestrator] 	Waiting for 1 workers to be connected...
2026.10.07-12:49:08.696 info  [caliper] [cli-launch-worker] 	Set workspace path: /home/runner/work/bzt-id-experiments/bzt-id-experiments/fabric-bench/caliper
2026.10.07-12:49:08.696 info  [caliper] [cli-launch-worker] 	Set benchmark configuration path: /home/runner/work/bzt-id-experiments/bzt-id-experiments/fabric-bench/caliper/benchmarks/config.yaml
2026.10.07-12:49:08.697 info  [caliper] [cli-launch-worker] 	Set network configuration path: /home/runner/work/bzt-id-experiments/bzt-id-experiments/fabric-bench/caliper/networks/networkConfig.yaml
2026.10.07-12:49:08.697 info  [caliper] [cli-launch-worker] 	Set SUT type: fabric
2026.10.07-12:49:08.728 info  [caliper] [worker-orchestrator] 	1 workers connected, progressing to worker assignment phase.
2026.10.07-12:49:08.729 info  [caliper] [worker-orchestrator] 	Workers currently unassigned, awaiting index assignment...
2026.10.07-12:49:08.729 info  [caliper] [worker-orchestrator] 	Waiting for 1 workers to be assigned...
2026.10.07-12:49:08.748 info  [caliper] [worker-orchestrator] 	1 workers assigned, progressing to worker initialization phase.
2026.10.07-12:49:08.749 info  [caliper] [worker-orchestrator] 	Waiting for 1 workers to be ready...
2026.10.07-12:49:08.752 info  [caliper] [worker-message-handler] 	Initializing Worker#0...
2026.10.07-12:49:08.878 info  [caliper] [FabricConnectorFactory] 	Initializing peer gateway connector compatible with installed fabric-gateway SDK: 1.7.1
2026.10.07-12:49:08.882 info  [caliper] [IdentityManager] 	Adding User1@org1.example.com (admin=false) as User1@org1.example.com for organization Org1MSP
2026.10.07-12:49:08.886 info  [caliper] [worker-message-handler] 	Worker#0 initialized
2026.10.07-12:49:08.887 info  [caliper] [worker-orchestrator] 	1 workers ready, progressing to test preparation phase.
2026.10.07-12:49:08.887 info  [caliper] [round-orchestrator] 	Started round 1 (seed)
2026.10.07-12:49:08.888 info  [caliper] [worker-message-handler] 	Preparing Worker#0 for Round#0
2026.10.07-12:49:08.899 info  [caliper] [connectors/peer-gateway/PeerGateway] 	Generating contract map for user User1@org1.example.com
2026.10.07-12:49:08.899 info  [caliper] [caliper-worker] 	Info: worker 0 prepare test phase for round 0 is starting...
2026.10.07-12:49:08.901 info  [caliper] [connectors/peer-gateway/PeerGateway] 	disconnecting gateway for user User1@org1.example.com
2026.10.07-12:49:08.901 info  [caliper] [connectors/peer-gateway/PeerGateway] 	disconnecting gRpc client at peer peer0.org1.example.com
2026.10.07-12:49:08.902 info  [caliper] [caliper-worker] 	Info: worker 0 prepare test phase for round 0 is completed
2026.10.07-12:49:08.902 info  [caliper] [worker-message-handler] 	Worker#0 prepared for Round#0
2026.10.07-12:49:08.903 info  [caliper] [worker-orchestrator] 	1 workers prepared, progressing to test phase.
2026.10.07-12:49:08.903 info  [caliper] [round-orchestrator] 	Monitors successfully started
2026.10.07-12:49:08.904 info  [caliper] [worker-message-handler] 	Worker#0 is starting Round#0
2026.10.07-12:49:08.906 info  [caliper] [connectors/peer-gateway/PeerGateway] 	Generating contract map for user User1@org1.example.com
2026.10.07-12:49:08.907 info  [caliper] [caliper-worker] 	Worker #0 starting workload loop
2026.10.07-12:49:13.912 info  [caliper] [default-observer] 	[seed Round 0 Transaction Info] - Submitted: 272 Succ: 252 Fail:0 Unfinished:20
2026.10.07-12:49:16.795 info  [caliper] [connectors/peer-gateway/PeerGateway] 	disconnecting gateway for user User1@org1.example.com
2026.10.07-12:49:16.795 info  [caliper] [connectors/peer-gateway/PeerGateway] 	disconnecting gRpc client at peer peer0.org1.example.com
2026.10.07-12:49:16.795 info  [caliper] [worker-message-handler] 	Worker#0 finished Round#0
2026.10.07-12:49:21.799 info  [caliper] [default-observer] 	Resetting txCount indicator count
2026.10.07-12:49:21.800 info  [caliper] [report-builder] 	### Test result ###
2026.10.07-12:49:21.804 info  [caliper] [report-builder] 	
+------+------+------+-----------------+-----------------+-----------------+-----------------+------------------+
| Name | Succ | Fail | Send Rate (TPS) | Max Latency (s) | Min Latency (s) | Avg Latency (s) | Throughput (TPS) |
|------|------|------|-----------------|-----------------|-----------------|-----------------|------------------|
| seed | 500  | 0    | 78.4            | 0.57            | 0.09            | 0.34            | 75.8             |
+------+------+------+-----------------+-----------------+-----------------+-----------------+------------------+

2026.10.07-12:49:21.804 info  [caliper] [round-orchestrator] 	Finished round 1 (seed) in 6.886 seconds
2026.10.07-12:49:21.804 info  [caliper] [monitor.js] 	Stopping all monitors
2026.10.07-12:49:21.804 info  [caliper] [round-orchestrator] 	Waiting 5 seconds for the next round...
2026.10.07-12:49:26.806 info  [caliper] [round-orchestrator] 	Started round 2 (issue-10tps)
2026.10.07-12:49:26.806 info  [caliper] [worker-message-handler] 	Preparing Worker#0 for Round#1
2026.10.07-12:49:26.808 info  [caliper] [connectors/peer-gateway/PeerGateway] 	Generating contract map for user User1@org1.example.com
2026.10.07-12:49:26.809 info  [caliper] [caliper-worker] 	Info: worker 0 prepare test phase for round 1 is starting...
2026.10.07-12:49:26.810 info  [caliper] [connectors/peer-gateway/PeerGateway] 	disconnecting gateway for user User1@org1.example.com
2026.10.07-12:49:26.810 info  [caliper] [connectors/peer-gateway/PeerGateway] 	disconnecting gRpc client at peer peer0.org1.example.com
2026.10.07-12:49:26.810 info  [caliper] [caliper-worker] 	Info: worker 0 prepare test phase for round 1 is completed
2026.10.07-12:49:26.810 info  [caliper] [worker-message-handler] 	Worker#0 prepared for Round#1
2026.10.07-12:49:26.811 info  [caliper] [worker-orchestrator] 	1 workers prepared, progressing to test phase.
2026.10.07-12:49:26.811 info  [caliper] [round-orchestrator] 	Monitors successfully started
2026.10.07-12:49:26.811 info  [caliper] [worker-message-handler] 	Worker#0 is starting Round#1
2026.10.07-12:49:26.813 info  [caliper] [connectors/peer-gateway/PeerGateway] 	Generating contract map for user User1@org1.example.com
2026.10.07-12:49:26.813 info  [caliper] [caliper-worker] 	Worker #0 starting workload loop
2026.10.07-12:49:31.813 info  [caliper] [default-observer] 	[issue-10tps Round 1 Transaction Info] - Submitted: 40 Succ: 40 Fail:0 Unfinished:0
2026.10.07-12:49:36.815 info  [caliper] [default-observer] 	[issue-10tps Round 1 Transaction Info] - Submitted: 91 Succ: 88 Fail:0 Unfinished:3
2026.10.07-12:49:41.815 info  [caliper] [default-observer] 	[issue-10tps Round 1 Transaction Info] - Submitted: 141 Succ: 139 Fail:0 Unfinished:2
2026.10.07-12:49:46.818 info  [caliper] [default-observer] 	[issue-10tps Round 1 Transaction Info] - Submitted: 201 Succ: 199 Fail:0 Unfinished:2
2026.10.07-12:49:51.818 info  [caliper] [default-observer] 	[issue-10tps Round 1 Transaction Info] - Submitted: 251 Succ: 249 Fail:0 Unfinished:2
2026.10.07-12:49:56.818 info  [caliper] [default-observer] 	[issue-10tps Round 1 Transaction Info] - Submitted: 301 Succ: 298 Fail:0 Unfinished:3
2026.10.07-12:49:58.117 info  [caliper] [connectors/peer-gateway/PeerGateway] 	disconnecting gateway for user User1@org1.example.com
2026.10.07-12:49:58.117 info  [caliper] [connectors/peer-gateway/PeerGateway] 	disconnecting gRpc client at peer peer0.org1.example.com
2026.10.07-12:49:58.117 info  [caliper] [worker-message-handler] 	Worker#0 finished Round#1
2026.10.07-12:50:03.118 info  [caliper] [default-observer] 	Resetting txCount indicator count
2026.10.07-12:50:03.119 info  [caliper] [report-builder] 	### Test result ###
2026.10.07-12:50:03.120 info  [caliper] [report-builder] 	
+-------------+------+------+-----------------+-----------------+-----------------+-----------------+------------------+
| Name        | Succ | Fail | Send Rate (TPS) | Max Latency (s) | Min Latency (s) | Avg Latency (s) | Throughput (TPS) |
|-------------|------|------|-----------------|-----------------|-----------------|-----------------|------------------|
| issue-10tps | 301  | 0    | 10.0            | 0.23            | 0.02            | 0.13            | 10.0             |
+-------------+------+------+-----------------+-----------------+-----------------+-----------------+------------------+

2026.10.07-12:50:03.120 info  [caliper] [round-orchestrator] 	Finished round 2 (issue-10tps) in 30.303 seconds
2026.10.07-12:50:03.120 info  [caliper] [monitor.js] 	Stopping all monitors
2026.10.07-12:50:03.120 info  [caliper] [round-orchestrator] 	Waiting 5 seconds for the next round...
2026.10.07-12:50:08.125 info  [caliper] [round-orchestrator] 	Started round 3 (issue-25tps)
2026.10.07-12:50:08.126 info  [caliper] [worker-message-handler] 	Preparing Worker#0 for Round#2
2026.10.07-12:50:08.131 info  [caliper] [connectors/peer-gateway/PeerGateway] 	Generating contract map for user User1@org1.example.com
2026.10.07-12:50:08.131 info  [caliper] [caliper-worker] 	Info: worker 0 prepare test phase for round 2 is starting...
2026.10.07-12:50:08.133 info  [caliper] [connectors/peer-gateway/PeerGateway] 	disconnecting gateway for user User1@org1.example.com
2026.10.07-12:50:08.133 info  [caliper] [connectors/peer-gateway/PeerGateway] 	disconnecting gRpc client at peer peer0.org1.example.com
2026.10.07-12:50:08.133 info  [caliper] [caliper-worker] 	Info: worker 0 prepare test phase for round 2 is completed
2026.10.07-12:50:08.133 info  [caliper] [worker-message-handler] 	Worker#0 prepared for Round#2
2026.10.07-12:50:08.134 info  [caliper] [worker-orchestrator] 	1 workers prepared, progressing to test phase.
2026.10.07-12:50:08.134 info  [caliper] [round-orchestrator] 	Monitors successfully started
2026.10.07-12:50:08.135 info  [caliper] [worker-message-handler] 	Worker#0 is starting Round#2
2026.10.07-12:50:08.136 info  [caliper] [connectors/peer-gateway/PeerGateway] 	Generating contract map for user User1@org1.example.com
2026.10.07-12:50:08.137 info  [caliper] [caliper-worker] 	Worker #0 starting workload loop
2026.10.07-12:50:13.135 info  [caliper] [default-observer] 	[issue-25tps Round 2 Transaction Info] - Submitted: 100 Succ: 96 Fail:0 Unfinished:4
2026.10.07-12:50:18.137 info  [caliper] [default-observer] 	[issue-25tps Round 2 Transaction Info] - Submitted: 226 Succ: 220 Fail:0 Unfinished:6
2026.10.07-12:50:23.138 info  [caliper] [default-observer] 	[issue-25tps Round 2 Transaction Info] - Submitted: 351 Succ: 345 Fail:0 Unfinished:6
2026.10.07-12:50:28.139 info  [caliper] [default-observer] 	[issue-25tps Round 2 Transaction Info] - Submitted: 476 Succ: 474 Fail:0 Unfinished:2
2026.10.07-12:50:33.140 info  [caliper] [default-observer] 	[issue-25tps Round 2 Transaction Info] - Submitted: 601 Succ: 598 Fail:0 Unfinished:3
2026.10.07-12:50:38.141 info  [caliper] [default-observer] 	[issue-25tps Round 2 Transaction Info] - Submitted: 726 Succ: 723 Fail:0 Unfinished:3
2026.10.07-12:50:39.240 info  [caliper] [connectors/peer-gateway/PeerGateway] 	disconnecting gateway for user User1@org1.example.com
2026.10.07-12:50:39.240 info  [caliper] [connectors/peer-gateway/PeerGateway] 	disconnecting gRpc client at peer peer0.org1.example.com
2026.10.07-12:50:39.240 info  [caliper] [worker-message-handler] 	Worker#0 finished Round#2
2026.10.07-12:50:44.242 info  [caliper] [default-observer] 	Resetting txCount indicator count
2026.10.07-12:50:44.242 info  [caliper] [report-builder] 	### Test result ###
2026.10.07-12:50:44.243 info  [caliper] [report-builder] 	
+-------------+------+------+-----------------+-----------------+-----------------+-----------------+------------------+
| Name        | Succ | Fail | Send Rate (TPS) | Max Latency (s) | Min Latency (s) | Avg Latency (s) | Throughput (TPS) |
|-------------|------|------|-----------------|-----------------|-----------------|-----------------|------------------|
| issue-25tps | 751  | 0    | 25.0            | 0.25            | 0.02            | 0.13            | 25.0             |
+-------------+------+------+-----------------+-----------------+-----------------+-----------------+------------------+

2026.10.07-12:50:44.243 info  [caliper] [round-orchestrator] 	Finished round 3 (issue-25tps) in 30.102 seconds
2026.10.07-12:50:44.243 info  [caliper] [monitor.js] 	Stopping all monitors
2026.10.07-12:50:44.243 info  [caliper] [round-orchestrator] 	Waiting 5 seconds for the next round...
2026.10.07-12:50:49.249 info  [caliper] [round-orchestrator] 	Started round 4 (issue-50tps)
2026.10.07-12:50:49.249 info  [caliper] [worker-message-handler] 	Preparing Worker#0 for Round#3
2026.10.07-12:50:49.254 info  [caliper] [connectors/peer-gateway/PeerGateway] 	Generating contract map for user User1@org1.example.com
2026.10.07-12:50:49.254 info  [caliper] [caliper-worker] 	Info: worker 0 prepare test phase for round 3 is starting...
2026.10.07-12:50:49.255 info  [caliper] [connectors/peer-gateway/PeerGateway] 	disconnecting gateway for user User1@org1.example.com
2026.10.07-12:50:49.255 info  [caliper] [connectors/peer-gateway/PeerGateway] 	disconnecting gRpc client at peer peer0.org1.example.com
2026.10.07-12:50:49.255 info  [caliper] [caliper-worker] 	Info: worker 0 prepare test phase for round 3 is completed
2026.10.07-12:50:49.255 info  [caliper] [worker-message-handler] 	Worker#0 prepared for Round#3
2026.10.07-12:50:49.256 info  [caliper] [worker-orchestrator] 	1 workers prepared, progressing to test phase.
2026.10.07-12:50:49.256 info  [caliper] [round-orchestrator] 	Monitors successfully started
2026.10.07-12:50:49.256 info  [caliper] [worker-message-handler] 	Worker#0 is starting Round#3
2026.10.07-12:50:49.258 info  [caliper] [connectors/peer-gateway/PeerGateway] 	Generating contract map for user User1@org1.example.com
2026.10.07-12:50:49.258 info  [caliper] [caliper-worker] 	Worker #0 starting workload loop
2026.10.07-12:50:49.804 error [caliper] [connectors/peer-gateway/PeerGateway] 	Failed to perform submit transaction [IssueCredential] using arguments [iss-muy3vq5i-r3-w0-27,did:bzt:iss-muy3vq5i-r3-w0-27,h-iss-muy3vq5i-r3-w0-27,NADRA],  with error: EndorseError: 9 FAILED_PRECONDITION: no combination of peers can be derived which satisfy the endorsement policy: no peer combination can satisfy the endorsement policy
Details:
2026.10.07-12:50:54.257 info  [caliper] [default-observer] 	[issue-50tps Round 3 Transaction Info] - Submitted: 200 Succ: 197 Fail:1 Unfinished:2
2026.10.07-12:50:59.258 info  [caliper] [default-observer] 	[issue-50tps Round 3 Transaction Info] - Submitted: 451 Succ: 439 Fail:1 Unfinished:11
2026.10.07-12:51:04.259 info  [caliper] [default-observer] 	[issue-50tps Round 3 Transaction Info] - Submitted: 701 Succ: 692 Fail:1 Unfinished:8
2026.10.07-12:51:09.260 info  [caliper] [default-observer] 	[issue-50tps Round 3 Transaction Info] - Submitted: 951 Succ: 945 Fail:1 Unfinished:5
2026.10.07-12:51:14.261 info  [caliper] [default-observer] 	[issue-50tps Round 3 Transaction Info] - Submitted: 1201 Succ: 1197 Fail:1 Unfinished:3
2026.10.07-12:51:19.262 info  [caliper] [default-observer] 	[issue-50tps Round 3 Transaction Info] - Submitted: 1451 Succ: 1439 Fail:1 Unfinished:11
2026.10.07-12:51:20.460 info  [caliper] [connectors/peer-gateway/PeerGateway] 	disconnecting gateway for user User1@org1.example.com
2026.10.07-12:51:20.461 info  [caliper] [connectors/peer-gateway/PeerGateway] 	disconnecting gRpc client at peer peer0.org1.example.com
2026.10.07-12:51:20.461 info  [caliper] [worker-message-handler] 	Worker#0 finished Round#3
2026.10.07-12:51:25.464 info  [caliper] [default-observer] 	Resetting txCount indicator count
2026.10.07-12:51:25.465 info  [caliper] [report-builder] 	### Test result ###
2026.10.07-12:51:25.465 info  [caliper] [report-builder] 	
+-------------+------+------+-----------------+-----------------+-----------------+-----------------+------------------+
| Name        | Succ | Fail | Send Rate (TPS) | Max Latency (s) | Min Latency (s) | Avg Latency (s) | Throughput (TPS) |
|-------------|------|------|-----------------|-----------------|-----------------|-----------------|------------------|
| issue-50tps | 1500 | 1    | 50.0            | 0.25            | 0.02            | 0.13            | 49.8             |
+-------------+------+------+-----------------+-----------------+-----------------+-----------------+------------------+

2026.10.07-12:51:25.466 info  [caliper] [round-orchestrator] 	Finished round 4 (issue-50tps) in 30.202 seconds
2026.10.07-12:51:25.466 info  [caliper] [monitor.js] 	Stopping all monitors
2026.10.07-12:51:25.466 info  [caliper] [round-orchestrator] 	Waiting 5 seconds for the next round...
2026.10.07-12:51:30.470 info  [caliper] [round-orchestrator] 	Started round 5 (issue-100tps)
2026.10.07-12:51:30.471 info  [caliper] [worker-message-handler] 	Preparing Worker#0 for Round#4
2026.10.07-12:51:30.475 info  [caliper] [connectors/peer-gateway/PeerGateway] 	Generating contract map for user User1@org1.example.com
2026.10.07-12:51:30.476 info  [caliper] [caliper-worker] 	Info: worker 0 prepare test phase for round 4 is starting...
2026.10.07-12:51:30.477 info  [caliper] [connectors/peer-gateway/PeerGateway] 	disconnecting gateway for user User1@org1.example.com
2026.10.07-12:51:30.477 info  [caliper] [connectors/peer-gateway/PeerGateway] 	disconnecting gRpc client at peer peer0.org1.example.com
2026.10.07-12:51:30.477 info  [caliper] [caliper-worker] 	Info: worker 0 prepare test phase for round 4 is completed
2026.10.07-12:51:30.477 info  [caliper] [worker-message-handler] 	Worker#0 prepared for Round#4
2026.10.07-12:51:30.478 info  [caliper] [worker-orchestrator] 	1 workers prepared, progressing to test phase.
2026.10.07-12:51:30.478 info  [caliper] [round-orchestrator] 	Monitors successfully started
2026.10.07-12:51:30.478 info  [caliper] [worker-message-handler] 	Worker#0 is starting Round#4
2026.10.07-12:51:30.480 info  [caliper] [connectors/peer-gateway/PeerGateway] 	Generating contract map for user User1@org1.example.com
2026.10.07-12:51:30.481 info  [caliper] [caliper-worker] 	Worker #0 starting workload loop
2026.10.07-12:51:35.479 info  [caliper] [default-observer] 	[issue-100tps Round 4 Transaction Info] - Submitted: 400 Succ: 384 Fail:0 Unfinished:16
2026.10.07-12:51:40.480 info  [caliper] [default-observer] 	[issue-100tps Round 4 Transaction Info] - Submitted: 901 Succ: 879 Fail:0 Unfinished:22
2026.10.07-12:51:45.481 info  [caliper] [default-observer] 	[issue-100tps Round 4 Transaction Info] - Submitted: 1401 Succ: 1388 Fail:0 Unfinished:13
2026.10.07-12:51:50.482 info  [caliper] [default-observer] 	[issue-100tps Round 4 Transaction Info] - Submitted: 1901 Succ: 1885 Fail:0 Unfinished:16
2026.10.07-12:51:55.482 info  [caliper] [default-observer] 	[issue-100tps Round 4 Transaction Info] - Submitted: 2402 Succ: 2393 Fail:0 Unfinished:9
2026.10.07-12:52:00.483 info  [caliper] [default-observer] 	[issue-100tps Round 4 Transaction Info] - Submitted: 2902 Succ: 2884 Fail:0 Unfinished:18
2026.10.07-12:52:01.683 info  [caliper] [connectors/peer-gateway/PeerGateway] 	disconnecting gateway for user User1@org1.example.com
2026.10.07-12:52:01.683 info  [caliper] [connectors/peer-gateway/PeerGateway] 	disconnecting gRpc client at peer peer0.org1.example.com
2026.10.07-12:52:01.684 info  [caliper] [worker-message-handler] 	Worker#0 finished Round#4
2026.10.07-12:52:06.685 info  [caliper] [default-observer] 	Resetting txCount indicator count
2026.10.07-12:52:06.685 info  [caliper] [report-builder] 	### Test result ###
2026.10.07-12:52:06.686 info  [caliper] [report-builder] 	
+--------------+------+------+-----------------+-----------------+-----------------+-----------------+------------------+
| Name         | Succ | Fail | Send Rate (TPS) | Max Latency (s) | Min Latency (s) | Avg Latency (s) | Throughput (TPS) |
|--------------|------|------|-----------------|-----------------|-----------------|-----------------|------------------|
| issue-100tps | 3001 | 0    | 100.0           | 0.29            | 0.03            | 0.14            | 99.5             |
+--------------+------+------+-----------------+-----------------+-----------------+-----------------+------------------+

2026.10.07-12:52:06.686 info  [caliper] [round-orchestrator] 	Finished round 5 (issue-100tps) in 30.202 seconds
2026.10.07-12:52:06.686 info  [caliper] [monitor.js] 	Stopping all monitors
2026.10.07-12:52:06.686 info  [caliper] [round-orchestrator] 	Waiting 5 seconds for the next round...
2026.10.07-12:52:11.687 info  [caliper] [round-orchestrator] 	Started round 6 (issue-150tps)
2026.10.07-12:52:11.688 info  [caliper] [worker-message-handler] 	Preparing Worker#0 for Round#5
2026.10.07-12:52:11.693 info  [caliper] [connectors/peer-gateway/PeerGateway] 	Generating contract map for user User1@org1.example.com
2026.10.07-12:52:11.693 info  [caliper] [caliper-worker] 	Info: worker 0 prepare test phase for round 5 is starting...
2026.10.07-12:52:11.694 info  [caliper] [connectors/peer-gateway/PeerGateway] 	disconnecting gateway for user User1@org1.example.com
2026.10.07-12:52:11.694 info  [caliper] [connectors/peer-gateway/PeerGateway] 	disconnecting gRpc client at peer peer0.org1.example.com
2026.10.07-12:52:11.694 info  [caliper] [caliper-worker] 	Info: worker 0 prepare test phase for round 5 is completed
2026.10.07-12:52:11.694 info  [caliper] [worker-message-handler] 	Worker#0 prepared for Round#5
2026.10.07-12:52:11.695 info  [caliper] [worker-orchestrator] 	1 workers prepared, progressing to test phase.
2026.10.07-12:52:11.695 info  [caliper] [round-orchestrator] 	Monitors successfully started
2026.10.07-12:52:11.695 info  [caliper] [worker-message-handler] 	Worker#0 is starting Round#5
2026.10.07-12:52:11.696 info  [caliper] [connectors/peer-gateway/PeerGateway] 	Generating contract map for user User1@org1.example.com
2026.10.07-12:52:11.697 info  [caliper] [caliper-worker] 	Worker #0 starting workload loop
2026.10.07-12:52:16.696 info  [caliper] [default-observer] 	[issue-150tps Round 5 Transaction Info] - Submitted: 601 Succ: 565 Fail:0 Unfinished:36
2026.10.07-12:52:21.704 info  [caliper] [default-observer] 	[issue-150tps Round 5 Transaction Info] - Submitted: 1350 Succ: 1342 Fail:0 Unfinished:8
2026.10.07-12:52:26.704 info  [caliper] [default-observer] 	[issue-150tps Round 5 Transaction Info] - Submitted: 2102 Succ: 2079 Fail:0 Unfinished:23
2026.10.07-12:52:31.705 info  [caliper] [default-observer] 	[issue-150tps Round 5 Transaction Info] - Submitted: 2853 Succ: 2828 Fail:0 Unfinished:25
2026.10.07-12:52:36.706 info  [caliper] [default-observer] 	[issue-150tps Round 5 Transaction Info] - Submitted: 3604 Succ: 3574 Fail:0 Unfinished:30
2026.10.07-12:52:41.707 info  [caliper] [default-observer] 	[issue-150tps Round 5 Transaction Info] - Submitted: 4353 Succ: 4346 Fail:0 Unfinished:7
2026.10.07-12:52:42.800 info  [caliper] [connectors/peer-gateway/PeerGateway] 	disconnecting gateway for user User1@org1.example.com
2026.10.07-12:52:42.800 info  [caliper] [connectors/peer-gateway/PeerGateway] 	disconnecting gRpc client at peer peer0.org1.example.com
2026.10.07-12:52:42.800 info  [caliper] [worker-message-handler] 	Worker#0 finished Round#5
2026.10.07-12:52:47.801 info  [caliper] [default-observer] 	Resetting txCount indicator count
2026.10.07-12:52:47.802 info  [caliper] [report-builder] 	### Test result ###
2026.10.07-12:52:47.802 info  [caliper] [report-builder] 	
+--------------+------+------+-----------------+-----------------+-----------------+-----------------+------------------+
| Name         | Succ | Fail | Send Rate (TPS) | Max Latency (s) | Min Latency (s) | Avg Latency (s) | Throughput (TPS) |
|--------------|------|------|-----------------|-----------------|-----------------|-----------------|------------------|
| issue-150tps | 4501 | 0    | 150.0           | 0.28            | 0.04            | 0.16            | 149.8            |
+--------------+------+------+-----------------+-----------------+-----------------+-----------------+------------------+

2026.10.07-12:52:47.803 info  [caliper] [round-orchestrator] 	Finished round 6 (issue-150tps) in 30.102 seconds
2026.10.07-12:52:47.803 info  [caliper] [monitor.js] 	Stopping all monitors
2026.10.07-12:52:47.803 info  [caliper] [round-orchestrator] 	Waiting 5 seconds for the next round...
2026.10.07-12:52:52.808 info  [caliper] [round-orchestrator] 	Started round 7 (issue-200tps)
2026.10.07-12:52:52.809 info  [caliper] [worker-message-handler] 	Preparing Worker#0 for Round#6
2026.10.07-12:52:52.813 info  [caliper] [connectors/peer-gateway/PeerGateway] 	Generating contract map for user User1@org1.example.com
2026.10.07-12:52:52.814 info  [caliper] [caliper-worker] 	Info: worker 0 prepare test phase for round 6 is starting...
2026.10.07-12:52:52.815 info  [caliper] [connectors/peer-gateway/PeerGateway] 	disconnecting gateway for user User1@org1.example.com
2026.10.07-12:52:52.815 info  [caliper] [connectors/peer-gateway/PeerGateway] 	disconnecting gRpc client at peer peer0.org1.example.com
2026.10.07-12:52:52.815 info  [caliper] [caliper-worker] 	Info: worker 0 prepare test phase for round 6 is completed
2026.10.07-12:52:52.815 info  [caliper] [worker-message-handler] 	Worker#0 prepared for Round#6
2026.10.07-12:52:52.816 info  [caliper] [worker-orchestrator] 	1 workers prepared, progressing to test phase.
2026.10.07-12:52:52.816 info  [caliper] [round-orchestrator] 	Monitors successfully started
2026.10.07-12:52:52.816 info  [caliper] [worker-message-handler] 	Worker#0 is starting Round#6
2026.10.07-12:52:52.818 info  [caliper] [connectors/peer-gateway/PeerGateway] 	Generating contract map for user User1@org1.example.com
2026.10.07-12:52:52.818 info  [caliper] [caliper-worker] 	Worker #0 starting workload loop
2026.10.07-12:52:57.817 info  [caliper] [default-observer] 	[issue-200tps Round 6 Transaction Info] - Submitted: 774 Succ: 746 Fail:0 Unfinished:28
2026.10.07-12:53:02.832 info  [caliper] [default-observer] 	[issue-200tps Round 6 Transaction Info] - Submitted: 1800 Succ: 1770 Fail:0 Unfinished:30
2026.10.07-12:53:07.833 info  [caliper] [default-observer] 	[issue-200tps Round 6 Transaction Info] - Submitted: 2787 Succ: 2734 Fail:0 Unfinished:53
2026.10.07-12:53:12.834 info  [caliper] [default-observer] 	[issue-200tps Round 6 Transaction Info] - Submitted: 3804 Succ: 3749 Fail:0 Unfinished:55
2026.10.07-12:53:17.836 info  [caliper] [default-observer] 	[issue-200tps Round 6 Transaction Info] - Submitted: 4812 Succ: 4756 Fail:0 Unfinished:56
2026.10.07-12:53:22.838 info  [caliper] [default-observer] 	[issue-200tps Round 6 Transaction Info] - Submitted: 5811 Succ: 5774 Fail:0 Unfinished:37
2026.10.07-12:53:24.023 info  [caliper] [connectors/peer-gateway/PeerGateway] 	disconnecting gateway for user User1@org1.example.com
2026.10.07-12:53:24.023 info  [caliper] [connectors/peer-gateway/PeerGateway] 	disconnecting gRpc client at peer peer0.org1.example.com
2026.10.07-12:53:24.023 info  [caliper] [worker-message-handler] 	Worker#0 finished Round#6
2026.10.07-12:53:29.025 info  [caliper] [default-observer] 	Resetting txCount indicator count
2026.10.07-12:53:29.026 info  [caliper] [report-builder] 	### Test result ###
2026.10.07-12:53:29.026 info  [caliper] [report-builder] 	
+--------------+------+------+-----------------+-----------------+-----------------+-----------------+------------------+
| Name         | Succ | Fail | Send Rate (TPS) | Max Latency (s) | Min Latency (s) | Avg Latency (s) | Throughput (TPS) |
|--------------|------|------|-----------------|-----------------|-----------------|-----------------|------------------|
| issue-200tps | 5998 | 0    | 199.9           | 0.43            | 0.05            | 0.21            | 198.6            |
+--------------+------+------+-----------------+-----------------+-----------------+-----------------+------------------+

2026.10.07-12:53:29.026 info  [caliper] [round-orchestrator] 	Finished round 7 (issue-200tps) in 30.204 seconds
2026.10.07-12:53:29.026 info  [caliper] [monitor.js] 	Stopping all monitors
2026.10.07-12:53:29.027 info  [caliper] [round-orchestrator] 	Waiting 5 seconds for the next round...
2026.10.07-12:53:34.032 info  [caliper] [round-orchestrator] 	Started round 8 (issue-300tps)
2026.10.07-12:53:34.033 info  [caliper] [worker-message-handler] 	Preparing Worker#0 for Round#7
2026.10.07-12:53:34.037 info  [caliper] [connectors/peer-gateway/PeerGateway] 	Generating contract map for user User1@org1.example.com
2026.10.07-12:53:34.037 info  [caliper] [caliper-worker] 	Info: worker 0 prepare test phase for round 7 is starting...
2026.10.07-12:53:34.039 info  [caliper] [connectors/peer-gateway/PeerGateway] 	disconnecting gateway for user User1@org1.example.com
2026.10.07-12:53:34.039 info  [caliper] [connectors/peer-gateway/PeerGateway] 	disconnecting gRpc client at peer peer0.org1.example.com
2026.10.07-12:53:34.039 info  [caliper] [caliper-worker] 	Info: worker 0 prepare test phase for round 7 is completed
2026.10.07-12:53:34.039 info  [caliper] [worker-message-handler] 	Worker#0 prepared for Round#7
2026.10.07-12:53:34.039 info  [caliper] [worker-orchestrator] 	1 workers prepared, progressing to test phase.
2026.10.07-12:53:34.039 info  [caliper] [round-orchestrator] 	Monitors successfully started
2026.10.07-12:53:34.040 info  [caliper] [worker-message-handler] 	Worker#0 is starting Round#7
2026.10.07-12:53:34.041 info  [caliper] [connectors/peer-gateway/PeerGateway] 	Generating contract map for user User1@org1.example.com
2026.10.07-12:53:34.042 info  [caliper] [caliper-worker] 	Worker #0 starting workload loop
2026.10.07-12:53:39.041 info  [caliper] [default-observer] 	[issue-300tps Round 7 Transaction Info] - Submitted: 767 Succ: 732 Fail:0 Unfinished:35
2026.10.07-12:53:44.042 info  [caliper] [default-observer] 	[issue-300tps Round 7 Transaction Info] - Submitted: 1736 Succ: 1692 Fail:0 Unfinished:44
2026.10.07-12:53:49.043 info  [caliper] [default-observer] 	[issue-300tps Round 7 Transaction Info] - Submitted: 2722 Succ: 2672 Fail:0 Unfinished:50
2026.10.07-12:53:54.044 info  [caliper] [default-observer] 	[issue-300tps Round 7 Transaction Info] - Submitted: 3725 Succ: 3697 Fail:0 Unfinished:28
2026.10.07-12:53:59.046 info  [caliper] [default-observer] 	[issue-300tps Round 7 Transaction Info] - Submitted: 4750 Succ: 4700 Fail:0 Unfinished:50
2026.10.07-12:54:04.047 info  [caliper] [default-observer] 	[issue-300tps Round 7 Transaction Info] - Submitted: 5764 Succ: 5705 Fail:0 Unfinished:59
2026.10.07-12:54:05.248 info  [caliper] [connectors/peer-gateway/PeerGateway] 	disconnecting gateway for user User1@org1.example.com
2026.10.07-12:54:05.248 info  [caliper] [connectors/peer-gateway/PeerGateway] 	disconnecting gRpc client at peer peer0.org1.example.com
2026.10.07-12:54:05.249 info  [caliper] [worker-message-handler] 	Worker#0 finished Round#7
2026.10.07-12:54:10.251 info  [caliper] [default-observer] 	Resetting txCount indicator count
2026.10.07-12:54:10.251 info  [caliper] [report-builder] 	### Test result ###
2026.10.07-12:54:10.252 info  [caliper] [report-builder] 	
+--------------+------+------+-----------------+-----------------+-----------------+-----------------+------------------+
| Name         | Succ | Fail | Send Rate (TPS) | Max Latency (s) | Min Latency (s) | Avg Latency (s) | Throughput (TPS) |
|--------------|------|------|-----------------|-----------------|-----------------|-----------------|------------------|
| issue-300tps | 5938 | 0    | 197.9           | 0.60            | 0.06            | 0.21            | 197.2            |
+--------------+------+------+-----------------+-----------------+-----------------+-----------------+------------------+

2026.10.07-12:54:10.252 info  [caliper] [round-orchestrator] 	Finished round 8 (issue-300tps) in 30.206 seconds
2026.10.07-12:54:10.252 info  [caliper] [monitor.js] 	Stopping all monitors
2026.10.07-12:54:10.253 info  [caliper] [round-orchestrator] 	Waiting 5 seconds for the next round...
2026.10.07-12:54:15.258 info  [caliper] [round-orchestrator] 	Started round 9 (verify-100tps)
2026.10.07-12:54:15.259 info  [caliper] [worker-message-handler] 	Preparing Worker#0 for Round#8
2026.10.07-12:54:15.264 info  [caliper] [connectors/peer-gateway/PeerGateway] 	Generating contract map for user User1@org1.example.com
2026.10.07-12:54:15.264 info  [caliper] [caliper-worker] 	Info: worker 0 prepare test phase for round 8 is starting...
2026.10.07-12:54:15.265 info  [caliper] [connectors/peer-gateway/PeerGateway] 	disconnecting gateway for user User1@org1.example.com
2026.10.07-12:54:15.266 info  [caliper] [connectors/peer-gateway/PeerGateway] 	disconnecting gRpc client at peer peer0.org1.example.com
2026.10.07-12:54:15.266 info  [caliper] [caliper-worker] 	Info: worker 0 prepare test phase for round 8 is completed
2026.10.07-12:54:15.266 info  [caliper] [worker-message-handler] 	Worker#0 prepared for Round#8
2026.10.07-12:54:15.267 info  [caliper] [worker-orchestrator] 	1 workers prepared, progressing to test phase.
2026.10.07-12:54:15.267 info  [caliper] [round-orchestrator] 	Monitors successfully started
2026.10.07-12:54:15.267 info  [caliper] [worker-message-handler] 	Worker#0 is starting Round#8
2026.10.07-12:54:15.269 info  [caliper] [connectors/peer-gateway/PeerGateway] 	Generating contract map for user User1@org1.example.com
2026.10.07-12:54:15.269 info  [caliper] [caliper-worker] 	Worker #0 starting workload loop
2026.10.07-12:54:20.269 info  [caliper] [default-observer] 	[verify-100tps Round 8 Transaction Info] - Submitted: 401 Succ: 400 Fail:0 Unfinished:1
2026.10.07-12:54:25.269 info  [caliper] [default-observer] 	[verify-100tps Round 8 Transaction Info] - Submitted: 901 Succ: 900 Fail:0 Unfinished:1
2026.10.07-12:54:30.271 info  [caliper] [default-observer] 	[verify-100tps Round 8 Transaction Info] - Submitted: 1401 Succ: 1400 Fail:0 Unfinished:1
2026.10.07-12:54:35.272 info  [caliper] [default-observer] 	[verify-100tps Round 8 Transaction Info] - Submitted: 1901 Succ: 1900 Fail:0 Unfinished:1
2026.10.07-12:54:40.273 info  [caliper] [default-observer] 	[verify-100tps Round 8 Transaction Info] - Submitted: 2501 Succ: 2500 Fail:0 Unfinished:1
2026.10.07-12:54:45.273 info  [caliper] [default-observer] 	[verify-100tps Round 8 Transaction Info] - Submitted: 2901 Succ: 2900 Fail:0 Unfinished:1
2026.10.07-12:54:46.371 info  [caliper] [connectors/peer-gateway/PeerGateway] 	disconnecting gateway for user User1@org1.example.com
2026.10.07-12:54:46.371 info  [caliper] [connectors/peer-gateway/PeerGateway] 	disconnecting gRpc client at peer peer0.org1.example.com
2026.10.07-12:54:46.372 info  [caliper] [worker-message-handler] 	Worker#0 finished Round#8
2026.10.07-12:54:51.373 info  [caliper] [default-observer] 	Resetting txCount indicator count
2026.10.07-12:54:51.374 info  [caliper] [report-builder] 	### Test result ###
2026.10.07-12:54:51.375 info  [caliper] [report-builder] 	
+---------------+------+------+-----------------+-----------------+-----------------+-----------------+------------------+
| Name          | Succ | Fail | Send Rate (TPS) | Max Latency (s) | Min Latency (s) | Avg Latency (s) | Throughput (TPS) |
|---------------|------|------|-----------------|-----------------|-----------------|-----------------|------------------|
| verify-100tps | 3001 | 0    | 100.0           | 0.02            | 0.00            | 0.00            | 100.0            |
+---------------+------+------+-----------------+-----------------+-----------------+-----------------+------------------+

2026.10.07-12:54:51.375 info  [caliper] [round-orchestrator] 	Finished round 9 (verify-100tps) in 30.102 seconds
2026.10.07-12:54:51.375 info  [caliper] [monitor.js] 	Stopping all monitors
2026.10.07-12:54:51.375 info  [caliper] [round-orchestrator] 	Waiting 5 seconds for the next round...
2026.10.07-12:54:56.380 info  [caliper] [round-orchestrator] 	Started round 10 (verify-200tps)
2026.10.07-12:54:56.381 info  [caliper] [worker-message-handler] 	Preparing Worker#0 for Round#9
2026.10.07-12:54:56.386 info  [caliper] [connectors/peer-gateway/PeerGateway] 	Generating contract map for user User1@org1.example.com
2026.10.07-12:54:56.387 info  [caliper] [caliper-worker] 	Info: worker 0 prepare test phase for round 9 is starting...
2026.10.07-12:54:56.388 info  [caliper] [connectors/peer-gateway/PeerGateway] 	disconnecting gateway for user User1@org1.example.com
2026.10.07-12:54:56.388 info  [caliper] [connectors/peer-gateway/PeerGateway] 	disconnecting gRpc client at peer peer0.org1.example.com
2026.10.07-12:54:56.388 info  [caliper] [caliper-worker] 	Info: worker 0 prepare test phase for round 9 is completed
2026.10.07-12:54:56.388 info  [caliper] [worker-message-handler] 	Worker#0 prepared for Round#9
2026.10.07-12:54:56.389 info  [caliper] [worker-orchestrator] 	1 workers prepared, progressing to test phase.
2026.10.07-12:54:56.389 info  [caliper] [round-orchestrator] 	Monitors successfully started
2026.10.07-12:54:56.389 info  [caliper] [worker-message-handler] 	Worker#0 is starting Round#9
2026.10.07-12:54:56.391 info  [caliper] [connectors/peer-gateway/PeerGateway] 	Generating contract map for user User1@org1.example.com
2026.10.07-12:54:56.391 info  [caliper] [caliper-worker] 	Worker #0 starting workload loop
2026.10.07-12:55:01.390 info  [caliper] [default-observer] 	[verify-200tps Round 9 Transaction Info] - Submitted: 800 Succ: 800 Fail:0 Unfinished:0
2026.10.07-12:55:06.391 info  [caliper] [default-observer] 	[verify-200tps Round 9 Transaction Info] - Submitted: 1801 Succ: 1800 Fail:0 Unfinished:1
2026.10.07-12:55:11.392 info  [caliper] [default-observer] 	[verify-200tps Round 9 Transaction Info] - Submitted: 2800 Succ: 2800 Fail:0 Unfinished:0
2026.10.07-12:55:16.393 info  [caliper] [default-observer] 	[verify-200tps Round 9 Transaction Info] - Submitted: 3801 Succ: 3800 Fail:0 Unfinished:1
2026.10.07-12:55:21.394 info  [caliper] [default-observer] 	[verify-200tps Round 9 Transaction Info] - Submitted: 4801 Succ: 4800 Fail:0 Unfinished:1
2026.10.07-12:55:26.395 info  [caliper] [default-observer] 	[verify-200tps Round 9 Transaction Info] - Submitted: 5801 Succ: 5800 Fail:0 Unfinished:1
2026.10.07-12:55:27.493 info  [caliper] [connectors/peer-gateway/PeerGateway] 	disconnecting gateway for user User1@org1.example.com
2026.10.07-12:55:27.493 info  [caliper] [connectors/peer-gateway/PeerGateway] 	disconnecting gRpc client at peer peer0.org1.example.com
2026.10.07-12:55:27.493 info  [caliper] [worker-message-handler] 	Worker#0 finished Round#9
2026.10.07-12:55:32.495 info  [caliper] [default-observer] 	Resetting txCount indicator count
2026.10.07-12:55:32.496 info  [caliper] [report-builder] 	### Test result ###
2026.10.07-12:55:32.496 info  [caliper] [report-builder] 	
+---------------+------+------+-----------------+-----------------+-----------------+-----------------+------------------+
| Name          | Succ | Fail | Send Rate (TPS) | Max Latency (s) | Min Latency (s) | Avg Latency (s) | Throughput (TPS) |
|---------------|------|------|-----------------|-----------------|-----------------|-----------------|------------------|
| verify-200tps | 6001 | 0    | 200.0           | 0.02            | 0.00            | 0.00            | 200.0            |
+---------------+------+------+-----------------+-----------------+-----------------+-----------------+------------------+

2026.10.07-12:55:32.496 info  [caliper] [round-orchestrator] 	Finished round 10 (verify-200tps) in 30.101 seconds
2026.10.07-12:55:32.497 info  [caliper] [monitor.js] 	Stopping all monitors
2026.10.07-12:55:32.497 info  [caliper] [round-orchestrator] 	Waiting 5 seconds for the next round...
2026.10.07-12:55:37.502 info  [caliper] [round-orchestrator] 	Started round 11 (verify-400tps)
2026.10.07-12:55:37.503 info  [caliper] [worker-message-handler] 	Preparing Worker#0 for Round#10
2026.10.07-12:55:37.507 info  [caliper] [connectors/peer-gateway/PeerGateway] 	Generating contract map for user User1@org1.example.com
2026.10.07-12:55:37.508 info  [caliper] [caliper-worker] 	Info: worker 0 prepare test phase for round 10 is starting...
2026.10.07-12:55:37.509 info  [caliper] [connectors/peer-gateway/PeerGateway] 	disconnecting gateway for user User1@org1.example.com
2026.10.07-12:55:37.509 info  [caliper] [connectors/peer-gateway/PeerGateway] 	disconnecting gRpc client at peer peer0.org1.example.com
2026.10.07-12:55:37.509 info  [caliper] [caliper-worker] 	Info: worker 0 prepare test phase for round 10 is completed
2026.10.07-12:55:37.509 info  [caliper] [worker-message-handler] 	Worker#0 prepared for Round#10
2026.10.07-12:55:37.510 info  [caliper] [worker-orchestrator] 	1 workers prepared, progressing to test phase.
2026.10.07-12:55:37.510 info  [caliper] [round-orchestrator] 	Monitors successfully started
2026.10.07-12:55:37.510 info  [caliper] [worker-message-handler] 	Worker#0 is starting Round#10
2026.10.07-12:55:37.511 info  [caliper] [connectors/peer-gateway/PeerGateway] 	Generating contract map for user User1@org1.example.com
2026.10.07-12:55:37.512 info  [caliper] [caliper-worker] 	Worker #0 starting workload loop
2026.10.07-12:55:42.511 info  [caliper] [default-observer] 	[verify-400tps Round 10 Transaction Info] - Submitted: 1600 Succ: 1598 Fail:0 Unfinished:2
2026.10.07-12:55:47.511 info  [caliper] [default-observer] 	[verify-400tps Round 10 Transaction Info] - Submitted: 3600 Succ: 3600 Fail:0 Unfinished:0
2026.10.07-12:55:52.513 info  [caliper] [default-observer] 	[verify-400tps Round 10 Transaction Info] - Submitted: 5601 Succ: 5599 Fail:0 Unfinished:2
2026.10.07-12:55:57.513 info  [caliper] [default-observer] 	[verify-400tps Round 10 Transaction Info] - Submitted: 7601 Succ: 7598 Fail:0 Unfinished:3
2026.10.07-12:56:02.514 info  [caliper] [default-observer] 	[verify-400tps Round 10 Transaction Info] - Submitted: 10001 Succ: 10000 Fail:0 Unfinished:1
2026.10.07-12:56:07.514 info  [caliper] [default-observer] 	[verify-400tps Round 10 Transaction Info] - Submitted: 12001 Succ: 11999 Fail:0 Unfinished:2
2026.10.07-12:56:08.614 info  [caliper] [connectors/peer-gateway/PeerGateway] 	disconnecting gateway for user User1@org1.example.com
2026.10.07-12:56:08.615 info  [caliper] [connectors/peer-gateway/PeerGateway] 	disconnecting gRpc client at peer peer0.org1.example.com
2026.10.07-12:56:08.615 info  [caliper] [worker-message-handler] 	Worker#0 finished Round#10
2026.10.07-12:56:13.617 info  [caliper] [default-observer] 	Resetting txCount indicator count
2026.10.07-12:56:13.617 info  [caliper] [report-builder] 	### Test result ###
2026.10.07-12:56:13.618 info  [caliper] [report-builder] 	
+---------------+-------+------+-----------------+-----------------+-----------------+-----------------+------------------+
| Name          | Succ  | Fail | Send Rate (TPS) | Max Latency (s) | Min Latency (s) | Avg Latency (s) | Throughput (TPS) |
|---------------|-------|------|-----------------|-----------------|-----------------|-----------------|------------------|
| verify-400tps | 12001 | 0    | 400.0           | 0.02            | 0.00            | 0.00            | 400.0            |
+---------------+-------+------+-----------------+-----------------+-----------------+-----------------+------------------+

2026.10.07-12:56:13.618 info  [caliper] [round-orchestrator] 	Finished round 11 (verify-400tps) in 30.102 seconds
2026.10.07-12:56:13.618 info  [caliper] [monitor.js] 	Stopping all monitors
2026.10.07-12:56:13.618 info  [caliper] [round-orchestrator] 	Waiting 5 seconds for the next round...
2026.10.07-12:56:18.619 info  [caliper] [round-orchestrator] 	Started round 12 (verify-600tps)
2026.10.07-12:56:18.620 info  [caliper] [worker-message-handler] 	Preparing Worker#0 for Round#11
2026.10.07-12:56:18.625 info  [caliper] [connectors/peer-gateway/PeerGateway] 	Generating contract map for user User1@org1.example.com
2026.10.07-12:56:18.625 info  [caliper] [caliper-worker] 	Info: worker 0 prepare test phase for round 11 is starting...
2026.10.07-12:56:18.626 info  [caliper] [connectors/peer-gateway/PeerGateway] 	disconnecting gateway for user User1@org1.example.com
2026.10.07-12:56:18.626 info  [caliper] [connectors/peer-gateway/PeerGateway] 	disconnecting gRpc client at peer peer0.org1.example.com
2026.10.07-12:56:18.627 info  [caliper] [caliper-worker] 	Info: worker 0 prepare test phase for round 11 is completed
2026.10.07-12:56:18.627 info  [caliper] [worker-message-handler] 	Worker#0 prepared for Round#11
2026.10.07-12:56:18.627 info  [caliper] [worker-orchestrator] 	1 workers prepared, progressing to test phase.
2026.10.07-12:56:18.627 info  [caliper] [round-orchestrator] 	Monitors successfully started
2026.10.07-12:56:18.628 info  [caliper] [worker-message-handler] 	Worker#0 is starting Round#11
2026.10.07-12:56:18.629 info  [caliper] [connectors/peer-gateway/PeerGateway] 	Generating contract map for user User1@org1.example.com
2026.10.07-12:56:18.630 info  [caliper] [caliper-worker] 	Worker #0 starting workload loop
2026.10.07-12:56:23.627 info  [caliper] [default-observer] 	[verify-600tps Round 11 Transaction Info] - Submitted: 2130 Succ: 2129 Fail:0 Unfinished:1
2026.10.07-12:56:28.627 info  [caliper] [default-observer] 	[verify-600tps Round 11 Transaction Info] - Submitted: 4700 Succ: 4697 Fail:0 Unfinished:3
2026.10.07-12:56:33.628 info  [caliper] [default-observer] 	[verify-600tps Round 11 Transaction Info] - Submitted: 7357 Succ: 7356 Fail:0 Unfinished:1
2026.10.07-12:56:38.629 info  [caliper] [default-observer] 	[verify-600tps Round 11 Transaction Info] - Submitted: 10027 Succ: 10025 Fail:0 Unfinished:2
2026.10.07-12:56:43.630 info  [caliper] [default-observer] 	[verify-600tps Round 11 Transaction Info] - Submitted: 12791 Succ: 12789 Fail:0 Unfinished:2
2026.10.07-12:56:48.631 info  [caliper] [default-observer] 	[verify-600tps Round 11 Transaction Info] - Submitted: 15536 Succ: 15534 Fail:0 Unfinished:2
2026.10.07-12:56:49.730 info  [caliper] [connectors/peer-gateway/PeerGateway] 	disconnecting gateway for user User1@org1.example.com
2026.10.07-12:56:49.730 info  [caliper] [connectors/peer-gateway/PeerGateway] 	disconnecting gRpc client at peer peer0.org1.example.com
2026.10.07-12:56:49.731 info  [caliper] [worker-message-handler] 	Worker#0 finished Round#11
2026.10.07-12:56:54.731 info  [caliper] [default-observer] 	Resetting txCount indicator count
2026.10.07-12:56:54.732 info  [caliper] [report-builder] 	### Test result ###
2026.10.07-12:56:54.732 info  [caliper] [report-builder] 	
+---------------+-------+------+-----------------+-----------------+-----------------+-----------------+------------------+
| Name          | Succ  | Fail | Send Rate (TPS) | Max Latency (s) | Min Latency (s) | Avg Latency (s) | Throughput (TPS) |
|---------------|-------|------|-----------------|-----------------|-----------------|-----------------|------------------|
| verify-600tps | 16091 | 0    | 536.4           | 0.03            | 0.00            | 0.00            | 536.3            |
+---------------+-------+------+-----------------+-----------------+-----------------+-----------------+------------------+

2026.10.07-12:56:54.733 info  [caliper] [round-orchestrator] 	Finished round 12 (verify-600tps) in 30.101 seconds
2026.10.07-12:56:54.733 info  [caliper] [monitor.js] 	Stopping all monitors
2026.10.07-12:56:54.733 info  [caliper] [round-orchestrator] 	Waiting 5 seconds for the next round...
2026.10.07-12:56:59.738 info  [caliper] [round-orchestrator] 	Started round 13 (audit-10tps)
2026.10.07-12:56:59.739 info  [caliper] [worker-message-handler] 	Preparing Worker#0 for Round#12
2026.10.07-12:56:59.743 info  [caliper] [connectors/peer-gateway/PeerGateway] 	Generating contract map for user User1@org1.example.com
2026.10.07-12:56:59.744 info  [caliper] [caliper-worker] 	Info: worker 0 prepare test phase for round 12 is starting...
2026.10.07-12:56:59.745 info  [caliper] [connectors/peer-gateway/PeerGateway] 	disconnecting gateway for user User1@org1.example.com
2026.10.07-12:56:59.745 info  [caliper] [connectors/peer-gateway/PeerGateway] 	disconnecting gRpc client at peer peer0.org1.example.com
2026.10.07-12:56:59.745 info  [caliper] [caliper-worker] 	Info: worker 0 prepare test phase for round 12 is completed
2026.10.07-12:56:59.745 info  [caliper] [worker-message-handler] 	Worker#0 prepared for Round#12
2026.10.07-12:56:59.746 info  [caliper] [worker-orchestrator] 	1 workers prepared, progressing to test phase.
2026.10.07-12:56:59.746 info  [caliper] [round-orchestrator] 	Monitors successfully started
2026.10.07-12:56:59.746 info  [caliper] [worker-message-handler] 	Worker#0 is starting Round#12
2026.10.07-12:56:59.748 info  [caliper] [connectors/peer-gateway/PeerGateway] 	Generating contract map for user User1@org1.example.com
2026.10.07-12:56:59.749 info  [caliper] [caliper-worker] 	Worker #0 starting workload loop
2026.10.07-12:57:04.747 info  [caliper] [default-observer] 	[audit-10tps Round 12 Transaction Info] - Submitted: 40 Succ: 39 Fail:0 Unfinished:1
2026.10.07-12:57:09.749 info  [caliper] [default-observer] 	[audit-10tps Round 12 Transaction Info] - Submitted: 91 Succ: 88 Fail:0 Unfinished:3
2026.10.07-12:57:14.750 info  [caliper] [default-observer] 	[audit-10tps Round 12 Transaction Info] - Submitted: 151 Succ: 148 Fail:0 Unfinished:3
2026.10.07-12:57:19.750 info  [caliper] [default-observer] 	[audit-10tps Round 12 Transaction Info] - Submitted: 201 Succ: 200 Fail:0 Unfinished:1
2026.10.07-12:57:24.750 info  [caliper] [default-observer] 	[audit-10tps Round 12 Transaction Info] - Submitted: 251 Succ: 248 Fail:0 Unfinished:3
2026.10.07-12:57:29.750 info  [caliper] [default-observer] 	[audit-10tps Round 12 Transaction Info] - Submitted: 301 Succ: 299 Fail:0 Unfinished:2
2026.10.07-12:57:30.951 info  [caliper] [connectors/peer-gateway/PeerGateway] 	disconnecting gateway for user User1@org1.example.com
2026.10.07-12:57:30.951 info  [caliper] [connectors/peer-gateway/PeerGateway] 	disconnecting gRpc client at peer peer0.org1.example.com
2026.10.07-12:57:30.951 info  [caliper] [worker-message-handler] 	Worker#0 finished Round#12
2026.10.07-12:57:35.953 info  [caliper] [default-observer] 	Resetting txCount indicator count
2026.10.07-12:57:35.953 info  [caliper] [report-builder] 	### Test result ###
2026.10.07-12:57:35.954 info  [caliper] [report-builder] 	
+-------------+------+------+-----------------+-----------------+-----------------+-----------------+------------------+
| Name        | Succ | Fail | Send Rate (TPS) | Max Latency (s) | Min Latency (s) | Avg Latency (s) | Throughput (TPS) |
|-------------|------|------|-----------------|-----------------|-----------------|-----------------|------------------|
| audit-10tps | 301  | 0    | 10.0            | 0.24            | 0.02            | 0.13            | 10.0             |
+-------------+------+------+-----------------+-----------------+-----------------+-----------------+------------------+

2026.10.07-12:57:35.954 info  [caliper] [round-orchestrator] 	Finished round 13 (audit-10tps) in 30.202 seconds
2026.10.07-12:57:35.954 info  [caliper] [monitor.js] 	Stopping all monitors
2026.10.07-12:57:35.954 info  [caliper] [round-orchestrator] 	Waiting 5 seconds for the next round...
2026.10.07-12:57:40.959 info  [caliper] [round-orchestrator] 	Started round 14 (audit-50tps)
2026.10.07-12:57:40.960 info  [caliper] [worker-message-handler] 	Preparing Worker#0 for Round#13
2026.10.07-12:57:40.962 info  [caliper] [connectors/peer-gateway/PeerGateway] 	Generating contract map for user User1@org1.example.com
2026.10.07-12:57:40.962 info  [caliper] [caliper-worker] 	Info: worker 0 prepare test phase for round 13 is starting...
2026.10.07-12:57:40.963 info  [caliper] [connectors/peer-gateway/PeerGateway] 	disconnecting gateway for user User1@org1.example.com
2026.10.07-12:57:40.964 info  [caliper] [connectors/peer-gateway/PeerGateway] 	disconnecting gRpc client at peer peer0.org1.example.com
2026.10.07-12:57:40.964 info  [caliper] [caliper-worker] 	Info: worker 0 prepare test phase for round 13 is completed
2026.10.07-12:57:40.964 info  [caliper] [worker-message-handler] 	Worker#0 prepared for Round#13
2026.10.07-12:57:40.964 info  [caliper] [worker-orchestrator] 	1 workers prepared, progressing to test phase.
2026.10.07-12:57:40.964 info  [caliper] [round-orchestrator] 	Monitors successfully started
2026.10.07-12:57:40.965 info  [caliper] [worker-message-handler] 	Worker#0 is starting Round#13
2026.10.07-12:57:40.966 info  [caliper] [connectors/peer-gateway/PeerGateway] 	Generating contract map for user User1@org1.example.com
2026.10.07-12:57:40.966 info  [caliper] [caliper-worker] 	Worker #0 starting workload loop
2026.10.07-12:57:45.965 info  [caliper] [default-observer] 	[audit-50tps Round 13 Transaction Info] - Submitted: 201 Succ: 198 Fail:0 Unfinished:3
2026.10.07-12:57:50.966 info  [caliper] [default-observer] 	[audit-50tps Round 13 Transaction Info] - Submitted: 451 Succ: 440 Fail:0 Unfinished:11
2026.10.07-12:57:55.967 info  [caliper] [default-observer] 	[audit-50tps Round 13 Transaction Info] - Submitted: 751 Succ: 748 Fail:0 Unfinished:3
2026.10.07-12:58:00.968 info  [caliper] [default-observer] 	[audit-50tps Round 13 Transaction Info] - Submitted: 951 Succ: 946 Fail:0 Unfinished:5
2026.10.07-12:58:05.968 info  [caliper] [default-observer] 	[audit-50tps Round 13 Transaction Info] - Submitted: 1251 Succ: 1242 Fail:0 Unfinished:9
2026.10.07-12:58:10.969 info  [caliper] [default-observer] 	[audit-50tps Round 13 Transaction Info] - Submitted: 1451 Succ: 1440 Fail:0 Unfinished:11
2026.10.07-12:58:12.168 info  [caliper] [connectors/peer-gateway/PeerGateway] 	disconnecting gateway for user User1@org1.example.com
2026.10.07-12:58:12.168 info  [caliper] [connectors/peer-gateway/PeerGateway] 	disconnecting gRpc client at peer peer0.org1.example.com
2026.10.07-12:58:12.169 info  [caliper] [worker-message-handler] 	Worker#0 finished Round#13
2026.10.07-12:58:17.171 info  [caliper] [default-observer] 	Resetting txCount indicator count
2026.10.07-12:58:17.171 info  [caliper] [report-builder] 	### Test result ###
2026.10.07-12:58:17.171 info  [caliper] [report-builder] 	
+-------------+------+------+-----------------+-----------------+-----------------+-----------------+------------------+
| Name        | Succ | Fail | Send Rate (TPS) | Max Latency (s) | Min Latency (s) | Avg Latency (s) | Throughput (TPS) |
|-------------|------|------|-----------------|-----------------|-----------------|-----------------|------------------|
| audit-50tps | 1501 | 0    | 50.0            | 0.24            | 0.02            | 0.13            | 49.8             |
+-------------+------+------+-----------------+-----------------+-----------------+-----------------+------------------+

2026.10.07-12:58:17.171 info  [caliper] [round-orchestrator] 	Finished round 14 (audit-50tps) in 30.201 seconds
2026.10.07-12:58:17.172 info  [caliper] [monitor.js] 	Stopping all monitors
2026.10.07-12:58:17.172 info  [caliper] [round-orchestrator] 	Waiting 5 seconds for the next round...
2026.10.07-12:58:22.176 info  [caliper] [round-orchestrator] 	Started round 15 (audit-100tps)
2026.10.07-12:58:22.177 info  [caliper] [worker-message-handler] 	Preparing Worker#0 for Round#14
2026.10.07-12:58:22.181 info  [caliper] [connectors/peer-gateway/PeerGateway] 	Generating contract map for user User1@org1.example.com
2026.10.07-12:58:22.181 info  [caliper] [caliper-worker] 	Info: worker 0 prepare test phase for round 14 is starting...
2026.10.07-12:58:22.183 info  [caliper] [connectors/peer-gateway/PeerGateway] 	disconnecting gateway for user User1@org1.example.com
2026.10.07-12:58:22.183 info  [caliper] [connectors/peer-gateway/PeerGateway] 	disconnecting gRpc client at peer peer0.org1.example.com
2026.10.07-12:58:22.183 info  [caliper] [caliper-worker] 	Info: worker 0 prepare test phase for round 14 is completed
2026.10.07-12:58:22.183 info  [caliper] [worker-message-handler] 	Worker#0 prepared for Round#14
2026.10.07-12:58:22.183 info  [caliper] [worker-orchestrator] 	1 workers prepared, progressing to test phase.
2026.10.07-12:58:22.183 info  [caliper] [round-orchestrator] 	Monitors successfully started
2026.10.07-12:58:22.184 info  [caliper] [worker-message-handler] 	Worker#0 is starting Round#14
2026.10.07-12:58:22.185 info  [caliper] [connectors/peer-gateway/PeerGateway] 	Generating contract map for user User1@org1.example.com
2026.10.07-12:58:22.186 info  [caliper] [caliper-worker] 	Worker #0 starting workload loop
2026.10.07-12:58:27.184 info  [caliper] [default-observer] 	[audit-100tps Round 14 Transaction Info] - Submitted: 401 Succ: 380 Fail:0 Unfinished:21
2026.10.07-12:58:32.184 info  [caliper] [default-observer] 	[audit-100tps Round 14 Transaction Info] - Submitted: 900 Succ: 893 Fail:0 Unfinished:7
2026.10.07-12:58:37.185 info  [caliper] [default-observer] 	[audit-100tps Round 14 Transaction Info] - Submitted: 1400 Succ: 1380 Fail:0 Unfinished:20
2026.10.07-12:58:42.187 info  [caliper] [default-observer] 	[audit-100tps Round 14 Transaction Info] - Submitted: 1901 Succ: 1889 Fail:0 Unfinished:12
2026.10.07-12:58:47.187 info  [caliper] [default-observer] 	[audit-100tps Round 14 Transaction Info] - Submitted: 2401 Succ: 2383 Fail:0 Unfinished:18
2026.10.07-12:58:52.188 info  [caliper] [default-observer] 	[audit-100tps Round 14 Transaction Info] - Submitted: 2901 Succ: 2887 Fail:0 Unfinished:14
2026.10.07-12:58:53.389 info  [caliper] [connectors/peer-gateway/PeerGateway] 	disconnecting gateway for user User1@org1.example.com
2026.10.07-12:58:53.389 info  [caliper] [connectors/peer-gateway/PeerGateway] 	disconnecting gRpc client at peer peer0.org1.example.com
2026.10.07-12:58:53.390 info  [caliper] [worker-message-handler] 	Worker#0 finished Round#14
2026.10.07-12:58:58.390 info  [caliper] [default-observer] 	Resetting txCount indicator count
2026.10.07-12:58:58.390 info  [caliper] [report-builder] 	### Test result ###
2026.10.07-12:58:58.391 info  [caliper] [report-builder] 	
+--------------+------+------+-----------------+-----------------+-----------------+-----------------+------------------+
| Name         | Succ | Fail | Send Rate (TPS) | Max Latency (s) | Min Latency (s) | Avg Latency (s) | Throughput (TPS) |
|--------------|------|------|-----------------|-----------------|-----------------|-----------------|------------------|
| audit-100tps | 3001 | 0    | 100.0           | 0.26            | 0.03            | 0.14            | 99.5             |
+--------------+------+------+-----------------+-----------------+-----------------+-----------------+------------------+

2026.10.07-12:58:58.391 info  [caliper] [round-orchestrator] 	Finished round 15 (audit-100tps) in 30.204 seconds
2026.10.07-12:58:58.391 info  [caliper] [monitor.js] 	Stopping all monitors
2026.10.07-12:58:58.391 info  [caliper] [round-orchestrator] 	Waiting 5 seconds for the next round...
2026.10.07-12:59:03.393 info  [caliper] [round-orchestrator] 	Started round 16 (audit-200tps)
2026.10.07-12:59:03.393 info  [caliper] [worker-message-handler] 	Preparing Worker#0 for Round#15
2026.10.07-12:59:03.398 info  [caliper] [connectors/peer-gateway/PeerGateway] 	Generating contract map for user User1@org1.example.com
2026.10.07-12:59:03.398 info  [caliper] [caliper-worker] 	Info: worker 0 prepare test phase for round 15 is starting...
2026.10.07-12:59:03.400 info  [caliper] [connectors/peer-gateway/PeerGateway] 	disconnecting gateway for user User1@org1.example.com
2026.10.07-12:59:03.400 info  [caliper] [connectors/peer-gateway/PeerGateway] 	disconnecting gRpc client at peer peer0.org1.example.com
2026.10.07-12:59:03.400 info  [caliper] [caliper-worker] 	Info: worker 0 prepare test phase for round 15 is completed
2026.10.07-12:59:03.400 info  [caliper] [worker-message-handler] 	Worker#0 prepared for Round#15
2026.10.07-12:59:03.400 info  [caliper] [worker-orchestrator] 	1 workers prepared, progressing to test phase.
2026.10.07-12:59:03.401 info  [caliper] [round-orchestrator] 	Monitors successfully started
2026.10.07-12:59:03.401 info  [caliper] [worker-message-handler] 	Worker#0 is starting Round#15
2026.10.07-12:59:03.402 info  [caliper] [connectors/peer-gateway/PeerGateway] 	Generating contract map for user User1@org1.example.com
2026.10.07-12:59:03.403 info  [caliper] [caliper-worker] 	Worker #0 starting workload loop
2026.10.07-12:59:08.402 info  [caliper] [default-observer] 	[audit-200tps Round 15 Transaction Info] - Submitted: 751 Succ: 717 Fail:0 Unfinished:34
2026.10.07-12:59:13.403 info  [caliper] [default-observer] 	[audit-200tps Round 15 Transaction Info] - Submitted: 1733 Succ: 1684 Fail:0 Unfinished:49
2026.10.07-12:59:18.406 info  [caliper] [default-observer] 	[audit-200tps Round 15 Transaction Info] - Submitted: 2740 Succ: 2705 Fail:0 Unfinished:35
2026.10.07-12:59:23.406 info  [caliper] [default-observer] 	[audit-200tps Round 15 Transaction Info] - Submitted: 3705 Succ: 3679 Fail:0 Unfinished:26
2026.10.07-12:59:28.407 info  [caliper] [default-observer] 	[audit-200tps Round 15 Transaction Info] - Submitted: 4712 Succ: 4684 Fail:0 Unfinished:28
2026.10.07-12:59:33.409 info  [caliper] [default-observer] 	[audit-200tps Round 15 Transaction Info] - Submitted: 5720 Succ: 5675 Fail:0 Unfinished:45
2026.10.07-12:59:34.638 info  [caliper] [connectors/peer-gateway/PeerGateway] 	disconnecting gateway for user User1@org1.example.com
2026.10.07-12:59:34.639 info  [caliper] [connectors/peer-gateway/PeerGateway] 	disconnecting gRpc client at peer peer0.org1.example.com
2026.10.07-12:59:34.639 info  [caliper] [worker-message-handler] 	Worker#0 finished Round#15
2026.10.07-12:59:39.642 info  [caliper] [default-observer] 	Resetting txCount indicator count
2026.10.07-12:59:39.642 info  [caliper] [report-builder] 	### Test result ###
2026.10.07-12:59:39.643 info  [caliper] [report-builder] 	
+--------------+------+------+-----------------+-----------------+-----------------+-----------------+------------------+
| Name         | Succ | Fail | Send Rate (TPS) | Max Latency (s) | Min Latency (s) | Avg Latency (s) | Throughput (TPS) |
|--------------|------|------|-----------------|-----------------|-----------------|-----------------|------------------|
| audit-200tps | 5918 | 0    | 197.1           | 0.39            | 0.07            | 0.21            | 196.3            |
+--------------+------+------+-----------------+-----------------+-----------------+-----------------+------------------+

2026.10.07-12:59:39.643 info  [caliper] [round-orchestrator] 	Finished round 16 (audit-200tps) in 30.235 seconds
2026.10.07-12:59:39.643 info  [caliper] [monitor.js] 	Stopping all monitors
2026.10.07-12:59:39.643 info  [caliper] [report-builder] 	### All test results ###
2026.10.07-12:59:39.645 info  [caliper] [report-builder] 	
+---------------+-------+------+-----------------+-----------------+-----------------+-----------------+------------------+
| Name          | Succ  | Fail | Send Rate (TPS) | Max Latency (s) | Min Latency (s) | Avg Latency (s) | Throughput (TPS) |
|---------------|-------|------|-----------------|-----------------|-----------------|-----------------|------------------|
| seed          | 500   | 0    | 78.4            | 0.57            | 0.09            | 0.34            | 75.8             |
|---------------|-------|------|-----------------|-----------------|-----------------|-----------------|------------------|
| issue-10tps   | 301   | 0    | 10.0            | 0.23            | 0.02            | 0.13            | 10.0             |
|---------------|-------|------|-----------------|-----------------|-----------------|-----------------|------------------|
| issue-25tps   | 751   | 0    | 25.0            | 0.25            | 0.02            | 0.13            | 25.0             |
|---------------|-------|------|-----------------|-----------------|-----------------|-----------------|------------------|
| issue-50tps   | 1500  | 1    | 50.0            | 0.25            | 0.02            | 0.13            | 49.8             |
|---------------|-------|------|-----------------|-----------------|-----------------|-----------------|------------------|
| issue-100tps  | 3001  | 0    | 100.0           | 0.29            | 0.03            | 0.14            | 99.5             |
|---------------|-------|------|-----------------|-----------------|-----------------|-----------------|------------------|
| issue-150tps  | 4501  | 0    | 150.0           | 0.28            | 0.04            | 0.16            | 149.8            |
|---------------|-------|------|-----------------|-----------------|-----------------|-----------------|------------------|
| issue-200tps  | 5998  | 0    | 199.9           | 0.43            | 0.05            | 0.21            | 198.6            |
|---------------|-------|------|-----------------|-----------------|-----------------|-----------------|------------------|
| issue-300tps  | 5938  | 0    | 197.9           | 0.60            | 0.06            | 0.21            | 197.2            |
|---------------|-------|------|-----------------|-----------------|-----------------|-----------------|------------------|
| verify-100tps | 3001  | 0    | 100.0           | 0.02            | 0.00            | 0.00            | 100.0            |
|---------------|-------|------|-----------------|-----------------|-----------------|-----------------|------------------|
| verify-200tps | 6001  | 0    | 200.0           | 0.02            | 0.00            | 0.00            | 200.0            |
|---------------|-------|------|-----------------|-----------------|-----------------|-----------------|------------------|
| verify-400tps | 12001 | 0    | 400.0           | 0.02            | 0.00            | 0.00            | 400.0            |
|---------------|-------|------|-----------------|-----------------|-----------------|-----------------|------------------|
| verify-600tps | 16091 | 0    | 536.4           | 0.03            | 0.00            | 0.00            | 536.3            |
|---------------|-------|------|-----------------|-----------------|-----------------|-----------------|------------------|
| audit-10tps   | 301   | 0    | 10.0            | 0.24            | 0.02            | 0.13            | 10.0             |
|---------------|-------|------|-----------------|-----------------|-----------------|-----------------|------------------|
| audit-50tps   | 1501  | 0    | 50.0            | 0.24            | 0.02            | 0.13            | 49.8             |
|---------------|-------|------|-----------------|-----------------|-----------------|-----------------|------------------|
| audit-100tps  | 3001  | 0    | 100.0           | 0.26            | 0.03            | 0.14            | 99.5             |
|---------------|-------|------|-----------------|-----------------|-----------------|-----------------|------------------|
| audit-200tps  | 5918  | 0    | 197.1           | 0.39            | 0.07            | 0.21            | 196.3            |
+---------------+-------+------+-----------------+-----------------+-----------------+-----------------+------------------+

2026.10.07-12:59:39.653 info  [caliper] [report-builder] 	Generated report with path /home/runner/work/bzt-id-experiments/bzt-id-experiments/fabric-bench/caliper/report.html
2026.10.07-12:59:39.653 info  [caliper] [monitor.js] 	Stopping all monitors
2026.10.07-12:59:39.653 info  [caliper] [worker-orchestrator] 	Sending exit message to connected workers
2026.10.07-12:59:39.654 info  [caliper] [round-orchestrator] 	Benchmark finished in 630.767 seconds. Total rounds: 16. Successful rounds: 16. Failed rounds: 0.
2026.10.07-12:59:39.654 info  [caliper] [caliper-engine] 	Skipping end command due to benchmark flow conditioning
2026.10.07-12:59:39.654 info  [caliper] [cli-launch-manager] 	Benchmark successfully finished!
2026.10.07-12:59:39.654 info  [caliper] [worker-message-handler] 	Worker#0 is exiting
