2026.10.07-05:20:35.183 info  [caliper] [cli-launch-manager] 	Set workspace path: /home/runner/work/bzt-id-experiments/bzt-id-experiments/fabric-bench/caliper
2026.10.07-05:20:35.184 info  [caliper] [cli-launch-manager] 	Set benchmark configuration path: /home/runner/work/bzt-id-experiments/bzt-id-experiments/fabric-bench/caliper/benchmarks/config.yaml
2026.10.07-05:20:35.184 info  [caliper] [cli-launch-manager] 	Set network configuration path: /home/runner/work/bzt-id-experiments/bzt-id-experiments/fabric-bench/caliper/networks/networkConfig.yaml
2026.10.07-05:20:35.184 info  [caliper] [cli-launch-manager] 	Set SUT type: fabric
2026.10.07-05:20:35.202 info  [caliper] [benchmark-validator] 	No observer specified, will default to `none`
2026.10.07-05:20:35.202 info  [caliper] [caliper-engine] 	Starting benchmark flow
2026.10.07-05:20:35.202 info  [caliper] [caliper-engine] 	Skipping start commands due to benchmark flow conditioning
2026.10.07-05:20:35.202 info  [caliper] [caliper-engine] 	Skipping initialization phase due to benchmark flow conditioning
2026.10.07-05:20:35.202 info  [caliper] [caliper-engine] 	Skipping install smart contract phase due to benchmark flow conditioning
2026.10.07-05:20:35.309 info  [caliper] [FabricConnectorFactory] 	Initializing peer gateway connector compatible with installed fabric-gateway SDK: 1.7.1
2026.10.07-05:20:35.325 info  [caliper] [IdentityManager] 	Adding User1@org1.example.com (admin=false) as User1@org1.example.com for organization Org1MSP
2026.10.07-05:20:35.328 info  [caliper] [monitor.js] 	No resource monitors specified
2026.10.07-05:20:35.329 info  [caliper] [default-observer] 	Observer interval set to 5000 milliseconds
2026.10.07-05:20:35.335 info  [caliper] [round-orchestrator] 	Preparing worker connections
2026.10.07-05:20:35.335 info  [caliper] [worker-orchestrator] 	Launching worker 1 of 1
2026.10.07-05:20:35.340 info  [caliper] [worker-orchestrator] 	Messenger not configured, entering configure phase...
2026.10.07-05:20:35.340 info  [caliper] [worker-orchestrator] 	No existing workers detected, entering worker launch phase...
2026.10.07-05:20:35.340 info  [caliper] [worker-orchestrator] 	Waiting for 1 workers to be connected...
2026.10.07-05:20:35.572 info  [caliper] [cli-launch-worker] 	Set workspace path: /home/runner/work/bzt-id-experiments/bzt-id-experiments/fabric-bench/caliper
2026.10.07-05:20:35.573 info  [caliper] [cli-launch-worker] 	Set benchmark configuration path: /home/runner/work/bzt-id-experiments/bzt-id-experiments/fabric-bench/caliper/benchmarks/config.yaml
2026.10.07-05:20:35.573 info  [caliper] [cli-launch-worker] 	Set network configuration path: /home/runner/work/bzt-id-experiments/bzt-id-experiments/fabric-bench/caliper/networks/networkConfig.yaml
2026.10.07-05:20:35.574 info  [caliper] [cli-launch-worker] 	Set SUT type: fabric
2026.10.07-05:20:35.605 info  [caliper] [worker-orchestrator] 	1 workers connected, progressing to worker assignment phase.
2026.10.07-05:20:35.605 info  [caliper] [worker-orchestrator] 	Workers currently unassigned, awaiting index assignment...
2026.10.07-05:20:35.605 info  [caliper] [worker-orchestrator] 	Waiting for 1 workers to be assigned...
2026.10.07-05:20:35.625 info  [caliper] [worker-orchestrator] 	1 workers assigned, progressing to worker initialization phase.
2026.10.07-05:20:35.625 info  [caliper] [worker-orchestrator] 	Waiting for 1 workers to be ready...
2026.10.07-05:20:35.628 info  [caliper] [worker-message-handler] 	Initializing Worker#0...
2026.10.07-05:20:35.744 info  [caliper] [FabricConnectorFactory] 	Initializing peer gateway connector compatible with installed fabric-gateway SDK: 1.7.1
2026.10.07-05:20:35.748 info  [caliper] [IdentityManager] 	Adding User1@org1.example.com (admin=false) as User1@org1.example.com for organization Org1MSP
2026.10.07-05:20:35.752 info  [caliper] [worker-message-handler] 	Worker#0 initialized
2026.10.07-05:20:35.753 info  [caliper] [worker-orchestrator] 	1 workers ready, progressing to test preparation phase.
2026.10.07-05:20:35.753 info  [caliper] [round-orchestrator] 	Started round 1 (seed)
2026.10.07-05:20:35.754 info  [caliper] [worker-message-handler] 	Preparing Worker#0 for Round#0
2026.10.07-05:20:35.765 info  [caliper] [connectors/peer-gateway/PeerGateway] 	Generating contract map for user User1@org1.example.com
2026.10.07-05:20:35.765 info  [caliper] [caliper-worker] 	Info: worker 0 prepare test phase for round 0 is starting...
2026.10.07-05:20:35.768 info  [caliper] [connectors/peer-gateway/PeerGateway] 	disconnecting gateway for user User1@org1.example.com
2026.10.07-05:20:35.768 info  [caliper] [connectors/peer-gateway/PeerGateway] 	disconnecting gRpc client at peer peer0.org1.example.com
2026.10.07-05:20:35.769 info  [caliper] [caliper-worker] 	Info: worker 0 prepare test phase for round 0 is completed
2026.10.07-05:20:35.769 info  [caliper] [worker-message-handler] 	Worker#0 prepared for Round#0
2026.10.07-05:20:35.769 info  [caliper] [worker-orchestrator] 	1 workers prepared, progressing to test phase.
2026.10.07-05:20:35.769 info  [caliper] [round-orchestrator] 	Monitors successfully started
2026.10.07-05:20:35.770 info  [caliper] [worker-message-handler] 	Worker#0 is starting Round#0
2026.10.07-05:20:35.773 info  [caliper] [connectors/peer-gateway/PeerGateway] 	Generating contract map for user User1@org1.example.com
2026.10.07-05:20:35.774 info  [caliper] [caliper-worker] 	Worker #0 starting workload loop
2026.10.07-05:20:40.779 info  [caliper] [default-observer] 	[seed Round 0 Transaction Info] - Submitted: 311 Succ: 311 Fail:0 Unfinished:0
2026.10.07-05:20:42.871 info  [caliper] [connectors/peer-gateway/PeerGateway] 	disconnecting gateway for user User1@org1.example.com
2026.10.07-05:20:42.871 info  [caliper] [connectors/peer-gateway/PeerGateway] 	disconnecting gRpc client at peer peer0.org1.example.com
2026.10.07-05:20:42.871 info  [caliper] [worker-message-handler] 	Worker#0 finished Round#0
2026.10.07-05:20:47.875 info  [caliper] [default-observer] 	Resetting txCount indicator count
2026.10.07-05:20:47.876 info  [caliper] [report-builder] 	### Test result ###
2026.10.07-05:20:47.879 info  [caliper] [report-builder] 	
+------+------+------+-----------------+-----------------+-----------------+-----------------+------------------+
| Name | Succ | Fail | Send Rate (TPS) | Max Latency (s) | Min Latency (s) | Avg Latency (s) | Throughput (TPS) |
|------|------|------|-----------------|-----------------|-----------------|-----------------|------------------|
| seed | 500  | 0    | 87.8            | 0.52            | 0.07            | 0.31            | 85.9             |
+------+------+------+-----------------+-----------------+-----------------+-----------------+------------------+

2026.10.07-05:20:47.880 info  [caliper] [round-orchestrator] 	Finished round 1 (seed) in 6.098 seconds
2026.10.07-05:20:47.880 info  [caliper] [monitor.js] 	Stopping all monitors
2026.10.07-05:20:47.880 info  [caliper] [round-orchestrator] 	Waiting 5 seconds for the next round...
2026.10.07-05:20:52.884 info  [caliper] [round-orchestrator] 	Started round 2 (issue-10tps)
2026.10.07-05:20:52.885 info  [caliper] [worker-message-handler] 	Preparing Worker#0 for Round#1
2026.10.07-05:20:52.887 info  [caliper] [connectors/peer-gateway/PeerGateway] 	Generating contract map for user User1@org1.example.com
2026.10.07-05:20:52.887 info  [caliper] [caliper-worker] 	Info: worker 0 prepare test phase for round 1 is starting...
2026.10.07-05:20:52.889 info  [caliper] [connectors/peer-gateway/PeerGateway] 	disconnecting gateway for user User1@org1.example.com
2026.10.07-05:20:52.889 info  [caliper] [connectors/peer-gateway/PeerGateway] 	disconnecting gRpc client at peer peer0.org1.example.com
2026.10.07-05:20:52.889 info  [caliper] [caliper-worker] 	Info: worker 0 prepare test phase for round 1 is completed
2026.10.07-05:20:52.889 info  [caliper] [worker-message-handler] 	Worker#0 prepared for Round#1
2026.10.07-05:20:52.889 info  [caliper] [worker-orchestrator] 	1 workers prepared, progressing to test phase.
2026.10.07-05:20:52.889 info  [caliper] [round-orchestrator] 	Monitors successfully started
2026.10.07-05:20:52.890 info  [caliper] [worker-message-handler] 	Worker#0 is starting Round#1
2026.10.07-05:20:52.891 info  [caliper] [connectors/peer-gateway/PeerGateway] 	Generating contract map for user User1@org1.example.com
2026.10.07-05:20:52.892 info  [caliper] [caliper-worker] 	Worker #0 starting workload loop
2026.10.07-05:20:57.891 info  [caliper] [default-observer] 	[issue-10tps Round 1 Transaction Info] - Submitted: 41 Succ: 38 Fail:0 Unfinished:3
2026.10.07-05:21:02.892 info  [caliper] [default-observer] 	[issue-10tps Round 1 Transaction Info] - Submitted: 91 Succ: 88 Fail:0 Unfinished:3
2026.10.07-05:21:07.893 info  [caliper] [default-observer] 	[issue-10tps Round 1 Transaction Info] - Submitted: 141 Succ: 139 Fail:0 Unfinished:2
2026.10.07-05:21:12.894 info  [caliper] [default-observer] 	[issue-10tps Round 1 Transaction Info] - Submitted: 191 Succ: 189 Fail:0 Unfinished:2
2026.10.07-05:21:17.894 info  [caliper] [default-observer] 	[issue-10tps Round 1 Transaction Info] - Submitted: 241 Succ: 240 Fail:0 Unfinished:1
2026.10.07-05:21:22.895 info  [caliper] [default-observer] 	[issue-10tps Round 1 Transaction Info] - Submitted: 301 Succ: 298 Fail:0 Unfinished:3
2026.10.07-05:21:24.194 info  [caliper] [connectors/peer-gateway/PeerGateway] 	disconnecting gateway for user User1@org1.example.com
2026.10.07-05:21:24.194 info  [caliper] [connectors/peer-gateway/PeerGateway] 	disconnecting gRpc client at peer peer0.org1.example.com
2026.10.07-05:21:24.194 info  [caliper] [worker-message-handler] 	Worker#0 finished Round#1
2026.10.07-05:21:29.196 info  [caliper] [default-observer] 	Resetting txCount indicator count
2026.10.07-05:21:29.197 info  [caliper] [report-builder] 	### Test result ###
2026.10.07-05:21:29.198 info  [caliper] [report-builder] 	
+-------------+------+------+-----------------+-----------------+-----------------+-----------------+------------------+
| Name        | Succ | Fail | Send Rate (TPS) | Max Latency (s) | Min Latency (s) | Avg Latency (s) | Throughput (TPS) |
|-------------|------|------|-----------------|-----------------|-----------------|-----------------|------------------|
| issue-10tps | 301  | 0    | 10.0            | 0.24            | 0.02            | 0.13            | 10.0             |
+-------------+------+------+-----------------+-----------------+-----------------+-----------------+------------------+

2026.10.07-05:21:29.198 info  [caliper] [round-orchestrator] 	Finished round 2 (issue-10tps) in 30.303 seconds
2026.10.07-05:21:29.198 info  [caliper] [monitor.js] 	Stopping all monitors
2026.10.07-05:21:29.198 info  [caliper] [round-orchestrator] 	Waiting 5 seconds for the next round...
2026.10.07-05:21:34.199 info  [caliper] [round-orchestrator] 	Started round 3 (issue-25tps)
2026.10.07-05:21:34.200 info  [caliper] [worker-message-handler] 	Preparing Worker#0 for Round#2
2026.10.07-05:21:34.202 info  [caliper] [connectors/peer-gateway/PeerGateway] 	Generating contract map for user User1@org1.example.com
2026.10.07-05:21:34.202 info  [caliper] [caliper-worker] 	Info: worker 0 prepare test phase for round 2 is starting...
2026.10.07-05:21:34.203 info  [caliper] [connectors/peer-gateway/PeerGateway] 	disconnecting gateway for user User1@org1.example.com
2026.10.07-05:21:34.203 info  [caliper] [connectors/peer-gateway/PeerGateway] 	disconnecting gRpc client at peer peer0.org1.example.com
2026.10.07-05:21:34.204 info  [caliper] [caliper-worker] 	Info: worker 0 prepare test phase for round 2 is completed
2026.10.07-05:21:34.204 info  [caliper] [worker-message-handler] 	Worker#0 prepared for Round#2
2026.10.07-05:21:34.204 info  [caliper] [worker-orchestrator] 	1 workers prepared, progressing to test phase.
2026.10.07-05:21:34.204 info  [caliper] [round-orchestrator] 	Monitors successfully started
2026.10.07-05:21:34.205 info  [caliper] [worker-message-handler] 	Worker#0 is starting Round#2
2026.10.07-05:21:34.206 info  [caliper] [connectors/peer-gateway/PeerGateway] 	Generating contract map for user User1@org1.example.com
2026.10.07-05:21:34.206 info  [caliper] [caliper-worker] 	Worker #0 starting workload loop
2026.10.07-05:21:39.206 info  [caliper] [default-observer] 	[issue-25tps Round 2 Transaction Info] - Submitted: 101 Succ: 97 Fail:0 Unfinished:4
2026.10.07-05:21:44.207 info  [caliper] [default-observer] 	[issue-25tps Round 2 Transaction Info] - Submitted: 226 Succ: 224 Fail:0 Unfinished:2
2026.10.07-05:21:49.208 info  [caliper] [default-observer] 	[issue-25tps Round 2 Transaction Info] - Submitted: 351 Succ: 346 Fail:0 Unfinished:5
2026.10.07-05:21:54.209 info  [caliper] [default-observer] 	[issue-25tps Round 2 Transaction Info] - Submitted: 476 Succ: 472 Fail:0 Unfinished:4
2026.10.07-05:21:59.210 info  [caliper] [default-observer] 	[issue-25tps Round 2 Transaction Info] - Submitted: 601 Succ: 597 Fail:0 Unfinished:4
2026.10.07-05:22:04.210 info  [caliper] [default-observer] 	[issue-25tps Round 2 Transaction Info] - Submitted: 726 Succ: 724 Fail:0 Unfinished:2
2026.10.07-05:22:05.308 info  [caliper] [connectors/peer-gateway/PeerGateway] 	disconnecting gateway for user User1@org1.example.com
2026.10.07-05:22:05.308 info  [caliper] [connectors/peer-gateway/PeerGateway] 	disconnecting gRpc client at peer peer0.org1.example.com
2026.10.07-05:22:05.309 info  [caliper] [worker-message-handler] 	Worker#0 finished Round#2
2026.10.07-05:22:10.311 info  [caliper] [default-observer] 	Resetting txCount indicator count
2026.10.07-05:22:10.312 info  [caliper] [report-builder] 	### Test result ###
2026.10.07-05:22:10.312 info  [caliper] [report-builder] 	
+-------------+------+------+-----------------+-----------------+-----------------+-----------------+------------------+
| Name        | Succ | Fail | Send Rate (TPS) | Max Latency (s) | Min Latency (s) | Avg Latency (s) | Throughput (TPS) |
|-------------|------|------|-----------------|-----------------|-----------------|-----------------|------------------|
| issue-25tps | 751  | 0    | 25.0            | 0.23            | 0.02            | 0.12            | 25.0             |
+-------------+------+------+-----------------+-----------------+-----------------+-----------------+------------------+

2026.10.07-05:22:10.313 info  [caliper] [round-orchestrator] 	Finished round 3 (issue-25tps) in 30.101 seconds
2026.10.07-05:22:10.313 info  [caliper] [monitor.js] 	Stopping all monitors
2026.10.07-05:22:10.313 info  [caliper] [round-orchestrator] 	Waiting 5 seconds for the next round...
2026.10.07-05:22:15.318 info  [caliper] [round-orchestrator] 	Started round 4 (issue-50tps)
2026.10.07-05:22:15.319 info  [caliper] [worker-message-handler] 	Preparing Worker#0 for Round#3
2026.10.07-05:22:15.323 info  [caliper] [connectors/peer-gateway/PeerGateway] 	Generating contract map for user User1@org1.example.com
2026.10.07-05:22:15.323 info  [caliper] [caliper-worker] 	Info: worker 0 prepare test phase for round 3 is starting...
2026.10.07-05:22:15.324 info  [caliper] [connectors/peer-gateway/PeerGateway] 	disconnecting gateway for user User1@org1.example.com
2026.10.07-05:22:15.324 info  [caliper] [connectors/peer-gateway/PeerGateway] 	disconnecting gRpc client at peer peer0.org1.example.com
2026.10.07-05:22:15.325 info  [caliper] [caliper-worker] 	Info: worker 0 prepare test phase for round 3 is completed
2026.10.07-05:22:15.325 info  [caliper] [worker-message-handler] 	Worker#0 prepared for Round#3
2026.10.07-05:22:15.325 info  [caliper] [worker-orchestrator] 	1 workers prepared, progressing to test phase.
2026.10.07-05:22:15.325 info  [caliper] [round-orchestrator] 	Monitors successfully started
2026.10.07-05:22:15.325 info  [caliper] [worker-message-handler] 	Worker#0 is starting Round#3
2026.10.07-05:22:15.327 info  [caliper] [connectors/peer-gateway/PeerGateway] 	Generating contract map for user User1@org1.example.com
2026.10.07-05:22:15.327 info  [caliper] [caliper-worker] 	Worker #0 starting workload loop
2026.10.07-05:22:20.326 info  [caliper] [default-observer] 	[issue-50tps Round 3 Transaction Info] - Submitted: 200 Succ: 198 Fail:0 Unfinished:2
2026.10.07-05:22:25.328 info  [caliper] [default-observer] 	[issue-50tps Round 3 Transaction Info] - Submitted: 451 Succ: 440 Fail:0 Unfinished:11
2026.10.07-05:22:30.328 info  [caliper] [default-observer] 	[issue-50tps Round 3 Transaction Info] - Submitted: 701 Succ: 693 Fail:0 Unfinished:8
2026.10.07-05:22:35.329 info  [caliper] [default-observer] 	[issue-50tps Round 3 Transaction Info] - Submitted: 951 Succ: 946 Fail:0 Unfinished:5
2026.10.07-05:22:40.331 info  [caliper] [default-observer] 	[issue-50tps Round 3 Transaction Info] - Submitted: 1251 Succ: 1242 Fail:0 Unfinished:9
2026.10.07-05:22:45.332 info  [caliper] [default-observer] 	[issue-50tps Round 3 Transaction Info] - Submitted: 1501 Succ: 1495 Fail:0 Unfinished:6
2026.10.07-05:22:46.530 info  [caliper] [connectors/peer-gateway/PeerGateway] 	disconnecting gateway for user User1@org1.example.com
2026.10.07-05:22:46.530 info  [caliper] [connectors/peer-gateway/PeerGateway] 	disconnecting gRpc client at peer peer0.org1.example.com
2026.10.07-05:22:46.530 info  [caliper] [worker-message-handler] 	Worker#0 finished Round#3
2026.10.07-05:22:51.532 info  [caliper] [default-observer] 	Resetting txCount indicator count
2026.10.07-05:22:51.532 info  [caliper] [report-builder] 	### Test result ###
2026.10.07-05:22:51.533 info  [caliper] [report-builder] 	
+-------------+------+------+-----------------+-----------------+-----------------+-----------------+------------------+
| Name        | Succ | Fail | Send Rate (TPS) | Max Latency (s) | Min Latency (s) | Avg Latency (s) | Throughput (TPS) |
|-------------|------|------|-----------------|-----------------|-----------------|-----------------|------------------|
| issue-50tps | 1501 | 0    | 50.0            | 0.26            | 0.02            | 0.13            | 49.8             |
+-------------+------+------+-----------------+-----------------+-----------------+-----------------+------------------+

2026.10.07-05:22:51.533 info  [caliper] [round-orchestrator] 	Finished round 4 (issue-50tps) in 30.202 seconds
2026.10.07-05:22:51.533 info  [caliper] [monitor.js] 	Stopping all monitors
2026.10.07-05:22:51.533 info  [caliper] [round-orchestrator] 	Waiting 5 seconds for the next round...
2026.10.07-05:22:56.539 info  [caliper] [round-orchestrator] 	Started round 5 (issue-100tps)
2026.10.07-05:22:56.540 info  [caliper] [worker-message-handler] 	Preparing Worker#0 for Round#4
2026.10.07-05:22:56.543 info  [caliper] [connectors/peer-gateway/PeerGateway] 	Generating contract map for user User1@org1.example.com
2026.10.07-05:22:56.544 info  [caliper] [caliper-worker] 	Info: worker 0 prepare test phase for round 4 is starting...
2026.10.07-05:22:56.545 info  [caliper] [connectors/peer-gateway/PeerGateway] 	disconnecting gateway for user User1@org1.example.com
2026.10.07-05:22:56.545 info  [caliper] [connectors/peer-gateway/PeerGateway] 	disconnecting gRpc client at peer peer0.org1.example.com
2026.10.07-05:22:56.545 info  [caliper] [caliper-worker] 	Info: worker 0 prepare test phase for round 4 is completed
2026.10.07-05:22:56.545 info  [caliper] [worker-message-handler] 	Worker#0 prepared for Round#4
2026.10.07-05:22:56.546 info  [caliper] [worker-orchestrator] 	1 workers prepared, progressing to test phase.
2026.10.07-05:22:56.546 info  [caliper] [round-orchestrator] 	Monitors successfully started
2026.10.07-05:22:56.546 info  [caliper] [worker-message-handler] 	Worker#0 is starting Round#4
2026.10.07-05:22:56.547 info  [caliper] [connectors/peer-gateway/PeerGateway] 	Generating contract map for user User1@org1.example.com
2026.10.07-05:22:56.548 info  [caliper] [caliper-worker] 	Worker #0 starting workload loop
2026.10.07-05:23:01.547 info  [caliper] [default-observer] 	[issue-100tps Round 4 Transaction Info] - Submitted: 401 Succ: 387 Fail:0 Unfinished:14
2026.10.07-05:23:06.550 info  [caliper] [default-observer] 	[issue-100tps Round 4 Transaction Info] - Submitted: 901 Succ: 880 Fail:0 Unfinished:21
2026.10.07-05:23:11.550 info  [caliper] [default-observer] 	[issue-100tps Round 4 Transaction Info] - Submitted: 1401 Succ: 1391 Fail:0 Unfinished:10
2026.10.07-05:23:16.551 info  [caliper] [default-observer] 	[issue-100tps Round 4 Transaction Info] - Submitted: 1901 Succ: 1887 Fail:0 Unfinished:14
2026.10.07-05:23:21.552 info  [caliper] [default-observer] 	[issue-100tps Round 4 Transaction Info] - Submitted: 2401 Succ: 2379 Fail:0 Unfinished:22
2026.10.07-05:23:26.553 info  [caliper] [default-observer] 	[issue-100tps Round 4 Transaction Info] - Submitted: 2901 Succ: 2893 Fail:0 Unfinished:8
2026.10.07-05:23:27.649 info  [caliper] [connectors/peer-gateway/PeerGateway] 	disconnecting gateway for user User1@org1.example.com
2026.10.07-05:23:27.649 info  [caliper] [connectors/peer-gateway/PeerGateway] 	disconnecting gRpc client at peer peer0.org1.example.com
2026.10.07-05:23:27.649 info  [caliper] [worker-message-handler] 	Worker#0 finished Round#4
2026.10.07-05:23:32.651 info  [caliper] [default-observer] 	Resetting txCount indicator count
2026.10.07-05:23:32.652 info  [caliper] [report-builder] 	### Test result ###
2026.10.07-05:23:32.652 info  [caliper] [report-builder] 	
+--------------+------+------+-----------------+-----------------+-----------------+-----------------+------------------+
| Name         | Succ | Fail | Send Rate (TPS) | Max Latency (s) | Min Latency (s) | Avg Latency (s) | Throughput (TPS) |
|--------------|------|------|-----------------|-----------------|-----------------|-----------------|------------------|
| issue-100tps | 3001 | 0    | 100.0           | 0.27            | 0.03            | 0.14            | 99.9             |
+--------------+------+------+-----------------+-----------------+-----------------+-----------------+------------------+

2026.10.07-05:23:32.653 info  [caliper] [round-orchestrator] 	Finished round 5 (issue-100tps) in 30.102 seconds
2026.10.07-05:23:32.653 info  [caliper] [monitor.js] 	Stopping all monitors
2026.10.07-05:23:32.653 info  [caliper] [round-orchestrator] 	Waiting 5 seconds for the next round...
2026.10.07-05:23:37.658 info  [caliper] [round-orchestrator] 	Started round 6 (issue-150tps)
2026.10.07-05:23:37.659 info  [caliper] [worker-message-handler] 	Preparing Worker#0 for Round#5
2026.10.07-05:23:37.663 info  [caliper] [connectors/peer-gateway/PeerGateway] 	Generating contract map for user User1@org1.example.com
2026.10.07-05:23:37.663 info  [caliper] [caliper-worker] 	Info: worker 0 prepare test phase for round 5 is starting...
2026.10.07-05:23:37.665 info  [caliper] [connectors/peer-gateway/PeerGateway] 	disconnecting gateway for user User1@org1.example.com
2026.10.07-05:23:37.665 info  [caliper] [connectors/peer-gateway/PeerGateway] 	disconnecting gRpc client at peer peer0.org1.example.com
2026.10.07-05:23:37.665 info  [caliper] [caliper-worker] 	Info: worker 0 prepare test phase for round 5 is completed
2026.10.07-05:23:37.665 info  [caliper] [worker-message-handler] 	Worker#0 prepared for Round#5
2026.10.07-05:23:37.665 info  [caliper] [worker-orchestrator] 	1 workers prepared, progressing to test phase.
2026.10.07-05:23:37.665 info  [caliper] [round-orchestrator] 	Monitors successfully started
2026.10.07-05:23:37.666 info  [caliper] [worker-message-handler] 	Worker#0 is starting Round#5
2026.10.07-05:23:37.667 info  [caliper] [connectors/peer-gateway/PeerGateway] 	Generating contract map for user User1@org1.example.com
2026.10.07-05:23:37.667 info  [caliper] [caliper-worker] 	Worker #0 starting workload loop
2026.10.07-05:23:42.667 info  [caliper] [default-observer] 	[issue-150tps Round 5 Transaction Info] - Submitted: 600 Succ: 561 Fail:0 Unfinished:39
2026.10.07-05:23:47.668 info  [caliper] [default-observer] 	[issue-150tps Round 5 Transaction Info] - Submitted: 1350 Succ: 1313 Fail:0 Unfinished:37
2026.10.07-05:23:52.669 info  [caliper] [default-observer] 	[issue-150tps Round 5 Transaction Info] - Submitted: 2101 Succ: 2065 Fail:0 Unfinished:36
2026.10.07-05:23:57.670 info  [caliper] [default-observer] 	[issue-150tps Round 5 Transaction Info] - Submitted: 2851 Succ: 2840 Fail:0 Unfinished:11
2026.10.07-05:24:02.670 info  [caliper] [default-observer] 	[issue-150tps Round 5 Transaction Info] - Submitted: 3601 Succ: 3563 Fail:0 Unfinished:38
2026.10.07-05:24:07.670 info  [caliper] [default-observer] 	[issue-150tps Round 5 Transaction Info] - Submitted: 4351 Succ: 4343 Fail:0 Unfinished:8
2026.10.07-05:24:08.869 info  [caliper] [connectors/peer-gateway/PeerGateway] 	disconnecting gateway for user User1@org1.example.com
2026.10.07-05:24:08.869 info  [caliper] [connectors/peer-gateway/PeerGateway] 	disconnecting gRpc client at peer peer0.org1.example.com
2026.10.07-05:24:08.869 info  [caliper] [worker-message-handler] 	Worker#0 finished Round#5
2026.10.07-05:24:13.871 info  [caliper] [default-observer] 	Resetting txCount indicator count
2026.10.07-05:24:13.871 info  [caliper] [report-builder] 	### Test result ###
2026.10.07-05:24:13.872 info  [caliper] [report-builder] 	
+--------------+------+------+-----------------+-----------------+-----------------+-----------------+------------------+
| Name         | Succ | Fail | Send Rate (TPS) | Max Latency (s) | Min Latency (s) | Avg Latency (s) | Throughput (TPS) |
|--------------|------|------|-----------------|-----------------|-----------------|-----------------|------------------|
| issue-150tps | 4501 | 0    | 150.0           | 0.28            | 0.04            | 0.16            | 149.1            |
+--------------+------+------+-----------------+-----------------+-----------------+-----------------+------------------+

2026.10.07-05:24:13.872 info  [caliper] [round-orchestrator] 	Finished round 6 (issue-150tps) in 30.201 seconds
2026.10.07-05:24:13.873 info  [caliper] [monitor.js] 	Stopping all monitors
2026.10.07-05:24:13.873 info  [caliper] [round-orchestrator] 	Waiting 5 seconds for the next round...
2026.10.07-05:24:18.873 info  [caliper] [round-orchestrator] 	Started round 7 (issue-200tps)
2026.10.07-05:24:18.874 info  [caliper] [worker-message-handler] 	Preparing Worker#0 for Round#6
2026.10.07-05:24:18.878 info  [caliper] [connectors/peer-gateway/PeerGateway] 	Generating contract map for user User1@org1.example.com
2026.10.07-05:24:18.878 info  [caliper] [caliper-worker] 	Info: worker 0 prepare test phase for round 6 is starting...
2026.10.07-05:24:18.880 info  [caliper] [connectors/peer-gateway/PeerGateway] 	disconnecting gateway for user User1@org1.example.com
2026.10.07-05:24:18.880 info  [caliper] [connectors/peer-gateway/PeerGateway] 	disconnecting gRpc client at peer peer0.org1.example.com
2026.10.07-05:24:18.880 info  [caliper] [caliper-worker] 	Info: worker 0 prepare test phase for round 6 is completed
2026.10.07-05:24:18.880 info  [caliper] [worker-message-handler] 	Worker#0 prepared for Round#6
2026.10.07-05:24:18.880 info  [caliper] [worker-orchestrator] 	1 workers prepared, progressing to test phase.
2026.10.07-05:24:18.880 info  [caliper] [round-orchestrator] 	Monitors successfully started
2026.10.07-05:24:18.881 info  [caliper] [worker-message-handler] 	Worker#0 is starting Round#6
2026.10.07-05:24:18.882 info  [caliper] [connectors/peer-gateway/PeerGateway] 	Generating contract map for user User1@org1.example.com
2026.10.07-05:24:18.882 info  [caliper] [caliper-worker] 	Worker #0 starting workload loop
2026.10.07-05:24:23.882 info  [caliper] [default-observer] 	[issue-200tps Round 6 Transaction Info] - Submitted: 796 Succ: 773 Fail:0 Unfinished:23
2026.10.07-05:24:28.883 info  [caliper] [default-observer] 	[issue-200tps Round 6 Transaction Info] - Submitted: 1804 Succ: 1758 Fail:0 Unfinished:46
2026.10.07-05:24:33.884 info  [caliper] [default-observer] 	[issue-200tps Round 6 Transaction Info] - Submitted: 2804 Succ: 2783 Fail:0 Unfinished:21
2026.10.07-05:24:38.885 info  [caliper] [default-observer] 	[issue-200tps Round 6 Transaction Info] - Submitted: 3807 Succ: 3769 Fail:0 Unfinished:38
2026.10.07-05:24:43.886 info  [caliper] [default-observer] 	[issue-200tps Round 6 Transaction Info] - Submitted: 4806 Succ: 4754 Fail:0 Unfinished:52
2026.10.07-05:24:48.902 info  [caliper] [default-observer] 	[issue-200tps Round 6 Transaction Info] - Submitted: 5804 Succ: 5783 Fail:0 Unfinished:21
2026.10.07-05:24:50.183 info  [caliper] [connectors/peer-gateway/PeerGateway] 	disconnecting gateway for user User1@org1.example.com
2026.10.07-05:24:50.183 info  [caliper] [connectors/peer-gateway/PeerGateway] 	disconnecting gRpc client at peer peer0.org1.example.com
2026.10.07-05:24:50.184 info  [caliper] [worker-message-handler] 	Worker#0 finished Round#6
2026.10.07-05:24:55.185 info  [caliper] [default-observer] 	Resetting txCount indicator count
2026.10.07-05:24:55.185 info  [caliper] [report-builder] 	### Test result ###
2026.10.07-05:24:55.186 info  [caliper] [report-builder] 	
+--------------+------+------+-----------------+-----------------+-----------------+-----------------+------------------+
| Name         | Succ | Fail | Send Rate (TPS) | Max Latency (s) | Min Latency (s) | Avg Latency (s) | Throughput (TPS) |
|--------------|------|------|-----------------|-----------------|-----------------|-----------------|------------------|
| issue-200tps | 5995 | 0    | 199.9           | 0.35            | 0.06            | 0.19            | 198.3            |
+--------------+------+------+-----------------+-----------------+-----------------+-----------------+------------------+

2026.10.07-05:24:55.186 info  [caliper] [round-orchestrator] 	Finished round 7 (issue-200tps) in 30.301 seconds
2026.10.07-05:24:55.186 info  [caliper] [monitor.js] 	Stopping all monitors
2026.10.07-05:24:55.186 info  [caliper] [round-orchestrator] 	Waiting 5 seconds for the next round...
2026.10.07-05:25:00.192 info  [caliper] [round-orchestrator] 	Started round 8 (issue-300tps)
2026.10.07-05:25:00.193 info  [caliper] [worker-message-handler] 	Preparing Worker#0 for Round#7
2026.10.07-05:25:00.196 info  [caliper] [connectors/peer-gateway/PeerGateway] 	Generating contract map for user User1@org1.example.com
2026.10.07-05:25:00.197 info  [caliper] [caliper-worker] 	Info: worker 0 prepare test phase for round 7 is starting...
2026.10.07-05:25:00.198 info  [caliper] [connectors/peer-gateway/PeerGateway] 	disconnecting gateway for user User1@org1.example.com
2026.10.07-05:25:00.198 info  [caliper] [connectors/peer-gateway/PeerGateway] 	disconnecting gRpc client at peer peer0.org1.example.com
2026.10.07-05:25:00.198 info  [caliper] [caliper-worker] 	Info: worker 0 prepare test phase for round 7 is completed
2026.10.07-05:25:00.198 info  [caliper] [worker-message-handler] 	Worker#0 prepared for Round#7
2026.10.07-05:25:00.199 info  [caliper] [worker-orchestrator] 	1 workers prepared, progressing to test phase.
2026.10.07-05:25:00.199 info  [caliper] [round-orchestrator] 	Monitors successfully started
2026.10.07-05:25:00.199 info  [caliper] [worker-message-handler] 	Worker#0 is starting Round#7
2026.10.07-05:25:00.200 info  [caliper] [connectors/peer-gateway/PeerGateway] 	Generating contract map for user User1@org1.example.com
2026.10.07-05:25:00.201 info  [caliper] [caliper-worker] 	Worker #0 starting workload loop
2026.10.07-05:25:05.199 info  [caliper] [default-observer] 	[issue-300tps Round 7 Transaction Info] - Submitted: 821 Succ: 774 Fail:0 Unfinished:47
2026.10.07-05:25:10.200 info  [caliper] [default-observer] 	[issue-300tps Round 7 Transaction Info] - Submitted: 1834 Succ: 1785 Fail:0 Unfinished:49
2026.10.07-05:25:15.207 info  [caliper] [default-observer] 	[issue-300tps Round 7 Transaction Info] - Submitted: 2868 Succ: 2809 Fail:0 Unfinished:59
2026.10.07-05:25:20.210 info  [caliper] [default-observer] 	[issue-300tps Round 7 Transaction Info] - Submitted: 3898 Succ: 3863 Fail:0 Unfinished:35
2026.10.07-05:25:25.212 info  [caliper] [default-observer] 	[issue-300tps Round 7 Transaction Info] - Submitted: 4943 Succ: 4896 Fail:0 Unfinished:47
2026.10.07-05:25:30.212 info  [caliper] [default-observer] 	[issue-300tps Round 7 Transaction Info] - Submitted: 5998 Succ: 5933 Fail:0 Unfinished:65
2026.10.07-05:25:31.504 info  [caliper] [connectors/peer-gateway/PeerGateway] 	disconnecting gateway for user User1@org1.example.com
2026.10.07-05:25:31.504 info  [caliper] [connectors/peer-gateway/PeerGateway] 	disconnecting gRpc client at peer peer0.org1.example.com
2026.10.07-05:25:31.505 info  [caliper] [worker-message-handler] 	Worker#0 finished Round#7
2026.10.07-05:25:36.507 info  [caliper] [default-observer] 	Resetting txCount indicator count
2026.10.07-05:25:36.507 info  [caliper] [report-builder] 	### Test result ###
2026.10.07-05:25:36.508 info  [caliper] [report-builder] 	
+--------------+------+------+-----------------+-----------------+-----------------+-----------------+------------------+
| Name         | Succ | Fail | Send Rate (TPS) | Max Latency (s) | Min Latency (s) | Avg Latency (s) | Throughput (TPS) |
|--------------|------|------|-----------------|-----------------|-----------------|-----------------|------------------|
| issue-300tps | 6190 | 0    | 206.3           | 0.50            | 0.07            | 0.22            | 204.7            |
+--------------+------+------+-----------------+-----------------+-----------------+-----------------+------------------+

2026.10.07-05:25:36.508 info  [caliper] [round-orchestrator] 	Finished round 8 (issue-300tps) in 30.303 seconds
2026.10.07-05:25:36.508 info  [caliper] [monitor.js] 	Stopping all monitors
2026.10.07-05:25:36.508 info  [caliper] [round-orchestrator] 	Waiting 5 seconds for the next round...
2026.10.07-05:25:41.514 info  [caliper] [round-orchestrator] 	Started round 9 (verify-100tps)
2026.10.07-05:25:41.514 info  [caliper] [worker-message-handler] 	Preparing Worker#0 for Round#8
2026.10.07-05:25:41.518 info  [caliper] [connectors/peer-gateway/PeerGateway] 	Generating contract map for user User1@org1.example.com
2026.10.07-05:25:41.519 info  [caliper] [caliper-worker] 	Info: worker 0 prepare test phase for round 8 is starting...
2026.10.07-05:25:41.520 info  [caliper] [connectors/peer-gateway/PeerGateway] 	disconnecting gateway for user User1@org1.example.com
2026.10.07-05:25:41.520 info  [caliper] [connectors/peer-gateway/PeerGateway] 	disconnecting gRpc client at peer peer0.org1.example.com
2026.10.07-05:25:41.520 info  [caliper] [caliper-worker] 	Info: worker 0 prepare test phase for round 8 is completed
2026.10.07-05:25:41.520 info  [caliper] [worker-message-handler] 	Worker#0 prepared for Round#8
2026.10.07-05:25:41.521 info  [caliper] [worker-orchestrator] 	1 workers prepared, progressing to test phase.
2026.10.07-05:25:41.521 info  [caliper] [round-orchestrator] 	Monitors successfully started
2026.10.07-05:25:41.521 info  [caliper] [worker-message-handler] 	Worker#0 is starting Round#8
2026.10.07-05:25:41.523 info  [caliper] [connectors/peer-gateway/PeerGateway] 	Generating contract map for user User1@org1.example.com
2026.10.07-05:25:41.523 info  [caliper] [caliper-worker] 	Worker #0 starting workload loop
2026.10.07-05:25:46.521 info  [caliper] [default-observer] 	[verify-100tps Round 8 Transaction Info] - Submitted: 401 Succ: 400 Fail:0 Unfinished:1
2026.10.07-05:25:51.523 info  [caliper] [default-observer] 	[verify-100tps Round 8 Transaction Info] - Submitted: 901 Succ: 901 Fail:0 Unfinished:0
2026.10.07-05:25:56.523 info  [caliper] [default-observer] 	[verify-100tps Round 8 Transaction Info] - Submitted: 1401 Succ: 1400 Fail:0 Unfinished:1
2026.10.07-05:26:01.525 info  [caliper] [default-observer] 	[verify-100tps Round 8 Transaction Info] - Submitted: 1901 Succ: 1901 Fail:0 Unfinished:0
2026.10.07-05:26:06.527 info  [caliper] [default-observer] 	[verify-100tps Round 8 Transaction Info] - Submitted: 2401 Succ: 2401 Fail:0 Unfinished:0
2026.10.07-05:26:11.528 info  [caliper] [default-observer] 	[verify-100tps Round 8 Transaction Info] - Submitted: 3001 Succ: 3000 Fail:0 Unfinished:1
2026.10.07-05:26:12.626 info  [caliper] [connectors/peer-gateway/PeerGateway] 	disconnecting gateway for user User1@org1.example.com
2026.10.07-05:26:12.626 info  [caliper] [connectors/peer-gateway/PeerGateway] 	disconnecting gRpc client at peer peer0.org1.example.com
2026.10.07-05:26:12.627 info  [caliper] [worker-message-handler] 	Worker#0 finished Round#8
2026.10.07-05:26:17.628 info  [caliper] [default-observer] 	Resetting txCount indicator count
2026.10.07-05:26:17.629 info  [caliper] [report-builder] 	### Test result ###
2026.10.07-05:26:17.629 info  [caliper] [report-builder] 	
+---------------+------+------+-----------------+-----------------+-----------------+-----------------+------------------+
| Name          | Succ | Fail | Send Rate (TPS) | Max Latency (s) | Min Latency (s) | Avg Latency (s) | Throughput (TPS) |
|---------------|------|------|-----------------|-----------------|-----------------|-----------------|------------------|
| verify-100tps | 3001 | 0    | 100.0           | 0.02            | 0.00            | 0.00            | 100.0            |
+---------------+------+------+-----------------+-----------------+-----------------+-----------------+------------------+

2026.10.07-05:26:17.630 info  [caliper] [round-orchestrator] 	Finished round 9 (verify-100tps) in 30.102 seconds
2026.10.07-05:26:17.630 info  [caliper] [monitor.js] 	Stopping all monitors
2026.10.07-05:26:17.630 info  [caliper] [round-orchestrator] 	Waiting 5 seconds for the next round...
2026.10.07-05:26:22.635 info  [caliper] [round-orchestrator] 	Started round 10 (verify-200tps)
2026.10.07-05:26:22.636 info  [caliper] [worker-message-handler] 	Preparing Worker#0 for Round#9
2026.10.07-05:26:22.640 info  [caliper] [connectors/peer-gateway/PeerGateway] 	Generating contract map for user User1@org1.example.com
2026.10.07-05:26:22.640 info  [caliper] [caliper-worker] 	Info: worker 0 prepare test phase for round 9 is starting...
2026.10.07-05:26:22.642 info  [caliper] [connectors/peer-gateway/PeerGateway] 	disconnecting gateway for user User1@org1.example.com
2026.10.07-05:26:22.642 info  [caliper] [connectors/peer-gateway/PeerGateway] 	disconnecting gRpc client at peer peer0.org1.example.com
2026.10.07-05:26:22.642 info  [caliper] [caliper-worker] 	Info: worker 0 prepare test phase for round 9 is completed
2026.10.07-05:26:22.642 info  [caliper] [worker-message-handler] 	Worker#0 prepared for Round#9
2026.10.07-05:26:22.642 info  [caliper] [worker-orchestrator] 	1 workers prepared, progressing to test phase.
2026.10.07-05:26:22.642 info  [caliper] [round-orchestrator] 	Monitors successfully started
2026.10.07-05:26:22.643 info  [caliper] [worker-message-handler] 	Worker#0 is starting Round#9
2026.10.07-05:26:22.644 info  [caliper] [connectors/peer-gateway/PeerGateway] 	Generating contract map for user User1@org1.example.com
2026.10.07-05:26:22.644 info  [caliper] [caliper-worker] 	Worker #0 starting workload loop
2026.10.07-05:26:27.644 info  [caliper] [default-observer] 	[verify-200tps Round 9 Transaction Info] - Submitted: 801 Succ: 800 Fail:0 Unfinished:1
2026.10.07-05:26:32.645 info  [caliper] [default-observer] 	[verify-200tps Round 9 Transaction Info] - Submitted: 1801 Succ: 1800 Fail:0 Unfinished:1
2026.10.07-05:26:37.645 info  [caliper] [default-observer] 	[verify-200tps Round 9 Transaction Info] - Submitted: 2801 Succ: 2800 Fail:0 Unfinished:1
2026.10.07-05:26:42.646 info  [caliper] [default-observer] 	[verify-200tps Round 9 Transaction Info] - Submitted: 4001 Succ: 4000 Fail:0 Unfinished:1
2026.10.07-05:26:47.646 info  [caliper] [default-observer] 	[verify-200tps Round 9 Transaction Info] - Submitted: 5001 Succ: 5000 Fail:0 Unfinished:1
2026.10.07-05:26:52.646 info  [caliper] [default-observer] 	[verify-200tps Round 9 Transaction Info] - Submitted: 6001 Succ: 6000 Fail:0 Unfinished:1
2026.10.07-05:26:53.745 info  [caliper] [connectors/peer-gateway/PeerGateway] 	disconnecting gateway for user User1@org1.example.com
2026.10.07-05:26:53.745 info  [caliper] [connectors/peer-gateway/PeerGateway] 	disconnecting gRpc client at peer peer0.org1.example.com
2026.10.07-05:26:53.746 info  [caliper] [worker-message-handler] 	Worker#0 finished Round#9
2026.10.07-05:26:58.748 info  [caliper] [default-observer] 	Resetting txCount indicator count
2026.10.07-05:26:58.749 info  [caliper] [report-builder] 	### Test result ###
2026.10.07-05:26:58.749 info  [caliper] [report-builder] 	
+---------------+------+------+-----------------+-----------------+-----------------+-----------------+------------------+
| Name          | Succ | Fail | Send Rate (TPS) | Max Latency (s) | Min Latency (s) | Avg Latency (s) | Throughput (TPS) |
|---------------|------|------|-----------------|-----------------|-----------------|-----------------|------------------|
| verify-200tps | 6001 | 0    | 200.0           | 0.02            | 0.00            | 0.00            | 200.0            |
+---------------+------+------+-----------------+-----------------+-----------------+-----------------+------------------+

2026.10.07-05:26:58.749 info  [caliper] [round-orchestrator] 	Finished round 10 (verify-200tps) in 30.1 seconds
2026.10.07-05:26:58.750 info  [caliper] [monitor.js] 	Stopping all monitors
2026.10.07-05:26:58.750 info  [caliper] [round-orchestrator] 	Waiting 5 seconds for the next round...
2026.10.07-05:27:03.755 info  [caliper] [round-orchestrator] 	Started round 11 (verify-400tps)
2026.10.07-05:27:03.756 info  [caliper] [worker-message-handler] 	Preparing Worker#0 for Round#10
2026.10.07-05:27:03.760 info  [caliper] [connectors/peer-gateway/PeerGateway] 	Generating contract map for user User1@org1.example.com
2026.10.07-05:27:03.760 info  [caliper] [caliper-worker] 	Info: worker 0 prepare test phase for round 10 is starting...
2026.10.07-05:27:03.761 info  [caliper] [connectors/peer-gateway/PeerGateway] 	disconnecting gateway for user User1@org1.example.com
2026.10.07-05:27:03.761 info  [caliper] [connectors/peer-gateway/PeerGateway] 	disconnecting gRpc client at peer peer0.org1.example.com
2026.10.07-05:27:03.762 info  [caliper] [caliper-worker] 	Info: worker 0 prepare test phase for round 10 is completed
2026.10.07-05:27:03.762 info  [caliper] [worker-message-handler] 	Worker#0 prepared for Round#10
2026.10.07-05:27:03.762 info  [caliper] [worker-orchestrator] 	1 workers prepared, progressing to test phase.
2026.10.07-05:27:03.762 info  [caliper] [round-orchestrator] 	Monitors successfully started
2026.10.07-05:27:03.762 info  [caliper] [worker-message-handler] 	Worker#0 is starting Round#10
2026.10.07-05:27:03.763 info  [caliper] [connectors/peer-gateway/PeerGateway] 	Generating contract map for user User1@org1.example.com
2026.10.07-05:27:03.764 info  [caliper] [caliper-worker] 	Worker #0 starting workload loop
2026.10.07-05:27:08.766 info  [caliper] [default-observer] 	[verify-400tps Round 10 Transaction Info] - Submitted: 2000 Succ: 1998 Fail:0 Unfinished:2
2026.10.07-05:27:13.766 info  [caliper] [default-observer] 	[verify-400tps Round 10 Transaction Info] - Submitted: 4000 Succ: 4000 Fail:0 Unfinished:0
2026.10.07-05:27:18.766 info  [caliper] [default-observer] 	[verify-400tps Round 10 Transaction Info] - Submitted: 6000 Succ: 5999 Fail:0 Unfinished:1
2026.10.07-05:27:23.766 info  [caliper] [default-observer] 	[verify-400tps Round 10 Transaction Info] - Submitted: 8000 Succ: 8000 Fail:0 Unfinished:0
2026.10.07-05:27:28.766 info  [caliper] [default-observer] 	[verify-400tps Round 10 Transaction Info] - Submitted: 10000 Succ: 9999 Fail:0 Unfinished:1
2026.10.07-05:27:33.766 info  [caliper] [default-observer] 	[verify-400tps Round 10 Transaction Info] - Submitted: 12001 Succ: 11999 Fail:0 Unfinished:2
2026.10.07-05:27:34.866 info  [caliper] [connectors/peer-gateway/PeerGateway] 	disconnecting gateway for user User1@org1.example.com
2026.10.07-05:27:34.866 info  [caliper] [connectors/peer-gateway/PeerGateway] 	disconnecting gRpc client at peer peer0.org1.example.com
2026.10.07-05:27:34.866 info  [caliper] [worker-message-handler] 	Worker#0 finished Round#10
2026.10.07-05:27:39.867 info  [caliper] [default-observer] 	Resetting txCount indicator count
2026.10.07-05:27:39.867 info  [caliper] [report-builder] 	### Test result ###
2026.10.07-05:27:39.868 info  [caliper] [report-builder] 	
+---------------+-------+------+-----------------+-----------------+-----------------+-----------------+------------------+
| Name          | Succ  | Fail | Send Rate (TPS) | Max Latency (s) | Min Latency (s) | Avg Latency (s) | Throughput (TPS) |
|---------------|-------|------|-----------------|-----------------|-----------------|-----------------|------------------|
| verify-400tps | 12001 | 0    | 400.0           | 0.02            | 0.00            | 0.00            | 400.0            |
+---------------+-------+------+-----------------+-----------------+-----------------+-----------------+------------------+

2026.10.07-05:27:39.868 info  [caliper] [round-orchestrator] 	Finished round 11 (verify-400tps) in 30.101 seconds
2026.10.07-05:27:39.868 info  [caliper] [monitor.js] 	Stopping all monitors
2026.10.07-05:27:39.868 info  [caliper] [round-orchestrator] 	Waiting 5 seconds for the next round...
2026.10.07-05:27:44.871 info  [caliper] [round-orchestrator] 	Started round 12 (verify-600tps)
2026.10.07-05:27:44.871 info  [caliper] [worker-message-handler] 	Preparing Worker#0 for Round#11
2026.10.07-05:27:44.875 info  [caliper] [connectors/peer-gateway/PeerGateway] 	Generating contract map for user User1@org1.example.com
2026.10.07-05:27:44.876 info  [caliper] [caliper-worker] 	Info: worker 0 prepare test phase for round 11 is starting...
2026.10.07-05:27:44.877 info  [caliper] [connectors/peer-gateway/PeerGateway] 	disconnecting gateway for user User1@org1.example.com
2026.10.07-05:27:44.877 info  [caliper] [connectors/peer-gateway/PeerGateway] 	disconnecting gRpc client at peer peer0.org1.example.com
2026.10.07-05:27:44.877 info  [caliper] [caliper-worker] 	Info: worker 0 prepare test phase for round 11 is completed
2026.10.07-05:27:44.877 info  [caliper] [worker-message-handler] 	Worker#0 prepared for Round#11
2026.10.07-05:27:44.878 info  [caliper] [worker-orchestrator] 	1 workers prepared, progressing to test phase.
2026.10.07-05:27:44.878 info  [caliper] [round-orchestrator] 	Monitors successfully started
2026.10.07-05:27:44.878 info  [caliper] [worker-message-handler] 	Worker#0 is starting Round#11
2026.10.07-05:27:44.879 info  [caliper] [connectors/peer-gateway/PeerGateway] 	Generating contract map for user User1@org1.example.com
2026.10.07-05:27:44.879 info  [caliper] [caliper-worker] 	Worker #0 starting workload loop
2026.10.07-05:27:49.879 info  [caliper] [default-observer] 	[verify-600tps Round 11 Transaction Info] - Submitted: 2300 Succ: 2299 Fail:0 Unfinished:1
2026.10.07-05:27:54.880 info  [caliper] [default-observer] 	[verify-600tps Round 11 Transaction Info] - Submitted: 5196 Succ: 5194 Fail:0 Unfinished:2
2026.10.07-05:27:59.880 info  [caliper] [default-observer] 	[verify-600tps Round 11 Transaction Info] - Submitted: 8633 Succ: 8631 Fail:0 Unfinished:2
2026.10.07-05:28:04.880 info  [caliper] [default-observer] 	[verify-600tps Round 11 Transaction Info] - Submitted: 11507 Succ: 11506 Fail:0 Unfinished:1
2026.10.07-05:28:09.880 info  [caliper] [default-observer] 	[verify-600tps Round 11 Transaction Info] - Submitted: 14387 Succ: 14386 Fail:0 Unfinished:1
2026.10.07-05:28:14.882 info  [caliper] [default-observer] 	[verify-600tps Round 11 Transaction Info] - Submitted: 17258 Succ: 17256 Fail:0 Unfinished:2
2026.10.07-05:28:15.980 info  [caliper] [connectors/peer-gateway/PeerGateway] 	disconnecting gateway for user User1@org1.example.com
2026.10.07-05:28:15.980 info  [caliper] [connectors/peer-gateway/PeerGateway] 	disconnecting gRpc client at peer peer0.org1.example.com
2026.10.07-05:28:15.981 info  [caliper] [worker-message-handler] 	Worker#0 finished Round#11
2026.10.07-05:28:20.982 info  [caliper] [default-observer] 	Resetting txCount indicator count
2026.10.07-05:28:20.982 info  [caliper] [report-builder] 	### Test result ###
2026.10.07-05:28:20.983 info  [caliper] [report-builder] 	
+---------------+-------+------+-----------------+-----------------+-----------------+-----------------+------------------+
| Name          | Succ  | Fail | Send Rate (TPS) | Max Latency (s) | Min Latency (s) | Avg Latency (s) | Throughput (TPS) |
|---------------|-------|------|-----------------|-----------------|-----------------|-----------------|------------------|
| verify-600tps | 17259 | 0    | 575.3           | 0.03            | 0.00            | 0.00            | 575.3            |
+---------------+-------+------+-----------------+-----------------+-----------------+-----------------+------------------+

2026.10.07-05:28:20.983 info  [caliper] [round-orchestrator] 	Finished round 12 (verify-600tps) in 30.102 seconds
2026.10.07-05:28:20.983 info  [caliper] [monitor.js] 	Stopping all monitors
2026.10.07-05:28:20.983 info  [caliper] [round-orchestrator] 	Waiting 5 seconds for the next round...
2026.10.07-05:28:25.988 info  [caliper] [round-orchestrator] 	Started round 13 (audit-10tps)
2026.10.07-05:28:25.989 info  [caliper] [worker-message-handler] 	Preparing Worker#0 for Round#12
2026.10.07-05:28:25.993 info  [caliper] [connectors/peer-gateway/PeerGateway] 	Generating contract map for user User1@org1.example.com
2026.10.07-05:28:25.993 info  [caliper] [caliper-worker] 	Info: worker 0 prepare test phase for round 12 is starting...
2026.10.07-05:28:25.995 info  [caliper] [connectors/peer-gateway/PeerGateway] 	disconnecting gateway for user User1@org1.example.com
2026.10.07-05:28:25.995 info  [caliper] [connectors/peer-gateway/PeerGateway] 	disconnecting gRpc client at peer peer0.org1.example.com
2026.10.07-05:28:25.995 info  [caliper] [caliper-worker] 	Info: worker 0 prepare test phase for round 12 is completed
2026.10.07-05:28:25.995 info  [caliper] [worker-message-handler] 	Worker#0 prepared for Round#12
2026.10.07-05:28:25.995 info  [caliper] [worker-orchestrator] 	1 workers prepared, progressing to test phase.
2026.10.07-05:28:25.995 info  [caliper] [round-orchestrator] 	Monitors successfully started
2026.10.07-05:28:25.996 info  [caliper] [worker-message-handler] 	Worker#0 is starting Round#12
2026.10.07-05:28:25.997 info  [caliper] [connectors/peer-gateway/PeerGateway] 	Generating contract map for user User1@org1.example.com
2026.10.07-05:28:25.997 info  [caliper] [caliper-worker] 	Worker #0 starting workload loop
2026.10.07-05:28:30.997 info  [caliper] [default-observer] 	[audit-10tps Round 12 Transaction Info] - Submitted: 40 Succ: 38 Fail:0 Unfinished:2
2026.10.07-05:28:35.997 info  [caliper] [default-observer] 	[audit-10tps Round 12 Transaction Info] - Submitted: 100 Succ: 100 Fail:0 Unfinished:0
2026.10.07-05:28:40.998 info  [caliper] [default-observer] 	[audit-10tps Round 12 Transaction Info] - Submitted: 140 Succ: 139 Fail:0 Unfinished:1
2026.10.07-05:28:45.999 info  [caliper] [default-observer] 	[audit-10tps Round 12 Transaction Info] - Submitted: 200 Succ: 198 Fail:0 Unfinished:2
2026.10.07-05:28:50.999 info  [caliper] [default-observer] 	[audit-10tps Round 12 Transaction Info] - Submitted: 251 Succ: 249 Fail:0 Unfinished:2
2026.10.07-05:28:55.999 info  [caliper] [default-observer] 	[audit-10tps Round 12 Transaction Info] - Submitted: 301 Succ: 298 Fail:0 Unfinished:3
2026.10.07-05:28:57.299 info  [caliper] [connectors/peer-gateway/PeerGateway] 	disconnecting gateway for user User1@org1.example.com
2026.10.07-05:28:57.299 info  [caliper] [connectors/peer-gateway/PeerGateway] 	disconnecting gRpc client at peer peer0.org1.example.com
2026.10.07-05:28:57.299 info  [caliper] [worker-message-handler] 	Worker#0 finished Round#12
2026.10.07-05:29:02.301 info  [caliper] [default-observer] 	Resetting txCount indicator count
2026.10.07-05:29:02.302 info  [caliper] [report-builder] 	### Test result ###
2026.10.07-05:29:02.302 info  [caliper] [report-builder] 	
+-------------+------+------+-----------------+-----------------+-----------------+-----------------+------------------+
| Name        | Succ | Fail | Send Rate (TPS) | Max Latency (s) | Min Latency (s) | Avg Latency (s) | Throughput (TPS) |
|-------------|------|------|-----------------|-----------------|-----------------|-----------------|------------------|
| audit-10tps | 301  | 0    | 10.0            | 0.23            | 0.01            | 0.13            | 10.0             |
+-------------+------+------+-----------------+-----------------+-----------------+-----------------+------------------+

2026.10.07-05:29:02.302 info  [caliper] [round-orchestrator] 	Finished round 13 (audit-10tps) in 30.302 seconds
2026.10.07-05:29:02.302 info  [caliper] [monitor.js] 	Stopping all monitors
2026.10.07-05:29:02.302 info  [caliper] [round-orchestrator] 	Waiting 5 seconds for the next round...
2026.10.07-05:29:07.308 info  [caliper] [round-orchestrator] 	Started round 14 (audit-50tps)
2026.10.07-05:29:07.308 info  [caliper] [worker-message-handler] 	Preparing Worker#0 for Round#13
2026.10.07-05:29:07.310 info  [caliper] [connectors/peer-gateway/PeerGateway] 	Generating contract map for user User1@org1.example.com
2026.10.07-05:29:07.310 info  [caliper] [caliper-worker] 	Info: worker 0 prepare test phase for round 13 is starting...
2026.10.07-05:29:07.311 info  [caliper] [connectors/peer-gateway/PeerGateway] 	disconnecting gateway for user User1@org1.example.com
2026.10.07-05:29:07.311 info  [caliper] [connectors/peer-gateway/PeerGateway] 	disconnecting gRpc client at peer peer0.org1.example.com
2026.10.07-05:29:07.311 info  [caliper] [caliper-worker] 	Info: worker 0 prepare test phase for round 13 is completed
2026.10.07-05:29:07.312 info  [caliper] [worker-message-handler] 	Worker#0 prepared for Round#13
2026.10.07-05:29:07.312 info  [caliper] [worker-orchestrator] 	1 workers prepared, progressing to test phase.
2026.10.07-05:29:07.312 info  [caliper] [round-orchestrator] 	Monitors successfully started
2026.10.07-05:29:07.312 info  [caliper] [worker-message-handler] 	Worker#0 is starting Round#13
2026.10.07-05:29:07.313 info  [caliper] [connectors/peer-gateway/PeerGateway] 	Generating contract map for user User1@org1.example.com
2026.10.07-05:29:07.313 info  [caliper] [caliper-worker] 	Worker #0 starting workload loop
2026.10.07-05:29:12.313 info  [caliper] [default-observer] 	[audit-50tps Round 13 Transaction Info] - Submitted: 201 Succ: 198 Fail:0 Unfinished:3
2026.10.07-05:29:17.314 info  [caliper] [default-observer] 	[audit-50tps Round 13 Transaction Info] - Submitted: 451 Succ: 440 Fail:0 Unfinished:11
2026.10.07-05:29:22.314 info  [caliper] [default-observer] 	[audit-50tps Round 13 Transaction Info] - Submitted: 751 Succ: 748 Fail:0 Unfinished:3
2026.10.07-05:29:27.314 info  [caliper] [default-observer] 	[audit-50tps Round 13 Transaction Info] - Submitted: 1000 Succ: 990 Fail:0 Unfinished:10
2026.10.07-05:29:32.315 info  [caliper] [default-observer] 	[audit-50tps Round 13 Transaction Info] - Submitted: 1251 Succ: 1243 Fail:0 Unfinished:8
2026.10.07-05:29:37.316 info  [caliper] [default-observer] 	[audit-50tps Round 13 Transaction Info] - Submitted: 1501 Succ: 1495 Fail:0 Unfinished:6
2026.10.07-05:29:38.517 info  [caliper] [connectors/peer-gateway/PeerGateway] 	disconnecting gateway for user User1@org1.example.com
2026.10.07-05:29:38.517 info  [caliper] [connectors/peer-gateway/PeerGateway] 	disconnecting gRpc client at peer peer0.org1.example.com
2026.10.07-05:29:38.518 info  [caliper] [worker-message-handler] 	Worker#0 finished Round#13
2026.10.07-05:29:43.520 info  [caliper] [default-observer] 	Resetting txCount indicator count
2026.10.07-05:29:43.521 info  [caliper] [report-builder] 	### Test result ###
2026.10.07-05:29:43.521 info  [caliper] [report-builder] 	
+-------------+------+------+-----------------+-----------------+-----------------+-----------------+------------------+
| Name        | Succ | Fail | Send Rate (TPS) | Max Latency (s) | Min Latency (s) | Avg Latency (s) | Throughput (TPS) |
|-------------|------|------|-----------------|-----------------|-----------------|-----------------|------------------|
| audit-50tps | 1501 | 0    | 50.0            | 0.24            | 0.02            | 0.13            | 49.8             |
+-------------+------+------+-----------------+-----------------+-----------------+-----------------+------------------+

2026.10.07-05:29:43.521 info  [caliper] [round-orchestrator] 	Finished round 14 (audit-50tps) in 30.204 seconds
2026.10.07-05:29:43.521 info  [caliper] [monitor.js] 	Stopping all monitors
2026.10.07-05:29:43.521 info  [caliper] [round-orchestrator] 	Waiting 5 seconds for the next round...
2026.10.07-05:29:48.524 info  [caliper] [round-orchestrator] 	Started round 15 (audit-100tps)
2026.10.07-05:29:48.525 info  [caliper] [worker-message-handler] 	Preparing Worker#0 for Round#14
2026.10.07-05:29:48.529 info  [caliper] [connectors/peer-gateway/PeerGateway] 	Generating contract map for user User1@org1.example.com
2026.10.07-05:29:48.529 info  [caliper] [caliper-worker] 	Info: worker 0 prepare test phase for round 14 is starting...
2026.10.07-05:29:48.530 info  [caliper] [connectors/peer-gateway/PeerGateway] 	disconnecting gateway for user User1@org1.example.com
2026.10.07-05:29:48.531 info  [caliper] [connectors/peer-gateway/PeerGateway] 	disconnecting gRpc client at peer peer0.org1.example.com
2026.10.07-05:29:48.531 info  [caliper] [caliper-worker] 	Info: worker 0 prepare test phase for round 14 is completed
2026.10.07-05:29:48.531 info  [caliper] [worker-message-handler] 	Worker#0 prepared for Round#14
2026.10.07-05:29:48.531 info  [caliper] [worker-orchestrator] 	1 workers prepared, progressing to test phase.
2026.10.07-05:29:48.531 info  [caliper] [round-orchestrator] 	Monitors successfully started
2026.10.07-05:29:48.531 info  [caliper] [worker-message-handler] 	Worker#0 is starting Round#14
2026.10.07-05:29:48.533 info  [caliper] [connectors/peer-gateway/PeerGateway] 	Generating contract map for user User1@org1.example.com
2026.10.07-05:29:48.533 info  [caliper] [caliper-worker] 	Worker #0 starting workload loop
2026.10.07-05:29:53.531 info  [caliper] [default-observer] 	[audit-100tps Round 14 Transaction Info] - Submitted: 400 Succ: 390 Fail:0 Unfinished:10
2026.10.07-05:29:58.532 info  [caliper] [default-observer] 	[audit-100tps Round 14 Transaction Info] - Submitted: 900 Succ: 884 Fail:0 Unfinished:16
2026.10.07-05:30:03.533 info  [caliper] [default-observer] 	[audit-100tps Round 14 Transaction Info] - Submitted: 1401 Succ: 1396 Fail:0 Unfinished:5
2026.10.07-05:30:08.534 info  [caliper] [default-observer] 	[audit-100tps Round 14 Transaction Info] - Submitted: 1900 Succ: 1887 Fail:0 Unfinished:13
2026.10.07-05:30:13.534 info  [caliper] [default-observer] 	[audit-100tps Round 14 Transaction Info] - Submitted: 2401 Succ: 2380 Fail:0 Unfinished:21
2026.10.07-05:30:18.534 info  [caliper] [default-observer] 	[audit-100tps Round 14 Transaction Info] - Submitted: 2900 Succ: 2878 Fail:0 Unfinished:22
2026.10.07-05:30:19.634 info  [caliper] [connectors/peer-gateway/PeerGateway] 	disconnecting gateway for user User1@org1.example.com
2026.10.07-05:30:19.635 info  [caliper] [connectors/peer-gateway/PeerGateway] 	disconnecting gRpc client at peer peer0.org1.example.com
2026.10.07-05:30:19.635 info  [caliper] [worker-message-handler] 	Worker#0 finished Round#14
2026.10.07-05:30:24.637 info  [caliper] [default-observer] 	Resetting txCount indicator count
2026.10.07-05:30:24.637 info  [caliper] [report-builder] 	### Test result ###
2026.10.07-05:30:24.637 info  [caliper] [report-builder] 	
+--------------+------+------+-----------------+-----------------+-----------------+-----------------+------------------+
| Name         | Succ | Fail | Send Rate (TPS) | Max Latency (s) | Min Latency (s) | Avg Latency (s) | Throughput (TPS) |
|--------------|------|------|-----------------|-----------------|-----------------|-----------------|------------------|
| audit-100tps | 3001 | 0    | 100.0           | 0.26            | 0.03            | 0.14            | 99.8             |
+--------------+------+------+-----------------+-----------------+-----------------+-----------------+------------------+

2026.10.07-05:30:24.638 info  [caliper] [round-orchestrator] 	Finished round 15 (audit-100tps) in 30.101 seconds
2026.10.07-05:30:24.638 info  [caliper] [monitor.js] 	Stopping all monitors
2026.10.07-05:30:24.638 info  [caliper] [round-orchestrator] 	Waiting 5 seconds for the next round...
2026.10.07-05:30:29.642 info  [caliper] [round-orchestrator] 	Started round 16 (audit-200tps)
2026.10.07-05:30:29.643 info  [caliper] [worker-message-handler] 	Preparing Worker#0 for Round#15
2026.10.07-05:30:29.647 info  [caliper] [connectors/peer-gateway/PeerGateway] 	Generating contract map for user User1@org1.example.com
2026.10.07-05:30:29.647 info  [caliper] [caliper-worker] 	Info: worker 0 prepare test phase for round 15 is starting...
2026.10.07-05:30:29.648 info  [caliper] [connectors/peer-gateway/PeerGateway] 	disconnecting gateway for user User1@org1.example.com
2026.10.07-05:30:29.648 info  [caliper] [connectors/peer-gateway/PeerGateway] 	disconnecting gRpc client at peer peer0.org1.example.com
2026.10.07-05:30:29.648 info  [caliper] [caliper-worker] 	Info: worker 0 prepare test phase for round 15 is completed
2026.10.07-05:30:29.648 info  [caliper] [worker-message-handler] 	Worker#0 prepared for Round#15
2026.10.07-05:30:29.649 info  [caliper] [worker-orchestrator] 	1 workers prepared, progressing to test phase.
2026.10.07-05:30:29.649 info  [caliper] [round-orchestrator] 	Monitors successfully started
2026.10.07-05:30:29.649 info  [caliper] [worker-message-handler] 	Worker#0 is starting Round#15
2026.10.07-05:30:29.650 info  [caliper] [connectors/peer-gateway/PeerGateway] 	Generating contract map for user User1@org1.example.com
2026.10.07-05:30:29.650 info  [caliper] [caliper-worker] 	Worker #0 starting workload loop
2026.10.07-05:30:34.650 info  [caliper] [default-observer] 	[audit-200tps Round 15 Transaction Info] - Submitted: 797 Succ: 780 Fail:0 Unfinished:17
2026.10.07-05:30:39.651 info  [caliper] [default-observer] 	[audit-200tps Round 15 Transaction Info] - Submitted: 1803 Succ: 1754 Fail:0 Unfinished:49
2026.10.07-05:30:44.652 info  [caliper] [default-observer] 	[audit-200tps Round 15 Transaction Info] - Submitted: 2805 Succ: 2781 Fail:0 Unfinished:24
2026.10.07-05:30:49.652 info  [caliper] [default-observer] 	[audit-200tps Round 15 Transaction Info] - Submitted: 3806 Succ: 3763 Fail:0 Unfinished:43
2026.10.07-05:30:54.653 info  [caliper] [default-observer] 	[audit-200tps Round 15 Transaction Info] - Submitted: 4799 Succ: 4784 Fail:0 Unfinished:15
2026.10.07-05:30:59.654 info  [caliper] [default-observer] 	[audit-200tps Round 15 Transaction Info] - Submitted: 5808 Succ: 5768 Fail:0 Unfinished:40
2026.10.07-05:31:00.857 info  [caliper] [connectors/peer-gateway/PeerGateway] 	disconnecting gateway for user User1@org1.example.com
2026.10.07-05:31:00.857 info  [caliper] [connectors/peer-gateway/PeerGateway] 	disconnecting gRpc client at peer peer0.org1.example.com
2026.10.07-05:31:00.858 info  [caliper] [worker-message-handler] 	Worker#0 finished Round#15
2026.10.07-05:31:05.858 info  [caliper] [default-observer] 	Resetting txCount indicator count
2026.10.07-05:31:05.859 info  [caliper] [report-builder] 	### Test result ###
2026.10.07-05:31:05.859 info  [caliper] [report-builder] 	
+--------------+------+------+-----------------+-----------------+-----------------+-----------------+------------------+
| Name         | Succ | Fail | Send Rate (TPS) | Max Latency (s) | Min Latency (s) | Avg Latency (s) | Throughput (TPS) |
|--------------|------|------|-----------------|-----------------|-----------------|-----------------|------------------|
| audit-200tps | 5999 | 0    | 200.0           | 0.32            | 0.06            | 0.18            | 199.2            |
+--------------+------+------+-----------------+-----------------+-----------------+-----------------+------------------+

2026.10.07-05:31:05.859 info  [caliper] [round-orchestrator] 	Finished round 16 (audit-200tps) in 30.206 seconds
2026.10.07-05:31:05.859 info  [caliper] [monitor.js] 	Stopping all monitors
2026.10.07-05:31:05.860 info  [caliper] [report-builder] 	### All test results ###
2026.10.07-05:31:05.862 info  [caliper] [report-builder] 	
+---------------+-------+------+-----------------+-----------------+-----------------+-----------------+------------------+
| Name          | Succ  | Fail | Send Rate (TPS) | Max Latency (s) | Min Latency (s) | Avg Latency (s) | Throughput (TPS) |
|---------------|-------|------|-----------------|-----------------|-----------------|-----------------|------------------|
| seed          | 500   | 0    | 87.8            | 0.52            | 0.07            | 0.31            | 85.9             |
|---------------|-------|------|-----------------|-----------------|-----------------|-----------------|------------------|
| issue-10tps   | 301   | 0    | 10.0            | 0.24            | 0.02            | 0.13            | 10.0             |
|---------------|-------|------|-----------------|-----------------|-----------------|-----------------|------------------|
| issue-25tps   | 751   | 0    | 25.0            | 0.23            | 0.02            | 0.12            | 25.0             |
|---------------|-------|------|-----------------|-----------------|-----------------|-----------------|------------------|
| issue-50tps   | 1501  | 0    | 50.0            | 0.26            | 0.02            | 0.13            | 49.8             |
|---------------|-------|------|-----------------|-----------------|-----------------|-----------------|------------------|
| issue-100tps  | 3001  | 0    | 100.0           | 0.27            | 0.03            | 0.14            | 99.9             |
|---------------|-------|------|-----------------|-----------------|-----------------|-----------------|------------------|
| issue-150tps  | 4501  | 0    | 150.0           | 0.28            | 0.04            | 0.16            | 149.1            |
|---------------|-------|------|-----------------|-----------------|-----------------|-----------------|------------------|
| issue-200tps  | 5995  | 0    | 199.9           | 0.35            | 0.06            | 0.19            | 198.3            |
|---------------|-------|------|-----------------|-----------------|-----------------|-----------------|------------------|
| issue-300tps  | 6190  | 0    | 206.3           | 0.50            | 0.07            | 0.22            | 204.7            |
|---------------|-------|------|-----------------|-----------------|-----------------|-----------------|------------------|
| verify-100tps | 3001  | 0    | 100.0           | 0.02            | 0.00            | 0.00            | 100.0            |
|---------------|-------|------|-----------------|-----------------|-----------------|-----------------|------------------|
| verify-200tps | 6001  | 0    | 200.0           | 0.02            | 0.00            | 0.00            | 200.0            |
|---------------|-------|------|-----------------|-----------------|-----------------|-----------------|------------------|
| verify-400tps | 12001 | 0    | 400.0           | 0.02            | 0.00            | 0.00            | 400.0            |
|---------------|-------|------|-----------------|-----------------|-----------------|-----------------|------------------|
| verify-600tps | 17259 | 0    | 575.3           | 0.03            | 0.00            | 0.00            | 575.3            |
|---------------|-------|------|-----------------|-----------------|-----------------|-----------------|------------------|
| audit-10tps   | 301   | 0    | 10.0            | 0.23            | 0.01            | 0.13            | 10.0             |
|---------------|-------|------|-----------------|-----------------|-----------------|-----------------|------------------|
| audit-50tps   | 1501  | 0    | 50.0            | 0.24            | 0.02            | 0.13            | 49.8             |
|---------------|-------|------|-----------------|-----------------|-----------------|-----------------|------------------|
| audit-100tps  | 3001  | 0    | 100.0           | 0.26            | 0.03            | 0.14            | 99.8             |
|---------------|-------|------|-----------------|-----------------|-----------------|-----------------|------------------|
| audit-200tps  | 5999  | 0    | 200.0           | 0.32            | 0.06            | 0.18            | 199.2            |
+---------------+-------+------+-----------------+-----------------+-----------------+-----------------+------------------+

2026.10.07-05:31:05.870 info  [caliper] [report-builder] 	Generated report with path /home/runner/work/bzt-id-experiments/bzt-id-experiments/fabric-bench/caliper/report.html
2026.10.07-05:31:05.870 info  [caliper] [monitor.js] 	Stopping all monitors
2026.10.07-05:31:05.870 info  [caliper] [worker-orchestrator] 	Sending exit message to connected workers
2026.10.07-05:31:05.870 info  [caliper] [round-orchestrator] 	Benchmark finished in 630.117 seconds. Total rounds: 16. Successful rounds: 16. Failed rounds: 0.
2026.10.07-05:31:05.870 info  [caliper] [caliper-engine] 	Skipping end command due to benchmark flow conditioning
2026.10.07-05:31:05.870 info  [caliper] [cli-launch-manager] 	Benchmark successfully finished!
2026.10.07-05:31:05.871 info  [caliper] [worker-message-handler] 	Worker#0 is exiting
