
Clone hyperledger/fabric-samples repo

===> Cloning hyperledger/fabric-samples repo
Cloning into 'fabric-samples'...
fabric-samples v3.0.0 does not exist, defaulting to main. fabric-samples main branch is intended to work with recent versions of fabric.

Pull Hyperledger Fabric binaries

===> Downloading version 3.0.0 platform specific fabric binaries
===> Downloading:  https://github.com/hyperledger/fabric/releases/download/v3.0.0/hyperledger-fabric-linux-amd64-3.0.0.tar.gz
===> Will unpack to: /home/runner/work/bzt-id-experiments/bzt-id-experiments/fabric-samples
  % Total    % Received % Xferd  Average Speed   Time    Time     Time  Current
                                 Dload  Upload   Total   Spent    Left  Speed
  0     0    0     0    0     0      0      0 --:--:-- --:--:-- --:--:--     0  0     0    0     0    0     0      0      0 --:--:-- --:--:-- --:--:--     0
  7  110M    7 8533k    0     0  21.8M      0  0:00:05 --:--:--  0:00:05 21.8M 63  110M   63 70.2M    0     0  49.2M      0  0:00:02  0:00:01  0:00:01 59.3M100  110M  100  110M    0     0  53.2M      0  0:00:02  0:00:02 --:--:-- 60.3M
==> Done.
===> Downloading version 1.5.17 platform specific fabric-ca-client binary
===> Downloading:  https://github.com/hyperledger/fabric-ca/releases/download/v1.5.17/hyperledger-fabric-ca-linux-amd64-1.5.17.tar.gz
===> Will unpack to: /home/runner/work/bzt-id-experiments/bzt-id-experiments/fabric-samples
  % Total    % Received % Xferd  Average Speed   Time    Time     Time  Current
                                 Dload  Upload   Total   Spent    Left  Speed
  0     0    0     0    0     0      0      0 --:--:-- --:--:-- --:--:--     0  0     0    0     0    0     0      0      0 --:--:-- --:--:-- --:--:--     0
  0 31.6M    0 32750    0     0  92635      0  0:05:58 --:--:--  0:05:58 92635100 31.6M  100 31.6M    0     0  32.0M      0 --:--:-- --:--:-- --:--:-- 49.8M
==> Done.

Pull Hyperledger Fabric docker images

FABRIC_IMAGES: peer orderer ccenv baseos
===> Pulling fabric Images
====>  docker.io/hyperledger/fabric-peer:3.0.0
3.0.0: Pulling from hyperledger/fabric-peer
6414378b6477: Pulling fs layer
acaa5c547f94: Pulling fs layer
bae0d45dd768: Pulling fs layer
8002ce37eaaf: Pulling fs layer
f6c21c3ccc32: Pulling fs layer
b16caefef775: Pulling fs layer
f6c21c3ccc32: Waiting
8002ce37eaaf: Waiting
b16caefef775: Waiting
6414378b6477: Verifying Checksum
6414378b6477: Download complete
bae0d45dd768: Verifying Checksum
bae0d45dd768: Download complete
8002ce37eaaf: Verifying Checksum
8002ce37eaaf: Download complete
f6c21c3ccc32: Download complete
b16caefef775: Download complete
6414378b6477: Pull complete
acaa5c547f94: Pull complete
bae0d45dd768: Pull complete
8002ce37eaaf: Pull complete
f6c21c3ccc32: Pull complete
b16caefef775: Pull complete
Digest: sha256:e8c0f940908e7f3ac2cf0aeddae290b21f84f2b504699d2c1b302dd181258647
Status: Downloaded newer image for hyperledger/fabric-peer:3.0.0
docker.io/hyperledger/fabric-peer:3.0.0
====>  docker.io/hyperledger/fabric-orderer:3.0.0
3.0.0: Pulling from hyperledger/fabric-orderer
6414378b6477: Already exists
632ec020294a: Pulling fs layer
e608c756d028: Pulling fs layer
df5577c1a94f: Pulling fs layer
126c6c3b157e: Pulling fs layer
467c7a3dd8c4: Pulling fs layer
126c6c3b157e: Waiting
467c7a3dd8c4: Waiting
df5577c1a94f: Verifying Checksum
df5577c1a94f: Download complete
632ec020294a: Verifying Checksum
632ec020294a: Pull complete
e608c756d028: Verifying Checksum
e608c756d028: Download complete
126c6c3b157e: Verifying Checksum
126c6c3b157e: Download complete
467c7a3dd8c4: Verifying Checksum
467c7a3dd8c4: Download complete
e608c756d028: Pull complete
df5577c1a94f: Pull complete
126c6c3b157e: Pull complete
467c7a3dd8c4: Pull complete
Digest: sha256:be70ed55dfcd90ecf8e16785e22fd09949e9442eedf438c15dbcb42a51d2226f
Status: Downloaded newer image for hyperledger/fabric-orderer:3.0.0
docker.io/hyperledger/fabric-orderer:3.0.0
====>  docker.io/hyperledger/fabric-ccenv:3.0.0
3.0.0: Pulling from hyperledger/fabric-ccenv
6414378b6477: Already exists
173df53a470d: Pulling fs layer
6e47399708f9: Pulling fs layer
399759bb52b8: Pulling fs layer
ae2e5d984886: Pulling fs layer
c25bbca634af: Pulling fs layer
24eb3e340a64: Pulling fs layer
ae2e5d984886: Waiting
c25bbca634af: Waiting
24eb3e340a64: Waiting
399759bb52b8: Verifying Checksum
399759bb52b8: Download complete
ae2e5d984886: Verifying Checksum
ae2e5d984886: Download complete
6e47399708f9: Verifying Checksum
6e47399708f9: Download complete
c25bbca634af: Verifying Checksum
c25bbca634af: Download complete
24eb3e340a64: Verifying Checksum
24eb3e340a64: Download complete
173df53a470d: Verifying Checksum
173df53a470d: Download complete
173df53a470d: Pull complete
6e47399708f9: Pull complete
399759bb52b8: Pull complete
ae2e5d984886: Pull complete
c25bbca634af: Pull complete
24eb3e340a64: Pull complete
Digest: sha256:99bd627665b02906491ba3234803878063154a3a2cd7ebae6b8e3c642d794fa7
Status: Downloaded newer image for hyperledger/fabric-ccenv:3.0.0
docker.io/hyperledger/fabric-ccenv:3.0.0
====>  docker.io/hyperledger/fabric-baseos:3.0.0
3.0.0: Pulling from hyperledger/fabric-baseos
6414378b6477: Already exists
cf7ba7e3b48c: Pulling fs layer
3003e991f3c3: Pulling fs layer
98728cd9571f: Pulling fs layer
3003e991f3c3: Verifying Checksum
3003e991f3c3: Download complete
98728cd9571f: Download complete
cf7ba7e3b48c: Verifying Checksum
cf7ba7e3b48c: Download complete
cf7ba7e3b48c: Pull complete
3003e991f3c3: Pull complete
98728cd9571f: Pull complete
Digest: sha256:91d8918e7320a07b085edc14bbf1ac210da463aca0ae70b0525ce879adeab01f
Status: Downloaded newer image for hyperledger/fabric-baseos:3.0.0
docker.io/hyperledger/fabric-baseos:3.0.0
===> Pulling fabric ca Image
====>  ghcr.io/hyperledger/fabric-ca:1.5.17
1.5.17: Pulling from hyperledger/fabric-ca
6f4ebca3e823: Pulling fs layer
b9649d3f054a: Pulling fs layer
0b966e606d9a: Pulling fs layer
18afb8c8d2a4: Pulling fs layer
18afb8c8d2a4: Waiting
0b966e606d9a: Download complete
6f4ebca3e823: Verifying Checksum
6f4ebca3e823: Download complete
b9649d3f054a: Verifying Checksum
b9649d3f054a: Download complete
18afb8c8d2a4: Verifying Checksum
18afb8c8d2a4: Download complete
6f4ebca3e823: Pull complete
b9649d3f054a: Pull complete
0b966e606d9a: Pull complete
18afb8c8d2a4: Pull complete
Digest: sha256:453a0a727e82c4960b797e379adc231e853ee23ae7526db53afef77b5074117e
Status: Downloaded newer image for ghcr.io/hyperledger/fabric-ca:1.5.17
ghcr.io/hyperledger/fabric-ca:1.5.17
===> List out hyperledger images
hyperledger/fabric-ca                        1.5       0548296e36d4   8 months ago   244MB
hyperledger/fabric-ca                        1.5.17    0548296e36d4   8 months ago   244MB
hyperledger/fabric-ca                        latest    0548296e36d4   8 months ago   244MB
ghcr.io/hyperledger/fabric-ca                1.5.17    0548296e36d4   8 months ago   244MB
hyperledger/fabric-peer                      3.0       01cac3d2fb5f   2 years ago    146MB
hyperledger/fabric-peer                      3.0.0     01cac3d2fb5f   2 years ago    146MB
hyperledger/fabric-peer                      latest    01cac3d2fb5f   2 years ago    146MB
hyperledger/fabric-orderer                   3.0       119672165a17   2 years ago    115MB
hyperledger/fabric-orderer                   3.0.0     119672165a17   2 years ago    115MB
hyperledger/fabric-orderer                   latest    119672165a17   2 years ago    115MB
hyperledger/fabric-ccenv                     3.0       728f8c325f2c   2 years ago    658MB
hyperledger/fabric-ccenv                     3.0.0     728f8c325f2c   2 years ago    658MB
hyperledger/fabric-ccenv                     latest    728f8c325f2c   2 years ago    658MB
hyperledger/fabric-baseos                    3.0       c63ee117a2a9   2 years ago    138MB
hyperledger/fabric-baseos                    3.0.0     c63ee117a2a9   2 years ago    138MB
hyperledger/fabric-baseos                    latest    c63ee117a2a9   2 years ago    138MB
