2026.10.07-11:23:14.410 info  [caliper] [cli-launch-manager] 	Set workspace path: /home/runner/work/bzt-id-experiments/bzt-id-experiments/fabric-bench/caliper
2026.10.07-11:23:14.410 info  [caliper] [cli-launch-manager] 	Set benchmark configuration path: /home/runner/work/bzt-id-experiments/bzt-id-experiments/fabric-bench/caliper/benchmarks/config.yaml
2026.10.07-11:23:14.411 info  [caliper] [cli-launch-manager] 	Set network configuration path: /home/runner/work/bzt-id-experiments/bzt-id-experiments/fabric-bench/caliper/networks/networkConfig.yaml
2026.10.07-11:23:14.413 info  [caliper] [cli-launch-manager] 	Set SUT type: fabric
2026.10.07-11:23:14.432 info  [caliper] [benchmark-validator] 	No observer specified, will default to `none`
2026.10.07-11:23:14.432 info  [caliper] [caliper-engine] 	Starting benchmark flow
2026.10.07-11:23:14.432 info  [caliper] [caliper-engine] 	Skipping start commands due to benchmark flow conditioning
2026.10.07-11:23:14.432 info  [caliper] [caliper-engine] 	Skipping initialization phase due to benchmark flow conditioning
2026.10.07-11:23:14.433 info  [caliper] [caliper-engine] 	Skipping install smart contract phase due to benchmark flow conditioning
2026.10.07-11:23:14.542 info  [caliper] [FabricConnectorFactory] 	Initializing peer gateway connector compatible with installed fabric-gateway SDK: 1.7.1
2026.10.07-11:23:14.560 info  [caliper] [IdentityManager] 	Adding User1@org1.example.com (admin=false) as User1@org1.example.com for organization Org1MSP
2026.10.07-11:23:14.563 info  [caliper] [monitor.js] 	No resource monitors specified
2026.10.07-11:23:14.564 info  [caliper] [default-observer] 	Observer interval set to 5000 milliseconds
2026.10.07-11:23:14.568 info  [caliper] [round-orchestrator] 	Preparing worker connections
2026.10.07-11:23:14.568 info  [caliper] [worker-orchestrator] 	Launching worker 1 of 1
2026.10.07-11:23:14.573 info  [caliper] [worker-orchestrator] 	Messenger not configured, entering configure phase...
2026.10.07-11:23:14.574 info  [caliper] [worker-orchestrator] 	No existing workers detected, entering worker launch phase...
2026.10.07-11:23:14.574 info  [caliper] [worker-orchestrator] 	Waiting for 1 workers to be connected...
2026.10.07-11:23:14.809 info  [caliper] [cli-launch-worker] 	Set workspace path: /home/runner/work/bzt-id-experiments/bzt-id-experiments/fabric-bench/caliper
2026.10.07-11:23:14.810 info  [caliper] [cli-launch-worker] 	Set benchmark configuration path: /home/runner/work/bzt-id-experiments/bzt-id-experiments/fabric-bench/caliper/benchmarks/config.yaml
2026.10.07-11:23:14.810 info  [caliper] [cli-launch-worker] 	Set network configuration path: /home/runner/work/bzt-id-experiments/bzt-id-experiments/fabric-bench/caliper/networks/networkConfig.yaml
2026.10.07-11:23:14.811 info  [caliper] [cli-launch-worker] 	Set SUT type: fabric
2026.10.07-11:23:14.843 info  [caliper] [worker-orchestrator] 	1 workers connected, progressing to worker assignment phase.
2026.10.07-11:23:14.844 info  [caliper] [worker-orchestrator] 	Workers currently unassigned, awaiting index assignment...
2026.10.07-11:23:14.844 info  [caliper] [worker-orchestrator] 	Waiting for 1 workers to be assigned...
2026.10.07-11:23:14.864 info  [caliper] [worker-orchestrator] 	1 workers assigned, progressing to worker initialization phase.
2026.10.07-11:23:14.864 info  [caliper] [worker-orchestrator] 	Waiting for 1 workers to be ready...
2026.10.07-11:23:14.865 info  [caliper] [worker-message-handler] 	Initializing Worker#0...
2026.10.07-11:23:14.984 info  [caliper] [FabricConnectorFactory] 	Initializing peer gateway connector compatible with installed fabric-gateway SDK: 1.7.1
2026.10.07-11:23:14.988 info  [caliper] [IdentityManager] 	Adding User1@org1.example.com (admin=false) as User1@org1.example.com for organization Org1MSP
2026.10.07-11:23:14.993 info  [caliper] [worker-message-handler] 	Worker#0 initialized
2026.10.07-11:23:14.994 info  [caliper] [worker-orchestrator] 	1 workers ready, progressing to test preparation phase.
2026.10.07-11:23:14.994 info  [caliper] [round-orchestrator] 	Started round 1 (seed)
2026.10.07-11:23:14.997 info  [caliper] [worker-message-handler] 	Preparing Worker#0 for Round#0
2026.10.07-11:23:15.009 info  [caliper] [connectors/peer-gateway/PeerGateway] 	Generating contract map for user User1@org1.example.com
2026.10.07-11:23:15.009 info  [caliper] [caliper-worker] 	Info: worker 0 prepare test phase for round 0 is starting...
2026.10.07-11:23:15.011 info  [caliper] [connectors/peer-gateway/PeerGateway] 	disconnecting gateway for user User1@org1.example.com
2026.10.07-11:23:15.011 info  [caliper] [connectors/peer-gateway/PeerGateway] 	disconnecting gRpc client at peer peer0.org1.example.com
2026.10.07-11:23:15.011 info  [caliper] [caliper-worker] 	Info: worker 0 prepare test phase for round 0 is completed
2026.10.07-11:23:15.011 info  [caliper] [worker-message-handler] 	Worker#0 prepared for Round#0
2026.10.07-11:23:15.012 info  [caliper] [worker-orchestrator] 	1 workers prepared, progressing to test phase.
2026.10.07-11:23:15.012 info  [caliper] [round-orchestrator] 	Monitors successfully started
2026.10.07-11:23:15.013 info  [caliper] [worker-message-handler] 	Worker#0 is starting Round#0
2026.10.07-11:23:15.016 info  [caliper] [connectors/peer-gateway/PeerGateway] 	Generating contract map for user User1@org1.example.com
2026.10.07-11:23:15.017 info  [caliper] [caliper-worker] 	Worker #0 starting workload loop
2026.10.07-11:23:20.022 info  [caliper] [default-observer] 	[seed Round 0 Transaction Info] - Submitted: 314 Succ: 314 Fail:0 Unfinished:0
2026.10.07-11:23:21.991 info  [caliper] [connectors/peer-gateway/PeerGateway] 	disconnecting gateway for user User1@org1.example.com
2026.10.07-11:23:21.991 info  [caliper] [connectors/peer-gateway/PeerGateway] 	disconnecting gRpc client at peer peer0.org1.example.com
2026.10.07-11:23:21.991 info  [caliper] [worker-message-handler] 	Worker#0 finished Round#0
2026.10.07-11:23:26.994 info  [caliper] [default-observer] 	Resetting txCount indicator count
2026.10.07-11:23:26.995 info  [caliper] [report-builder] 	### Test result ###
2026.10.07-11:23:26.999 info  [caliper] [report-builder] 	
+------+------+------+-----------------+-----------------+-----------------+-----------------+------------------+
| Name | Succ | Fail | Send Rate (TPS) | Max Latency (s) | Min Latency (s) | Avg Latency (s) | Throughput (TPS) |
|------|------|------|-----------------|-----------------|-----------------|-----------------|------------------|
| seed | 500  | 0    | 88.3            | 0.57            | 0.10            | 0.33            | 86.7             |
+------+------+------+-----------------+-----------------+-----------------+-----------------+------------------+

2026.10.07-11:23:26.999 info  [caliper] [round-orchestrator] 	Finished round 1 (seed) in 5.973 seconds
2026.10.07-11:23:26.999 info  [caliper] [monitor.js] 	Stopping all monitors
2026.10.07-11:23:26.999 info  [caliper] [round-orchestrator] 	Waiting 5 seconds for the next round...
2026.10.07-11:23:32.005 info  [caliper] [round-orchestrator] 	Started round 2 (issue-10tps)
2026.10.07-11:23:32.006 info  [caliper] [worker-message-handler] 	Preparing Worker#0 for Round#1
2026.10.07-11:23:32.008 info  [caliper] [connectors/peer-gateway/PeerGateway] 	Generating contract map for user User1@org1.example.com
2026.10.07-11:23:32.008 info  [caliper] [caliper-worker] 	Info: worker 0 prepare test phase for round 1 is starting...
2026.10.07-11:23:32.009 info  [caliper] [connectors/peer-gateway/PeerGateway] 	disconnecting gateway for user User1@org1.example.com
2026.10.07-11:23:32.009 info  [caliper] [connectors/peer-gateway/PeerGateway] 	disconnecting gRpc client at peer peer0.org1.example.com
2026.10.07-11:23:32.009 info  [caliper] [caliper-worker] 	Info: worker 0 prepare test phase for round 1 is completed
2026.10.07-11:23:32.010 info  [caliper] [worker-message-handler] 	Worker#0 prepared for Round#1
2026.10.07-11:23:32.010 info  [caliper] [worker-orchestrator] 	1 workers prepared, progressing to test phase.
2026.10.07-11:23:32.010 info  [caliper] [round-orchestrator] 	Monitors successfully started
2026.10.07-11:23:32.011 info  [caliper] [worker-message-handler] 	Worker#0 is starting Round#1
2026.10.07-11:23:32.012 info  [caliper] [connectors/peer-gateway/PeerGateway] 	Generating contract map for user User1@org1.example.com
2026.10.07-11:23:32.013 info  [caliper] [caliper-worker] 	Worker #0 starting workload loop
2026.10.07-11:23:37.012 info  [caliper] [default-observer] 	[issue-10tps Round 1 Transaction Info] - Submitted: 41 Succ: 39 Fail:0 Unfinished:2
2026.10.07-11:23:42.013 info  [caliper] [default-observer] 	[issue-10tps Round 1 Transaction Info] - Submitted: 91 Succ: 89 Fail:0 Unfinished:2
2026.10.07-11:23:47.013 info  [caliper] [default-observer] 	[issue-10tps Round 1 Transaction Info] - Submitted: 141 Succ: 139 Fail:0 Unfinished:2
2026.10.07-11:23:52.014 info  [caliper] [default-observer] 	[issue-10tps Round 1 Transaction Info] - Submitted: 191 Succ: 189 Fail:0 Unfinished:2
2026.10.07-11:23:57.015 info  [caliper] [default-observer] 	[issue-10tps Round 1 Transaction Info] - Submitted: 241 Succ: 239 Fail:0 Unfinished:2
2026.10.07-11:24:02.015 info  [caliper] [default-observer] 	[issue-10tps Round 1 Transaction Info] - Submitted: 291 Succ: 290 Fail:0 Unfinished:1
2026.10.07-11:24:03.316 info  [caliper] [connectors/peer-gateway/PeerGateway] 	disconnecting gateway for user User1@org1.example.com
2026.10.07-11:24:03.316 info  [caliper] [connectors/peer-gateway/PeerGateway] 	disconnecting gRpc client at peer peer0.org1.example.com
2026.10.07-11:24:03.317 info  [caliper] [worker-message-handler] 	Worker#0 finished Round#1
2026.10.07-11:24:08.318 info  [caliper] [default-observer] 	Resetting txCount indicator count
2026.10.07-11:24:08.319 info  [caliper] [report-builder] 	### Test result ###
2026.10.07-11:24:08.319 info  [caliper] [report-builder] 	
+-------------+------+------+-----------------+-----------------+-----------------+-----------------+------------------+
| Name        | Succ | Fail | Send Rate (TPS) | Max Latency (s) | Min Latency (s) | Avg Latency (s) | Throughput (TPS) |
|-------------|------|------|-----------------|-----------------|-----------------|-----------------|------------------|
| issue-10tps | 301  | 0    | 10.0            | 0.23            | 0.02            | 0.13            | 10.0             |
+-------------+------+------+-----------------+-----------------+-----------------+-----------------+------------------+

2026.10.07-11:24:08.320 info  [caliper] [round-orchestrator] 	Finished round 2 (issue-10tps) in 30.303 seconds
2026.10.07-11:24:08.320 info  [caliper] [monitor.js] 	Stopping all monitors
2026.10.07-11:24:08.320 info  [caliper] [round-orchestrator] 	Waiting 5 seconds for the next round...
2026.10.07-11:24:13.324 info  [caliper] [round-orchestrator] 	Started round 3 (issue-25tps)
2026.10.07-11:24:13.325 info  [caliper] [worker-message-handler] 	Preparing Worker#0 for Round#2
2026.10.07-11:24:13.327 info  [caliper] [connectors/peer-gateway/PeerGateway] 	Generating contract map for user User1@org1.example.com
2026.10.07-11:24:13.328 info  [caliper] [caliper-worker] 	Info: worker 0 prepare test phase for round 2 is starting...
2026.10.07-11:24:13.329 info  [caliper] [connectors/peer-gateway/PeerGateway] 	disconnecting gateway for user User1@org1.example.com
2026.10.07-11:24:13.329 info  [caliper] [connectors/peer-gateway/PeerGateway] 	disconnecting gRpc client at peer peer0.org1.example.com
2026.10.07-11:24:13.329 info  [caliper] [caliper-worker] 	Info: worker 0 prepare test phase for round 2 is completed
2026.10.07-11:24:13.329 info  [caliper] [worker-message-handler] 	Worker#0 prepared for Round#2
2026.10.07-11:24:13.330 info  [caliper] [worker-orchestrator] 	1 workers prepared, progressing to test phase.
2026.10.07-11:24:13.330 info  [caliper] [round-orchestrator] 	Monitors successfully started
2026.10.07-11:24:13.330 info  [caliper] [worker-message-handler] 	Worker#0 is starting Round#2
2026.10.07-11:24:13.331 info  [caliper] [connectors/peer-gateway/PeerGateway] 	Generating contract map for user User1@org1.example.com
2026.10.07-11:24:13.332 info  [caliper] [caliper-worker] 	Worker #0 starting workload loop
2026.10.07-11:24:18.331 info  [caliper] [default-observer] 	[issue-25tps Round 2 Transaction Info] - Submitted: 100 Succ: 97 Fail:0 Unfinished:3
2026.10.07-11:24:23.333 info  [caliper] [default-observer] 	[issue-25tps Round 2 Transaction Info] - Submitted: 226 Succ: 220 Fail:0 Unfinished:6
2026.10.07-11:24:28.334 info  [caliper] [default-observer] 	[issue-25tps Round 2 Transaction Info] - Submitted: 351 Succ: 348 Fail:0 Unfinished:3
2026.10.07-11:24:33.334 info  [caliper] [default-observer] 	[issue-25tps Round 2 Transaction Info] - Submitted: 476 Succ: 471 Fail:0 Unfinished:5
2026.10.07-11:24:38.335 info  [caliper] [default-observer] 	[issue-25tps Round 2 Transaction Info] - Submitted: 601 Succ: 600 Fail:0 Unfinished:1
2026.10.07-11:24:43.336 info  [caliper] [default-observer] 	[issue-25tps Round 2 Transaction Info] - Submitted: 726 Succ: 722 Fail:0 Unfinished:4
2026.10.07-11:24:44.536 info  [caliper] [connectors/peer-gateway/PeerGateway] 	disconnecting gateway for user User1@org1.example.com
2026.10.07-11:24:44.536 info  [caliper] [connectors/peer-gateway/PeerGateway] 	disconnecting gRpc client at peer peer0.org1.example.com
2026.10.07-11:24:44.536 info  [caliper] [worker-message-handler] 	Worker#0 finished Round#2
2026.10.07-11:24:49.538 info  [caliper] [default-observer] 	Resetting txCount indicator count
2026.10.07-11:24:49.539 info  [caliper] [report-builder] 	### Test result ###
2026.10.07-11:24:49.539 info  [caliper] [report-builder] 	
+-------------+------+------+-----------------+-----------------+-----------------+-----------------+------------------+
| Name        | Succ | Fail | Send Rate (TPS) | Max Latency (s) | Min Latency (s) | Avg Latency (s) | Throughput (TPS) |
|-------------|------|------|-----------------|-----------------|-----------------|-----------------|------------------|
| issue-25tps | 751  | 0    | 25.0            | 0.26            | 0.02            | 0.13            | 24.9             |
+-------------+------+------+-----------------+-----------------+-----------------+-----------------+------------------+

2026.10.07-11:24:49.540 info  [caliper] [round-orchestrator] 	Finished round 3 (issue-25tps) in 30.202 seconds
2026.10.07-11:24:49.540 info  [caliper] [monitor.js] 	Stopping all monitors
2026.10.07-11:24:49.540 info  [caliper] [round-orchestrator] 	Waiting 5 seconds for the next round...
2026.10.07-11:24:54.541 info  [caliper] [round-orchestrator] 	Started round 4 (issue-50tps)
2026.10.07-11:24:54.541 info  [caliper] [worker-message-handler] 	Preparing Worker#0 for Round#3
2026.10.07-11:24:54.545 info  [caliper] [connectors/peer-gateway/PeerGateway] 	Generating contract map for user User1@org1.example.com
2026.10.07-11:24:54.546 info  [caliper] [caliper-worker] 	Info: worker 0 prepare test phase for round 3 is starting...
2026.10.07-11:24:54.546 info  [caliper] [connectors/peer-gateway/PeerGateway] 	disconnecting gateway for user User1@org1.example.com
2026.10.07-11:24:54.546 info  [caliper] [connectors/peer-gateway/PeerGateway] 	disconnecting gRpc client at peer peer0.org1.example.com
2026.10.07-11:24:54.546 info  [caliper] [caliper-worker] 	Info: worker 0 prepare test phase for round 3 is completed
2026.10.07-11:24:54.546 info  [caliper] [worker-message-handler] 	Worker#0 prepared for Round#3
2026.10.07-11:24:54.547 info  [caliper] [worker-orchestrator] 	1 workers prepared, progressing to test phase.
2026.10.07-11:24:54.547 info  [caliper] [round-orchestrator] 	Monitors successfully started
2026.10.07-11:24:54.547 info  [caliper] [worker-message-handler] 	Worker#0 is starting Round#3
2026.10.07-11:24:54.549 info  [caliper] [connectors/peer-gateway/PeerGateway] 	Generating contract map for user User1@org1.example.com
2026.10.07-11:24:54.549 info  [caliper] [caliper-worker] 	Worker #0 starting workload loop
2026.10.07-11:24:59.548 info  [caliper] [default-observer] 	[issue-50tps Round 3 Transaction Info] - Submitted: 200 Succ: 197 Fail:0 Unfinished:3
2026.10.07-11:25:04.549 info  [caliper] [default-observer] 	[issue-50tps Round 3 Transaction Info] - Submitted: 451 Succ: 439 Fail:0 Unfinished:12
2026.10.07-11:25:09.549 info  [caliper] [default-observer] 	[issue-50tps Round 3 Transaction Info] - Submitted: 701 Succ: 692 Fail:0 Unfinished:9
2026.10.07-11:25:14.549 info  [caliper] [default-observer] 	[issue-50tps Round 3 Transaction Info] - Submitted: 951 Succ: 945 Fail:0 Unfinished:6
2026.10.07-11:25:19.551 info  [caliper] [default-observer] 	[issue-50tps Round 3 Transaction Info] - Submitted: 1201 Succ: 1197 Fail:0 Unfinished:4
2026.10.07-11:25:24.551 info  [caliper] [default-observer] 	[issue-50tps Round 3 Transaction Info] - Submitted: 1451 Succ: 1439 Fail:0 Unfinished:12
2026.10.07-11:25:25.751 info  [caliper] [connectors/peer-gateway/PeerGateway] 	disconnecting gateway for user User1@org1.example.com
2026.10.07-11:25:25.751 info  [caliper] [connectors/peer-gateway/PeerGateway] 	disconnecting gRpc client at peer peer0.org1.example.com
2026.10.07-11:25:25.751 info  [caliper] [worker-message-handler] 	Worker#0 finished Round#3
2026.10.07-11:25:30.753 info  [caliper] [default-observer] 	Resetting txCount indicator count
2026.10.07-11:25:30.754 info  [caliper] [report-builder] 	### Test result ###
2026.10.07-11:25:30.754 info  [caliper] [report-builder] 	
+-------------+------+------+-----------------+-----------------+-----------------+-----------------+------------------+
| Name        | Succ | Fail | Send Rate (TPS) | Max Latency (s) | Min Latency (s) | Avg Latency (s) | Throughput (TPS) |
|-------------|------|------|-----------------|-----------------|-----------------|-----------------|------------------|
| issue-50tps | 1501 | 0    | 50.0            | 0.27            | 0.02            | 0.13            | 49.9             |
+-------------+------+------+-----------------+-----------------+-----------------+-----------------+------------------+

2026.10.07-11:25:30.755 info  [caliper] [round-orchestrator] 	Finished round 4 (issue-50tps) in 30.201 seconds
2026.10.07-11:25:30.755 info  [caliper] [monitor.js] 	Stopping all monitors
2026.10.07-11:25:30.755 info  [caliper] [round-orchestrator] 	Waiting 5 seconds for the next round...
2026.10.07-11:25:35.756 info  [caliper] [round-orchestrator] 	Started round 5 (issue-100tps)
2026.10.07-11:25:35.756 info  [caliper] [worker-message-handler] 	Preparing Worker#0 for Round#4
2026.10.07-11:25:35.761 info  [caliper] [connectors/peer-gateway/PeerGateway] 	Generating contract map for user User1@org1.example.com
2026.10.07-11:25:35.761 info  [caliper] [caliper-worker] 	Info: worker 0 prepare test phase for round 4 is starting...
2026.10.07-11:25:35.763 info  [caliper] [connectors/peer-gateway/PeerGateway] 	disconnecting gateway for user User1@org1.example.com
2026.10.07-11:25:35.763 info  [caliper] [connectors/peer-gateway/PeerGateway] 	disconnecting gRpc client at peer peer0.org1.example.com
2026.10.07-11:25:35.763 info  [caliper] [caliper-worker] 	Info: worker 0 prepare test phase for round 4 is completed
2026.10.07-11:25:35.763 info  [caliper] [worker-message-handler] 	Worker#0 prepared for Round#4
2026.10.07-11:25:35.764 info  [caliper] [worker-orchestrator] 	1 workers prepared, progressing to test phase.
2026.10.07-11:25:35.764 info  [caliper] [round-orchestrator] 	Monitors successfully started
2026.10.07-11:25:35.764 info  [caliper] [worker-message-handler] 	Worker#0 is starting Round#4
2026.10.07-11:25:35.765 info  [caliper] [connectors/peer-gateway/PeerGateway] 	Generating contract map for user User1@org1.example.com
2026.10.07-11:25:35.766 info  [caliper] [caliper-worker] 	Worker #0 starting workload loop
2026.10.07-11:25:40.767 info  [caliper] [default-observer] 	[issue-100tps Round 4 Transaction Info] - Submitted: 400 Succ: 388 Fail:0 Unfinished:12
2026.10.07-11:25:45.768 info  [caliper] [default-observer] 	[issue-100tps Round 4 Transaction Info] - Submitted: 901 Succ: 881 Fail:0 Unfinished:20
2026.10.07-11:25:50.769 info  [caliper] [default-observer] 	[issue-100tps Round 4 Transaction Info] - Submitted: 1401 Succ: 1395 Fail:0 Unfinished:6
2026.10.07-11:25:55.769 info  [caliper] [default-observer] 	[issue-100tps Round 4 Transaction Info] - Submitted: 1901 Succ: 1886 Fail:0 Unfinished:15
2026.10.07-11:26:00.770 info  [caliper] [default-observer] 	[issue-100tps Round 4 Transaction Info] - Submitted: 2401 Succ: 2381 Fail:0 Unfinished:20
2026.10.07-11:26:05.772 info  [caliper] [default-observer] 	[issue-100tps Round 4 Transaction Info] - Submitted: 2901 Succ: 2896 Fail:0 Unfinished:5
2026.10.07-11:26:06.869 info  [caliper] [connectors/peer-gateway/PeerGateway] 	disconnecting gateway for user User1@org1.example.com
2026.10.07-11:26:06.869 info  [caliper] [connectors/peer-gateway/PeerGateway] 	disconnecting gRpc client at peer peer0.org1.example.com
2026.10.07-11:26:06.869 info  [caliper] [worker-message-handler] 	Worker#0 finished Round#4
2026.10.07-11:26:11.872 info  [caliper] [default-observer] 	Resetting txCount indicator count
2026.10.07-11:26:11.872 info  [caliper] [report-builder] 	### Test result ###
2026.10.07-11:26:11.873 info  [caliper] [report-builder] 	
+--------------+------+------+-----------------+-----------------+-----------------+-----------------+------------------+
| Name         | Succ | Fail | Send Rate (TPS) | Max Latency (s) | Min Latency (s) | Avg Latency (s) | Throughput (TPS) |
|--------------|------|------|-----------------|-----------------|-----------------|-----------------|------------------|
| issue-100tps | 3001 | 0    | 100.0           | 0.28            | 0.03            | 0.14            | 99.8             |
+--------------+------+------+-----------------+-----------------+-----------------+-----------------+------------------+

2026.10.07-11:26:11.873 info  [caliper] [round-orchestrator] 	Finished round 5 (issue-100tps) in 30.102 seconds
2026.10.07-11:26:11.873 info  [caliper] [monitor.js] 	Stopping all monitors
2026.10.07-11:26:11.874 info  [caliper] [round-orchestrator] 	Waiting 5 seconds for the next round...
2026.10.07-11:26:16.879 info  [caliper] [round-orchestrator] 	Started round 6 (issue-150tps)
2026.10.07-11:26:16.880 info  [caliper] [worker-message-handler] 	Preparing Worker#0 for Round#5
2026.10.07-11:26:16.884 info  [caliper] [connectors/peer-gateway/PeerGateway] 	Generating contract map for user User1@org1.example.com
2026.10.07-11:26:16.884 info  [caliper] [caliper-worker] 	Info: worker 0 prepare test phase for round 5 is starting...
2026.10.07-11:26:16.885 info  [caliper] [connectors/peer-gateway/PeerGateway] 	disconnecting gateway for user User1@org1.example.com
2026.10.07-11:26:16.885 info  [caliper] [connectors/peer-gateway/PeerGateway] 	disconnecting gRpc client at peer peer0.org1.example.com
2026.10.07-11:26:16.885 info  [caliper] [caliper-worker] 	Info: worker 0 prepare test phase for round 5 is completed
2026.10.07-11:26:16.885 info  [caliper] [worker-message-handler] 	Worker#0 prepared for Round#5
2026.10.07-11:26:16.886 info  [caliper] [worker-orchestrator] 	1 workers prepared, progressing to test phase.
2026.10.07-11:26:16.886 info  [caliper] [round-orchestrator] 	Monitors successfully started
2026.10.07-11:26:16.886 info  [caliper] [worker-message-handler] 	Worker#0 is starting Round#5
2026.10.07-11:26:16.887 info  [caliper] [connectors/peer-gateway/PeerGateway] 	Generating contract map for user User1@org1.example.com
2026.10.07-11:26:16.888 info  [caliper] [caliper-worker] 	Worker #0 starting workload loop
2026.10.07-11:26:21.887 info  [caliper] [default-observer] 	[issue-150tps Round 5 Transaction Info] - Submitted: 601 Succ: 570 Fail:0 Unfinished:31
2026.10.07-11:26:26.887 info  [caliper] [default-observer] 	[issue-150tps Round 5 Transaction Info] - Submitted: 1350 Succ: 1319 Fail:0 Unfinished:31
2026.10.07-11:26:31.887 info  [caliper] [default-observer] 	[issue-150tps Round 5 Transaction Info] - Submitted: 2100 Succ: 2077 Fail:0 Unfinished:23
2026.10.07-11:26:36.888 info  [caliper] [default-observer] 	[issue-150tps Round 5 Transaction Info] - Submitted: 2851 Succ: 2833 Fail:0 Unfinished:18
2026.10.07-11:26:41.890 info  [caliper] [default-observer] 	[issue-150tps Round 5 Transaction Info] - Submitted: 3601 Succ: 3580 Fail:0 Unfinished:21
2026.10.07-11:26:46.890 info  [caliper] [default-observer] 	[issue-150tps Round 5 Transaction Info] - Submitted: 4352 Succ: 4325 Fail:0 Unfinished:27
2026.10.07-11:26:47.991 info  [caliper] [connectors/peer-gateway/PeerGateway] 	disconnecting gateway for user User1@org1.example.com
2026.10.07-11:26:47.991 info  [caliper] [connectors/peer-gateway/PeerGateway] 	disconnecting gRpc client at peer peer0.org1.example.com
2026.10.07-11:26:47.991 info  [caliper] [worker-message-handler] 	Worker#0 finished Round#5
2026.10.07-11:26:52.994 info  [caliper] [default-observer] 	Resetting txCount indicator count
2026.10.07-11:26:52.994 info  [caliper] [report-builder] 	### Test result ###
2026.10.07-11:26:52.995 info  [caliper] [report-builder] 	
+--------------+------+------+-----------------+-----------------+-----------------+-----------------+------------------+
| Name         | Succ | Fail | Send Rate (TPS) | Max Latency (s) | Min Latency (s) | Avg Latency (s) | Throughput (TPS) |
|--------------|------|------|-----------------|-----------------|-----------------|-----------------|------------------|
| issue-150tps | 4501 | 0    | 150.0           | 0.29            | 0.04            | 0.16            | 149.6            |
+--------------+------+------+-----------------+-----------------+-----------------+-----------------+------------------+

2026.10.07-11:26:52.995 info  [caliper] [round-orchestrator] 	Finished round 6 (issue-150tps) in 30.102 seconds
2026.10.07-11:26:52.995 info  [caliper] [monitor.js] 	Stopping all monitors
2026.10.07-11:26:52.995 info  [caliper] [round-orchestrator] 	Waiting 5 seconds for the next round...
2026.10.07-11:26:58.000 info  [caliper] [round-orchestrator] 	Started round 7 (issue-200tps)
2026.10.07-11:26:58.001 info  [caliper] [worker-message-handler] 	Preparing Worker#0 for Round#6
2026.10.07-11:26:58.005 info  [caliper] [connectors/peer-gateway/PeerGateway] 	Generating contract map for user User1@org1.example.com
2026.10.07-11:26:58.005 info  [caliper] [caliper-worker] 	Info: worker 0 prepare test phase for round 6 is starting...
2026.10.07-11:26:58.007 info  [caliper] [connectors/peer-gateway/PeerGateway] 	disconnecting gateway for user User1@org1.example.com
2026.10.07-11:26:58.007 info  [caliper] [connectors/peer-gateway/PeerGateway] 	disconnecting gRpc client at peer peer0.org1.example.com
2026.10.07-11:26:58.007 info  [caliper] [caliper-worker] 	Info: worker 0 prepare test phase for round 6 is completed
2026.10.07-11:26:58.007 info  [caliper] [worker-message-handler] 	Worker#0 prepared for Round#6
2026.10.07-11:26:58.007 info  [caliper] [worker-orchestrator] 	1 workers prepared, progressing to test phase.
2026.10.07-11:26:58.007 info  [caliper] [round-orchestrator] 	Monitors successfully started
2026.10.07-11:26:58.008 info  [caliper] [worker-message-handler] 	Worker#0 is starting Round#6
2026.10.07-11:26:58.009 info  [caliper] [connectors/peer-gateway/PeerGateway] 	Generating contract map for user User1@org1.example.com
2026.10.07-11:26:58.009 info  [caliper] [caliper-worker] 	Worker #0 starting workload loop
2026.10.07-11:27:03.008 info  [caliper] [default-observer] 	[issue-200tps Round 6 Transaction Info] - Submitted: 797 Succ: 749 Fail:0 Unfinished:48
2026.10.07-11:27:08.009 info  [caliper] [default-observer] 	[issue-200tps Round 6 Transaction Info] - Submitted: 1799 Succ: 1775 Fail:0 Unfinished:24
2026.10.07-11:27:13.011 info  [caliper] [default-observer] 	[issue-200tps Round 6 Transaction Info] - Submitted: 2803 Succ: 2775 Fail:0 Unfinished:28
2026.10.07-11:27:18.011 info  [caliper] [default-observer] 	[issue-200tps Round 6 Transaction Info] - Submitted: 3795 Succ: 3756 Fail:0 Unfinished:39
2026.10.07-11:27:23.014 info  [caliper] [default-observer] 	[issue-200tps Round 6 Transaction Info] - Submitted: 4807 Succ: 4759 Fail:0 Unfinished:48
2026.10.07-11:27:28.016 info  [caliper] [default-observer] 	[issue-200tps Round 6 Transaction Info] - Submitted: 5805 Succ: 5782 Fail:0 Unfinished:23
2026.10.07-11:27:29.310 info  [caliper] [connectors/peer-gateway/PeerGateway] 	disconnecting gateway for user User1@org1.example.com
2026.10.07-11:27:29.310 info  [caliper] [connectors/peer-gateway/PeerGateway] 	disconnecting gRpc client at peer peer0.org1.example.com
2026.10.07-11:27:29.311 info  [caliper] [worker-message-handler] 	Worker#0 finished Round#6
2026.10.07-11:27:34.312 info  [caliper] [default-observer] 	Resetting txCount indicator count
2026.10.07-11:27:34.312 info  [caliper] [report-builder] 	### Test result ###
2026.10.07-11:27:34.313 info  [caliper] [report-builder] 	
+--------------+------+------+-----------------+-----------------+-----------------+-----------------+------------------+
| Name         | Succ | Fail | Send Rate (TPS) | Max Latency (s) | Min Latency (s) | Avg Latency (s) | Throughput (TPS) |
|--------------|------|------|-----------------|-----------------|-----------------|-----------------|------------------|
| issue-200tps | 6000 | 0    | 200.0           | 0.37            | 0.05            | 0.20            | 198.6            |
+--------------+------+------+-----------------+-----------------+-----------------+-----------------+------------------+

2026.10.07-11:27:34.313 info  [caliper] [round-orchestrator] 	Finished round 7 (issue-200tps) in 30.301 seconds
2026.10.07-11:27:34.313 info  [caliper] [monitor.js] 	Stopping all monitors
2026.10.07-11:27:34.313 info  [caliper] [round-orchestrator] 	Waiting 5 seconds for the next round...
2026.10.07-11:27:39.318 info  [caliper] [round-orchestrator] 	Started round 8 (issue-300tps)
2026.10.07-11:27:39.319 info  [caliper] [worker-message-handler] 	Preparing Worker#0 for Round#7
2026.10.07-11:27:39.323 info  [caliper] [connectors/peer-gateway/PeerGateway] 	Generating contract map for user User1@org1.example.com
2026.10.07-11:27:39.323 info  [caliper] [caliper-worker] 	Info: worker 0 prepare test phase for round 7 is starting...
2026.10.07-11:27:39.325 info  [caliper] [connectors/peer-gateway/PeerGateway] 	disconnecting gateway for user User1@org1.example.com
2026.10.07-11:27:39.325 info  [caliper] [connectors/peer-gateway/PeerGateway] 	disconnecting gRpc client at peer peer0.org1.example.com
2026.10.07-11:27:39.325 info  [caliper] [caliper-worker] 	Info: worker 0 prepare test phase for round 7 is completed
2026.10.07-11:27:39.325 info  [caliper] [worker-message-handler] 	Worker#0 prepared for Round#7
2026.10.07-11:27:39.325 info  [caliper] [worker-orchestrator] 	1 workers prepared, progressing to test phase.
2026.10.07-11:27:39.325 info  [caliper] [round-orchestrator] 	Monitors successfully started
2026.10.07-11:27:39.326 info  [caliper] [worker-message-handler] 	Worker#0 is starting Round#7
2026.10.07-11:27:39.327 info  [caliper] [connectors/peer-gateway/PeerGateway] 	Generating contract map for user User1@org1.example.com
2026.10.07-11:27:39.327 info  [caliper] [caliper-worker] 	Worker #0 starting workload loop
2026.10.07-11:27:44.327 info  [caliper] [default-observer] 	[issue-300tps Round 7 Transaction Info] - Submitted: 838 Succ: 788 Fail:0 Unfinished:50
2026.10.07-11:27:49.329 info  [caliper] [default-observer] 	[issue-300tps Round 7 Transaction Info] - Submitted: 1851 Succ: 1804 Fail:0 Unfinished:47
2026.10.07-11:27:54.330 info  [caliper] [default-observer] 	[issue-300tps Round 7 Transaction Info] - Submitted: 2894 Succ: 2846 Fail:0 Unfinished:48
2026.10.07-11:27:59.331 info  [caliper] [default-observer] 	[issue-300tps Round 7 Transaction Info] - Submitted: 3938 Succ: 3898 Fail:0 Unfinished:40
2026.10.07-11:28:04.332 info  [caliper] [default-observer] 	[issue-300tps Round 7 Transaction Info] - Submitted: 4959 Succ: 4899 Fail:0 Unfinished:60
2026.10.07-11:28:09.333 info  [caliper] [default-observer] 	[issue-300tps Round 7 Transaction Info] - Submitted: 6007 Succ: 5943 Fail:0 Unfinished:64
2026.10.07-11:28:10.530 info  [caliper] [connectors/peer-gateway/PeerGateway] 	disconnecting gateway for user User1@org1.example.com
2026.10.07-11:28:10.530 info  [caliper] [connectors/peer-gateway/PeerGateway] 	disconnecting gRpc client at peer peer0.org1.example.com
2026.10.07-11:28:10.530 info  [caliper] [worker-message-handler] 	Worker#0 finished Round#7
2026.10.07-11:28:15.532 info  [caliper] [default-observer] 	Resetting txCount indicator count
2026.10.07-11:28:15.533 info  [caliper] [report-builder] 	### Test result ###
2026.10.07-11:28:15.533 info  [caliper] [report-builder] 	
+--------------+------+------+-----------------+-----------------+-----------------+-----------------+------------------+
| Name         | Succ | Fail | Send Rate (TPS) | Max Latency (s) | Min Latency (s) | Avg Latency (s) | Throughput (TPS) |
|--------------|------|------|-----------------|-----------------|-----------------|-----------------|------------------|
| issue-300tps | 6199 | 0    | 206.6           | 0.56            | 0.07            | 0.23            | 205.9            |
+--------------+------+------+-----------------+-----------------+-----------------+-----------------+------------------+

2026.10.07-11:28:15.534 info  [caliper] [round-orchestrator] 	Finished round 8 (issue-300tps) in 30.202 seconds
2026.10.07-11:28:15.534 info  [caliper] [monitor.js] 	Stopping all monitors
2026.10.07-11:28:15.534 info  [caliper] [round-orchestrator] 	Waiting 5 seconds for the next round...
2026.10.07-11:28:20.538 info  [caliper] [round-orchestrator] 	Started round 9 (verify-100tps)
2026.10.07-11:28:20.539 info  [caliper] [worker-message-handler] 	Preparing Worker#0 for Round#8
2026.10.07-11:28:20.543 info  [caliper] [connectors/peer-gateway/PeerGateway] 	Generating contract map for user User1@org1.example.com
2026.10.07-11:28:20.543 info  [caliper] [caliper-worker] 	Info: worker 0 prepare test phase for round 8 is starting...
2026.10.07-11:28:20.545 info  [caliper] [connectors/peer-gateway/PeerGateway] 	disconnecting gateway for user User1@org1.example.com
2026.10.07-11:28:20.545 info  [caliper] [connectors/peer-gateway/PeerGateway] 	disconnecting gRpc client at peer peer0.org1.example.com
2026.10.07-11:28:20.545 info  [caliper] [caliper-worker] 	Info: worker 0 prepare test phase for round 8 is completed
2026.10.07-11:28:20.545 info  [caliper] [worker-message-handler] 	Worker#0 prepared for Round#8
2026.10.07-11:28:20.545 info  [caliper] [worker-orchestrator] 	1 workers prepared, progressing to test phase.
2026.10.07-11:28:20.546 info  [caliper] [round-orchestrator] 	Monitors successfully started
2026.10.07-11:28:20.546 info  [caliper] [worker-message-handler] 	Worker#0 is starting Round#8
2026.10.07-11:28:20.547 info  [caliper] [connectors/peer-gateway/PeerGateway] 	Generating contract map for user User1@org1.example.com
2026.10.07-11:28:20.547 info  [caliper] [caliper-worker] 	Worker #0 starting workload loop
2026.10.07-11:28:25.547 info  [caliper] [default-observer] 	[verify-100tps Round 8 Transaction Info] - Submitted: 401 Succ: 400 Fail:0 Unfinished:1
2026.10.07-11:28:30.549 info  [caliper] [default-observer] 	[verify-100tps Round 8 Transaction Info] - Submitted: 901 Succ: 900 Fail:0 Unfinished:1
2026.10.07-11:28:35.550 info  [caliper] [default-observer] 	[verify-100tps Round 8 Transaction Info] - Submitted: 1501 Succ: 1500 Fail:0 Unfinished:1
2026.10.07-11:28:40.549 info  [caliper] [default-observer] 	[verify-100tps Round 8 Transaction Info] - Submitted: 2001 Succ: 2000 Fail:0 Unfinished:1
2026.10.07-11:28:45.550 info  [caliper] [default-observer] 	[verify-100tps Round 8 Transaction Info] - Submitted: 2501 Succ: 2500 Fail:0 Unfinished:1
2026.10.07-11:28:50.550 info  [caliper] [default-observer] 	[verify-100tps Round 8 Transaction Info] - Submitted: 3001 Succ: 3000 Fail:0 Unfinished:1
2026.10.07-11:28:51.648 info  [caliper] [connectors/peer-gateway/PeerGateway] 	disconnecting gateway for user User1@org1.example.com
2026.10.07-11:28:51.648 info  [caliper] [connectors/peer-gateway/PeerGateway] 	disconnecting gRpc client at peer peer0.org1.example.com
2026.10.07-11:28:51.649 info  [caliper] [worker-message-handler] 	Worker#0 finished Round#8
2026.10.07-11:28:56.650 info  [caliper] [default-observer] 	Resetting txCount indicator count
2026.10.07-11:28:56.650 info  [caliper] [report-builder] 	### Test result ###
2026.10.07-11:28:56.651 info  [caliper] [report-builder] 	
+---------------+------+------+-----------------+-----------------+-----------------+-----------------+------------------+
| Name          | Succ | Fail | Send Rate (TPS) | Max Latency (s) | Min Latency (s) | Avg Latency (s) | Throughput (TPS) |
|---------------|------|------|-----------------|-----------------|-----------------|-----------------|------------------|
| verify-100tps | 3001 | 0    | 100.0           | 0.01            | 0.00            | 0.00            | 100.0            |
+---------------+------+------+-----------------+-----------------+-----------------+-----------------+------------------+

2026.10.07-11:28:56.651 info  [caliper] [round-orchestrator] 	Finished round 9 (verify-100tps) in 30.1 seconds
2026.10.07-11:28:56.651 info  [caliper] [monitor.js] 	Stopping all monitors
2026.10.07-11:28:56.651 info  [caliper] [round-orchestrator] 	Waiting 5 seconds for the next round...
2026.10.07-11:29:01.655 info  [caliper] [round-orchestrator] 	Started round 10 (verify-200tps)
2026.10.07-11:29:01.655 info  [caliper] [worker-message-handler] 	Preparing Worker#0 for Round#9
2026.10.07-11:29:01.657 info  [caliper] [connectors/peer-gateway/PeerGateway] 	Generating contract map for user User1@org1.example.com
2026.10.07-11:29:01.657 info  [caliper] [caliper-worker] 	Info: worker 0 prepare test phase for round 9 is starting...
2026.10.07-11:29:01.658 info  [caliper] [connectors/peer-gateway/PeerGateway] 	disconnecting gateway for user User1@org1.example.com
2026.10.07-11:29:01.658 info  [caliper] [connectors/peer-gateway/PeerGateway] 	disconnecting gRpc client at peer peer0.org1.example.com
2026.10.07-11:29:01.658 info  [caliper] [caliper-worker] 	Info: worker 0 prepare test phase for round 9 is completed
2026.10.07-11:29:01.658 info  [caliper] [worker-message-handler] 	Worker#0 prepared for Round#9
2026.10.07-11:29:01.659 info  [caliper] [worker-orchestrator] 	1 workers prepared, progressing to test phase.
2026.10.07-11:29:01.659 info  [caliper] [round-orchestrator] 	Monitors successfully started
2026.10.07-11:29:01.659 info  [caliper] [worker-message-handler] 	Worker#0 is starting Round#9
2026.10.07-11:29:01.660 info  [caliper] [connectors/peer-gateway/PeerGateway] 	Generating contract map for user User1@org1.example.com
2026.10.07-11:29:01.660 info  [caliper] [caliper-worker] 	Worker #0 starting workload loop
2026.10.07-11:29:06.659 info  [caliper] [default-observer] 	[verify-200tps Round 9 Transaction Info] - Submitted: 800 Succ: 800 Fail:0 Unfinished:0
2026.10.07-11:29:11.660 info  [caliper] [default-observer] 	[verify-200tps Round 9 Transaction Info] - Submitted: 1801 Succ: 1800 Fail:0 Unfinished:1
2026.10.07-11:29:16.661 info  [caliper] [default-observer] 	[verify-200tps Round 9 Transaction Info] - Submitted: 2801 Succ: 2800 Fail:0 Unfinished:1
2026.10.07-11:29:21.662 info  [caliper] [default-observer] 	[verify-200tps Round 9 Transaction Info] - Submitted: 3800 Succ: 3800 Fail:0 Unfinished:0
2026.10.07-11:29:26.663 info  [caliper] [default-observer] 	[verify-200tps Round 9 Transaction Info] - Submitted: 4801 Succ: 4800 Fail:0 Unfinished:1
2026.10.07-11:29:31.663 info  [caliper] [default-observer] 	[verify-200tps Round 9 Transaction Info] - Submitted: 5801 Succ: 5801 Fail:0 Unfinished:0
2026.10.07-11:29:32.763 info  [caliper] [connectors/peer-gateway/PeerGateway] 	disconnecting gateway for user User1@org1.example.com
2026.10.07-11:29:32.763 info  [caliper] [connectors/peer-gateway/PeerGateway] 	disconnecting gRpc client at peer peer0.org1.example.com
2026.10.07-11:29:32.763 info  [caliper] [worker-message-handler] 	Worker#0 finished Round#9
2026.10.07-11:29:37.765 info  [caliper] [default-observer] 	Resetting txCount indicator count
2026.10.07-11:29:37.766 info  [caliper] [report-builder] 	### Test result ###
2026.10.07-11:29:37.766 info  [caliper] [report-builder] 	
+---------------+------+------+-----------------+-----------------+-----------------+-----------------+------------------+
| Name          | Succ | Fail | Send Rate (TPS) | Max Latency (s) | Min Latency (s) | Avg Latency (s) | Throughput (TPS) |
|---------------|------|------|-----------------|-----------------|-----------------|-----------------|------------------|
| verify-200tps | 6001 | 0    | 200.0           | 0.01            | 0.00            | 0.00            | 200.0            |
+---------------+------+------+-----------------+-----------------+-----------------+-----------------+------------------+

2026.10.07-11:29:37.766 info  [caliper] [round-orchestrator] 	Finished round 10 (verify-200tps) in 30.102 seconds
2026.10.07-11:29:37.766 info  [caliper] [monitor.js] 	Stopping all monitors
2026.10.07-11:29:37.766 info  [caliper] [round-orchestrator] 	Waiting 5 seconds for the next round...
2026.10.07-11:29:42.768 info  [caliper] [round-orchestrator] 	Started round 11 (verify-400tps)
2026.10.07-11:29:42.768 info  [caliper] [worker-message-handler] 	Preparing Worker#0 for Round#10
2026.10.07-11:29:42.772 info  [caliper] [connectors/peer-gateway/PeerGateway] 	Generating contract map for user User1@org1.example.com
2026.10.07-11:29:42.773 info  [caliper] [caliper-worker] 	Info: worker 0 prepare test phase for round 10 is starting...
2026.10.07-11:29:42.774 info  [caliper] [connectors/peer-gateway/PeerGateway] 	disconnecting gateway for user User1@org1.example.com
2026.10.07-11:29:42.774 info  [caliper] [connectors/peer-gateway/PeerGateway] 	disconnecting gRpc client at peer peer0.org1.example.com
2026.10.07-11:29:42.774 info  [caliper] [caliper-worker] 	Info: worker 0 prepare test phase for round 10 is completed
2026.10.07-11:29:42.774 info  [caliper] [worker-message-handler] 	Worker#0 prepared for Round#10
2026.10.07-11:29:42.775 info  [caliper] [worker-orchestrator] 	1 workers prepared, progressing to test phase.
2026.10.07-11:29:42.775 info  [caliper] [round-orchestrator] 	Monitors successfully started
2026.10.07-11:29:42.775 info  [caliper] [worker-message-handler] 	Worker#0 is starting Round#10
2026.10.07-11:29:42.776 info  [caliper] [connectors/peer-gateway/PeerGateway] 	Generating contract map for user User1@org1.example.com
2026.10.07-11:29:42.777 info  [caliper] [caliper-worker] 	Worker #0 starting workload loop
2026.10.07-11:29:47.775 info  [caliper] [default-observer] 	[verify-400tps Round 10 Transaction Info] - Submitted: 1600 Succ: 1600 Fail:0 Unfinished:0
2026.10.07-11:29:52.776 info  [caliper] [default-observer] 	[verify-400tps Round 10 Transaction Info] - Submitted: 3601 Succ: 3600 Fail:0 Unfinished:1
2026.10.07-11:29:57.778 info  [caliper] [default-observer] 	[verify-400tps Round 10 Transaction Info] - Submitted: 5601 Succ: 5599 Fail:0 Unfinished:2
2026.10.07-11:30:02.778 info  [caliper] [default-observer] 	[verify-400tps Round 10 Transaction Info] - Submitted: 8001 Succ: 8000 Fail:0 Unfinished:1
2026.10.07-11:30:07.778 info  [caliper] [default-observer] 	[verify-400tps Round 10 Transaction Info] - Submitted: 10001 Succ: 10000 Fail:0 Unfinished:1
2026.10.07-11:30:12.778 info  [caliper] [default-observer] 	[verify-400tps Round 10 Transaction Info] - Submitted: 12001 Succ: 12000 Fail:0 Unfinished:1
2026.10.07-11:30:13.878 info  [caliper] [connectors/peer-gateway/PeerGateway] 	disconnecting gateway for user User1@org1.example.com
2026.10.07-11:30:13.878 info  [caliper] [connectors/peer-gateway/PeerGateway] 	disconnecting gRpc client at peer peer0.org1.example.com
2026.10.07-11:30:13.879 info  [caliper] [worker-message-handler] 	Worker#0 finished Round#10
2026.10.07-11:30:18.881 info  [caliper] [default-observer] 	Resetting txCount indicator count
2026.10.07-11:30:18.881 info  [caliper] [report-builder] 	### Test result ###
2026.10.07-11:30:18.881 info  [caliper] [report-builder] 	
+---------------+-------+------+-----------------+-----------------+-----------------+-----------------+------------------+
| Name          | Succ  | Fail | Send Rate (TPS) | Max Latency (s) | Min Latency (s) | Avg Latency (s) | Throughput (TPS) |
|---------------|-------|------|-----------------|-----------------|-----------------|-----------------|------------------|
| verify-400tps | 12001 | 0    | 400.0           | 0.02            | 0.00            | 0.00            | 400.0            |
+---------------+-------+------+-----------------+-----------------+-----------------+-----------------+------------------+

2026.10.07-11:30:18.882 info  [caliper] [round-orchestrator] 	Finished round 11 (verify-400tps) in 30.101 seconds
2026.10.07-11:30:18.882 info  [caliper] [monitor.js] 	Stopping all monitors
2026.10.07-11:30:18.882 info  [caliper] [round-orchestrator] 	Waiting 5 seconds for the next round...
2026.10.07-11:30:23.886 info  [caliper] [round-orchestrator] 	Started round 12 (verify-600tps)
2026.10.07-11:30:23.886 info  [caliper] [worker-message-handler] 	Preparing Worker#0 for Round#11
2026.10.07-11:30:23.890 info  [caliper] [connectors/peer-gateway/PeerGateway] 	Generating contract map for user User1@org1.example.com
2026.10.07-11:30:23.891 info  [caliper] [caliper-worker] 	Info: worker 0 prepare test phase for round 11 is starting...
2026.10.07-11:30:23.892 info  [caliper] [connectors/peer-gateway/PeerGateway] 	disconnecting gateway for user User1@org1.example.com
2026.10.07-11:30:23.892 info  [caliper] [connectors/peer-gateway/PeerGateway] 	disconnecting gRpc client at peer peer0.org1.example.com
2026.10.07-11:30:23.892 info  [caliper] [caliper-worker] 	Info: worker 0 prepare test phase for round 11 is completed
2026.10.07-11:30:23.892 info  [caliper] [worker-message-handler] 	Worker#0 prepared for Round#11
2026.10.07-11:30:23.893 info  [caliper] [worker-orchestrator] 	1 workers prepared, progressing to test phase.
2026.10.07-11:30:23.893 info  [caliper] [round-orchestrator] 	Monitors successfully started
2026.10.07-11:30:23.893 info  [caliper] [worker-message-handler] 	Worker#0 is starting Round#11
2026.10.07-11:30:23.894 info  [caliper] [connectors/peer-gateway/PeerGateway] 	Generating contract map for user User1@org1.example.com
2026.10.07-11:30:23.895 info  [caliper] [caliper-worker] 	Worker #0 starting workload loop
2026.10.07-11:30:28.894 info  [caliper] [default-observer] 	[verify-600tps Round 11 Transaction Info] - Submitted: 2289 Succ: 2288 Fail:0 Unfinished:1
2026.10.07-11:30:33.894 info  [caliper] [default-observer] 	[verify-600tps Round 11 Transaction Info] - Submitted: 5168 Succ: 5165 Fail:0 Unfinished:3
2026.10.07-11:30:38.895 info  [caliper] [default-observer] 	[verify-600tps Round 11 Transaction Info] - Submitted: 8054 Succ: 8052 Fail:0 Unfinished:2
2026.10.07-11:30:43.896 info  [caliper] [default-observer] 	[verify-600tps Round 11 Transaction Info] - Submitted: 10934 Succ: 10932 Fail:0 Unfinished:2
2026.10.07-11:30:48.896 info  [caliper] [default-observer] 	[verify-600tps Round 11 Transaction Info] - Submitted: 13809 Succ: 13806 Fail:0 Unfinished:3
2026.10.07-11:30:53.897 info  [caliper] [default-observer] 	[verify-600tps Round 11 Transaction Info] - Submitted: 16678 Succ: 16676 Fail:0 Unfinished:2
2026.10.07-11:30:54.995 info  [caliper] [connectors/peer-gateway/PeerGateway] 	disconnecting gateway for user User1@org1.example.com
2026.10.07-11:30:54.995 info  [caliper] [connectors/peer-gateway/PeerGateway] 	disconnecting gRpc client at peer peer0.org1.example.com
2026.10.07-11:30:54.996 info  [caliper] [worker-message-handler] 	Worker#0 finished Round#11
2026.10.07-11:30:59.998 info  [caliper] [default-observer] 	Resetting txCount indicator count
2026.10.07-11:30:59.998 info  [caliper] [report-builder] 	### Test result ###
2026.10.07-11:30:59.998 info  [caliper] [report-builder] 	
+---------------+-------+------+-----------------+-----------------+-----------------+-----------------+------------------+
| Name          | Succ  | Fail | Send Rate (TPS) | Max Latency (s) | Min Latency (s) | Avg Latency (s) | Throughput (TPS) |
|---------------|-------|------|-----------------|-----------------|-----------------|-----------------|------------------|
| verify-600tps | 17247 | 0    | 574.9           | 0.03            | 0.00            | 0.00            | 574.9            |
+---------------+-------+------+-----------------+-----------------+-----------------+-----------------+------------------+

2026.10.07-11:30:59.999 info  [caliper] [round-orchestrator] 	Finished round 12 (verify-600tps) in 30.101 seconds
2026.10.07-11:30:59.999 info  [caliper] [monitor.js] 	Stopping all monitors
2026.10.07-11:30:59.999 info  [caliper] [round-orchestrator] 	Waiting 5 seconds for the next round...
2026.10.07-11:31:05.004 info  [caliper] [round-orchestrator] 	Started round 13 (audit-10tps)
2026.10.07-11:31:05.005 info  [caliper] [worker-message-handler] 	Preparing Worker#0 for Round#12
2026.10.07-11:31:05.009 info  [caliper] [connectors/peer-gateway/PeerGateway] 	Generating contract map for user User1@org1.example.com
2026.10.07-11:31:05.009 info  [caliper] [caliper-worker] 	Info: worker 0 prepare test phase for round 12 is starting...
2026.10.07-11:31:05.011 info  [caliper] [connectors/peer-gateway/PeerGateway] 	disconnecting gateway for user User1@org1.example.com
2026.10.07-11:31:05.011 info  [caliper] [connectors/peer-gateway/PeerGateway] 	disconnecting gRpc client at peer peer0.org1.example.com
2026.10.07-11:31:05.011 info  [caliper] [caliper-worker] 	Info: worker 0 prepare test phase for round 12 is completed
2026.10.07-11:31:05.011 info  [caliper] [worker-message-handler] 	Worker#0 prepared for Round#12
2026.10.07-11:31:05.011 info  [caliper] [worker-orchestrator] 	1 workers prepared, progressing to test phase.
2026.10.07-11:31:05.011 info  [caliper] [round-orchestrator] 	Monitors successfully started
2026.10.07-11:31:05.012 info  [caliper] [worker-message-handler] 	Worker#0 is starting Round#12
2026.10.07-11:31:05.013 info  [caliper] [connectors/peer-gateway/PeerGateway] 	Generating contract map for user User1@org1.example.com
2026.10.07-11:31:05.013 info  [caliper] [caliper-worker] 	Worker #0 starting workload loop
2026.10.07-11:31:10.012 info  [caliper] [default-observer] 	[audit-10tps Round 12 Transaction Info] - Submitted: 41 Succ: 38 Fail:0 Unfinished:3
2026.10.07-11:31:15.013 info  [caliper] [default-observer] 	[audit-10tps Round 12 Transaction Info] - Submitted: 90 Succ: 88 Fail:0 Unfinished:2
2026.10.07-11:31:20.014 info  [caliper] [default-observer] 	[audit-10tps Round 12 Transaction Info] - Submitted: 141 Succ: 140 Fail:0 Unfinished:1
2026.10.07-11:31:25.014 info  [caliper] [default-observer] 	[audit-10tps Round 12 Transaction Info] - Submitted: 191 Succ: 188 Fail:0 Unfinished:3
2026.10.07-11:31:30.015 info  [caliper] [default-observer] 	[audit-10tps Round 12 Transaction Info] - Submitted: 251 Succ: 248 Fail:0 Unfinished:3
2026.10.07-11:31:35.014 info  [caliper] [default-observer] 	[audit-10tps Round 12 Transaction Info] - Submitted: 300 Succ: 299 Fail:0 Unfinished:1
2026.10.07-11:31:36.216 info  [caliper] [connectors/peer-gateway/PeerGateway] 	disconnecting gateway for user User1@org1.example.com
2026.10.07-11:31:36.216 info  [caliper] [connectors/peer-gateway/PeerGateway] 	disconnecting gRpc client at peer peer0.org1.example.com
2026.10.07-11:31:36.216 info  [caliper] [worker-message-handler] 	Worker#0 finished Round#12
2026.10.07-11:31:41.218 info  [caliper] [default-observer] 	Resetting txCount indicator count
2026.10.07-11:31:41.218 info  [caliper] [report-builder] 	### Test result ###
2026.10.07-11:31:41.218 info  [caliper] [report-builder] 	
+-------------+------+------+-----------------+-----------------+-----------------+-----------------+------------------+
| Name        | Succ | Fail | Send Rate (TPS) | Max Latency (s) | Min Latency (s) | Avg Latency (s) | Throughput (TPS) |
|-------------|------|------|-----------------|-----------------|-----------------|-----------------|------------------|
| audit-10tps | 301  | 0    | 10.0            | 0.23            | 0.02            | 0.13            | 10.0             |
+-------------+------+------+-----------------+-----------------+-----------------+-----------------+------------------+

2026.10.07-11:31:41.219 info  [caliper] [round-orchestrator] 	Finished round 13 (audit-10tps) in 30.203 seconds
2026.10.07-11:31:41.219 info  [caliper] [monitor.js] 	Stopping all monitors
2026.10.07-11:31:41.219 info  [caliper] [round-orchestrator] 	Waiting 5 seconds for the next round...
2026.10.07-11:31:46.223 info  [caliper] [round-orchestrator] 	Started round 14 (audit-50tps)
2026.10.07-11:31:46.224 info  [caliper] [worker-message-handler] 	Preparing Worker#0 for Round#13
2026.10.07-11:31:46.226 info  [caliper] [connectors/peer-gateway/PeerGateway] 	Generating contract map for user User1@org1.example.com
2026.10.07-11:31:46.226 info  [caliper] [caliper-worker] 	Info: worker 0 prepare test phase for round 13 is starting...
2026.10.07-11:31:46.228 info  [caliper] [connectors/peer-gateway/PeerGateway] 	disconnecting gateway for user User1@org1.example.com
2026.10.07-11:31:46.228 info  [caliper] [connectors/peer-gateway/PeerGateway] 	disconnecting gRpc client at peer peer0.org1.example.com
2026.10.07-11:31:46.228 info  [caliper] [caliper-worker] 	Info: worker 0 prepare test phase for round 13 is completed
2026.10.07-11:31:46.228 info  [caliper] [worker-message-handler] 	Worker#0 prepared for Round#13
2026.10.07-11:31:46.228 info  [caliper] [worker-orchestrator] 	1 workers prepared, progressing to test phase.
2026.10.07-11:31:46.228 info  [caliper] [round-orchestrator] 	Monitors successfully started
2026.10.07-11:31:46.229 info  [caliper] [worker-message-handler] 	Worker#0 is starting Round#13
2026.10.07-11:31:46.230 info  [caliper] [connectors/peer-gateway/PeerGateway] 	Generating contract map for user User1@org1.example.com
2026.10.07-11:31:46.230 info  [caliper] [caliper-worker] 	Worker #0 starting workload loop
2026.10.07-11:31:51.229 info  [caliper] [default-observer] 	[audit-50tps Round 13 Transaction Info] - Submitted: 201 Succ: 198 Fail:0 Unfinished:3
2026.10.07-11:31:56.231 info  [caliper] [default-observer] 	[audit-50tps Round 13 Transaction Info] - Submitted: 451 Succ: 440 Fail:0 Unfinished:11
2026.10.07-11:32:01.231 info  [caliper] [default-observer] 	[audit-50tps Round 13 Transaction Info] - Submitted: 701 Succ: 693 Fail:0 Unfinished:8
2026.10.07-11:32:06.232 info  [caliper] [default-observer] 	[audit-50tps Round 13 Transaction Info] - Submitted: 951 Succ: 945 Fail:0 Unfinished:6
2026.10.07-11:32:11.233 info  [caliper] [default-observer] 	[audit-50tps Round 13 Transaction Info] - Submitted: 1201 Succ: 1198 Fail:0 Unfinished:3
2026.10.07-11:32:16.233 info  [caliper] [default-observer] 	[audit-50tps Round 13 Transaction Info] - Submitted: 1451 Succ: 1440 Fail:0 Unfinished:11
2026.10.07-11:32:17.433 info  [caliper] [connectors/peer-gateway/PeerGateway] 	disconnecting gateway for user User1@org1.example.com
2026.10.07-11:32:17.433 info  [caliper] [connectors/peer-gateway/PeerGateway] 	disconnecting gRpc client at peer peer0.org1.example.com
2026.10.07-11:32:17.433 info  [caliper] [worker-message-handler] 	Worker#0 finished Round#13
2026.10.07-11:32:22.435 info  [caliper] [default-observer] 	Resetting txCount indicator count
2026.10.07-11:32:22.435 info  [caliper] [report-builder] 	### Test result ###
2026.10.07-11:32:22.436 info  [caliper] [report-builder] 	
+-------------+------+------+-----------------+-----------------+-----------------+-----------------+------------------+
| Name        | Succ | Fail | Send Rate (TPS) | Max Latency (s) | Min Latency (s) | Avg Latency (s) | Throughput (TPS) |
|-------------|------|------|-----------------|-----------------|-----------------|-----------------|------------------|
| audit-50tps | 1501 | 0    | 50.0            | 0.24            | 0.02            | 0.13            | 49.8             |
+-------------+------+------+-----------------+-----------------+-----------------+-----------------+------------------+

2026.10.07-11:32:22.436 info  [caliper] [round-orchestrator] 	Finished round 14 (audit-50tps) in 30.202 seconds
2026.10.07-11:32:22.436 info  [caliper] [monitor.js] 	Stopping all monitors
2026.10.07-11:32:22.436 info  [caliper] [round-orchestrator] 	Waiting 5 seconds for the next round...
2026.10.07-11:32:27.440 info  [caliper] [round-orchestrator] 	Started round 15 (audit-100tps)
2026.10.07-11:32:27.441 info  [caliper] [worker-message-handler] 	Preparing Worker#0 for Round#14
2026.10.07-11:32:27.445 info  [caliper] [connectors/peer-gateway/PeerGateway] 	Generating contract map for user User1@org1.example.com
2026.10.07-11:32:27.445 info  [caliper] [caliper-worker] 	Info: worker 0 prepare test phase for round 14 is starting...
2026.10.07-11:32:27.447 info  [caliper] [connectors/peer-gateway/PeerGateway] 	disconnecting gateway for user User1@org1.example.com
2026.10.07-11:32:27.447 info  [caliper] [connectors/peer-gateway/PeerGateway] 	disconnecting gRpc client at peer peer0.org1.example.com
2026.10.07-11:32:27.447 info  [caliper] [caliper-worker] 	Info: worker 0 prepare test phase for round 14 is completed
2026.10.07-11:32:27.447 info  [caliper] [worker-message-handler] 	Worker#0 prepared for Round#14
2026.10.07-11:32:27.447 info  [caliper] [worker-orchestrator] 	1 workers prepared, progressing to test phase.
2026.10.07-11:32:27.447 info  [caliper] [round-orchestrator] 	Monitors successfully started
2026.10.07-11:32:27.448 info  [caliper] [worker-message-handler] 	Worker#0 is starting Round#14
2026.10.07-11:32:27.449 info  [caliper] [connectors/peer-gateway/PeerGateway] 	Generating contract map for user User1@org1.example.com
2026.10.07-11:32:27.449 info  [caliper] [caliper-worker] 	Worker #0 starting workload loop
2026.10.07-11:32:32.448 info  [caliper] [default-observer] 	[audit-100tps Round 14 Transaction Info] - Submitted: 401 Succ: 390 Fail:0 Unfinished:11
2026.10.07-11:32:37.450 info  [caliper] [default-observer] 	[audit-100tps Round 14 Transaction Info] - Submitted: 901 Succ: 881 Fail:0 Unfinished:20
2026.10.07-11:32:42.450 info  [caliper] [default-observer] 	[audit-100tps Round 14 Transaction Info] - Submitted: 1401 Succ: 1377 Fail:0 Unfinished:24
2026.10.07-11:32:47.450 info  [caliper] [default-observer] 	[audit-100tps Round 14 Transaction Info] - Submitted: 1901 Succ: 1888 Fail:0 Unfinished:13
2026.10.07-11:32:52.451 info  [caliper] [default-observer] 	[audit-100tps Round 14 Transaction Info] - Submitted: 2401 Succ: 2384 Fail:0 Unfinished:17
2026.10.07-11:32:57.453 info  [caliper] [default-observer] 	[audit-100tps Round 14 Transaction Info] - Submitted: 2901 Succ: 2898 Fail:0 Unfinished:3
2026.10.07-11:32:58.551 info  [caliper] [connectors/peer-gateway/PeerGateway] 	disconnecting gateway for user User1@org1.example.com
2026.10.07-11:32:58.551 info  [caliper] [connectors/peer-gateway/PeerGateway] 	disconnecting gRpc client at peer peer0.org1.example.com
2026.10.07-11:32:58.552 info  [caliper] [worker-message-handler] 	Worker#0 finished Round#14
2026.10.07-11:33:03.553 info  [caliper] [default-observer] 	Resetting txCount indicator count
2026.10.07-11:33:03.553 info  [caliper] [report-builder] 	### Test result ###
2026.10.07-11:33:03.554 info  [caliper] [report-builder] 	
+--------------+------+------+-----------------+-----------------+-----------------+-----------------+------------------+
| Name         | Succ | Fail | Send Rate (TPS) | Max Latency (s) | Min Latency (s) | Avg Latency (s) | Throughput (TPS) |
|--------------|------|------|-----------------|-----------------|-----------------|-----------------|------------------|
| audit-100tps | 3001 | 0    | 100.0           | 0.27            | 0.03            | 0.14            | 99.8             |
+--------------+------+------+-----------------+-----------------+-----------------+-----------------+------------------+

2026.10.07-11:33:03.554 info  [caliper] [round-orchestrator] 	Finished round 15 (audit-100tps) in 30.101 seconds
2026.10.07-11:33:03.554 info  [caliper] [monitor.js] 	Stopping all monitors
2026.10.07-11:33:03.554 info  [caliper] [round-orchestrator] 	Waiting 5 seconds for the next round...
2026.10.07-11:33:08.556 info  [caliper] [round-orchestrator] 	Started round 16 (audit-200tps)
2026.10.07-11:33:08.556 info  [caliper] [worker-message-handler] 	Preparing Worker#0 for Round#15
2026.10.07-11:33:08.560 info  [caliper] [connectors/peer-gateway/PeerGateway] 	Generating contract map for user User1@org1.example.com
2026.10.07-11:33:08.561 info  [caliper] [caliper-worker] 	Info: worker 0 prepare test phase for round 15 is starting...
2026.10.07-11:33:08.562 info  [caliper] [connectors/peer-gateway/PeerGateway] 	disconnecting gateway for user User1@org1.example.com
2026.10.07-11:33:08.562 info  [caliper] [connectors/peer-gateway/PeerGateway] 	disconnecting gRpc client at peer peer0.org1.example.com
2026.10.07-11:33:08.562 info  [caliper] [caliper-worker] 	Info: worker 0 prepare test phase for round 15 is completed
2026.10.07-11:33:08.562 info  [caliper] [worker-message-handler] 	Worker#0 prepared for Round#15
2026.10.07-11:33:08.562 info  [caliper] [worker-orchestrator] 	1 workers prepared, progressing to test phase.
2026.10.07-11:33:08.562 info  [caliper] [round-orchestrator] 	Monitors successfully started
2026.10.07-11:33:08.563 info  [caliper] [worker-message-handler] 	Worker#0 is starting Round#15
2026.10.07-11:33:08.564 info  [caliper] [connectors/peer-gateway/PeerGateway] 	Generating contract map for user User1@org1.example.com
2026.10.07-11:33:08.564 info  [caliper] [caliper-worker] 	Worker #0 starting workload loop
2026.10.07-11:33:13.565 info  [caliper] [default-observer] 	[audit-200tps Round 15 Transaction Info] - Submitted: 792 Succ: 767 Fail:0 Unfinished:25
2026.10.07-11:33:18.564 info  [caliper] [default-observer] 	[audit-200tps Round 15 Transaction Info] - Submitted: 1802 Succ: 1754 Fail:0 Unfinished:48
2026.10.07-11:33:23.565 info  [caliper] [default-observer] 	[audit-200tps Round 15 Transaction Info] - Submitted: 2802 Succ: 2782 Fail:0 Unfinished:20
2026.10.07-11:33:28.566 info  [caliper] [default-observer] 	[audit-200tps Round 15 Transaction Info] - Submitted: 3801 Succ: 3768 Fail:0 Unfinished:33
2026.10.07-11:33:33.568 info  [caliper] [default-observer] 	[audit-200tps Round 15 Transaction Info] - Submitted: 4807 Succ: 4751 Fail:0 Unfinished:56
2026.10.07-11:33:38.568 info  [caliper] [default-observer] 	[audit-200tps Round 15 Transaction Info] - Submitted: 5809 Succ: 5741 Fail:0 Unfinished:68
2026.10.07-11:33:39.868 info  [caliper] [connectors/peer-gateway/PeerGateway] 	disconnecting gateway for user User1@org1.example.com
2026.10.07-11:33:39.868 info  [caliper] [connectors/peer-gateway/PeerGateway] 	disconnecting gRpc client at peer peer0.org1.example.com
2026.10.07-11:33:39.868 info  [caliper] [worker-message-handler] 	Worker#0 finished Round#15
2026.10.07-11:33:44.868 info  [caliper] [default-observer] 	Resetting txCount indicator count
2026.10.07-11:33:44.868 info  [caliper] [report-builder] 	### Test result ###
2026.10.07-11:33:44.869 info  [caliper] [report-builder] 	
+--------------+------+------+-----------------+-----------------+-----------------+-----------------+------------------+
| Name         | Succ | Fail | Send Rate (TPS) | Max Latency (s) | Min Latency (s) | Avg Latency (s) | Throughput (TPS) |
|--------------|------|------|-----------------|-----------------|-----------------|-----------------|------------------|
| audit-200tps | 5997 | 0    | 199.9           | 0.40            | 0.06            | 0.20            | 198.5            |
+--------------+------+------+-----------------+-----------------+-----------------+-----------------+------------------+

2026.10.07-11:33:44.869 info  [caliper] [round-orchestrator] 	Finished round 16 (audit-200tps) in 30.302 seconds
2026.10.07-11:33:44.869 info  [caliper] [monitor.js] 	Stopping all monitors
2026.10.07-11:33:44.869 info  [caliper] [report-builder] 	### All test results ###
2026.10.07-11:33:44.871 info  [caliper] [report-builder] 	
+---------------+-------+------+-----------------+-----------------+-----------------+-----------------+------------------+
| Name          | Succ  | Fail | Send Rate (TPS) | Max Latency (s) | Min Latency (s) | Avg Latency (s) | Throughput (TPS) |
|---------------|-------|------|-----------------|-----------------|-----------------|-----------------|------------------|
| seed          | 500   | 0    | 88.3            | 0.57            | 0.10            | 0.33            | 86.7             |
|---------------|-------|------|-----------------|-----------------|-----------------|-----------------|------------------|
| issue-10tps   | 301   | 0    | 10.0            | 0.23            | 0.02            | 0.13            | 10.0             |
|---------------|-------|------|-----------------|-----------------|-----------------|-----------------|------------------|
| issue-25tps   | 751   | 0    | 25.0            | 0.26            | 0.02            | 0.13            | 24.9             |
|---------------|-------|------|-----------------|-----------------|-----------------|-----------------|------------------|
| issue-50tps   | 1501  | 0    | 50.0            | 0.27            | 0.02            | 0.13            | 49.9             |
|---------------|-------|------|-----------------|-----------------|-----------------|-----------------|------------------|
| issue-100tps  | 3001  | 0    | 100.0           | 0.28            | 0.03            | 0.14            | 99.8             |
|---------------|-------|------|-----------------|-----------------|-----------------|-----------------|------------------|
| issue-150tps  | 4501  | 0    | 150.0           | 0.29            | 0.04            | 0.16            | 149.6            |
|---------------|-------|------|-----------------|-----------------|-----------------|-----------------|------------------|
| issue-200tps  | 6000  | 0    | 200.0           | 0.37            | 0.05            | 0.20            | 198.6            |
|---------------|-------|------|-----------------|-----------------|-----------------|-----------------|------------------|
| issue-300tps  | 6199  | 0    | 206.6           | 0.56            | 0.07            | 0.23            | 205.9            |
|---------------|-------|------|-----------------|-----------------|-----------------|-----------------|------------------|
| verify-100tps | 3001  | 0    | 100.0           | 0.01            | 0.00            | 0.00            | 100.0            |
|---------------|-------|------|-----------------|-----------------|-----------------|-----------------|------------------|
| verify-200tps | 6001  | 0    | 200.0           | 0.01            | 0.00            | 0.00            | 200.0            |
|---------------|-------|------|-----------------|-----------------|-----------------|-----------------|------------------|
| verify-400tps | 12001 | 0    | 400.0           | 0.02            | 0.00            | 0.00            | 400.0            |
|---------------|-------|------|-----------------|-----------------|-----------------|-----------------|------------------|
| verify-600tps | 17247 | 0    | 574.9           | 0.03            | 0.00            | 0.00            | 574.9            |
|---------------|-------|------|-----------------|-----------------|-----------------|-----------------|------------------|
| audit-10tps   | 301   | 0    | 10.0            | 0.23            | 0.02            | 0.13            | 10.0             |
|---------------|-------|------|-----------------|-----------------|-----------------|-----------------|------------------|
| audit-50tps   | 1501  | 0    | 50.0            | 0.24            | 0.02            | 0.13            | 49.8             |
|---------------|-------|------|-----------------|-----------------|-----------------|-----------------|------------------|
| audit-100tps  | 3001  | 0    | 100.0           | 0.27            | 0.03            | 0.14            | 99.8             |
|---------------|-------|------|-----------------|-----------------|-----------------|-----------------|------------------|
| audit-200tps  | 5997  | 0    | 199.9           | 0.40            | 0.06            | 0.20            | 198.5            |
+---------------+-------+------+-----------------+-----------------+-----------------+-----------------+------------------+

2026.10.07-11:33:44.880 info  [caliper] [report-builder] 	Generated report with path /home/runner/work/bzt-id-experiments/bzt-id-experiments/fabric-bench/caliper/report.html
2026.10.07-11:33:44.880 info  [caliper] [monitor.js] 	Stopping all monitors
2026.10.07-11:33:44.880 info  [caliper] [worker-orchestrator] 	Sending exit message to connected workers
2026.10.07-11:33:44.880 info  [caliper] [round-orchestrator] 	Benchmark finished in 629.886 seconds. Total rounds: 16. Successful rounds: 16. Failed rounds: 0.
2026.10.07-11:33:44.880 info  [caliper] [caliper-engine] 	Skipping end command due to benchmark flow conditioning
2026.10.07-11:33:44.880 info  [caliper] [cli-launch-manager] 	Benchmark successfully finished!
2026.10.07-11:33:44.881 info  [caliper] [worker-message-handler] 	Worker#0 is exiting
