
Clone hyperledger/fabric-samples repo

===> Cloning hyperledger/fabric-samples repo
Cloning into 'fabric-samples'...
fabric-samples v2.5.9 does not exist, defaulting to main. fabric-samples main branch is intended to work with recent versions of fabric.

Pull Hyperledger Fabric binaries

===> Downloading version 2.5.9 platform specific fabric binaries
===> Downloading:  https://github.com/hyperledger/fabric/releases/download/v2.5.9/hyperledger-fabric-linux-amd64-2.5.9.tar.gz
===> Will unpack to: /home/runner/work/bzt-id-experiments/bzt-id-experiments/fabric-samples
  % Total    % Received % Xferd  Average Speed   Time    Time     Time  Current
                                 Dload  Upload   Total   Spent    Left  Speed
  0     0    0     0    0     0      0      0 --:--:-- --:--:-- --:--:--     0  0     0    0     0    0     0      0      0 --:--:-- --:--:-- --:--:--     0
 15  111M   15 17.0M    0     0  34.1M      0  0:00:03 --:--:--  0:00:03 34.1M 66  111M   66 74.0M    0     0  50.5M      0  0:00:02  0:00:01  0:00:01 59.0M100  111M  100  111M    0     0  54.7M      0  0:00:02  0:00:02 --:--:-- 61.4M
==> Done.
===> Downloading version 1.5.17 platform specific fabric-ca-client binary
===> Downloading:  https://github.com/hyperledger/fabric-ca/releases/download/v1.5.17/hyperledger-fabric-ca-linux-amd64-1.5.17.tar.gz
===> Will unpack to: /home/runner/work/bzt-id-experiments/bzt-id-experiments/fabric-samples
  % Total    % Received % Xferd  Average Speed   Time    Time     Time  Current
                                 Dload  Upload   Total   Spent    Left  Speed
  0     0    0     0    0     0      0      0 --:--:-- --:--:-- --:--:--     0  0     0    0     0    0     0      0      0 --:--:-- --:--:-- --:--:--     0
 27 31.6M   27 8910k    0     0  23.9M      0  0:00:01 --:--:--  0:00:01 23.9M100 31.6M  100 31.6M    0     0  46.1M      0 --:--:-- --:--:-- --:--:-- 71.0M
==> Done.

Pull Hyperledger Fabric docker images

FABRIC_IMAGES: peer orderer ccenv baseos
===> Pulling fabric Images
====>  docker.io/hyperledger/fabric-peer:2.5.9
2.5.9: Pulling from hyperledger/fabric-peer
9ea8908f4765: Pulling fs layer
417853dadb58: Pulling fs layer
38873af5354f: Pulling fs layer
af7d67d29500: Pulling fs layer
54f7ff8ec026: Pulling fs layer
a645e9f395ef: Pulling fs layer
af7d67d29500: Waiting
54f7ff8ec026: Waiting
a645e9f395ef: Waiting
417853dadb58: Verifying Checksum
417853dadb58: Download complete
9ea8908f4765: Verifying Checksum
9ea8908f4765: Download complete
af7d67d29500: Verifying Checksum
af7d67d29500: Download complete
54f7ff8ec026: Download complete
38873af5354f: Verifying Checksum
38873af5354f: Download complete
a645e9f395ef: Verifying Checksum
a645e9f395ef: Download complete
9ea8908f4765: Pull complete
417853dadb58: Pull complete
38873af5354f: Pull complete
af7d67d29500: Pull complete
54f7ff8ec026: Pull complete
a645e9f395ef: Pull complete
Digest: sha256:4cd768f0e02358235521c3c024aef33afa9e81518ff6e448856a9db1bedae644
Status: Downloaded newer image for hyperledger/fabric-peer:2.5.9
docker.io/hyperledger/fabric-peer:2.5.9
====>  docker.io/hyperledger/fabric-orderer:2.5.9
2.5.9: Pulling from hyperledger/fabric-orderer
9ea8908f4765: Already exists
05f6c8421493: Pulling fs layer
42d381293dae: Pulling fs layer
52490f94cbd2: Pulling fs layer
921169b2dbe0: Pulling fs layer
7b2f98c16937: Pulling fs layer
921169b2dbe0: Waiting
7b2f98c16937: Waiting
52490f94cbd2: Verifying Checksum
52490f94cbd2: Download complete
05f6c8421493: Verifying Checksum
05f6c8421493: Download complete
05f6c8421493: Pull complete
921169b2dbe0: Verifying Checksum
921169b2dbe0: Download complete
7b2f98c16937: Download complete
42d381293dae: Verifying Checksum
42d381293dae: Download complete
42d381293dae: Pull complete
52490f94cbd2: Pull complete
921169b2dbe0: Pull complete
7b2f98c16937: Pull complete
Digest: sha256:de0c97002679a93347689fda4257b04fed0aa97d72648b1e3fcb2b9e5f452c35
Status: Downloaded newer image for hyperledger/fabric-orderer:2.5.9
docker.io/hyperledger/fabric-orderer:2.5.9
====>  docker.io/hyperledger/fabric-ccenv:2.5.9
2.5.9: Pulling from hyperledger/fabric-ccenv
9ea8908f4765: Already exists
0b5b9ac9f038: Pulling fs layer
543f3dfde2b7: Pulling fs layer
7b3099a3be68: Pulling fs layer
21049744d766: Pulling fs layer
7ffe165343b9: Pulling fs layer
0663902ee40d: Pulling fs layer
21049744d766: Waiting
7ffe165343b9: Waiting
0663902ee40d: Waiting
7b3099a3be68: Verifying Checksum
7b3099a3be68: Download complete
21049744d766: Verifying Checksum
21049744d766: Download complete
7ffe165343b9: Verifying Checksum
7ffe165343b9: Download complete
0663902ee40d: Verifying Checksum
0663902ee40d: Download complete
543f3dfde2b7: Verifying Checksum
543f3dfde2b7: Download complete
0b5b9ac9f038: Verifying Checksum
0b5b9ac9f038: Download complete
0b5b9ac9f038: Pull complete
543f3dfde2b7: Pull complete
7b3099a3be68: Pull complete
21049744d766: Pull complete
7ffe165343b9: Pull complete
0663902ee40d: Pull complete
Digest: sha256:6b6b83c9a88af351a1844999b9113b6c0792199be009e014bdf1231ebe0f6f85
Status: Downloaded newer image for hyperledger/fabric-ccenv:2.5.9
docker.io/hyperledger/fabric-ccenv:2.5.9
====>  docker.io/hyperledger/fabric-baseos:2.5.9
2.5.9: Pulling from hyperledger/fabric-baseos
9ea8908f4765: Already exists
8bdafa9d491e: Pulling fs layer
84f406c718ea: Pulling fs layer
9e7f68fa5883: Pulling fs layer
9e7f68fa5883: Verifying Checksum
9e7f68fa5883: Download complete
84f406c718ea: Verifying Checksum
84f406c718ea: Download complete
8bdafa9d491e: Download complete
8bdafa9d491e: Pull complete
84f406c718ea: Pull complete
9e7f68fa5883: Pull complete
Digest: sha256:2e768b191d01518c8438708ad327d0a9c2d6a3c4bb6c4c04be637d63b56a33df
Status: Downloaded newer image for hyperledger/fabric-baseos:2.5.9
docker.io/hyperledger/fabric-baseos:2.5.9
===> Pulling fabric ca Image
====>  ghcr.io/hyperledger/fabric-ca:1.5.17
1.5.17: Pulling from hyperledger/fabric-ca
6f4ebca3e823: Pulling fs layer
b9649d3f054a: Pulling fs layer
0b966e606d9a: Pulling fs layer
18afb8c8d2a4: Pulling fs layer
18afb8c8d2a4: Waiting
0b966e606d9a: Verifying Checksum
0b966e606d9a: Download complete
6f4ebca3e823: Verifying Checksum
6f4ebca3e823: Download complete
b9649d3f054a: Verifying Checksum
b9649d3f054a: Download complete
18afb8c8d2a4: Verifying Checksum
18afb8c8d2a4: Download complete
6f4ebca3e823: Pull complete
b9649d3f054a: Pull complete
0b966e606d9a: Pull complete
18afb8c8d2a4: Pull complete
Digest: sha256:453a0a727e82c4960b797e379adc231e853ee23ae7526db53afef77b5074117e
Status: Downloaded newer image for ghcr.io/hyperledger/fabric-ca:1.5.17
ghcr.io/hyperledger/fabric-ca:1.5.17
===> List out hyperledger images
hyperledger/fabric-ca                        1.5       0548296e36d4   8 months ago   244MB
hyperledger/fabric-ca                        1.5.17    0548296e36d4   8 months ago   244MB
hyperledger/fabric-ca                        latest    0548296e36d4   8 months ago   244MB
ghcr.io/hyperledger/fabric-ca                1.5.17    0548296e36d4   8 months ago   244MB
hyperledger/fabric-peer                      2.5       e9702d423cd4   2 years ago    142MB
hyperledger/fabric-peer                      2.5.9     e9702d423cd4   2 years ago    142MB
hyperledger/fabric-peer                      latest    e9702d423cd4   2 years ago    142MB
hyperledger/fabric-orderer                   2.5       10fb520e9b0a   2 years ago    111MB
hyperledger/fabric-orderer                   2.5.9     10fb520e9b0a   2 years ago    111MB
hyperledger/fabric-orderer                   latest    10fb520e9b0a   2 years ago    111MB
hyperledger/fabric-ccenv                     2.5       09ef9881ad5f   2 years ago    638MB
hyperledger/fabric-ccenv                     2.5.9     09ef9881ad5f   2 years ago    638MB
hyperledger/fabric-ccenv                     latest    09ef9881ad5f   2 years ago    638MB
hyperledger/fabric-baseos                    2.5       b6e93e2f93f9   2 years ago    129MB
hyperledger/fabric-baseos                    2.5.9     b6e93e2f93f9   2 years ago    129MB
hyperledger/fabric-baseos                    latest    b6e93e2f93f9   2 years ago    129MB
