[34m2026-10-08 04:33:04.194 UTC 066d INFO[0m [comm.grpc.server] [34;1m1[0m -> unary call completed grpc.service=protos.Endorser grpc.method=ProcessProposal grpc.peer_address=172.18.0.1:47908 grpc.code=OK grpc.call_duration=4.473615ms
[34m2026-10-08 04:33:04.198 UTC 066e INFO[0m [comm.grpc.server] [34;1m1[0m -> streaming call completed grpc.service=protos.Deliver grpc.method=DeliverFiltered grpc.request_deadline=2026-10-08T04:33:29.195Z grpc.peer_address=172.18.0.1:47914 error="context finished before block retrieved: context canceled" grpc.code=Unknown grpc.call_duration=1.630256ms
[34m2026-10-08 04:33:04.199 UTC 0670 INFO[0m [grpc] [34;1mInfof[0m -> [transport] [server-transport 0xc0046776c0] Closing: EOF
[34m2026-10-08 04:33:04.199 UTC 066f INFO[0m [grpc] [34;1mInfof[0m -> [transport] [server-transport 0xc00539c340] Closing: EOF
[34m2026-10-08 04:33:04.200 UTC 0671 INFO[0m [grpc] [34;1mInfof[0m -> [transport] [server-transport 0xc0046776c0] loopyWriter exiting with error: transport closed by client
[34m2026-10-08 04:33:04.200 UTC 0672 INFO[0m [grpc] [34;1mInfof[0m -> [transport] [server-transport 0xc00539c340] loopyWriter exiting with error: transport closed by client
[34m2026-10-08 04:33:04.262 UTC 0673 INFO[0m [endorser] [34;1mcallChaincode[0m -> finished chaincode: bzt duration: 3ms channel=mychannel txID=4ff0007f
[34m2026-10-08 04:33:04.262 UTC 0674 INFO[0m [comm.grpc.server] [34;1m1[0m -> unary call completed grpc.service=protos.Endorser grpc.method=ProcessProposal grpc.peer_address=172.18.0.1:47922 grpc.code=OK grpc.call_duration=4.277745ms
[34m2026-10-08 04:33:04.267 UTC 0675 INFO[0m [grpc] [34;1mInfof[0m -> [transport] [server-transport 0xc0046aba00] Closing: EOF
[34m2026-10-08 04:33:04.267 UTC 0676 INFO[0m [grpc] [34;1mInfof[0m -> [transport] [server-transport 0xc0046ab860] Closing: EOF
[34m2026-10-08 04:33:04.267 UTC 0677 INFO[0m [grpc] [34;1mInfof[0m -> [transport] [server-transport 0xc0046aba00] loopyWriter exiting with error: transport closed by client
[34m2026-10-08 04:33:04.267 UTC 0678 INFO[0m [comm.grpc.server] [34;1m1[0m -> streaming call completed grpc.service=protos.Deliver grpc.method=DeliverFiltered grpc.request_deadline=2026-10-08T04:33:29.263Z grpc.peer_address=172.18.0.1:47936 error="context finished before block retrieved: context canceled" grpc.code=Unknown grpc.call_duration=4.055097ms
[34m2026-10-08 04:33:04.267 UTC 0679 INFO[0m [grpc] [34;1mInfof[0m -> [transport] [server-transport 0xc0046ab860] loopyWriter exiting with error: transport closed by client
[34m2026-10-08 04:33:04.327 UTC 067a INFO[0m [endorser] [34;1mcallChaincode[0m -> finished chaincode: bzt duration: 2ms channel=mychannel txID=998b8c6a
[34m2026-10-08 04:33:04.327 UTC 067b INFO[0m [comm.grpc.server] [34;1m1[0m -> unary call completed grpc.service=protos.Endorser grpc.method=ProcessProposal grpc.peer_address=172.18.0.1:47948 grpc.code=OK grpc.call_duration=3.84444ms
[34m2026-10-08 04:33:04.331 UTC 067c INFO[0m [comm.grpc.server] [34;1m1[0m -> streaming call completed grpc.service=protos.Deliver grpc.method=DeliverFiltered grpc.request_deadline=2026-10-08T04:33:29.329Z grpc.peer_address=172.18.0.1:47960 error="context finished before block retrieved: context canceled" grpc.code=Unknown grpc.call_duration=1.836439ms
[34m2026-10-08 04:33:04.333 UTC 067d INFO[0m [grpc] [34;1mInfof[0m -> [transport] [server-transport 0xc004893ba0] Closing: EOF
[34m2026-10-08 04:33:04.333 UTC 067e INFO[0m [grpc] [34;1mInfof[0m -> [transport] [server-transport 0xc004893ba0] loopyWriter exiting with error: transport closed by client
[34m2026-10-08 04:33:04.333 UTC 067f INFO[0m [grpc] [34;1mInfof[0m -> [transport] [server-transport 0xc004893a00] Closing: EOF
[34m2026-10-08 04:33:04.333 UTC 0680 INFO[0m [grpc] [34;1mInfof[0m -> [transport] [server-transport 0xc004893a00] loopyWriter exiting with error: transport closed by client
[34m2026-10-08 04:33:04.395 UTC 0681 INFO[0m [endorser] [34;1mcallChaincode[0m -> finished chaincode: bzt duration: 3ms channel=mychannel txID=26586431
[34m2026-10-08 04:33:04.395 UTC 0682 INFO[0m [comm.grpc.server] [34;1m1[0m -> unary call completed grpc.service=protos.Endorser grpc.method=ProcessProposal grpc.peer_address=172.18.0.1:47974 grpc.code=OK grpc.call_duration=4.224975ms
[34m2026-10-08 04:33:04.400 UTC 0683 INFO[0m [grpc] [34;1mInfof[0m -> [transport] [server-transport 0xc004893d40] Closing: EOF
[34m2026-10-08 04:33:04.400 UTC 0684 INFO[0m [grpc] [34;1mInfof[0m -> [transport] [server-transport 0xc0046abba0] Closing: EOF
[34m2026-10-08 04:33:04.400 UTC 0685 INFO[0m [grpc] [34;1mInfof[0m -> [transport] [server-transport 0xc004893d40] loopyWriter exiting with error: transport closed by client
[34m2026-10-08 04:33:04.400 UTC 0686 INFO[0m [grpc] [34;1mInfof[0m -> [transport] [server-transport 0xc0046abba0] loopyWriter exiting with error: transport closed by client
[34m2026-10-08 04:33:04.400 UTC 0687 INFO[0m [comm.grpc.server] [34;1m1[0m -> streaming call completed grpc.service=protos.Deliver grpc.method=DeliverFiltered grpc.request_deadline=2026-10-08T04:33:29.396Z grpc.peer_address=172.18.0.1:47976 error="context finished before block retrieved: context canceled" grpc.code=Unknown grpc.call_duration=3.638944ms
[34m2026-10-08 04:33:04.462 UTC 0688 INFO[0m [endorser] [34;1mcallChaincode[0m -> finished chaincode: bzt duration: 3ms channel=mychannel txID=0555a2c2
[34m2026-10-08 04:33:04.462 UTC 0689 INFO[0m [comm.grpc.server] [34;1m1[0m -> unary call completed grpc.service=protos.Endorser grpc.method=ProcessProposal grpc.peer_address=172.18.0.1:47986 grpc.code=OK grpc.call_duration=4.662169ms
[34m2026-10-08 04:33:04.465 UTC 068a INFO[0m [comm.grpc.server] [34;1m1[0m -> streaming call completed grpc.service=protos.Deliver grpc.method=DeliverFiltered grpc.request_deadline=2026-10-08T04:33:29.464Z grpc.peer_address=172.18.0.1:48002 error="context finished before block retrieved: context canceled" grpc.code=Unknown grpc.call_duration=1.780042ms
[34m2026-10-08 04:33:04.467 UTC 068b INFO[0m [grpc] [34;1mInfof[0m -> [transport] [server-transport 0xc0046abd40] Closing: EOF
[34m2026-10-08 04:33:04.467 UTC 068c INFO[0m [grpc] [34;1mInfof[0m -> [transport] [server-transport 0xc00539c4e0] Closing: EOF
[34m2026-10-08 04:33:04.468 UTC 068d INFO[0m [grpc] [34;1mInfof[0m -> [transport] [server-transport 0xc0046abd40] loopyWriter exiting with error: transport closed by client
[34m2026-10-08 04:33:04.468 UTC 068e INFO[0m [grpc] [34;1mInfof[0m -> [transport] [server-transport 0xc00539c4e0] loopyWriter exiting with error: transport closed by client
[34m2026-10-08 04:33:04.529 UTC 068f INFO[0m [endorser] [34;1mcallChaincode[0m -> finished chaincode: bzt duration: 3ms channel=mychannel txID=9875f505
[34m2026-10-08 04:33:04.529 UTC 0690 INFO[0m [comm.grpc.server] [34;1m1[0m -> unary call completed grpc.service=protos.Endorser grpc.method=ProcessProposal grpc.peer_address=172.18.0.1:48014 grpc.code=OK grpc.call_duration=4.408949ms
[34m2026-10-08 04:33:04.533 UTC 0691 INFO[0m [grpc] [34;1mInfof[0m -> [transport] [server-transport 0xc0056ac000] Closing: EOF
[34m2026-10-08 04:33:04.534 UTC 0692 INFO[0m [grpc] [34;1mInfof[0m -> [transport] [server-transport 0xc0056ac000] loopyWriter exiting with error: transport closed by client
[34m2026-10-08 04:33:04.534 UTC 0694 INFO[0m [grpc] [34;1mInfof[0m -> [transport] [server-transport 0xc00539c680] Closing: EOF
[34m2026-10-08 04:33:04.534 UTC 0693 INFO[0m [comm.grpc.server] [34;1m1[0m -> streaming call completed grpc.service=protos.Deliver grpc.method=DeliverFiltered grpc.request_deadline=2026-10-08T04:33:29.53Z grpc.peer_address=172.18.0.1:48022 error="context finished before block retrieved: context canceled" grpc.code=Unknown grpc.call_duration=3.720716ms
[34m2026-10-08 04:33:04.534 UTC 0695 INFO[0m [grpc] [34;1mInfof[0m -> [transport] [server-transport 0xc00539c680] loopyWriter exiting with error: transport closed by client
[34m2026-10-08 04:33:04.599 UTC 0696 INFO[0m [endorser] [34;1mcallChaincode[0m -> finished chaincode: bzt duration: 3ms channel=mychannel txID=a37f4bd0
[34m2026-10-08 04:33:04.599 UTC 0697 INFO[0m [comm.grpc.server] [34;1m1[0m -> unary call completed grpc.service=protos.Endorser grpc.method=ProcessProposal grpc.peer_address=172.18.0.1:48026 grpc.code=OK grpc.call_duration=4.166421ms
[34m2026-10-08 04:33:04.602 UTC 0698 INFO[0m [comm.grpc.server] [34;1m1[0m -> streaming call completed grpc.service=protos.Deliver grpc.method=DeliverFiltered grpc.request_deadline=2026-10-08T04:33:29.6Z grpc.peer_address=172.18.0.1:48036 error="context finished before block retrieved: context canceled" grpc.code=Unknown grpc.call_duration=1.749255ms
[34m2026-10-08 04:33:04.604 UTC 0699 INFO[0m [grpc] [34;1mInfof[0m -> [transport] [server-transport 0xc005646000] Closing: EOF
[34m2026-10-08 04:33:04.604 UTC 069a INFO[0m [grpc] [34;1mInfof[0m -> [transport] [server-transport 0xc004677860] Closing: EOF
[34m2026-10-08 04:33:04.604 UTC 069b INFO[0m [grpc] [34;1mInfof[0m -> [transport] [server-transport 0xc004677860] loopyWriter exiting with error: transport closed by client
[34m2026-10-08 04:33:04.604 UTC 069c INFO[0m [grpc] [34;1mInfof[0m -> [transport] [server-transport 0xc005646000] loopyWriter exiting with error: transport closed by client
[34m2026-10-08 04:33:04.665 UTC 069d INFO[0m [endorser] [34;1mcallChaincode[0m -> finished chaincode: bzt duration: 2ms channel=mychannel txID=a93d1dcb
[34m2026-10-08 04:33:04.666 UTC 069e INFO[0m [comm.grpc.server] [34;1m1[0m -> unary call completed grpc.service=protos.Endorser grpc.method=ProcessProposal grpc.peer_address=172.18.0.1:48038 grpc.code=OK grpc.call_duration=3.634352ms
[34m2026-10-08 04:33:04.670 UTC 069f INFO[0m [grpc] [34;1mInfof[0m -> [transport] [server-transport 0xc0056ac1a0] Closing: EOF
[34m2026-10-08 04:33:04.670 UTC 06a0 INFO[0m [grpc] [34;1mInfof[0m -> [transport] [server-transport 0xc004677a00] Closing: EOF
[34m2026-10-08 04:33:04.670 UTC 06a1 INFO[0m [comm.grpc.server] [34;1m1[0m -> streaming call completed grpc.service=protos.Deliver grpc.method=DeliverFiltered grpc.request_deadline=2026-10-08T04:33:29.667Z grpc.peer_address=172.18.0.1:48042 error="context finished before block retrieved: context canceled" grpc.code=Unknown grpc.call_duration=3.412703ms
[34m2026-10-08 04:33:04.671 UTC 06a2 INFO[0m [grpc] [34;1mInfof[0m -> [transport] [server-transport 0xc004677a00] loopyWriter exiting with error: transport closed by client
[34m2026-10-08 04:33:04.671 UTC 06a3 INFO[0m [grpc] [34;1mInfof[0m -> [transport] [server-transport 0xc0056ac1a0] loopyWriter exiting with error: transport closed by client
[34m2026-10-08 04:33:04.733 UTC 06a4 INFO[0m [endorser] [34;1mcallChaincode[0m -> finished chaincode: bzt duration: 3ms channel=mychannel txID=8ac401a4
[34m2026-10-08 04:33:04.733 UTC 06a5 INFO[0m [comm.grpc.server] [34;1m1[0m -> unary call completed grpc.service=protos.Endorser grpc.method=ProcessProposal grpc.peer_address=172.18.0.1:48054 grpc.code=OK grpc.call_duration=3.905957ms
[34m2026-10-08 04:33:04.738 UTC 06a6 INFO[0m [grpc] [34;1mInfof[0m -> [transport] [server-transport 0xc0056ac340] Closing: EOF
[34m2026-10-08 04:33:04.738 UTC 06a7 INFO[0m [grpc] [34;1mInfof[0m -> [transport] [server-transport 0xc0056ac340] loopyWriter exiting with error: transport closed by client
[34m2026-10-08 04:33:04.738 UTC 06a8 INFO[0m [grpc] [34;1mInfof[0m -> [transport] [server-transport 0xc00539c820] Closing: EOF
[34m2026-10-08 04:33:04.739 UTC 06a9 INFO[0m [grpc] [34;1mInfof[0m -> [transport] [server-transport 0xc00539c820] loopyWriter exiting with error: transport closed by client
[34m2026-10-08 04:33:04.739 UTC 06aa INFO[0m [comm.grpc.server] [34;1m1[0m -> streaming call completed grpc.service=protos.Deliver grpc.method=DeliverFiltered grpc.request_deadline=2026-10-08T04:33:29.734Z grpc.peer_address=172.18.0.1:48066 error="context finished before block retrieved: context canceled" grpc.code=Unknown grpc.call_duration=4.329856ms
[34m2026-10-08 04:33:04.800 UTC 06ab INFO[0m [endorser] [34;1mcallChaincode[0m -> finished chaincode: bzt duration: 3ms channel=mychannel txID=474bcda5
[34m2026-10-08 04:33:04.800 UTC 06ac INFO[0m [comm.grpc.server] [34;1m1[0m -> unary call completed grpc.service=protos.Endorser grpc.method=ProcessProposal grpc.peer_address=172.18.0.1:48068 grpc.code=OK grpc.call_duration=4.023974ms
[34m2026-10-08 04:33:04.804 UTC 06ad INFO[0m [grpc] [34;1mInfof[0m -> [transport] [server-transport 0xc00539c9c0] Closing: EOF
[34m2026-10-08 04:33:04.805 UTC 06af INFO[0m [grpc] [34;1mInfof[0m -> [transport] [server-transport 0xc00539c9c0] loopyWriter exiting with error: transport closed by client
[34m2026-10-08 04:33:04.805 UTC 06ae INFO[0m [comm.grpc.server] [34;1m1[0m -> streaming call completed grpc.service=protos.Deliver grpc.method=DeliverFiltered grpc.request_deadline=2026-10-08T04:33:29.801Z grpc.peer_address=172.18.0.1:48078 error="context finished before block retrieved: context canceled" grpc.code=Unknown grpc.call_duration=3.801392ms
[34m2026-10-08 04:33:04.805 UTC 06b0 INFO[0m [grpc] [34;1mInfof[0m -> [transport] [server-transport 0xc0056461a0] Closing: EOF
[34m2026-10-08 04:33:04.805 UTC 06b1 INFO[0m [grpc] [34;1mInfof[0m -> [transport] [server-transport 0xc0056461a0] loopyWriter exiting with error: transport closed by client
[34m2026-10-08 04:33:04.867 UTC 06b2 INFO[0m [endorser] [34;1mcallChaincode[0m -> finished chaincode: bzt duration: 3ms channel=mychannel txID=afc9f6f8
[34m2026-10-08 04:33:04.868 UTC 06b3 INFO[0m [comm.grpc.server] [34;1m1[0m -> unary call completed grpc.service=protos.Endorser grpc.method=ProcessProposal grpc.peer_address=172.18.0.1:48084 grpc.code=OK grpc.call_duration=4.48404ms
[34m2026-10-08 04:33:05.512 UTC 06b4 INFO[0m [grpc] [34;1mInfof[0m -> [core] original dial target is: "orderer.example.com:7050"
[34m2026-10-08 04:33:05.512 UTC 06b5 INFO[0m [grpc] [34;1mAddTraceEvent[0m -> [core] [Channel #364]Channel created
[34m2026-10-08 04:33:05.512 UTC 06b6 INFO[0m [grpc] [34;1mAddTraceEvent[0m -> [core] [Channel #364]parsed dial target is: resolver.Target{URL:url.URL{Scheme:"passthrough", Opaque:"", User:(*url.Userinfo)(nil), Host:"", Path:"/orderer.example.com:7050", RawPath:"", OmitHost:false, ForceQuery:false, RawQuery:"", Fragment:"", RawFragment:""}}
[34m2026-10-08 04:33:05.512 UTC 06b7 INFO[0m [grpc] [34;1mAddTraceEvent[0m -> [core] [Channel #364]Channel authority set to "orderer.example.com:7050"
[34m2026-10-08 04:33:05.512 UTC 06b8 INFO[0m [grpc] [34;1mAddTraceEvent[0m -> [core] [Channel #364]Resolver state updated: {
  "Addresses": [
    {
      "Addr": "orderer.example.com:7050",
      "ServerName": "",
      "Attributes": null,
      "BalancerAttributes": null,
      "Metadata": null
    }
  ],
  "Endpoints": [
    {
      "Addresses": [
        {
          "Addr": "orderer.example.com:7050",
          "ServerName": "",
          "Attributes": null,
          "BalancerAttributes": null,
          "Metadata": null
        }
      ],
      "Attributes": null
    }
  ],
  "ServiceConfig": null,
  "Attributes": null
} (resolver returned new addresses)
[34m2026-10-08 04:33:05.513 UTC 06b9 INFO[0m [grpc] [34;1mAddTraceEvent[0m -> [core] [Channel #364]Channel switches to new LB policy "pick_first"
[34m2026-10-08 04:33:05.513 UTC 06ba INFO[0m [grpc] [34;1mInfof[0m -> [pick-first-lb] [pick-first-lb 0xc00581b9b0] Received new config {
  "shuffleAddressList": false
}, resolver state {
  "Addresses": [
    {
      "Addr": "orderer.example.com:7050",
      "ServerName": "",
      "Attributes": null,
      "BalancerAttributes": null,
      "Metadata": null
    }
  ],
  "Endpoints": [
    {
      "Addresses": [
        {
          "Addr": "orderer.example.com:7050",
          "ServerName": "",
          "Attributes": null,
          "BalancerAttributes": null,
          "Metadata": null
        }
      ],
      "Attributes": null
    }
  ],
  "ServiceConfig": null,
  "Attributes": null
}
[34m2026-10-08 04:33:05.513 UTC 06bb INFO[0m [grpc] [34;1mAddTraceEvent[0m -> [core] [Channel #364 SubChannel #365]Subchannel created
[34m2026-10-08 04:33:05.513 UTC 06bc INFO[0m [grpc] [34;1mAddTraceEvent[0m -> [core] [Channel #364]Channel Connectivity change to CONNECTING
[34m2026-10-08 04:33:05.513 UTC 06bd INFO[0m [grpc] [34;1mAddTraceEvent[0m -> [core] [Channel #364]Channel exiting idle mode
[34m2026-10-08 04:33:05.513 UTC 06be INFO[0m [grpc] [34;1mAddTraceEvent[0m -> [core] [Channel #364 SubChannel #365]Subchannel Connectivity change to CONNECTING
[34m2026-10-08 04:33:05.513 UTC 06bf INFO[0m [grpc] [34;1mAddTraceEvent[0m -> [core] [Channel #364 SubChannel #365]Subchannel picks a new address "orderer.example.com:7050" to connect
[34m2026-10-08 04:33:05.513 UTC 06c0 INFO[0m [grpc] [34;1mInfof[0m -> [pick-first-lb] [pick-first-lb 0xc00581b9b0] Received SubConn state update: 0xc00581bad0, {ConnectivityState:CONNECTING ConnectionError:<nil> connectedAddress:{Addr: ServerName: Attributes:<nil> BalancerAttributes:<nil> Metadata:<nil>}}
[34m2026-10-08 04:33:05.515 UTC 06c1 INFO[0m [grpc] [34;1mAddTraceEvent[0m -> [core] [Channel #364 SubChannel #365]Subchannel Connectivity change to READY
[34m2026-10-08 04:33:05.515 UTC 06c2 INFO[0m [grpc] [34;1mInfof[0m -> [pick-first-lb] [pick-first-lb 0xc00581b9b0] Received SubConn state update: 0xc00581bad0, {ConnectivityState:READY ConnectionError:<nil> connectedAddress:{Addr:orderer.example.com:7050 ServerName:orderer.example.com:7050 Attributes:<nil> BalancerAttributes:<nil> Metadata:<nil>}}
[34m2026-10-08 04:33:05.515 UTC 06c3 INFO[0m [grpc] [34;1mAddTraceEvent[0m -> [core] [Channel #364]Channel Connectivity change to READY
[34m2026-10-08 04:33:05.516 UTC 06c4 INFO[0m [peer.blocksprovider] [34;1mStart[0m -> BlockReceiver starting channel=mychannel orderer-address=orderer.example.com:7050
[34m2026-10-08 04:33:05.517 UTC 06c5 INFO[0m [gossip.privdata] [34;1mStoreBlock[0m -> Received block [21] from buffer channel=mychannel
[34m2026-10-08 04:33:05.518 UTC 06c6 INFO[0m [committer.txvalidator] [34;1mValidate[0m -> [mychannel] Validated block [21] in 0ms
[34m2026-10-08 04:33:05.520 UTC 06c7 INFO[0m [kvledger] [34;1mcommit[0m -> [mychannel] Committed block [21] with 1 transaction(s) in 1ms (state_validation=0ms block_and_pvtdata_commit=1ms state_commit=0ms) commitHash=[8a20daa38c79be9bdb6cd57edc49ad9f3e07cc58f4008ce3a3cd53821b8b476d]
[34m2026-10-08 04:33:05.521 UTC 06c8 INFO[0m [comm.grpc.server] [34;1m1[0m -> streaming call completed grpc.service=protos.Deliver grpc.method=DeliverFiltered grpc.request_deadline=2026-10-08T04:33:29.869Z grpc.peer_address=172.18.0.1:48090 error="context finished before block retrieved: context canceled" grpc.code=Unknown grpc.call_duration=652.20368ms
[34m2026-10-08 04:33:05.523 UTC 06c9 INFO[0m [grpc] [34;1mInfof[0m -> [transport] [server-transport 0xc00539cb60] Closing: EOF
[34m2026-10-08 04:33:05.523 UTC 06ca INFO[0m [grpc] [34;1mInfof[0m -> [transport] [server-transport 0xc0056ac4e0] Closing: EOF
[34m2026-10-08 04:33:05.523 UTC 06cb INFO[0m [grpc] [34;1mInfof[0m -> [transport] [server-transport 0xc00539cb60] loopyWriter exiting with error: transport closed by client
[34m2026-10-08 04:33:05.523 UTC 06cc INFO[0m [grpc] [34;1mInfof[0m -> [transport] [server-transport 0xc0056ac4e0] loopyWriter exiting with error: transport closed by client
[34m2026-10-08 04:33:05.587 UTC 06cd INFO[0m [endorser] [34;1mcallChaincode[0m -> finished chaincode: bzt duration: 3ms channel=mychannel txID=efac4104
[34m2026-10-08 04:33:05.588 UTC 06ce INFO[0m [comm.grpc.server] [34;1m1[0m -> unary call completed grpc.service=protos.Endorser grpc.method=ProcessProposal grpc.peer_address=172.18.0.1:48102 grpc.code=OK grpc.call_duration=3.86958ms
[34m2026-10-08 04:33:05.793 UTC 06cf INFO[0m [gossip.privdata] [34;1mStoreBlock[0m -> Received block [22] from buffer channel=mychannel
[34m2026-10-08 04:33:05.794 UTC 06d0 INFO[0m [committer.txvalidator] [34;1mValidate[0m -> [mychannel] Validated block [22] in 1ms
[34m2026-10-08 04:33:05.796 UTC 06d1 INFO[0m [kvledger] [34;1mcommit[0m -> [mychannel] Committed block [22] with 1 transaction(s) in 1ms (state_validation=0ms block_and_pvtdata_commit=0ms state_commit=0ms) commitHash=[d94f07139b45909e5b09812a9e9435f4eb152e0917ee0e506c02a9aab9010f6f]
[34m2026-10-08 04:33:05.797 UTC 06d2 INFO[0m [comm.grpc.server] [34;1m1[0m -> streaming call completed grpc.service=protos.Deliver grpc.method=DeliverFiltered grpc.request_deadline=2026-10-08T04:33:30.589Z grpc.peer_address=172.18.0.1:48116 error="context finished before block retrieved: context canceled" grpc.code=Unknown grpc.call_duration=208.013682ms
[34m2026-10-08 04:33:05.798 UTC 06d3 INFO[0m [grpc] [34;1mInfof[0m -> [transport] [server-transport 0xc0056ac1a0] Closing: EOF
[34m2026-10-08 04:33:05.799 UTC 06d4 INFO[0m [grpc] [34;1mInfof[0m -> [transport] [server-transport 0xc0056ac1a0] loopyWriter exiting with error: transport closed by client
[34m2026-10-08 04:33:05.799 UTC 06d5 INFO[0m [grpc] [34;1mInfof[0m -> [transport] [server-transport 0xc0056ac000] Closing: EOF
[34m2026-10-08 04:33:05.799 UTC 06d6 INFO[0m [grpc] [34;1mInfof[0m -> [transport] [server-transport 0xc0056ac000] loopyWriter exiting with error: transport closed by client
[34m2026-10-08 04:33:05.862 UTC 06d7 INFO[0m [endorser] [34;1mcallChaincode[0m -> finished chaincode: bzt duration: 3ms channel=mychannel txID=ebde9427
[34m2026-10-08 04:33:05.862 UTC 06d8 INFO[0m [comm.grpc.server] [34;1m1[0m -> unary call completed grpc.service=protos.Endorser grpc.method=ProcessProposal grpc.peer_address=172.18.0.1:48130 grpc.code=OK grpc.call_duration=3.981498ms
[34m2026-10-08 04:33:06.068 UTC 06d9 INFO[0m [gossip.privdata] [34;1mStoreBlock[0m -> Received block [23] from buffer channel=mychannel
[34m2026-10-08 04:33:06.069 UTC 06da INFO[0m [committer.txvalidator] [34;1mValidate[0m -> [mychannel] Validated block [23] in 0ms
[34m2026-10-08 04:33:06.070 UTC 06db INFO[0m [kvledger] [34;1mcommit[0m -> [mychannel] Committed block [23] with 1 transaction(s) in 1ms (state_validation=0ms block_and_pvtdata_commit=1ms state_commit=0ms) commitHash=[649b72f8a9c53c25824fb50c05c86e42ae77f49233e75702a531d7eda7df1751]
[34m2026-10-08 04:33:06.071 UTC 06dc INFO[0m [comm.grpc.server] [34;1m1[0m -> streaming call completed grpc.service=protos.Deliver grpc.method=DeliverFiltered grpc.request_deadline=2026-10-08T04:33:30.863Z grpc.peer_address=172.18.0.1:48134 error="context finished before block retrieved: context canceled" grpc.code=Unknown grpc.call_duration=207.884283ms
[34m2026-10-08 04:33:06.073 UTC 06dd INFO[0m [grpc] [34;1mInfof[0m -> [transport] [server-transport 0xc0036fa9c0] Closing: EOF
[34m2026-10-08 04:33:06.073 UTC 06de INFO[0m [grpc] [34;1mInfof[0m -> [transport] [server-transport 0xc00012c4e0] Closing: EOF
[34m2026-10-08 04:33:06.073 UTC 06e0 INFO[0m [grpc] [34;1mInfof[0m -> [transport] [server-transport 0xc00012c4e0] loopyWriter exiting with error: transport closed by client
[34m2026-10-08 04:33:06.073 UTC 06df INFO[0m [grpc] [34;1mInfof[0m -> [transport] [server-transport 0xc0036fa9c0] loopyWriter exiting with error: transport closed by client
[34m2026-10-08 04:33:06.137 UTC 06e1 INFO[0m [endorser] [34;1mcallChaincode[0m -> finished chaincode: bzt duration: 3ms channel=mychannel txID=0568720b
[34m2026-10-08 04:33:06.137 UTC 06e2 INFO[0m [comm.grpc.server] [34;1m1[0m -> unary call completed grpc.service=protos.Endorser grpc.method=ProcessProposal grpc.peer_address=172.18.0.1:48138 grpc.code=OK grpc.call_duration=4.757563ms
[34m2026-10-08 04:33:06.342 UTC 06e3 INFO[0m [gossip.privdata] [34;1mStoreBlock[0m -> Received block [24] from buffer channel=mychannel
[34m2026-10-08 04:33:06.343 UTC 06e4 INFO[0m [committer.txvalidator] [34;1mValidate[0m -> [mychannel] Validated block [24] in 0ms
[34m2026-10-08 04:33:06.345 UTC 06e5 INFO[0m [kvledger] [34;1mcommit[0m -> [mychannel] Committed block [24] with 1 transaction(s) in 1ms (state_validation=0ms block_and_pvtdata_commit=0ms state_commit=0ms) commitHash=[04f0035c362ba3e99b88b59c8d4cbc56d6b023d2be50fdb036cc81b6457a1d2c]
[34m2026-10-08 04:33:06.347 UTC 06e6 INFO[0m [grpc] [34;1mInfof[0m -> [transport] [server-transport 0xc00539c1a0] Closing: EOF
[34m2026-10-08 04:33:06.347 UTC 06e7 INFO[0m [grpc] [34;1mInfof[0m -> [transport] [server-transport 0xc0036fb1e0] Closing: EOF
[34m2026-10-08 04:33:06.347 UTC 06e8 INFO[0m [grpc] [34;1mInfof[0m -> [transport] [server-transport 0xc00539c1a0] loopyWriter exiting with error: transport closed by client
[34m2026-10-08 04:33:06.347 UTC 06e9 INFO[0m [comm.grpc.server] [34;1m1[0m -> streaming call completed grpc.service=protos.Deliver grpc.method=DeliverFiltered grpc.request_deadline=2026-10-08T04:33:31.137Z grpc.peer_address=172.18.0.1:48142 error="context finished before block retrieved: context canceled" grpc.code=Unknown grpc.call_duration=209.773429ms
[34m2026-10-08 04:33:06.347 UTC 06ea INFO[0m [grpc] [34;1mInfof[0m -> [transport] [server-transport 0xc0036fb1e0] loopyWriter exiting with error: transport closed by client
[34m2026-10-08 04:33:06.413 UTC 06eb INFO[0m [endorser] [34;1mcallChaincode[0m -> finished chaincode: bzt duration: 3ms channel=mychannel txID=e50deb9b
[34m2026-10-08 04:33:06.413 UTC 06ec INFO[0m [comm.grpc.server] [34;1m1[0m -> unary call completed grpc.service=protos.Endorser grpc.method=ProcessProposal grpc.peer_address=172.18.0.1:48148 grpc.code=OK grpc.call_duration=4.06779ms
[34m2026-10-08 04:33:06.619 UTC 06ed INFO[0m [gossip.privdata] [34;1mStoreBlock[0m -> Received block [25] from buffer channel=mychannel
[34m2026-10-08 04:33:06.619 UTC 06ee INFO[0m [committer.txvalidator] [34;1mValidate[0m -> [mychannel] Validated block [25] in 0ms
[34m2026-10-08 04:33:06.621 UTC 06ef INFO[0m [kvledger] [34;1mcommit[0m -> [mychannel] Committed block [25] with 1 transaction(s) in 1ms (state_validation=0ms block_and_pvtdata_commit=1ms state_commit=0ms) commitHash=[0059eed0d9cabd5affb24b10ff13974ae4901f7e429a85f388a4fe8b967da7bf]
[34m2026-10-08 04:33:06.622 UTC 06f0 INFO[0m [comm.grpc.server] [34;1m1[0m -> streaming call completed grpc.service=protos.Deliver grpc.method=DeliverFiltered grpc.request_deadline=2026-10-08T04:33:31.414Z grpc.peer_address=172.18.0.1:48162 error="context finished before block retrieved: context canceled" grpc.code=Unknown grpc.call_duration=207.667392ms
[34m2026-10-08 04:33:06.624 UTC 06f1 INFO[0m [grpc] [34;1mInfof[0m -> [transport] [server-transport 0xc0056ac340] Closing: EOF
[34m2026-10-08 04:33:06.624 UTC 06f2 INFO[0m [grpc] [34;1mInfof[0m -> [transport] [server-transport 0xc0056ac340] loopyWriter exiting with error: transport closed by client
[34m2026-10-08 04:33:06.624 UTC 06f3 INFO[0m [grpc] [34;1mInfof[0m -> [transport] [server-transport 0xc0036fb380] Closing: EOF
[34m2026-10-08 04:33:06.624 UTC 06f4 INFO[0m [grpc] [34;1mInfof[0m -> [transport] [server-transport 0xc0036fb380] loopyWriter exiting with error: transport closed by client
[34m2026-10-08 04:33:06.688 UTC 06f5 INFO[0m [endorser] [34;1mcallChaincode[0m -> finished chaincode: bzt duration: 2ms channel=mychannel txID=85db89c4
[34m2026-10-08 04:33:06.688 UTC 06f6 INFO[0m [comm.grpc.server] [34;1m1[0m -> unary call completed grpc.service=protos.Endorser grpc.method=ProcessProposal grpc.peer_address=172.18.0.1:48174 grpc.code=OK grpc.call_duration=3.796931ms
[34m2026-10-08 04:33:06.894 UTC 06f7 INFO[0m [gossip.privdata] [34;1mStoreBlock[0m -> Received block [26] from buffer channel=mychannel
[34m2026-10-08 04:33:06.895 UTC 06f8 INFO[0m [committer.txvalidator] [34;1mValidate[0m -> [mychannel] Validated block [26] in 0ms
[34m2026-10-08 04:33:06.897 UTC 06f9 INFO[0m [kvledger] [34;1mcommit[0m -> [mychannel] Committed block [26] with 1 transaction(s) in 1ms (state_validation=0ms block_and_pvtdata_commit=0ms state_commit=0ms) commitHash=[6a0b136ae426941baa1ea5c3ec78b25990140681b93faa36789c242f41b270a3]
[34m2026-10-08 04:33:06.898 UTC 06fa INFO[0m [comm.grpc.server] [34;1m1[0m -> streaming call completed grpc.service=protos.Deliver grpc.method=DeliverFiltered grpc.request_deadline=2026-10-08T04:33:31.69Z grpc.peer_address=172.18.0.1:48188 error="context finished before block retrieved: context canceled" grpc.code=Unknown grpc.call_duration=207.66955ms
[34m2026-10-08 04:33:06.900 UTC 06fb INFO[0m [grpc] [34;1mInfof[0m -> [transport] [server-transport 0xc0002d6ea0] Closing: EOF
[34m2026-10-08 04:33:06.900 UTC 06fc INFO[0m [grpc] [34;1mInfof[0m -> [transport] [server-transport 0xc0002d6ea0] loopyWriter exiting with error: transport closed by client
[34m2026-10-08 04:33:06.900 UTC 06fd INFO[0m [grpc] [34;1mInfof[0m -> [transport] [server-transport 0xc00539c340] Closing: EOF
[34m2026-10-08 04:33:06.900 UTC 06fe INFO[0m [grpc] [34;1mInfof[0m -> [transport] [server-transport 0xc00539c340] loopyWriter exiting with error: transport closed by client
[34m2026-10-08 04:33:06.964 UTC 06ff INFO[0m [endorser] [34;1mcallChaincode[0m -> finished chaincode: bzt duration: 3ms channel=mychannel txID=b30a6c2c
[34m2026-10-08 04:33:06.964 UTC 0700 INFO[0m [comm.grpc.server] [34;1m1[0m -> unary call completed grpc.service=protos.Endorser grpc.method=ProcessProposal grpc.peer_address=172.18.0.1:48198 grpc.code=OK grpc.call_duration=4.130974ms
[34m2026-10-08 04:33:07.170 UTC 0701 INFO[0m [gossip.privdata] [34;1mStoreBlock[0m -> Received block [27] from buffer channel=mychannel
[34m2026-10-08 04:33:07.171 UTC 0702 INFO[0m [committer.txvalidator] [34;1mValidate[0m -> [mychannel] Validated block [27] in 1ms
[34m2026-10-08 04:33:07.173 UTC 0703 INFO[0m [kvledger] [34;1mcommit[0m -> [mychannel] Committed block [27] with 1 transaction(s) in 1ms (state_validation=0ms block_and_pvtdata_commit=1ms state_commit=0ms) commitHash=[bf300eec6cd79fb96a0c66b3377411332920d9e4fec7fde8f9a97a95df5c8c84]
[34m2026-10-08 04:33:07.175 UTC 0704 INFO[0m [grpc] [34;1mInfof[0m -> [transport] [server-transport 0xc0036fbd40] Closing: EOF
[34m2026-10-08 04:33:07.176 UTC 0705 INFO[0m [grpc] [34;1mInfof[0m -> [transport] [server-transport 0xc0056ac680] Closing: EOF
[34m2026-10-08 04:33:07.176 UTC 0706 INFO[0m [comm.grpc.server] [34;1m1[0m -> streaming call completed grpc.service=protos.Deliver grpc.method=DeliverFiltered grpc.request_deadline=2026-10-08T04:33:31.966Z grpc.peer_address=172.18.0.1:48202 error="context finished before block retrieved: context canceled" grpc.code=Unknown grpc.call_duration=209.417119ms
[34m2026-10-08 04:33:07.176 UTC 0707 INFO[0m [grpc] [34;1mInfof[0m -> [transport] [server-transport 0xc0036fbd40] loopyWriter exiting with error: transport closed by client
[34m2026-10-08 04:33:07.176 UTC 0708 INFO[0m [grpc] [34;1mInfof[0m -> [transport] [server-transport 0xc0056ac680] loopyWriter exiting with error: transport closed by client
[34m2026-10-08 04:33:07.240 UTC 0709 INFO[0m [endorser] [34;1mcallChaincode[0m -> finished chaincode: bzt duration: 3ms channel=mychannel txID=5ccbe8dc
[34m2026-10-08 04:33:07.240 UTC 070a INFO[0m [comm.grpc.server] [34;1m1[0m -> unary call completed grpc.service=protos.Endorser grpc.method=ProcessProposal grpc.peer_address=172.18.0.1:53520 grpc.code=OK grpc.call_duration=4.356082ms
[34m2026-10-08 04:33:07.446 UTC 070b INFO[0m [gossip.privdata] [34;1mStoreBlock[0m -> Received block [28] from buffer channel=mychannel
[34m2026-10-08 04:33:07.446 UTC 070c INFO[0m [committer.txvalidator] [34;1mValidate[0m -> [mychannel] Validated block [28] in 0ms
[34m2026-10-08 04:33:07.449 UTC 070d INFO[0m [kvledger] [34;1mcommit[0m -> [mychannel] Committed block [28] with 1 transaction(s) in 1ms (state_validation=0ms block_and_pvtdata_commit=1ms state_commit=0ms) commitHash=[a1c4a82c8fa4db04e61ba12af032db2cb443ff7b4cced5d8380d72f1b636ac35]
[34m2026-10-08 04:33:07.452 UTC 070e INFO[0m [grpc] [34;1mInfof[0m -> [transport] [server-transport 0xc0056ac820] Closing: EOF
[34m2026-10-08 04:33:07.452 UTC 070f INFO[0m [grpc] [34;1mInfof[0m -> [transport] [server-transport 0xc0056ac820] loopyWriter exiting with error: transport closed by client
[34m2026-10-08 04:33:07.452 UTC 0710 INFO[0m [comm.grpc.server] [34;1m1[0m -> streaming call completed grpc.service=protos.Deliver grpc.method=DeliverFiltered grpc.request_deadline=2026-10-08T04:33:32.241Z grpc.peer_address=172.18.0.1:53524 error="context finished before block retrieved: context canceled" grpc.code=Unknown grpc.call_duration=210.938735ms
[34m2026-10-08 04:33:07.452 UTC 0711 INFO[0m [grpc] [34;1mInfof[0m -> [transport] [server-transport 0xc0002d7d40] Closing: EOF
[34m2026-10-08 04:33:07.453 UTC 0712 INFO[0m [grpc] [34;1mInfof[0m -> [transport] [server-transport 0xc0002d7d40] loopyWriter exiting with error: transport closed by client
[34m2026-10-08 04:33:07.515 UTC 0713 INFO[0m [endorser] [34;1mcallChaincode[0m -> finished chaincode: bzt duration: 2ms channel=mychannel txID=bbd626cf
[34m2026-10-08 04:33:07.515 UTC 0714 INFO[0m [comm.grpc.server] [34;1m1[0m -> unary call completed grpc.service=protos.Endorser grpc.method=ProcessProposal grpc.peer_address=172.18.0.1:53530 grpc.code=OK grpc.call_duration=3.67236ms
[34m2026-10-08 04:33:07.721 UTC 0715 INFO[0m [gossip.privdata] [34;1mStoreBlock[0m -> Received block [29] from buffer channel=mychannel
[34m2026-10-08 04:33:07.722 UTC 0716 INFO[0m [committer.txvalidator] [34;1mValidate[0m -> [mychannel] Validated block [29] in 0ms
[34m2026-10-08 04:33:07.723 UTC 0717 INFO[0m [kvledger] [34;1mcommit[0m -> [mychannel] Committed block [29] with 1 transaction(s) in 1ms (state_validation=0ms block_and_pvtdata_commit=0ms state_commit=0ms) commitHash=[3588c4c8e36f11f86542a91364b6b6729cc4e65dfe6fa91856cf764505c536fe]
[34m2026-10-08 04:33:07.726 UTC 0718 INFO[0m [grpc] [34;1mInfof[0m -> [transport] [server-transport 0xc0056ac9c0] Closing: EOF
[34m2026-10-08 04:33:07.726 UTC 0719 INFO[0m [grpc] [34;1mInfof[0m -> [transport] [server-transport 0xc007fa0000] Closing: EOF
[34m2026-10-08 04:33:07.726 UTC 071a INFO[0m [grpc] [34;1mInfof[0m -> [transport] [server-transport 0xc007fa0000] loopyWriter exiting with error: transport closed by client
[34m2026-10-08 04:33:07.726 UTC 071b INFO[0m [grpc] [34;1mInfof[0m -> [transport] [server-transport 0xc0056ac9c0] loopyWriter exiting with error: transport closed by client
[34m2026-10-08 04:33:07.727 UTC 071c INFO[0m [comm.grpc.server] [34;1m1[0m -> streaming call completed grpc.service=protos.Deliver grpc.method=DeliverFiltered grpc.request_deadline=2026-10-08T04:33:32.517Z grpc.peer_address=172.18.0.1:53536 error="context finished before block retrieved: context canceled" grpc.code=Unknown grpc.call_duration=209.75198ms
[34m2026-10-08 04:33:07.792 UTC 071d INFO[0m [endorser] [34;1mcallChaincode[0m -> finished chaincode: bzt duration: 4ms channel=mychannel txID=eb63d9c3
[34m2026-10-08 04:33:07.792 UTC 071e INFO[0m [comm.grpc.server] [34;1m1[0m -> unary call completed grpc.service=protos.Endorser grpc.method=ProcessProposal grpc.peer_address=172.18.0.1:53550 grpc.code=OK grpc.call_duration=5.313608ms
[34m2026-10-08 04:33:07.997 UTC 071f INFO[0m [gossip.privdata] [34;1mStoreBlock[0m -> Received block [30] from buffer channel=mychannel
[34m2026-10-08 04:33:07.998 UTC 0720 INFO[0m [committer.txvalidator] [34;1mValidate[0m -> [mychannel] Validated block [30] in 0ms
[34m2026-10-08 04:33:08.000 UTC 0721 INFO[0m [kvledger] [34;1mcommit[0m -> [mychannel] Committed block [30] with 1 transaction(s) in 1ms (state_validation=0ms block_and_pvtdata_commit=0ms state_commit=0ms) commitHash=[e85bc2619a9168a86d711a0d9d1c80ba66e1f43aa28e26728cb8be60ff71b815]
[34m2026-10-08 04:33:08.002 UTC 0722 INFO[0m [grpc] [34;1mInfof[0m -> [transport] [server-transport 0xc003836000] Closing: EOF
[34m2026-10-08 04:33:08.002 UTC 0723 INFO[0m [grpc] [34;1mInfof[0m -> [transport] [server-transport 0xc0056acb60] Closing: EOF
[34m2026-10-08 04:33:08.003 UTC 0725 INFO[0m [comm.grpc.server] [34;1m1[0m -> streaming call completed grpc.service=protos.Deliver grpc.method=DeliverFiltered grpc.request_deadline=2026-10-08T04:33:32.793Z grpc.peer_address=172.18.0.1:53558 error="context finished before block retrieved: context canceled" grpc.code=Unknown grpc.call_duration=209.840609ms
[34m2026-10-08 04:33:08.002 UTC 0724 INFO[0m [grpc] [34;1mInfof[0m -> [transport] [server-transport 0xc003836000] loopyWriter exiting with error: transport closed by client
[34m2026-10-08 04:33:08.003 UTC 0726 INFO[0m [grpc] [34;1mInfof[0m -> [transport] [server-transport 0xc0056acb60] loopyWriter exiting with error: transport closed by client
[34m2026-10-08 04:33:08.066 UTC 0727 INFO[0m [endorser] [34;1mcallChaincode[0m -> finished chaincode: bzt duration: 3ms channel=mychannel txID=22a01a11
[34m2026-10-08 04:33:08.066 UTC 0728 INFO[0m [comm.grpc.server] [34;1m1[0m -> unary call completed grpc.service=protos.Endorser grpc.method=ProcessProposal grpc.peer_address=172.18.0.1:53560 grpc.code=OK grpc.call_duration=3.978061ms
[34m2026-10-08 04:33:08.272 UTC 0729 INFO[0m [gossip.privdata] [34;1mStoreBlock[0m -> Received block [31] from buffer channel=mychannel
[34m2026-10-08 04:33:08.273 UTC 072a INFO[0m [committer.txvalidator] [34;1mValidate[0m -> [mychannel] Validated block [31] in 0ms
[34m2026-10-08 04:33:08.275 UTC 072b INFO[0m [kvledger] [34;1mcommit[0m -> [mychannel] Committed block [31] with 1 transaction(s) in 1ms (state_validation=0ms block_and_pvtdata_commit=0ms state_commit=0ms) commitHash=[499997a2f4ef1587a9ab9958bb077505752ef11a85d53fa3b5e1ec2a3c910332]
[34m2026-10-08 04:33:08.276 UTC 072c INFO[0m [comm.grpc.server] [34;1m1[0m -> streaming call completed grpc.service=protos.Deliver grpc.method=DeliverFiltered grpc.request_deadline=2026-10-08T04:33:33.067Z grpc.peer_address=172.18.0.1:53568 error="context finished before block retrieved: context canceled" grpc.code=Unknown grpc.call_duration=208.651933ms
[34m2026-10-08 04:33:08.277 UTC 072d INFO[0m [grpc] [34;1mInfof[0m -> [transport] [server-transport 0xc0038361a0] Closing: EOF
[34m2026-10-08 04:33:08.278 UTC 072e INFO[0m [grpc] [34;1mInfof[0m -> [transport] [server-transport 0xc00539c4e0] Closing: EOF
[34m2026-10-08 04:33:08.278 UTC 072f INFO[0m [grpc] [34;1mInfof[0m -> [transport] [server-transport 0xc00539c4e0] loopyWriter exiting with error: transport closed by client
[34m2026-10-08 04:33:08.278 UTC 0730 INFO[0m [grpc] [34;1mInfof[0m -> [transport] [server-transport 0xc0038361a0] loopyWriter exiting with error: transport closed by client
[34m2026-10-08 04:33:08.343 UTC 0731 INFO[0m [endorser] [34;1mcallChaincode[0m -> finished chaincode: bzt duration: 4ms channel=mychannel txID=5f3deada
[34m2026-10-08 04:33:08.343 UTC 0732 INFO[0m [comm.grpc.server] [34;1m1[0m -> unary call completed grpc.service=protos.Endorser grpc.method=ProcessProposal grpc.peer_address=172.18.0.1:53580 grpc.code=OK grpc.call_duration=5.164029ms
[34m2026-10-08 04:33:08.549 UTC 0733 INFO[0m [gossip.privdata] [34;1mStoreBlock[0m -> Received block [32] from buffer channel=mychannel
[34m2026-10-08 04:33:08.550 UTC 0734 INFO[0m [committer.txvalidator] [34;1mValidate[0m -> [mychannel] Validated block [32] in 1ms
[34m2026-10-08 04:33:08.552 UTC 0735 INFO[0m [kvledger] [34;1mcommit[0m -> [mychannel] Committed block [32] with 1 transaction(s) in 1ms (state_validation=0ms block_and_pvtdata_commit=1ms state_commit=0ms) commitHash=[604aaef90bd48b6cc69ef9e91a199ef7c5371b81b5f4cb2ae0af72f4ba9478c3]
[34m2026-10-08 04:33:08.553 UTC 0736 INFO[0m [comm.grpc.server] [34;1m1[0m -> streaming call completed grpc.service=protos.Deliver grpc.method=DeliverFiltered grpc.request_deadline=2026-10-08T04:33:33.344Z grpc.peer_address=172.18.0.1:53592 error="context finished before block retrieved: context canceled" grpc.code=Unknown grpc.call_duration=208.422214ms
[34m2026-10-08 04:33:08.554 UTC 0737 INFO[0m [grpc] [34;1mInfof[0m -> [transport] [server-transport 0xc00539c680] Closing: EOF
[34m2026-10-08 04:33:08.554 UTC 0738 INFO[0m [grpc] [34;1mInfof[0m -> [transport] [server-transport 0xc007fa0340] Closing: EOF
[34m2026-10-08 04:33:08.555 UTC 0739 INFO[0m [grpc] [34;1mInfof[0m -> [transport] [server-transport 0xc007fa0340] loopyWriter exiting with error: transport closed by client
[34m2026-10-08 04:33:08.555 UTC 073a INFO[0m [grpc] [34;1mInfof[0m -> [transport] [server-transport 0xc00539c680] loopyWriter exiting with error: transport closed by client
[34m2026-10-08 04:33:08.624 UTC 073b INFO[0m [endorser] [34;1mcallChaincode[0m -> finished chaincode: bzt duration: 5ms channel=mychannel txID=325e3d6e
[34m2026-10-08 04:33:08.624 UTC 073c INFO[0m [comm.grpc.server] [34;1m1[0m -> unary call completed grpc.service=protos.Endorser grpc.method=ProcessProposal grpc.peer_address=172.18.0.1:53604 grpc.code=OK grpc.call_duration=6.463338ms
[34m2026-10-08 04:33:08.829 UTC 073d INFO[0m [gossip.privdata] [34;1mStoreBlock[0m -> Received block [33] from buffer channel=mychannel
[34m2026-10-08 04:33:08.830 UTC 073e INFO[0m [committer.txvalidator] [34;1mValidate[0m -> [mychannel] Validated block [33] in 1ms
[34m2026-10-08 04:33:08.832 UTC 073f INFO[0m [kvledger] [34;1mcommit[0m -> [mychannel] Committed block [33] with 1 transaction(s) in 1ms (state_validation=0ms block_and_pvtdata_commit=1ms state_commit=0ms) commitHash=[4cdc068b7d16327b758768880ab832917ab44b5020b38dddff25e260d247ffbd]
[34m2026-10-08 04:33:08.833 UTC 0740 INFO[0m [comm.grpc.server] [34;1m1[0m -> streaming call completed grpc.service=protos.Deliver grpc.method=DeliverFiltered grpc.request_deadline=2026-10-08T04:33:33.625Z grpc.peer_address=172.18.0.1:53614 error="context finished before block retrieved: context canceled" grpc.code=Unknown grpc.call_duration=208.123988ms
[34m2026-10-08 04:33:08.835 UTC 0741 INFO[0m [grpc] [34;1mInfof[0m -> [transport] [server-transport 0xc003836ea0] Closing: EOF
[34m2026-10-08 04:33:08.835 UTC 0742 INFO[0m [grpc] [34;1mInfof[0m -> [transport] [server-transport 0xc0056acd00] Closing: EOF
[34m2026-10-08 04:33:08.835 UTC 0743 INFO[0m [grpc] [34;1mInfof[0m -> [transport] [server-transport 0xc003836ea0] loopyWriter exiting with error: transport closed by client
[34m2026-10-08 04:33:08.835 UTC 0744 INFO[0m [grpc] [34;1mInfof[0m -> [transport] [server-transport 0xc0056acd00] loopyWriter exiting with error: transport closed by client
[34m2026-10-08 04:33:08.902 UTC 0745 INFO[0m [endorser] [34;1mcallChaincode[0m -> finished chaincode: bzt duration: 4ms channel=mychannel txID=1bdde470
[34m2026-10-08 04:33:08.902 UTC 0746 INFO[0m [comm.grpc.server] [34;1m1[0m -> unary call completed grpc.service=protos.Endorser grpc.method=ProcessProposal grpc.peer_address=172.18.0.1:53624 grpc.code=OK grpc.call_duration=5.940676ms
[34m2026-10-08 04:33:09.109 UTC 0747 INFO[0m [gossip.privdata] [34;1mStoreBlock[0m -> Received block [34] from buffer channel=mychannel
[34m2026-10-08 04:33:09.110 UTC 0748 INFO[0m [committer.txvalidator] [34;1mValidate[0m -> [mychannel] Validated block [34] in 0ms
[34m2026-10-08 04:33:09.111 UTC 0749 INFO[0m [kvledger] [34;1mcommit[0m -> [mychannel] Committed block [34] with 1 transaction(s) in 1ms (state_validation=0ms block_and_pvtdata_commit=1ms state_commit=0ms) commitHash=[947c8bb8ea70193221fd253ad3a193e8a849eaa5aabe7fb5ffea25a1cbc7f0d3]
[34m2026-10-08 04:33:09.112 UTC 074a INFO[0m [comm.grpc.server] [34;1m1[0m -> streaming call completed grpc.service=protos.Deliver grpc.method=DeliverFiltered grpc.request_deadline=2026-10-08T04:33:33.904Z grpc.peer_address=172.18.0.1:53626 error="context finished before block retrieved: context canceled" grpc.code=Unknown grpc.call_duration=208.589638ms
[34m2026-10-08 04:33:09.114 UTC 074b INFO[0m [grpc] [34;1mInfof[0m -> [transport] [server-transport 0xc007fa09c0] Closing: EOF
[34m2026-10-08 04:33:09.114 UTC 074c INFO[0m [grpc] [34;1mInfof[0m -> [transport] [server-transport 0xc00539c820] Closing: EOF
[34m2026-10-08 04:33:09.114 UTC 074d INFO[0m [grpc] [34;1mInfof[0m -> [transport] [server-transport 0xc007fa09c0] loopyWriter exiting with error: transport closed by client
[34m2026-10-08 04:33:09.115 UTC 074e INFO[0m [grpc] [34;1mInfof[0m -> [transport] [server-transport 0xc00539c820] loopyWriter exiting with error: transport closed by client
[34m2026-10-08 04:33:09.180 UTC 074f INFO[0m [endorser] [34;1mcallChaincode[0m -> finished chaincode: bzt duration: 3ms channel=mychannel txID=988978ed
[34m2026-10-08 04:33:09.180 UTC 0750 INFO[0m [comm.grpc.server] [34;1m1[0m -> unary call completed grpc.service=protos.Endorser grpc.method=ProcessProposal grpc.peer_address=172.18.0.1:53642 grpc.code=OK grpc.call_duration=4.784311ms
[34m2026-10-08 04:33:09.385 UTC 0751 INFO[0m [gossip.privdata] [34;1mStoreBlock[0m -> Received block [35] from buffer channel=mychannel
[34m2026-10-08 04:33:09.387 UTC 0752 INFO[0m [committer.txvalidator] [34;1mValidate[0m -> [mychannel] Validated block [35] in 1ms
[34m2026-10-08 04:33:09.388 UTC 0753 INFO[0m [kvledger] [34;1mcommit[0m -> [mychannel] Committed block [35] with 1 transaction(s) in 1ms (state_validation=0ms block_and_pvtdata_commit=1ms state_commit=0ms) commitHash=[922c0bcffc7dff9f546c4c13dc32baa262e6433b6c1dd2475ceffd05f8c6ffd7]
[34m2026-10-08 04:33:09.389 UTC 0754 INFO[0m [comm.grpc.server] [34;1m1[0m -> streaming call completed grpc.service=protos.Deliver grpc.method=DeliverFiltered grpc.request_deadline=2026-10-08T04:33:34.181Z grpc.peer_address=172.18.0.1:53648 error="context finished before block retrieved: context canceled" grpc.code=Unknown grpc.call_duration=208.224446ms
[34m2026-10-08 04:33:09.391 UTC 0755 INFO[0m [grpc] [34;1mInfof[0m -> [transport] [server-transport 0xc003837380] Closing: EOF
[34m2026-10-08 04:33:09.391 UTC 0756 INFO[0m [grpc] [34;1mInfof[0m -> [transport] [server-transport 0xc003837380] loopyWriter exiting with error: transport closed by client
[34m2026-10-08 04:33:09.391 UTC 0757 INFO[0m [grpc] [34;1mInfof[0m -> [transport] [server-transport 0xc0056acea0] Closing: EOF
[34m2026-10-08 04:33:09.392 UTC 0758 INFO[0m [grpc] [34;1mInfof[0m -> [transport] [server-transport 0xc0056acea0] loopyWriter exiting with error: transport closed by client
[34m2026-10-08 04:33:09.458 UTC 0759 INFO[0m [endorser] [34;1mcallChaincode[0m -> finished chaincode: bzt duration: 3ms channel=mychannel txID=b6ceb6e0
[34m2026-10-08 04:33:09.458 UTC 075a INFO[0m [comm.grpc.server] [34;1m1[0m -> unary call completed grpc.service=protos.Endorser grpc.method=ProcessProposal grpc.peer_address=172.18.0.1:53658 grpc.code=OK grpc.call_duration=4.540899ms
[34m2026-10-08 04:33:09.664 UTC 075b INFO[0m [gossip.privdata] [34;1mStoreBlock[0m -> Received block [36] from buffer channel=mychannel
[34m2026-10-08 04:33:09.665 UTC 075c INFO[0m [committer.txvalidator] [34;1mValidate[0m -> [mychannel] Validated block [36] in 1ms
[34m2026-10-08 04:33:09.667 UTC 075d INFO[0m [kvledger] [34;1mcommit[0m -> [mychannel] Committed block [36] with 1 transaction(s) in 1ms (state_validation=0ms block_and_pvtdata_commit=0ms state_commit=0ms) commitHash=[99daf0f3c17b6dee4e263834e54cbc603d9e6ec5a43ccf60eac65d99c7de3256]
[34m2026-10-08 04:33:09.669 UTC 075e INFO[0m [grpc] [34;1mInfof[0m -> [transport] [server-transport 0xc0056ad040] Closing: EOF
[34m2026-10-08 04:33:09.670 UTC 075f INFO[0m [grpc] [34;1mInfof[0m -> [transport] [server-transport 0xc007fa0d00] Closing: EOF
[34m2026-10-08 04:33:09.670 UTC 0760 INFO[0m [grpc] [34;1mInfof[0m -> [transport] [server-transport 0xc007fa0d00] loopyWriter exiting with error: transport closed by client
[34m2026-10-08 04:33:09.670 UTC 0761 INFO[0m [comm.grpc.server] [34;1m1[0m -> streaming call completed grpc.service=protos.Deliver grpc.method=DeliverFiltered grpc.request_deadline=2026-10-08T04:33:34.459Z grpc.peer_address=172.18.0.1:53662 error="context finished before block retrieved: context canceled" grpc.code=Unknown grpc.call_duration=210.439537ms
[34m2026-10-08 04:33:09.670 UTC 0762 INFO[0m [grpc] [34;1mInfof[0m -> [transport] [server-transport 0xc0056ad040] loopyWriter exiting with error: transport closed by client
