exports: CIPHERSUITES,deriveProof,generateKeyPair,secretKeyToPublicKey,sign,verifyProof,verifySignature
{
 "library": "@digitalbazaar/bbs-signatures",
 "ciphersuite": "BLS12-381-SHA-256",
 "total_messages": 10,
 "sign": {
  "n": 20,
  "mean_ms": 60,
  "p50_ms": 59,
  "p95_ms": 63.9
 },
 "signature_bytes": 80,
 "verify_signature": {
  "n": 20,
  "mean_ms": 86.7,
  "p50_ms": 86.4,
  "p95_ms": 91.4
 },
 "disclosure": [
  {
   "disclosed": 1,
   "of": 10,
   "derive_proof": {
    "n": 20,
    "mean_ms": 102.6,
    "p50_ms": 102.5,
    "p95_ms": 104.5
   },
   "verify_proof": {
    "n": 20,
    "mean_ms": 98.6,
    "p50_ms": 97.7,
    "p95_ms": 105.3
   },
   "proof_bytes": 560
  },
  {
   "disclosed": 2,
   "of": 10,
   "derive_proof": {
    "n": 20,
    "mean_ms": 98.7,
    "p50_ms": 98.6,
    "p95_ms": 100.6
   },
   "verify_proof": {
    "n": 20,
    "mean_ms": 98.5,
    "p50_ms": 97.6,
    "p95_ms": 107.3
   },
   "proof_bytes": 528
  },
  {
   "disclosed": 5,
   "of": 10,
   "derive_proof": {
    "n": 20,
    "mean_ms": 92.5,
    "p50_ms": 91.6,
    "p95_ms": 99.6
   },
   "verify_proof": {
    "n": 20,
    "mean_ms": 99.2,
    "p50_ms": 97.7,
    "p95_ms": 108
   },
   "proof_bytes": 432
  },
  {
   "disclosed": 10,
   "of": 10,
   "derive_proof": {
    "n": 20,
    "mean_ms": 78.7,
    "p50_ms": 78.6,
    "p95_ms": 79.8
   },
   "verify_proof": {
    "n": 20,
    "mean_ms": 97.6,
    "p50_ms": 97.1,
    "p95_ms": 102.4
   },
   "proof_bytes": 272
  }
 ]
}
