          "Addr": "orderer.example.com:7050",
          "ServerName": "",
          "Attributes": null,
          "BalancerAttributes": null,
          "Metadata": null
        }
      ],
      "Attributes": null
    }
  ],
  "ServiceConfig": null,
  "Attributes": null
} (resolver returned new addresses)
[34m2026-10-08 04:25:43.579 UTC 00cd INFO[0m [grpc] [34;1mAddTraceEvent[0m -> [core] [Channel #24]parsed dial target is: resolver.Target{URL:url.URL{Scheme:"passthrough", Opaque:"", User:(*url.Userinfo)(nil), Host:"", Path:"/orderer2.example.com:7052", RawPath:"", OmitHost:false, ForceQuery:false, RawQuery:"", Fragment:"", RawFragment:""}}
[34m2026-10-08 04:25:43.579 UTC 00ce INFO[0m [grpc] [34;1mInfof[0m -> [pick-first-lb] [pick-first-lb 0xc0004d0fc0] Received new config {
  "shuffleAddressList": false
}, resolver state {
  "Addresses": [
    {
      "Addr": "orderer4.example.com:7058",
      "ServerName": "",
      "Attributes": null,
      "BalancerAttributes": null,
      "Metadata": null
    }
  ],
  "Endpoints": [
    {
      "Addresses": [
        {
          "Addr": "orderer4.example.com:7058",
          "ServerName": "",
          "Attributes": null,
          "BalancerAttributes": null,
          "Metadata": null
        }
      ],
      "Attributes": null
    }
  ],
  "ServiceConfig": null,
  "Attributes": null
}
[34m2026-10-08 04:25:43.579 UTC 00cf INFO[0m [grpc] [34;1mAddTraceEvent[0m -> [core] [Channel #24]Channel authority set to "orderer2.example.com:7052"
[34m2026-10-08 04:25:43.579 UTC 00d0 INFO[0m [grpc] [34;1mAddTraceEvent[0m -> [core] [Channel #23]Channel switches to new LB policy "pick_first"
[34m2026-10-08 04:25:43.579 UTC 00d1 INFO[0m [grpc] [34;1mAddTraceEvent[0m -> [core] [Channel #22 SubChannel #25]Subchannel created
[34m2026-10-08 04:25:43.579 UTC 00d2 INFO[0m [grpc] [34;1mAddTraceEvent[0m -> [core] [Channel #22]Channel Connectivity change to CONNECTING
[34m2026-10-08 04:25:43.579 UTC 00d3 INFO[0m [grpc] [34;1mInfof[0m -> [pick-first-lb] [pick-first-lb 0xc00131ec90] Received new config {
  "shuffleAddressList": false
}, resolver state {
  "Addresses": [
    {
      "Addr": "orderer.example.com:7050",
      "ServerName": "",
      "Attributes": null,
      "BalancerAttributes": null,
      "Metadata": null
    }
  ],
  "Endpoints": [
    {
      "Addresses": [
        {
          "Addr": "orderer.example.com:7050",
          "ServerName": "",
          "Attributes": null,
          "BalancerAttributes": null,
          "Metadata": null
        }
      ],
      "Attributes": null
    }
  ],
  "ServiceConfig": null,
  "Attributes": null
}
[34m2026-10-08 04:25:43.579 UTC 00d4 INFO[0m [grpc] [34;1mAddTraceEvent[0m -> [core] [Channel #22]Channel exiting idle mode
[34m2026-10-08 04:25:43.579 UTC 00d5 INFO[0m [grpc] [34;1mAddTraceEvent[0m -> [core] [Channel #23 SubChannel #26]Subchannel created
[34m2026-10-08 04:25:43.579 UTC 00d6 INFO[0m [grpc] [34;1mAddTraceEvent[0m -> [core] [Channel #23]Channel Connectivity change to CONNECTING
[34m2026-10-08 04:25:43.579 UTC 00d7 INFO[0m [grpc] [34;1mAddTraceEvent[0m -> [core] [Channel #24]Resolver state updated: {
  "Addresses": [
    {
      "Addr": "orderer2.example.com:7052",
      "ServerName": "",
      "Attributes": null,
      "BalancerAttributes": null,
      "Metadata": null
    }
  ],
  "Endpoints": [
    {
      "Addresses": [
        {
          "Addr": "orderer2.example.com:7052",
          "ServerName": "",
          "Attributes": null,
          "BalancerAttributes": null,
          "Metadata": null
        }
      ],
      "Attributes": null
    }
  ],
  "ServiceConfig": null,
  "Attributes": null
} (resolver returned new addresses)
[34m2026-10-08 04:25:43.579 UTC 00d8 INFO[0m [grpc] [34;1mAddTraceEvent[0m -> [core] [Channel #22 SubChannel #25]Subchannel Connectivity change to CONNECTING
[34m2026-10-08 04:25:43.579 UTC 00d9 INFO[0m [grpc] [34;1mAddTraceEvent[0m -> [core] [Channel #22 SubChannel #25]Subchannel picks a new address "orderer4.example.com:7058" to connect
[34m2026-10-08 04:25:43.579 UTC 00da INFO[0m [grpc] [34;1mAddTraceEvent[0m -> [core] [Channel #24]Channel switches to new LB policy "pick_first"
[34m2026-10-08 04:25:43.579 UTC 00db INFO[0m [grpc] [34;1mInfof[0m -> [core] original dial target is: "orderer3.example.com:7056"
[34m2026-10-08 04:25:43.579 UTC 00dc INFO[0m [grpc] [34;1mInfof[0m -> [pick-first-lb] [pick-first-lb 0xc001691800] Received new config {
  "shuffleAddressList": false
}, resolver state {
  "Addresses": [
    {
      "Addr": "orderer2.example.com:7052",
      "ServerName": "",
      "Attributes": null,
      "BalancerAttributes": null,
      "Metadata": null
    }
  ],
  "Endpoints": [
    {
      "Addresses": [
        {
          "Addr": "orderer2.example.com:7052",
          "ServerName": "",
          "Attributes": null,
          "BalancerAttributes": null,
          "Metadata": null
        }
      ],
      "Attributes": null
    }
  ],
  "ServiceConfig": null,
  "Attributes": null
}
[34m2026-10-08 04:25:43.579 UTC 00dd INFO[0m [grpc] [34;1mAddTraceEvent[0m -> [core] [Channel #23]Channel exiting idle mode
[34m2026-10-08 04:25:43.579 UTC 00de INFO[0m [grpc] [34;1mAddTraceEvent[0m -> [core] [Channel #28]Channel created
[34m2026-10-08 04:25:43.579 UTC 00df INFO[0m [grpc] [34;1mAddTraceEvent[0m -> [core] [Channel #24 SubChannel #27]Subchannel created
[34m2026-10-08 04:25:43.579 UTC 00e0 INFO[0m [grpc] [34;1mAddTraceEvent[0m -> [core] [Channel #28]parsed dial target is: resolver.Target{URL:url.URL{Scheme:"passthrough", Opaque:"", User:(*url.Userinfo)(nil), Host:"", Path:"/orderer3.example.com:7056", RawPath:"", OmitHost:false, ForceQuery:false, RawQuery:"", Fragment:"", RawFragment:""}}
[34m2026-10-08 04:25:43.579 UTC 00e1 INFO[0m [grpc] [34;1mAddTraceEvent[0m -> [core] [Channel #24]Channel Connectivity change to CONNECTING
[34m2026-10-08 04:25:43.579 UTC 00e2 INFO[0m [grpc] [34;1mAddTraceEvent[0m -> [core] [Channel #23 SubChannel #26]Subchannel Connectivity change to CONNECTING
[34m2026-10-08 04:25:43.579 UTC 00e3 INFO[0m [grpc] [34;1mAddTraceEvent[0m -> [core] [Channel #28]Channel authority set to "orderer3.example.com:7056"
[34m2026-10-08 04:25:43.579 UTC 00e4 INFO[0m [grpc] [34;1mAddTraceEvent[0m -> [core] [Channel #23 SubChannel #26]Subchannel picks a new address "orderer.example.com:7050" to connect
[34m2026-10-08 04:25:43.579 UTC 00e7 INFO[0m [grpc] [34;1mAddTraceEvent[0m -> [core] [Channel #24 SubChannel #27]Subchannel Connectivity change to CONNECTING
[34m2026-10-08 04:25:43.579 UTC 00e6 INFO[0m [grpc] [34;1mAddTraceEvent[0m -> [core] [Channel #28]Resolver state updated: {
  "Addresses": [
    {
      "Addr": "orderer3.example.com:7056",
      "ServerName": "",
      "Attributes": null,
      "BalancerAttributes": null,
      "Metadata": null
    }
  ],
  "Endpoints": [
    {
      "Addresses": [
        {
          "Addr": "orderer3.example.com:7056",
          "ServerName": "",
          "Attributes": null,
          "BalancerAttributes": null,
          "Metadata": null
        }
      ],
      "Attributes": null
    }
  ],
  "ServiceConfig": null,
  "Attributes": null
} (resolver returned new addresses)
[34m2026-10-08 04:25:43.579 UTC 00e8 INFO[0m [grpc] [34;1mAddTraceEvent[0m -> [core] [Channel #24 SubChannel #27]Subchannel picks a new address "orderer2.example.com:7052" to connect
[34m2026-10-08 04:25:43.579 UTC 00e9 INFO[0m [grpc] [34;1mAddTraceEvent[0m -> [core] [Channel #28]Channel switches to new LB policy "pick_first"
[34m2026-10-08 04:25:43.579 UTC 00ea INFO[0m [grpc] [34;1mInfof[0m -> [pick-first-lb] [pick-first-lb 0xc001447440] Received new config {
  "shuffleAddressList": false
}, resolver state {
  "Addresses": [
    {
      "Addr": "orderer3.example.com:7056",
      "ServerName": "",
      "Attributes": null,
      "BalancerAttributes": null,
      "Metadata": null
    }
  ],
  "Endpoints": [
    {
      "Addresses": [
        {
          "Addr": "orderer3.example.com:7056",
          "ServerName": "",
          "Attributes": null,
          "BalancerAttributes": null,
          "Metadata": null
        }
      ],
      "Attributes": null
    }
  ],
  "ServiceConfig": null,
  "Attributes": null
}
[34m2026-10-08 04:25:43.579 UTC 00eb INFO[0m [grpc] [34;1mAddTraceEvent[0m -> [core] [Channel #28 SubChannel #29]Subchannel created
[34m2026-10-08 04:25:43.579 UTC 00ec INFO[0m [grpc] [34;1mAddTraceEvent[0m -> [core] [Channel #28]Channel Connectivity change to CONNECTING
[34m2026-10-08 04:25:43.579 UTC 00ed INFO[0m [grpc] [34;1mInfof[0m -> [pick-first-lb] [pick-first-lb 0xc00131ec90] Received SubConn state update: 0xc00131edb0, {ConnectivityState:CONNECTING ConnectionError:<nil> connectedAddress:{Addr: ServerName: Attributes:<nil> BalancerAttributes:<nil> Metadata:<nil>}}
[34m2026-10-08 04:25:43.579 UTC 00ee INFO[0m [grpc] [34;1mInfof[0m -> [pick-first-lb] [pick-first-lb 0xc0004d0fc0] Received SubConn state update: 0xc0004d10e0, {ConnectivityState:CONNECTING ConnectionError:<nil> connectedAddress:{Addr: ServerName: Attributes:<nil> BalancerAttributes:<nil> Metadata:<nil>}}
[34m2026-10-08 04:25:43.579 UTC 00e5 INFO[0m [grpc] [34;1mAddTraceEvent[0m -> [core] [Channel #24]Channel exiting idle mode
[34m2026-10-08 04:25:43.579 UTC 00f1 INFO[0m [grpc] [34;1mAddTraceEvent[0m -> [core] [Channel #28 SubChannel #29]Subchannel Connectivity change to CONNECTING
[34m2026-10-08 04:25:43.579 UTC 00f0 INFO[0m [grpc] [34;1mAddTraceEvent[0m -> [core] [Channel #28]Channel exiting idle mode
[34m2026-10-08 04:25:43.579 UTC 00ef INFO[0m [grpc] [34;1mInfof[0m -> [pick-first-lb] [pick-first-lb 0xc001691800] Received SubConn state update: 0xc001691920, {ConnectivityState:CONNECTING ConnectionError:<nil> connectedAddress:{Addr: ServerName: Attributes:<nil> BalancerAttributes:<nil> Metadata:<nil>}}
[34m2026-10-08 04:25:43.579 UTC 00f2 INFO[0m [grpc] [34;1mAddTraceEvent[0m -> [core] [Channel #28 SubChannel #29]Subchannel picks a new address "orderer3.example.com:7056" to connect
[34m2026-10-08 04:25:43.579 UTC 00f3 INFO[0m [grpc] [34;1mInfof[0m -> [pick-first-lb] [pick-first-lb 0xc001447440] Received SubConn state update: 0xc001447560, {ConnectivityState:CONNECTING ConnectionError:<nil> connectedAddress:{Addr: ServerName: Attributes:<nil> BalancerAttributes:<nil> Metadata:<nil>}}
[34m2026-10-08 04:25:43.581 UTC 00f4 INFO[0m [grpc] [34;1mAddTraceEvent[0m -> [core] [Channel #24 SubChannel #27]Subchannel Connectivity change to READY
[34m2026-10-08 04:25:43.581 UTC 00f5 INFO[0m [grpc] [34;1mInfof[0m -> [pick-first-lb] [pick-first-lb 0xc001691800] Received SubConn state update: 0xc001691920, {ConnectivityState:READY ConnectionError:<nil> connectedAddress:{Addr:orderer2.example.com:7052 ServerName:orderer2.example.com:7052 Attributes:<nil> BalancerAttributes:<nil> Metadata:<nil>}}
[34m2026-10-08 04:25:43.581 UTC 00f6 INFO[0m [grpc] [34;1mAddTraceEvent[0m -> [core] [Channel #24]Channel Connectivity change to READY
[34m2026-10-08 04:25:43.582 UTC 00f7 INFO[0m [grpc] [34;1mAddTraceEvent[0m -> [core] [Channel #28 SubChannel #29]Subchannel Connectivity change to READY
[34m2026-10-08 04:25:43.582 UTC 00f8 INFO[0m [grpc] [34;1mInfof[0m -> [pick-first-lb] [pick-first-lb 0xc001447440] Received SubConn state update: 0xc001447560, {ConnectivityState:READY ConnectionError:<nil> connectedAddress:{Addr:orderer3.example.com:7056 ServerName:orderer3.example.com:7056 Attributes:<nil> BalancerAttributes:<nil> Metadata:<nil>}}
[34m2026-10-08 04:25:43.582 UTC 00f9 INFO[0m [grpc] [34;1mAddTraceEvent[0m -> [core] [Channel #28]Channel Connectivity change to READY
[34m2026-10-08 04:25:43.582 UTC 00fa INFO[0m [orderer.common.cluster.puller] [34;1mfetchLastBlockSeq[0m -> [channel: mychannel] orderer2.example.com:7052 is at block sequence of 5
[34m2026-10-08 04:25:43.582 UTC 00fb INFO[0m [grpc] [34;1mAddTraceEvent[0m -> [core] [Channel #23 SubChannel #26]Subchannel Connectivity change to READY
[34m2026-10-08 04:25:43.582 UTC 00fc INFO[0m [grpc] [34;1mInfof[0m -> [pick-first-lb] [pick-first-lb 0xc00131ec90] Received SubConn state update: 0xc00131edb0, {ConnectivityState:READY ConnectionError:<nil> connectedAddress:{Addr:orderer.example.com:7050 ServerName:orderer.example.com:7050 Attributes:<nil> BalancerAttributes:<nil> Metadata:<nil>}}
[34m2026-10-08 04:25:43.582 UTC 00fd INFO[0m [grpc] [34;1mAddTraceEvent[0m -> [core] [Channel #23]Channel Connectivity change to READY
[34m2026-10-08 04:25:43.582 UTC 00fe INFO[0m [comm.grpc.server] [34;1m1[0m -> streaming call completed grpc.service=orderer.AtomicBroadcast grpc.method=Deliver grpc.peer_address=172.18.0.7:37070 grpc.peer_subject="CN=orderer2.example.com,L=San Francisco,ST=California,C=US" error="context finished before block retrieved: context canceled" grpc.code=Unknown grpc.call_duration=647.464µs
[34m2026-10-08 04:25:43.583 UTC 00ff INFO[0m [orderer.common.cluster.puller] [34;1mfetchLastBlockSeq[0m -> [channel: mychannel] orderer3.example.com:7056 is at block sequence of 5
[34m2026-10-08 04:25:43.583 UTC 0100 INFO[0m [grpc] [34;1mAddTraceEvent[0m -> [core] [Channel #22 SubChannel #25]Subchannel Connectivity change to READY
[34m2026-10-08 04:25:43.583 UTC 0101 INFO[0m [grpc] [34;1mInfof[0m -> [pick-first-lb] [pick-first-lb 0xc0004d0fc0] Received SubConn state update: 0xc0004d10e0, {ConnectivityState:READY ConnectionError:<nil> connectedAddress:{Addr:orderer4.example.com:7058 ServerName:orderer4.example.com:7058 Attributes:<nil> BalancerAttributes:<nil> Metadata:<nil>}}
[34m2026-10-08 04:25:43.583 UTC 0102 INFO[0m [grpc] [34;1mAddTraceEvent[0m -> [core] [Channel #22]Channel Connectivity change to READY
[34m2026-10-08 04:25:43.583 UTC 0103 INFO[0m [orderer.common.cluster.puller] [34;1mfetchLastBlockSeq[0m -> [channel: mychannel] orderer.example.com:7050 is at block sequence of 5
[34m2026-10-08 04:25:43.584 UTC 0104 INFO[0m [orderer.common.cluster.puller] [34;1mfetchLastBlockSeq[0m -> [channel: mychannel] orderer4.example.com:7058 is at block sequence of 5
[34m2026-10-08 04:25:43.584 UTC 0105 INFO[0m [grpc] [34;1mAddTraceEvent[0m -> [core] [Channel #24]Channel Connectivity change to SHUTDOWN
[34m2026-10-08 04:25:43.584 UTC 0106 INFO[0m [grpc] [34;1mAddTraceEvent[0m -> [core] [Channel #24]Closing the name resolver
[34m2026-10-08 04:25:43.584 UTC 0107 INFO[0m [grpc] [34;1mAddTraceEvent[0m -> [core] [Channel #24]ccBalancerWrapper: closing
[34m2026-10-08 04:25:43.584 UTC 0108 INFO[0m [grpc] [34;1mAddTraceEvent[0m -> [core] [Channel #24 SubChannel #27]Subchannel Connectivity change to SHUTDOWN
[34m2026-10-08 04:25:43.584 UTC 0109 INFO[0m [grpc] [34;1mAddTraceEvent[0m -> [core] [Channel #24 SubChannel #27]Subchannel deleted
[34m2026-10-08 04:25:43.584 UTC 010a INFO[0m [grpc] [34;1mInfof[0m -> [transport] [client-transport 0xc000b68908] Closing: rpc error: code = Canceled desc = grpc: the client connection is closing
[34m2026-10-08 04:25:43.584 UTC 010b INFO[0m [grpc] [34;1mInfof[0m -> [transport] [client-transport 0xc000b68908] loopyWriter exiting with error: rpc error: code = Canceled desc = grpc: the client connection is closing
[34m2026-10-08 04:25:43.584 UTC 010c INFO[0m [grpc] [34;1mInfof[0m -> [transport] [server-transport 0xc0002581a0] Closing: EOF
[34m2026-10-08 04:25:43.584 UTC 010d INFO[0m [grpc] [34;1mAddTraceEvent[0m -> [core] [Channel #24]Channel deleted
[34m2026-10-08 04:25:43.584 UTC 010e INFO[0m [grpc] [34;1mAddTraceEvent[0m -> [core] [Channel #28]Channel Connectivity change to SHUTDOWN
[34m2026-10-08 04:25:43.584 UTC 010f INFO[0m [grpc] [34;1mAddTraceEvent[0m -> [core] [Channel #28]Closing the name resolver
[34m2026-10-08 04:25:43.584 UTC 0111 INFO[0m [grpc] [34;1mAddTraceEvent[0m -> [core] [Channel #28]ccBalancerWrapper: closing
[34m2026-10-08 04:25:43.584 UTC 0110 INFO[0m [grpc] [34;1mInfof[0m -> [transport] [server-transport 0xc0002581a0] loopyWriter exiting with error: transport closed by client
[34m2026-10-08 04:25:43.584 UTC 0112 INFO[0m [grpc] [34;1mAddTraceEvent[0m -> [core] [Channel #28 SubChannel #29]Subchannel Connectivity change to SHUTDOWN
[34m2026-10-08 04:25:43.584 UTC 0113 INFO[0m [grpc] [34;1mAddTraceEvent[0m -> [core] [Channel #28 SubChannel #29]Subchannel deleted
[34m2026-10-08 04:25:43.584 UTC 0114 INFO[0m [grpc] [34;1mInfof[0m -> [transport] [client-transport 0xc000a79448] Closing: rpc error: code = Canceled desc = grpc: the client connection is closing
[34m2026-10-08 04:25:43.584 UTC 0115 INFO[0m [grpc] [34;1mInfof[0m -> [transport] [client-transport 0xc000a79448] loopyWriter exiting with error: rpc error: code = Canceled desc = grpc: the client connection is closing
[34m2026-10-08 04:25:43.584 UTC 0116 INFO[0m [grpc] [34;1mAddTraceEvent[0m -> [core] [Channel #28]Channel deleted
[34m2026-10-08 04:25:43.584 UTC 0117 INFO[0m [grpc] [34;1mAddTraceEvent[0m -> [core] [Channel #23]Channel Connectivity change to SHUTDOWN
[34m2026-10-08 04:25:43.584 UTC 0118 INFO[0m [grpc] [34;1mAddTraceEvent[0m -> [core] [Channel #23]Closing the name resolver
[34m2026-10-08 04:25:43.584 UTC 0119 INFO[0m [grpc] [34;1mAddTraceEvent[0m -> [core] [Channel #23]ccBalancerWrapper: closing
[34m2026-10-08 04:25:43.584 UTC 011a INFO[0m [grpc] [34;1mAddTraceEvent[0m -> [core] [Channel #23 SubChannel #26]Subchannel Connectivity change to SHUTDOWN
[34m2026-10-08 04:25:43.584 UTC 011b INFO[0m [grpc] [34;1mAddTraceEvent[0m -> [core] [Channel #23 SubChannel #26]Subchannel deleted
[34m2026-10-08 04:25:43.584 UTC 011c INFO[0m [grpc] [34;1mInfof[0m -> [transport] [client-transport 0xc0000ef208] Closing: rpc error: code = Canceled desc = grpc: the client connection is closing
[34m2026-10-08 04:25:43.584 UTC 011d INFO[0m [grpc] [34;1mInfof[0m -> [transport] [client-transport 0xc0000ef208] loopyWriter exiting with error: rpc error: code = Canceled desc = grpc: the client connection is closing
[34m2026-10-08 04:25:43.585 UTC 011e INFO[0m [grpc] [34;1mAddTraceEvent[0m -> [core] [Channel #23]Channel deleted
[34m2026-10-08 04:25:43.585 UTC 011f INFO[0m [grpc] [34;1mAddTraceEvent[0m -> [core] [Channel #22]Channel Connectivity change to SHUTDOWN
[34m2026-10-08 04:25:43.585 UTC 0120 INFO[0m [grpc] [34;1mAddTraceEvent[0m -> [core] [Channel #22]Closing the name resolver
[34m2026-10-08 04:25:43.585 UTC 0121 INFO[0m [grpc] [34;1mAddTraceEvent[0m -> [core] [Channel #22]ccBalancerWrapper: closing
[34m2026-10-08 04:25:43.585 UTC 0122 INFO[0m [grpc] [34;1mAddTraceEvent[0m -> [core] [Channel #22 SubChannel #25]Subchannel Connectivity change to SHUTDOWN
[34m2026-10-08 04:25:43.585 UTC 0123 INFO[0m [grpc] [34;1mAddTraceEvent[0m -> [core] [Channel #22 SubChannel #25]Subchannel deleted
[34m2026-10-08 04:25:43.585 UTC 0124 INFO[0m [grpc] [34;1mInfof[0m -> [transport] [client-transport 0xc0000ef448] Closing: rpc error: code = Canceled desc = grpc: the client connection is closing
[34m2026-10-08 04:25:43.585 UTC 0125 INFO[0m [grpc] [34;1mInfof[0m -> [transport] [client-transport 0xc0000ef448] loopyWriter exiting with error: rpc error: code = Canceled desc = grpc: the client connection is closing
[34m2026-10-08 04:25:43.585 UTC 0126 INFO[0m [grpc] [34;1mAddTraceEvent[0m -> [core] [Channel #22]Channel deleted
[34m2026-10-08 04:25:43.585 UTC 0127 INFO[0m [orderer.common.cluster.puller] [34;1mHeightsByEndpoints[0m -> Returning the heights of OSNs mapped by endpoints: map[orderer.example.com:7050:6 orderer2.example.com:7052:6 orderer3.example.com:7056:6 orderer4.example.com:7058:6] out of which my own endpoint is orderer2.example.com:7052
[34m2026-10-08 04:25:43.585 UTC 0128 INFO[0m [orderer.consensus.smartbft.chain] [34;1mdetectTargetHeight[0m -> HeightsByEndpoints: map[orderer.example.com:7050:6 orderer2.example.com:7052:6 orderer3.example.com:7056:6 orderer4.example.com:7058:6], my endpoint: orderer2.example.com:7052 channel=mychannel
[34m2026-10-08 04:25:43.585 UTC 0129 INFO[0m [orderer.consensus.smartbft.chain] [34;1mdetectTargetHeight[0m -> Detected target height: 6 channel=mychannel
[33m2026-10-08 04:25:43.585 UTC 012a WARN[0m [orderer.consensus.smartbft.chain] [33;1mSync[0m -> Could not synchronize with remote orderers due to already at target height of 6, returning state from local ledger channel=mychannel
[33m2026-10-08 04:25:43.585 UTC 012b WARN[0m [orderer.common.cluster.step] [33;1msendMessage[0m -> Send of ConsensusRequest for channel  with payload of size 2 to orderer.example.com(orderer.example.com:7050) took 14.051µs but failed due to EOF
[34m2026-10-08 04:25:43.585 UTC 012c INFO[0m [orderer.consensus.smartbft.consensus] [34;1mCollectStateResponses[0m -> Node 2 collected a valid state: view - 0 and seq - 5 channel=mychannel
[34m2026-10-08 04:25:43.585 UTC 012d INFO[0m [orderer.consensus.smartbft.consensus] [34;1mmaybePruneInFlight[0m -> Synced to sequence 5, deleting in-flight as it is stale channel=mychannel
[34m2026-10-08 04:25:43.586 UTC 012e INFO[0m [orderer.consensus.smartbft.consensus] [34;1mChangeRole[0m -> Changing to follower role, current view: 0, current leader: 1 channel=mychannel
[34m2026-10-08 04:25:43.586 UTC 012f INFO[0m [orderer.consensus.smartbft.consensus] [34;1mstartView[0m -> Starting view with number 0, sequence 6, and decisions 0 channel=mychannel
[34m2026-10-08 04:25:43.610 UTC 0130 INFO[0m [comm.grpc.server] [34;1m1[0m -> streaming call completed grpc.service=orderer.AtomicBroadcast grpc.method=Deliver grpc.peer_address=172.18.0.4:59556 grpc.peer_subject="CN=orderer3.example.com,L=San Francisco,ST=California,C=US" error="context finished before block retrieved: context canceled" grpc.code=Unknown grpc.call_duration=569.536µs
[34m2026-10-08 04:25:43.611 UTC 0131 INFO[0m [grpc] [34;1mInfof[0m -> [transport] [server-transport 0xc000258340] Closing: EOF
[34m2026-10-08 04:25:43.611 UTC 0132 INFO[0m [grpc] [34;1mInfof[0m -> [transport] [server-transport 0xc000258340] loopyWriter exiting with error: transport closed by client
[34m2026-10-08 04:25:43.642 UTC 0133 INFO[0m [comm.grpc.server] [34;1m1[0m -> streaming call completed grpc.service=orderer.AtomicBroadcast grpc.method=Deliver grpc.peer_address=172.18.0.2:55242 grpc.peer_subject="CN=orderer4.example.com,L=San Francisco,ST=California,C=US" error="context finished before block retrieved: context canceled" grpc.code=Unknown grpc.call_duration=479.962µs
[34m2026-10-08 04:25:43.642 UTC 0134 INFO[0m [grpc] [34;1mInfof[0m -> [transport] [server-transport 0xc0000e7ba0] Closing: EOF
[34m2026-10-08 04:25:43.642 UTC 0135 INFO[0m [grpc] [34;1mInfof[0m -> [transport] [server-transport 0xc0000e7ba0] loopyWriter exiting with error: transport closed by client
[34m2026-10-08 04:25:46.715 UTC 0136 INFO[0m [grpc] [34;1mInfof[0m -> [transport] [client-transport 0xc0000efb08] Closing: connection error: desc = "error reading from server: EOF"
[34m2026-10-08 04:25:46.715 UTC 0137 INFO[0m [grpc] [34;1mAddTraceEvent[0m -> [core] [Channel #10 SubChannel #11]Subchannel Connectivity change to IDLE
[34m2026-10-08 04:25:46.715 UTC 0138 INFO[0m [grpc] [34;1mInfof[0m -> [transport] [client-transport 0xc0000efb08] loopyWriter exiting with error: connection error: desc = "error reading from server: EOF"
[34m2026-10-08 04:25:46.715 UTC 0139 INFO[0m [grpc] [34;1mInfof[0m -> [pick-first-lb] [pick-first-lb 0xc000965110] Received SubConn state update: 0xc000965230, {ConnectivityState:IDLE ConnectionError:<nil> connectedAddress:{Addr: ServerName: Attributes:<nil> BalancerAttributes:<nil> Metadata:<nil>}}
[34m2026-10-08 04:25:46.715 UTC 013a INFO[0m [grpc] [34;1mAddTraceEvent[0m -> [core] [Channel #10]Channel Connectivity change to IDLE
[34m2026-10-08 04:25:46.717 UTC 013b INFO[0m [grpc] [34;1mInfof[0m -> [transport] [server-transport 0xc0000e6820] Closing: EOF
[33m2026-10-08 04:25:46.717 UTC 013c WARN[0m [orderer.common.cluster] [33;1mhandleMessage[0m -> Stream read from 172.18.0.2:57778 failed: rpc error: code = Canceled desc = context canceled
[34m2026-10-08 04:25:46.717 UTC 013d INFO[0m [grpc] [34;1mInfof[0m -> [transport] [server-transport 0xc0000e6820] loopyWriter exiting with error: transport closed by client
[34m2026-10-08 04:25:46.717 UTC 013e INFO[0m [comm.grpc.server] [34;1m1[0m -> streaming call completed grpc.service=orderer.ClusterNodeService grpc.method=Step grpc.peer_address=172.18.0.2:57778 grpc.peer_subject="CN=orderer4.example.com,L=San Francisco,ST=California,C=US" error="rpc error: code = Canceled desc = context canceled" grpc.code=Canceled grpc.call_duration=1m3.75021817s
[34m2026-10-08 04:25:47.636 UTC 013f INFO[0m [grpc] [34;1mInfof[0m -> [transport] [client-transport 0xc000452488] Closing: connection error: desc = "error reading from server: EOF"
[34m2026-10-08 04:25:47.636 UTC 0140 INFO[0m [grpc] [34;1mAddTraceEvent[0m -> [core] [Channel #8 SubChannel #9]Subchannel Connectivity change to IDLE
[34m2026-10-08 04:25:47.636 UTC 0141 INFO[0m [grpc] [34;1mInfof[0m -> [transport] [client-transport 0xc000452488] loopyWriter exiting with error: connection error: desc = "error reading from server: EOF"
[34m2026-10-08 04:25:47.636 UTC 0142 INFO[0m [grpc] [34;1mInfof[0m -> [pick-first-lb] [pick-first-lb 0xc0009642d0] Received SubConn state update: 0xc0009643f0, {ConnectivityState:IDLE ConnectionError:<nil> connectedAddress:{Addr: ServerName: Attributes:<nil> BalancerAttributes:<nil> Metadata:<nil>}}
[34m2026-10-08 04:25:47.636 UTC 0143 INFO[0m [grpc] [34;1mAddTraceEvent[0m -> [core] [Channel #8]Channel Connectivity change to IDLE
[34m2026-10-08 04:25:47.638 UTC 0144 INFO[0m [grpc] [34;1mInfof[0m -> [transport] [server-transport 0xc0002db380] Closing: EOF
[33m2026-10-08 04:25:47.639 UTC 0145 WARN[0m [orderer.common.cluster] [33;1mhandleMessage[0m -> Stream read from 172.18.0.4:32868 failed: rpc error: code = Canceled desc = context canceled
[34m2026-10-08 04:25:47.639 UTC 0147 INFO[0m [comm.grpc.server] [34;1m1[0m -> streaming call completed grpc.service=orderer.ClusterNodeService grpc.method=Step grpc.peer_address=172.18.0.4:32868 grpc.peer_subject="CN=orderer3.example.com,L=San Francisco,ST=California,C=US" error="rpc error: code = Canceled desc = context canceled" grpc.code=Canceled grpc.call_duration=1m4.69521355s
[34m2026-10-08 04:25:47.639 UTC 0146 INFO[0m [grpc] [34;1mInfof[0m -> [transport] [server-transport 0xc0002db380] loopyWriter exiting with error: transport closed by client
