      "ServerName": "",
      "Attributes": null,
      "BalancerAttributes": null,
      "Metadata": null
    }
  ],
  "Endpoints": [
    {
      "Addresses": [
        {
          "Addr": "orderer.example.com:7050",
          "ServerName": "",
          "Attributes": null,
          "BalancerAttributes": null,
          "Metadata": null
        }
      ],
      "Attributes": null
    }
  ],
  "ServiceConfig": null,
  "Attributes": null
}
[34m2026-10-08 04:25:26.772 UTC 0023 INFO[0m [grpc] [34;1mAddTraceEvent[0m -> [core] [Channel #2 SubChannel #3]Subchannel created
[34m2026-10-08 04:25:26.772 UTC 0024 INFO[0m [grpc] [34;1mAddTraceEvent[0m -> [core] [Channel #2]Channel Connectivity change to CONNECTING
[34m2026-10-08 04:25:26.772 UTC 0025 INFO[0m [grpc] [34;1mAddTraceEvent[0m -> [core] [Channel #2]Channel exiting idle mode
[34m2026-10-08 04:25:26.773 UTC 0027 INFO[0m [orderer.common.cluster] [34;1mupdateStubInMapping[0m -> Allocating a new stub for node 2 with endpoint orderer2.example.com:7052 for channel mychannel
[34m2026-10-08 04:25:26.773 UTC 0026 INFO[0m [grpc] [34;1mAddTraceEvent[0m -> [core] [Channel #2 SubChannel #3]Subchannel Connectivity change to CONNECTING
[34m2026-10-08 04:25:26.773 UTC 0028 INFO[0m [grpc] [34;1mInfof[0m -> [core] original dial target is: "orderer2.example.com:7052"
[34m2026-10-08 04:25:26.773 UTC 002a INFO[0m [grpc] [34;1mAddTraceEvent[0m -> [core] [Channel #4]Channel created
[34m2026-10-08 04:25:26.773 UTC 002b INFO[0m [grpc] [34;1mInfof[0m -> [pick-first-lb] [pick-first-lb 0xc0006ad740] Received SubConn state update: 0xc0006ad890, {ConnectivityState:CONNECTING ConnectionError:<nil> connectedAddress:{Addr: ServerName: Attributes:<nil> BalancerAttributes:<nil> Metadata:<nil>}}
[34m2026-10-08 04:25:26.773 UTC 002c INFO[0m [grpc] [34;1mAddTraceEvent[0m -> [core] [Channel #4]parsed dial target is: resolver.Target{URL:url.URL{Scheme:"passthrough", Opaque:"", User:(*url.Userinfo)(nil), Host:"", Path:"/orderer2.example.com:7052", RawPath:"", OmitHost:false, ForceQuery:false, RawQuery:"", Fragment:"", RawFragment:""}}
[34m2026-10-08 04:25:26.773 UTC 002d INFO[0m [grpc] [34;1mAddTraceEvent[0m -> [core] [Channel #4]Channel authority set to "orderer2.example.com:7052"
[34m2026-10-08 04:25:26.773 UTC 0029 INFO[0m [grpc] [34;1mAddTraceEvent[0m -> [core] [Channel #2 SubChannel #3]Subchannel picks a new address "orderer.example.com:7050" to connect
[34m2026-10-08 04:25:26.773 UTC 002e INFO[0m [grpc] [34;1mAddTraceEvent[0m -> [core] [Channel #4]Resolver state updated: {
  "Addresses": [
    {
      "Addr": "orderer2.example.com:7052",
      "ServerName": "",
      "Attributes": null,
      "BalancerAttributes": null,
      "Metadata": null
    }
  ],
  "Endpoints": [
    {
      "Addresses": [
        {
          "Addr": "orderer2.example.com:7052",
          "ServerName": "",
          "Attributes": null,
          "BalancerAttributes": null,
          "Metadata": null
        }
      ],
      "Attributes": null
    }
  ],
  "ServiceConfig": null,
  "Attributes": null
} (resolver returned new addresses)
[34m2026-10-08 04:25:26.773 UTC 002f INFO[0m [grpc] [34;1mAddTraceEvent[0m -> [core] [Channel #4]Channel switches to new LB policy "pick_first"
[34m2026-10-08 04:25:26.773 UTC 0030 INFO[0m [grpc] [34;1mInfof[0m -> [pick-first-lb] [pick-first-lb 0xc00078a180] Received new config {
  "shuffleAddressList": false
}, resolver state {
  "Addresses": [
    {
      "Addr": "orderer2.example.com:7052",
      "ServerName": "",
      "Attributes": null,
      "BalancerAttributes": null,
      "Metadata": null
    }
  ],
  "Endpoints": [
    {
      "Addresses": [
        {
          "Addr": "orderer2.example.com:7052",
          "ServerName": "",
          "Attributes": null,
          "BalancerAttributes": null,
          "Metadata": null
        }
      ],
      "Attributes": null
    }
  ],
  "ServiceConfig": null,
  "Attributes": null
}
[34m2026-10-08 04:25:26.773 UTC 0031 INFO[0m [grpc] [34;1mAddTraceEvent[0m -> [core] [Channel #4 SubChannel #5]Subchannel created
[34m2026-10-08 04:25:26.773 UTC 0032 INFO[0m [grpc] [34;1mAddTraceEvent[0m -> [core] [Channel #4]Channel Connectivity change to CONNECTING
[34m2026-10-08 04:25:26.773 UTC 0033 INFO[0m [grpc] [34;1mAddTraceEvent[0m -> [core] [Channel #4]Channel exiting idle mode
[34m2026-10-08 04:25:26.773 UTC 0034 INFO[0m [orderer.common.cluster] [34;1mupdateStubInMapping[0m -> Allocating a new stub for node 3 with endpoint orderer3.example.com:7056 for channel mychannel
[34m2026-10-08 04:25:26.773 UTC 0035 INFO[0m [grpc] [34;1mAddTraceEvent[0m -> [core] [Channel #4 SubChannel #5]Subchannel Connectivity change to CONNECTING
[34m2026-10-08 04:25:26.773 UTC 0036 INFO[0m [grpc] [34;1mAddTraceEvent[0m -> [core] [Channel #4 SubChannel #5]Subchannel picks a new address "orderer2.example.com:7052" to connect
[34m2026-10-08 04:25:26.773 UTC 0037 INFO[0m [grpc] [34;1mInfof[0m -> [core] original dial target is: "orderer3.example.com:7056"
[34m2026-10-08 04:25:26.773 UTC 0038 INFO[0m [grpc] [34;1mAddTraceEvent[0m -> [core] [Channel #6]Channel created
[34m2026-10-08 04:25:26.773 UTC 0039 INFO[0m [grpc] [34;1mInfof[0m -> [pick-first-lb] [pick-first-lb 0xc00078a180] Received SubConn state update: 0xc00078a2a0, {ConnectivityState:CONNECTING ConnectionError:<nil> connectedAddress:{Addr: ServerName: Attributes:<nil> BalancerAttributes:<nil> Metadata:<nil>}}
[34m2026-10-08 04:25:26.773 UTC 003a INFO[0m [grpc] [34;1mAddTraceEvent[0m -> [core] [Channel #6]parsed dial target is: resolver.Target{URL:url.URL{Scheme:"passthrough", Opaque:"", User:(*url.Userinfo)(nil), Host:"", Path:"/orderer3.example.com:7056", RawPath:"", OmitHost:false, ForceQuery:false, RawQuery:"", Fragment:"", RawFragment:""}}
[34m2026-10-08 04:25:26.773 UTC 003b INFO[0m [grpc] [34;1mAddTraceEvent[0m -> [core] [Channel #6]Channel authority set to "orderer3.example.com:7056"
[34m2026-10-08 04:25:26.773 UTC 003c INFO[0m [grpc] [34;1mAddTraceEvent[0m -> [core] [Channel #6]Resolver state updated: {
  "Addresses": [
    {
      "Addr": "orderer3.example.com:7056",
      "ServerName": "",
      "Attributes": null,
      "BalancerAttributes": null,
      "Metadata": null
    }
  ],
  "Endpoints": [
    {
      "Addresses": [
        {
          "Addr": "orderer3.example.com:7056",
          "ServerName": "",
          "Attributes": null,
          "BalancerAttributes": null,
          "Metadata": null
        }
      ],
      "Attributes": null
    }
  ],
  "ServiceConfig": null,
  "Attributes": null
} (resolver returned new addresses)
[34m2026-10-08 04:25:26.773 UTC 003d INFO[0m [grpc] [34;1mAddTraceEvent[0m -> [core] [Channel #6]Channel switches to new LB policy "pick_first"
[34m2026-10-08 04:25:26.773 UTC 003e INFO[0m [grpc] [34;1mInfof[0m -> [pick-first-lb] [pick-first-lb 0xc00078afc0] Received new config {
  "shuffleAddressList": false
}, resolver state {
  "Addresses": [
    {
      "Addr": "orderer3.example.com:7056",
      "ServerName": "",
      "Attributes": null,
      "BalancerAttributes": null,
      "Metadata": null
    }
  ],
  "Endpoints": [
    {
      "Addresses": [
        {
          "Addr": "orderer3.example.com:7056",
          "ServerName": "",
          "Attributes": null,
          "BalancerAttributes": null,
          "Metadata": null
        }
      ],
      "Attributes": null
    }
  ],
  "ServiceConfig": null,
  "Attributes": null
}
[34m2026-10-08 04:25:26.773 UTC 003f INFO[0m [grpc] [34;1mAddTraceEvent[0m -> [core] [Channel #6 SubChannel #7]Subchannel created
[34m2026-10-08 04:25:26.773 UTC 0040 INFO[0m [grpc] [34;1mAddTraceEvent[0m -> [core] [Channel #6]Channel Connectivity change to CONNECTING
[34m2026-10-08 04:25:26.773 UTC 0041 INFO[0m [grpc] [34;1mAddTraceEvent[0m -> [core] [Channel #6]Channel exiting idle mode
[34m2026-10-08 04:25:26.773 UTC 0042 INFO[0m [orderer.common.cluster] [34;1mupdateStubInMapping[0m -> Allocating a new stub for node 4 with endpoint orderer4.example.com:7058 for channel mychannel
[34m2026-10-08 04:25:26.773 UTC 0043 INFO[0m [grpc] [34;1mAddTraceEvent[0m -> [core] [Channel #6 SubChannel #7]Subchannel Connectivity change to CONNECTING
[34m2026-10-08 04:25:26.773 UTC 0044 INFO[0m [grpc] [34;1mAddTraceEvent[0m -> [core] [Channel #6 SubChannel #7]Subchannel picks a new address "orderer3.example.com:7056" to connect
[34m2026-10-08 04:25:26.773 UTC 0045 INFO[0m [grpc] [34;1mInfof[0m -> [core] original dial target is: "orderer4.example.com:7058"
[34m2026-10-08 04:25:26.773 UTC 0046 INFO[0m [grpc] [34;1mAddTraceEvent[0m -> [core] [Channel #8]Channel created
[34m2026-10-08 04:25:26.773 UTC 0047 INFO[0m [grpc] [34;1mAddTraceEvent[0m -> [core] [Channel #8]parsed dial target is: resolver.Target{URL:url.URL{Scheme:"passthrough", Opaque:"", User:(*url.Userinfo)(nil), Host:"", Path:"/orderer4.example.com:7058", RawPath:"", OmitHost:false, ForceQuery:false, RawQuery:"", Fragment:"", RawFragment:""}}
[34m2026-10-08 04:25:26.773 UTC 0048 INFO[0m [grpc] [34;1mAddTraceEvent[0m -> [core] [Channel #8]Channel authority set to "orderer4.example.com:7058"
[34m2026-10-08 04:25:26.773 UTC 004a INFO[0m [grpc] [34;1mAddTraceEvent[0m -> [core] [Channel #8]Resolver state updated: {
  "Addresses": [
    {
      "Addr": "orderer4.example.com:7058",
      "ServerName": "",
      "Attributes": null,
      "BalancerAttributes": null,
      "Metadata": null
    }
  ],
  "Endpoints": [
    {
      "Addresses": [
        {
          "Addr": "orderer4.example.com:7058",
          "ServerName": "",
          "Attributes": null,
          "BalancerAttributes": null,
          "Metadata": null
        }
      ],
      "Attributes": null
    }
  ],
  "ServiceConfig": null,
  "Attributes": null
} (resolver returned new addresses)
[34m2026-10-08 04:25:26.773 UTC 0049 INFO[0m [grpc] [34;1mInfof[0m -> [pick-first-lb] [pick-first-lb 0xc00078afc0] Received SubConn state update: 0xc00078b0e0, {ConnectivityState:CONNECTING ConnectionError:<nil> connectedAddress:{Addr: ServerName: Attributes:<nil> BalancerAttributes:<nil> Metadata:<nil>}}
[34m2026-10-08 04:25:26.773 UTC 004b INFO[0m [grpc] [34;1mAddTraceEvent[0m -> [core] [Channel #8]Channel switches to new LB policy "pick_first"
[34m2026-10-08 04:25:26.773 UTC 004c INFO[0m [grpc] [34;1mInfof[0m -> [pick-first-lb] [pick-first-lb 0xc00078be00] Received new config {
  "shuffleAddressList": false
}, resolver state {
  "Addresses": [
    {
      "Addr": "orderer4.example.com:7058",
      "ServerName": "",
      "Attributes": null,
      "BalancerAttributes": null,
      "Metadata": null
    }
  ],
  "Endpoints": [
    {
      "Addresses": [
        {
          "Addr": "orderer4.example.com:7058",
          "ServerName": "",
          "Attributes": null,
          "BalancerAttributes": null,
          "Metadata": null
        }
      ],
      "Attributes": null
    }
  ],
  "ServiceConfig": null,
  "Attributes": null
}
[34m2026-10-08 04:25:26.774 UTC 004d INFO[0m [grpc] [34;1mAddTraceEvent[0m -> [core] [Channel #8 SubChannel #9]Subchannel created
[34m2026-10-08 04:25:26.774 UTC 004e INFO[0m [grpc] [34;1mAddTraceEvent[0m -> [core] [Channel #8]Channel Connectivity change to CONNECTING
[34m2026-10-08 04:25:26.774 UTC 004f INFO[0m [grpc] [34;1mAddTraceEvent[0m -> [core] [Channel #8]Channel exiting idle mode
[34m2026-10-08 04:25:26.774 UTC 0050 INFO[0m [orderer.common.cluster] [34;1mfunc1[0m -> Node with ID 1 exists in new membership of channel mychannel
[34m2026-10-08 04:25:26.774 UTC 0051 INFO[0m [orderer.common.cluster] [34;1mfunc1[0m -> Node with ID 2 exists in new membership of channel mychannel
[34m2026-10-08 04:25:26.774 UTC 0052 INFO[0m [orderer.common.cluster] [34;1mfunc1[0m -> Node with ID 3 exists in new membership of channel mychannel
[34m2026-10-08 04:25:26.774 UTC 0053 INFO[0m [orderer.common.cluster] [34;1mfunc1[0m -> Node with ID 4 exists in new membership of channel mychannel
[34m2026-10-08 04:25:26.774 UTC 0054 INFO[0m [orderer.consensus.smartbft.chain] [34;1mNewChain[0m -> SmartBFT-v3 is now servicing chain channel=mychannel
[34m2026-10-08 04:25:26.774 UTC 0055 INFO[0m [orderer.common.cluster] [34;1mConfigureNodeCerts[0m -> Updating nodes identity, channel: mychannel, nodes: [id:1  host:"orderer.example.com"  port:7050  msp_id:"OrdererMSP"  identity:"-----BEGIN CERTIFICATE-----\nMIICHTCCAcSgAwIBAgIQVrsAedVHyOEiE+jRS0gcADAKBggqhkjOPQQDAjBpMQsw\nCQYDVQQGEwJVUzETMBEGA1UECBMKQ2FsaWZvcm5pYTEWMBQGA1UEBxMNU2FuIEZy\nYW5jaXNjbzEUMBIGA1UEChMLZXhhbXBsZS5jb20xFzAVBgNVBAMTDmNhLmV4YW1w\nbGUuY29tMB4XDTI2MTAwODA0MjAwMFoXDTM2MTAwNTA0MjAwMFowajELMAkGA1UE\nBhMCVVMxEzARBgNVBAgTCkNhbGlmb3JuaWExFjAUBgNVBAcTDVNhbiBGcmFuY2lz\nY28xEDAOBgNVBAsTB29yZGVyZXIxHDAaBgNVBAMTE29yZGVyZXIuZXhhbXBsZS5j\nb20wWTATBgcqhkjOPQIBBggqhkjOPQMBBwNCAAT33M65lv8jFVr2xcTiEtpuPcMY\niK7t9Q4cCTZ72HgkmeUks4hZO5JZ3/n+QJgpQ00AuJOIurMvw4cR9RlGpBK3o00w\nSzAOBgNVHQ8BAf8EBAMCB4AwDAYDVR0TAQH/BAIwADArBgNVHSMEJDAigCC+m+4i\nUd4ePIaJbKdRIJJZE9w0Ko875aX66UkU1NtxFjAKBggqhkjOPQQDAgNHADBEAiBp\nWwp2eFfwxo6rOyNWyYiqOog9s69p4s7kSewXuP0/UQIgQc/0EhMqNz6apSJMUS87\nVov7FRfkuAmkw7Bw9Y4fXWE=\n-----END CERTIFICATE-----\n"  client_tls_cert:"-----BEGIN CERTIFICATE-----\nMIICYzCCAgqgAwIBAgIQKALK16jYcSDBYR/7YrdFhDAKBggqhkjOPQQDAjBsMQsw\nCQYDVQQGEwJVUzETMBEGA1UECBMKQ2FsaWZvcm5pYTEWMBQGA1UEBxMNU2FuIEZy\nYW5jaXNjbzEUMBIGA1UEChMLZXhhbXBsZS5jb20xGjAYBgNVBAMTEXRsc2NhLmV4\nYW1wbGUuY29tMB4XDTI2MTAwODA0MjAwMFoXDTM2MTAwNTA0MjAwMFowWDELMAkG\nA1UEBhMCVVMxEzARBgNVBAgTCkNhbGlmb3JuaWExFjAUBgNVBAcTDVNhbiBGcmFu\nY2lzY28xHDAaBgNVBAMTE29yZGVyZXIuZXhhbXBsZS5jb20wWTATBgcqhkjOPQIB\nBggqhkjOPQMBBwNCAATQ7C5b1jfmjUsxVdQcF2tcoY8JTWAR+rCIb9z8uqJi7EY4\nOMb7oSBn9D4erLeXm060a9e0o1P0cw+0L1hj0UZlo4GhMIGeMA4GA1UdDwEB/wQE\nAwIFoDAdBgNVHSUEFjAUBggrBgEFBQcDAQYIKwYBBQUHAwIwDAYDVR0TAQH/BAIw\nADArBgNVHSMEJDAigCCrA0R6530dT45k6v7DMUswHfrFcXA0lDHa6tYqbbdphjAy\nBgNVHREEKzApghNvcmRlcmVyLmV4YW1wbGUuY29tggdvcmRlcmVygglsb2NhbGhv\nc3QwCgYIKoZIzj0EAwIDRwAwRAIgXKXcaJ3yyW18Gu1uRiGZDD4ZY3aNOiRSpvOr\nCBF2urkCIEnQqXblyVw7EY6sY8Y4C3hYwDb1fa/2uvHv3mbdr39R\n-----END CERTIFICATE-----\n"  server_tls_cert:"-----BEGIN CERTIFICATE-----\nMIICYzCCAgqgAwIBAgIQKALK16jYcSDBYR/7YrdFhDAKBggqhkjOPQQDAjBsMQsw\nCQYDVQQGEwJVUzETMBEGA1UECBMKQ2FsaWZvcm5pYTEWMBQGA1UEBxMNU2FuIEZy\nYW5jaXNjbzEUMBIGA1UEChMLZXhhbXBsZS5jb20xGjAYBgNVBAMTEXRsc2NhLmV4\nYW1wbGUuY29tMB4XDTI2MTAwODA0MjAwMFoXDTM2MTAwNTA0MjAwMFowWDELMAkG\nA1UEBhMCVVMxEzARBgNVBAgTCkNhbGlmb3JuaWExFjAUBgNVBAcTDVNhbiBGcmFu\nY2lzY28xHDAaBgNVBAMTE29yZGVyZXIuZXhhbXBsZS5jb20wWTATBgcqhkjOPQIB\nBggqhkjOPQMBBwNCAATQ7C5b1jfmjUsxVdQcF2tcoY8JTWAR+rCIb9z8uqJi7EY4\nOMb7oSBn9D4erLeXm060a9e0o1P0cw+0L1hj0UZlo4GhMIGeMA4GA1UdDwEB/wQE\nAwIFoDAdBgNVHSUEFjAUBggrBgEFBQcDAQYIKwYBBQUHAwIwDAYDVR0TAQH/BAIw\nADArBgNVHSMEJDAigCCrA0R6530dT45k6v7DMUswHfrFcXA0lDHa6tYqbbdphjAy\nBgNVHREEKzApghNvcmRlcmVyLmV4YW1wbGUuY29tggdvcmRlcmVygglsb2NhbGhv\nc3QwCgYIKoZIzj0EAwIDRwAwRAIgXKXcaJ3yyW18Gu1uRiGZDD4ZY3aNOiRSpvOr\nCBF2urkCIEnQqXblyVw7EY6sY8Y4C3hYwDb1fa/2uvHv3mbdr39R\n-----END CERTIFICATE-----\n" id:2  host:"orderer2.example.com"  port:7052  msp_id:"OrdererMSP"  identity:"-----BEGIN CERTIFICATE-----\nMIICHzCCAcagAwIBAgIRALOUrs9YtTGxS1MmYo06AtcwCgYIKoZIzj0EAwIwaTEL\nMAkGA1UEBhMCVVMxEzARBgNVBAgTCkNhbGlmb3JuaWExFjAUBgNVBAcTDVNhbiBG\ncmFuY2lzY28xFDASBgNVBAoTC2V4YW1wbGUuY29tMRcwFQYDVQQDEw5jYS5leGFt\ncGxlLmNvbTAeFw0yNjEwMDgwNDIwMDBaFw0zNjEwMDUwNDIwMDBaMGsxCzAJBgNV\nBAYTAlVTMRMwEQYDVQQIEwpDYWxpZm9ybmlhMRYwFAYDVQQHEw1TYW4gRnJhbmNp\nc2NvMRAwDgYDVQQLEwdvcmRlcmVyMR0wGwYDVQQDExRvcmRlcmVyMi5leGFtcGxl\nLmNvbTBZMBMGByqGSM49AgEGCCqGSM49AwEHA0IABPBFavWyB3DvfQPg6mBFLe2w\nCrGZ/Ogfqm34d7qtIoFbH4ydZ18j3yiPqbihfIDdHiKr5BNnGlmZmElf+10nQCaj\nTTBLMA4GA1UdDwEB/wQEAwIHgDAMBgNVHRMBAf8EAjAAMCsGA1UdIwQkMCKAIL6b\n7iJR3h48holsp1EgklkT3DQqjzvlpfrpSRTU23EWMAoGCCqGSM49BAMCA0cAMEQC\nICycr+rwd7RvO4ELq7PKn9h2+Jv8MZTN7kxViE6iBZV1AiBKSrjsAEEByP5fd9jW\nc5+aI2AAab3tsKKqZDwMw38DGg==\n-----END CERTIFICATE-----\n"  client_tls_cert:"-----BEGIN CERTIFICATE-----\nMIICZzCCAg6gAwIBAgIRAJg/PwzJVOjSa8K4qkTAA0swCgYIKoZIzj0EAwIwbDEL\nMAkGA1UEBhMCVVMxEzARBgNVBAgTCkNhbGlmb3JuaWExFjAUBgNVBAcTDVNhbiBG\ncmFuY2lzY28xFDASBgNVBAoTC2V4YW1wbGUuY29tMRowGAYDVQQDExF0bHNjYS5l\neGFtcGxlLmNvbTAeFw0yNjEwMDgwNDIwMDBaFw0zNjEwMDUwNDIwMDBaMFkxCzAJ\nBgNVBAYTAlVTMRMwEQYDVQQIEwpDYWxpZm9ybmlhMRYwFAYDVQQHEw1TYW4gRnJh\nbmNpc2NvMR0wGwYDVQQDExRvcmRlcmVyMi5leGFtcGxlLmNvbTBZMBMGByqGSM49\nAgEGCCqGSM49AwEHA0IABIFLHK7Lqr0t/36IkksEb1KJiBwU2LF5EGum9OZ/F1W5\nUt9f4CH52wvnDUWerIAbLYLJhr9E5ZdMP5FpcICqpJSjgaMwgaAwDgYDVR0PAQH/\nBAQDAgWgMB0GA1UdJQQWMBQGCCsGAQUFBwMBBggrBgEFBQcDAjAMBgNVHRMBAf8E\nAjAAMCsGA1UdIwQkMCKAIKsDRHrnfR1PjmTq/sMxSzAd+sVxcDSUMdrq1iptt2mG\nMDQGA1UdEQQtMCuCFG9yZGVyZXIyLmV4YW1wbGUuY29tgghvcmRlcmVyMoIJbG9j\nYWxob3N0MAoGCCqGSM49BAMCA0cAMEQCICtGQKJ8nCuYoyd3lgZJf3mrX9MTGijQ\nNrNmUW4trxGnAiAgw/XEy+3RG+lTexMBhSoQRLynJSHpEOpU3IZcO0S6Ng==\n-----END CERTIFICATE-----\n"  server_tls_cert:"-----BEGIN CERTIFICATE-----\nMIICZzCCAg6gAwIBAgIRAJg/PwzJVOjSa8K4qkTAA0swCgYIKoZIzj0EAwIwbDEL\nMAkGA1UEBhMCVVMxEzARBgNVBAgTCkNhbGlmb3JuaWExFjAUBgNVBAcTDVNhbiBG\ncmFuY2lzY28xFDASBgNVBAoTC2V4YW1wbGUuY29tMRowGAYDVQQDExF0bHNjYS5l\neGFtcGxlLmNvbTAeFw0yNjEwMDgwNDIwMDBaFw0zNjEwMDUwNDIwMDBaMFkxCzAJ\nBgNVBAYTAlVTMRMwEQYDVQQIEwpDYWxpZm9ybmlhMRYwFAYDVQQHEw1TYW4gRnJh\nbmNpc2NvMR0wGwYDVQQDExRvcmRlcmVyMi5leGFtcGxlLmNvbTBZMBMGByqGSM49\nAgEGCCqGSM49AwEHA0IABIFLHK7Lqr0t/36IkksEb1KJiBwU2LF5EGum9OZ/F1W5\nUt9f4CH52wvnDUWerIAbLYLJhr9E5ZdMP5FpcICqpJSjgaMwgaAwDgYDVR0PAQH/\nBAQDAgWgMB0GA1UdJQQWMBQGCCsGAQUFBwMBBggrBgEFBQcDAjAMBgNVHRMBAf8E\nAjAAMCsGA1UdIwQkMCKAIKsDRHrnfR1PjmTq/sMxSzAd+sVxcDSUMdrq1iptt2mG\nMDQGA1UdEQQtMCuCFG9yZGVyZXIyLmV4YW1wbGUuY29tgghvcmRlcmVyMoIJbG9j\nYWxob3N0MAoGCCqGSM49BAMCA0cAMEQCICtGQKJ8nCuYoyd3lgZJf3mrX9MTGijQ\nNrNmUW4trxGnAiAgw/XEy+3RG+lTexMBhSoQRLynJSHpEOpU3IZcO0S6Ng==\n-----END CERTIFICATE-----\n" id:3  host:"orderer3.example.com"  port:7056  msp_id:"OrdererMSP"  identity:"-----BEGIN CERTIFICATE-----\nMIICHzCCAcWgAwIBAgIQJv3pXRM00Qzp3FgnSMpCOjAKBggqhkjOPQQDAjBpMQsw\nCQYDVQQGEwJVUzETMBEGA1UECBMKQ2FsaWZvcm5pYTEWMBQGA1UEBxMNU2FuIEZy\nYW5jaXNjbzEUMBIGA1UEChMLZXhhbXBsZS5jb20xFzAVBgNVBAMTDmNhLmV4YW1w\nbGUuY29tMB4XDTI2MTAwODA0MjAwMFoXDTM2MTAwNTA0MjAwMFowazELMAkGA1UE\nBhMCVVMxEzARBgNVBAgTCkNhbGlmb3JuaWExFjAUBgNVBAcTDVNhbiBGcmFuY2lz\nY28xEDAOBgNVBAsTB29yZGVyZXIxHTAbBgNVBAMTFG9yZGVyZXIzLmV4YW1wbGUu\nY29tMFkwEwYHKoZIzj0CAQYIKoZIzj0DAQcDQgAEbl1RzsAKavEsetxT1dEzSVIF\n9/6D2Rg7pDpynp4mFbdXx5/tijG/1TdPhfnEi+bl72Td+J1yshPP10tt8IpNTqNN\nMEswDgYDVR0PAQH/BAQDAgeAMAwGA1UdEwEB/wQCMAAwKwYDVR0jBCQwIoAgvpvu\nIlHeHjyGiWynUSCSWRPcNCqPO+Wl+ulJFNTbcRYwCgYIKoZIzj0EAwIDSAAwRQIh\nAJaICpRRkzuqBSUFdSn/8ejLjH4AQKWCmYDefeOYgot7AiADAU/m5aNeIs7tzpri\nLh+ECAVh5c1Bs/T/usks0dNaBA==\n-----END CERTIFICATE-----\n"  client_tls_cert:"-----BEGIN CERTIFICATE-----\nMIICZzCCAg2gAwIBAgIQYFGN3gsrqQpHZwNsFFoKljAKBggqhkjOPQQDAjBsMQsw\nCQYDVQQGEwJVUzETMBEGA1UECBMKQ2FsaWZvcm5pYTEWMBQGA1UEBxMNU2FuIEZy\nYW5jaXNjbzEUMBIGA1UEChMLZXhhbXBsZS5jb20xGjAYBgNVBAMTEXRsc2NhLmV4\nYW1wbGUuY29tMB4XDTI2MTAwODA0MjAwMFoXDTM2MTAwNTA0MjAwMFowWTELMAkG\nA1UEBhMCVVMxEzARBgNVBAgTCkNhbGlmb3JuaWExFjAUBgNVBAcTDVNhbiBGcmFu\nY2lzY28xHTAbBgNVBAMTFG9yZGVyZXIzLmV4YW1wbGUuY29tMFkwEwYHKoZIzj0C\nAQYIKoZIzj0DAQcDQgAEmRdm29ArKKq0LAfA5Kk0aIFG2DgeXykpmjYWVJYCtLm+\ng810BcizZ5Y7wOljzMumIg+Av3pTWvUohXdGzmk9kKOBozCBoDAOBgNVHQ8BAf8E\nBAMCBaAwHQYDVR0lBBYwFAYIKwYBBQUHAwEGCCsGAQUFBwMCMAwGA1UdEwEB/wQC\nMAAwKwYDVR0jBCQwIoAgqwNEeud9HU+OZOr+wzFLMB36xXFwNJQx2urWKm23aYYw\nNAYDVR0RBC0wK4IUb3JkZXJlcjMuZXhhbXBsZS5jb22CCG9yZGVyZXIzgglsb2Nh\nbGhvc3QwCgYIKoZIzj0EAwIDSAAwRQIhAMcWpvBtODY4SQwgEZAMStWfrNKrTkCN\nbiI9r78zumzkAiBXRwQRL4eBLPQP7R0vzxFHS2ZiPfX2h7r5ZwuNJCXoYA==\n-----END CERTIFICATE-----\n"  server_tls_cert:"-----BEGIN CERTIFICATE-----\nMIICZzCCAg2gAwIBAgIQYFGN3gsrqQpHZwNsFFoKljAKBggqhkjOPQQDAjBsMQsw\nCQYDVQQGEwJVUzETMBEGA1UECBMKQ2FsaWZvcm5pYTEWMBQGA1UEBxMNU2FuIEZy\nYW5jaXNjbzEUMBIGA1UEChMLZXhhbXBsZS5jb20xGjAYBgNVBAMTEXRsc2NhLmV4\nYW1wbGUuY29tMB4XDTI2MTAwODA0MjAwMFoXDTM2MTAwNTA0MjAwMFowWTELMAkG\nA1UEBhMCVVMxEzARBgNVBAgTCkNhbGlmb3JuaWExFjAUBgNVBAcTDVNhbiBGcmFu\nY2lzY28xHTAbBgNVBAMTFG9yZGVyZXIzLmV4YW1wbGUuY29tMFkwEwYHKoZIzj0C\nAQYIKoZIzj0DAQcDQgAEmRdm29ArKKq0LAfA5Kk0aIFG2DgeXykpmjYWVJYCtLm+\ng810BcizZ5Y7wOljzMumIg+Av3pTWvUohXdGzmk9kKOBozCBoDAOBgNVHQ8BAf8E\nBAMCBaAwHQYDVR0lBBYwFAYIKwYBBQUHAwEGCCsGAQUFBwMCMAwGA1UdEwEB/wQC\nMAAwKwYDVR0jBCQwIoAgqwNEeud9HU+OZOr+wzFLMB36xXFwNJQx2urWKm23aYYw\nNAYDVR0RBC0wK4IUb3JkZXJlcjMuZXhhbXBsZS5jb22CCG9yZGVyZXIzgglsb2Nh\nbGhvc3QwCgYIKoZIzj0EAwIDSAAwRQIhAMcWpvBtODY4SQwgEZAMStWfrNKrTkCN\nbiI9r78zumzkAiBXRwQRL4eBLPQP7R0vzxFHS2ZiPfX2h7r5ZwuNJCXoYA==\n-----END CERTIFICATE-----\n" id:4  host:"orderer4.example.com"  port:7058  msp_id:"OrdererMSP"  identity:"-----BEGIN CERTIFICATE-----\nMIICIDCCAcagAwIBAgIRANbmGX6654vn6r8cd+IR/M8wCgYIKoZIzj0EAwIwaTEL\nMAkGA1UEBhMCVVMxEzARBgNVBAgTCkNhbGlmb3JuaWExFjAUBgNVBAcTDVNhbiBG\ncmFuY2lzY28xFDASBgNVBAoTC2V4YW1wbGUuY29tMRcwFQYDVQQDEw5jYS5leGFt\ncGxlLmNvbTAeFw0yNjEwMDgwNDIwMDBaFw0zNjEwMDUwNDIwMDBaMGsxCzAJBgNV\nBAYTAlVTMRMwEQYDVQQIEwpDYWxpZm9ybmlhMRYwFAYDVQQHEw1TYW4gRnJhbmNp\nc2NvMRAwDgYDVQQLEwdvcmRlcmVyMR0wGwYDVQQDExRvcmRlcmVyNC5leGFtcGxl\nLmNvbTBZMBMGByqGSM49AgEGCCqGSM49AwEHA0IABMq+Zi4vtPJscrjTWFc8y4n9\ncokMAvGM4GpKfyI0XYSB5knH+8R0eG/EAQXdMeIRxJJvhiMRb+Wdn4FGBCAPJMGj\nTTBLMA4GA1UdDwEB/wQEAwIHgDAMBgNVHRMBAf8EAjAAMCsGA1UdIwQkMCKAIL6b\n7iJR3h48holsp1EgklkT3DQqjzvlpfrpSRTU23EWMAoGCCqGSM49BAMCA0gAMEUC\nIQD6IzeYXozRybV0KwQ8cS8cbSKqV+JBaCb0hZvEAUX5wwIgO2ItsmAirXsfD0Fo\n2lytqMtixH6xYqGgaeiFVVqrHT4=\n-----END CERTIFICATE-----\n"  client_tls_cert:"-----BEGIN CERTIFICATE-----\nMIICZjCCAg2gAwIBAgIQRNnCVQFDsMVgaePfAZD+JjAKBggqhkjOPQQDAjBsMQsw\nCQYDVQQGEwJVUzETMBEGA1UECBMKQ2FsaWZvcm5pYTEWMBQGA1UEBxMNU2FuIEZy\nYW5jaXNjbzEUMBIGA1UEChMLZXhhbXBsZS5jb20xGjAYBgNVBAMTEXRsc2NhLmV4\nYW1wbGUuY29tMB4XDTI2MTAwODA0MjAwMFoXDTM2MTAwNTA0MjAwMFowWTELMAkG\nA1UEBhMCVVMxEzARBgNVBAgTCkNhbGlmb3JuaWExFjAUBgNVBAcTDVNhbiBGcmFu\nY2lzY28xHTAbBgNVBAMTFG9yZGVyZXI0LmV4YW1wbGUuY29tMFkwEwYHKoZIzj0C\nAQYIKoZIzj0DAQcDQgAErgn6HpmgWE4fDseI7PHzqguPQ56LxsSZvx4xUA1c6MQ0\nPk33/O0fq7+PPxra1ZEpvul/ghu2UtdPLb4T8i32DaOBozCBoDAOBgNVHQ8BAf8E\nBAMCBaAwHQYDVR0lBBYwFAYIKwYBBQUHAwEGCCsGAQUFBwMCMAwGA1UdEwEB/wQC\nMAAwKwYDVR0jBCQwIoAgqwNEeud9HU+OZOr+wzFLMB36xXFwNJQx2urWKm23aYYw\nNAYDVR0RBC0wK4IUb3JkZXJlcjQuZXhhbXBsZS5jb22CCG9yZGVyZXI0gglsb2Nh\nbGhvc3QwCgYIKoZIzj0EAwIDRwAwRAIgdEtHnvSuzDcjX3p2Wxw06QFVtvO2UzKm\nEbXDmR6wGfMCIAqxrahsZhnO/zjcfGuFgeS1869oNUudY1iApJ8QwUIU\n-----END CERTIFICATE-----\n"  server_tls_cert:"-----BEGIN CERTIFICATE-----\nMIICZjCCAg2gAwIBAgIQRNnCVQFDsMVgaePfAZD+JjAKBggqhkjOPQQDAjBsMQsw\nCQYDVQQGEwJVUzETMBEGA1UECBMKQ2FsaWZvcm5pYTEWMBQGA1UEBxMNU2FuIEZy\nYW5jaXNjbzEUMBIGA1UEChMLZXhhbXBsZS5jb20xGjAYBgNVBAMTEXRsc2NhLmV4\nYW1wbGUuY29tMB4XDTI2MTAwODA0MjAwMFoXDTM2MTAwNTA0MjAwMFowWTELMAkG\nA1UEBhMCVVMxEzARBgNVBAgTCkNhbGlmb3JuaWExFjAUBgNVBAcTDVNhbiBGcmFu\nY2lzY28xHTAbBgNVBAMTFG9yZGVyZXI0LmV4YW1wbGUuY29tMFkwEwYHKoZIzj0C\nAQYIKoZIzj0DAQcDQgAErgn6HpmgWE4fDseI7PHzqguPQ56LxsSZvx4xUA1c6MQ0\nPk33/O0fq7+PPxra1ZEpvul/ghu2UtdPLb4T8i32DaOBozCBoDAOBgNVHQ8BAf8E\nBAMCBaAwHQYDVR0lBBYwFAYIKwYBBQUHAwEGCCsGAQUFBwMCMAwGA1UdEwEB/wQC\nMAAwKwYDVR0jBCQwIoAgqwNEeud9HU+OZOr+wzFLMB36xXFwNJQx2urWKm23aYYw\nNAYDVR0RBC0wK4IUb3JkZXJlcjQuZXhhbXBsZS5jb22CCG9yZGVyZXI0gglsb2Nh\nbGhvc3QwCgYIKoZIzj0EAwIDRwAwRAIgdEtHnvSuzDcjX3p2Wxw06QFVtvO2UzKm\nEbXDmR6wGfMCIAqxrahsZhnO/zjcfGuFgeS1869oNUudY1iApJ8QwUIU\n-----END CERTIFICATE-----\n"]
[34m2026-10-08 04:25:26.774 UTC 0056 INFO[0m [grpc] [34;1mAddTraceEvent[0m -> [core] [Channel #8 SubChannel #9]Subchannel Connectivity change to CONNECTING
[34m2026-10-08 04:25:26.774 UTC 0057 INFO[0m [grpc] [34;1mAddTraceEvent[0m -> [core] [Channel #8 SubChannel #9]Subchannel picks a new address "orderer4.example.com:7058" to connect
[34m2026-10-08 04:25:26.774 UTC 0058 INFO[0m [grpc] [34;1mInfof[0m -> [pick-first-lb] [pick-first-lb 0xc00078be00] Received SubConn state update: 0xc00078bf20, {ConnectivityState:CONNECTING ConnectionError:<nil> connectedAddress:{Addr: ServerName: Attributes:<nil> BalancerAttributes:<nil> Metadata:<nil>}}
[34m2026-10-08 04:25:26.774 UTC 0059 INFO[0m [orderer.consensus.smartbft.consensus] [34;1mRestore[0m -> WAL contains 2 entries channel=mychannel
[34m2026-10-08 04:25:26.774 UTC 005a INFO[0m [orderer.consensus.smartbft.consensus] [34;1mrecoverPrepared[0m -> Last proposal with sequence 6 has been safely committed channel=mychannel
[34m2026-10-08 04:25:26.774 UTC 005b INFO[0m [orderer.consensus.smartbft.consensus] [34;1mChangeRole[0m -> Changing to leader role, current view: 0, current leader: 1 channel=mychannel
[34m2026-10-08 04:25:26.774 UTC 005c INFO[0m [orderer.consensus.smartbft.consensus] [34;1mstartView[0m -> Starting view with number 0, sequence 6, and decisions 5 channel=mychannel
[34m2026-10-08 04:25:26.774 UTC 005d INFO[0m [orderer.common.multichannel] [34;1mstartChannels[0m -> Registrar initializing without a system channel, number of application channels: 1, with 1 consensus.Chain(s) and 0 follower.Chain(s)
[34m2026-10-08 04:25:26.775 UTC 005e INFO[0m [orderer.common.server] [34;1mMain[0m -> Starting orderer:
 Version: v3.0.0
 Commit SHA: 94590aa
 Go version: go1.23.1
 OS/Arch: linux/amd64
[34m2026-10-08 04:25:26.777 UTC 005f INFO[0m [orderer.common.server] [34;1mMain[0m -> Beginning to serve requests
[34m2026-10-08 04:25:26.777 UTC 0060 INFO[0m [grpc] [34;1mAddTraceEvent[0m -> [core] [Server #1 ListenSocket #10]ListenSocket created
[34m2026-10-08 04:25:26.778 UTC 0061 INFO[0m [grpc] [34;1mAddTraceEvent[0m -> [core] [Channel #4 SubChannel #5]Subchannel Connectivity change to READY
[34m2026-10-08 04:25:26.778 UTC 0062 INFO[0m [grpc] [34;1mInfof[0m -> [pick-first-lb] [pick-first-lb 0xc00078a180] Received SubConn state update: 0xc00078a2a0, {ConnectivityState:READY ConnectionError:<nil> connectedAddress:{Addr:orderer2.example.com:7052 ServerName:orderer2.example.com:7052 Attributes:<nil> BalancerAttributes:<nil> Metadata:<nil>}}
[34m2026-10-08 04:25:26.779 UTC 0063 INFO[0m [grpc] [34;1mAddTraceEvent[0m -> [core] [Channel #6 SubChannel #7]Subchannel Connectivity change to READY
[34m2026-10-08 04:25:26.779 UTC 0065 INFO[0m [grpc] [34;1mInfof[0m -> [pick-first-lb] [pick-first-lb 0xc00078afc0] Received SubConn state update: 0xc00078b0e0, {ConnectivityState:READY ConnectionError:<nil> connectedAddress:{Addr:orderer3.example.com:7056 ServerName:orderer3.example.com:7056 Attributes:<nil> BalancerAttributes:<nil> Metadata:<nil>}}
[34m2026-10-08 04:25:26.779 UTC 0067 INFO[0m [grpc] [34;1mAddTraceEvent[0m -> [core] [Channel #6]Channel Connectivity change to READY
[34m2026-10-08 04:25:26.779 UTC 0066 INFO[0m [grpc] [34;1mAddTraceEvent[0m -> [core] [Channel #8 SubChannel #9]Subchannel Connectivity change to READY
[34m2026-10-08 04:25:26.779 UTC 0068 INFO[0m [grpc] [34;1mInfof[0m -> [pick-first-lb] [pick-first-lb 0xc00078be00] Received SubConn state update: 0xc00078bf20, {ConnectivityState:READY ConnectionError:<nil> connectedAddress:{Addr:orderer4.example.com:7058 ServerName:orderer4.example.com:7058 Attributes:<nil> BalancerAttributes:<nil> Metadata:<nil>}}
[34m2026-10-08 04:25:26.779 UTC 0069 INFO[0m [grpc] [34;1mAddTraceEvent[0m -> [core] [Channel #8]Channel Connectivity change to READY
[34m2026-10-08 04:25:26.779 UTC 0064 INFO[0m [grpc] [34;1mAddTraceEvent[0m -> [core] [Channel #4]Channel Connectivity change to READY
[34m2026-10-08 04:25:26.779 UTC 006a INFO[0m [grpc] [34;1mAddTraceEvent[0m -> [core] [Channel #2 SubChannel #3]Subchannel Connectivity change to READY
[34m2026-10-08 04:25:26.779 UTC 006b INFO[0m [grpc] [34;1mInfof[0m -> [pick-first-lb] [pick-first-lb 0xc0006ad740] Received SubConn state update: 0xc0006ad890, {ConnectivityState:READY ConnectionError:<nil> connectedAddress:{Addr:orderer.example.com:7050 ServerName:orderer.example.com:7050 Attributes:<nil> BalancerAttributes:<nil> Metadata:<nil>}}
[34m2026-10-08 04:25:26.779 UTC 006c INFO[0m [grpc] [34;1mAddTraceEvent[0m -> [core] [Channel #2]Channel Connectivity change to READY
[34m2026-10-08 04:25:43.583 UTC 006d INFO[0m [comm.grpc.server] [34;1m1[0m -> streaming call completed grpc.service=orderer.AtomicBroadcast grpc.method=Deliver grpc.peer_address=172.18.0.7:56042 grpc.peer_subject="CN=orderer2.example.com,L=San Francisco,ST=California,C=US" error="context finished before block retrieved: context canceled" grpc.code=Unknown grpc.call_duration=1.082447ms
[34m2026-10-08 04:25:43.585 UTC 006e INFO[0m [grpc] [34;1mInfof[0m -> [transport] [server-transport 0xc0008cc680] Closing: EOF
[34m2026-10-08 04:25:43.585 UTC 006f INFO[0m [grpc] [34;1mInfof[0m -> [transport] [server-transport 0xc0008cc680] loopyWriter exiting with error: transport closed by client
[34m2026-10-08 04:25:43.611 UTC 0070 INFO[0m [comm.grpc.server] [34;1m1[0m -> streaming call completed grpc.service=orderer.AtomicBroadcast grpc.method=Deliver grpc.peer_address=172.18.0.4:58728 grpc.peer_subject="CN=orderer3.example.com,L=San Francisco,ST=California,C=US" error="context finished before block retrieved: context canceled" grpc.code=Unknown grpc.call_duration=1.352074ms
[34m2026-10-08 04:25:43.612 UTC 0071 INFO[0m [grpc] [34;1mInfof[0m -> [transport] [server-transport 0xc0002f1520] Closing: EOF
[34m2026-10-08 04:25:43.612 UTC 0072 INFO[0m [grpc] [34;1mInfof[0m -> [transport] [server-transport 0xc0002f1520] loopyWriter exiting with error: transport closed by client
[34m2026-10-08 04:25:43.641 UTC 0073 INFO[0m [comm.grpc.server] [34;1m1[0m -> streaming call completed grpc.service=orderer.AtomicBroadcast grpc.method=Deliver grpc.peer_address=172.18.0.2:59138 grpc.peer_subject="CN=orderer4.example.com,L=San Francisco,ST=California,C=US" error="context finished before block retrieved: context canceled" grpc.code=Unknown grpc.call_duration=1.646626ms
[34m2026-10-08 04:25:43.643 UTC 0074 INFO[0m [grpc] [34;1mInfof[0m -> [transport] [server-transport 0xc0008cc820] Closing: EOF
[34m2026-10-08 04:25:43.643 UTC 0075 INFO[0m [grpc] [34;1mInfof[0m -> [transport] [server-transport 0xc0008cc820] loopyWriter exiting with error: transport closed by client
[34m2026-10-08 04:25:46.714 UTC 0076 INFO[0m [grpc] [34;1mInfof[0m -> [transport] [client-transport 0xc00073c488] Closing: connection error: desc = "error reading from server: EOF"
[34m2026-10-08 04:25:46.714 UTC 0077 INFO[0m [grpc] [34;1mAddTraceEvent[0m -> [core] [Channel #8 SubChannel #9]Subchannel Connectivity change to IDLE
[34m2026-10-08 04:25:46.714 UTC 0078 INFO[0m [grpc] [34;1mInfof[0m -> [transport] [client-transport 0xc00073c488] loopyWriter exiting with error: connection error: desc = "error reading from server: EOF"
[34m2026-10-08 04:25:46.714 UTC 0079 INFO[0m [grpc] [34;1mInfof[0m -> [pick-first-lb] [pick-first-lb 0xc00078be00] Received SubConn state update: 0xc00078bf20, {ConnectivityState:IDLE ConnectionError:<nil> connectedAddress:{Addr: ServerName: Attributes:<nil> BalancerAttributes:<nil> Metadata:<nil>}}
[34m2026-10-08 04:25:46.714 UTC 007a INFO[0m [grpc] [34;1mAddTraceEvent[0m -> [core] [Channel #8]Channel Connectivity change to IDLE
[33m2026-10-08 04:25:46.772 UTC 007b WARN[0m [orderer.common.cluster.step] [33;1msendMessage[0m -> Send of ConsensusRequest for channel  with payload of size 4 to orderer4.example.com(orderer4.example.com:7058) took 36.075µs but failed due to EOF
[34m2026-10-08 04:25:47.636 UTC 007c INFO[0m [grpc] [34;1mInfof[0m -> [transport] [client-transport 0xc00073c248] Closing: connection error: desc = "error reading from server: EOF"
[34m2026-10-08 04:25:47.636 UTC 007d INFO[0m [grpc] [34;1mAddTraceEvent[0m -> [core] [Channel #6 SubChannel #7]Subchannel Connectivity change to IDLE
[34m2026-10-08 04:25:47.636 UTC 007e INFO[0m [grpc] [34;1mInfof[0m -> [transport] [client-transport 0xc00073c248] loopyWriter exiting with error: connection error: desc = "error reading from server: EOF"
[34m2026-10-08 04:25:47.636 UTC 007f INFO[0m [grpc] [34;1mInfof[0m -> [pick-first-lb] [pick-first-lb 0xc00078afc0] Received SubConn state update: 0xc00078b0e0, {ConnectivityState:IDLE ConnectionError:<nil> connectedAddress:{Addr: ServerName: Attributes:<nil> BalancerAttributes:<nil> Metadata:<nil>}}
[34m2026-10-08 04:25:47.636 UTC 0080 INFO[0m [grpc] [34;1mAddTraceEvent[0m -> [core] [Channel #6]Channel Connectivity change to IDLE
[33m2026-10-08 04:25:53.773 UTC 0081 WARN[0m [orderer.consensus.smartbft.egress] [33;1mSendConsensus[0m -> Failed sending to 4: EOF channel=mychannel
[33m2026-10-08 04:25:53.773 UTC 0082 WARN[0m [orderer.common.cluster.step] [33;1msendMessage[0m -> Send of ConsensusRequest for channel  with payload of size 4 to orderer3.example.com(orderer3.example.com:7056) took 27.772µs but failed due to EOF
[33m2026-10-08 04:25:59.772 UTC 0083 WARN[0m [orderer.consensus.smartbft.egress] [33;1mSendConsensus[0m -> Failed sending to 3: EOF channel=mychannel
[34m2026-10-08 04:25:59.772 UTC 0084 INFO[0m [grpc] [34;1mAddTraceEvent[0m -> [core] [Channel #8 SubChannel #9]Subchannel Connectivity change to CONNECTING
[34m2026-10-08 04:25:59.772 UTC 0085 INFO[0m [grpc] [34;1mAddTraceEvent[0m -> [core] [Channel #8 SubChannel #9]Subchannel picks a new address "orderer4.example.com:7058" to connect
[34m2026-10-08 04:25:59.772 UTC 0086 INFO[0m [grpc] [34;1mInfof[0m -> [pick-first-lb] [pick-first-lb 0xc00078be00] Received SubConn state update: 0xc00078bf20, {ConnectivityState:CONNECTING ConnectionError:<nil> connectedAddress:{Addr: ServerName: Attributes:<nil> BalancerAttributes:<nil> Metadata:<nil>}}
[34m2026-10-08 04:25:59.772 UTC 0087 INFO[0m [grpc] [34;1mAddTraceEvent[0m -> [core] [Channel #8]Channel Connectivity change to CONNECTING
[34m2026-10-08 04:25:59.775 UTC 0088 INFO[0m [grpc] [34;1mAddTraceEvent[0m -> [core] [Channel #8 SubChannel #9]Subchannel Connectivity change to READY
[34m2026-10-08 04:25:59.775 UTC 0089 INFO[0m [grpc] [34;1mInfof[0m -> [pick-first-lb] [pick-first-lb 0xc00078be00] Received SubConn state update: 0xc00078bf20, {ConnectivityState:READY ConnectionError:<nil> connectedAddress:{Addr:orderer4.example.com:7058 ServerName:orderer4.example.com:7058 Attributes:<nil> BalancerAttributes:<nil> Metadata:<nil>}}
[34m2026-10-08 04:25:59.775 UTC 008a INFO[0m [grpc] [34;1mAddTraceEvent[0m -> [core] [Channel #8]Channel Connectivity change to READY
[34m2026-10-08 04:26:05.773 UTC 008b INFO[0m [grpc] [34;1mAddTraceEvent[0m -> [core] [Channel #6 SubChannel #7]Subchannel Connectivity change to CONNECTING
[34m2026-10-08 04:26:05.773 UTC 008c INFO[0m [grpc] [34;1mAddTraceEvent[0m -> [core] [Channel #6 SubChannel #7]Subchannel picks a new address "orderer3.example.com:7056" to connect
[34m2026-10-08 04:26:05.773 UTC 008d INFO[0m [grpc] [34;1mInfof[0m -> [pick-first-lb] [pick-first-lb 0xc00078afc0] Received SubConn state update: 0xc00078b0e0, {ConnectivityState:CONNECTING ConnectionError:<nil> connectedAddress:{Addr: ServerName: Attributes:<nil> BalancerAttributes:<nil> Metadata:<nil>}}
[34m2026-10-08 04:26:05.773 UTC 008e INFO[0m [grpc] [34;1mAddTraceEvent[0m -> [core] [Channel #6]Channel Connectivity change to CONNECTING
[34m2026-10-08 04:26:05.775 UTC 008f INFO[0m [grpc] [34;1mAddTraceEvent[0m -> [core] [Channel #6 SubChannel #7]Subchannel Connectivity change to READY
[34m2026-10-08 04:26:05.775 UTC 0090 INFO[0m [grpc] [34;1mInfof[0m -> [pick-first-lb] [pick-first-lb 0xc00078afc0] Received SubConn state update: 0xc00078b0e0, {ConnectivityState:READY ConnectionError:<nil> connectedAddress:{Addr:orderer3.example.com:7056 ServerName:orderer3.example.com:7056 Attributes:<nil> BalancerAttributes:<nil> Metadata:<nil>}}
[34m2026-10-08 04:26:05.775 UTC 0091 INFO[0m [grpc] [34;1mAddTraceEvent[0m -> [core] [Channel #6]Channel Connectivity change to READY
