2026.10.07-11:23:06.583 info  [caliper] [cli-launch-manager] 	Set workspace path: /home/runner/work/bzt-id-experiments/bzt-id-experiments/fabric-bench/caliper
2026.10.07-11:23:06.583 info  [caliper] [cli-launch-manager] 	Set benchmark configuration path: /home/runner/work/bzt-id-experiments/bzt-id-experiments/fabric-bench/caliper/benchmarks/config.yaml
2026.10.07-11:23:06.584 info  [caliper] [cli-launch-manager] 	Set network configuration path: /home/runner/work/bzt-id-experiments/bzt-id-experiments/fabric-bench/caliper/networks/networkConfig.yaml
2026.10.07-11:23:06.584 info  [caliper] [cli-launch-manager] 	Set SUT type: fabric
2026.10.07-11:23:06.605 info  [caliper] [benchmark-validator] 	No observer specified, will default to `none`
2026.10.07-11:23:06.606 info  [caliper] [caliper-engine] 	Starting benchmark flow
2026.10.07-11:23:06.606 info  [caliper] [caliper-engine] 	Skipping start commands due to benchmark flow conditioning
2026.10.07-11:23:06.606 info  [caliper] [caliper-engine] 	Skipping initialization phase due to benchmark flow conditioning
2026.10.07-11:23:06.606 info  [caliper] [caliper-engine] 	Skipping install smart contract phase due to benchmark flow conditioning
2026.10.07-11:23:06.718 info  [caliper] [FabricConnectorFactory] 	Initializing peer gateway connector compatible with installed fabric-gateway SDK: 1.7.1
2026.10.07-11:23:06.737 info  [caliper] [IdentityManager] 	Adding User1@org1.example.com (admin=false) as User1@org1.example.com for organization Org1MSP
2026.10.07-11:23:06.740 info  [caliper] [monitor.js] 	No resource monitors specified
2026.10.07-11:23:06.741 info  [caliper] [default-observer] 	Observer interval set to 5000 milliseconds
2026.10.07-11:23:06.746 info  [caliper] [round-orchestrator] 	Preparing worker connections
2026.10.07-11:23:06.746 info  [caliper] [worker-orchestrator] 	Launching worker 1 of 1
2026.10.07-11:23:06.751 info  [caliper] [worker-orchestrator] 	Messenger not configured, entering configure phase...
2026.10.07-11:23:06.752 info  [caliper] [worker-orchestrator] 	No existing workers detected, entering worker launch phase...
2026.10.07-11:23:06.752 info  [caliper] [worker-orchestrator] 	Waiting for 1 workers to be connected...
2026.10.07-11:23:06.992 info  [caliper] [cli-launch-worker] 	Set workspace path: /home/runner/work/bzt-id-experiments/bzt-id-experiments/fabric-bench/caliper
2026.10.07-11:23:06.992 info  [caliper] [cli-launch-worker] 	Set benchmark configuration path: /home/runner/work/bzt-id-experiments/bzt-id-experiments/fabric-bench/caliper/benchmarks/config.yaml
2026.10.07-11:23:06.993 info  [caliper] [cli-launch-worker] 	Set network configuration path: /home/runner/work/bzt-id-experiments/bzt-id-experiments/fabric-bench/caliper/networks/networkConfig.yaml
2026.10.07-11:23:06.993 info  [caliper] [cli-launch-worker] 	Set SUT type: fabric
2026.10.07-11:23:07.027 info  [caliper] [worker-orchestrator] 	1 workers connected, progressing to worker assignment phase.
2026.10.07-11:23:07.027 info  [caliper] [worker-orchestrator] 	Workers currently unassigned, awaiting index assignment...
2026.10.07-11:23:07.027 info  [caliper] [worker-orchestrator] 	Waiting for 1 workers to be assigned...
2026.10.07-11:23:07.049 info  [caliper] [worker-orchestrator] 	1 workers assigned, progressing to worker initialization phase.
2026.10.07-11:23:07.049 info  [caliper] [worker-orchestrator] 	Waiting for 1 workers to be ready...
2026.10.07-11:23:07.051 info  [caliper] [worker-message-handler] 	Initializing Worker#0...
2026.10.07-11:23:07.184 info  [caliper] [FabricConnectorFactory] 	Initializing peer gateway connector compatible with installed fabric-gateway SDK: 1.7.1
2026.10.07-11:23:07.188 info  [caliper] [IdentityManager] 	Adding User1@org1.example.com (admin=false) as User1@org1.example.com for organization Org1MSP
2026.10.07-11:23:07.194 info  [caliper] [worker-message-handler] 	Worker#0 initialized
2026.10.07-11:23:07.195 info  [caliper] [worker-orchestrator] 	1 workers ready, progressing to test preparation phase.
2026.10.07-11:23:07.195 info  [caliper] [round-orchestrator] 	Started round 1 (seed)
2026.10.07-11:23:07.196 info  [caliper] [worker-message-handler] 	Preparing Worker#0 for Round#0
2026.10.07-11:23:07.208 info  [caliper] [connectors/peer-gateway/PeerGateway] 	Generating contract map for user User1@org1.example.com
2026.10.07-11:23:07.208 info  [caliper] [caliper-worker] 	Info: worker 0 prepare test phase for round 0 is starting...
2026.10.07-11:23:07.211 info  [caliper] [connectors/peer-gateway/PeerGateway] 	disconnecting gateway for user User1@org1.example.com
2026.10.07-11:23:07.211 info  [caliper] [connectors/peer-gateway/PeerGateway] 	disconnecting gRpc client at peer peer0.org1.example.com
2026.10.07-11:23:07.212 info  [caliper] [caliper-worker] 	Info: worker 0 prepare test phase for round 0 is completed
2026.10.07-11:23:07.212 info  [caliper] [worker-message-handler] 	Worker#0 prepared for Round#0
2026.10.07-11:23:07.213 info  [caliper] [worker-orchestrator] 	1 workers prepared, progressing to test phase.
2026.10.07-11:23:07.213 info  [caliper] [round-orchestrator] 	Monitors successfully started
2026.10.07-11:23:07.214 info  [caliper] [worker-message-handler] 	Worker#0 is starting Round#0
2026.10.07-11:23:07.216 info  [caliper] [connectors/peer-gateway/PeerGateway] 	Generating contract map for user User1@org1.example.com
2026.10.07-11:23:07.218 info  [caliper] [caliper-worker] 	Worker #0 starting workload loop
2026.10.07-11:23:12.222 info  [caliper] [default-observer] 	[seed Round 0 Transaction Info] - Submitted: 314 Succ: 294 Fail:0 Unfinished:20
2026.10.07-11:23:14.120 info  [caliper] [connectors/peer-gateway/PeerGateway] 	disconnecting gateway for user User1@org1.example.com
2026.10.07-11:23:14.120 info  [caliper] [connectors/peer-gateway/PeerGateway] 	disconnecting gRpc client at peer peer0.org1.example.com
2026.10.07-11:23:14.120 info  [caliper] [worker-message-handler] 	Worker#0 finished Round#0
2026.10.07-11:23:19.123 info  [caliper] [default-observer] 	Resetting txCount indicator count
2026.10.07-11:23:19.124 info  [caliper] [report-builder] 	### Test result ###
2026.10.07-11:23:19.128 info  [caliper] [report-builder] 	
+------+------+------+-----------------+-----------------+-----------------+-----------------+------------------+
| Name | Succ | Fail | Send Rate (TPS) | Max Latency (s) | Min Latency (s) | Avg Latency (s) | Throughput (TPS) |
|------|------|------|-----------------|-----------------|-----------------|-----------------|------------------|
| seed | 500  | 0    | 91.0            | 0.66            | 0.08            | 0.33            | 87.8             |
+------+------+------+-----------------+-----------------+-----------------+-----------------+------------------+

2026.10.07-11:23:19.128 info  [caliper] [round-orchestrator] 	Finished round 1 (seed) in 5.902 seconds
2026.10.07-11:23:19.128 info  [caliper] [monitor.js] 	Stopping all monitors
2026.10.07-11:23:19.128 info  [caliper] [round-orchestrator] 	Waiting 5 seconds for the next round...
2026.10.07-11:23:24.130 info  [caliper] [round-orchestrator] 	Started round 2 (issue-10tps)
2026.10.07-11:23:24.130 info  [caliper] [worker-message-handler] 	Preparing Worker#0 for Round#1
2026.10.07-11:23:24.133 info  [caliper] [connectors/peer-gateway/PeerGateway] 	Generating contract map for user User1@org1.example.com
2026.10.07-11:23:24.133 info  [caliper] [caliper-worker] 	Info: worker 0 prepare test phase for round 1 is starting...
2026.10.07-11:23:24.134 info  [caliper] [connectors/peer-gateway/PeerGateway] 	disconnecting gateway for user User1@org1.example.com
2026.10.07-11:23:24.134 info  [caliper] [connectors/peer-gateway/PeerGateway] 	disconnecting gRpc client at peer peer0.org1.example.com
2026.10.07-11:23:24.134 info  [caliper] [caliper-worker] 	Info: worker 0 prepare test phase for round 1 is completed
2026.10.07-11:23:24.134 info  [caliper] [worker-message-handler] 	Worker#0 prepared for Round#1
2026.10.07-11:23:24.135 info  [caliper] [worker-orchestrator] 	1 workers prepared, progressing to test phase.
2026.10.07-11:23:24.135 info  [caliper] [round-orchestrator] 	Monitors successfully started
2026.10.07-11:23:24.135 info  [caliper] [worker-message-handler] 	Worker#0 is starting Round#1
2026.10.07-11:23:24.137 info  [caliper] [connectors/peer-gateway/PeerGateway] 	Generating contract map for user User1@org1.example.com
2026.10.07-11:23:24.138 info  [caliper] [caliper-worker] 	Worker #0 starting workload loop
2026.10.07-11:23:29.135 info  [caliper] [default-observer] 	[issue-10tps Round 1 Transaction Info] - Submitted: 41 Succ: 38 Fail:0 Unfinished:3
2026.10.07-11:23:34.136 info  [caliper] [default-observer] 	[issue-10tps Round 1 Transaction Info] - Submitted: 91 Succ: 88 Fail:0 Unfinished:3
2026.10.07-11:23:39.138 info  [caliper] [default-observer] 	[issue-10tps Round 1 Transaction Info] - Submitted: 141 Succ: 138 Fail:0 Unfinished:3
2026.10.07-11:23:44.139 info  [caliper] [default-observer] 	[issue-10tps Round 1 Transaction Info] - Submitted: 191 Succ: 190 Fail:0 Unfinished:1
2026.10.07-11:23:49.141 info  [caliper] [default-observer] 	[issue-10tps Round 1 Transaction Info] - Submitted: 241 Succ: 238 Fail:0 Unfinished:3
2026.10.07-11:23:54.141 info  [caliper] [default-observer] 	[issue-10tps Round 1 Transaction Info] - Submitted: 291 Succ: 290 Fail:0 Unfinished:1
2026.10.07-11:23:55.239 info  [caliper] [connectors/peer-gateway/PeerGateway] 	disconnecting gateway for user User1@org1.example.com
2026.10.07-11:23:55.239 info  [caliper] [connectors/peer-gateway/PeerGateway] 	disconnecting gRpc client at peer peer0.org1.example.com
2026.10.07-11:23:55.240 info  [caliper] [worker-message-handler] 	Worker#0 finished Round#1
2026.10.07-11:24:00.242 info  [caliper] [default-observer] 	Resetting txCount indicator count
2026.10.07-11:24:00.243 info  [caliper] [report-builder] 	### Test result ###
2026.10.07-11:24:00.244 info  [caliper] [report-builder] 	
+-------------+------+------+-----------------+-----------------+-----------------+-----------------+------------------+
| Name        | Succ | Fail | Send Rate (TPS) | Max Latency (s) | Min Latency (s) | Avg Latency (s) | Throughput (TPS) |
|-------------|------|------|-----------------|-----------------|-----------------|-----------------|------------------|
| issue-10tps | 301  | 0    | 10.0            | 0.23            | 0.02            | 0.13            | 10.0             |
+-------------+------+------+-----------------+-----------------+-----------------+-----------------+------------------+

2026.10.07-11:24:00.244 info  [caliper] [round-orchestrator] 	Finished round 2 (issue-10tps) in 30.101 seconds
2026.10.07-11:24:00.244 info  [caliper] [monitor.js] 	Stopping all monitors
2026.10.07-11:24:00.244 info  [caliper] [round-orchestrator] 	Waiting 5 seconds for the next round...
2026.10.07-11:24:05.245 info  [caliper] [round-orchestrator] 	Started round 3 (issue-25tps)
2026.10.07-11:24:05.246 info  [caliper] [worker-message-handler] 	Preparing Worker#0 for Round#2
2026.10.07-11:24:05.248 info  [caliper] [connectors/peer-gateway/PeerGateway] 	Generating contract map for user User1@org1.example.com
2026.10.07-11:24:05.248 info  [caliper] [caliper-worker] 	Info: worker 0 prepare test phase for round 2 is starting...
2026.10.07-11:24:05.250 info  [caliper] [connectors/peer-gateway/PeerGateway] 	disconnecting gateway for user User1@org1.example.com
2026.10.07-11:24:05.250 info  [caliper] [connectors/peer-gateway/PeerGateway] 	disconnecting gRpc client at peer peer0.org1.example.com
2026.10.07-11:24:05.250 info  [caliper] [caliper-worker] 	Info: worker 0 prepare test phase for round 2 is completed
2026.10.07-11:24:05.250 info  [caliper] [worker-message-handler] 	Worker#0 prepared for Round#2
2026.10.07-11:24:05.250 info  [caliper] [worker-orchestrator] 	1 workers prepared, progressing to test phase.
2026.10.07-11:24:05.251 info  [caliper] [round-orchestrator] 	Monitors successfully started
2026.10.07-11:24:05.251 info  [caliper] [worker-message-handler] 	Worker#0 is starting Round#2
2026.10.07-11:24:05.252 info  [caliper] [connectors/peer-gateway/PeerGateway] 	Generating contract map for user User1@org1.example.com
2026.10.07-11:24:05.253 info  [caliper] [caliper-worker] 	Worker #0 starting workload loop
2026.10.07-11:24:10.252 info  [caliper] [default-observer] 	[issue-25tps Round 2 Transaction Info] - Submitted: 100 Succ: 97 Fail:0 Unfinished:3
2026.10.07-11:24:15.253 info  [caliper] [default-observer] 	[issue-25tps Round 2 Transaction Info] - Submitted: 225 Succ: 221 Fail:0 Unfinished:4
2026.10.07-11:24:20.255 info  [caliper] [default-observer] 	[issue-25tps Round 2 Transaction Info] - Submitted: 376 Succ: 372 Fail:0 Unfinished:4
2026.10.07-11:24:25.255 info  [caliper] [default-observer] 	[issue-25tps Round 2 Transaction Info] - Submitted: 501 Succ: 496 Fail:0 Unfinished:5
2026.10.07-11:24:30.256 info  [caliper] [default-observer] 	[issue-25tps Round 2 Transaction Info] - Submitted: 626 Succ: 621 Fail:0 Unfinished:5
2026.10.07-11:24:35.256 info  [caliper] [default-observer] 	[issue-25tps Round 2 Transaction Info] - Submitted: 751 Succ: 748 Fail:0 Unfinished:3
2026.10.07-11:24:36.455 info  [caliper] [connectors/peer-gateway/PeerGateway] 	disconnecting gateway for user User1@org1.example.com
2026.10.07-11:24:36.455 info  [caliper] [connectors/peer-gateway/PeerGateway] 	disconnecting gRpc client at peer peer0.org1.example.com
2026.10.07-11:24:36.456 info  [caliper] [worker-message-handler] 	Worker#0 finished Round#2
2026.10.07-11:24:41.458 info  [caliper] [default-observer] 	Resetting txCount indicator count
2026.10.07-11:24:41.458 info  [caliper] [report-builder] 	### Test result ###
2026.10.07-11:24:41.459 info  [caliper] [report-builder] 	
+-------------+------+------+-----------------+-----------------+-----------------+-----------------+------------------+
| Name        | Succ | Fail | Send Rate (TPS) | Max Latency (s) | Min Latency (s) | Avg Latency (s) | Throughput (TPS) |
|-------------|------|------|-----------------|-----------------|-----------------|-----------------|------------------|
| issue-25tps | 751  | 0    | 25.0            | 0.23            | 0.02            | 0.13            | 24.9             |
+-------------+------+------+-----------------+-----------------+-----------------+-----------------+------------------+

2026.10.07-11:24:41.459 info  [caliper] [round-orchestrator] 	Finished round 3 (issue-25tps) in 30.201 seconds
2026.10.07-11:24:41.459 info  [caliper] [monitor.js] 	Stopping all monitors
2026.10.07-11:24:41.459 info  [caliper] [round-orchestrator] 	Waiting 5 seconds for the next round...
2026.10.07-11:24:46.465 info  [caliper] [round-orchestrator] 	Started round 4 (issue-50tps)
2026.10.07-11:24:46.465 info  [caliper] [worker-message-handler] 	Preparing Worker#0 for Round#3
2026.10.07-11:24:46.470 info  [caliper] [connectors/peer-gateway/PeerGateway] 	Generating contract map for user User1@org1.example.com
2026.10.07-11:24:46.470 info  [caliper] [caliper-worker] 	Info: worker 0 prepare test phase for round 3 is starting...
2026.10.07-11:24:46.471 info  [caliper] [connectors/peer-gateway/PeerGateway] 	disconnecting gateway for user User1@org1.example.com
2026.10.07-11:24:46.471 info  [caliper] [connectors/peer-gateway/PeerGateway] 	disconnecting gRpc client at peer peer0.org1.example.com
2026.10.07-11:24:46.471 info  [caliper] [caliper-worker] 	Info: worker 0 prepare test phase for round 3 is completed
2026.10.07-11:24:46.471 info  [caliper] [worker-message-handler] 	Worker#0 prepared for Round#3
2026.10.07-11:24:46.472 info  [caliper] [worker-orchestrator] 	1 workers prepared, progressing to test phase.
2026.10.07-11:24:46.472 info  [caliper] [round-orchestrator] 	Monitors successfully started
2026.10.07-11:24:46.472 info  [caliper] [worker-message-handler] 	Worker#0 is starting Round#3
2026.10.07-11:24:46.473 info  [caliper] [connectors/peer-gateway/PeerGateway] 	Generating contract map for user User1@org1.example.com
2026.10.07-11:24:46.474 info  [caliper] [caliper-worker] 	Worker #0 starting workload loop
2026.10.07-11:24:51.473 info  [caliper] [default-observer] 	[issue-50tps Round 3 Transaction Info] - Submitted: 200 Succ: 199 Fail:0 Unfinished:1
2026.10.07-11:24:56.474 info  [caliper] [default-observer] 	[issue-50tps Round 3 Transaction Info] - Submitted: 450 Succ: 441 Fail:0 Unfinished:9
2026.10.07-11:25:01.476 info  [caliper] [default-observer] 	[issue-50tps Round 3 Transaction Info] - Submitted: 751 Succ: 749 Fail:0 Unfinished:2
2026.10.07-11:25:06.476 info  [caliper] [default-observer] 	[issue-50tps Round 3 Transaction Info] - Submitted: 1001 Succ: 991 Fail:0 Unfinished:10
2026.10.07-11:25:11.476 info  [caliper] [default-observer] 	[issue-50tps Round 3 Transaction Info] - Submitted: 1250 Succ: 1244 Fail:0 Unfinished:6
2026.10.07-11:25:16.476 info  [caliper] [default-observer] 	[issue-50tps Round 3 Transaction Info] - Submitted: 1501 Succ: 1496 Fail:0 Unfinished:5
2026.10.07-11:25:17.678 info  [caliper] [connectors/peer-gateway/PeerGateway] 	disconnecting gateway for user User1@org1.example.com
2026.10.07-11:25:17.678 info  [caliper] [connectors/peer-gateway/PeerGateway] 	disconnecting gRpc client at peer peer0.org1.example.com
2026.10.07-11:25:17.679 info  [caliper] [worker-message-handler] 	Worker#0 finished Round#3
2026.10.07-11:25:22.681 info  [caliper] [default-observer] 	Resetting txCount indicator count
2026.10.07-11:25:22.681 info  [caliper] [report-builder] 	### Test result ###
2026.10.07-11:25:22.682 info  [caliper] [report-builder] 	
+-------------+------+------+-----------------+-----------------+-----------------+-----------------+------------------+
| Name        | Succ | Fail | Send Rate (TPS) | Max Latency (s) | Min Latency (s) | Avg Latency (s) | Throughput (TPS) |
|-------------|------|------|-----------------|-----------------|-----------------|-----------------|------------------|
| issue-50tps | 1501 | 0    | 50.0            | 0.25            | 0.02            | 0.13            | 49.8             |
+-------------+------+------+-----------------+-----------------+-----------------+-----------------+------------------+

2026.10.07-11:25:22.682 info  [caliper] [round-orchestrator] 	Finished round 4 (issue-50tps) in 30.203 seconds
2026.10.07-11:25:22.682 info  [caliper] [monitor.js] 	Stopping all monitors
2026.10.07-11:25:22.683 info  [caliper] [round-orchestrator] 	Waiting 5 seconds for the next round...
2026.10.07-11:25:27.688 info  [caliper] [round-orchestrator] 	Started round 5 (issue-100tps)
2026.10.07-11:25:27.688 info  [caliper] [worker-message-handler] 	Preparing Worker#0 for Round#4
2026.10.07-11:25:27.692 info  [caliper] [connectors/peer-gateway/PeerGateway] 	Generating contract map for user User1@org1.example.com
2026.10.07-11:25:27.693 info  [caliper] [caliper-worker] 	Info: worker 0 prepare test phase for round 4 is starting...
2026.10.07-11:25:27.694 info  [caliper] [connectors/peer-gateway/PeerGateway] 	disconnecting gateway for user User1@org1.example.com
2026.10.07-11:25:27.694 info  [caliper] [connectors/peer-gateway/PeerGateway] 	disconnecting gRpc client at peer peer0.org1.example.com
2026.10.07-11:25:27.694 info  [caliper] [caliper-worker] 	Info: worker 0 prepare test phase for round 4 is completed
2026.10.07-11:25:27.694 info  [caliper] [worker-message-handler] 	Worker#0 prepared for Round#4
2026.10.07-11:25:27.695 info  [caliper] [worker-orchestrator] 	1 workers prepared, progressing to test phase.
2026.10.07-11:25:27.695 info  [caliper] [round-orchestrator] 	Monitors successfully started
2026.10.07-11:25:27.695 info  [caliper] [worker-message-handler] 	Worker#0 is starting Round#4
2026.10.07-11:25:27.697 info  [caliper] [connectors/peer-gateway/PeerGateway] 	Generating contract map for user User1@org1.example.com
2026.10.07-11:25:27.697 info  [caliper] [caliper-worker] 	Worker #0 starting workload loop
2026.10.07-11:25:32.696 info  [caliper] [default-observer] 	[issue-100tps Round 4 Transaction Info] - Submitted: 400 Succ: 387 Fail:0 Unfinished:13
2026.10.07-11:25:37.697 info  [caliper] [default-observer] 	[issue-100tps Round 4 Transaction Info] - Submitted: 1000 Succ: 984 Fail:0 Unfinished:16
2026.10.07-11:25:42.697 info  [caliper] [default-observer] 	[issue-100tps Round 4 Transaction Info] - Submitted: 1500 Succ: 1478 Fail:0 Unfinished:22
2026.10.07-11:25:47.697 info  [caliper] [default-observer] 	[issue-100tps Round 4 Transaction Info] - Submitted: 1900 Succ: 1878 Fail:0 Unfinished:22
2026.10.07-11:25:52.697 info  [caliper] [default-observer] 	[issue-100tps Round 4 Transaction Info] - Submitted: 2400 Succ: 2395 Fail:0 Unfinished:5
2026.10.07-11:25:57.698 info  [caliper] [default-observer] 	[issue-100tps Round 4 Transaction Info] - Submitted: 2901 Succ: 2888 Fail:0 Unfinished:13
2026.10.07-11:25:58.901 info  [caliper] [connectors/peer-gateway/PeerGateway] 	disconnecting gateway for user User1@org1.example.com
2026.10.07-11:25:58.901 info  [caliper] [connectors/peer-gateway/PeerGateway] 	disconnecting gRpc client at peer peer0.org1.example.com
2026.10.07-11:25:58.902 info  [caliper] [worker-message-handler] 	Worker#0 finished Round#4
2026.10.07-11:26:03.903 info  [caliper] [default-observer] 	Resetting txCount indicator count
2026.10.07-11:26:03.903 info  [caliper] [report-builder] 	### Test result ###
2026.10.07-11:26:03.904 info  [caliper] [report-builder] 	
+--------------+------+------+-----------------+-----------------+-----------------+-----------------+------------------+
| Name         | Succ | Fail | Send Rate (TPS) | Max Latency (s) | Min Latency (s) | Avg Latency (s) | Throughput (TPS) |
|--------------|------|------|-----------------|-----------------|-----------------|-----------------|------------------|
| issue-100tps | 3001 | 0    | 100.0           | 0.27            | 0.03            | 0.15            | 99.5             |
+--------------+------+------+-----------------+-----------------+-----------------+-----------------+------------------+

2026.10.07-11:26:03.905 info  [caliper] [round-orchestrator] 	Finished round 5 (issue-100tps) in 30.204 seconds
2026.10.07-11:26:03.905 info  [caliper] [monitor.js] 	Stopping all monitors
2026.10.07-11:26:03.905 info  [caliper] [round-orchestrator] 	Waiting 5 seconds for the next round...
2026.10.07-11:26:08.910 info  [caliper] [round-orchestrator] 	Started round 6 (issue-150tps)
2026.10.07-11:26:08.911 info  [caliper] [worker-message-handler] 	Preparing Worker#0 for Round#5
2026.10.07-11:26:08.915 info  [caliper] [connectors/peer-gateway/PeerGateway] 	Generating contract map for user User1@org1.example.com
2026.10.07-11:26:08.915 info  [caliper] [caliper-worker] 	Info: worker 0 prepare test phase for round 5 is starting...
2026.10.07-11:26:08.917 info  [caliper] [connectors/peer-gateway/PeerGateway] 	disconnecting gateway for user User1@org1.example.com
2026.10.07-11:26:08.917 info  [caliper] [connectors/peer-gateway/PeerGateway] 	disconnecting gRpc client at peer peer0.org1.example.com
2026.10.07-11:26:08.917 info  [caliper] [caliper-worker] 	Info: worker 0 prepare test phase for round 5 is completed
2026.10.07-11:26:08.917 info  [caliper] [worker-message-handler] 	Worker#0 prepared for Round#5
2026.10.07-11:26:08.917 info  [caliper] [worker-orchestrator] 	1 workers prepared, progressing to test phase.
2026.10.07-11:26:08.918 info  [caliper] [round-orchestrator] 	Monitors successfully started
2026.10.07-11:26:08.918 info  [caliper] [worker-message-handler] 	Worker#0 is starting Round#5
2026.10.07-11:26:08.919 info  [caliper] [connectors/peer-gateway/PeerGateway] 	Generating contract map for user User1@org1.example.com
2026.10.07-11:26:08.920 info  [caliper] [caliper-worker] 	Worker #0 starting workload loop
2026.10.07-11:26:13.919 info  [caliper] [default-observer] 	[issue-150tps Round 5 Transaction Info] - Submitted: 600 Succ: 588 Fail:0 Unfinished:12
2026.10.07-11:26:18.919 info  [caliper] [default-observer] 	[issue-150tps Round 5 Transaction Info] - Submitted: 1351 Succ: 1311 Fail:0 Unfinished:40
2026.10.07-11:26:23.932 info  [caliper] [default-observer] 	[issue-150tps Round 5 Transaction Info] - Submitted: 2251 Succ: 2217 Fail:0 Unfinished:34
2026.10.07-11:26:28.932 info  [caliper] [default-observer] 	[issue-150tps Round 5 Transaction Info] - Submitted: 3001 Succ: 2991 Fail:0 Unfinished:10
2026.10.07-11:26:33.932 info  [caliper] [default-observer] 	[issue-150tps Round 5 Transaction Info] - Submitted: 3751 Succ: 3730 Fail:0 Unfinished:21
2026.10.07-11:26:38.932 info  [caliper] [default-observer] 	[issue-150tps Round 5 Transaction Info] - Submitted: 4501 Succ: 4478 Fail:0 Unfinished:23
2026.10.07-11:26:40.022 info  [caliper] [connectors/peer-gateway/PeerGateway] 	disconnecting gateway for user User1@org1.example.com
2026.10.07-11:26:40.022 info  [caliper] [connectors/peer-gateway/PeerGateway] 	disconnecting gRpc client at peer peer0.org1.example.com
2026.10.07-11:26:40.023 info  [caliper] [worker-message-handler] 	Worker#0 finished Round#5
2026.10.07-11:26:45.025 info  [caliper] [default-observer] 	Resetting txCount indicator count
2026.10.07-11:26:45.025 info  [caliper] [report-builder] 	### Test result ###
2026.10.07-11:26:45.026 info  [caliper] [report-builder] 	
+--------------+------+------+-----------------+-----------------+-----------------+-----------------+------------------+
| Name         | Succ | Fail | Send Rate (TPS) | Max Latency (s) | Min Latency (s) | Avg Latency (s) | Throughput (TPS) |
|--------------|------|------|-----------------|-----------------|-----------------|-----------------|------------------|
| issue-150tps | 4501 | 0    | 150.0           | 0.31            | 0.04            | 0.16            | 149.6            |
+--------------+------+------+-----------------+-----------------+-----------------+-----------------+------------------+

2026.10.07-11:26:45.026 info  [caliper] [round-orchestrator] 	Finished round 6 (issue-150tps) in 30.101 seconds
2026.10.07-11:26:45.026 info  [caliper] [monitor.js] 	Stopping all monitors
2026.10.07-11:26:45.026 info  [caliper] [round-orchestrator] 	Waiting 5 seconds for the next round...
2026.10.07-11:26:50.031 info  [caliper] [round-orchestrator] 	Started round 7 (issue-200tps)
2026.10.07-11:26:50.032 info  [caliper] [worker-message-handler] 	Preparing Worker#0 for Round#6
2026.10.07-11:26:50.036 info  [caliper] [connectors/peer-gateway/PeerGateway] 	Generating contract map for user User1@org1.example.com
2026.10.07-11:26:50.036 info  [caliper] [caliper-worker] 	Info: worker 0 prepare test phase for round 6 is starting...
2026.10.07-11:26:50.037 info  [caliper] [connectors/peer-gateway/PeerGateway] 	disconnecting gateway for user User1@org1.example.com
2026.10.07-11:26:50.037 info  [caliper] [connectors/peer-gateway/PeerGateway] 	disconnecting gRpc client at peer peer0.org1.example.com
2026.10.07-11:26:50.037 info  [caliper] [caliper-worker] 	Info: worker 0 prepare test phase for round 6 is completed
2026.10.07-11:26:50.037 info  [caliper] [worker-message-handler] 	Worker#0 prepared for Round#6
2026.10.07-11:26:50.038 info  [caliper] [worker-orchestrator] 	1 workers prepared, progressing to test phase.
2026.10.07-11:26:50.038 info  [caliper] [round-orchestrator] 	Monitors successfully started
2026.10.07-11:26:50.038 info  [caliper] [worker-message-handler] 	Worker#0 is starting Round#6
2026.10.07-11:26:50.040 info  [caliper] [connectors/peer-gateway/PeerGateway] 	Generating contract map for user User1@org1.example.com
2026.10.07-11:26:50.040 info  [caliper] [caliper-worker] 	Worker #0 starting workload loop
2026.10.07-11:26:55.041 info  [caliper] [default-observer] 	[issue-200tps Round 6 Transaction Info] - Submitted: 770 Succ: 718 Fail:0 Unfinished:52
2026.10.07-11:27:00.041 info  [caliper] [default-observer] 	[issue-200tps Round 6 Transaction Info] - Submitted: 1734 Succ: 1709 Fail:0 Unfinished:25
2026.10.07-11:27:05.042 info  [caliper] [default-observer] 	[issue-200tps Round 6 Transaction Info] - Submitted: 2722 Succ: 2695 Fail:0 Unfinished:27
2026.10.07-11:27:10.057 info  [caliper] [default-observer] 	[issue-200tps Round 6 Transaction Info] - Submitted: 3693 Succ: 3676 Fail:0 Unfinished:17
2026.10.07-11:27:15.051 info  [caliper] [default-observer] 	[issue-200tps Round 6 Transaction Info] - Submitted: 4648 Succ: 4613 Fail:0 Unfinished:35
2026.10.07-11:27:20.052 info  [caliper] [default-observer] 	[issue-200tps Round 6 Transaction Info] - Submitted: 5617 Succ: 5585 Fail:0 Unfinished:32
2026.10.07-11:27:21.355 info  [caliper] [connectors/peer-gateway/PeerGateway] 	disconnecting gateway for user User1@org1.example.com
2026.10.07-11:27:21.356 info  [caliper] [connectors/peer-gateway/PeerGateway] 	disconnecting gRpc client at peer peer0.org1.example.com
2026.10.07-11:27:21.356 info  [caliper] [worker-message-handler] 	Worker#0 finished Round#6
2026.10.07-11:27:26.358 info  [caliper] [default-observer] 	Resetting txCount indicator count
2026.10.07-11:27:26.359 info  [caliper] [report-builder] 	### Test result ###
2026.10.07-11:27:26.359 info  [caliper] [report-builder] 	
+--------------+------+------+-----------------+-----------------+-----------------+-----------------+------------------+
| Name         | Succ | Fail | Send Rate (TPS) | Max Latency (s) | Min Latency (s) | Avg Latency (s) | Throughput (TPS) |
|--------------|------|------|-----------------|-----------------|-----------------|-----------------|------------------|
| issue-200tps | 5799 | 0    | 193.2           | 0.39            | 0.06            | 0.21            | 191.9            |
+--------------+------+------+-----------------+-----------------+-----------------+-----------------+------------------+

2026.10.07-11:27:26.360 info  [caliper] [round-orchestrator] 	Finished round 7 (issue-200tps) in 30.316 seconds
2026.10.07-11:27:26.360 info  [caliper] [monitor.js] 	Stopping all monitors
2026.10.07-11:27:26.360 info  [caliper] [round-orchestrator] 	Waiting 5 seconds for the next round...
2026.10.07-11:27:31.365 info  [caliper] [round-orchestrator] 	Started round 8 (issue-300tps)
2026.10.07-11:27:31.366 info  [caliper] [worker-message-handler] 	Preparing Worker#0 for Round#7
2026.10.07-11:27:31.370 info  [caliper] [connectors/peer-gateway/PeerGateway] 	Generating contract map for user User1@org1.example.com
2026.10.07-11:27:31.370 info  [caliper] [caliper-worker] 	Info: worker 0 prepare test phase for round 7 is starting...
2026.10.07-11:27:31.371 info  [caliper] [connectors/peer-gateway/PeerGateway] 	disconnecting gateway for user User1@org1.example.com
2026.10.07-11:27:31.371 info  [caliper] [connectors/peer-gateway/PeerGateway] 	disconnecting gRpc client at peer peer0.org1.example.com
2026.10.07-11:27:31.371 info  [caliper] [caliper-worker] 	Info: worker 0 prepare test phase for round 7 is completed
2026.10.07-11:27:31.372 info  [caliper] [worker-message-handler] 	Worker#0 prepared for Round#7
2026.10.07-11:27:31.372 info  [caliper] [worker-orchestrator] 	1 workers prepared, progressing to test phase.
2026.10.07-11:27:31.372 info  [caliper] [round-orchestrator] 	Monitors successfully started
2026.10.07-11:27:31.372 info  [caliper] [worker-message-handler] 	Worker#0 is starting Round#7
2026.10.07-11:27:31.374 info  [caliper] [connectors/peer-gateway/PeerGateway] 	Generating contract map for user User1@org1.example.com
2026.10.07-11:27:31.374 info  [caliper] [caliper-worker] 	Worker #0 starting workload loop
2026.10.07-11:27:36.375 info  [caliper] [default-observer] 	[issue-300tps Round 7 Transaction Info] - Submitted: 791 Succ: 732 Fail:0 Unfinished:59
2026.10.07-11:27:41.376 info  [caliper] [default-observer] 	[issue-300tps Round 7 Transaction Info] - Submitted: 1766 Succ: 1730 Fail:0 Unfinished:36
2026.10.07-11:27:46.378 info  [caliper] [default-observer] 	[issue-300tps Round 7 Transaction Info] - Submitted: 2757 Succ: 2699 Fail:0 Unfinished:58
2026.10.07-11:27:51.377 info  [caliper] [default-observer] 	[issue-300tps Round 7 Transaction Info] - Submitted: 3733 Succ: 3686 Fail:0 Unfinished:47
2026.10.07-11:27:56.378 info  [caliper] [default-observer] 	[issue-300tps Round 7 Transaction Info] - Submitted: 4730 Succ: 4676 Fail:0 Unfinished:54
2026.10.07-11:28:01.380 info  [caliper] [default-observer] 	[issue-300tps Round 7 Transaction Info] - Submitted: 5720 Succ: 5657 Fail:0 Unfinished:63
2026.10.07-11:28:02.677 info  [caliper] [connectors/peer-gateway/PeerGateway] 	disconnecting gateway for user User1@org1.example.com
2026.10.07-11:28:02.677 info  [caliper] [connectors/peer-gateway/PeerGateway] 	disconnecting gRpc client at peer peer0.org1.example.com
2026.10.07-11:28:02.678 info  [caliper] [worker-message-handler] 	Worker#0 finished Round#7
2026.10.07-11:28:07.680 info  [caliper] [default-observer] 	Resetting txCount indicator count
2026.10.07-11:28:07.680 info  [caliper] [report-builder] 	### Test result ###
2026.10.07-11:28:07.680 info  [caliper] [report-builder] 	
+--------------+------+------+-----------------+-----------------+-----------------+-----------------+------------------+
| Name         | Succ | Fail | Send Rate (TPS) | Max Latency (s) | Min Latency (s) | Avg Latency (s) | Throughput (TPS) |
|--------------|------|------|-----------------|-----------------|-----------------|-----------------|------------------|
| issue-300tps | 5907 | 0    | 196.9           | 0.48            | 0.06            | 0.23            | 195.4            |
+--------------+------+------+-----------------+-----------------+-----------------+-----------------+------------------+

2026.10.07-11:28:07.681 info  [caliper] [round-orchestrator] 	Finished round 8 (issue-300tps) in 30.303 seconds
2026.10.07-11:28:07.681 info  [caliper] [monitor.js] 	Stopping all monitors
2026.10.07-11:28:07.681 info  [caliper] [round-orchestrator] 	Waiting 5 seconds for the next round...
2026.10.07-11:28:12.682 info  [caliper] [round-orchestrator] 	Started round 9 (verify-100tps)
2026.10.07-11:28:12.683 info  [caliper] [worker-message-handler] 	Preparing Worker#0 for Round#8
2026.10.07-11:28:12.684 info  [caliper] [connectors/peer-gateway/PeerGateway] 	Generating contract map for user User1@org1.example.com
2026.10.07-11:28:12.685 info  [caliper] [caliper-worker] 	Info: worker 0 prepare test phase for round 8 is starting...
2026.10.07-11:28:12.686 info  [caliper] [connectors/peer-gateway/PeerGateway] 	disconnecting gateway for user User1@org1.example.com
2026.10.07-11:28:12.686 info  [caliper] [connectors/peer-gateway/PeerGateway] 	disconnecting gRpc client at peer peer0.org1.example.com
2026.10.07-11:28:12.686 info  [caliper] [caliper-worker] 	Info: worker 0 prepare test phase for round 8 is completed
2026.10.07-11:28:12.686 info  [caliper] [worker-message-handler] 	Worker#0 prepared for Round#8
2026.10.07-11:28:12.686 info  [caliper] [worker-orchestrator] 	1 workers prepared, progressing to test phase.
2026.10.07-11:28:12.687 info  [caliper] [round-orchestrator] 	Monitors successfully started
2026.10.07-11:28:12.687 info  [caliper] [worker-message-handler] 	Worker#0 is starting Round#8
2026.10.07-11:28:12.688 info  [caliper] [connectors/peer-gateway/PeerGateway] 	Generating contract map for user User1@org1.example.com
2026.10.07-11:28:12.688 info  [caliper] [caliper-worker] 	Worker #0 starting workload loop
2026.10.07-11:28:17.688 info  [caliper] [default-observer] 	[verify-100tps Round 8 Transaction Info] - Submitted: 401 Succ: 400 Fail:0 Unfinished:1
2026.10.07-11:28:22.689 info  [caliper] [default-observer] 	[verify-100tps Round 8 Transaction Info] - Submitted: 901 Succ: 900 Fail:0 Unfinished:1
2026.10.07-11:28:27.689 info  [caliper] [default-observer] 	[verify-100tps Round 8 Transaction Info] - Submitted: 1401 Succ: 1400 Fail:0 Unfinished:1
2026.10.07-11:28:32.691 info  [caliper] [default-observer] 	[verify-100tps Round 8 Transaction Info] - Submitted: 1901 Succ: 1900 Fail:0 Unfinished:1
2026.10.07-11:28:37.691 info  [caliper] [default-observer] 	[verify-100tps Round 8 Transaction Info] - Submitted: 2501 Succ: 2500 Fail:0 Unfinished:1
2026.10.07-11:28:42.691 info  [caliper] [default-observer] 	[verify-100tps Round 8 Transaction Info] - Submitted: 3001 Succ: 3000 Fail:0 Unfinished:1
2026.10.07-11:28:43.791 info  [caliper] [connectors/peer-gateway/PeerGateway] 	disconnecting gateway for user User1@org1.example.com
2026.10.07-11:28:43.791 info  [caliper] [connectors/peer-gateway/PeerGateway] 	disconnecting gRpc client at peer peer0.org1.example.com
2026.10.07-11:28:43.791 info  [caliper] [worker-message-handler] 	Worker#0 finished Round#8
2026.10.07-11:28:48.792 info  [caliper] [default-observer] 	Resetting txCount indicator count
2026.10.07-11:28:48.793 info  [caliper] [report-builder] 	### Test result ###
2026.10.07-11:28:48.793 info  [caliper] [report-builder] 	
+---------------+------+------+-----------------+-----------------+-----------------+-----------------+------------------+
| Name          | Succ | Fail | Send Rate (TPS) | Max Latency (s) | Min Latency (s) | Avg Latency (s) | Throughput (TPS) |
|---------------|------|------|-----------------|-----------------|-----------------|-----------------|------------------|
| verify-100tps | 3001 | 0    | 100.0           | 0.01            | 0.00            | 0.00            | 100.0            |
+---------------+------+------+-----------------+-----------------+-----------------+-----------------+------------------+

2026.10.07-11:28:48.794 info  [caliper] [round-orchestrator] 	Finished round 9 (verify-100tps) in 30.102 seconds
2026.10.07-11:28:48.794 info  [caliper] [monitor.js] 	Stopping all monitors
2026.10.07-11:28:48.794 info  [caliper] [round-orchestrator] 	Waiting 5 seconds for the next round...
2026.10.07-11:28:53.794 info  [caliper] [round-orchestrator] 	Started round 10 (verify-200tps)
2026.10.07-11:28:53.795 info  [caliper] [worker-message-handler] 	Preparing Worker#0 for Round#9
2026.10.07-11:28:53.799 info  [caliper] [connectors/peer-gateway/PeerGateway] 	Generating contract map for user User1@org1.example.com
2026.10.07-11:28:53.799 info  [caliper] [caliper-worker] 	Info: worker 0 prepare test phase for round 9 is starting...
2026.10.07-11:28:53.800 info  [caliper] [connectors/peer-gateway/PeerGateway] 	disconnecting gateway for user User1@org1.example.com
2026.10.07-11:28:53.801 info  [caliper] [connectors/peer-gateway/PeerGateway] 	disconnecting gRpc client at peer peer0.org1.example.com
2026.10.07-11:28:53.801 info  [caliper] [caliper-worker] 	Info: worker 0 prepare test phase for round 9 is completed
2026.10.07-11:28:53.801 info  [caliper] [worker-message-handler] 	Worker#0 prepared for Round#9
2026.10.07-11:28:53.801 info  [caliper] [worker-orchestrator] 	1 workers prepared, progressing to test phase.
2026.10.07-11:28:53.801 info  [caliper] [round-orchestrator] 	Monitors successfully started
2026.10.07-11:28:53.802 info  [caliper] [worker-message-handler] 	Worker#0 is starting Round#9
2026.10.07-11:28:53.803 info  [caliper] [connectors/peer-gateway/PeerGateway] 	Generating contract map for user User1@org1.example.com
2026.10.07-11:28:53.803 info  [caliper] [caliper-worker] 	Worker #0 starting workload loop
2026.10.07-11:28:58.802 info  [caliper] [default-observer] 	[verify-200tps Round 9 Transaction Info] - Submitted: 801 Succ: 800 Fail:0 Unfinished:1
2026.10.07-11:29:03.804 info  [caliper] [default-observer] 	[verify-200tps Round 9 Transaction Info] - Submitted: 1800 Succ: 1800 Fail:0 Unfinished:0
2026.10.07-11:29:08.805 info  [caliper] [default-observer] 	[verify-200tps Round 9 Transaction Info] - Submitted: 2801 Succ: 2800 Fail:0 Unfinished:1
2026.10.07-11:29:13.805 info  [caliper] [default-observer] 	[verify-200tps Round 9 Transaction Info] - Submitted: 3801 Succ: 3800 Fail:0 Unfinished:1
2026.10.07-11:29:18.806 info  [caliper] [default-observer] 	[verify-200tps Round 9 Transaction Info] - Submitted: 4801 Succ: 4801 Fail:0 Unfinished:0
2026.10.07-11:29:23.807 info  [caliper] [default-observer] 	[verify-200tps Round 9 Transaction Info] - Submitted: 6001 Succ: 6001 Fail:0 Unfinished:0
2026.10.07-11:29:24.905 info  [caliper] [connectors/peer-gateway/PeerGateway] 	disconnecting gateway for user User1@org1.example.com
2026.10.07-11:29:24.905 info  [caliper] [connectors/peer-gateway/PeerGateway] 	disconnecting gRpc client at peer peer0.org1.example.com
2026.10.07-11:29:24.905 info  [caliper] [worker-message-handler] 	Worker#0 finished Round#9
2026.10.07-11:29:29.908 info  [caliper] [default-observer] 	Resetting txCount indicator count
2026.10.07-11:29:29.908 info  [caliper] [report-builder] 	### Test result ###
2026.10.07-11:29:29.909 info  [caliper] [report-builder] 	
+---------------+------+------+-----------------+-----------------+-----------------+-----------------+------------------+
| Name          | Succ | Fail | Send Rate (TPS) | Max Latency (s) | Min Latency (s) | Avg Latency (s) | Throughput (TPS) |
|---------------|------|------|-----------------|-----------------|-----------------|-----------------|------------------|
| verify-200tps | 6001 | 0    | 200.0           | 0.02            | 0.00            | 0.00            | 200.0            |
+---------------+------+------+-----------------+-----------------+-----------------+-----------------+------------------+

2026.10.07-11:29:29.909 info  [caliper] [round-orchestrator] 	Finished round 10 (verify-200tps) in 30.101 seconds
2026.10.07-11:29:29.909 info  [caliper] [monitor.js] 	Stopping all monitors
2026.10.07-11:29:29.909 info  [caliper] [round-orchestrator] 	Waiting 5 seconds for the next round...
2026.10.07-11:29:34.913 info  [caliper] [round-orchestrator] 	Started round 11 (verify-400tps)
2026.10.07-11:29:34.914 info  [caliper] [worker-message-handler] 	Preparing Worker#0 for Round#10
2026.10.07-11:29:34.918 info  [caliper] [connectors/peer-gateway/PeerGateway] 	Generating contract map for user User1@org1.example.com
2026.10.07-11:29:34.918 info  [caliper] [caliper-worker] 	Info: worker 0 prepare test phase for round 10 is starting...
2026.10.07-11:29:34.919 info  [caliper] [connectors/peer-gateway/PeerGateway] 	disconnecting gateway for user User1@org1.example.com
2026.10.07-11:29:34.919 info  [caliper] [connectors/peer-gateway/PeerGateway] 	disconnecting gRpc client at peer peer0.org1.example.com
2026.10.07-11:29:34.920 info  [caliper] [caliper-worker] 	Info: worker 0 prepare test phase for round 10 is completed
2026.10.07-11:29:34.920 info  [caliper] [worker-message-handler] 	Worker#0 prepared for Round#10
2026.10.07-11:29:34.920 info  [caliper] [worker-orchestrator] 	1 workers prepared, progressing to test phase.
2026.10.07-11:29:34.920 info  [caliper] [round-orchestrator] 	Monitors successfully started
2026.10.07-11:29:34.921 info  [caliper] [worker-message-handler] 	Worker#0 is starting Round#10
2026.10.07-11:29:34.922 info  [caliper] [connectors/peer-gateway/PeerGateway] 	Generating contract map for user User1@org1.example.com
2026.10.07-11:29:34.922 info  [caliper] [caliper-worker] 	Worker #0 starting workload loop
2026.10.07-11:29:39.921 info  [caliper] [default-observer] 	[verify-400tps Round 10 Transaction Info] - Submitted: 1600 Succ: 1596 Fail:0 Unfinished:4
2026.10.07-11:29:44.921 info  [caliper] [default-observer] 	[verify-400tps Round 10 Transaction Info] - Submitted: 3601 Succ: 3600 Fail:0 Unfinished:1
2026.10.07-11:29:49.921 info  [caliper] [default-observer] 	[verify-400tps Round 10 Transaction Info] - Submitted: 5601 Succ: 5600 Fail:0 Unfinished:1
2026.10.07-11:29:54.921 info  [caliper] [default-observer] 	[verify-400tps Round 10 Transaction Info] - Submitted: 7601 Succ: 7599 Fail:0 Unfinished:2
2026.10.07-11:29:59.922 info  [caliper] [default-observer] 	[verify-400tps Round 10 Transaction Info] - Submitted: 9601 Succ: 9599 Fail:0 Unfinished:2
2026.10.07-11:30:04.922 info  [caliper] [default-observer] 	[verify-400tps Round 10 Transaction Info] - Submitted: 11602 Succ: 11600 Fail:0 Unfinished:2
2026.10.07-11:30:06.022 info  [caliper] [connectors/peer-gateway/PeerGateway] 	disconnecting gateway for user User1@org1.example.com
2026.10.07-11:30:06.022 info  [caliper] [connectors/peer-gateway/PeerGateway] 	disconnecting gRpc client at peer peer0.org1.example.com
2026.10.07-11:30:06.023 info  [caliper] [worker-message-handler] 	Worker#0 finished Round#10
2026.10.07-11:30:11.024 info  [caliper] [default-observer] 	Resetting txCount indicator count
2026.10.07-11:30:11.024 info  [caliper] [report-builder] 	### Test result ###
2026.10.07-11:30:11.025 info  [caliper] [report-builder] 	
+---------------+-------+------+-----------------+-----------------+-----------------+-----------------+------------------+
| Name          | Succ  | Fail | Send Rate (TPS) | Max Latency (s) | Min Latency (s) | Avg Latency (s) | Throughput (TPS) |
|---------------|-------|------|-----------------|-----------------|-----------------|-----------------|------------------|
| verify-400tps | 12001 | 0    | 400.1           | 0.03            | 0.00            | 0.00            | 400.0            |
+---------------+-------+------+-----------------+-----------------+-----------------+-----------------+------------------+

2026.10.07-11:30:11.025 info  [caliper] [round-orchestrator] 	Finished round 11 (verify-400tps) in 30.1 seconds
2026.10.07-11:30:11.025 info  [caliper] [monitor.js] 	Stopping all monitors
2026.10.07-11:30:11.025 info  [caliper] [round-orchestrator] 	Waiting 5 seconds for the next round...
2026.10.07-11:30:16.031 info  [caliper] [round-orchestrator] 	Started round 12 (verify-600tps)
2026.10.07-11:30:16.031 info  [caliper] [worker-message-handler] 	Preparing Worker#0 for Round#11
2026.10.07-11:30:16.035 info  [caliper] [connectors/peer-gateway/PeerGateway] 	Generating contract map for user User1@org1.example.com
2026.10.07-11:30:16.036 info  [caliper] [caliper-worker] 	Info: worker 0 prepare test phase for round 11 is starting...
2026.10.07-11:30:16.037 info  [caliper] [connectors/peer-gateway/PeerGateway] 	disconnecting gateway for user User1@org1.example.com
2026.10.07-11:30:16.037 info  [caliper] [connectors/peer-gateway/PeerGateway] 	disconnecting gRpc client at peer peer0.org1.example.com
2026.10.07-11:30:16.037 info  [caliper] [caliper-worker] 	Info: worker 0 prepare test phase for round 11 is completed
2026.10.07-11:30:16.037 info  [caliper] [worker-message-handler] 	Worker#0 prepared for Round#11
2026.10.07-11:30:16.037 info  [caliper] [worker-orchestrator] 	1 workers prepared, progressing to test phase.
2026.10.07-11:30:16.038 info  [caliper] [round-orchestrator] 	Monitors successfully started
2026.10.07-11:30:16.038 info  [caliper] [worker-message-handler] 	Worker#0 is starting Round#11
2026.10.07-11:30:16.039 info  [caliper] [connectors/peer-gateway/PeerGateway] 	Generating contract map for user User1@org1.example.com
2026.10.07-11:30:16.040 info  [caliper] [caliper-worker] 	Worker #0 starting workload loop
2026.10.07-11:30:21.038 info  [caliper] [default-observer] 	[verify-600tps Round 11 Transaction Info] - Submitted: 2121 Succ: 2120 Fail:0 Unfinished:1
2026.10.07-11:30:26.040 info  [caliper] [default-observer] 	[verify-600tps Round 11 Transaction Info] - Submitted: 5285 Succ: 5284 Fail:0 Unfinished:1
2026.10.07-11:30:31.041 info  [caliper] [default-observer] 	[verify-600tps Round 11 Transaction Info] - Submitted: 7987 Succ: 7985 Fail:0 Unfinished:2
2026.10.07-11:30:36.042 info  [caliper] [default-observer] 	[verify-600tps Round 11 Transaction Info] - Submitted: 10749 Succ: 10748 Fail:0 Unfinished:1
2026.10.07-11:30:41.043 info  [caliper] [default-observer] 	[verify-600tps Round 11 Transaction Info] - Submitted: 13426 Succ: 13424 Fail:0 Unfinished:2
2026.10.07-11:30:46.043 info  [caliper] [default-observer] 	[verify-600tps Round 11 Transaction Info] - Submitted: 16092 Succ: 16091 Fail:0 Unfinished:1
2026.10.07-11:30:47.141 info  [caliper] [connectors/peer-gateway/PeerGateway] 	disconnecting gateway for user User1@org1.example.com
2026.10.07-11:30:47.141 info  [caliper] [connectors/peer-gateway/PeerGateway] 	disconnecting gRpc client at peer peer0.org1.example.com
2026.10.07-11:30:47.141 info  [caliper] [worker-message-handler] 	Worker#0 finished Round#11
2026.10.07-11:30:52.142 info  [caliper] [default-observer] 	Resetting txCount indicator count
2026.10.07-11:30:52.142 info  [caliper] [report-builder] 	### Test result ###
2026.10.07-11:30:52.143 info  [caliper] [report-builder] 	
+---------------+-------+------+-----------------+-----------------+-----------------+-----------------+------------------+
| Name          | Succ  | Fail | Send Rate (TPS) | Max Latency (s) | Min Latency (s) | Avg Latency (s) | Throughput (TPS) |
|---------------|-------|------|-----------------|-----------------|-----------------|-----------------|------------------|
| verify-600tps | 16092 | 0    | 536.4           | 0.03            | 0.00            | 0.00            | 536.4            |
+---------------+-------+------+-----------------+-----------------+-----------------+-----------------+------------------+

2026.10.07-11:30:52.143 info  [caliper] [round-orchestrator] 	Finished round 12 (verify-600tps) in 30.1 seconds
2026.10.07-11:30:52.143 info  [caliper] [monitor.js] 	Stopping all monitors
2026.10.07-11:30:52.143 info  [caliper] [round-orchestrator] 	Waiting 5 seconds for the next round...
2026.10.07-11:30:57.148 info  [caliper] [round-orchestrator] 	Started round 13 (audit-10tps)
2026.10.07-11:30:57.149 info  [caliper] [worker-message-handler] 	Preparing Worker#0 for Round#12
2026.10.07-11:30:57.153 info  [caliper] [connectors/peer-gateway/PeerGateway] 	Generating contract map for user User1@org1.example.com
2026.10.07-11:30:57.154 info  [caliper] [caliper-worker] 	Info: worker 0 prepare test phase for round 12 is starting...
2026.10.07-11:30:57.155 info  [caliper] [connectors/peer-gateway/PeerGateway] 	disconnecting gateway for user User1@org1.example.com
2026.10.07-11:30:57.155 info  [caliper] [connectors/peer-gateway/PeerGateway] 	disconnecting gRpc client at peer peer0.org1.example.com
2026.10.07-11:30:57.155 info  [caliper] [caliper-worker] 	Info: worker 0 prepare test phase for round 12 is completed
2026.10.07-11:30:57.155 info  [caliper] [worker-message-handler] 	Worker#0 prepared for Round#12
2026.10.07-11:30:57.156 info  [caliper] [worker-orchestrator] 	1 workers prepared, progressing to test phase.
2026.10.07-11:30:57.156 info  [caliper] [round-orchestrator] 	Monitors successfully started
2026.10.07-11:30:57.156 info  [caliper] [worker-message-handler] 	Worker#0 is starting Round#12
2026.10.07-11:30:57.157 info  [caliper] [connectors/peer-gateway/PeerGateway] 	Generating contract map for user User1@org1.example.com
2026.10.07-11:30:57.158 info  [caliper] [caliper-worker] 	Worker #0 starting workload loop
2026.10.07-11:31:02.156 info  [caliper] [default-observer] 	[audit-10tps Round 12 Transaction Info] - Submitted: 40 Succ: 40 Fail:0 Unfinished:0
2026.10.07-11:31:07.158 info  [caliper] [default-observer] 	[audit-10tps Round 12 Transaction Info] - Submitted: 91 Succ: 89 Fail:0 Unfinished:2
2026.10.07-11:31:12.158 info  [caliper] [default-observer] 	[audit-10tps Round 12 Transaction Info] - Submitted: 141 Succ: 139 Fail:0 Unfinished:2
2026.10.07-11:31:17.159 info  [caliper] [default-observer] 	[audit-10tps Round 12 Transaction Info] - Submitted: 191 Succ: 189 Fail:0 Unfinished:2
2026.10.07-11:31:22.160 info  [caliper] [default-observer] 	[audit-10tps Round 12 Transaction Info] - Submitted: 241 Succ: 239 Fail:0 Unfinished:2
2026.10.07-11:31:27.162 info  [caliper] [default-observer] 	[audit-10tps Round 12 Transaction Info] - Submitted: 291 Succ: 288 Fail:0 Unfinished:3
2026.10.07-11:31:28.361 info  [caliper] [connectors/peer-gateway/PeerGateway] 	disconnecting gateway for user User1@org1.example.com
2026.10.07-11:31:28.361 info  [caliper] [connectors/peer-gateway/PeerGateway] 	disconnecting gRpc client at peer peer0.org1.example.com
2026.10.07-11:31:28.361 info  [caliper] [worker-message-handler] 	Worker#0 finished Round#12
2026.10.07-11:31:33.362 info  [caliper] [default-observer] 	Resetting txCount indicator count
2026.10.07-11:31:33.363 info  [caliper] [report-builder] 	### Test result ###
2026.10.07-11:31:33.363 info  [caliper] [report-builder] 	
+-------------+------+------+-----------------+-----------------+-----------------+-----------------+------------------+
| Name        | Succ | Fail | Send Rate (TPS) | Max Latency (s) | Min Latency (s) | Avg Latency (s) | Throughput (TPS) |
|-------------|------|------|-----------------|-----------------|-----------------|-----------------|------------------|
| audit-10tps | 301  | 0    | 10.0            | 0.23            | 0.02            | 0.13            | 10.0             |
+-------------+------+------+-----------------+-----------------+-----------------+-----------------+------------------+

2026.10.07-11:31:33.364 info  [caliper] [round-orchestrator] 	Finished round 13 (audit-10tps) in 30.202 seconds
2026.10.07-11:31:33.364 info  [caliper] [monitor.js] 	Stopping all monitors
2026.10.07-11:31:33.364 info  [caliper] [round-orchestrator] 	Waiting 5 seconds for the next round...
2026.10.07-11:31:38.364 info  [caliper] [round-orchestrator] 	Started round 14 (audit-50tps)
2026.10.07-11:31:38.365 info  [caliper] [worker-message-handler] 	Preparing Worker#0 for Round#13
2026.10.07-11:31:38.369 info  [caliper] [connectors/peer-gateway/PeerGateway] 	Generating contract map for user User1@org1.example.com
2026.10.07-11:31:38.370 info  [caliper] [caliper-worker] 	Info: worker 0 prepare test phase for round 13 is starting...
2026.10.07-11:31:38.371 info  [caliper] [connectors/peer-gateway/PeerGateway] 	disconnecting gateway for user User1@org1.example.com
2026.10.07-11:31:38.371 info  [caliper] [connectors/peer-gateway/PeerGateway] 	disconnecting gRpc client at peer peer0.org1.example.com
2026.10.07-11:31:38.371 info  [caliper] [caliper-worker] 	Info: worker 0 prepare test phase for round 13 is completed
2026.10.07-11:31:38.372 info  [caliper] [worker-message-handler] 	Worker#0 prepared for Round#13
2026.10.07-11:31:38.372 info  [caliper] [worker-orchestrator] 	1 workers prepared, progressing to test phase.
2026.10.07-11:31:38.372 info  [caliper] [round-orchestrator] 	Monitors successfully started
2026.10.07-11:31:38.373 info  [caliper] [worker-message-handler] 	Worker#0 is starting Round#13
2026.10.07-11:31:38.374 info  [caliper] [connectors/peer-gateway/PeerGateway] 	Generating contract map for user User1@org1.example.com
2026.10.07-11:31:38.375 info  [caliper] [caliper-worker] 	Worker #0 starting workload loop
2026.10.07-11:31:43.374 info  [caliper] [default-observer] 	[audit-50tps Round 13 Transaction Info] - Submitted: 201 Succ: 199 Fail:0 Unfinished:2
2026.10.07-11:31:48.375 info  [caliper] [default-observer] 	[audit-50tps Round 13 Transaction Info] - Submitted: 451 Succ: 441 Fail:0 Unfinished:10
2026.10.07-11:31:53.376 info  [caliper] [default-observer] 	[audit-50tps Round 13 Transaction Info] - Submitted: 701 Succ: 694 Fail:0 Unfinished:7
2026.10.07-11:31:58.378 info  [caliper] [default-observer] 	[audit-50tps Round 13 Transaction Info] - Submitted: 951 Succ: 947 Fail:0 Unfinished:4
2026.10.07-11:32:03.378 info  [caliper] [default-observer] 	[audit-50tps Round 13 Transaction Info] - Submitted: 1201 Succ: 1199 Fail:0 Unfinished:2
2026.10.07-11:32:08.378 info  [caliper] [default-observer] 	[audit-50tps Round 13 Transaction Info] - Submitted: 1451 Succ: 1441 Fail:0 Unfinished:10
2026.10.07-11:32:09.576 info  [caliper] [connectors/peer-gateway/PeerGateway] 	disconnecting gateway for user User1@org1.example.com
2026.10.07-11:32:09.576 info  [caliper] [connectors/peer-gateway/PeerGateway] 	disconnecting gRpc client at peer peer0.org1.example.com
2026.10.07-11:32:09.577 info  [caliper] [worker-message-handler] 	Worker#0 finished Round#13
2026.10.07-11:32:14.578 info  [caliper] [default-observer] 	Resetting txCount indicator count
2026.10.07-11:32:14.578 info  [caliper] [report-builder] 	### Test result ###
2026.10.07-11:32:14.579 info  [caliper] [report-builder] 	
+-------------+------+------+-----------------+-----------------+-----------------+-----------------+------------------+
| Name        | Succ | Fail | Send Rate (TPS) | Max Latency (s) | Min Latency (s) | Avg Latency (s) | Throughput (TPS) |
|-------------|------|------|-----------------|-----------------|-----------------|-----------------|------------------|
| audit-50tps | 1501 | 0    | 50.0            | 0.25            | 0.02            | 0.13            | 49.8             |
+-------------+------+------+-----------------+-----------------+-----------------+-----------------+------------------+

2026.10.07-11:32:14.579 info  [caliper] [round-orchestrator] 	Finished round 14 (audit-50tps) in 30.202 seconds
2026.10.07-11:32:14.579 info  [caliper] [monitor.js] 	Stopping all monitors
2026.10.07-11:32:14.579 info  [caliper] [round-orchestrator] 	Waiting 5 seconds for the next round...
2026.10.07-11:32:19.584 info  [caliper] [round-orchestrator] 	Started round 15 (audit-100tps)
2026.10.07-11:32:19.584 info  [caliper] [worker-message-handler] 	Preparing Worker#0 for Round#14
2026.10.07-11:32:19.589 info  [caliper] [connectors/peer-gateway/PeerGateway] 	Generating contract map for user User1@org1.example.com
2026.10.07-11:32:19.589 info  [caliper] [caliper-worker] 	Info: worker 0 prepare test phase for round 14 is starting...
2026.10.07-11:32:19.590 info  [caliper] [connectors/peer-gateway/PeerGateway] 	disconnecting gateway for user User1@org1.example.com
2026.10.07-11:32:19.590 info  [caliper] [connectors/peer-gateway/PeerGateway] 	disconnecting gRpc client at peer peer0.org1.example.com
2026.10.07-11:32:19.590 info  [caliper] [caliper-worker] 	Info: worker 0 prepare test phase for round 14 is completed
2026.10.07-11:32:19.590 info  [caliper] [worker-message-handler] 	Worker#0 prepared for Round#14
2026.10.07-11:32:19.591 info  [caliper] [worker-orchestrator] 	1 workers prepared, progressing to test phase.
2026.10.07-11:32:19.591 info  [caliper] [round-orchestrator] 	Monitors successfully started
2026.10.07-11:32:19.591 info  [caliper] [worker-message-handler] 	Worker#0 is starting Round#14
2026.10.07-11:32:19.593 info  [caliper] [connectors/peer-gateway/PeerGateway] 	Generating contract map for user User1@org1.example.com
2026.10.07-11:32:19.593 info  [caliper] [caliper-worker] 	Worker #0 starting workload loop
2026.10.07-11:32:24.592 info  [caliper] [default-observer] 	[audit-100tps Round 14 Transaction Info] - Submitted: 400 Succ: 387 Fail:0 Unfinished:13
2026.10.07-11:32:29.593 info  [caliper] [default-observer] 	[audit-100tps Round 14 Transaction Info] - Submitted: 901 Succ: 878 Fail:0 Unfinished:23
2026.10.07-11:32:34.594 info  [caliper] [default-observer] 	[audit-100tps Round 14 Transaction Info] - Submitted: 1402 Succ: 1394 Fail:0 Unfinished:8
2026.10.07-11:32:39.594 info  [caliper] [default-observer] 	[audit-100tps Round 14 Transaction Info] - Submitted: 1902 Succ: 1884 Fail:0 Unfinished:18
2026.10.07-11:32:44.595 info  [caliper] [default-observer] 	[audit-100tps Round 14 Transaction Info] - Submitted: 2402 Succ: 2396 Fail:0 Unfinished:6
2026.10.07-11:32:49.596 info  [caliper] [default-observer] 	[audit-100tps Round 14 Transaction Info] - Submitted: 2902 Succ: 2892 Fail:0 Unfinished:10
2026.10.07-11:32:50.895 info  [caliper] [connectors/peer-gateway/PeerGateway] 	disconnecting gateway for user User1@org1.example.com
2026.10.07-11:32:50.895 info  [caliper] [connectors/peer-gateway/PeerGateway] 	disconnecting gRpc client at peer peer0.org1.example.com
2026.10.07-11:32:50.896 info  [caliper] [worker-message-handler] 	Worker#0 finished Round#14
2026.10.07-11:32:55.898 info  [caliper] [default-observer] 	Resetting txCount indicator count
2026.10.07-11:32:55.898 info  [caliper] [report-builder] 	### Test result ###
2026.10.07-11:32:55.898 info  [caliper] [report-builder] 	
+--------------+------+------+-----------------+-----------------+-----------------+-----------------+------------------+
| Name         | Succ | Fail | Send Rate (TPS) | Max Latency (s) | Min Latency (s) | Avg Latency (s) | Throughput (TPS) |
|--------------|------|------|-----------------|-----------------|-----------------|-----------------|------------------|
| audit-100tps | 3001 | 0    | 100.0           | 0.28            | 0.03            | 0.15            | 99.3             |
+--------------+------+------+-----------------+-----------------+-----------------+-----------------+------------------+

2026.10.07-11:32:55.899 info  [caliper] [round-orchestrator] 	Finished round 15 (audit-100tps) in 30.302 seconds
2026.10.07-11:32:55.899 info  [caliper] [monitor.js] 	Stopping all monitors
2026.10.07-11:32:55.899 info  [caliper] [round-orchestrator] 	Waiting 5 seconds for the next round...
2026.10.07-11:33:00.899 info  [caliper] [round-orchestrator] 	Started round 16 (audit-200tps)
2026.10.07-11:33:00.900 info  [caliper] [worker-message-handler] 	Preparing Worker#0 for Round#15
2026.10.07-11:33:00.904 info  [caliper] [connectors/peer-gateway/PeerGateway] 	Generating contract map for user User1@org1.example.com
2026.10.07-11:33:00.905 info  [caliper] [caliper-worker] 	Info: worker 0 prepare test phase for round 15 is starting...
2026.10.07-11:33:00.906 info  [caliper] [connectors/peer-gateway/PeerGateway] 	disconnecting gateway for user User1@org1.example.com
2026.10.07-11:33:00.906 info  [caliper] [connectors/peer-gateway/PeerGateway] 	disconnecting gRpc client at peer peer0.org1.example.com
2026.10.07-11:33:00.906 info  [caliper] [caliper-worker] 	Info: worker 0 prepare test phase for round 15 is completed
2026.10.07-11:33:00.906 info  [caliper] [worker-message-handler] 	Worker#0 prepared for Round#15
2026.10.07-11:33:00.907 info  [caliper] [worker-orchestrator] 	1 workers prepared, progressing to test phase.
2026.10.07-11:33:00.907 info  [caliper] [round-orchestrator] 	Monitors successfully started
2026.10.07-11:33:00.907 info  [caliper] [worker-message-handler] 	Worker#0 is starting Round#15
2026.10.07-11:33:00.909 info  [caliper] [connectors/peer-gateway/PeerGateway] 	Generating contract map for user User1@org1.example.com
2026.10.07-11:33:00.909 info  [caliper] [caliper-worker] 	Worker #0 starting workload loop
2026.10.07-11:33:05.910 info  [caliper] [default-observer] 	[audit-200tps Round 15 Transaction Info] - Submitted: 787 Succ: 711 Fail:0 Unfinished:76
2026.10.07-11:33:10.911 info  [caliper] [default-observer] 	[audit-200tps Round 15 Transaction Info] - Submitted: 1698 Succ: 1684 Fail:0 Unfinished:14
2026.10.07-11:33:15.911 info  [caliper] [default-observer] 	[audit-200tps Round 15 Transaction Info] - Submitted: 2630 Succ: 2607 Fail:0 Unfinished:23
2026.10.07-11:33:20.912 info  [caliper] [default-observer] 	[audit-200tps Round 15 Transaction Info] - Submitted: 3548 Succ: 3500 Fail:0 Unfinished:48
2026.10.07-11:33:25.913 info  [caliper] [default-observer] 	[audit-200tps Round 15 Transaction Info] - Submitted: 4486 Succ: 4443 Fail:0 Unfinished:43
2026.10.07-11:33:30.914 info  [caliper] [default-observer] 	[audit-200tps Round 15 Transaction Info] - Submitted: 5432 Succ: 5365 Fail:0 Unfinished:67
2026.10.07-11:33:32.113 info  [caliper] [connectors/peer-gateway/PeerGateway] 	disconnecting gateway for user User1@org1.example.com
2026.10.07-11:33:32.113 info  [caliper] [connectors/peer-gateway/PeerGateway] 	disconnecting gRpc client at peer peer0.org1.example.com
2026.10.07-11:33:32.113 info  [caliper] [worker-message-handler] 	Worker#0 finished Round#15
2026.10.07-11:33:37.114 info  [caliper] [default-observer] 	Resetting txCount indicator count
2026.10.07-11:33:37.114 info  [caliper] [report-builder] 	### Test result ###
2026.10.07-11:33:37.115 info  [caliper] [report-builder] 	
+--------------+------+------+-----------------+-----------------+-----------------+-----------------+------------------+
| Name         | Succ | Fail | Send Rate (TPS) | Max Latency (s) | Min Latency (s) | Avg Latency (s) | Throughput (TPS) |
|--------------|------|------|-----------------|-----------------|-----------------|-----------------|------------------|
| audit-200tps | 5617 | 0    | 187.2           | 0.46            | 0.07            | 0.22            | 186.4            |
+--------------+------+------+-----------------+-----------------+-----------------+-----------------+------------------+

2026.10.07-11:33:37.115 info  [caliper] [round-orchestrator] 	Finished round 16 (audit-200tps) in 30.203 seconds
2026.10.07-11:33:37.115 info  [caliper] [monitor.js] 	Stopping all monitors
2026.10.07-11:33:37.115 info  [caliper] [report-builder] 	### All test results ###
2026.10.07-11:33:37.117 info  [caliper] [report-builder] 	
+---------------+-------+------+-----------------+-----------------+-----------------+-----------------+------------------+
| Name          | Succ  | Fail | Send Rate (TPS) | Max Latency (s) | Min Latency (s) | Avg Latency (s) | Throughput (TPS) |
|---------------|-------|------|-----------------|-----------------|-----------------|-----------------|------------------|
| seed          | 500   | 0    | 91.0            | 0.66            | 0.08            | 0.33            | 87.8             |
|---------------|-------|------|-----------------|-----------------|-----------------|-----------------|------------------|
| issue-10tps   | 301   | 0    | 10.0            | 0.23            | 0.02            | 0.13            | 10.0             |
|---------------|-------|------|-----------------|-----------------|-----------------|-----------------|------------------|
| issue-25tps   | 751   | 0    | 25.0            | 0.23            | 0.02            | 0.13            | 24.9             |
|---------------|-------|------|-----------------|-----------------|-----------------|-----------------|------------------|
| issue-50tps   | 1501  | 0    | 50.0            | 0.25            | 0.02            | 0.13            | 49.8             |
|---------------|-------|------|-----------------|-----------------|-----------------|-----------------|------------------|
| issue-100tps  | 3001  | 0    | 100.0           | 0.27            | 0.03            | 0.15            | 99.5             |
|---------------|-------|------|-----------------|-----------------|-----------------|-----------------|------------------|
| issue-150tps  | 4501  | 0    | 150.0           | 0.31            | 0.04            | 0.16            | 149.6            |
|---------------|-------|------|-----------------|-----------------|-----------------|-----------------|------------------|
| issue-200tps  | 5799  | 0    | 193.2           | 0.39            | 0.06            | 0.21            | 191.9            |
|---------------|-------|------|-----------------|-----------------|-----------------|-----------------|------------------|
| issue-300tps  | 5907  | 0    | 196.9           | 0.48            | 0.06            | 0.23            | 195.4            |
|---------------|-------|------|-----------------|-----------------|-----------------|-----------------|------------------|
| verify-100tps | 3001  | 0    | 100.0           | 0.01            | 0.00            | 0.00            | 100.0            |
|---------------|-------|------|-----------------|-----------------|-----------------|-----------------|------------------|
| verify-200tps | 6001  | 0    | 200.0           | 0.02            | 0.00            | 0.00            | 200.0            |
|---------------|-------|------|-----------------|-----------------|-----------------|-----------------|------------------|
| verify-400tps | 12001 | 0    | 400.1           | 0.03            | 0.00            | 0.00            | 400.0            |
|---------------|-------|------|-----------------|-----------------|-----------------|-----------------|------------------|
| verify-600tps | 16092 | 0    | 536.4           | 0.03            | 0.00            | 0.00            | 536.4            |
|---------------|-------|------|-----------------|-----------------|-----------------|-----------------|------------------|
| audit-10tps   | 301   | 0    | 10.0            | 0.23            | 0.02            | 0.13            | 10.0             |
|---------------|-------|------|-----------------|-----------------|-----------------|-----------------|------------------|
| audit-50tps   | 1501  | 0    | 50.0            | 0.25            | 0.02            | 0.13            | 49.8             |
|---------------|-------|------|-----------------|-----------------|-----------------|-----------------|------------------|
| audit-100tps  | 3001  | 0    | 100.0           | 0.28            | 0.03            | 0.15            | 99.3             |
|---------------|-------|------|-----------------|-----------------|-----------------|-----------------|------------------|
| audit-200tps  | 5617  | 0    | 187.2           | 0.46            | 0.07            | 0.22            | 186.4            |
+---------------+-------+------+-----------------+-----------------+-----------------+-----------------+------------------+

2026.10.07-11:33:37.124 info  [caliper] [report-builder] 	Generated report with path /home/runner/work/bzt-id-experiments/bzt-id-experiments/fabric-bench/caliper/report.html
2026.10.07-11:33:37.124 info  [caliper] [monitor.js] 	Stopping all monitors
2026.10.07-11:33:37.125 info  [caliper] [worker-orchestrator] 	Sending exit message to connected workers
2026.10.07-11:33:37.125 info  [caliper] [round-orchestrator] 	Benchmark finished in 629.93 seconds. Total rounds: 16. Successful rounds: 16. Failed rounds: 0.
2026.10.07-11:33:37.125 info  [caliper] [caliper-engine] 	Skipping end command due to benchmark flow conditioning
2026.10.07-11:33:37.125 info  [caliper] [cli-launch-manager] 	Benchmark successfully finished!
2026.10.07-11:33:37.125 info  [caliper] [worker-message-handler] 	Worker#0 is exiting
