2026.10.08-05:26:52.379 info  [caliper] [cli-launch-manager] 	Set workspace path: /home/runner/work/bzt-id-experiments/bzt-id-experiments/fabric-bench/caliper
2026.10.08-05:26:52.380 info  [caliper] [cli-launch-manager] 	Set benchmark configuration path: /home/runner/work/bzt-id-experiments/bzt-id-experiments/fabric-bench/caliper/benchmarks/config.yaml
2026.10.08-05:26:52.380 info  [caliper] [cli-launch-manager] 	Set network configuration path: /home/runner/work/bzt-id-experiments/bzt-id-experiments/fabric-bench/caliper/networks/networkConfig.yaml
2026.10.08-05:26:52.380 info  [caliper] [cli-launch-manager] 	Set SUT type: fabric
2026.10.08-05:26:52.399 info  [caliper] [benchmark-validator] 	No observer specified, will default to `none`
2026.10.08-05:26:52.399 info  [caliper] [caliper-engine] 	Starting benchmark flow
2026.10.08-05:26:52.400 info  [caliper] [caliper-engine] 	Skipping start commands due to benchmark flow conditioning
2026.10.08-05:26:52.400 info  [caliper] [caliper-engine] 	Skipping initialization phase due to benchmark flow conditioning
2026.10.08-05:26:52.400 info  [caliper] [caliper-engine] 	Skipping install smart contract phase due to benchmark flow conditioning
2026.10.08-05:26:52.494 info  [caliper] [FabricConnectorFactory] 	Initializing peer gateway connector compatible with installed fabric-gateway SDK: 1.7.1
2026.10.08-05:26:52.512 info  [caliper] [IdentityManager] 	Adding User1@org1.example.com (admin=false) as User1@org1.example.com for organization Org1MSP
2026.10.08-05:26:52.514 info  [caliper] [monitor.js] 	No resource monitors specified
2026.10.08-05:26:52.515 info  [caliper] [default-observer] 	Observer interval set to 5000 milliseconds
2026.10.08-05:26:52.519 info  [caliper] [round-orchestrator] 	Preparing worker connections
2026.10.08-05:26:52.519 info  [caliper] [worker-orchestrator] 	Launching worker 1 of 1
2026.10.08-05:26:52.523 info  [caliper] [worker-orchestrator] 	Messenger not configured, entering configure phase...
2026.10.08-05:26:52.523 info  [caliper] [worker-orchestrator] 	No existing workers detected, entering worker launch phase...
2026.10.08-05:26:52.523 info  [caliper] [worker-orchestrator] 	Waiting for 1 workers to be connected...
2026.10.08-05:26:52.746 info  [caliper] [cli-launch-worker] 	Set workspace path: /home/runner/work/bzt-id-experiments/bzt-id-experiments/fabric-bench/caliper
2026.10.08-05:26:52.746 info  [caliper] [cli-launch-worker] 	Set benchmark configuration path: /home/runner/work/bzt-id-experiments/bzt-id-experiments/fabric-bench/caliper/benchmarks/config.yaml
2026.10.08-05:26:52.747 info  [caliper] [cli-launch-worker] 	Set network configuration path: /home/runner/work/bzt-id-experiments/bzt-id-experiments/fabric-bench/caliper/networks/networkConfig.yaml
2026.10.08-05:26:52.747 info  [caliper] [cli-launch-worker] 	Set SUT type: fabric
2026.10.08-05:26:52.775 info  [caliper] [worker-orchestrator] 	1 workers connected, progressing to worker assignment phase.
2026.10.08-05:26:52.775 info  [caliper] [worker-orchestrator] 	Workers currently unassigned, awaiting index assignment...
2026.10.08-05:26:52.776 info  [caliper] [worker-orchestrator] 	Waiting for 1 workers to be assigned...
2026.10.08-05:26:52.791 info  [caliper] [worker-orchestrator] 	1 workers assigned, progressing to worker initialization phase.
2026.10.08-05:26:52.791 info  [caliper] [worker-orchestrator] 	Waiting for 1 workers to be ready...
2026.10.08-05:26:52.793 info  [caliper] [worker-message-handler] 	Initializing Worker#0...
2026.10.08-05:26:52.906 info  [caliper] [FabricConnectorFactory] 	Initializing peer gateway connector compatible with installed fabric-gateway SDK: 1.7.1
2026.10.08-05:26:52.910 info  [caliper] [IdentityManager] 	Adding User1@org1.example.com (admin=false) as User1@org1.example.com for organization Org1MSP
2026.10.08-05:26:52.915 info  [caliper] [worker-message-handler] 	Worker#0 initialized
2026.10.08-05:26:52.915 info  [caliper] [worker-orchestrator] 	1 workers ready, progressing to test preparation phase.
2026.10.08-05:26:52.915 info  [caliper] [round-orchestrator] 	Started round 1 (seed)
2026.10.08-05:26:52.916 info  [caliper] [worker-message-handler] 	Preparing Worker#0 for Round#0
2026.10.08-05:26:52.927 info  [caliper] [connectors/peer-gateway/PeerGateway] 	Generating contract map for user User1@org1.example.com
2026.10.08-05:26:52.927 info  [caliper] [caliper-worker] 	Info: worker 0 prepare test phase for round 0 is starting...
2026.10.08-05:26:52.928 info  [caliper] [connectors/peer-gateway/PeerGateway] 	disconnecting gateway for user User1@org1.example.com
2026.10.08-05:26:52.928 info  [caliper] [connectors/peer-gateway/PeerGateway] 	disconnecting gRpc client at peer peer0.org1.example.com
2026.10.08-05:26:52.929 info  [caliper] [caliper-worker] 	Info: worker 0 prepare test phase for round 0 is completed
2026.10.08-05:26:52.929 info  [caliper] [worker-message-handler] 	Worker#0 prepared for Round#0
2026.10.08-05:26:52.930 info  [caliper] [worker-orchestrator] 	1 workers prepared, progressing to test phase.
2026.10.08-05:26:52.930 info  [caliper] [round-orchestrator] 	Monitors successfully started
2026.10.08-05:26:52.930 info  [caliper] [worker-message-handler] 	Worker#0 is starting Round#0
2026.10.08-05:26:52.933 info  [caliper] [connectors/peer-gateway/PeerGateway] 	Generating contract map for user User1@org1.example.com
2026.10.08-05:26:52.934 info  [caliper] [caliper-worker] 	Worker #0 starting workload loop
2026.10.08-05:26:54.646 error [caliper] [connectors/peer-gateway/PeerGateway] 	Failed to perform submit transaction [IssueCredential] using arguments [seed-w0-122,did:bzt:seed-w0-122,h-seed-w0-122,NADRA],  with error: EndorseError: 9 FAILED_PRECONDITION: no combination of peers can be derived which satisfy the endorsement policy: no peer combination can satisfy the endorsement policy
Details:
2026.10.08-05:26:54.650 error [caliper] [connectors/peer-gateway/PeerGateway] 	Failed to perform submit transaction [IssueCredential] using arguments [seed-w0-136,did:bzt:seed-w0-136,h-seed-w0-136,NADRA],  with error: EndorseError: 9 FAILED_PRECONDITION: no combination of peers can be derived which satisfy the endorsement policy: no peer combination can satisfy the endorsement policy
Details:
2026.10.08-05:26:57.939 info  [caliper] [default-observer] 	[seed Round 0 Transaction Info] - Submitted: 500 Succ: 498 Fail:2 Unfinished:0
2026.10.08-05:26:58.800 info  [caliper] [connectors/peer-gateway/PeerGateway] 	disconnecting gateway for user User1@org1.example.com
2026.10.08-05:26:58.800 info  [caliper] [connectors/peer-gateway/PeerGateway] 	disconnecting gRpc client at peer peer0.org1.example.com
2026.10.08-05:26:58.800 info  [caliper] [worker-message-handler] 	Worker#0 finished Round#0
2026.10.08-05:27:03.802 info  [caliper] [default-observer] 	Resetting txCount indicator count
2026.10.08-05:27:03.803 info  [caliper] [report-builder] 	### Test result ###
2026.10.08-05:27:03.807 info  [caliper] [report-builder] 	
+------+------+------+-----------------+-----------------+-----------------+-----------------+------------------+
| Name | Succ | Fail | Send Rate (TPS) | Max Latency (s) | Min Latency (s) | Avg Latency (s) | Throughput (TPS) |
|------|------|------|-----------------|-----------------|-----------------|-----------------|------------------|
| seed | 498  | 2    | 112.2           | 0.47            | 0.07            | 0.27            | 108.5            |
+------+------+------+-----------------+-----------------+-----------------+-----------------+------------------+

2026.10.08-05:27:03.807 info  [caliper] [round-orchestrator] 	Finished round 1 (seed) in 4.866 seconds
2026.10.08-05:27:03.808 info  [caliper] [monitor.js] 	Stopping all monitors
2026.10.08-05:27:03.808 info  [caliper] [round-orchestrator] 	Waiting 5 seconds for the next round...
2026.10.08-05:27:08.813 info  [caliper] [round-orchestrator] 	Started round 2 (issue-10tps)
2026.10.08-05:27:08.814 info  [caliper] [worker-message-handler] 	Preparing Worker#0 for Round#1
2026.10.08-05:27:08.816 info  [caliper] [connectors/peer-gateway/PeerGateway] 	Generating contract map for user User1@org1.example.com
2026.10.08-05:27:08.816 info  [caliper] [caliper-worker] 	Info: worker 0 prepare test phase for round 1 is starting...
2026.10.08-05:27:08.817 info  [caliper] [connectors/peer-gateway/PeerGateway] 	disconnecting gateway for user User1@org1.example.com
2026.10.08-05:27:08.817 info  [caliper] [connectors/peer-gateway/PeerGateway] 	disconnecting gRpc client at peer peer0.org1.example.com
2026.10.08-05:27:08.817 info  [caliper] [caliper-worker] 	Info: worker 0 prepare test phase for round 1 is completed
2026.10.08-05:27:08.817 info  [caliper] [worker-message-handler] 	Worker#0 prepared for Round#1
2026.10.08-05:27:08.818 info  [caliper] [worker-orchestrator] 	1 workers prepared, progressing to test phase.
2026.10.08-05:27:08.818 info  [caliper] [round-orchestrator] 	Monitors successfully started
2026.10.08-05:27:08.818 info  [caliper] [worker-message-handler] 	Worker#0 is starting Round#1
2026.10.08-05:27:08.820 info  [caliper] [connectors/peer-gateway/PeerGateway] 	Generating contract map for user User1@org1.example.com
2026.10.08-05:27:08.821 info  [caliper] [caliper-worker] 	Worker #0 starting workload loop
2026.10.08-05:27:13.819 info  [caliper] [default-observer] 	[issue-10tps Round 1 Transaction Info] - Submitted: 40 Succ: 40 Fail:0 Unfinished:0
2026.10.08-05:27:18.820 info  [caliper] [default-observer] 	[issue-10tps Round 1 Transaction Info] - Submitted: 91 Succ: 90 Fail:0 Unfinished:1
2026.10.08-05:27:23.821 info  [caliper] [default-observer] 	[issue-10tps Round 1 Transaction Info] - Submitted: 141 Succ: 140 Fail:0 Unfinished:1
2026.10.08-05:27:28.822 info  [caliper] [default-observer] 	[issue-10tps Round 1 Transaction Info] - Submitted: 191 Succ: 190 Fail:0 Unfinished:1
2026.10.08-05:27:33.822 info  [caliper] [default-observer] 	[issue-10tps Round 1 Transaction Info] - Submitted: 241 Succ: 240 Fail:0 Unfinished:1
2026.10.08-05:27:38.824 info  [caliper] [default-observer] 	[issue-10tps Round 1 Transaction Info] - Submitted: 291 Succ: 290 Fail:0 Unfinished:1
2026.10.08-05:27:39.922 info  [caliper] [connectors/peer-gateway/PeerGateway] 	disconnecting gateway for user User1@org1.example.com
2026.10.08-05:27:39.922 info  [caliper] [connectors/peer-gateway/PeerGateway] 	disconnecting gRpc client at peer peer0.org1.example.com
2026.10.08-05:27:39.922 info  [caliper] [worker-message-handler] 	Worker#0 finished Round#1
2026.10.08-05:27:44.924 info  [caliper] [default-observer] 	Resetting txCount indicator count
2026.10.08-05:27:44.924 info  [caliper] [report-builder] 	### Test result ###
2026.10.08-05:27:44.925 info  [caliper] [report-builder] 	
+-------------+------+------+-----------------+-----------------+-----------------+-----------------+------------------+
| Name        | Succ | Fail | Send Rate (TPS) | Max Latency (s) | Min Latency (s) | Avg Latency (s) | Throughput (TPS) |
|-------------|------|------|-----------------|-----------------|-----------------|-----------------|------------------|
| issue-10tps | 301  | 0    | 10.0            | 0.08            | 0.02            | 0.05            | 10.0             |
+-------------+------+------+-----------------+-----------------+-----------------+-----------------+------------------+

2026.10.08-05:27:44.925 info  [caliper] [round-orchestrator] 	Finished round 2 (issue-10tps) in 30.101 seconds
2026.10.08-05:27:44.925 info  [caliper] [monitor.js] 	Stopping all monitors
2026.10.08-05:27:44.925 info  [caliper] [round-orchestrator] 	Waiting 5 seconds for the next round...
2026.10.08-05:27:49.930 info  [caliper] [round-orchestrator] 	Started round 3 (issue-25tps)
2026.10.08-05:27:49.931 info  [caliper] [worker-message-handler] 	Preparing Worker#0 for Round#2
2026.10.08-05:27:49.933 info  [caliper] [connectors/peer-gateway/PeerGateway] 	Generating contract map for user User1@org1.example.com
2026.10.08-05:27:49.934 info  [caliper] [caliper-worker] 	Info: worker 0 prepare test phase for round 2 is starting...
2026.10.08-05:27:49.935 info  [caliper] [connectors/peer-gateway/PeerGateway] 	disconnecting gateway for user User1@org1.example.com
2026.10.08-05:27:49.935 info  [caliper] [connectors/peer-gateway/PeerGateway] 	disconnecting gRpc client at peer peer0.org1.example.com
2026.10.08-05:27:49.935 info  [caliper] [caliper-worker] 	Info: worker 0 prepare test phase for round 2 is completed
2026.10.08-05:27:49.935 info  [caliper] [worker-message-handler] 	Worker#0 prepared for Round#2
2026.10.08-05:27:49.936 info  [caliper] [worker-orchestrator] 	1 workers prepared, progressing to test phase.
2026.10.08-05:27:49.936 info  [caliper] [round-orchestrator] 	Monitors successfully started
2026.10.08-05:27:49.936 info  [caliper] [worker-message-handler] 	Worker#0 is starting Round#2
2026.10.08-05:27:49.938 info  [caliper] [connectors/peer-gateway/PeerGateway] 	Generating contract map for user User1@org1.example.com
2026.10.08-05:27:49.938 info  [caliper] [caliper-worker] 	Worker #0 starting workload loop
2026.10.08-05:27:54.937 info  [caliper] [default-observer] 	[issue-25tps Round 2 Transaction Info] - Submitted: 101 Succ: 99 Fail:0 Unfinished:2
2026.10.08-05:27:59.938 info  [caliper] [default-observer] 	[issue-25tps Round 2 Transaction Info] - Submitted: 225 Succ: 224 Fail:0 Unfinished:1
2026.10.08-05:28:04.939 info  [caliper] [default-observer] 	[issue-25tps Round 2 Transaction Info] - Submitted: 376 Succ: 374 Fail:0 Unfinished:2
2026.10.08-05:28:09.940 info  [caliper] [default-observer] 	[issue-25tps Round 2 Transaction Info] - Submitted: 476 Succ: 474 Fail:0 Unfinished:2
2026.10.08-05:28:14.940 info  [caliper] [default-observer] 	[issue-25tps Round 2 Transaction Info] - Submitted: 601 Succ: 599 Fail:0 Unfinished:2
2026.10.08-05:28:19.941 info  [caliper] [default-observer] 	[issue-25tps Round 2 Transaction Info] - Submitted: 726 Succ: 724 Fail:0 Unfinished:2
2026.10.08-05:28:21.042 info  [caliper] [connectors/peer-gateway/PeerGateway] 	disconnecting gateway for user User1@org1.example.com
2026.10.08-05:28:21.042 info  [caliper] [connectors/peer-gateway/PeerGateway] 	disconnecting gRpc client at peer peer0.org1.example.com
2026.10.08-05:28:21.042 info  [caliper] [worker-message-handler] 	Worker#0 finished Round#2
2026.10.08-05:28:26.044 info  [caliper] [default-observer] 	Resetting txCount indicator count
2026.10.08-05:28:26.044 info  [caliper] [report-builder] 	### Test result ###
2026.10.08-05:28:26.045 info  [caliper] [report-builder] 	
+-------------+------+------+-----------------+-----------------+-----------------+-----------------+------------------+
| Name        | Succ | Fail | Send Rate (TPS) | Max Latency (s) | Min Latency (s) | Avg Latency (s) | Throughput (TPS) |
|-------------|------|------|-----------------|-----------------|-----------------|-----------------|------------------|
| issue-25tps | 751  | 0    | 25.0            | 0.10            | 0.02            | 0.06            | 25.0             |
+-------------+------+------+-----------------+-----------------+-----------------+-----------------+------------------+

2026.10.08-05:28:26.045 info  [caliper] [round-orchestrator] 	Finished round 3 (issue-25tps) in 30.102 seconds
2026.10.08-05:28:26.045 info  [caliper] [monitor.js] 	Stopping all monitors
2026.10.08-05:28:26.045 info  [caliper] [round-orchestrator] 	Waiting 5 seconds for the next round...
2026.10.08-05:28:31.048 info  [caliper] [round-orchestrator] 	Started round 4 (issue-50tps)
2026.10.08-05:28:31.048 info  [caliper] [worker-message-handler] 	Preparing Worker#0 for Round#3
2026.10.08-05:28:31.053 info  [caliper] [connectors/peer-gateway/PeerGateway] 	Generating contract map for user User1@org1.example.com
2026.10.08-05:28:31.053 info  [caliper] [caliper-worker] 	Info: worker 0 prepare test phase for round 3 is starting...
2026.10.08-05:28:31.054 info  [caliper] [connectors/peer-gateway/PeerGateway] 	disconnecting gateway for user User1@org1.example.com
2026.10.08-05:28:31.054 info  [caliper] [connectors/peer-gateway/PeerGateway] 	disconnecting gRpc client at peer peer0.org1.example.com
2026.10.08-05:28:31.054 info  [caliper] [caliper-worker] 	Info: worker 0 prepare test phase for round 3 is completed
2026.10.08-05:28:31.055 info  [caliper] [worker-message-handler] 	Worker#0 prepared for Round#3
2026.10.08-05:28:31.055 info  [caliper] [worker-orchestrator] 	1 workers prepared, progressing to test phase.
2026.10.08-05:28:31.055 info  [caliper] [round-orchestrator] 	Monitors successfully started
2026.10.08-05:28:31.056 info  [caliper] [worker-message-handler] 	Worker#0 is starting Round#3
2026.10.08-05:28:31.057 info  [caliper] [connectors/peer-gateway/PeerGateway] 	Generating contract map for user User1@org1.example.com
2026.10.08-05:28:31.058 info  [caliper] [caliper-worker] 	Worker #0 starting workload loop
2026.10.08-05:28:36.057 info  [caliper] [default-observer] 	[issue-50tps Round 3 Transaction Info] - Submitted: 201 Succ: 197 Fail:0 Unfinished:4
2026.10.08-05:28:41.059 info  [caliper] [default-observer] 	[issue-50tps Round 3 Transaction Info] - Submitted: 451 Succ: 449 Fail:0 Unfinished:2
2026.10.08-05:28:46.060 info  [caliper] [default-observer] 	[issue-50tps Round 3 Transaction Info] - Submitted: 701 Succ: 699 Fail:0 Unfinished:2
2026.10.08-05:28:51.062 info  [caliper] [default-observer] 	[issue-50tps Round 3 Transaction Info] - Submitted: 951 Succ: 947 Fail:0 Unfinished:4
2026.10.08-05:28:56.062 info  [caliper] [default-observer] 	[issue-50tps Round 3 Transaction Info] - Submitted: 1201 Succ: 1199 Fail:0 Unfinished:2
2026.10.08-05:29:01.062 info  [caliper] [default-observer] 	[issue-50tps Round 3 Transaction Info] - Submitted: 1451 Succ: 1448 Fail:0 Unfinished:3
2026.10.08-05:29:02.159 info  [caliper] [connectors/peer-gateway/PeerGateway] 	disconnecting gateway for user User1@org1.example.com
2026.10.08-05:29:02.159 info  [caliper] [connectors/peer-gateway/PeerGateway] 	disconnecting gRpc client at peer peer0.org1.example.com
2026.10.08-05:29:02.159 info  [caliper] [worker-message-handler] 	Worker#0 finished Round#3
2026.10.08-05:29:07.161 info  [caliper] [default-observer] 	Resetting txCount indicator count
2026.10.08-05:29:07.162 info  [caliper] [report-builder] 	### Test result ###
2026.10.08-05:29:07.162 info  [caliper] [report-builder] 	
+-------------+------+------+-----------------+-----------------+-----------------+-----------------+------------------+
| Name        | Succ | Fail | Send Rate (TPS) | Max Latency (s) | Min Latency (s) | Avg Latency (s) | Throughput (TPS) |
|-------------|------|------|-----------------|-----------------|-----------------|-----------------|------------------|
| issue-50tps | 1501 | 0    | 50.0            | 0.12            | 0.03            | 0.06            | 50.0             |
+-------------+------+------+-----------------+-----------------+-----------------+-----------------+------------------+

2026.10.08-05:29:07.163 info  [caliper] [round-orchestrator] 	Finished round 4 (issue-50tps) in 30.101 seconds
2026.10.08-05:29:07.163 info  [caliper] [monitor.js] 	Stopping all monitors
2026.10.08-05:29:07.163 info  [caliper] [round-orchestrator] 	Waiting 5 seconds for the next round...
2026.10.08-05:29:12.168 info  [caliper] [round-orchestrator] 	Started round 5 (issue-100tps)
2026.10.08-05:29:12.169 info  [caliper] [worker-message-handler] 	Preparing Worker#0 for Round#4
2026.10.08-05:29:12.173 info  [caliper] [connectors/peer-gateway/PeerGateway] 	Generating contract map for user User1@org1.example.com
2026.10.08-05:29:12.173 info  [caliper] [caliper-worker] 	Info: worker 0 prepare test phase for round 4 is starting...
2026.10.08-05:29:12.174 info  [caliper] [connectors/peer-gateway/PeerGateway] 	disconnecting gateway for user User1@org1.example.com
2026.10.08-05:29:12.174 info  [caliper] [connectors/peer-gateway/PeerGateway] 	disconnecting gRpc client at peer peer0.org1.example.com
2026.10.08-05:29:12.174 info  [caliper] [caliper-worker] 	Info: worker 0 prepare test phase for round 4 is completed
2026.10.08-05:29:12.174 info  [caliper] [worker-message-handler] 	Worker#0 prepared for Round#4
2026.10.08-05:29:12.175 info  [caliper] [worker-orchestrator] 	1 workers prepared, progressing to test phase.
2026.10.08-05:29:12.175 info  [caliper] [round-orchestrator] 	Monitors successfully started
2026.10.08-05:29:12.176 info  [caliper] [worker-message-handler] 	Worker#0 is starting Round#4
2026.10.08-05:29:12.178 info  [caliper] [connectors/peer-gateway/PeerGateway] 	Generating contract map for user User1@org1.example.com
2026.10.08-05:29:12.179 info  [caliper] [caliper-worker] 	Worker #0 starting workload loop
2026.10.08-05:29:17.175 info  [caliper] [default-observer] 	[issue-100tps Round 4 Transaction Info] - Submitted: 401 Succ: 390 Fail:0 Unfinished:11
2026.10.08-05:29:22.176 info  [caliper] [default-observer] 	[issue-100tps Round 4 Transaction Info] - Submitted: 901 Succ: 894 Fail:0 Unfinished:7
2026.10.08-05:29:27.189 info  [caliper] [default-observer] 	[issue-100tps Round 4 Transaction Info] - Submitted: 1402 Succ: 1396 Fail:0 Unfinished:6
2026.10.08-05:29:32.181 info  [caliper] [default-observer] 	[issue-100tps Round 4 Transaction Info] - Submitted: 1902 Succ: 1895 Fail:0 Unfinished:7
2026.10.08-05:29:37.181 info  [caliper] [default-observer] 	[issue-100tps Round 4 Transaction Info] - Submitted: 2402 Succ: 2394 Fail:0 Unfinished:8
2026.10.08-05:29:42.181 info  [caliper] [default-observer] 	[issue-100tps Round 4 Transaction Info] - Submitted: 2902 Succ: 2895 Fail:0 Unfinished:7
2026.10.08-05:29:43.281 info  [caliper] [connectors/peer-gateway/PeerGateway] 	disconnecting gateway for user User1@org1.example.com
2026.10.08-05:29:43.281 info  [caliper] [connectors/peer-gateway/PeerGateway] 	disconnecting gRpc client at peer peer0.org1.example.com
2026.10.08-05:29:43.281 info  [caliper] [worker-message-handler] 	Worker#0 finished Round#4
2026.10.08-05:29:48.283 info  [caliper] [default-observer] 	Resetting txCount indicator count
2026.10.08-05:29:48.283 info  [caliper] [report-builder] 	### Test result ###
2026.10.08-05:29:48.284 info  [caliper] [report-builder] 	
+--------------+------+------+-----------------+-----------------+-----------------+-----------------+------------------+
| Name         | Succ | Fail | Send Rate (TPS) | Max Latency (s) | Min Latency (s) | Avg Latency (s) | Throughput (TPS) |
|--------------|------|------|-----------------|-----------------|-----------------|-----------------|------------------|
| issue-100tps | 3001 | 0    | 100.0           | 0.14            | 0.03            | 0.07            | 99.9             |
+--------------+------+------+-----------------+-----------------+-----------------+-----------------+------------------+

2026.10.08-05:29:48.285 info  [caliper] [round-orchestrator] 	Finished round 5 (issue-100tps) in 30.102 seconds
2026.10.08-05:29:48.285 info  [caliper] [monitor.js] 	Stopping all monitors
2026.10.08-05:29:48.285 info  [caliper] [round-orchestrator] 	Waiting 5 seconds for the next round...
2026.10.08-05:29:53.290 info  [caliper] [round-orchestrator] 	Started round 6 (issue-150tps)
2026.10.08-05:29:53.291 info  [caliper] [worker-message-handler] 	Preparing Worker#0 for Round#5
2026.10.08-05:29:53.295 info  [caliper] [connectors/peer-gateway/PeerGateway] 	Generating contract map for user User1@org1.example.com
2026.10.08-05:29:53.296 info  [caliper] [caliper-worker] 	Info: worker 0 prepare test phase for round 5 is starting...
2026.10.08-05:29:53.297 info  [caliper] [connectors/peer-gateway/PeerGateway] 	disconnecting gateway for user User1@org1.example.com
2026.10.08-05:29:53.297 info  [caliper] [connectors/peer-gateway/PeerGateway] 	disconnecting gRpc client at peer peer0.org1.example.com
2026.10.08-05:29:53.297 info  [caliper] [caliper-worker] 	Info: worker 0 prepare test phase for round 5 is completed
2026.10.08-05:29:53.297 info  [caliper] [worker-message-handler] 	Worker#0 prepared for Round#5
2026.10.08-05:29:53.298 info  [caliper] [worker-orchestrator] 	1 workers prepared, progressing to test phase.
2026.10.08-05:29:53.298 info  [caliper] [round-orchestrator] 	Monitors successfully started
2026.10.08-05:29:53.298 info  [caliper] [worker-message-handler] 	Worker#0 is starting Round#5
2026.10.08-05:29:53.299 info  [caliper] [connectors/peer-gateway/PeerGateway] 	Generating contract map for user User1@org1.example.com
2026.10.08-05:29:53.300 info  [caliper] [caliper-worker] 	Worker #0 starting workload loop
2026.10.08-05:29:58.300 info  [caliper] [default-observer] 	[issue-150tps Round 5 Transaction Info] - Submitted: 590 Succ: 577 Fail:0 Unfinished:13
2026.10.08-05:30:03.301 info  [caliper] [default-observer] 	[issue-150tps Round 5 Transaction Info] - Submitted: 1344 Succ: 1330 Fail:0 Unfinished:14
2026.10.08-05:30:08.302 info  [caliper] [default-observer] 	[issue-150tps Round 5 Transaction Info] - Submitted: 2097 Succ: 2081 Fail:0 Unfinished:16
2026.10.08-05:30:13.304 info  [caliper] [default-observer] 	[issue-150tps Round 5 Transaction Info] - Submitted: 2856 Succ: 2837 Fail:0 Unfinished:19
2026.10.08-05:30:18.308 info  [caliper] [default-observer] 	[issue-150tps Round 5 Transaction Info] - Submitted: 3602 Succ: 3586 Fail:0 Unfinished:16
2026.10.08-05:30:23.309 info  [caliper] [default-observer] 	[issue-150tps Round 5 Transaction Info] - Submitted: 4362 Succ: 4345 Fail:0 Unfinished:17
2026.10.08-05:30:24.502 info  [caliper] [connectors/peer-gateway/PeerGateway] 	disconnecting gateway for user User1@org1.example.com
2026.10.08-05:30:24.502 info  [caliper] [connectors/peer-gateway/PeerGateway] 	disconnecting gRpc client at peer peer0.org1.example.com
2026.10.08-05:30:24.502 info  [caliper] [worker-message-handler] 	Worker#0 finished Round#5
2026.10.08-05:30:29.505 info  [caliper] [default-observer] 	Resetting txCount indicator count
2026.10.08-05:30:29.505 info  [caliper] [report-builder] 	### Test result ###
2026.10.08-05:30:29.505 info  [caliper] [report-builder] 	
+--------------+------+------+-----------------+-----------------+-----------------+-----------------+------------------+
| Name         | Succ | Fail | Send Rate (TPS) | Max Latency (s) | Min Latency (s) | Avg Latency (s) | Throughput (TPS) |
|--------------|------|------|-----------------|-----------------|-----------------|-----------------|------------------|
| issue-150tps | 4501 | 0    | 150.0           | 0.27            | 0.05            | 0.13            | 149.5            |
+--------------+------+------+-----------------+-----------------+-----------------+-----------------+------------------+

2026.10.08-05:30:29.506 info  [caliper] [round-orchestrator] 	Finished round 6 (issue-150tps) in 30.202 seconds
2026.10.08-05:30:29.506 info  [caliper] [monitor.js] 	Stopping all monitors
2026.10.08-05:30:29.506 info  [caliper] [round-orchestrator] 	Waiting 5 seconds for the next round...
2026.10.08-05:30:34.511 info  [caliper] [round-orchestrator] 	Started round 7 (issue-200tps)
2026.10.08-05:30:34.512 info  [caliper] [worker-message-handler] 	Preparing Worker#0 for Round#6
2026.10.08-05:30:34.516 info  [caliper] [connectors/peer-gateway/PeerGateway] 	Generating contract map for user User1@org1.example.com
2026.10.08-05:30:34.517 info  [caliper] [caliper-worker] 	Info: worker 0 prepare test phase for round 6 is starting...
2026.10.08-05:30:34.518 info  [caliper] [connectors/peer-gateway/PeerGateway] 	disconnecting gateway for user User1@org1.example.com
2026.10.08-05:30:34.518 info  [caliper] [connectors/peer-gateway/PeerGateway] 	disconnecting gRpc client at peer peer0.org1.example.com
2026.10.08-05:30:34.518 info  [caliper] [caliper-worker] 	Info: worker 0 prepare test phase for round 6 is completed
2026.10.08-05:30:34.518 info  [caliper] [worker-message-handler] 	Worker#0 prepared for Round#6
2026.10.08-05:30:34.518 info  [caliper] [worker-orchestrator] 	1 workers prepared, progressing to test phase.
2026.10.08-05:30:34.519 info  [caliper] [round-orchestrator] 	Monitors successfully started
2026.10.08-05:30:34.519 info  [caliper] [worker-message-handler] 	Worker#0 is starting Round#6
2026.10.08-05:30:34.520 info  [caliper] [connectors/peer-gateway/PeerGateway] 	Generating contract map for user User1@org1.example.com
2026.10.08-05:30:34.521 info  [caliper] [caliper-worker] 	Worker #0 starting workload loop
2026.10.08-05:30:39.521 info  [caliper] [default-observer] 	[issue-200tps Round 6 Transaction Info] - Submitted: 594 Succ: 564 Fail:0 Unfinished:30
2026.10.08-05:30:44.524 info  [caliper] [default-observer] 	[issue-200tps Round 6 Transaction Info] - Submitted: 1351 Succ: 1333 Fail:0 Unfinished:18
2026.10.08-05:30:48.462 error [caliper] [connectors/peer-gateway/PeerGateway] 	Failed to perform submit transaction [IssueCredential] using arguments [iss-muz3lf2t-r6-w0-2084,did:bzt:iss-muz3lf2t-r6-w0-2084,h-iss-muz3lf2t-r6-w0-2084,NADRA],  with error: SubmitError: 14 UNAVAILABLE: insufficient number of orderers could successfully process transaction to satisfy quorum requirement
Details:
-  orderer3.example.com:7056:received unsuccessful response from orderer: status=SERVICE_UNAVAILABLE, info=failed to submit request: request already processed
-  orderer2.example.com:7052:received unsuccessful response from orderer: status=SERVICE_UNAVAILABLE, info=failed to submit request: request already processed
2026.10.08-05:30:49.525 info  [caliper] [default-observer] 	[issue-200tps Round 6 Transaction Info] - Submitted: 2116 Succ: 2099 Fail:1 Unfinished:16
2026.10.08-05:30:54.525 info  [caliper] [default-observer] 	[issue-200tps Round 6 Transaction Info] - Submitted: 2876 Succ: 2857 Fail:1 Unfinished:18
2026.10.08-05:30:59.532 info  [caliper] [default-observer] 	[issue-200tps Round 6 Transaction Info] - Submitted: 3640 Succ: 3617 Fail:1 Unfinished:22
2026.10.08-05:31:04.532 info  [caliper] [default-observer] 	[issue-200tps Round 6 Transaction Info] - Submitted: 4395 Succ: 4376 Fail:1 Unfinished:18
2026.10.08-05:31:05.626 info  [caliper] [connectors/peer-gateway/PeerGateway] 	disconnecting gateway for user User1@org1.example.com
2026.10.08-05:31:05.626 info  [caliper] [connectors/peer-gateway/PeerGateway] 	disconnecting gRpc client at peer peer0.org1.example.com
2026.10.08-05:31:05.626 info  [caliper] [worker-message-handler] 	Worker#0 finished Round#6
2026.10.08-05:31:10.627 info  [caliper] [default-observer] 	Resetting txCount indicator count
2026.10.08-05:31:10.627 info  [caliper] [report-builder] 	### Test result ###
2026.10.08-05:31:10.628 info  [caliper] [report-builder] 	
+--------------+------+------+-----------------+-----------------+-----------------+-----------------+------------------+
| Name         | Succ | Fail | Send Rate (TPS) | Max Latency (s) | Min Latency (s) | Avg Latency (s) | Throughput (TPS) |
|--------------|------|------|-----------------|-----------------|-----------------|-----------------|------------------|
| issue-200tps | 4533 | 1    | 151.1           | 0.30            | 0.05            | 0.14            | 150.8            |
+--------------+------+------+-----------------+-----------------+-----------------+-----------------+------------------+

2026.10.08-05:31:10.628 info  [caliper] [round-orchestrator] 	Finished round 7 (issue-200tps) in 30.105 seconds
2026.10.08-05:31:10.628 info  [caliper] [monitor.js] 	Stopping all monitors
2026.10.08-05:31:10.629 info  [caliper] [round-orchestrator] 	Waiting 5 seconds for the next round...
2026.10.08-05:31:15.633 info  [caliper] [round-orchestrator] 	Started round 8 (issue-300tps)
2026.10.08-05:31:15.634 info  [caliper] [worker-message-handler] 	Preparing Worker#0 for Round#7
2026.10.08-05:31:15.638 info  [caliper] [connectors/peer-gateway/PeerGateway] 	Generating contract map for user User1@org1.example.com
2026.10.08-05:31:15.639 info  [caliper] [caliper-worker] 	Info: worker 0 prepare test phase for round 7 is starting...
2026.10.08-05:31:15.640 info  [caliper] [connectors/peer-gateway/PeerGateway] 	disconnecting gateway for user User1@org1.example.com
2026.10.08-05:31:15.640 info  [caliper] [connectors/peer-gateway/PeerGateway] 	disconnecting gRpc client at peer peer0.org1.example.com
2026.10.08-05:31:15.640 info  [caliper] [caliper-worker] 	Info: worker 0 prepare test phase for round 7 is completed
2026.10.08-05:31:15.640 info  [caliper] [worker-message-handler] 	Worker#0 prepared for Round#7
2026.10.08-05:31:15.641 info  [caliper] [worker-orchestrator] 	1 workers prepared, progressing to test phase.
2026.10.08-05:31:15.641 info  [caliper] [round-orchestrator] 	Monitors successfully started
2026.10.08-05:31:15.641 info  [caliper] [worker-message-handler] 	Worker#0 is starting Round#7
2026.10.08-05:31:15.643 info  [caliper] [connectors/peer-gateway/PeerGateway] 	Generating contract map for user User1@org1.example.com
2026.10.08-05:31:15.643 info  [caliper] [caliper-worker] 	Worker #0 starting workload loop
2026.10.08-05:31:20.641 info  [caliper] [default-observer] 	[issue-300tps Round 7 Transaction Info] - Submitted: 606 Succ: 584 Fail:0 Unfinished:22
2026.10.08-05:31:25.645 info  [caliper] [default-observer] 	[issue-300tps Round 7 Transaction Info] - Submitted: 1362 Succ: 1346 Fail:0 Unfinished:16
2026.10.08-05:31:30.646 info  [caliper] [default-observer] 	[issue-300tps Round 7 Transaction Info] - Submitted: 2137 Succ: 2109 Fail:0 Unfinished:28
2026.10.08-05:31:35.648 info  [caliper] [default-observer] 	[issue-300tps Round 7 Transaction Info] - Submitted: 2890 Succ: 2869 Fail:0 Unfinished:21
2026.10.08-05:31:40.649 info  [caliper] [default-observer] 	[issue-300tps Round 7 Transaction Info] - Submitted: 3659 Succ: 3634 Fail:0 Unfinished:25
2026.10.08-05:31:45.659 info  [caliper] [default-observer] 	[issue-300tps Round 7 Transaction Info] - Submitted: 4417 Succ: 4395 Fail:0 Unfinished:22
2026.10.08-05:31:46.860 info  [caliper] [connectors/peer-gateway/PeerGateway] 	disconnecting gateway for user User1@org1.example.com
2026.10.08-05:31:46.860 info  [caliper] [connectors/peer-gateway/PeerGateway] 	disconnecting gRpc client at peer peer0.org1.example.com
2026.10.08-05:31:46.860 info  [caliper] [worker-message-handler] 	Worker#0 finished Round#7
2026.10.08-05:31:51.863 info  [caliper] [default-observer] 	Resetting txCount indicator count
2026.10.08-05:31:51.863 info  [caliper] [report-builder] 	### Test result ###
2026.10.08-05:31:51.864 info  [caliper] [report-builder] 	
+--------------+------+------+-----------------+-----------------+-----------------+-----------------+------------------+
| Name         | Succ | Fail | Send Rate (TPS) | Max Latency (s) | Min Latency (s) | Avg Latency (s) | Throughput (TPS) |
|--------------|------|------|-----------------|-----------------|-----------------|-----------------|------------------|
| issue-300tps | 4547 | 0    | 151.5           | 0.28            | 0.05            | 0.14            | 150.9            |
+--------------+------+------+-----------------+-----------------+-----------------+-----------------+------------------+

2026.10.08-05:31:51.864 info  [caliper] [round-orchestrator] 	Finished round 8 (issue-300tps) in 30.216 seconds
2026.10.08-05:31:51.864 info  [caliper] [monitor.js] 	Stopping all monitors
2026.10.08-05:31:51.864 info  [caliper] [round-orchestrator] 	Waiting 5 seconds for the next round...
2026.10.08-05:31:56.870 info  [caliper] [round-orchestrator] 	Started round 9 (verify-100tps)
2026.10.08-05:31:56.871 info  [caliper] [worker-message-handler] 	Preparing Worker#0 for Round#8
2026.10.08-05:31:56.875 info  [caliper] [connectors/peer-gateway/PeerGateway] 	Generating contract map for user User1@org1.example.com
2026.10.08-05:31:56.876 info  [caliper] [caliper-worker] 	Info: worker 0 prepare test phase for round 8 is starting...
2026.10.08-05:31:56.877 info  [caliper] [connectors/peer-gateway/PeerGateway] 	disconnecting gateway for user User1@org1.example.com
2026.10.08-05:31:56.877 info  [caliper] [connectors/peer-gateway/PeerGateway] 	disconnecting gRpc client at peer peer0.org1.example.com
2026.10.08-05:31:56.877 info  [caliper] [caliper-worker] 	Info: worker 0 prepare test phase for round 8 is completed
2026.10.08-05:31:56.877 info  [caliper] [worker-message-handler] 	Worker#0 prepared for Round#8
2026.10.08-05:31:56.878 info  [caliper] [worker-orchestrator] 	1 workers prepared, progressing to test phase.
2026.10.08-05:31:56.878 info  [caliper] [round-orchestrator] 	Monitors successfully started
2026.10.08-05:31:56.878 info  [caliper] [worker-message-handler] 	Worker#0 is starting Round#8
2026.10.08-05:31:56.880 info  [caliper] [connectors/peer-gateway/PeerGateway] 	Generating contract map for user User1@org1.example.com
2026.10.08-05:31:56.880 info  [caliper] [caliper-worker] 	Worker #0 starting workload loop
2026.10.08-05:32:01.878 info  [caliper] [default-observer] 	[verify-100tps Round 8 Transaction Info] - Submitted: 400 Succ: 400 Fail:0 Unfinished:0
2026.10.08-05:32:06.880 info  [caliper] [default-observer] 	[verify-100tps Round 8 Transaction Info] - Submitted: 901 Succ: 900 Fail:0 Unfinished:1
2026.10.08-05:32:11.881 info  [caliper] [default-observer] 	[verify-100tps Round 8 Transaction Info] - Submitted: 1401 Succ: 1400 Fail:0 Unfinished:1
2026.10.08-05:32:16.881 info  [caliper] [default-observer] 	[verify-100tps Round 8 Transaction Info] - Submitted: 1901 Succ: 1900 Fail:0 Unfinished:1
2026.10.08-05:32:21.882 info  [caliper] [default-observer] 	[verify-100tps Round 8 Transaction Info] - Submitted: 2501 Succ: 2500 Fail:0 Unfinished:1
2026.10.08-05:32:26.882 info  [caliper] [default-observer] 	[verify-100tps Round 8 Transaction Info] - Submitted: 3001 Succ: 3000 Fail:0 Unfinished:1
2026.10.08-05:32:27.982 info  [caliper] [connectors/peer-gateway/PeerGateway] 	disconnecting gateway for user User1@org1.example.com
2026.10.08-05:32:27.982 info  [caliper] [connectors/peer-gateway/PeerGateway] 	disconnecting gRpc client at peer peer0.org1.example.com
2026.10.08-05:32:27.983 info  [caliper] [worker-message-handler] 	Worker#0 finished Round#8
2026.10.08-05:32:32.985 info  [caliper] [default-observer] 	Resetting txCount indicator count
2026.10.08-05:32:32.985 info  [caliper] [report-builder] 	### Test result ###
2026.10.08-05:32:32.986 info  [caliper] [report-builder] 	
+---------------+------+------+-----------------+-----------------+-----------------+-----------------+------------------+
| Name          | Succ | Fail | Send Rate (TPS) | Max Latency (s) | Min Latency (s) | Avg Latency (s) | Throughput (TPS) |
|---------------|------|------|-----------------|-----------------|-----------------|-----------------|------------------|
| verify-100tps | 3001 | 0    | 100.0           | 0.02            | 0.00            | 0.00            | 100.0            |
+---------------+------+------+-----------------+-----------------+-----------------+-----------------+------------------+

2026.10.08-05:32:32.986 info  [caliper] [round-orchestrator] 	Finished round 9 (verify-100tps) in 30.102 seconds
2026.10.08-05:32:32.986 info  [caliper] [monitor.js] 	Stopping all monitors
2026.10.08-05:32:32.986 info  [caliper] [round-orchestrator] 	Waiting 5 seconds for the next round...
2026.10.08-05:32:37.992 info  [caliper] [round-orchestrator] 	Started round 10 (verify-200tps)
2026.10.08-05:32:37.992 info  [caliper] [worker-message-handler] 	Preparing Worker#0 for Round#9
2026.10.08-05:32:37.997 info  [caliper] [connectors/peer-gateway/PeerGateway] 	Generating contract map for user User1@org1.example.com
2026.10.08-05:32:37.997 info  [caliper] [caliper-worker] 	Info: worker 0 prepare test phase for round 9 is starting...
2026.10.08-05:32:37.998 info  [caliper] [connectors/peer-gateway/PeerGateway] 	disconnecting gateway for user User1@org1.example.com
2026.10.08-05:32:37.999 info  [caliper] [connectors/peer-gateway/PeerGateway] 	disconnecting gRpc client at peer peer0.org1.example.com
2026.10.08-05:32:37.999 info  [caliper] [caliper-worker] 	Info: worker 0 prepare test phase for round 9 is completed
2026.10.08-05:32:37.999 info  [caliper] [worker-message-handler] 	Worker#0 prepared for Round#9
2026.10.08-05:32:37.999 info  [caliper] [worker-orchestrator] 	1 workers prepared, progressing to test phase.
2026.10.08-05:32:37.999 info  [caliper] [round-orchestrator] 	Monitors successfully started
2026.10.08-05:32:38.000 info  [caliper] [worker-message-handler] 	Worker#0 is starting Round#9
2026.10.08-05:32:38.001 info  [caliper] [connectors/peer-gateway/PeerGateway] 	Generating contract map for user User1@org1.example.com
2026.10.08-05:32:38.002 info  [caliper] [caliper-worker] 	Worker #0 starting workload loop
2026.10.08-05:32:42.999 info  [caliper] [default-observer] 	[verify-200tps Round 9 Transaction Info] - Submitted: 800 Succ: 800 Fail:0 Unfinished:0
2026.10.08-05:32:48.000 info  [caliper] [default-observer] 	[verify-200tps Round 9 Transaction Info] - Submitted: 1801 Succ: 1800 Fail:0 Unfinished:1
2026.10.08-05:32:53.002 info  [caliper] [default-observer] 	[verify-200tps Round 9 Transaction Info] - Submitted: 2801 Succ: 2800 Fail:0 Unfinished:1
2026.10.08-05:32:58.003 info  [caliper] [default-observer] 	[verify-200tps Round 9 Transaction Info] - Submitted: 3801 Succ: 3800 Fail:0 Unfinished:1
2026.10.08-05:33:03.003 info  [caliper] [default-observer] 	[verify-200tps Round 9 Transaction Info] - Submitted: 4801 Succ: 4801 Fail:0 Unfinished:0
2026.10.08-05:33:08.005 info  [caliper] [default-observer] 	[verify-200tps Round 9 Transaction Info] - Submitted: 6001 Succ: 6001 Fail:0 Unfinished:0
2026.10.08-05:33:09.102 info  [caliper] [connectors/peer-gateway/PeerGateway] 	disconnecting gateway for user User1@org1.example.com
2026.10.08-05:33:09.102 info  [caliper] [connectors/peer-gateway/PeerGateway] 	disconnecting gRpc client at peer peer0.org1.example.com
2026.10.08-05:33:09.102 info  [caliper] [worker-message-handler] 	Worker#0 finished Round#9
2026.10.08-05:33:14.103 info  [caliper] [default-observer] 	Resetting txCount indicator count
2026.10.08-05:33:14.104 info  [caliper] [report-builder] 	### Test result ###
2026.10.08-05:33:14.104 info  [caliper] [report-builder] 	
+---------------+------+------+-----------------+-----------------+-----------------+-----------------+------------------+
| Name          | Succ | Fail | Send Rate (TPS) | Max Latency (s) | Min Latency (s) | Avg Latency (s) | Throughput (TPS) |
|---------------|------|------|-----------------|-----------------|-----------------|-----------------|------------------|
| verify-200tps | 6001 | 0    | 200.0           | 0.02            | 0.00            | 0.00            | 200.0            |
+---------------+------+------+-----------------+-----------------+-----------------+-----------------+------------------+

2026.10.08-05:33:14.104 info  [caliper] [round-orchestrator] 	Finished round 10 (verify-200tps) in 30.1 seconds
2026.10.08-05:33:14.104 info  [caliper] [monitor.js] 	Stopping all monitors
2026.10.08-05:33:14.104 info  [caliper] [round-orchestrator] 	Waiting 5 seconds for the next round...
2026.10.08-05:33:19.108 info  [caliper] [round-orchestrator] 	Started round 11 (verify-400tps)
2026.10.08-05:33:19.109 info  [caliper] [worker-message-handler] 	Preparing Worker#0 for Round#10
2026.10.08-05:33:19.112 info  [caliper] [connectors/peer-gateway/PeerGateway] 	Generating contract map for user User1@org1.example.com
2026.10.08-05:33:19.113 info  [caliper] [caliper-worker] 	Info: worker 0 prepare test phase for round 10 is starting...
2026.10.08-05:33:19.114 info  [caliper] [connectors/peer-gateway/PeerGateway] 	disconnecting gateway for user User1@org1.example.com
2026.10.08-05:33:19.114 info  [caliper] [connectors/peer-gateway/PeerGateway] 	disconnecting gRpc client at peer peer0.org1.example.com
2026.10.08-05:33:19.114 info  [caliper] [caliper-worker] 	Info: worker 0 prepare test phase for round 10 is completed
2026.10.08-05:33:19.114 info  [caliper] [worker-message-handler] 	Worker#0 prepared for Round#10
2026.10.08-05:33:19.115 info  [caliper] [worker-orchestrator] 	1 workers prepared, progressing to test phase.
2026.10.08-05:33:19.115 info  [caliper] [round-orchestrator] 	Monitors successfully started
2026.10.08-05:33:19.115 info  [caliper] [worker-message-handler] 	Worker#0 is starting Round#10
2026.10.08-05:33:19.116 info  [caliper] [connectors/peer-gateway/PeerGateway] 	Generating contract map for user User1@org1.example.com
2026.10.08-05:33:19.117 info  [caliper] [caliper-worker] 	Worker #0 starting workload loop
2026.10.08-05:33:24.115 info  [caliper] [default-observer] 	[verify-400tps Round 10 Transaction Info] - Submitted: 1600 Succ: 1599 Fail:0 Unfinished:1
2026.10.08-05:33:29.116 info  [caliper] [default-observer] 	[verify-400tps Round 10 Transaction Info] - Submitted: 4000 Succ: 3999 Fail:0 Unfinished:1
2026.10.08-05:33:34.117 info  [caliper] [default-observer] 	[verify-400tps Round 10 Transaction Info] - Submitted: 5600 Succ: 5599 Fail:0 Unfinished:1
2026.10.08-05:33:39.118 info  [caliper] [default-observer] 	[verify-400tps Round 10 Transaction Info] - Submitted: 8000 Succ: 8000 Fail:0 Unfinished:0
2026.10.08-05:33:44.118 info  [caliper] [default-observer] 	[verify-400tps Round 10 Transaction Info] - Submitted: 10000 Succ: 9998 Fail:0 Unfinished:2
2026.10.08-05:33:49.118 info  [caliper] [default-observer] 	[verify-400tps Round 10 Transaction Info] - Submitted: 12000 Succ: 12000 Fail:0 Unfinished:0
2026.10.08-05:33:50.219 info  [caliper] [connectors/peer-gateway/PeerGateway] 	disconnecting gateway for user User1@org1.example.com
2026.10.08-05:33:50.219 info  [caliper] [connectors/peer-gateway/PeerGateway] 	disconnecting gRpc client at peer peer0.org1.example.com
2026.10.08-05:33:50.220 info  [caliper] [worker-message-handler] 	Worker#0 finished Round#10
2026.10.08-05:33:55.221 info  [caliper] [default-observer] 	Resetting txCount indicator count
2026.10.08-05:33:55.221 info  [caliper] [report-builder] 	### Test result ###
2026.10.08-05:33:55.222 info  [caliper] [report-builder] 	
+---------------+-------+------+-----------------+-----------------+-----------------+-----------------+------------------+
| Name          | Succ  | Fail | Send Rate (TPS) | Max Latency (s) | Min Latency (s) | Avg Latency (s) | Throughput (TPS) |
|---------------|-------|------|-----------------|-----------------|-----------------|-----------------|------------------|
| verify-400tps | 12001 | 0    | 400.0           | 0.02            | 0.00            | 0.00            | 400.0            |
+---------------+-------+------+-----------------+-----------------+-----------------+-----------------+------------------+

2026.10.08-05:33:55.222 info  [caliper] [round-orchestrator] 	Finished round 11 (verify-400tps) in 30.102 seconds
2026.10.08-05:33:55.222 info  [caliper] [monitor.js] 	Stopping all monitors
2026.10.08-05:33:55.222 info  [caliper] [round-orchestrator] 	Waiting 5 seconds for the next round...
2026.10.08-05:34:00.225 info  [caliper] [round-orchestrator] 	Started round 12 (verify-600tps)
2026.10.08-05:34:00.226 info  [caliper] [worker-message-handler] 	Preparing Worker#0 for Round#11
2026.10.08-05:34:00.230 info  [caliper] [connectors/peer-gateway/PeerGateway] 	Generating contract map for user User1@org1.example.com
2026.10.08-05:34:00.231 info  [caliper] [caliper-worker] 	Info: worker 0 prepare test phase for round 11 is starting...
2026.10.08-05:34:00.232 info  [caliper] [connectors/peer-gateway/PeerGateway] 	disconnecting gateway for user User1@org1.example.com
2026.10.08-05:34:00.232 info  [caliper] [connectors/peer-gateway/PeerGateway] 	disconnecting gRpc client at peer peer0.org1.example.com
2026.10.08-05:34:00.232 info  [caliper] [caliper-worker] 	Info: worker 0 prepare test phase for round 11 is completed
2026.10.08-05:34:00.232 info  [caliper] [worker-message-handler] 	Worker#0 prepared for Round#11
2026.10.08-05:34:00.233 info  [caliper] [worker-orchestrator] 	1 workers prepared, progressing to test phase.
2026.10.08-05:34:00.233 info  [caliper] [round-orchestrator] 	Monitors successfully started
2026.10.08-05:34:00.233 info  [caliper] [worker-message-handler] 	Worker#0 is starting Round#11
2026.10.08-05:34:00.234 info  [caliper] [connectors/peer-gateway/PeerGateway] 	Generating contract map for user User1@org1.example.com
2026.10.08-05:34:00.235 info  [caliper] [caliper-worker] 	Worker #0 starting workload loop
2026.10.08-05:34:05.233 info  [caliper] [default-observer] 	[verify-600tps Round 11 Transaction Info] - Submitted: 2276 Succ: 2274 Fail:0 Unfinished:2
2026.10.08-05:34:10.233 info  [caliper] [default-observer] 	[verify-600tps Round 11 Transaction Info] - Submitted: 5125 Succ: 5124 Fail:0 Unfinished:1
2026.10.08-05:34:15.234 info  [caliper] [default-observer] 	[verify-600tps Round 11 Transaction Info] - Submitted: 7955 Succ: 7953 Fail:0 Unfinished:2
2026.10.08-05:34:20.234 info  [caliper] [default-observer] 	[verify-600tps Round 11 Transaction Info] - Submitted: 10798 Succ: 10796 Fail:0 Unfinished:2
2026.10.08-05:34:25.235 info  [caliper] [default-observer] 	[verify-600tps Round 11 Transaction Info] - Submitted: 14214 Succ: 14211 Fail:0 Unfinished:3
2026.10.08-05:34:30.235 info  [caliper] [default-observer] 	[verify-600tps Round 11 Transaction Info] - Submitted: 17061 Succ: 17059 Fail:0 Unfinished:2
2026.10.08-05:34:31.336 info  [caliper] [connectors/peer-gateway/PeerGateway] 	disconnecting gateway for user User1@org1.example.com
2026.10.08-05:34:31.336 info  [caliper] [connectors/peer-gateway/PeerGateway] 	disconnecting gRpc client at peer peer0.org1.example.com
2026.10.08-05:34:31.336 info  [caliper] [worker-message-handler] 	Worker#0 finished Round#11
2026.10.08-05:34:36.337 info  [caliper] [default-observer] 	Resetting txCount indicator count
2026.10.08-05:34:36.338 info  [caliper] [report-builder] 	### Test result ###
2026.10.08-05:34:36.338 info  [caliper] [report-builder] 	
+---------------+-------+------+-----------------+-----------------+-----------------+-----------------+------------------+
| Name          | Succ  | Fail | Send Rate (TPS) | Max Latency (s) | Min Latency (s) | Avg Latency (s) | Throughput (TPS) |
|---------------|-------|------|-----------------|-----------------|-----------------|-----------------|------------------|
| verify-600tps | 17062 | 0    | 568.8           | 0.02            | 0.00            | 0.00            | 568.7            |
+---------------+-------+------+-----------------+-----------------+-----------------+-----------------+------------------+

2026.10.08-05:34:36.338 info  [caliper] [round-orchestrator] 	Finished round 12 (verify-600tps) in 30.101 seconds
2026.10.08-05:34:36.338 info  [caliper] [monitor.js] 	Stopping all monitors
2026.10.08-05:34:36.338 info  [caliper] [round-orchestrator] 	Waiting 5 seconds for the next round...
2026.10.08-05:34:41.344 info  [caliper] [round-orchestrator] 	Started round 13 (audit-10tps)
2026.10.08-05:34:41.344 info  [caliper] [worker-message-handler] 	Preparing Worker#0 for Round#12
2026.10.08-05:34:41.349 info  [caliper] [connectors/peer-gateway/PeerGateway] 	Generating contract map for user User1@org1.example.com
2026.10.08-05:34:41.349 info  [caliper] [caliper-worker] 	Info: worker 0 prepare test phase for round 12 is starting...
2026.10.08-05:34:41.350 info  [caliper] [connectors/peer-gateway/PeerGateway] 	disconnecting gateway for user User1@org1.example.com
2026.10.08-05:34:41.351 info  [caliper] [connectors/peer-gateway/PeerGateway] 	disconnecting gRpc client at peer peer0.org1.example.com
2026.10.08-05:34:41.351 info  [caliper] [caliper-worker] 	Info: worker 0 prepare test phase for round 12 is completed
2026.10.08-05:34:41.351 info  [caliper] [worker-message-handler] 	Worker#0 prepared for Round#12
2026.10.08-05:34:41.351 info  [caliper] [worker-orchestrator] 	1 workers prepared, progressing to test phase.
2026.10.08-05:34:41.351 info  [caliper] [round-orchestrator] 	Monitors successfully started
2026.10.08-05:34:41.352 info  [caliper] [worker-message-handler] 	Worker#0 is starting Round#12
2026.10.08-05:34:41.353 info  [caliper] [connectors/peer-gateway/PeerGateway] 	Generating contract map for user User1@org1.example.com
2026.10.08-05:34:41.353 info  [caliper] [caliper-worker] 	Worker #0 starting workload loop
2026.10.08-05:34:46.352 info  [caliper] [default-observer] 	[audit-10tps Round 12 Transaction Info] - Submitted: 41 Succ: 40 Fail:0 Unfinished:1
2026.10.08-05:34:51.353 info  [caliper] [default-observer] 	[audit-10tps Round 12 Transaction Info] - Submitted: 91 Succ: 90 Fail:0 Unfinished:1
2026.10.08-05:34:53.560 error [caliper] [connectors/peer-gateway/PeerGateway] 	Failed to perform submit transaction [RecordVerification] using arguments [seed-w0-122,BANK-1,ALLOW],  with error: EndorseError: 10 ABORTED: failed to endorse transaction, see attached details for more info
Details:
-  peer0.org1.example.com:7051:chaincode response 500, credential seed-w0-122 not found
2026.10.08-05:34:54.959 error [caliper] [connectors/peer-gateway/PeerGateway] 	Failed to perform submit transaction [RecordVerification] using arguments [seed-w0-136,BANK-1,ALLOW],  with error: EndorseError: 10 ABORTED: failed to endorse transaction, see attached details for more info
Details:
-  peer0.org1.example.com:7051:chaincode response 500, credential seed-w0-136 not found
2026.10.08-05:34:56.354 info  [caliper] [default-observer] 	[audit-10tps Round 12 Transaction Info] - Submitted: 141 Succ: 138 Fail:2 Unfinished:1
2026.10.08-05:35:01.356 info  [caliper] [default-observer] 	[audit-10tps Round 12 Transaction Info] - Submitted: 201 Succ: 198 Fail:2 Unfinished:1
2026.10.08-05:35:06.356 info  [caliper] [default-observer] 	[audit-10tps Round 12 Transaction Info] - Submitted: 241 Succ: 238 Fail:2 Unfinished:1
2026.10.08-05:35:11.358 info  [caliper] [default-observer] 	[audit-10tps Round 12 Transaction Info] - Submitted: 301 Succ: 298 Fail:2 Unfinished:1
2026.10.08-05:35:12.456 info  [caliper] [connectors/peer-gateway/PeerGateway] 	disconnecting gateway for user User1@org1.example.com
2026.10.08-05:35:12.456 info  [caliper] [connectors/peer-gateway/PeerGateway] 	disconnecting gRpc client at peer peer0.org1.example.com
2026.10.08-05:35:12.456 info  [caliper] [worker-message-handler] 	Worker#0 finished Round#12
2026.10.08-05:35:17.457 info  [caliper] [default-observer] 	Resetting txCount indicator count
2026.10.08-05:35:17.457 info  [caliper] [report-builder] 	### Test result ###
2026.10.08-05:35:17.457 info  [caliper] [report-builder] 	
+-------------+------+------+-----------------+-----------------+-----------------+-----------------+------------------+
| Name        | Succ | Fail | Send Rate (TPS) | Max Latency (s) | Min Latency (s) | Avg Latency (s) | Throughput (TPS) |
|-------------|------|------|-----------------|-----------------|-----------------|-----------------|------------------|
| audit-10tps | 299  | 2    | 10.0            | 0.08            | 0.02            | 0.05            | 10.0             |
+-------------+------+------+-----------------+-----------------+-----------------+-----------------+------------------+

2026.10.08-05:35:17.458 info  [caliper] [round-orchestrator] 	Finished round 13 (audit-10tps) in 30.102 seconds
2026.10.08-05:35:17.458 info  [caliper] [monitor.js] 	Stopping all monitors
2026.10.08-05:35:17.458 info  [caliper] [round-orchestrator] 	Waiting 5 seconds for the next round...
2026.10.08-05:35:22.463 info  [caliper] [round-orchestrator] 	Started round 14 (audit-50tps)
2026.10.08-05:35:22.463 info  [caliper] [worker-message-handler] 	Preparing Worker#0 for Round#13
2026.10.08-05:35:22.465 info  [caliper] [connectors/peer-gateway/PeerGateway] 	Generating contract map for user User1@org1.example.com
2026.10.08-05:35:22.465 info  [caliper] [caliper-worker] 	Info: worker 0 prepare test phase for round 13 is starting...
2026.10.08-05:35:22.466 info  [caliper] [connectors/peer-gateway/PeerGateway] 	disconnecting gateway for user User1@org1.example.com
2026.10.08-05:35:22.466 info  [caliper] [connectors/peer-gateway/PeerGateway] 	disconnecting gRpc client at peer peer0.org1.example.com
2026.10.08-05:35:22.466 info  [caliper] [caliper-worker] 	Info: worker 0 prepare test phase for round 13 is completed
2026.10.08-05:35:22.466 info  [caliper] [worker-message-handler] 	Worker#0 prepared for Round#13
2026.10.08-05:35:22.467 info  [caliper] [worker-orchestrator] 	1 workers prepared, progressing to test phase.
2026.10.08-05:35:22.467 info  [caliper] [round-orchestrator] 	Monitors successfully started
2026.10.08-05:35:22.467 info  [caliper] [worker-message-handler] 	Worker#0 is starting Round#13
2026.10.08-05:35:22.469 info  [caliper] [connectors/peer-gateway/PeerGateway] 	Generating contract map for user User1@org1.example.com
2026.10.08-05:35:22.469 info  [caliper] [caliper-worker] 	Worker #0 starting workload loop
2026.10.08-05:35:24.915 error [caliper] [connectors/peer-gateway/PeerGateway] 	Failed to perform submit transaction [RecordVerification] using arguments [seed-w0-122,BANK-1,ALLOW],  with error: EndorseError: 10 ABORTED: failed to endorse transaction, see attached details for more info
Details:
-  peer0.org1.example.com:7051:chaincode response 500, credential seed-w0-122 not found
2026.10.08-05:35:25.194 error [caliper] [connectors/peer-gateway/PeerGateway] 	Failed to perform submit transaction [RecordVerification] using arguments [seed-w0-136,BANK-1,ALLOW],  with error: EndorseError: 10 ABORTED: failed to endorse transaction, see attached details for more info
Details:
-  peer0.org1.example.com:7051:chaincode response 500, credential seed-w0-136 not found
2026.10.08-05:35:27.467 info  [caliper] [default-observer] 	[audit-50tps Round 13 Transaction Info] - Submitted: 200 Succ: 197 Fail:2 Unfinished:1
2026.10.08-05:35:32.468 info  [caliper] [default-observer] 	[audit-50tps Round 13 Transaction Info] - Submitted: 450 Succ: 445 Fail:2 Unfinished:3
2026.10.08-05:35:34.917 error [caliper] [connectors/peer-gateway/PeerGateway] 	Failed to perform submit transaction [RecordVerification] using arguments [seed-w0-122,BANK-1,ALLOW],  with error: EndorseError: 10 ABORTED: failed to endorse transaction, see attached details for more info
Details:
-  peer0.org1.example.com:7051:chaincode response 500, credential seed-w0-122 not found
2026.10.08-05:35:35.194 error [caliper] [connectors/peer-gateway/PeerGateway] 	Failed to perform submit transaction [RecordVerification] using arguments [seed-w0-136,BANK-1,ALLOW],  with error: EndorseError: 10 ABORTED: failed to endorse transaction, see attached details for more info
Details:
-  peer0.org1.example.com:7051:chaincode response 500, credential seed-w0-136 not found
2026.10.08-05:35:37.469 info  [caliper] [default-observer] 	[audit-50tps Round 13 Transaction Info] - Submitted: 701 Succ: 693 Fail:4 Unfinished:4
2026.10.08-05:35:42.470 info  [caliper] [default-observer] 	[audit-50tps Round 13 Transaction Info] - Submitted: 951 Succ: 944 Fail:4 Unfinished:3
2026.10.08-05:35:44.914 error [caliper] [connectors/peer-gateway/PeerGateway] 	Failed to perform submit transaction [RecordVerification] using arguments [seed-w0-122,BANK-1,ALLOW],  with error: EndorseError: 10 ABORTED: failed to endorse transaction, see attached details for more info
Details:
-  peer0.org1.example.com:7051:chaincode response 500, credential seed-w0-122 not found
2026.10.08-05:35:45.194 error [caliper] [connectors/peer-gateway/PeerGateway] 	Failed to perform submit transaction [RecordVerification] using arguments [seed-w0-136,BANK-1,ALLOW],  with error: EndorseError: 10 ABORTED: failed to endorse transaction, see attached details for more info
Details:
-  peer0.org1.example.com:7051:chaincode response 500, credential seed-w0-136 not found
2026.10.08-05:35:47.471 info  [caliper] [default-observer] 	[audit-50tps Round 13 Transaction Info] - Submitted: 1201 Succ: 1191 Fail:6 Unfinished:4
2026.10.08-05:35:52.471 info  [caliper] [default-observer] 	[audit-50tps Round 13 Transaction Info] - Submitted: 1451 Succ: 1443 Fail:6 Unfinished:2
2026.10.08-05:35:53.571 info  [caliper] [connectors/peer-gateway/PeerGateway] 	disconnecting gateway for user User1@org1.example.com
2026.10.08-05:35:53.571 info  [caliper] [connectors/peer-gateway/PeerGateway] 	disconnecting gRpc client at peer peer0.org1.example.com
2026.10.08-05:35:53.572 info  [caliper] [worker-message-handler] 	Worker#0 finished Round#13
2026.10.08-05:35:58.574 info  [caliper] [default-observer] 	Resetting txCount indicator count
2026.10.08-05:35:58.574 info  [caliper] [report-builder] 	### Test result ###
2026.10.08-05:35:58.574 info  [caliper] [report-builder] 	
+-------------+------+------+-----------------+-----------------+-----------------+-----------------+------------------+
| Name        | Succ | Fail | Send Rate (TPS) | Max Latency (s) | Min Latency (s) | Avg Latency (s) | Throughput (TPS) |
|-------------|------|------|-----------------|-----------------|-----------------|-----------------|------------------|
| audit-50tps | 1495 | 6    | 50.0            | 0.10            | 0.02            | 0.06            | 49.9             |
+-------------+------+------+-----------------+-----------------+-----------------+-----------------+------------------+

2026.10.08-05:35:58.574 info  [caliper] [round-orchestrator] 	Finished round 14 (audit-50tps) in 30.101 seconds
2026.10.08-05:35:58.574 info  [caliper] [monitor.js] 	Stopping all monitors
2026.10.08-05:35:58.574 info  [caliper] [round-orchestrator] 	Waiting 5 seconds for the next round...
2026.10.08-05:36:03.580 info  [caliper] [round-orchestrator] 	Started round 15 (audit-100tps)
2026.10.08-05:36:03.581 info  [caliper] [worker-message-handler] 	Preparing Worker#0 for Round#14
2026.10.08-05:36:03.585 info  [caliper] [connectors/peer-gateway/PeerGateway] 	Generating contract map for user User1@org1.example.com
2026.10.08-05:36:03.585 info  [caliper] [caliper-worker] 	Info: worker 0 prepare test phase for round 14 is starting...
2026.10.08-05:36:03.587 info  [caliper] [connectors/peer-gateway/PeerGateway] 	disconnecting gateway for user User1@org1.example.com
2026.10.08-05:36:03.587 info  [caliper] [connectors/peer-gateway/PeerGateway] 	disconnecting gRpc client at peer peer0.org1.example.com
2026.10.08-05:36:03.587 info  [caliper] [caliper-worker] 	Info: worker 0 prepare test phase for round 14 is completed
2026.10.08-05:36:03.587 info  [caliper] [worker-message-handler] 	Worker#0 prepared for Round#14
2026.10.08-05:36:03.587 info  [caliper] [worker-orchestrator] 	1 workers prepared, progressing to test phase.
2026.10.08-05:36:03.587 info  [caliper] [round-orchestrator] 	Monitors successfully started
2026.10.08-05:36:03.588 info  [caliper] [worker-message-handler] 	Worker#0 is starting Round#14
2026.10.08-05:36:03.589 info  [caliper] [connectors/peer-gateway/PeerGateway] 	Generating contract map for user User1@org1.example.com
2026.10.08-05:36:03.589 info  [caliper] [caliper-worker] 	Worker #0 starting workload loop
2026.10.08-05:36:04.824 error [caliper] [connectors/peer-gateway/PeerGateway] 	Failed to perform submit transaction [RecordVerification] using arguments [seed-w0-122,BANK-1,ALLOW],  with error: EndorseError: 10 ABORTED: failed to endorse transaction, see attached details for more info
Details:
-  peer0.org1.example.com:7051:chaincode response 500, credential seed-w0-122 not found
2026.10.08-05:36:04.956 error [caliper] [connectors/peer-gateway/PeerGateway] 	Failed to perform submit transaction [RecordVerification] using arguments [seed-w0-136,BANK-1,ALLOW],  with error: EndorseError: 10 ABORTED: failed to endorse transaction, see attached details for more info
Details:
-  peer0.org1.example.com:7051:chaincode response 500, credential seed-w0-136 not found
2026.10.08-05:36:08.589 info  [caliper] [default-observer] 	[audit-100tps Round 14 Transaction Info] - Submitted: 401 Succ: 395 Fail:2 Unfinished:4
2026.10.08-05:36:09.817 error [caliper] [connectors/peer-gateway/PeerGateway] 	Failed to perform submit transaction [RecordVerification] using arguments [seed-w0-122,BANK-1,ALLOW],  with error: EndorseError: 10 ABORTED: failed to endorse transaction, see attached details for more info
Details:
-  peer0.org1.example.com:7051:chaincode response 500, credential seed-w0-122 not found
2026.10.08-05:36:09.955 error [caliper] [connectors/peer-gateway/PeerGateway] 	Failed to perform submit transaction [RecordVerification] using arguments [seed-w0-136,BANK-1,ALLOW],  with error: EndorseError: 10 ABORTED: failed to endorse transaction, see attached details for more info
Details:
-  peer0.org1.example.com:7051:chaincode response 500, credential seed-w0-136 not found
2026.10.08-05:36:13.591 info  [caliper] [default-observer] 	[audit-100tps Round 14 Transaction Info] - Submitted: 902 Succ: 891 Fail:4 Unfinished:7
2026.10.08-05:36:14.816 error [caliper] [connectors/peer-gateway/PeerGateway] 	Failed to perform submit transaction [RecordVerification] using arguments [seed-w0-122,BANK-1,ALLOW],  with error: EndorseError: 10 ABORTED: failed to endorse transaction, see attached details for more info
Details:
-  peer0.org1.example.com:7051:chaincode response 500, credential seed-w0-122 not found
2026.10.08-05:36:14.955 error [caliper] [connectors/peer-gateway/PeerGateway] 	Failed to perform submit transaction [RecordVerification] using arguments [seed-w0-136,BANK-1,ALLOW],  with error: EndorseError: 10 ABORTED: failed to endorse transaction, see attached details for more info
Details:
-  peer0.org1.example.com:7051:chaincode response 500, credential seed-w0-136 not found
2026.10.08-05:36:18.590 info  [caliper] [default-observer] 	[audit-100tps Round 14 Transaction Info] - Submitted: 1402 Succ: 1385 Fail:6 Unfinished:11
2026.10.08-05:36:19.825 error [caliper] [connectors/peer-gateway/PeerGateway] 	Failed to perform submit transaction [RecordVerification] using arguments [seed-w0-122,BANK-1,ALLOW],  with error: EndorseError: 10 ABORTED: failed to endorse transaction, see attached details for more info
Details:
-  peer0.org1.example.com:7051:chaincode response 500, credential seed-w0-122 not found
2026.10.08-05:36:19.958 error [caliper] [connectors/peer-gateway/PeerGateway] 	Failed to perform submit transaction [RecordVerification] using arguments [seed-w0-136,BANK-1,ALLOW],  with error: EndorseError: 10 ABORTED: failed to endorse transaction, see attached details for more info
Details:
-  peer0.org1.example.com:7051:chaincode response 500, credential seed-w0-136 not found
2026.10.08-05:36:23.591 info  [caliper] [default-observer] 	[audit-100tps Round 14 Transaction Info] - Submitted: 1902 Succ: 1887 Fail:8 Unfinished:7
2026.10.08-05:36:24.821 error [caliper] [connectors/peer-gateway/PeerGateway] 	Failed to perform submit transaction [RecordVerification] using arguments [seed-w0-122,BANK-1,ALLOW],  with error: EndorseError: 10 ABORTED: failed to endorse transaction, see attached details for more info
Details:
-  peer0.org1.example.com:7051:chaincode response 500, credential seed-w0-122 not found
2026.10.08-05:36:24.956 error [caliper] [connectors/peer-gateway/PeerGateway] 	Failed to perform submit transaction [RecordVerification] using arguments [seed-w0-136,BANK-1,ALLOW],  with error: EndorseError: 10 ABORTED: failed to endorse transaction, see attached details for more info
Details:
-  peer0.org1.example.com:7051:chaincode response 500, credential seed-w0-136 not found
2026.10.08-05:36:28.591 info  [caliper] [default-observer] 	[audit-100tps Round 14 Transaction Info] - Submitted: 2402 Succ: 2383 Fail:10 Unfinished:9
2026.10.08-05:36:29.813 error [caliper] [connectors/peer-gateway/PeerGateway] 	Failed to perform submit transaction [RecordVerification] using arguments [seed-w0-122,BANK-1,ALLOW],  with error: EndorseError: 10 ABORTED: failed to endorse transaction, see attached details for more info
Details:
-  peer0.org1.example.com:7051:chaincode response 500, credential seed-w0-122 not found
2026.10.08-05:36:29.957 error [caliper] [connectors/peer-gateway/PeerGateway] 	Failed to perform submit transaction [RecordVerification] using arguments [seed-w0-136,BANK-1,ALLOW],  with error: EndorseError: 10 ABORTED: failed to endorse transaction, see attached details for more info
Details:
-  peer0.org1.example.com:7051:chaincode response 500, credential seed-w0-136 not found
2026.10.08-05:36:33.592 info  [caliper] [default-observer] 	[audit-100tps Round 14 Transaction Info] - Submitted: 2902 Succ: 2881 Fail:12 Unfinished:9
2026.10.08-05:36:34.689 info  [caliper] [connectors/peer-gateway/PeerGateway] 	disconnecting gateway for user User1@org1.example.com
2026.10.08-05:36:34.690 info  [caliper] [connectors/peer-gateway/PeerGateway] 	disconnecting gRpc client at peer peer0.org1.example.com
2026.10.08-05:36:34.690 info  [caliper] [worker-message-handler] 	Worker#0 finished Round#14
2026.10.08-05:36:39.691 info  [caliper] [default-observer] 	Resetting txCount indicator count
2026.10.08-05:36:39.692 info  [caliper] [report-builder] 	### Test result ###
2026.10.08-05:36:39.692 info  [caliper] [report-builder] 	
+--------------+------+------+-----------------+-----------------+-----------------+-----------------+------------------+
| Name         | Succ | Fail | Send Rate (TPS) | Max Latency (s) | Min Latency (s) | Avg Latency (s) | Throughput (TPS) |
|--------------|------|------|-----------------|-----------------|-----------------|-----------------|------------------|
| audit-100tps | 2989 | 12   | 100.0           | 0.13            | 0.03            | 0.07            | 99.8             |
+--------------+------+------+-----------------+-----------------+-----------------+-----------------+------------------+

2026.10.08-05:36:39.692 info  [caliper] [round-orchestrator] 	Finished round 15 (audit-100tps) in 30.101 seconds
2026.10.08-05:36:39.692 info  [caliper] [monitor.js] 	Stopping all monitors
2026.10.08-05:36:39.692 info  [caliper] [round-orchestrator] 	Waiting 5 seconds for the next round...
2026.10.08-05:36:44.696 info  [caliper] [round-orchestrator] 	Started round 16 (audit-200tps)
2026.10.08-05:36:44.697 info  [caliper] [worker-message-handler] 	Preparing Worker#0 for Round#15
2026.10.08-05:36:44.701 info  [caliper] [connectors/peer-gateway/PeerGateway] 	Generating contract map for user User1@org1.example.com
2026.10.08-05:36:44.702 info  [caliper] [caliper-worker] 	Info: worker 0 prepare test phase for round 15 is starting...
2026.10.08-05:36:44.703 info  [caliper] [connectors/peer-gateway/PeerGateway] 	disconnecting gateway for user User1@org1.example.com
2026.10.08-05:36:44.703 info  [caliper] [connectors/peer-gateway/PeerGateway] 	disconnecting gRpc client at peer peer0.org1.example.com
2026.10.08-05:36:44.703 info  [caliper] [caliper-worker] 	Info: worker 0 prepare test phase for round 15 is completed
2026.10.08-05:36:44.703 info  [caliper] [worker-message-handler] 	Worker#0 prepared for Round#15
2026.10.08-05:36:44.704 info  [caliper] [worker-orchestrator] 	1 workers prepared, progressing to test phase.
2026.10.08-05:36:44.704 info  [caliper] [round-orchestrator] 	Monitors successfully started
2026.10.08-05:36:44.704 info  [caliper] [worker-message-handler] 	Worker#0 is starting Round#15
2026.10.08-05:36:44.706 info  [caliper] [connectors/peer-gateway/PeerGateway] 	Generating contract map for user User1@org1.example.com
2026.10.08-05:36:44.706 info  [caliper] [caliper-worker] 	Worker #0 starting workload loop
2026.10.08-05:36:45.563 error [caliper] [connectors/peer-gateway/PeerGateway] 	Failed to perform submit transaction [RecordVerification] using arguments [seed-w0-122,BANK-1,ALLOW],  with error: EndorseError: 10 ABORTED: failed to endorse transaction, see attached details for more info
Details:
-  peer0.org1.example.com:7051:chaincode response 500, credential seed-w0-122 not found
2026.10.08-05:36:45.640 error [caliper] [connectors/peer-gateway/PeerGateway] 	Failed to perform submit transaction [RecordVerification] using arguments [seed-w0-136,BANK-1,ALLOW],  with error: EndorseError: 10 ABORTED: failed to endorse transaction, see attached details for more info
Details:
-  peer0.org1.example.com:7051:chaincode response 500, credential seed-w0-136 not found
2026.10.08-05:36:48.941 error [caliper] [connectors/peer-gateway/PeerGateway] 	Failed to perform submit transaction [RecordVerification] using arguments [seed-w0-122,BANK-1,ALLOW],  with error: EndorseError: 10 ABORTED: failed to endorse transaction, see attached details for more info
Details:
-  peer0.org1.example.com:7051:chaincode response 500, credential seed-w0-122 not found
2026.10.08-05:36:49.076 error [caliper] [connectors/peer-gateway/PeerGateway] 	Failed to perform submit transaction [RecordVerification] using arguments [seed-w0-136,BANK-1,ALLOW],  with error: EndorseError: 10 ABORTED: failed to endorse transaction, see attached details for more info
Details:
-  peer0.org1.example.com:7051:chaincode response 500, credential seed-w0-136 not found
2026.10.08-05:36:49.704 info  [caliper] [default-observer] 	[audit-200tps Round 15 Transaction Info] - Submitted: 586 Succ: 565 Fail:2 Unfinished:19
2026.10.08-05:36:52.352 error [caliper] [connectors/peer-gateway/PeerGateway] 	Failed to perform submit transaction [RecordVerification] using arguments [seed-w0-122,BANK-1,ALLOW],  with error: EndorseError: 10 ABORTED: failed to endorse transaction, see attached details for more info
Details:
-  peer0.org1.example.com:7051:chaincode response 500, credential seed-w0-122 not found
2026.10.08-05:36:52.457 error [caliper] [connectors/peer-gateway/PeerGateway] 	Failed to perform submit transaction [RecordVerification] using arguments [seed-w0-136,BANK-1,ALLOW],  with error: EndorseError: 10 ABORTED: failed to endorse transaction, see attached details for more info
Details:
-  peer0.org1.example.com:7051:chaincode response 500, credential seed-w0-136 not found
2026.10.08-05:36:54.706 info  [caliper] [default-observer] 	[audit-200tps Round 15 Transaction Info] - Submitted: 1329 Succ: 1305 Fail:6 Unfinished:18
2026.10.08-05:36:55.703 error [caliper] [connectors/peer-gateway/PeerGateway] 	Failed to perform submit transaction [RecordVerification] using arguments [seed-w0-122,BANK-1,ALLOW],  with error: EndorseError: 10 ABORTED: failed to endorse transaction, see attached details for more info
Details:
-  peer0.org1.example.com:7051:chaincode response 500, credential seed-w0-122 not found
2026.10.08-05:36:55.798 error [caliper] [connectors/peer-gateway/PeerGateway] 	Failed to perform submit transaction [RecordVerification] using arguments [seed-w0-136,BANK-1,ALLOW],  with error: EndorseError: 10 ABORTED: failed to endorse transaction, see attached details for more info
Details:
-  peer0.org1.example.com:7051:chaincode response 500, credential seed-w0-136 not found
2026.10.08-05:36:59.003 error [caliper] [connectors/peer-gateway/PeerGateway] 	Failed to perform submit transaction [RecordVerification] using arguments [seed-w0-122,BANK-1,ALLOW],  with error: EndorseError: 10 ABORTED: failed to endorse transaction, see attached details for more info
Details:
-  peer0.org1.example.com:7051:chaincode response 500, credential seed-w0-122 not found
2026.10.08-05:36:59.151 error [caliper] [connectors/peer-gateway/PeerGateway] 	Failed to perform submit transaction [RecordVerification] using arguments [seed-w0-136,BANK-1,ALLOW],  with error: EndorseError: 10 ABORTED: failed to endorse transaction, see attached details for more info
Details:
-  peer0.org1.example.com:7051:chaincode response 500, credential seed-w0-136 not found
2026.10.08-05:36:59.707 info  [caliper] [default-observer] 	[audit-200tps Round 15 Transaction Info] - Submitted: 2088 Succ: 2053 Fail:8 Unfinished:27
2026.10.08-05:37:02.448 error [caliper] [connectors/peer-gateway/PeerGateway] 	Failed to perform submit transaction [RecordVerification] using arguments [seed-w0-122,BANK-1,ALLOW],  with error: EndorseError: 10 ABORTED: failed to endorse transaction, see attached details for more info
Details:
-  peer0.org1.example.com:7051:chaincode response 500, credential seed-w0-122 not found
2026.10.08-05:37:02.545 error [caliper] [connectors/peer-gateway/PeerGateway] 	Failed to perform submit transaction [RecordVerification] using arguments [seed-w0-136,BANK-1,ALLOW],  with error: EndorseError: 10 ABORTED: failed to endorse transaction, see attached details for more info
Details:
-  peer0.org1.example.com:7051:chaincode response 500, credential seed-w0-136 not found
2026.10.08-05:37:04.710 info  [caliper] [default-observer] 	[audit-200tps Round 15 Transaction Info] - Submitted: 2822 Succ: 2794 Fail:12 Unfinished:16
2026.10.08-05:37:05.725 error [caliper] [connectors/peer-gateway/PeerGateway] 	Failed to perform submit transaction [RecordVerification] using arguments [seed-w0-122,BANK-1,ALLOW],  with error: EndorseError: 10 ABORTED: failed to endorse transaction, see attached details for more info
Details:
-  peer0.org1.example.com:7051:chaincode response 500, credential seed-w0-122 not found
2026.10.08-05:37:05.835 error [caliper] [connectors/peer-gateway/PeerGateway] 	Failed to perform submit transaction [RecordVerification] using arguments [seed-w0-136,BANK-1,ALLOW],  with error: EndorseError: 10 ABORTED: failed to endorse transaction, see attached details for more info
Details:
-  peer0.org1.example.com:7051:chaincode response 500, credential seed-w0-136 not found
2026.10.08-05:37:09.031 error [caliper] [connectors/peer-gateway/PeerGateway] 	Failed to perform submit transaction [RecordVerification] using arguments [seed-w0-122,BANK-1,ALLOW],  with error: EndorseError: 10 ABORTED: failed to endorse transaction, see attached details for more info
Details:
-  peer0.org1.example.com:7051:chaincode response 500, credential seed-w0-122 not found
2026.10.08-05:37:09.151 error [caliper] [connectors/peer-gateway/PeerGateway] 	Failed to perform submit transaction [RecordVerification] using arguments [seed-w0-136,BANK-1,ALLOW],  with error: EndorseError: 10 ABORTED: failed to endorse transaction, see attached details for more info
Details:
-  peer0.org1.example.com:7051:chaincode response 500, credential seed-w0-136 not found
2026.10.08-05:37:09.711 info  [caliper] [default-observer] 	[audit-200tps Round 15 Transaction Info] - Submitted: 3584 Succ: 3555 Fail:14 Unfinished:15
2026.10.08-05:37:12.402 error [caliper] [connectors/peer-gateway/PeerGateway] 	Failed to perform submit transaction [RecordVerification] using arguments [seed-w0-122,BANK-1,ALLOW],  with error: EndorseError: 10 ABORTED: failed to endorse transaction, see attached details for more info
Details:
-  peer0.org1.example.com:7051:chaincode response 500, credential seed-w0-122 not found
2026.10.08-05:37:12.500 error [caliper] [connectors/peer-gateway/PeerGateway] 	Failed to perform submit transaction [RecordVerification] using arguments [seed-w0-136,BANK-1,ALLOW],  with error: EndorseError: 10 ABORTED: failed to endorse transaction, see attached details for more info
Details:
-  peer0.org1.example.com:7051:chaincode response 500, credential seed-w0-136 not found
2026.10.08-05:37:14.712 info  [caliper] [default-observer] 	[audit-200tps Round 15 Transaction Info] - Submitted: 4332 Succ: 4292 Fail:18 Unfinished:22
2026.10.08-05:37:15.809 info  [caliper] [connectors/peer-gateway/PeerGateway] 	disconnecting gateway for user User1@org1.example.com
2026.10.08-05:37:15.809 info  [caliper] [connectors/peer-gateway/PeerGateway] 	disconnecting gRpc client at peer peer0.org1.example.com
2026.10.08-05:37:15.810 info  [caliper] [worker-message-handler] 	Worker#0 finished Round#15
2026.10.08-05:37:20.811 info  [caliper] [default-observer] 	Resetting txCount indicator count
2026.10.08-05:37:20.812 info  [caliper] [report-builder] 	### Test result ###
2026.10.08-05:37:20.812 info  [caliper] [report-builder] 	
+--------------+------+------+-----------------+-----------------+-----------------+-----------------+------------------+
| Name         | Succ | Fail | Send Rate (TPS) | Max Latency (s) | Min Latency (s) | Avg Latency (s) | Throughput (TPS) |
|--------------|------|------|-----------------|-----------------|-----------------|-----------------|------------------|
| audit-200tps | 4445 | 18   | 148.8           | 0.30            | 0.05            | 0.14            | 148.3            |
+--------------+------+------+-----------------+-----------------+-----------------+-----------------+------------------+

2026.10.08-05:37:20.812 info  [caliper] [round-orchestrator] 	Finished round 16 (audit-200tps) in 30.102 seconds
2026.10.08-05:37:20.812 info  [caliper] [monitor.js] 	Stopping all monitors
2026.10.08-05:37:20.813 info  [caliper] [report-builder] 	### All test results ###
2026.10.08-05:37:20.814 info  [caliper] [report-builder] 	
+---------------+-------+------+-----------------+-----------------+-----------------+-----------------+------------------+
| Name          | Succ  | Fail | Send Rate (TPS) | Max Latency (s) | Min Latency (s) | Avg Latency (s) | Throughput (TPS) |
|---------------|-------|------|-----------------|-----------------|-----------------|-----------------|------------------|
| seed          | 498   | 2    | 112.2           | 0.47            | 0.07            | 0.27            | 108.5            |
|---------------|-------|------|-----------------|-----------------|-----------------|-----------------|------------------|
| issue-10tps   | 301   | 0    | 10.0            | 0.08            | 0.02            | 0.05            | 10.0             |
|---------------|-------|------|-----------------|-----------------|-----------------|-----------------|------------------|
| issue-25tps   | 751   | 0    | 25.0            | 0.10            | 0.02            | 0.06            | 25.0             |
|---------------|-------|------|-----------------|-----------------|-----------------|-----------------|------------------|
| issue-50tps   | 1501  | 0    | 50.0            | 0.12            | 0.03            | 0.06            | 50.0             |
|---------------|-------|------|-----------------|-----------------|-----------------|-----------------|------------------|
| issue-100tps  | 3001  | 0    | 100.0           | 0.14            | 0.03            | 0.07            | 99.9             |
|---------------|-------|------|-----------------|-----------------|-----------------|-----------------|------------------|
| issue-150tps  | 4501  | 0    | 150.0           | 0.27            | 0.05            | 0.13            | 149.5            |
|---------------|-------|------|-----------------|-----------------|-----------------|-----------------|------------------|
| issue-200tps  | 4533  | 1    | 151.1           | 0.30            | 0.05            | 0.14            | 150.8            |
|---------------|-------|------|-----------------|-----------------|-----------------|-----------------|------------------|
| issue-300tps  | 4547  | 0    | 151.5           | 0.28            | 0.05            | 0.14            | 150.9            |
|---------------|-------|------|-----------------|-----------------|-----------------|-----------------|------------------|
| verify-100tps | 3001  | 0    | 100.0           | 0.02            | 0.00            | 0.00            | 100.0            |
|---------------|-------|------|-----------------|-----------------|-----------------|-----------------|------------------|
| verify-200tps | 6001  | 0    | 200.0           | 0.02            | 0.00            | 0.00            | 200.0            |
|---------------|-------|------|-----------------|-----------------|-----------------|-----------------|------------------|
| verify-400tps | 12001 | 0    | 400.0           | 0.02            | 0.00            | 0.00            | 400.0            |
|---------------|-------|------|-----------------|-----------------|-----------------|-----------------|------------------|
| verify-600tps | 17062 | 0    | 568.8           | 0.02            | 0.00            | 0.00            | 568.7            |
|---------------|-------|------|-----------------|-----------------|-----------------|-----------------|------------------|
| audit-10tps   | 299   | 2    | 10.0            | 0.08            | 0.02            | 0.05            | 10.0             |
|---------------|-------|------|-----------------|-----------------|-----------------|-----------------|------------------|
| audit-50tps   | 1495  | 6    | 50.0            | 0.10            | 0.02            | 0.06            | 49.9             |
|---------------|-------|------|-----------------|-----------------|-----------------|-----------------|------------------|
| audit-100tps  | 2989  | 12   | 100.0           | 0.13            | 0.03            | 0.07            | 99.8             |
|---------------|-------|------|-----------------|-----------------|-----------------|-----------------|------------------|
| audit-200tps  | 4445  | 18   | 148.8           | 0.30            | 0.05            | 0.14            | 148.3            |
+---------------+-------+------+-----------------+-----------------+-----------------+-----------------+------------------+

2026.10.08-05:37:20.823 info  [caliper] [report-builder] 	Generated report with path /home/runner/work/bzt-id-experiments/bzt-id-experiments/fabric-bench/caliper/report.html
2026.10.08-05:37:20.823 info  [caliper] [monitor.js] 	Stopping all monitors
2026.10.08-05:37:20.823 info  [caliper] [worker-orchestrator] 	Sending exit message to connected workers
2026.10.08-05:37:20.823 info  [caliper] [round-orchestrator] 	Benchmark finished in 627.908 seconds. Total rounds: 16. Successful rounds: 16. Failed rounds: 0.
2026.10.08-05:37:20.823 info  [caliper] [caliper-engine] 	Skipping end command due to benchmark flow conditioning
2026.10.08-05:37:20.823 info  [caliper] [cli-launch-manager] 	Benchmark successfully finished!
2026.10.08-05:37:20.824 info  [caliper] [worker-message-handler] 	Worker#0 is exiting
