fingerprint/Match.java:6: error: cannot find symbol
    static FingerprintTemplate load(String p) {
           ^
  symbol:   class FingerprintTemplate
  location: class Match
fingerprint/Match.java:1: error: package com.machinezoo.sourceafis does not exist
import com.machinezoo.sourceafis.*;
^
fingerprint/Match.java:7: error: cannot find symbol
        try { return new FingerprintTemplate(new FingerprintImage(Files.readAllBytes(Path.of(p)), new FingerprintImageOptions().dpi(500))); }
                         ^
  symbol:   class FingerprintTemplate
  location: class Match
fingerprint/Match.java:7: error: cannot find symbol
        try { return new FingerprintTemplate(new FingerprintImage(Files.readAllBytes(Path.of(p)), new FingerprintImageOptions().dpi(500))); }
                                                 ^
  symbol:   class FingerprintImage
  location: class Match
fingerprint/Match.java:7: error: cannot find symbol
        try { return new FingerprintTemplate(new FingerprintImage(Files.readAllBytes(Path.of(p)), new FingerprintImageOptions().dpi(500))); }
                                                                                                      ^
  symbol:   class FingerprintImageOptions
  location: class Match
fingerprint/Match.java:12: error: cannot find symbol
        Map<String, FingerprintTemplate> cache = new HashMap<>();
                    ^
  symbol:   class FingerprintTemplate
  location: class Match
fingerprint/Match.java:17: error: cannot find symbol
                FingerprintTemplate ta = cache.computeIfAbsent(p[3], Match::load), tb = cache.computeIfAbsent(p[4], Match::load);
                ^
  symbol:   class FingerprintTemplate
  location: class Match
fingerprint/Match.java:18: error: cannot find symbol
                double s = new FingerprintMatcher(ta).match(tb);
                               ^
  symbol:   class FingerprintMatcher
  location: class Match
8 errors
