2026.10.08-05:27:09.734 info  [caliper] [cli-launch-manager] 	Set workspace path: /home/runner/work/bzt-id-experiments/bzt-id-experiments/fabric-bench/caliper
2026.10.08-05:27:09.734 info  [caliper] [cli-launch-manager] 	Set benchmark configuration path: /home/runner/work/bzt-id-experiments/bzt-id-experiments/fabric-bench/caliper/benchmarks/config.yaml
2026.10.08-05:27:09.735 info  [caliper] [cli-launch-manager] 	Set network configuration path: /home/runner/work/bzt-id-experiments/bzt-id-experiments/fabric-bench/caliper/networks/networkConfig.yaml
2026.10.08-05:27:09.735 info  [caliper] [cli-launch-manager] 	Set SUT type: fabric
2026.10.08-05:27:09.750 info  [caliper] [benchmark-validator] 	No observer specified, will default to `none`
2026.10.08-05:27:09.750 info  [caliper] [caliper-engine] 	Starting benchmark flow
2026.10.08-05:27:09.750 info  [caliper] [caliper-engine] 	Skipping start commands due to benchmark flow conditioning
2026.10.08-05:27:09.750 info  [caliper] [caliper-engine] 	Skipping initialization phase due to benchmark flow conditioning
2026.10.08-05:27:09.751 info  [caliper] [caliper-engine] 	Skipping install smart contract phase due to benchmark flow conditioning
2026.10.08-05:27:09.858 info  [caliper] [FabricConnectorFactory] 	Initializing peer gateway connector compatible with installed fabric-gateway SDK: 1.7.1
2026.10.08-05:27:09.877 info  [caliper] [IdentityManager] 	Adding User1@org1.example.com (admin=false) as User1@org1.example.com for organization Org1MSP
2026.10.08-05:27:09.880 info  [caliper] [monitor.js] 	No resource monitors specified
2026.10.08-05:27:09.881 info  [caliper] [default-observer] 	Observer interval set to 5000 milliseconds
2026.10.08-05:27:09.886 info  [caliper] [round-orchestrator] 	Preparing worker connections
2026.10.08-05:27:09.886 info  [caliper] [worker-orchestrator] 	Launching worker 1 of 1
2026.10.08-05:27:09.891 info  [caliper] [worker-orchestrator] 	Messenger not configured, entering configure phase...
2026.10.08-05:27:09.891 info  [caliper] [worker-orchestrator] 	No existing workers detected, entering worker launch phase...
2026.10.08-05:27:09.892 info  [caliper] [worker-orchestrator] 	Waiting for 1 workers to be connected...
2026.10.08-05:27:10.131 info  [caliper] [cli-launch-worker] 	Set workspace path: /home/runner/work/bzt-id-experiments/bzt-id-experiments/fabric-bench/caliper
2026.10.08-05:27:10.132 info  [caliper] [cli-launch-worker] 	Set benchmark configuration path: /home/runner/work/bzt-id-experiments/bzt-id-experiments/fabric-bench/caliper/benchmarks/config.yaml
2026.10.08-05:27:10.133 info  [caliper] [cli-launch-worker] 	Set network configuration path: /home/runner/work/bzt-id-experiments/bzt-id-experiments/fabric-bench/caliper/networks/networkConfig.yaml
2026.10.08-05:27:10.133 info  [caliper] [cli-launch-worker] 	Set SUT type: fabric
2026.10.08-05:27:10.164 info  [caliper] [worker-orchestrator] 	1 workers connected, progressing to worker assignment phase.
2026.10.08-05:27:10.164 info  [caliper] [worker-orchestrator] 	Workers currently unassigned, awaiting index assignment...
2026.10.08-05:27:10.165 info  [caliper] [worker-orchestrator] 	Waiting for 1 workers to be assigned...
2026.10.08-05:27:10.185 info  [caliper] [worker-orchestrator] 	1 workers assigned, progressing to worker initialization phase.
2026.10.08-05:27:10.185 info  [caliper] [worker-orchestrator] 	Waiting for 1 workers to be ready...
2026.10.08-05:27:10.187 info  [caliper] [worker-message-handler] 	Initializing Worker#0...
2026.10.08-05:27:10.306 info  [caliper] [FabricConnectorFactory] 	Initializing peer gateway connector compatible with installed fabric-gateway SDK: 1.7.1
2026.10.08-05:27:10.310 info  [caliper] [IdentityManager] 	Adding User1@org1.example.com (admin=false) as User1@org1.example.com for organization Org1MSP
2026.10.08-05:27:10.314 info  [caliper] [worker-message-handler] 	Worker#0 initialized
2026.10.08-05:27:10.315 info  [caliper] [worker-orchestrator] 	1 workers ready, progressing to test preparation phase.
2026.10.08-05:27:10.316 info  [caliper] [round-orchestrator] 	Started round 1 (seed)
2026.10.08-05:27:10.317 info  [caliper] [worker-message-handler] 	Preparing Worker#0 for Round#0
2026.10.08-05:27:10.328 info  [caliper] [connectors/peer-gateway/PeerGateway] 	Generating contract map for user User1@org1.example.com
2026.10.08-05:27:10.329 info  [caliper] [caliper-worker] 	Info: worker 0 prepare test phase for round 0 is starting...
2026.10.08-05:27:10.330 info  [caliper] [connectors/peer-gateway/PeerGateway] 	disconnecting gateway for user User1@org1.example.com
2026.10.08-05:27:10.330 info  [caliper] [connectors/peer-gateway/PeerGateway] 	disconnecting gRpc client at peer peer0.org1.example.com
2026.10.08-05:27:10.331 info  [caliper] [caliper-worker] 	Info: worker 0 prepare test phase for round 0 is completed
2026.10.08-05:27:10.331 info  [caliper] [worker-message-handler] 	Worker#0 prepared for Round#0
2026.10.08-05:27:10.332 info  [caliper] [worker-orchestrator] 	1 workers prepared, progressing to test phase.
2026.10.08-05:27:10.332 info  [caliper] [round-orchestrator] 	Monitors successfully started
2026.10.08-05:27:10.333 info  [caliper] [worker-message-handler] 	Worker#0 is starting Round#0
2026.10.08-05:27:10.335 info  [caliper] [connectors/peer-gateway/PeerGateway] 	Generating contract map for user User1@org1.example.com
2026.10.08-05:27:10.337 info  [caliper] [caliper-worker] 	Worker #0 starting workload loop
2026.10.08-05:27:15.362 info  [caliper] [default-observer] 	[seed Round 0 Transaction Info] - Submitted: 135 Succ: 110 Fail:0 Unfinished:25
2026.10.08-05:27:18.535 info  [caliper] [connectors/peer-gateway/PeerGateway] 	disconnecting gateway for user User1@org1.example.com
2026.10.08-05:27:18.535 info  [caliper] [connectors/peer-gateway/PeerGateway] 	disconnecting gRpc client at peer peer0.org1.example.com
2026.10.08-05:27:18.535 info  [caliper] [worker-message-handler] 	Worker#0 finished Round#0
2026.10.08-05:27:23.540 info  [caliper] [default-observer] 	Resetting txCount indicator count
2026.10.08-05:27:23.541 info  [caliper] [report-builder] 	### Test result ###
2026.10.08-05:27:23.544 info  [caliper] [report-builder] 	
+------+------+------+-----------------+-----------------+-----------------+-----------------+------------------+
| Name | Succ | Fail | Send Rate (TPS) | Max Latency (s) | Min Latency (s) | Avg Latency (s) | Throughput (TPS) |
|------|------|------|-----------------|-----------------|-----------------|-----------------|------------------|
| seed | 500  | 0    | 72.6            | 1.93            | 0.04            | 0.26            | 71.7             |
+------+------+------+-----------------+-----------------+-----------------+-----------------+------------------+

2026.10.08-05:27:23.545 info  [caliper] [round-orchestrator] 	Finished round 1 (seed) in 7.198 seconds
2026.10.08-05:27:23.545 info  [caliper] [monitor.js] 	Stopping all monitors
2026.10.08-05:27:23.545 info  [caliper] [round-orchestrator] 	Waiting 5 seconds for the next round...
2026.10.08-05:27:28.550 info  [caliper] [round-orchestrator] 	Started round 2 (issue-10tps)
2026.10.08-05:27:28.551 info  [caliper] [worker-message-handler] 	Preparing Worker#0 for Round#1
2026.10.08-05:27:28.553 info  [caliper] [connectors/peer-gateway/PeerGateway] 	Generating contract map for user User1@org1.example.com
2026.10.08-05:27:28.553 info  [caliper] [caliper-worker] 	Info: worker 0 prepare test phase for round 1 is starting...
2026.10.08-05:27:28.554 info  [caliper] [connectors/peer-gateway/PeerGateway] 	disconnecting gateway for user User1@org1.example.com
2026.10.08-05:27:28.554 info  [caliper] [connectors/peer-gateway/PeerGateway] 	disconnecting gRpc client at peer peer0.org1.example.com
2026.10.08-05:27:28.555 info  [caliper] [caliper-worker] 	Info: worker 0 prepare test phase for round 1 is completed
2026.10.08-05:27:28.555 info  [caliper] [worker-message-handler] 	Worker#0 prepared for Round#1
2026.10.08-05:27:28.555 info  [caliper] [worker-orchestrator] 	1 workers prepared, progressing to test phase.
2026.10.08-05:27:28.555 info  [caliper] [round-orchestrator] 	Monitors successfully started
2026.10.08-05:27:28.556 info  [caliper] [worker-message-handler] 	Worker#0 is starting Round#1
2026.10.08-05:27:28.557 info  [caliper] [connectors/peer-gateway/PeerGateway] 	Generating contract map for user User1@org1.example.com
2026.10.08-05:27:28.558 info  [caliper] [caliper-worker] 	Worker #0 starting workload loop
2026.10.08-05:27:33.557 info  [caliper] [default-observer] 	[issue-10tps Round 1 Transaction Info] - Submitted: 41 Succ: 40 Fail:0 Unfinished:1
2026.10.08-05:27:38.558 info  [caliper] [default-observer] 	[issue-10tps Round 1 Transaction Info] - Submitted: 91 Succ: 90 Fail:0 Unfinished:1
2026.10.08-05:27:43.559 info  [caliper] [default-observer] 	[issue-10tps Round 1 Transaction Info] - Submitted: 141 Succ: 140 Fail:0 Unfinished:1
2026.10.08-05:27:48.560 info  [caliper] [default-observer] 	[issue-10tps Round 1 Transaction Info] - Submitted: 191 Succ: 190 Fail:0 Unfinished:1
2026.10.08-05:27:53.561 info  [caliper] [default-observer] 	[issue-10tps Round 1 Transaction Info] - Submitted: 241 Succ: 240 Fail:0 Unfinished:1
2026.10.08-05:27:58.561 info  [caliper] [default-observer] 	[issue-10tps Round 1 Transaction Info] - Submitted: 301 Succ: 300 Fail:0 Unfinished:1
2026.10.08-05:28:01.665 info  [caliper] [connectors/peer-gateway/PeerGateway] 	disconnecting gateway for user User1@org1.example.com
2026.10.08-05:28:01.665 info  [caliper] [connectors/peer-gateway/PeerGateway] 	disconnecting gRpc client at peer peer0.org1.example.com
2026.10.08-05:28:01.666 info  [caliper] [worker-message-handler] 	Worker#0 finished Round#1
2026.10.08-05:28:06.669 info  [caliper] [default-observer] 	Resetting txCount indicator count
2026.10.08-05:28:06.669 info  [caliper] [report-builder] 	### Test result ###
2026.10.08-05:28:06.670 info  [caliper] [report-builder] 	
+-------------+------+------+-----------------+-----------------+-----------------+-----------------+------------------+
| Name        | Succ | Fail | Send Rate (TPS) | Max Latency (s) | Min Latency (s) | Avg Latency (s) | Throughput (TPS) |
|-------------|------|------|-----------------|-----------------|-----------------|-----------------|------------------|
| issue-10tps | 301  | 0    | 10.0            | 2.02            | 0.02            | 0.48            | 9.4              |
+-------------+------+------+-----------------+-----------------+-----------------+-----------------+------------------+

2026.10.08-05:28:06.670 info  [caliper] [round-orchestrator] 	Finished round 2 (issue-10tps) in 32.107 seconds
2026.10.08-05:28:06.670 info  [caliper] [monitor.js] 	Stopping all monitors
2026.10.08-05:28:06.670 info  [caliper] [round-orchestrator] 	Waiting 5 seconds for the next round...
2026.10.08-05:28:11.672 info  [caliper] [round-orchestrator] 	Started round 3 (issue-25tps)
2026.10.08-05:28:11.672 info  [caliper] [worker-message-handler] 	Preparing Worker#0 for Round#2
2026.10.08-05:28:11.674 info  [caliper] [connectors/peer-gateway/PeerGateway] 	Generating contract map for user User1@org1.example.com
2026.10.08-05:28:11.675 info  [caliper] [caliper-worker] 	Info: worker 0 prepare test phase for round 2 is starting...
2026.10.08-05:28:11.676 info  [caliper] [connectors/peer-gateway/PeerGateway] 	disconnecting gateway for user User1@org1.example.com
2026.10.08-05:28:11.676 info  [caliper] [connectors/peer-gateway/PeerGateway] 	disconnecting gRpc client at peer peer0.org1.example.com
2026.10.08-05:28:11.676 info  [caliper] [caliper-worker] 	Info: worker 0 prepare test phase for round 2 is completed
2026.10.08-05:28:11.676 info  [caliper] [worker-message-handler] 	Worker#0 prepared for Round#2
2026.10.08-05:28:11.677 info  [caliper] [worker-orchestrator] 	1 workers prepared, progressing to test phase.
2026.10.08-05:28:11.677 info  [caliper] [round-orchestrator] 	Monitors successfully started
2026.10.08-05:28:11.677 info  [caliper] [worker-message-handler] 	Worker#0 is starting Round#2
2026.10.08-05:28:11.679 info  [caliper] [connectors/peer-gateway/PeerGateway] 	Generating contract map for user User1@org1.example.com
2026.10.08-05:28:11.679 info  [caliper] [caliper-worker] 	Worker #0 starting workload loop
2026.10.08-05:28:16.678 info  [caliper] [default-observer] 	[issue-25tps Round 2 Transaction Info] - Submitted: 101 Succ: 100 Fail:0 Unfinished:1
2026.10.08-05:28:21.679 info  [caliper] [default-observer] 	[issue-25tps Round 2 Transaction Info] - Submitted: 226 Succ: 220 Fail:0 Unfinished:6
2026.10.08-05:28:26.681 info  [caliper] [default-observer] 	[issue-25tps Round 2 Transaction Info] - Submitted: 351 Succ: 350 Fail:0 Unfinished:1
2026.10.08-05:28:31.681 info  [caliper] [default-observer] 	[issue-25tps Round 2 Transaction Info] - Submitted: 476 Succ: 470 Fail:0 Unfinished:6
2026.10.08-05:28:36.682 info  [caliper] [default-observer] 	[issue-25tps Round 2 Transaction Info] - Submitted: 601 Succ: 600 Fail:0 Unfinished:1
2026.10.08-05:28:41.684 info  [caliper] [default-observer] 	[issue-25tps Round 2 Transaction Info] - Submitted: 726 Succ: 720 Fail:0 Unfinished:6
2026.10.08-05:28:44.789 info  [caliper] [connectors/peer-gateway/PeerGateway] 	disconnecting gateway for user User1@org1.example.com
2026.10.08-05:28:44.789 info  [caliper] [connectors/peer-gateway/PeerGateway] 	disconnecting gRpc client at peer peer0.org1.example.com
2026.10.08-05:28:44.790 info  [caliper] [worker-message-handler] 	Worker#0 finished Round#2
2026.10.08-05:28:49.791 info  [caliper] [default-observer] 	Resetting txCount indicator count
2026.10.08-05:28:49.791 info  [caliper] [report-builder] 	### Test result ###
2026.10.08-05:28:49.792 info  [caliper] [report-builder] 	
+-------------+------+------+-----------------+-----------------+-----------------+-----------------+------------------+
| Name        | Succ | Fail | Send Rate (TPS) | Max Latency (s) | Min Latency (s) | Avg Latency (s) | Throughput (TPS) |
|-------------|------|------|-----------------|-----------------|-----------------|-----------------|------------------|
| issue-25tps | 751  | 0    | 25.0            | 2.02            | 0.02            | 0.21            | 23.5             |
+-------------+------+------+-----------------+-----------------+-----------------+-----------------+------------------+

2026.10.08-05:28:49.792 info  [caliper] [round-orchestrator] 	Finished round 3 (issue-25tps) in 32.109 seconds
2026.10.08-05:28:49.792 info  [caliper] [monitor.js] 	Stopping all monitors
2026.10.08-05:28:49.792 info  [caliper] [round-orchestrator] 	Waiting 5 seconds for the next round...
2026.10.08-05:28:54.796 info  [caliper] [round-orchestrator] 	Started round 4 (issue-50tps)
2026.10.08-05:28:54.797 info  [caliper] [worker-message-handler] 	Preparing Worker#0 for Round#3
2026.10.08-05:28:54.801 info  [caliper] [connectors/peer-gateway/PeerGateway] 	Generating contract map for user User1@org1.example.com
2026.10.08-05:28:54.801 info  [caliper] [caliper-worker] 	Info: worker 0 prepare test phase for round 3 is starting...
2026.10.08-05:28:54.802 info  [caliper] [connectors/peer-gateway/PeerGateway] 	disconnecting gateway for user User1@org1.example.com
2026.10.08-05:28:54.802 info  [caliper] [connectors/peer-gateway/PeerGateway] 	disconnecting gRpc client at peer peer0.org1.example.com
2026.10.08-05:28:54.802 info  [caliper] [caliper-worker] 	Info: worker 0 prepare test phase for round 3 is completed
2026.10.08-05:28:54.802 info  [caliper] [worker-message-handler] 	Worker#0 prepared for Round#3
2026.10.08-05:28:54.803 info  [caliper] [worker-orchestrator] 	1 workers prepared, progressing to test phase.
2026.10.08-05:28:54.803 info  [caliper] [round-orchestrator] 	Monitors successfully started
2026.10.08-05:28:54.803 info  [caliper] [worker-message-handler] 	Worker#0 is starting Round#3
2026.10.08-05:28:54.805 info  [caliper] [connectors/peer-gateway/PeerGateway] 	Generating contract map for user User1@org1.example.com
2026.10.08-05:28:54.805 info  [caliper] [caliper-worker] 	Worker #0 starting workload loop
2026.10.08-05:28:59.804 info  [caliper] [default-observer] 	[issue-50tps Round 3 Transaction Info] - Submitted: 200 Succ: 200 Fail:0 Unfinished:0
2026.10.08-05:29:04.804 info  [caliper] [default-observer] 	[issue-50tps Round 3 Transaction Info] - Submitted: 451 Succ: 440 Fail:0 Unfinished:11
2026.10.08-05:29:09.805 info  [caliper] [default-observer] 	[issue-50tps Round 3 Transaction Info] - Submitted: 701 Succ: 700 Fail:0 Unfinished:1
2026.10.08-05:29:14.807 info  [caliper] [default-observer] 	[issue-50tps Round 3 Transaction Info] - Submitted: 951 Succ: 950 Fail:0 Unfinished:1
2026.10.08-05:29:19.807 info  [caliper] [default-observer] 	[issue-50tps Round 3 Transaction Info] - Submitted: 1201 Succ: 1200 Fail:0 Unfinished:1
2026.10.08-05:29:24.808 info  [caliper] [default-observer] 	[issue-50tps Round 3 Transaction Info] - Submitted: 1451 Succ: 1450 Fail:0 Unfinished:1
2026.10.08-05:29:27.911 info  [caliper] [connectors/peer-gateway/PeerGateway] 	disconnecting gateway for user User1@org1.example.com
2026.10.08-05:29:27.911 info  [caliper] [connectors/peer-gateway/PeerGateway] 	disconnecting gRpc client at peer peer0.org1.example.com
2026.10.08-05:29:27.912 info  [caliper] [worker-message-handler] 	Worker#0 finished Round#3
2026.10.08-05:29:32.915 info  [caliper] [default-observer] 	Resetting txCount indicator count
2026.10.08-05:29:32.915 info  [caliper] [report-builder] 	### Test result ###
2026.10.08-05:29:32.916 info  [caliper] [report-builder] 	
+-------------+------+------+-----------------+-----------------+-----------------+-----------------+------------------+
| Name        | Succ | Fail | Send Rate (TPS) | Max Latency (s) | Min Latency (s) | Avg Latency (s) | Throughput (TPS) |
|-------------|------|------|-----------------|-----------------|-----------------|-----------------|------------------|
| issue-50tps | 1501 | 0    | 50.0            | 2.02            | 0.02            | 0.11            | 46.9             |
+-------------+------+------+-----------------+-----------------+-----------------+-----------------+------------------+

2026.10.08-05:29:32.916 info  [caliper] [round-orchestrator] 	Finished round 4 (issue-50tps) in 32.106 seconds
2026.10.08-05:29:32.916 info  [caliper] [monitor.js] 	Stopping all monitors
2026.10.08-05:29:32.917 info  [caliper] [round-orchestrator] 	Waiting 5 seconds for the next round...
2026.10.08-05:29:37.919 info  [caliper] [round-orchestrator] 	Started round 5 (issue-100tps)
2026.10.08-05:29:37.919 info  [caliper] [worker-message-handler] 	Preparing Worker#0 for Round#4
2026.10.08-05:29:37.924 info  [caliper] [connectors/peer-gateway/PeerGateway] 	Generating contract map for user User1@org1.example.com
2026.10.08-05:29:37.924 info  [caliper] [caliper-worker] 	Info: worker 0 prepare test phase for round 4 is starting...
2026.10.08-05:29:37.925 info  [caliper] [connectors/peer-gateway/PeerGateway] 	disconnecting gateway for user User1@org1.example.com
2026.10.08-05:29:37.925 info  [caliper] [connectors/peer-gateway/PeerGateway] 	disconnecting gRpc client at peer peer0.org1.example.com
2026.10.08-05:29:37.925 info  [caliper] [caliper-worker] 	Info: worker 0 prepare test phase for round 4 is completed
2026.10.08-05:29:37.925 info  [caliper] [worker-message-handler] 	Worker#0 prepared for Round#4
2026.10.08-05:29:37.926 info  [caliper] [worker-orchestrator] 	1 workers prepared, progressing to test phase.
2026.10.08-05:29:37.926 info  [caliper] [round-orchestrator] 	Monitors successfully started
2026.10.08-05:29:37.926 info  [caliper] [worker-message-handler] 	Worker#0 is starting Round#4
2026.10.08-05:29:37.927 info  [caliper] [connectors/peer-gateway/PeerGateway] 	Generating contract map for user User1@org1.example.com
2026.10.08-05:29:37.928 info  [caliper] [caliper-worker] 	Worker #0 starting workload loop
2026.10.08-05:29:42.927 info  [caliper] [default-observer] 	[issue-100tps Round 4 Transaction Info] - Submitted: 401 Succ: 390 Fail:0 Unfinished:11
2026.10.08-05:29:47.928 info  [caliper] [default-observer] 	[issue-100tps Round 4 Transaction Info] - Submitted: 901 Succ: 890 Fail:0 Unfinished:11
2026.10.08-05:29:52.929 info  [caliper] [default-observer] 	[issue-100tps Round 4 Transaction Info] - Submitted: 1401 Succ: 1390 Fail:0 Unfinished:11
2026.10.08-05:29:57.930 info  [caliper] [default-observer] 	[issue-100tps Round 4 Transaction Info] - Submitted: 1901 Succ: 1891 Fail:0 Unfinished:10
2026.10.08-05:30:02.932 info  [caliper] [default-observer] 	[issue-100tps Round 4 Transaction Info] - Submitted: 2402 Succ: 2400 Fail:0 Unfinished:2
2026.10.08-05:30:07.932 info  [caliper] [default-observer] 	[issue-100tps Round 4 Transaction Info] - Submitted: 2902 Succ: 2900 Fail:0 Unfinished:2
2026.10.08-05:30:11.035 info  [caliper] [connectors/peer-gateway/PeerGateway] 	disconnecting gateway for user User1@org1.example.com
2026.10.08-05:30:11.035 info  [caliper] [connectors/peer-gateway/PeerGateway] 	disconnecting gRpc client at peer peer0.org1.example.com
2026.10.08-05:30:11.035 info  [caliper] [worker-message-handler] 	Worker#0 finished Round#4
2026.10.08-05:30:16.037 info  [caliper] [default-observer] 	Resetting txCount indicator count
2026.10.08-05:30:16.037 info  [caliper] [report-builder] 	### Test result ###
2026.10.08-05:30:16.038 info  [caliper] [report-builder] 	
+--------------+------+------+-----------------+-----------------+-----------------+-----------------+------------------+
| Name         | Succ | Fail | Send Rate (TPS) | Max Latency (s) | Min Latency (s) | Avg Latency (s) | Throughput (TPS) |
|--------------|------|------|-----------------|-----------------|-----------------|-----------------|------------------|
| issue-100tps | 3001 | 0    | 100.0           | 2.02            | 0.02            | 0.07            | 93.7             |
+--------------+------+------+-----------------+-----------------+-----------------+-----------------+------------------+

2026.10.08-05:30:16.038 info  [caliper] [round-orchestrator] 	Finished round 5 (issue-100tps) in 32.107 seconds
2026.10.08-05:30:16.038 info  [caliper] [monitor.js] 	Stopping all monitors
2026.10.08-05:30:16.038 info  [caliper] [round-orchestrator] 	Waiting 5 seconds for the next round...
2026.10.08-05:30:21.044 info  [caliper] [round-orchestrator] 	Started round 6 (issue-150tps)
2026.10.08-05:30:21.044 info  [caliper] [worker-message-handler] 	Preparing Worker#0 for Round#5
2026.10.08-05:30:21.048 info  [caliper] [connectors/peer-gateway/PeerGateway] 	Generating contract map for user User1@org1.example.com
2026.10.08-05:30:21.049 info  [caliper] [caliper-worker] 	Info: worker 0 prepare test phase for round 5 is starting...
2026.10.08-05:30:21.050 info  [caliper] [connectors/peer-gateway/PeerGateway] 	disconnecting gateway for user User1@org1.example.com
2026.10.08-05:30:21.050 info  [caliper] [connectors/peer-gateway/PeerGateway] 	disconnecting gRpc client at peer peer0.org1.example.com
2026.10.08-05:30:21.050 info  [caliper] [caliper-worker] 	Info: worker 0 prepare test phase for round 5 is completed
2026.10.08-05:30:21.050 info  [caliper] [worker-message-handler] 	Worker#0 prepared for Round#5
2026.10.08-05:30:21.050 info  [caliper] [worker-orchestrator] 	1 workers prepared, progressing to test phase.
2026.10.08-05:30:21.050 info  [caliper] [round-orchestrator] 	Monitors successfully started
2026.10.08-05:30:21.051 info  [caliper] [worker-message-handler] 	Worker#0 is starting Round#5
2026.10.08-05:30:21.052 info  [caliper] [connectors/peer-gateway/PeerGateway] 	Generating contract map for user User1@org1.example.com
2026.10.08-05:30:21.052 info  [caliper] [caliper-worker] 	Worker #0 starting workload loop
2026.10.08-05:30:26.051 info  [caliper] [default-observer] 	[issue-150tps Round 5 Transaction Info] - Submitted: 601 Succ: 590 Fail:0 Unfinished:11
2026.10.08-05:30:31.052 info  [caliper] [default-observer] 	[issue-150tps Round 5 Transaction Info] - Submitted: 1350 Succ: 1340 Fail:0 Unfinished:10
2026.10.08-05:30:36.053 info  [caliper] [default-observer] 	[issue-150tps Round 5 Transaction Info] - Submitted: 2101 Succ: 2090 Fail:0 Unfinished:11
2026.10.08-05:30:41.054 info  [caliper] [default-observer] 	[issue-150tps Round 5 Transaction Info] - Submitted: 2851 Succ: 2840 Fail:0 Unfinished:11
2026.10.08-05:30:46.056 info  [caliper] [default-observer] 	[issue-150tps Round 5 Transaction Info] - Submitted: 3601 Succ: 3590 Fail:0 Unfinished:11
2026.10.08-05:30:51.056 info  [caliper] [default-observer] 	[issue-150tps Round 5 Transaction Info] - Submitted: 4352 Succ: 4340 Fail:0 Unfinished:12
2026.10.08-05:30:54.156 info  [caliper] [connectors/peer-gateway/PeerGateway] 	disconnecting gateway for user User1@org1.example.com
2026.10.08-05:30:54.157 info  [caliper] [connectors/peer-gateway/PeerGateway] 	disconnecting gRpc client at peer peer0.org1.example.com
2026.10.08-05:30:54.157 info  [caliper] [worker-message-handler] 	Worker#0 finished Round#5
2026.10.08-05:30:59.159 info  [caliper] [default-observer] 	Resetting txCount indicator count
2026.10.08-05:30:59.159 info  [caliper] [report-builder] 	### Test result ###
2026.10.08-05:30:59.160 info  [caliper] [report-builder] 	
+--------------+------+------+-----------------+-----------------+-----------------+-----------------+------------------+
| Name         | Succ | Fail | Send Rate (TPS) | Max Latency (s) | Min Latency (s) | Avg Latency (s) | Throughput (TPS) |
|--------------|------|------|-----------------|-----------------|-----------------|-----------------|------------------|
| issue-150tps | 4501 | 0    | 150.0           | 2.02            | 0.02            | 0.06            | 140.6            |
+--------------+------+------+-----------------+-----------------+-----------------+-----------------+------------------+

2026.10.08-05:30:59.160 info  [caliper] [round-orchestrator] 	Finished round 6 (issue-150tps) in 32.105 seconds
2026.10.08-05:30:59.160 info  [caliper] [monitor.js] 	Stopping all monitors
2026.10.08-05:30:59.160 info  [caliper] [round-orchestrator] 	Waiting 5 seconds for the next round...
2026.10.08-05:31:04.166 info  [caliper] [round-orchestrator] 	Started round 7 (issue-200tps)
2026.10.08-05:31:04.166 info  [caliper] [worker-message-handler] 	Preparing Worker#0 for Round#6
2026.10.08-05:31:04.171 info  [caliper] [connectors/peer-gateway/PeerGateway] 	Generating contract map for user User1@org1.example.com
2026.10.08-05:31:04.171 info  [caliper] [caliper-worker] 	Info: worker 0 prepare test phase for round 6 is starting...
2026.10.08-05:31:04.172 info  [caliper] [connectors/peer-gateway/PeerGateway] 	disconnecting gateway for user User1@org1.example.com
2026.10.08-05:31:04.172 info  [caliper] [connectors/peer-gateway/PeerGateway] 	disconnecting gRpc client at peer peer0.org1.example.com
2026.10.08-05:31:04.172 info  [caliper] [caliper-worker] 	Info: worker 0 prepare test phase for round 6 is completed
2026.10.08-05:31:04.172 info  [caliper] [worker-message-handler] 	Worker#0 prepared for Round#6
2026.10.08-05:31:04.173 info  [caliper] [worker-orchestrator] 	1 workers prepared, progressing to test phase.
2026.10.08-05:31:04.173 info  [caliper] [round-orchestrator] 	Monitors successfully started
2026.10.08-05:31:04.173 info  [caliper] [worker-message-handler] 	Worker#0 is starting Round#6
2026.10.08-05:31:04.174 info  [caliper] [connectors/peer-gateway/PeerGateway] 	Generating contract map for user User1@org1.example.com
2026.10.08-05:31:04.175 info  [caliper] [caliper-worker] 	Worker #0 starting workload loop
2026.10.08-05:31:09.174 info  [caliper] [default-observer] 	[issue-200tps Round 6 Transaction Info] - Submitted: 798 Succ: 790 Fail:0 Unfinished:8
2026.10.08-05:31:14.176 info  [caliper] [default-observer] 	[issue-200tps Round 6 Transaction Info] - Submitted: 1801 Succ: 1790 Fail:0 Unfinished:11
2026.10.08-05:31:19.176 info  [caliper] [default-observer] 	[issue-200tps Round 6 Transaction Info] - Submitted: 2803 Succ: 2790 Fail:0 Unfinished:13
2026.10.08-05:31:24.177 info  [caliper] [default-observer] 	[issue-200tps Round 6 Transaction Info] - Submitted: 3804 Succ: 3790 Fail:0 Unfinished:14
2026.10.08-05:31:29.178 info  [caliper] [default-observer] 	[issue-200tps Round 6 Transaction Info] - Submitted: 4807 Succ: 4790 Fail:0 Unfinished:17
2026.10.08-05:31:34.178 info  [caliper] [default-observer] 	[issue-200tps Round 6 Transaction Info] - Submitted: 5804 Succ: 5790 Fail:0 Unfinished:14
2026.10.08-05:31:37.282 info  [caliper] [connectors/peer-gateway/PeerGateway] 	disconnecting gateway for user User1@org1.example.com
2026.10.08-05:31:37.282 info  [caliper] [connectors/peer-gateway/PeerGateway] 	disconnecting gRpc client at peer peer0.org1.example.com
2026.10.08-05:31:37.282 info  [caliper] [worker-message-handler] 	Worker#0 finished Round#6
2026.10.08-05:31:42.283 info  [caliper] [default-observer] 	Resetting txCount indicator count
2026.10.08-05:31:42.284 info  [caliper] [report-builder] 	### Test result ###
2026.10.08-05:31:42.284 info  [caliper] [report-builder] 	
+--------------+------+------+-----------------+-----------------+-----------------+-----------------+------------------+
| Name         | Succ | Fail | Send Rate (TPS) | Max Latency (s) | Min Latency (s) | Avg Latency (s) | Throughput (TPS) |
|--------------|------|------|-----------------|-----------------|-----------------|-----------------|------------------|
| issue-200tps | 6001 | 0    | 200.0           | 2.03            | 0.03            | 0.07            | 187.4            |
+--------------+------+------+-----------------+-----------------+-----------------+-----------------+------------------+

2026.10.08-05:31:42.285 info  [caliper] [round-orchestrator] 	Finished round 7 (issue-200tps) in 32.106 seconds
2026.10.08-05:31:42.285 info  [caliper] [monitor.js] 	Stopping all monitors
2026.10.08-05:31:42.285 info  [caliper] [round-orchestrator] 	Waiting 5 seconds for the next round...
2026.10.08-05:31:47.290 info  [caliper] [round-orchestrator] 	Started round 8 (issue-300tps)
2026.10.08-05:31:47.291 info  [caliper] [worker-message-handler] 	Preparing Worker#0 for Round#7
2026.10.08-05:31:47.295 info  [caliper] [connectors/peer-gateway/PeerGateway] 	Generating contract map for user User1@org1.example.com
2026.10.08-05:31:47.295 info  [caliper] [caliper-worker] 	Info: worker 0 prepare test phase for round 7 is starting...
2026.10.08-05:31:47.296 info  [caliper] [connectors/peer-gateway/PeerGateway] 	disconnecting gateway for user User1@org1.example.com
2026.10.08-05:31:47.296 info  [caliper] [connectors/peer-gateway/PeerGateway] 	disconnecting gRpc client at peer peer0.org1.example.com
2026.10.08-05:31:47.296 info  [caliper] [caliper-worker] 	Info: worker 0 prepare test phase for round 7 is completed
2026.10.08-05:31:47.297 info  [caliper] [worker-message-handler] 	Worker#0 prepared for Round#7
2026.10.08-05:31:47.297 info  [caliper] [worker-orchestrator] 	1 workers prepared, progressing to test phase.
2026.10.08-05:31:47.297 info  [caliper] [round-orchestrator] 	Monitors successfully started
2026.10.08-05:31:47.297 info  [caliper] [worker-message-handler] 	Worker#0 is starting Round#7
2026.10.08-05:31:47.298 info  [caliper] [connectors/peer-gateway/PeerGateway] 	Generating contract map for user User1@org1.example.com
2026.10.08-05:31:47.299 info  [caliper] [caliper-worker] 	Worker #0 starting workload loop
2026.10.08-05:31:52.300 info  [caliper] [default-observer] 	[issue-300tps Round 7 Transaction Info] - Submitted: 831 Succ: 820 Fail:0 Unfinished:11
2026.10.08-05:31:57.300 info  [caliper] [default-observer] 	[issue-300tps Round 7 Transaction Info] - Submitted: 1881 Succ: 1870 Fail:0 Unfinished:11
2026.10.08-05:32:02.301 info  [caliper] [default-observer] 	[issue-300tps Round 7 Transaction Info] - Submitted: 2942 Succ: 2930 Fail:0 Unfinished:12
2026.10.08-05:32:07.303 info  [caliper] [default-observer] 	[issue-300tps Round 7 Transaction Info] - Submitted: 3989 Succ: 3980 Fail:0 Unfinished:9
2026.10.08-05:32:12.304 info  [caliper] [default-observer] 	[issue-300tps Round 7 Transaction Info] - Submitted: 5027 Succ: 5010 Fail:0 Unfinished:17
2026.10.08-05:32:17.305 info  [caliper] [default-observer] 	[issue-300tps Round 7 Transaction Info] - Submitted: 6092 Succ: 6070 Fail:0 Unfinished:22
2026.10.08-05:32:20.405 info  [caliper] [connectors/peer-gateway/PeerGateway] 	disconnecting gateway for user User1@org1.example.com
2026.10.08-05:32:20.405 info  [caliper] [connectors/peer-gateway/PeerGateway] 	disconnecting gRpc client at peer peer0.org1.example.com
2026.10.08-05:32:20.406 info  [caliper] [worker-message-handler] 	Worker#0 finished Round#7
2026.10.08-05:32:25.410 info  [caliper] [default-observer] 	Resetting txCount indicator count
2026.10.08-05:32:25.410 info  [caliper] [report-builder] 	### Test result ###
2026.10.08-05:32:25.411 info  [caliper] [report-builder] 	
+--------------+------+------+-----------------+-----------------+-----------------+-----------------+------------------+
| Name         | Succ | Fail | Send Rate (TPS) | Max Latency (s) | Min Latency (s) | Avg Latency (s) | Throughput (TPS) |
|--------------|------|------|-----------------|-----------------|-----------------|-----------------|------------------|
| issue-300tps | 6286 | 0    | 209.5           | 2.04            | 0.03            | 0.09            | 196.3            |
+--------------+------+------+-----------------+-----------------+-----------------+-----------------+------------------+

2026.10.08-05:32:25.411 info  [caliper] [round-orchestrator] 	Finished round 8 (issue-300tps) in 32.107 seconds
2026.10.08-05:32:25.411 info  [caliper] [monitor.js] 	Stopping all monitors
2026.10.08-05:32:25.411 info  [caliper] [round-orchestrator] 	Waiting 5 seconds for the next round...
2026.10.08-05:32:30.416 info  [caliper] [round-orchestrator] 	Started round 9 (verify-100tps)
2026.10.08-05:32:30.417 info  [caliper] [worker-message-handler] 	Preparing Worker#0 for Round#8
2026.10.08-05:32:30.421 info  [caliper] [connectors/peer-gateway/PeerGateway] 	Generating contract map for user User1@org1.example.com
2026.10.08-05:32:30.421 info  [caliper] [caliper-worker] 	Info: worker 0 prepare test phase for round 8 is starting...
2026.10.08-05:32:30.423 info  [caliper] [connectors/peer-gateway/PeerGateway] 	disconnecting gateway for user User1@org1.example.com
2026.10.08-05:32:30.423 info  [caliper] [connectors/peer-gateway/PeerGateway] 	disconnecting gRpc client at peer peer0.org1.example.com
2026.10.08-05:32:30.423 info  [caliper] [caliper-worker] 	Info: worker 0 prepare test phase for round 8 is completed
2026.10.08-05:32:30.423 info  [caliper] [worker-message-handler] 	Worker#0 prepared for Round#8
2026.10.08-05:32:30.423 info  [caliper] [worker-orchestrator] 	1 workers prepared, progressing to test phase.
2026.10.08-05:32:30.424 info  [caliper] [round-orchestrator] 	Monitors successfully started
2026.10.08-05:32:30.424 info  [caliper] [worker-message-handler] 	Worker#0 is starting Round#8
2026.10.08-05:32:30.425 info  [caliper] [connectors/peer-gateway/PeerGateway] 	Generating contract map for user User1@org1.example.com
2026.10.08-05:32:30.425 info  [caliper] [caliper-worker] 	Worker #0 starting workload loop
2026.10.08-05:32:35.425 info  [caliper] [default-observer] 	[verify-100tps Round 8 Transaction Info] - Submitted: 401 Succ: 400 Fail:0 Unfinished:1
2026.10.08-05:32:40.425 info  [caliper] [default-observer] 	[verify-100tps Round 8 Transaction Info] - Submitted: 900 Succ: 900 Fail:0 Unfinished:0
2026.10.08-05:32:45.427 info  [caliper] [default-observer] 	[verify-100tps Round 8 Transaction Info] - Submitted: 1401 Succ: 1400 Fail:0 Unfinished:1
2026.10.08-05:32:50.426 info  [caliper] [default-observer] 	[verify-100tps Round 8 Transaction Info] - Submitted: 2000 Succ: 2000 Fail:0 Unfinished:0
2026.10.08-05:32:55.427 info  [caliper] [default-observer] 	[verify-100tps Round 8 Transaction Info] - Submitted: 2501 Succ: 2500 Fail:0 Unfinished:1
2026.10.08-05:33:00.426 info  [caliper] [default-observer] 	[verify-100tps Round 8 Transaction Info] - Submitted: 3001 Succ: 3000 Fail:0 Unfinished:1
2026.10.08-05:33:01.525 info  [caliper] [connectors/peer-gateway/PeerGateway] 	disconnecting gateway for user User1@org1.example.com
2026.10.08-05:33:01.525 info  [caliper] [connectors/peer-gateway/PeerGateway] 	disconnecting gRpc client at peer peer0.org1.example.com
2026.10.08-05:33:01.526 info  [caliper] [worker-message-handler] 	Worker#0 finished Round#8
2026.10.08-05:33:06.527 info  [caliper] [default-observer] 	Resetting txCount indicator count
2026.10.08-05:33:06.528 info  [caliper] [report-builder] 	### Test result ###
2026.10.08-05:33:06.529 info  [caliper] [report-builder] 	
+---------------+------+------+-----------------+-----------------+-----------------+-----------------+------------------+
| Name          | Succ | Fail | Send Rate (TPS) | Max Latency (s) | Min Latency (s) | Avg Latency (s) | Throughput (TPS) |
|---------------|------|------|-----------------|-----------------|-----------------|-----------------|------------------|
| verify-100tps | 3001 | 0    | 100.0           | 0.02            | 0.00            | 0.00            | 100.0            |
+---------------+------+------+-----------------+-----------------+-----------------+-----------------+------------------+

2026.10.08-05:33:06.529 info  [caliper] [round-orchestrator] 	Finished round 9 (verify-100tps) in 30.101 seconds
2026.10.08-05:33:06.529 info  [caliper] [monitor.js] 	Stopping all monitors
2026.10.08-05:33:06.529 info  [caliper] [round-orchestrator] 	Waiting 5 seconds for the next round...
2026.10.08-05:33:11.534 info  [caliper] [round-orchestrator] 	Started round 10 (verify-200tps)
2026.10.08-05:33:11.535 info  [caliper] [worker-message-handler] 	Preparing Worker#0 for Round#9
2026.10.08-05:33:11.539 info  [caliper] [connectors/peer-gateway/PeerGateway] 	Generating contract map for user User1@org1.example.com
2026.10.08-05:33:11.540 info  [caliper] [caliper-worker] 	Info: worker 0 prepare test phase for round 9 is starting...
2026.10.08-05:33:11.541 info  [caliper] [connectors/peer-gateway/PeerGateway] 	disconnecting gateway for user User1@org1.example.com
2026.10.08-05:33:11.541 info  [caliper] [connectors/peer-gateway/PeerGateway] 	disconnecting gRpc client at peer peer0.org1.example.com
2026.10.08-05:33:11.541 info  [caliper] [caliper-worker] 	Info: worker 0 prepare test phase for round 9 is completed
2026.10.08-05:33:11.541 info  [caliper] [worker-message-handler] 	Worker#0 prepared for Round#9
2026.10.08-05:33:11.542 info  [caliper] [worker-orchestrator] 	1 workers prepared, progressing to test phase.
2026.10.08-05:33:11.542 info  [caliper] [round-orchestrator] 	Monitors successfully started
2026.10.08-05:33:11.542 info  [caliper] [worker-message-handler] 	Worker#0 is starting Round#9
2026.10.08-05:33:11.543 info  [caliper] [connectors/peer-gateway/PeerGateway] 	Generating contract map for user User1@org1.example.com
2026.10.08-05:33:11.544 info  [caliper] [caliper-worker] 	Worker #0 starting workload loop
2026.10.08-05:33:16.541 info  [caliper] [default-observer] 	[verify-200tps Round 9 Transaction Info] - Submitted: 800 Succ: 798 Fail:0 Unfinished:2
2026.10.08-05:33:21.542 info  [caliper] [default-observer] 	[verify-200tps Round 9 Transaction Info] - Submitted: 1801 Succ: 1800 Fail:0 Unfinished:1
2026.10.08-05:33:26.543 info  [caliper] [default-observer] 	[verify-200tps Round 9 Transaction Info] - Submitted: 2800 Succ: 2800 Fail:0 Unfinished:0
2026.10.08-05:33:31.544 info  [caliper] [default-observer] 	[verify-200tps Round 9 Transaction Info] - Submitted: 3801 Succ: 3800 Fail:0 Unfinished:1
2026.10.08-05:33:36.545 info  [caliper] [default-observer] 	[verify-200tps Round 9 Transaction Info] - Submitted: 4800 Succ: 4800 Fail:0 Unfinished:0
2026.10.08-05:33:41.545 info  [caliper] [default-observer] 	[verify-200tps Round 9 Transaction Info] - Submitted: 5801 Succ: 5800 Fail:0 Unfinished:1
2026.10.08-05:33:42.645 info  [caliper] [connectors/peer-gateway/PeerGateway] 	disconnecting gateway for user User1@org1.example.com
2026.10.08-05:33:42.645 info  [caliper] [connectors/peer-gateway/PeerGateway] 	disconnecting gRpc client at peer peer0.org1.example.com
2026.10.08-05:33:42.645 info  [caliper] [worker-message-handler] 	Worker#0 finished Round#9
2026.10.08-05:33:47.647 info  [caliper] [default-observer] 	Resetting txCount indicator count
2026.10.08-05:33:47.648 info  [caliper] [report-builder] 	### Test result ###
2026.10.08-05:33:47.648 info  [caliper] [report-builder] 	
+---------------+------+------+-----------------+-----------------+-----------------+-----------------+------------------+
| Name          | Succ | Fail | Send Rate (TPS) | Max Latency (s) | Min Latency (s) | Avg Latency (s) | Throughput (TPS) |
|---------------|------|------|-----------------|-----------------|-----------------|-----------------|------------------|
| verify-200tps | 6001 | 0    | 200.1           | 0.03            | 0.00            | 0.00            | 200.0            |
+---------------+------+------+-----------------+-----------------+-----------------+-----------------+------------------+

2026.10.08-05:33:47.649 info  [caliper] [round-orchestrator] 	Finished round 10 (verify-200tps) in 30.1 seconds
2026.10.08-05:33:47.649 info  [caliper] [monitor.js] 	Stopping all monitors
2026.10.08-05:33:47.649 info  [caliper] [round-orchestrator] 	Waiting 5 seconds for the next round...
2026.10.08-05:33:52.650 info  [caliper] [round-orchestrator] 	Started round 11 (verify-400tps)
2026.10.08-05:33:52.651 info  [caliper] [worker-message-handler] 	Preparing Worker#0 for Round#10
2026.10.08-05:33:52.655 info  [caliper] [connectors/peer-gateway/PeerGateway] 	Generating contract map for user User1@org1.example.com
2026.10.08-05:33:52.655 info  [caliper] [caliper-worker] 	Info: worker 0 prepare test phase for round 10 is starting...
2026.10.08-05:33:52.656 info  [caliper] [connectors/peer-gateway/PeerGateway] 	disconnecting gateway for user User1@org1.example.com
2026.10.08-05:33:52.656 info  [caliper] [connectors/peer-gateway/PeerGateway] 	disconnecting gRpc client at peer peer0.org1.example.com
2026.10.08-05:33:52.657 info  [caliper] [caliper-worker] 	Info: worker 0 prepare test phase for round 10 is completed
2026.10.08-05:33:52.657 info  [caliper] [worker-message-handler] 	Worker#0 prepared for Round#10
2026.10.08-05:33:52.657 info  [caliper] [worker-orchestrator] 	1 workers prepared, progressing to test phase.
2026.10.08-05:33:52.657 info  [caliper] [round-orchestrator] 	Monitors successfully started
2026.10.08-05:33:52.657 info  [caliper] [worker-message-handler] 	Worker#0 is starting Round#10
2026.10.08-05:33:52.659 info  [caliper] [connectors/peer-gateway/PeerGateway] 	Generating contract map for user User1@org1.example.com
2026.10.08-05:33:52.659 info  [caliper] [caliper-worker] 	Worker #0 starting workload loop
2026.10.08-05:33:57.659 info  [caliper] [default-observer] 	[verify-400tps Round 10 Transaction Info] - Submitted: 1601 Succ: 1599 Fail:0 Unfinished:2
2026.10.08-05:34:02.659 info  [caliper] [default-observer] 	[verify-400tps Round 10 Transaction Info] - Submitted: 3600 Succ: 3600 Fail:0 Unfinished:0
2026.10.08-05:34:07.660 info  [caliper] [default-observer] 	[verify-400tps Round 10 Transaction Info] - Submitted: 5601 Succ: 5600 Fail:0 Unfinished:1
2026.10.08-05:34:12.661 info  [caliper] [default-observer] 	[verify-400tps Round 10 Transaction Info] - Submitted: 8001 Succ: 8000 Fail:0 Unfinished:1
2026.10.08-05:34:17.662 info  [caliper] [default-observer] 	[verify-400tps Round 10 Transaction Info] - Submitted: 10001 Succ: 10000 Fail:0 Unfinished:1
2026.10.08-05:34:22.663 info  [caliper] [default-observer] 	[verify-400tps Round 10 Transaction Info] - Submitted: 12001 Succ: 12001 Fail:0 Unfinished:0
2026.10.08-05:34:23.761 info  [caliper] [connectors/peer-gateway/PeerGateway] 	disconnecting gateway for user User1@org1.example.com
2026.10.08-05:34:23.761 info  [caliper] [connectors/peer-gateway/PeerGateway] 	disconnecting gRpc client at peer peer0.org1.example.com
2026.10.08-05:34:23.761 info  [caliper] [worker-message-handler] 	Worker#0 finished Round#10
2026.10.08-05:34:28.763 info  [caliper] [default-observer] 	Resetting txCount indicator count
2026.10.08-05:34:28.764 info  [caliper] [report-builder] 	### Test result ###
2026.10.08-05:34:28.764 info  [caliper] [report-builder] 	
+---------------+-------+------+-----------------+-----------------+-----------------+-----------------+------------------+
| Name          | Succ  | Fail | Send Rate (TPS) | Max Latency (s) | Min Latency (s) | Avg Latency (s) | Throughput (TPS) |
|---------------|-------|------|-----------------|-----------------|-----------------|-----------------|------------------|
| verify-400tps | 12001 | 0    | 400.1           | 0.02            | 0.00            | 0.00            | 400.0            |
+---------------+-------+------+-----------------+-----------------+-----------------+-----------------+------------------+

2026.10.08-05:34:28.764 info  [caliper] [round-orchestrator] 	Finished round 11 (verify-400tps) in 30.102 seconds
2026.10.08-05:34:28.764 info  [caliper] [monitor.js] 	Stopping all monitors
2026.10.08-05:34:28.765 info  [caliper] [round-orchestrator] 	Waiting 5 seconds for the next round...
2026.10.08-05:34:33.769 info  [caliper] [round-orchestrator] 	Started round 12 (verify-600tps)
2026.10.08-05:34:33.770 info  [caliper] [worker-message-handler] 	Preparing Worker#0 for Round#11
2026.10.08-05:34:33.774 info  [caliper] [connectors/peer-gateway/PeerGateway] 	Generating contract map for user User1@org1.example.com
2026.10.08-05:34:33.774 info  [caliper] [caliper-worker] 	Info: worker 0 prepare test phase for round 11 is starting...
2026.10.08-05:34:33.775 info  [caliper] [connectors/peer-gateway/PeerGateway] 	disconnecting gateway for user User1@org1.example.com
2026.10.08-05:34:33.775 info  [caliper] [connectors/peer-gateway/PeerGateway] 	disconnecting gRpc client at peer peer0.org1.example.com
2026.10.08-05:34:33.775 info  [caliper] [caliper-worker] 	Info: worker 0 prepare test phase for round 11 is completed
2026.10.08-05:34:33.775 info  [caliper] [worker-message-handler] 	Worker#0 prepared for Round#11
2026.10.08-05:34:33.776 info  [caliper] [worker-orchestrator] 	1 workers prepared, progressing to test phase.
2026.10.08-05:34:33.776 info  [caliper] [round-orchestrator] 	Monitors successfully started
2026.10.08-05:34:33.776 info  [caliper] [worker-message-handler] 	Worker#0 is starting Round#11
2026.10.08-05:34:33.777 info  [caliper] [connectors/peer-gateway/PeerGateway] 	Generating contract map for user User1@org1.example.com
2026.10.08-05:34:33.778 info  [caliper] [caliper-worker] 	Worker #0 starting workload loop
2026.10.08-05:34:38.777 info  [caliper] [default-observer] 	[verify-600tps Round 11 Transaction Info] - Submitted: 2272 Succ: 2270 Fail:0 Unfinished:2
2026.10.08-05:34:43.777 info  [caliper] [default-observer] 	[verify-600tps Round 11 Transaction Info] - Submitted: 5153 Succ: 5150 Fail:0 Unfinished:3
2026.10.08-05:34:48.778 info  [caliper] [default-observer] 	[verify-600tps Round 11 Transaction Info] - Submitted: 8045 Succ: 8042 Fail:0 Unfinished:3
2026.10.08-05:34:53.779 info  [caliper] [default-observer] 	[verify-600tps Round 11 Transaction Info] - Submitted: 11517 Succ: 11514 Fail:0 Unfinished:3
2026.10.08-05:34:58.779 info  [caliper] [default-observer] 	[verify-600tps Round 11 Transaction Info] - Submitted: 14418 Succ: 14416 Fail:0 Unfinished:2
2026.10.08-05:35:03.780 info  [caliper] [default-observer] 	[verify-600tps Round 11 Transaction Info] - Submitted: 17329 Succ: 17327 Fail:0 Unfinished:2
2026.10.08-05:35:04.879 info  [caliper] [connectors/peer-gateway/PeerGateway] 	disconnecting gateway for user User1@org1.example.com
2026.10.08-05:35:04.879 info  [caliper] [connectors/peer-gateway/PeerGateway] 	disconnecting gRpc client at peer peer0.org1.example.com
2026.10.08-05:35:04.879 info  [caliper] [worker-message-handler] 	Worker#0 finished Round#11
2026.10.08-05:35:09.881 info  [caliper] [default-observer] 	Resetting txCount indicator count
2026.10.08-05:35:09.881 info  [caliper] [report-builder] 	### Test result ###
2026.10.08-05:35:09.881 info  [caliper] [report-builder] 	
+---------------+-------+------+-----------------+-----------------+-----------------+-----------------+------------------+
| Name          | Succ  | Fail | Send Rate (TPS) | Max Latency (s) | Min Latency (s) | Avg Latency (s) | Throughput (TPS) |
|---------------|-------|------|-----------------|-----------------|-----------------|-----------------|------------------|
| verify-600tps | 17329 | 0    | 577.7           | 0.02            | 0.00            | 0.00            | 577.6            |
+---------------+-------+------+-----------------+-----------------+-----------------+-----------------+------------------+

2026.10.08-05:35:09.882 info  [caliper] [round-orchestrator] 	Finished round 12 (verify-600tps) in 30.1 seconds
2026.10.08-05:35:09.882 info  [caliper] [monitor.js] 	Stopping all monitors
2026.10.08-05:35:09.882 info  [caliper] [round-orchestrator] 	Waiting 5 seconds for the next round...
2026.10.08-05:35:14.887 info  [caliper] [round-orchestrator] 	Started round 13 (audit-10tps)
2026.10.08-05:35:14.888 info  [caliper] [worker-message-handler] 	Preparing Worker#0 for Round#12
2026.10.08-05:35:14.892 info  [caliper] [connectors/peer-gateway/PeerGateway] 	Generating contract map for user User1@org1.example.com
2026.10.08-05:35:14.892 info  [caliper] [caliper-worker] 	Info: worker 0 prepare test phase for round 12 is starting...
2026.10.08-05:35:14.893 info  [caliper] [connectors/peer-gateway/PeerGateway] 	disconnecting gateway for user User1@org1.example.com
2026.10.08-05:35:14.893 info  [caliper] [connectors/peer-gateway/PeerGateway] 	disconnecting gRpc client at peer peer0.org1.example.com
2026.10.08-05:35:14.893 info  [caliper] [caliper-worker] 	Info: worker 0 prepare test phase for round 12 is completed
2026.10.08-05:35:14.894 info  [caliper] [worker-message-handler] 	Worker#0 prepared for Round#12
2026.10.08-05:35:14.894 info  [caliper] [worker-orchestrator] 	1 workers prepared, progressing to test phase.
2026.10.08-05:35:14.894 info  [caliper] [round-orchestrator] 	Monitors successfully started
2026.10.08-05:35:14.894 info  [caliper] [worker-message-handler] 	Worker#0 is starting Round#12
2026.10.08-05:35:14.895 info  [caliper] [connectors/peer-gateway/PeerGateway] 	Generating contract map for user User1@org1.example.com
2026.10.08-05:35:14.896 info  [caliper] [caliper-worker] 	Worker #0 starting workload loop
2026.10.08-05:35:19.895 info  [caliper] [default-observer] 	[audit-10tps Round 12 Transaction Info] - Submitted: 40 Succ: 40 Fail:0 Unfinished:0
2026.10.08-05:35:24.896 info  [caliper] [default-observer] 	[audit-10tps Round 12 Transaction Info] - Submitted: 100 Succ: 100 Fail:0 Unfinished:0
2026.10.08-05:35:29.897 info  [caliper] [default-observer] 	[audit-10tps Round 12 Transaction Info] - Submitted: 150 Succ: 150 Fail:0 Unfinished:0
2026.10.08-05:35:34.897 info  [caliper] [default-observer] 	[audit-10tps Round 12 Transaction Info] - Submitted: 201 Succ: 200 Fail:0 Unfinished:1
2026.10.08-05:35:39.898 info  [caliper] [default-observer] 	[audit-10tps Round 12 Transaction Info] - Submitted: 251 Succ: 250 Fail:0 Unfinished:1
2026.10.08-05:35:44.899 info  [caliper] [default-observer] 	[audit-10tps Round 12 Transaction Info] - Submitted: 301 Succ: 300 Fail:0 Unfinished:1
2026.10.08-05:35:47.999 info  [caliper] [connectors/peer-gateway/PeerGateway] 	disconnecting gateway for user User1@org1.example.com
2026.10.08-05:35:47.999 info  [caliper] [connectors/peer-gateway/PeerGateway] 	disconnecting gRpc client at peer peer0.org1.example.com
2026.10.08-05:35:47.999 info  [caliper] [worker-message-handler] 	Worker#0 finished Round#12
2026.10.08-05:35:53.002 info  [caliper] [default-observer] 	Resetting txCount indicator count
2026.10.08-05:35:53.002 info  [caliper] [report-builder] 	### Test result ###
2026.10.08-05:35:53.003 info  [caliper] [report-builder] 	
+-------------+------+------+-----------------+-----------------+-----------------+-----------------+------------------+
| Name        | Succ | Fail | Send Rate (TPS) | Max Latency (s) | Min Latency (s) | Avg Latency (s) | Throughput (TPS) |
|-------------|------|------|-----------------|-----------------|-----------------|-----------------|------------------|
| audit-10tps | 301  | 0    | 10.0            | 2.01            | 0.02            | 0.48            | 9.4              |
+-------------+------+------+-----------------+-----------------+-----------------+-----------------+------------------+

2026.10.08-05:35:53.003 info  [caliper] [round-orchestrator] 	Finished round 13 (audit-10tps) in 32.103 seconds
2026.10.08-05:35:53.003 info  [caliper] [monitor.js] 	Stopping all monitors
2026.10.08-05:35:53.003 info  [caliper] [round-orchestrator] 	Waiting 5 seconds for the next round...
2026.10.08-05:35:58.009 info  [caliper] [round-orchestrator] 	Started round 14 (audit-50tps)
2026.10.08-05:35:58.009 info  [caliper] [worker-message-handler] 	Preparing Worker#0 for Round#13
2026.10.08-05:35:58.011 info  [caliper] [connectors/peer-gateway/PeerGateway] 	Generating contract map for user User1@org1.example.com
2026.10.08-05:35:58.011 info  [caliper] [caliper-worker] 	Info: worker 0 prepare test phase for round 13 is starting...
2026.10.08-05:35:58.012 info  [caliper] [connectors/peer-gateway/PeerGateway] 	disconnecting gateway for user User1@org1.example.com
2026.10.08-05:35:58.012 info  [caliper] [connectors/peer-gateway/PeerGateway] 	disconnecting gRpc client at peer peer0.org1.example.com
2026.10.08-05:35:58.012 info  [caliper] [caliper-worker] 	Info: worker 0 prepare test phase for round 13 is completed
2026.10.08-05:35:58.012 info  [caliper] [worker-message-handler] 	Worker#0 prepared for Round#13
2026.10.08-05:35:58.013 info  [caliper] [worker-orchestrator] 	1 workers prepared, progressing to test phase.
2026.10.08-05:35:58.013 info  [caliper] [round-orchestrator] 	Monitors successfully started
2026.10.08-05:35:58.013 info  [caliper] [worker-message-handler] 	Worker#0 is starting Round#13
2026.10.08-05:35:58.014 info  [caliper] [connectors/peer-gateway/PeerGateway] 	Generating contract map for user User1@org1.example.com
2026.10.08-05:35:58.014 info  [caliper] [caliper-worker] 	Worker #0 starting workload loop
2026.10.08-05:36:03.013 info  [caliper] [default-observer] 	[audit-50tps Round 13 Transaction Info] - Submitted: 200 Succ: 200 Fail:0 Unfinished:0
2026.10.08-05:36:08.016 info  [caliper] [default-observer] 	[audit-50tps Round 13 Transaction Info] - Submitted: 451 Succ: 450 Fail:0 Unfinished:1
2026.10.08-05:36:13.015 info  [caliper] [default-observer] 	[audit-50tps Round 13 Transaction Info] - Submitted: 701 Succ: 700 Fail:0 Unfinished:1
2026.10.08-05:36:18.015 info  [caliper] [default-observer] 	[audit-50tps Round 13 Transaction Info] - Submitted: 951 Succ: 950 Fail:0 Unfinished:1
2026.10.08-05:36:23.016 info  [caliper] [default-observer] 	[audit-50tps Round 13 Transaction Info] - Submitted: 1201 Succ: 1200 Fail:0 Unfinished:1
2026.10.08-05:36:28.018 info  [caliper] [default-observer] 	[audit-50tps Round 13 Transaction Info] - Submitted: 1451 Succ: 1450 Fail:0 Unfinished:1
2026.10.08-05:36:31.120 info  [caliper] [connectors/peer-gateway/PeerGateway] 	disconnecting gateway for user User1@org1.example.com
2026.10.08-05:36:31.120 info  [caliper] [connectors/peer-gateway/PeerGateway] 	disconnecting gRpc client at peer peer0.org1.example.com
2026.10.08-05:36:31.121 info  [caliper] [worker-message-handler] 	Worker#0 finished Round#13
2026.10.08-05:36:36.125 info  [caliper] [default-observer] 	Resetting txCount indicator count
2026.10.08-05:36:36.125 info  [caliper] [report-builder] 	### Test result ###
2026.10.08-05:36:36.125 info  [caliper] [report-builder] 	
+-------------+------+------+-----------------+-----------------+-----------------+-----------------+------------------+
| Name        | Succ | Fail | Send Rate (TPS) | Max Latency (s) | Min Latency (s) | Avg Latency (s) | Throughput (TPS) |
|-------------|------|------|-----------------|-----------------|-----------------|-----------------|------------------|
| audit-50tps | 1501 | 0    | 50.0            | 2.02            | 0.02            | 0.11            | 46.9             |
+-------------+------+------+-----------------+-----------------+-----------------+-----------------+------------------+

2026.10.08-05:36:36.125 info  [caliper] [round-orchestrator] 	Finished round 14 (audit-50tps) in 32.105 seconds
2026.10.08-05:36:36.126 info  [caliper] [monitor.js] 	Stopping all monitors
2026.10.08-05:36:36.126 info  [caliper] [round-orchestrator] 	Waiting 5 seconds for the next round...
2026.10.08-05:36:41.131 info  [caliper] [round-orchestrator] 	Started round 15 (audit-100tps)
2026.10.08-05:36:41.132 info  [caliper] [worker-message-handler] 	Preparing Worker#0 for Round#14
2026.10.08-05:36:41.136 info  [caliper] [connectors/peer-gateway/PeerGateway] 	Generating contract map for user User1@org1.example.com
2026.10.08-05:36:41.136 info  [caliper] [caliper-worker] 	Info: worker 0 prepare test phase for round 14 is starting...
2026.10.08-05:36:41.137 info  [caliper] [connectors/peer-gateway/PeerGateway] 	disconnecting gateway for user User1@org1.example.com
2026.10.08-05:36:41.138 info  [caliper] [connectors/peer-gateway/PeerGateway] 	disconnecting gRpc client at peer peer0.org1.example.com
2026.10.08-05:36:41.138 info  [caliper] [caliper-worker] 	Info: worker 0 prepare test phase for round 14 is completed
2026.10.08-05:36:41.138 info  [caliper] [worker-message-handler] 	Worker#0 prepared for Round#14
2026.10.08-05:36:41.138 info  [caliper] [worker-orchestrator] 	1 workers prepared, progressing to test phase.
2026.10.08-05:36:41.138 info  [caliper] [round-orchestrator] 	Monitors successfully started
2026.10.08-05:36:41.138 info  [caliper] [worker-message-handler] 	Worker#0 is starting Round#14
2026.10.08-05:36:41.140 info  [caliper] [connectors/peer-gateway/PeerGateway] 	Generating contract map for user User1@org1.example.com
2026.10.08-05:36:41.140 info  [caliper] [caliper-worker] 	Worker #0 starting workload loop
2026.10.08-05:36:46.139 info  [caliper] [default-observer] 	[audit-100tps Round 14 Transaction Info] - Submitted: 400 Succ: 390 Fail:0 Unfinished:10
2026.10.08-05:36:51.142 info  [caliper] [default-observer] 	[audit-100tps Round 14 Transaction Info] - Submitted: 1000 Succ: 990 Fail:0 Unfinished:10
2026.10.08-05:36:56.144 info  [caliper] [default-observer] 	[audit-100tps Round 14 Transaction Info] - Submitted: 1501 Succ: 1490 Fail:0 Unfinished:11
2026.10.08-05:37:01.144 info  [caliper] [default-observer] 	[audit-100tps Round 14 Transaction Info] - Submitted: 1901 Succ: 1890 Fail:0 Unfinished:11
2026.10.08-05:37:06.147 info  [caliper] [default-observer] 	[audit-100tps Round 14 Transaction Info] - Submitted: 2501 Succ: 2490 Fail:0 Unfinished:11
2026.10.08-05:37:11.149 info  [caliper] [default-observer] 	[audit-100tps Round 14 Transaction Info] - Submitted: 3001 Succ: 2990 Fail:0 Unfinished:11
2026.10.08-05:37:14.250 info  [caliper] [connectors/peer-gateway/PeerGateway] 	disconnecting gateway for user User1@org1.example.com
2026.10.08-05:37:14.250 info  [caliper] [connectors/peer-gateway/PeerGateway] 	disconnecting gRpc client at peer peer0.org1.example.com
2026.10.08-05:37:14.250 info  [caliper] [worker-message-handler] 	Worker#0 finished Round#14
2026.10.08-05:37:19.254 info  [caliper] [default-observer] 	Resetting txCount indicator count
2026.10.08-05:37:19.254 info  [caliper] [report-builder] 	### Test result ###
2026.10.08-05:37:19.255 info  [caliper] [report-builder] 	
+--------------+------+------+-----------------+-----------------+-----------------+-----------------+------------------+
| Name         | Succ | Fail | Send Rate (TPS) | Max Latency (s) | Min Latency (s) | Avg Latency (s) | Throughput (TPS) |
|--------------|------|------|-----------------|-----------------|-----------------|-----------------|------------------|
| audit-100tps | 3001 | 0    | 100.0           | 2.02            | 0.02            | 0.07            | 93.7             |
+--------------+------+------+-----------------+-----------------+-----------------+-----------------+------------------+

2026.10.08-05:37:19.255 info  [caliper] [round-orchestrator] 	Finished round 15 (audit-100tps) in 32.109 seconds
2026.10.08-05:37:19.255 info  [caliper] [monitor.js] 	Stopping all monitors
2026.10.08-05:37:19.255 info  [caliper] [round-orchestrator] 	Waiting 5 seconds for the next round...
2026.10.08-05:37:24.260 info  [caliper] [round-orchestrator] 	Started round 16 (audit-200tps)
2026.10.08-05:37:24.261 info  [caliper] [worker-message-handler] 	Preparing Worker#0 for Round#15
2026.10.08-05:37:24.265 info  [caliper] [connectors/peer-gateway/PeerGateway] 	Generating contract map for user User1@org1.example.com
2026.10.08-05:37:24.265 info  [caliper] [caliper-worker] 	Info: worker 0 prepare test phase for round 15 is starting...
2026.10.08-05:37:24.267 info  [caliper] [connectors/peer-gateway/PeerGateway] 	disconnecting gateway for user User1@org1.example.com
2026.10.08-05:37:24.267 info  [caliper] [connectors/peer-gateway/PeerGateway] 	disconnecting gRpc client at peer peer0.org1.example.com
2026.10.08-05:37:24.267 info  [caliper] [caliper-worker] 	Info: worker 0 prepare test phase for round 15 is completed
2026.10.08-05:37:24.267 info  [caliper] [worker-message-handler] 	Worker#0 prepared for Round#15
2026.10.08-05:37:24.267 info  [caliper] [worker-orchestrator] 	1 workers prepared, progressing to test phase.
2026.10.08-05:37:24.267 info  [caliper] [round-orchestrator] 	Monitors successfully started
2026.10.08-05:37:24.268 info  [caliper] [worker-message-handler] 	Worker#0 is starting Round#15
2026.10.08-05:37:24.269 info  [caliper] [connectors/peer-gateway/PeerGateway] 	Generating contract map for user User1@org1.example.com
2026.10.08-05:37:24.269 info  [caliper] [caliper-worker] 	Worker #0 starting workload loop
2026.10.08-05:37:29.269 info  [caliper] [default-observer] 	[audit-200tps Round 15 Transaction Info] - Submitted: 801 Succ: 790 Fail:0 Unfinished:11
2026.10.08-05:37:34.268 info  [caliper] [default-observer] 	[audit-200tps Round 15 Transaction Info] - Submitted: 1801 Succ: 1790 Fail:0 Unfinished:11
2026.10.08-05:37:39.269 info  [caliper] [default-observer] 	[audit-200tps Round 15 Transaction Info] - Submitted: 2803 Succ: 2790 Fail:0 Unfinished:13
2026.10.08-05:37:44.271 info  [caliper] [default-observer] 	[audit-200tps Round 15 Transaction Info] - Submitted: 3804 Succ: 3790 Fail:0 Unfinished:14
2026.10.08-05:37:49.272 info  [caliper] [default-observer] 	[audit-200tps Round 15 Transaction Info] - Submitted: 4804 Succ: 4790 Fail:0 Unfinished:14
2026.10.08-05:37:54.273 info  [caliper] [default-observer] 	[audit-200tps Round 15 Transaction Info] - Submitted: 5806 Succ: 5790 Fail:0 Unfinished:16
2026.10.08-05:37:55.374 info  [caliper] [connectors/peer-gateway/PeerGateway] 	disconnecting gateway for user User1@org1.example.com
2026.10.08-05:37:55.374 info  [caliper] [connectors/peer-gateway/PeerGateway] 	disconnecting gRpc client at peer peer0.org1.example.com
2026.10.08-05:37:55.375 info  [caliper] [worker-message-handler] 	Worker#0 finished Round#15
2026.10.08-05:38:00.377 info  [caliper] [default-observer] 	Resetting txCount indicator count
2026.10.08-05:38:00.377 info  [caliper] [report-builder] 	### Test result ###
2026.10.08-05:38:00.377 info  [caliper] [report-builder] 	
+--------------+------+------+-----------------+-----------------+-----------------+-----------------+------------------+
| Name         | Succ | Fail | Send Rate (TPS) | Max Latency (s) | Min Latency (s) | Avg Latency (s) | Throughput (TPS) |
|--------------|------|------|-----------------|-----------------|-----------------|-----------------|------------------|
| audit-200tps | 6000 | 0    | 200.0           | 0.13            | 0.02            | 0.06            | 199.8            |
+--------------+------+------+-----------------+-----------------+-----------------+-----------------+------------------+

2026.10.08-05:38:00.377 info  [caliper] [round-orchestrator] 	Finished round 16 (audit-200tps) in 30.105 seconds
2026.10.08-05:38:00.378 info  [caliper] [monitor.js] 	Stopping all monitors
2026.10.08-05:38:00.378 info  [caliper] [report-builder] 	### All test results ###
2026.10.08-05:38:00.380 info  [caliper] [report-builder] 	
+---------------+-------+------+-----------------+-----------------+-----------------+-----------------+------------------+
| Name          | Succ  | Fail | Send Rate (TPS) | Max Latency (s) | Min Latency (s) | Avg Latency (s) | Throughput (TPS) |
|---------------|-------|------|-----------------|-----------------|-----------------|-----------------|------------------|
| seed          | 500   | 0    | 72.6            | 1.93            | 0.04            | 0.26            | 71.7             |
|---------------|-------|------|-----------------|-----------------|-----------------|-----------------|------------------|
| issue-10tps   | 301   | 0    | 10.0            | 2.02            | 0.02            | 0.48            | 9.4              |
|---------------|-------|------|-----------------|-----------------|-----------------|-----------------|------------------|
| issue-25tps   | 751   | 0    | 25.0            | 2.02            | 0.02            | 0.21            | 23.5             |
|---------------|-------|------|-----------------|-----------------|-----------------|-----------------|------------------|
| issue-50tps   | 1501  | 0    | 50.0            | 2.02            | 0.02            | 0.11            | 46.9             |
|---------------|-------|------|-----------------|-----------------|-----------------|-----------------|------------------|
| issue-100tps  | 3001  | 0    | 100.0           | 2.02            | 0.02            | 0.07            | 93.7             |
|---------------|-------|------|-----------------|-----------------|-----------------|-----------------|------------------|
| issue-150tps  | 4501  | 0    | 150.0           | 2.02            | 0.02            | 0.06            | 140.6            |
|---------------|-------|------|-----------------|-----------------|-----------------|-----------------|------------------|
| issue-200tps  | 6001  | 0    | 200.0           | 2.03            | 0.03            | 0.07            | 187.4            |
|---------------|-------|------|-----------------|-----------------|-----------------|-----------------|------------------|
| issue-300tps  | 6286  | 0    | 209.5           | 2.04            | 0.03            | 0.09            | 196.3            |
|---------------|-------|------|-----------------|-----------------|-----------------|-----------------|------------------|
| verify-100tps | 3001  | 0    | 100.0           | 0.02            | 0.00            | 0.00            | 100.0            |
|---------------|-------|------|-----------------|-----------------|-----------------|-----------------|------------------|
| verify-200tps | 6001  | 0    | 200.1           | 0.03            | 0.00            | 0.00            | 200.0            |
|---------------|-------|------|-----------------|-----------------|-----------------|-----------------|------------------|
| verify-400tps | 12001 | 0    | 400.1           | 0.02            | 0.00            | 0.00            | 400.0            |
|---------------|-------|------|-----------------|-----------------|-----------------|-----------------|------------------|
| verify-600tps | 17329 | 0    | 577.7           | 0.02            | 0.00            | 0.00            | 577.6            |
|---------------|-------|------|-----------------|-----------------|-----------------|-----------------|------------------|
| audit-10tps   | 301   | 0    | 10.0            | 2.01            | 0.02            | 0.48            | 9.4              |
|---------------|-------|------|-----------------|-----------------|-----------------|-----------------|------------------|
| audit-50tps   | 1501  | 0    | 50.0            | 2.02            | 0.02            | 0.11            | 46.9             |
|---------------|-------|------|-----------------|-----------------|-----------------|-----------------|------------------|
| audit-100tps  | 3001  | 0    | 100.0           | 2.02            | 0.02            | 0.07            | 93.7             |
|---------------|-------|------|-----------------|-----------------|-----------------|-----------------|------------------|
| audit-200tps  | 6000  | 0    | 200.0           | 0.13            | 0.02            | 0.06            | 199.8            |
+---------------+-------+------+-----------------+-----------------+-----------------+-----------------+------------------+

2026.10.08-05:38:00.387 info  [caliper] [report-builder] 	Generated report with path /home/runner/work/bzt-id-experiments/bzt-id-experiments/fabric-bench/caliper/report.html
2026.10.08-05:38:00.387 info  [caliper] [monitor.js] 	Stopping all monitors
2026.10.08-05:38:00.388 info  [caliper] [worker-orchestrator] 	Sending exit message to connected workers
2026.10.08-05:38:00.388 info  [caliper] [round-orchestrator] 	Benchmark finished in 650.072 seconds. Total rounds: 16. Successful rounds: 16. Failed rounds: 0.
2026.10.08-05:38:00.388 info  [caliper] [caliper-engine] 	Skipping end command due to benchmark flow conditioning
2026.10.08-05:38:00.388 info  [caliper] [cli-launch-manager] 	Benchmark successfully finished!
2026.10.08-05:38:00.388 info  [caliper] [worker-message-handler] 	Worker#0 is exiting
