2026.10.07-05:20:44.725 info  [caliper] [cli-launch-manager] 	Set workspace path: /home/runner/work/bzt-id-experiments/bzt-id-experiments/fabric-bench/caliper
2026.10.07-05:20:44.726 info  [caliper] [cli-launch-manager] 	Set benchmark configuration path: /home/runner/work/bzt-id-experiments/bzt-id-experiments/fabric-bench/caliper/benchmarks/config.yaml
2026.10.07-05:20:44.726 info  [caliper] [cli-launch-manager] 	Set network configuration path: /home/runner/work/bzt-id-experiments/bzt-id-experiments/fabric-bench/caliper/networks/networkConfig.yaml
2026.10.07-05:20:44.726 info  [caliper] [cli-launch-manager] 	Set SUT type: fabric
2026.10.07-05:20:44.740 info  [caliper] [benchmark-validator] 	No observer specified, will default to `none`
2026.10.07-05:20:44.740 info  [caliper] [caliper-engine] 	Starting benchmark flow
2026.10.07-05:20:44.740 info  [caliper] [caliper-engine] 	Skipping start commands due to benchmark flow conditioning
2026.10.07-05:20:44.740 info  [caliper] [caliper-engine] 	Skipping initialization phase due to benchmark flow conditioning
2026.10.07-05:20:44.740 info  [caliper] [caliper-engine] 	Skipping install smart contract phase due to benchmark flow conditioning
2026.10.07-05:20:44.827 info  [caliper] [FabricConnectorFactory] 	Initializing peer gateway connector compatible with installed fabric-gateway SDK: 1.7.1
2026.10.07-05:20:44.838 info  [caliper] [IdentityManager] 	Adding User1@org1.example.com (admin=false) as User1@org1.example.com for organization Org1MSP
2026.10.07-05:20:44.840 info  [caliper] [monitor.js] 	No resource monitors specified
2026.10.07-05:20:44.841 info  [caliper] [default-observer] 	Observer interval set to 5000 milliseconds
2026.10.07-05:20:44.845 info  [caliper] [round-orchestrator] 	Preparing worker connections
2026.10.07-05:20:44.845 info  [caliper] [worker-orchestrator] 	Launching worker 1 of 1
2026.10.07-05:20:44.849 info  [caliper] [worker-orchestrator] 	Messenger not configured, entering configure phase...
2026.10.07-05:20:44.849 info  [caliper] [worker-orchestrator] 	No existing workers detected, entering worker launch phase...
2026.10.07-05:20:44.849 info  [caliper] [worker-orchestrator] 	Waiting for 1 workers to be connected...
2026.10.07-05:20:45.033 info  [caliper] [cli-launch-worker] 	Set workspace path: /home/runner/work/bzt-id-experiments/bzt-id-experiments/fabric-bench/caliper
2026.10.07-05:20:45.033 info  [caliper] [cli-launch-worker] 	Set benchmark configuration path: /home/runner/work/bzt-id-experiments/bzt-id-experiments/fabric-bench/caliper/benchmarks/config.yaml
2026.10.07-05:20:45.033 info  [caliper] [cli-launch-worker] 	Set network configuration path: /home/runner/work/bzt-id-experiments/bzt-id-experiments/fabric-bench/caliper/networks/networkConfig.yaml
2026.10.07-05:20:45.033 info  [caliper] [cli-launch-worker] 	Set SUT type: fabric
2026.10.07-05:20:45.059 info  [caliper] [worker-orchestrator] 	1 workers connected, progressing to worker assignment phase.
2026.10.07-05:20:45.059 info  [caliper] [worker-orchestrator] 	Workers currently unassigned, awaiting index assignment...
2026.10.07-05:20:45.059 info  [caliper] [worker-orchestrator] 	Waiting for 1 workers to be assigned...
2026.10.07-05:20:45.068 info  [caliper] [worker-orchestrator] 	1 workers assigned, progressing to worker initialization phase.
2026.10.07-05:20:45.068 info  [caliper] [worker-orchestrator] 	Waiting for 1 workers to be ready...
2026.10.07-05:20:45.069 info  [caliper] [worker-message-handler] 	Initializing Worker#0...
2026.10.07-05:20:45.174 info  [caliper] [FabricConnectorFactory] 	Initializing peer gateway connector compatible with installed fabric-gateway SDK: 1.7.1
2026.10.07-05:20:45.180 info  [caliper] [IdentityManager] 	Adding User1@org1.example.com (admin=false) as User1@org1.example.com for organization Org1MSP
2026.10.07-05:20:45.185 info  [caliper] [worker-message-handler] 	Worker#0 initialized
2026.10.07-05:20:45.186 info  [caliper] [worker-orchestrator] 	1 workers ready, progressing to test preparation phase.
2026.10.07-05:20:45.186 info  [caliper] [round-orchestrator] 	Started round 1 (seed)
2026.10.07-05:20:45.187 info  [caliper] [worker-message-handler] 	Preparing Worker#0 for Round#0
2026.10.07-05:20:45.198 info  [caliper] [connectors/peer-gateway/PeerGateway] 	Generating contract map for user User1@org1.example.com
2026.10.07-05:20:45.199 info  [caliper] [caliper-worker] 	Info: worker 0 prepare test phase for round 0 is starting...
2026.10.07-05:20:45.200 info  [caliper] [connectors/peer-gateway/PeerGateway] 	disconnecting gateway for user User1@org1.example.com
2026.10.07-05:20:45.200 info  [caliper] [connectors/peer-gateway/PeerGateway] 	disconnecting gRpc client at peer peer0.org1.example.com
2026.10.07-05:20:45.201 info  [caliper] [caliper-worker] 	Info: worker 0 prepare test phase for round 0 is completed
2026.10.07-05:20:45.201 info  [caliper] [worker-message-handler] 	Worker#0 prepared for Round#0
2026.10.07-05:20:45.201 info  [caliper] [worker-orchestrator] 	1 workers prepared, progressing to test phase.
2026.10.07-05:20:45.202 info  [caliper] [round-orchestrator] 	Monitors successfully started
2026.10.07-05:20:45.202 info  [caliper] [worker-message-handler] 	Worker#0 is starting Round#0
2026.10.07-05:20:45.204 info  [caliper] [connectors/peer-gateway/PeerGateway] 	Generating contract map for user User1@org1.example.com
2026.10.07-05:20:45.205 info  [caliper] [caliper-worker] 	Worker #0 starting workload loop
2026.10.07-05:20:50.228 info  [caliper] [default-observer] 	[seed Round 0 Transaction Info] - Submitted: 161 Succ: 110 Fail:0 Unfinished:51
2026.10.07-05:20:52.629 info  [caliper] [connectors/peer-gateway/PeerGateway] 	disconnecting gateway for user User1@org1.example.com
2026.10.07-05:20:52.629 info  [caliper] [connectors/peer-gateway/PeerGateway] 	disconnecting gRpc client at peer peer0.org1.example.com
2026.10.07-05:20:52.629 info  [caliper] [worker-message-handler] 	Worker#0 finished Round#0
2026.10.07-05:20:57.632 info  [caliper] [default-observer] 	Resetting txCount indicator count
2026.10.07-05:20:57.633 info  [caliper] [report-builder] 	### Test result ###
2026.10.07-05:20:57.636 info  [caliper] [report-builder] 	
+------+------+------+-----------------+-----------------+-----------------+-----------------+------------------+
| Name | Succ | Fail | Send Rate (TPS) | Max Latency (s) | Min Latency (s) | Avg Latency (s) | Throughput (TPS) |
|------|------|------|-----------------|-----------------|-----------------|-----------------|------------------|
| seed | 500  | 0    | 81.8            | 1.93            | 0.04            | 0.20            | 81.2             |
+------+------+------+-----------------+-----------------+-----------------+-----------------+------------------+

2026.10.07-05:20:57.636 info  [caliper] [round-orchestrator] 	Finished round 1 (seed) in 6.422 seconds
2026.10.07-05:20:57.636 info  [caliper] [monitor.js] 	Stopping all monitors
2026.10.07-05:20:57.636 info  [caliper] [round-orchestrator] 	Waiting 5 seconds for the next round...
2026.10.07-05:21:02.639 info  [caliper] [round-orchestrator] 	Started round 2 (issue-10tps)
2026.10.07-05:21:02.640 info  [caliper] [worker-message-handler] 	Preparing Worker#0 for Round#1
2026.10.07-05:21:02.642 info  [caliper] [connectors/peer-gateway/PeerGateway] 	Generating contract map for user User1@org1.example.com
2026.10.07-05:21:02.642 info  [caliper] [caliper-worker] 	Info: worker 0 prepare test phase for round 1 is starting...
2026.10.07-05:21:02.643 info  [caliper] [connectors/peer-gateway/PeerGateway] 	disconnecting gateway for user User1@org1.example.com
2026.10.07-05:21:02.643 info  [caliper] [connectors/peer-gateway/PeerGateway] 	disconnecting gRpc client at peer peer0.org1.example.com
2026.10.07-05:21:02.643 info  [caliper] [caliper-worker] 	Info: worker 0 prepare test phase for round 1 is completed
2026.10.07-05:21:02.643 info  [caliper] [worker-message-handler] 	Worker#0 prepared for Round#1
2026.10.07-05:21:02.644 info  [caliper] [worker-orchestrator] 	1 workers prepared, progressing to test phase.
2026.10.07-05:21:02.644 info  [caliper] [round-orchestrator] 	Monitors successfully started
2026.10.07-05:21:02.644 info  [caliper] [worker-message-handler] 	Worker#0 is starting Round#1
2026.10.07-05:21:02.645 info  [caliper] [connectors/peer-gateway/PeerGateway] 	Generating contract map for user User1@org1.example.com
2026.10.07-05:21:02.645 info  [caliper] [caliper-worker] 	Worker #0 starting workload loop
2026.10.07-05:21:07.645 info  [caliper] [default-observer] 	[issue-10tps Round 1 Transaction Info] - Submitted: 40 Succ: 40 Fail:0 Unfinished:0
2026.10.07-05:21:12.646 info  [caliper] [default-observer] 	[issue-10tps Round 1 Transaction Info] - Submitted: 90 Succ: 90 Fail:0 Unfinished:0
2026.10.07-05:21:17.646 info  [caliper] [default-observer] 	[issue-10tps Round 1 Transaction Info] - Submitted: 141 Succ: 140 Fail:0 Unfinished:1
2026.10.07-05:21:22.647 info  [caliper] [default-observer] 	[issue-10tps Round 1 Transaction Info] - Submitted: 191 Succ: 190 Fail:0 Unfinished:1
2026.10.07-05:21:27.648 info  [caliper] [default-observer] 	[issue-10tps Round 1 Transaction Info] - Submitted: 241 Succ: 240 Fail:0 Unfinished:1
2026.10.07-05:21:32.649 info  [caliper] [default-observer] 	[issue-10tps Round 1 Transaction Info] - Submitted: 291 Succ: 290 Fail:0 Unfinished:1
2026.10.07-05:21:35.752 info  [caliper] [connectors/peer-gateway/PeerGateway] 	disconnecting gateway for user User1@org1.example.com
2026.10.07-05:21:35.752 info  [caliper] [connectors/peer-gateway/PeerGateway] 	disconnecting gRpc client at peer peer0.org1.example.com
2026.10.07-05:21:35.752 info  [caliper] [worker-message-handler] 	Worker#0 finished Round#1
2026.10.07-05:21:40.753 info  [caliper] [default-observer] 	Resetting txCount indicator count
2026.10.07-05:21:40.753 info  [caliper] [report-builder] 	### Test result ###
2026.10.07-05:21:40.754 info  [caliper] [report-builder] 	
+-------------+------+------+-----------------+-----------------+-----------------+-----------------+------------------+
| Name        | Succ | Fail | Send Rate (TPS) | Max Latency (s) | Min Latency (s) | Avg Latency (s) | Throughput (TPS) |
|-------------|------|------|-----------------|-----------------|-----------------|-----------------|------------------|
| issue-10tps | 301  | 0    | 10.0            | 2.01            | 0.02            | 0.48            | 9.4              |
+-------------+------+------+-----------------+-----------------+-----------------+-----------------+------------------+

2026.10.07-05:21:40.754 info  [caliper] [round-orchestrator] 	Finished round 2 (issue-10tps) in 32.106 seconds
2026.10.07-05:21:40.754 info  [caliper] [monitor.js] 	Stopping all monitors
2026.10.07-05:21:40.754 info  [caliper] [round-orchestrator] 	Waiting 5 seconds for the next round...
2026.10.07-05:21:45.759 info  [caliper] [round-orchestrator] 	Started round 3 (issue-25tps)
2026.10.07-05:21:45.761 info  [caliper] [worker-message-handler] 	Preparing Worker#0 for Round#2
2026.10.07-05:21:45.764 info  [caliper] [connectors/peer-gateway/PeerGateway] 	Generating contract map for user User1@org1.example.com
2026.10.07-05:21:45.764 info  [caliper] [caliper-worker] 	Info: worker 0 prepare test phase for round 2 is starting...
2026.10.07-05:21:45.766 info  [caliper] [connectors/peer-gateway/PeerGateway] 	disconnecting gateway for user User1@org1.example.com
2026.10.07-05:21:45.766 info  [caliper] [connectors/peer-gateway/PeerGateway] 	disconnecting gRpc client at peer peer0.org1.example.com
2026.10.07-05:21:45.766 info  [caliper] [caliper-worker] 	Info: worker 0 prepare test phase for round 2 is completed
2026.10.07-05:21:45.766 info  [caliper] [worker-message-handler] 	Worker#0 prepared for Round#2
2026.10.07-05:21:45.767 info  [caliper] [worker-orchestrator] 	1 workers prepared, progressing to test phase.
2026.10.07-05:21:45.767 info  [caliper] [round-orchestrator] 	Monitors successfully started
2026.10.07-05:21:45.767 info  [caliper] [worker-message-handler] 	Worker#0 is starting Round#2
2026.10.07-05:21:45.769 info  [caliper] [connectors/peer-gateway/PeerGateway] 	Generating contract map for user User1@org1.example.com
2026.10.07-05:21:45.769 info  [caliper] [caliper-worker] 	Worker #0 starting workload loop
2026.10.07-05:21:50.768 info  [caliper] [default-observer] 	[issue-25tps Round 2 Transaction Info] - Submitted: 100 Succ: 100 Fail:0 Unfinished:0
2026.10.07-05:21:55.769 info  [caliper] [default-observer] 	[issue-25tps Round 2 Transaction Info] - Submitted: 226 Succ: 220 Fail:0 Unfinished:6
2026.10.07-05:22:00.770 info  [caliper] [default-observer] 	[issue-25tps Round 2 Transaction Info] - Submitted: 351 Succ: 350 Fail:0 Unfinished:1
2026.10.07-05:22:05.771 info  [caliper] [default-observer] 	[issue-25tps Round 2 Transaction Info] - Submitted: 476 Succ: 470 Fail:0 Unfinished:6
2026.10.07-05:22:10.771 info  [caliper] [default-observer] 	[issue-25tps Round 2 Transaction Info] - Submitted: 601 Succ: 600 Fail:0 Unfinished:1
2026.10.07-05:22:15.772 info  [caliper] [default-observer] 	[issue-25tps Round 2 Transaction Info] - Submitted: 726 Succ: 720 Fail:0 Unfinished:6
2026.10.07-05:22:18.876 info  [caliper] [connectors/peer-gateway/PeerGateway] 	disconnecting gateway for user User1@org1.example.com
2026.10.07-05:22:18.876 info  [caliper] [connectors/peer-gateway/PeerGateway] 	disconnecting gRpc client at peer peer0.org1.example.com
2026.10.07-05:22:18.877 info  [caliper] [worker-message-handler] 	Worker#0 finished Round#2
2026.10.07-05:22:23.880 info  [caliper] [default-observer] 	Resetting txCount indicator count
2026.10.07-05:22:23.881 info  [caliper] [report-builder] 	### Test result ###
2026.10.07-05:22:23.881 info  [caliper] [report-builder] 	
+-------------+------+------+-----------------+-----------------+-----------------+-----------------+------------------+
| Name        | Succ | Fail | Send Rate (TPS) | Max Latency (s) | Min Latency (s) | Avg Latency (s) | Throughput (TPS) |
|-------------|------|------|-----------------|-----------------|-----------------|-----------------|------------------|
| issue-25tps | 751  | 0    | 25.0            | 2.01            | 0.01            | 0.20            | 23.5             |
+-------------+------+------+-----------------+-----------------+-----------------+-----------------+------------------+

2026.10.07-05:22:23.881 info  [caliper] [round-orchestrator] 	Finished round 3 (issue-25tps) in 32.106 seconds
2026.10.07-05:22:23.881 info  [caliper] [monitor.js] 	Stopping all monitors
2026.10.07-05:22:23.882 info  [caliper] [round-orchestrator] 	Waiting 5 seconds for the next round...
2026.10.07-05:22:28.885 info  [caliper] [round-orchestrator] 	Started round 4 (issue-50tps)
2026.10.07-05:22:28.886 info  [caliper] [worker-message-handler] 	Preparing Worker#0 for Round#3
2026.10.07-05:22:28.889 info  [caliper] [connectors/peer-gateway/PeerGateway] 	Generating contract map for user User1@org1.example.com
2026.10.07-05:22:28.889 info  [caliper] [caliper-worker] 	Info: worker 0 prepare test phase for round 3 is starting...
2026.10.07-05:22:28.891 info  [caliper] [connectors/peer-gateway/PeerGateway] 	disconnecting gateway for user User1@org1.example.com
2026.10.07-05:22:28.891 info  [caliper] [connectors/peer-gateway/PeerGateway] 	disconnecting gRpc client at peer peer0.org1.example.com
2026.10.07-05:22:28.891 info  [caliper] [caliper-worker] 	Info: worker 0 prepare test phase for round 3 is completed
2026.10.07-05:22:28.891 info  [caliper] [worker-message-handler] 	Worker#0 prepared for Round#3
2026.10.07-05:22:28.891 info  [caliper] [worker-orchestrator] 	1 workers prepared, progressing to test phase.
2026.10.07-05:22:28.891 info  [caliper] [round-orchestrator] 	Monitors successfully started
2026.10.07-05:22:28.891 info  [caliper] [worker-message-handler] 	Worker#0 is starting Round#3
2026.10.07-05:22:28.892 info  [caliper] [connectors/peer-gateway/PeerGateway] 	Generating contract map for user User1@org1.example.com
2026.10.07-05:22:28.893 info  [caliper] [caliper-worker] 	Worker #0 starting workload loop
2026.10.07-05:22:33.892 info  [caliper] [default-observer] 	[issue-50tps Round 3 Transaction Info] - Submitted: 200 Succ: 200 Fail:0 Unfinished:0
2026.10.07-05:22:38.892 info  [caliper] [default-observer] 	[issue-50tps Round 3 Transaction Info] - Submitted: 451 Succ: 450 Fail:0 Unfinished:1
2026.10.07-05:22:43.892 info  [caliper] [default-observer] 	[issue-50tps Round 3 Transaction Info] - Submitted: 700 Succ: 700 Fail:0 Unfinished:0
2026.10.07-05:22:48.894 info  [caliper] [default-observer] 	[issue-50tps Round 3 Transaction Info] - Submitted: 1001 Succ: 1000 Fail:0 Unfinished:1
2026.10.07-05:22:53.894 info  [caliper] [default-observer] 	[issue-50tps Round 3 Transaction Info] - Submitted: 1250 Succ: 1240 Fail:0 Unfinished:10
2026.10.07-05:22:58.894 info  [caliper] [default-observer] 	[issue-50tps Round 3 Transaction Info] - Submitted: 1501 Succ: 1500 Fail:0 Unfinished:1
2026.10.07-05:23:01.998 info  [caliper] [connectors/peer-gateway/PeerGateway] 	disconnecting gateway for user User1@org1.example.com
2026.10.07-05:23:01.998 info  [caliper] [connectors/peer-gateway/PeerGateway] 	disconnecting gRpc client at peer peer0.org1.example.com
2026.10.07-05:23:01.998 info  [caliper] [worker-message-handler] 	Worker#0 finished Round#3
2026.10.07-05:23:07.001 info  [caliper] [default-observer] 	Resetting txCount indicator count
2026.10.07-05:23:07.001 info  [caliper] [report-builder] 	### Test result ###
2026.10.07-05:23:07.002 info  [caliper] [report-builder] 	
+-------------+------+------+-----------------+-----------------+-----------------+-----------------+------------------+
| Name        | Succ | Fail | Send Rate (TPS) | Max Latency (s) | Min Latency (s) | Avg Latency (s) | Throughput (TPS) |
|-------------|------|------|-----------------|-----------------|-----------------|-----------------|------------------|
| issue-50tps | 1501 | 0    | 50.0            | 2.01            | 0.01            | 0.11            | 46.9             |
+-------------+------+------+-----------------+-----------------+-----------------+-----------------+------------------+

2026.10.07-05:23:07.002 info  [caliper] [round-orchestrator] 	Finished round 4 (issue-50tps) in 32.105 seconds
2026.10.07-05:23:07.002 info  [caliper] [monitor.js] 	Stopping all monitors
2026.10.07-05:23:07.002 info  [caliper] [round-orchestrator] 	Waiting 5 seconds for the next round...
2026.10.07-05:23:12.003 info  [caliper] [round-orchestrator] 	Started round 5 (issue-100tps)
2026.10.07-05:23:12.004 info  [caliper] [worker-message-handler] 	Preparing Worker#0 for Round#4
2026.10.07-05:23:12.007 info  [caliper] [connectors/peer-gateway/PeerGateway] 	Generating contract map for user User1@org1.example.com
2026.10.07-05:23:12.007 info  [caliper] [caliper-worker] 	Info: worker 0 prepare test phase for round 4 is starting...
2026.10.07-05:23:12.008 info  [caliper] [connectors/peer-gateway/PeerGateway] 	disconnecting gateway for user User1@org1.example.com
2026.10.07-05:23:12.008 info  [caliper] [connectors/peer-gateway/PeerGateway] 	disconnecting gRpc client at peer peer0.org1.example.com
2026.10.07-05:23:12.008 info  [caliper] [caliper-worker] 	Info: worker 0 prepare test phase for round 4 is completed
2026.10.07-05:23:12.008 info  [caliper] [worker-message-handler] 	Worker#0 prepared for Round#4
2026.10.07-05:23:12.008 info  [caliper] [worker-orchestrator] 	1 workers prepared, progressing to test phase.
2026.10.07-05:23:12.009 info  [caliper] [round-orchestrator] 	Monitors successfully started
2026.10.07-05:23:12.009 info  [caliper] [worker-message-handler] 	Worker#0 is starting Round#4
2026.10.07-05:23:12.010 info  [caliper] [connectors/peer-gateway/PeerGateway] 	Generating contract map for user User1@org1.example.com
2026.10.07-05:23:12.010 info  [caliper] [caliper-worker] 	Worker #0 starting workload loop
2026.10.07-05:23:17.009 info  [caliper] [default-observer] 	[issue-100tps Round 4 Transaction Info] - Submitted: 400 Succ: 390 Fail:0 Unfinished:10
2026.10.07-05:23:22.011 info  [caliper] [default-observer] 	[issue-100tps Round 4 Transaction Info] - Submitted: 901 Succ: 890 Fail:0 Unfinished:11
2026.10.07-05:23:27.012 info  [caliper] [default-observer] 	[issue-100tps Round 4 Transaction Info] - Submitted: 1401 Succ: 1380 Fail:0 Unfinished:21
2026.10.07-05:23:32.013 info  [caliper] [default-observer] 	[issue-100tps Round 4 Transaction Info] - Submitted: 1901 Succ: 1890 Fail:0 Unfinished:11
2026.10.07-05:23:37.014 info  [caliper] [default-observer] 	[issue-100tps Round 4 Transaction Info] - Submitted: 2401 Succ: 2390 Fail:0 Unfinished:11
2026.10.07-05:23:42.016 info  [caliper] [default-observer] 	[issue-100tps Round 4 Transaction Info] - Submitted: 3001 Succ: 2990 Fail:0 Unfinished:11
2026.10.07-05:23:45.121 info  [caliper] [connectors/peer-gateway/PeerGateway] 	disconnecting gateway for user User1@org1.example.com
2026.10.07-05:23:45.121 info  [caliper] [connectors/peer-gateway/PeerGateway] 	disconnecting gRpc client at peer peer0.org1.example.com
2026.10.07-05:23:45.122 info  [caliper] [worker-message-handler] 	Worker#0 finished Round#4
2026.10.07-05:23:50.124 info  [caliper] [default-observer] 	Resetting txCount indicator count
2026.10.07-05:23:50.124 info  [caliper] [report-builder] 	### Test result ###
2026.10.07-05:23:50.124 info  [caliper] [report-builder] 	
+--------------+------+------+-----------------+-----------------+-----------------+-----------------+------------------+
| Name         | Succ | Fail | Send Rate (TPS) | Max Latency (s) | Min Latency (s) | Avg Latency (s) | Throughput (TPS) |
|--------------|------|------|-----------------|-----------------|-----------------|-----------------|------------------|
| issue-100tps | 3001 | 0    | 100.0           | 2.01            | 0.01            | 0.07            | 93.7             |
+--------------+------+------+-----------------+-----------------+-----------------+-----------------+------------------+

2026.10.07-05:23:50.125 info  [caliper] [round-orchestrator] 	Finished round 5 (issue-100tps) in 32.111 seconds
2026.10.07-05:23:50.125 info  [caliper] [monitor.js] 	Stopping all monitors
2026.10.07-05:23:50.125 info  [caliper] [round-orchestrator] 	Waiting 5 seconds for the next round...
2026.10.07-05:23:55.130 info  [caliper] [round-orchestrator] 	Started round 6 (issue-150tps)
2026.10.07-05:23:55.131 info  [caliper] [worker-message-handler] 	Preparing Worker#0 for Round#5
2026.10.07-05:23:55.134 info  [caliper] [connectors/peer-gateway/PeerGateway] 	Generating contract map for user User1@org1.example.com
2026.10.07-05:23:55.134 info  [caliper] [caliper-worker] 	Info: worker 0 prepare test phase for round 5 is starting...
2026.10.07-05:23:55.135 info  [caliper] [connectors/peer-gateway/PeerGateway] 	disconnecting gateway for user User1@org1.example.com
2026.10.07-05:23:55.135 info  [caliper] [connectors/peer-gateway/PeerGateway] 	disconnecting gRpc client at peer peer0.org1.example.com
2026.10.07-05:23:55.135 info  [caliper] [caliper-worker] 	Info: worker 0 prepare test phase for round 5 is completed
2026.10.07-05:23:55.135 info  [caliper] [worker-message-handler] 	Worker#0 prepared for Round#5
2026.10.07-05:23:55.136 info  [caliper] [worker-orchestrator] 	1 workers prepared, progressing to test phase.
2026.10.07-05:23:55.136 info  [caliper] [round-orchestrator] 	Monitors successfully started
2026.10.07-05:23:55.136 info  [caliper] [worker-message-handler] 	Worker#0 is starting Round#5
2026.10.07-05:23:55.137 info  [caliper] [connectors/peer-gateway/PeerGateway] 	Generating contract map for user User1@org1.example.com
2026.10.07-05:23:55.137 info  [caliper] [caliper-worker] 	Worker #0 starting workload loop
2026.10.07-05:24:00.137 info  [caliper] [default-observer] 	[issue-150tps Round 5 Transaction Info] - Submitted: 600 Succ: 590 Fail:0 Unfinished:10
2026.10.07-05:24:05.139 info  [caliper] [default-observer] 	[issue-150tps Round 5 Transaction Info] - Submitted: 1351 Succ: 1340 Fail:0 Unfinished:11
2026.10.07-05:24:10.141 info  [caliper] [default-observer] 	[issue-150tps Round 5 Transaction Info] - Submitted: 2251 Succ: 2240 Fail:0 Unfinished:11
2026.10.07-05:24:15.142 info  [caliper] [default-observer] 	[issue-150tps Round 5 Transaction Info] - Submitted: 3001 Succ: 2990 Fail:0 Unfinished:11
2026.10.07-05:24:20.143 info  [caliper] [default-observer] 	[issue-150tps Round 5 Transaction Info] - Submitted: 3602 Succ: 3590 Fail:0 Unfinished:12
2026.10.07-05:24:25.145 info  [caliper] [default-observer] 	[issue-150tps Round 5 Transaction Info] - Submitted: 4352 Succ: 4340 Fail:0 Unfinished:12
2026.10.07-05:24:28.343 info  [caliper] [connectors/peer-gateway/PeerGateway] 	disconnecting gateway for user User1@org1.example.com
2026.10.07-05:24:28.343 info  [caliper] [connectors/peer-gateway/PeerGateway] 	disconnecting gRpc client at peer peer0.org1.example.com
2026.10.07-05:24:28.344 info  [caliper] [worker-message-handler] 	Worker#0 finished Round#5
2026.10.07-05:24:33.348 info  [caliper] [default-observer] 	Resetting txCount indicator count
2026.10.07-05:24:33.348 info  [caliper] [report-builder] 	### Test result ###
2026.10.07-05:24:33.348 info  [caliper] [report-builder] 	
+--------------+------+------+-----------------+-----------------+-----------------+-----------------+------------------+
| Name         | Succ | Fail | Send Rate (TPS) | Max Latency (s) | Min Latency (s) | Avg Latency (s) | Throughput (TPS) |
|--------------|------|------|-----------------|-----------------|-----------------|-----------------|------------------|
| issue-150tps | 4501 | 0    | 150.0           | 2.12            | 0.01            | 0.06            | 140.2            |
+--------------+------+------+-----------------+-----------------+-----------------+-----------------+------------------+

2026.10.07-05:24:33.349 info  [caliper] [round-orchestrator] 	Finished round 6 (issue-150tps) in 32.207 seconds
2026.10.07-05:24:33.349 info  [caliper] [monitor.js] 	Stopping all monitors
2026.10.07-05:24:33.349 info  [caliper] [round-orchestrator] 	Waiting 5 seconds for the next round...
2026.10.07-05:24:38.354 info  [caliper] [round-orchestrator] 	Started round 7 (issue-200tps)
2026.10.07-05:24:38.355 info  [caliper] [worker-message-handler] 	Preparing Worker#0 for Round#6
2026.10.07-05:24:38.358 info  [caliper] [connectors/peer-gateway/PeerGateway] 	Generating contract map for user User1@org1.example.com
2026.10.07-05:24:38.358 info  [caliper] [caliper-worker] 	Info: worker 0 prepare test phase for round 6 is starting...
2026.10.07-05:24:38.359 info  [caliper] [connectors/peer-gateway/PeerGateway] 	disconnecting gateway for user User1@org1.example.com
2026.10.07-05:24:38.359 info  [caliper] [connectors/peer-gateway/PeerGateway] 	disconnecting gRpc client at peer peer0.org1.example.com
2026.10.07-05:24:38.359 info  [caliper] [caliper-worker] 	Info: worker 0 prepare test phase for round 6 is completed
2026.10.07-05:24:38.359 info  [caliper] [worker-message-handler] 	Worker#0 prepared for Round#6
2026.10.07-05:24:38.360 info  [caliper] [worker-orchestrator] 	1 workers prepared, progressing to test phase.
2026.10.07-05:24:38.360 info  [caliper] [round-orchestrator] 	Monitors successfully started
2026.10.07-05:24:38.360 info  [caliper] [worker-message-handler] 	Worker#0 is starting Round#6
2026.10.07-05:24:38.361 info  [caliper] [connectors/peer-gateway/PeerGateway] 	Generating contract map for user User1@org1.example.com
2026.10.07-05:24:38.361 info  [caliper] [caliper-worker] 	Worker #0 starting workload loop
2026.10.07-05:24:43.360 info  [caliper] [default-observer] 	[issue-200tps Round 6 Transaction Info] - Submitted: 801 Succ: 790 Fail:0 Unfinished:11
2026.10.07-05:24:48.362 info  [caliper] [default-observer] 	[issue-200tps Round 6 Transaction Info] - Submitted: 1802 Succ: 1790 Fail:0 Unfinished:12
2026.10.07-05:24:53.362 info  [caliper] [default-observer] 	[issue-200tps Round 6 Transaction Info] - Submitted: 2803 Succ: 2730 Fail:0 Unfinished:73
2026.10.07-05:24:58.363 info  [caliper] [default-observer] 	[issue-200tps Round 6 Transaction Info] - Submitted: 3803 Succ: 3790 Fail:0 Unfinished:13
2026.10.07-05:25:03.364 info  [caliper] [default-observer] 	[issue-200tps Round 6 Transaction Info] - Submitted: 4803 Succ: 4760 Fail:0 Unfinished:43
2026.10.07-05:25:08.366 info  [caliper] [default-observer] 	[issue-200tps Round 6 Transaction Info] - Submitted: 5803 Succ: 5790 Fail:0 Unfinished:13
2026.10.07-05:25:11.467 info  [caliper] [connectors/peer-gateway/PeerGateway] 	disconnecting gateway for user User1@org1.example.com
2026.10.07-05:25:11.467 info  [caliper] [connectors/peer-gateway/PeerGateway] 	disconnecting gRpc client at peer peer0.org1.example.com
2026.10.07-05:25:11.468 info  [caliper] [worker-message-handler] 	Worker#0 finished Round#6
2026.10.07-05:25:16.471 info  [caliper] [default-observer] 	Resetting txCount indicator count
2026.10.07-05:25:16.471 info  [caliper] [report-builder] 	### Test result ###
2026.10.07-05:25:16.472 info  [caliper] [report-builder] 	
+--------------+------+------+-----------------+-----------------+-----------------+-----------------+------------------+
| Name         | Succ | Fail | Send Rate (TPS) | Max Latency (s) | Min Latency (s) | Avg Latency (s) | Throughput (TPS) |
|--------------|------|------|-----------------|-----------------|-----------------|-----------------|------------------|
| issue-200tps | 6001 | 0    | 200.0           | 2.02            | 0.01            | 0.09            | 187.4            |
+--------------+------+------+-----------------+-----------------+-----------------+-----------------+------------------+

2026.10.07-05:25:16.472 info  [caliper] [round-orchestrator] 	Finished round 7 (issue-200tps) in 32.107 seconds
2026.10.07-05:25:16.472 info  [caliper] [monitor.js] 	Stopping all monitors
2026.10.07-05:25:16.472 info  [caliper] [round-orchestrator] 	Waiting 5 seconds for the next round...
2026.10.07-05:25:21.478 info  [caliper] [round-orchestrator] 	Started round 8 (issue-300tps)
2026.10.07-05:25:21.479 info  [caliper] [worker-message-handler] 	Preparing Worker#0 for Round#7
2026.10.07-05:25:21.482 info  [caliper] [connectors/peer-gateway/PeerGateway] 	Generating contract map for user User1@org1.example.com
2026.10.07-05:25:21.482 info  [caliper] [caliper-worker] 	Info: worker 0 prepare test phase for round 7 is starting...
2026.10.07-05:25:21.483 info  [caliper] [connectors/peer-gateway/PeerGateway] 	disconnecting gateway for user User1@org1.example.com
2026.10.07-05:25:21.483 info  [caliper] [connectors/peer-gateway/PeerGateway] 	disconnecting gRpc client at peer peer0.org1.example.com
2026.10.07-05:25:21.483 info  [caliper] [caliper-worker] 	Info: worker 0 prepare test phase for round 7 is completed
2026.10.07-05:25:21.483 info  [caliper] [worker-message-handler] 	Worker#0 prepared for Round#7
2026.10.07-05:25:21.484 info  [caliper] [worker-orchestrator] 	1 workers prepared, progressing to test phase.
2026.10.07-05:25:21.484 info  [caliper] [round-orchestrator] 	Monitors successfully started
2026.10.07-05:25:21.484 info  [caliper] [worker-message-handler] 	Worker#0 is starting Round#7
2026.10.07-05:25:21.485 info  [caliper] [connectors/peer-gateway/PeerGateway] 	Generating contract map for user User1@org1.example.com
2026.10.07-05:25:21.485 info  [caliper] [caliper-worker] 	Worker #0 starting workload loop
2026.10.07-05:25:26.485 info  [caliper] [default-observer] 	[issue-300tps Round 7 Transaction Info] - Submitted: 1091 Succ: 1060 Fail:0 Unfinished:31
2026.10.07-05:25:31.485 info  [caliper] [default-observer] 	[issue-300tps Round 7 Transaction Info] - Submitted: 2528 Succ: 2510 Fail:0 Unfinished:18
2026.10.07-05:25:36.487 info  [caliper] [default-observer] 	[issue-300tps Round 7 Transaction Info] - Submitted: 3965 Succ: 3860 Fail:0 Unfinished:105
2026.10.07-05:25:41.487 info  [caliper] [default-observer] 	[issue-300tps Round 7 Transaction Info] - Submitted: 5409 Succ: 5380 Fail:0 Unfinished:29
2026.10.07-05:25:46.488 info  [caliper] [default-observer] 	[issue-300tps Round 7 Transaction Info] - Submitted: 6841 Succ: 6820 Fail:0 Unfinished:21
2026.10.07-05:25:51.489 info  [caliper] [default-observer] 	[issue-300tps Round 7 Transaction Info] - Submitted: 8259 Succ: 8230 Fail:0 Unfinished:29
2026.10.07-05:25:54.599 info  [caliper] [connectors/peer-gateway/PeerGateway] 	disconnecting gateway for user User1@org1.example.com
2026.10.07-05:25:54.599 info  [caliper] [connectors/peer-gateway/PeerGateway] 	disconnecting gRpc client at peer peer0.org1.example.com
2026.10.07-05:25:54.599 info  [caliper] [worker-message-handler] 	Worker#0 finished Round#7
2026.10.07-05:25:59.603 info  [caliper] [default-observer] 	Resetting txCount indicator count
2026.10.07-05:25:59.603 info  [caliper] [report-builder] 	### Test result ###
2026.10.07-05:25:59.604 info  [caliper] [report-builder] 	
+--------------+------+------+-----------------+-----------------+-----------------+-----------------+------------------+
| Name         | Succ | Fail | Send Rate (TPS) | Max Latency (s) | Min Latency (s) | Avg Latency (s) | Throughput (TPS) |
|--------------|------|------|-----------------|-----------------|-----------------|-----------------|------------------|
| issue-300tps | 8531 | 0    | 284.3           | 2.02            | 0.02            | 0.29            | 266.4            |
+--------------+------+------+-----------------+-----------------+-----------------+-----------------+------------------+

2026.10.07-05:25:59.604 info  [caliper] [round-orchestrator] 	Finished round 8 (issue-300tps) in 32.113 seconds
2026.10.07-05:25:59.604 info  [caliper] [monitor.js] 	Stopping all monitors
2026.10.07-05:25:59.604 info  [caliper] [round-orchestrator] 	Waiting 5 seconds for the next round...
2026.10.07-05:26:04.608 info  [caliper] [round-orchestrator] 	Started round 9 (verify-100tps)
2026.10.07-05:26:04.609 info  [caliper] [worker-message-handler] 	Preparing Worker#0 for Round#8
2026.10.07-05:26:04.612 info  [caliper] [connectors/peer-gateway/PeerGateway] 	Generating contract map for user User1@org1.example.com
2026.10.07-05:26:04.612 info  [caliper] [caliper-worker] 	Info: worker 0 prepare test phase for round 8 is starting...
2026.10.07-05:26:04.614 info  [caliper] [connectors/peer-gateway/PeerGateway] 	disconnecting gateway for user User1@org1.example.com
2026.10.07-05:26:04.614 info  [caliper] [connectors/peer-gateway/PeerGateway] 	disconnecting gRpc client at peer peer0.org1.example.com
2026.10.07-05:26:04.614 info  [caliper] [caliper-worker] 	Info: worker 0 prepare test phase for round 8 is completed
2026.10.07-05:26:04.614 info  [caliper] [worker-message-handler] 	Worker#0 prepared for Round#8
2026.10.07-05:26:04.614 info  [caliper] [worker-orchestrator] 	1 workers prepared, progressing to test phase.
2026.10.07-05:26:04.614 info  [caliper] [round-orchestrator] 	Monitors successfully started
2026.10.07-05:26:04.614 info  [caliper] [worker-message-handler] 	Worker#0 is starting Round#8
2026.10.07-05:26:04.615 info  [caliper] [connectors/peer-gateway/PeerGateway] 	Generating contract map for user User1@org1.example.com
2026.10.07-05:26:04.616 info  [caliper] [caliper-worker] 	Worker #0 starting workload loop
2026.10.07-05:26:09.615 info  [caliper] [default-observer] 	[verify-100tps Round 8 Transaction Info] - Submitted: 400 Succ: 400 Fail:0 Unfinished:0
2026.10.07-05:26:14.616 info  [caliper] [default-observer] 	[verify-100tps Round 8 Transaction Info] - Submitted: 900 Succ: 900 Fail:0 Unfinished:0
2026.10.07-05:26:19.617 info  [caliper] [default-observer] 	[verify-100tps Round 8 Transaction Info] - Submitted: 1401 Succ: 1400 Fail:0 Unfinished:1
2026.10.07-05:26:24.618 info  [caliper] [default-observer] 	[verify-100tps Round 8 Transaction Info] - Submitted: 2001 Succ: 2001 Fail:0 Unfinished:0
2026.10.07-05:26:29.618 info  [caliper] [default-observer] 	[verify-100tps Round 8 Transaction Info] - Submitted: 2501 Succ: 2501 Fail:0 Unfinished:0
2026.10.07-05:26:34.619 info  [caliper] [default-observer] 	[verify-100tps Round 8 Transaction Info] - Submitted: 3001 Succ: 3000 Fail:0 Unfinished:1
2026.10.07-05:26:35.717 info  [caliper] [connectors/peer-gateway/PeerGateway] 	disconnecting gateway for user User1@org1.example.com
2026.10.07-05:26:35.717 info  [caliper] [connectors/peer-gateway/PeerGateway] 	disconnecting gRpc client at peer peer0.org1.example.com
2026.10.07-05:26:35.717 info  [caliper] [worker-message-handler] 	Worker#0 finished Round#8
2026.10.07-05:26:40.719 info  [caliper] [default-observer] 	Resetting txCount indicator count
2026.10.07-05:26:40.719 info  [caliper] [report-builder] 	### Test result ###
2026.10.07-05:26:40.720 info  [caliper] [report-builder] 	
+---------------+------+------+-----------------+-----------------+-----------------+-----------------+------------------+
| Name          | Succ | Fail | Send Rate (TPS) | Max Latency (s) | Min Latency (s) | Avg Latency (s) | Throughput (TPS) |
|---------------|------|------|-----------------|-----------------|-----------------|-----------------|------------------|
| verify-100tps | 3001 | 0    | 100.0           | 0.01            | 0.00            | 0.00            | 100.0            |
+---------------+------+------+-----------------+-----------------+-----------------+-----------------+------------------+

2026.10.07-05:26:40.720 info  [caliper] [round-orchestrator] 	Finished round 9 (verify-100tps) in 30.101 seconds
2026.10.07-05:26:40.720 info  [caliper] [monitor.js] 	Stopping all monitors
2026.10.07-05:26:40.720 info  [caliper] [round-orchestrator] 	Waiting 5 seconds for the next round...
2026.10.07-05:26:45.726 info  [caliper] [round-orchestrator] 	Started round 10 (verify-200tps)
2026.10.07-05:26:45.727 info  [caliper] [worker-message-handler] 	Preparing Worker#0 for Round#9
2026.10.07-05:26:45.730 info  [caliper] [connectors/peer-gateway/PeerGateway] 	Generating contract map for user User1@org1.example.com
2026.10.07-05:26:45.730 info  [caliper] [caliper-worker] 	Info: worker 0 prepare test phase for round 9 is starting...
2026.10.07-05:26:45.731 info  [caliper] [connectors/peer-gateway/PeerGateway] 	disconnecting gateway for user User1@org1.example.com
2026.10.07-05:26:45.732 info  [caliper] [connectors/peer-gateway/PeerGateway] 	disconnecting gRpc client at peer peer0.org1.example.com
2026.10.07-05:26:45.732 info  [caliper] [caliper-worker] 	Info: worker 0 prepare test phase for round 9 is completed
2026.10.07-05:26:45.732 info  [caliper] [worker-message-handler] 	Worker#0 prepared for Round#9
2026.10.07-05:26:45.732 info  [caliper] [worker-orchestrator] 	1 workers prepared, progressing to test phase.
2026.10.07-05:26:45.732 info  [caliper] [round-orchestrator] 	Monitors successfully started
2026.10.07-05:26:45.732 info  [caliper] [worker-message-handler] 	Worker#0 is starting Round#9
2026.10.07-05:26:45.733 info  [caliper] [connectors/peer-gateway/PeerGateway] 	Generating contract map for user User1@org1.example.com
2026.10.07-05:26:45.734 info  [caliper] [caliper-worker] 	Worker #0 starting workload loop
2026.10.07-05:26:50.733 info  [caliper] [default-observer] 	[verify-200tps Round 9 Transaction Info] - Submitted: 800 Succ: 799 Fail:0 Unfinished:1
2026.10.07-05:26:55.734 info  [caliper] [default-observer] 	[verify-200tps Round 9 Transaction Info] - Submitted: 1800 Succ: 1800 Fail:0 Unfinished:0
2026.10.07-05:27:00.733 info  [caliper] [default-observer] 	[verify-200tps Round 9 Transaction Info] - Submitted: 2800 Succ: 2800 Fail:0 Unfinished:0
2026.10.07-05:27:05.734 info  [caliper] [default-observer] 	[verify-200tps Round 9 Transaction Info] - Submitted: 3800 Succ: 3800 Fail:0 Unfinished:0
2026.10.07-05:27:10.734 info  [caliper] [default-observer] 	[verify-200tps Round 9 Transaction Info] - Submitted: 4800 Succ: 4800 Fail:0 Unfinished:0
2026.10.07-05:27:15.735 info  [caliper] [default-observer] 	[verify-200tps Round 9 Transaction Info] - Submitted: 5801 Succ: 5800 Fail:0 Unfinished:1
2026.10.07-05:27:16.836 info  [caliper] [connectors/peer-gateway/PeerGateway] 	disconnecting gateway for user User1@org1.example.com
2026.10.07-05:27:16.836 info  [caliper] [connectors/peer-gateway/PeerGateway] 	disconnecting gRpc client at peer peer0.org1.example.com
2026.10.07-05:27:16.836 info  [caliper] [worker-message-handler] 	Worker#0 finished Round#9
2026.10.07-05:27:21.837 info  [caliper] [default-observer] 	Resetting txCount indicator count
2026.10.07-05:27:21.837 info  [caliper] [report-builder] 	### Test result ###
2026.10.07-05:27:21.837 info  [caliper] [report-builder] 	
+---------------+------+------+-----------------+-----------------+-----------------+-----------------+------------------+
| Name          | Succ | Fail | Send Rate (TPS) | Max Latency (s) | Min Latency (s) | Avg Latency (s) | Throughput (TPS) |
|---------------|------|------|-----------------|-----------------|-----------------|-----------------|------------------|
| verify-200tps | 6001 | 0    | 200.1           | 0.02            | 0.00            | 0.00            | 200.0            |
+---------------+------+------+-----------------+-----------------+-----------------+-----------------+------------------+

2026.10.07-05:27:21.838 info  [caliper] [round-orchestrator] 	Finished round 10 (verify-200tps) in 30.101 seconds
2026.10.07-05:27:21.838 info  [caliper] [monitor.js] 	Stopping all monitors
2026.10.07-05:27:21.838 info  [caliper] [round-orchestrator] 	Waiting 5 seconds for the next round...
2026.10.07-05:27:26.843 info  [caliper] [round-orchestrator] 	Started round 11 (verify-400tps)
2026.10.07-05:27:26.843 info  [caliper] [worker-message-handler] 	Preparing Worker#0 for Round#10
2026.10.07-05:27:26.846 info  [caliper] [connectors/peer-gateway/PeerGateway] 	Generating contract map for user User1@org1.example.com
2026.10.07-05:27:26.847 info  [caliper] [caliper-worker] 	Info: worker 0 prepare test phase for round 10 is starting...
2026.10.07-05:27:26.848 info  [caliper] [connectors/peer-gateway/PeerGateway] 	disconnecting gateway for user User1@org1.example.com
2026.10.07-05:27:26.848 info  [caliper] [connectors/peer-gateway/PeerGateway] 	disconnecting gRpc client at peer peer0.org1.example.com
2026.10.07-05:27:26.848 info  [caliper] [caliper-worker] 	Info: worker 0 prepare test phase for round 10 is completed
2026.10.07-05:27:26.848 info  [caliper] [worker-message-handler] 	Worker#0 prepared for Round#10
2026.10.07-05:27:26.848 info  [caliper] [worker-orchestrator] 	1 workers prepared, progressing to test phase.
2026.10.07-05:27:26.848 info  [caliper] [round-orchestrator] 	Monitors successfully started
2026.10.07-05:27:26.848 info  [caliper] [worker-message-handler] 	Worker#0 is starting Round#10
2026.10.07-05:27:26.849 info  [caliper] [connectors/peer-gateway/PeerGateway] 	Generating contract map for user User1@org1.example.com
2026.10.07-05:27:26.850 info  [caliper] [caliper-worker] 	Worker #0 starting workload loop
2026.10.07-05:27:31.849 info  [caliper] [default-observer] 	[verify-400tps Round 10 Transaction Info] - Submitted: 2000 Succ: 2000 Fail:0 Unfinished:0
2026.10.07-05:27:36.849 info  [caliper] [default-observer] 	[verify-400tps Round 10 Transaction Info] - Submitted: 3600 Succ: 3600 Fail:0 Unfinished:0
2026.10.07-05:27:41.851 info  [caliper] [default-observer] 	[verify-400tps Round 10 Transaction Info] - Submitted: 6001 Succ: 6000 Fail:0 Unfinished:1
2026.10.07-05:27:46.852 info  [caliper] [default-observer] 	[verify-400tps Round 10 Transaction Info] - Submitted: 7601 Succ: 7599 Fail:0 Unfinished:2
2026.10.07-05:27:51.853 info  [caliper] [default-observer] 	[verify-400tps Round 10 Transaction Info] - Submitted: 9601 Succ: 9601 Fail:0 Unfinished:0
2026.10.07-05:27:56.854 info  [caliper] [default-observer] 	[verify-400tps Round 10 Transaction Info] - Submitted: 12001 Succ: 12001 Fail:0 Unfinished:0
2026.10.07-05:27:57.952 info  [caliper] [connectors/peer-gateway/PeerGateway] 	disconnecting gateway for user User1@org1.example.com
2026.10.07-05:27:57.952 info  [caliper] [connectors/peer-gateway/PeerGateway] 	disconnecting gRpc client at peer peer0.org1.example.com
2026.10.07-05:27:57.952 info  [caliper] [worker-message-handler] 	Worker#0 finished Round#10
2026.10.07-05:28:02.953 info  [caliper] [default-observer] 	Resetting txCount indicator count
2026.10.07-05:28:02.953 info  [caliper] [report-builder] 	### Test result ###
2026.10.07-05:28:02.953 info  [caliper] [report-builder] 	
+---------------+-------+------+-----------------+-----------------+-----------------+-----------------+------------------+
| Name          | Succ  | Fail | Send Rate (TPS) | Max Latency (s) | Min Latency (s) | Avg Latency (s) | Throughput (TPS) |
|---------------|-------|------|-----------------|-----------------|-----------------|-----------------|------------------|
| verify-400tps | 12001 | 0    | 400.1           | 0.02            | 0.00            | 0.00            | 400.0            |
+---------------+-------+------+-----------------+-----------------+-----------------+-----------------+------------------+

2026.10.07-05:28:02.953 info  [caliper] [round-orchestrator] 	Finished round 11 (verify-400tps) in 30.101 seconds
2026.10.07-05:28:02.953 info  [caliper] [monitor.js] 	Stopping all monitors
2026.10.07-05:28:02.953 info  [caliper] [round-orchestrator] 	Waiting 5 seconds for the next round...
2026.10.07-05:28:07.959 info  [caliper] [round-orchestrator] 	Started round 12 (verify-600tps)
2026.10.07-05:28:07.960 info  [caliper] [worker-message-handler] 	Preparing Worker#0 for Round#11
2026.10.07-05:28:07.963 info  [caliper] [connectors/peer-gateway/PeerGateway] 	Generating contract map for user User1@org1.example.com
2026.10.07-05:28:07.963 info  [caliper] [caliper-worker] 	Info: worker 0 prepare test phase for round 11 is starting...
2026.10.07-05:28:07.964 info  [caliper] [connectors/peer-gateway/PeerGateway] 	disconnecting gateway for user User1@org1.example.com
2026.10.07-05:28:07.964 info  [caliper] [connectors/peer-gateway/PeerGateway] 	disconnecting gRpc client at peer peer0.org1.example.com
2026.10.07-05:28:07.964 info  [caliper] [caliper-worker] 	Info: worker 0 prepare test phase for round 11 is completed
2026.10.07-05:28:07.964 info  [caliper] [worker-message-handler] 	Worker#0 prepared for Round#11
2026.10.07-05:28:07.965 info  [caliper] [worker-orchestrator] 	1 workers prepared, progressing to test phase.
2026.10.07-05:28:07.965 info  [caliper] [round-orchestrator] 	Monitors successfully started
2026.10.07-05:28:07.965 info  [caliper] [worker-message-handler] 	Worker#0 is starting Round#11
2026.10.07-05:28:07.966 info  [caliper] [connectors/peer-gateway/PeerGateway] 	Generating contract map for user User1@org1.example.com
2026.10.07-05:28:07.966 info  [caliper] [caliper-worker] 	Worker #0 starting workload loop
2026.10.07-05:28:12.965 info  [caliper] [default-observer] 	[verify-600tps Round 11 Transaction Info] - Submitted: 2396 Succ: 2395 Fail:0 Unfinished:1
2026.10.07-05:28:17.967 info  [caliper] [default-observer] 	[verify-600tps Round 11 Transaction Info] - Submitted: 5328 Succ: 5326 Fail:0 Unfinished:2
2026.10.07-05:28:22.966 info  [caliper] [default-observer] 	[verify-600tps Round 11 Transaction Info] - Submitted: 8377 Succ: 8376 Fail:0 Unfinished:1
2026.10.07-05:28:27.967 info  [caliper] [default-observer] 	[verify-600tps Round 11 Transaction Info] - Submitted: 11391 Succ: 11389 Fail:0 Unfinished:2
2026.10.07-05:28:32.968 info  [caliper] [default-observer] 	[verify-600tps Round 11 Transaction Info] - Submitted: 14396 Succ: 14394 Fail:0 Unfinished:2
2026.10.07-05:28:37.970 info  [caliper] [default-observer] 	[verify-600tps Round 11 Transaction Info] - Submitted: 17383 Succ: 17381 Fail:0 Unfinished:2
2026.10.07-05:28:39.069 info  [caliper] [connectors/peer-gateway/PeerGateway] 	disconnecting gateway for user User1@org1.example.com
2026.10.07-05:28:39.069 info  [caliper] [connectors/peer-gateway/PeerGateway] 	disconnecting gRpc client at peer peer0.org1.example.com
2026.10.07-05:28:39.069 info  [caliper] [worker-message-handler] 	Worker#0 finished Round#11
2026.10.07-05:28:44.070 info  [caliper] [default-observer] 	Resetting txCount indicator count
2026.10.07-05:28:44.070 info  [caliper] [report-builder] 	### Test result ###
2026.10.07-05:28:44.071 info  [caliper] [report-builder] 	
+---------------+-------+------+-----------------+-----------------+-----------------+-----------------+------------------+
| Name          | Succ  | Fail | Send Rate (TPS) | Max Latency (s) | Min Latency (s) | Avg Latency (s) | Throughput (TPS) |
|---------------|-------|------|-----------------|-----------------|-----------------|-----------------|------------------|
| verify-600tps | 17983 | 0    | 599.4           | 0.03            | 0.00            | 0.00            | 599.4            |
+---------------+-------+------+-----------------+-----------------+-----------------+-----------------+------------------+

2026.10.07-05:28:44.071 info  [caliper] [round-orchestrator] 	Finished round 12 (verify-600tps) in 30.102 seconds
2026.10.07-05:28:44.071 info  [caliper] [monitor.js] 	Stopping all monitors
2026.10.07-05:28:44.071 info  [caliper] [round-orchestrator] 	Waiting 5 seconds for the next round...
2026.10.07-05:28:49.076 info  [caliper] [round-orchestrator] 	Started round 13 (audit-10tps)
2026.10.07-05:28:49.077 info  [caliper] [worker-message-handler] 	Preparing Worker#0 for Round#12
2026.10.07-05:28:49.080 info  [caliper] [connectors/peer-gateway/PeerGateway] 	Generating contract map for user User1@org1.example.com
2026.10.07-05:28:49.080 info  [caliper] [caliper-worker] 	Info: worker 0 prepare test phase for round 12 is starting...
2026.10.07-05:28:49.081 info  [caliper] [connectors/peer-gateway/PeerGateway] 	disconnecting gateway for user User1@org1.example.com
2026.10.07-05:28:49.081 info  [caliper] [connectors/peer-gateway/PeerGateway] 	disconnecting gRpc client at peer peer0.org1.example.com
2026.10.07-05:28:49.082 info  [caliper] [caliper-worker] 	Info: worker 0 prepare test phase for round 12 is completed
2026.10.07-05:28:49.082 info  [caliper] [worker-message-handler] 	Worker#0 prepared for Round#12
2026.10.07-05:28:49.082 info  [caliper] [worker-orchestrator] 	1 workers prepared, progressing to test phase.
2026.10.07-05:28:49.082 info  [caliper] [round-orchestrator] 	Monitors successfully started
2026.10.07-05:28:49.082 info  [caliper] [worker-message-handler] 	Worker#0 is starting Round#12
2026.10.07-05:28:49.083 info  [caliper] [connectors/peer-gateway/PeerGateway] 	Generating contract map for user User1@org1.example.com
2026.10.07-05:28:49.083 info  [caliper] [caliper-worker] 	Worker #0 starting workload loop
2026.10.07-05:28:54.083 info  [caliper] [default-observer] 	[audit-10tps Round 12 Transaction Info] - Submitted: 41 Succ: 40 Fail:0 Unfinished:1
2026.10.07-05:28:59.084 info  [caliper] [default-observer] 	[audit-10tps Round 12 Transaction Info] - Submitted: 91 Succ: 90 Fail:0 Unfinished:1
2026.10.07-05:29:04.085 info  [caliper] [default-observer] 	[audit-10tps Round 12 Transaction Info] - Submitted: 140 Succ: 140 Fail:0 Unfinished:0
2026.10.07-05:29:09.085 info  [caliper] [default-observer] 	[audit-10tps Round 12 Transaction Info] - Submitted: 201 Succ: 200 Fail:0 Unfinished:1
2026.10.07-05:29:14.086 info  [caliper] [default-observer] 	[audit-10tps Round 12 Transaction Info] - Submitted: 251 Succ: 250 Fail:0 Unfinished:1
2026.10.07-05:29:19.086 info  [caliper] [default-observer] 	[audit-10tps Round 12 Transaction Info] - Submitted: 291 Succ: 290 Fail:0 Unfinished:1
2026.10.07-05:29:22.190 info  [caliper] [connectors/peer-gateway/PeerGateway] 	disconnecting gateway for user User1@org1.example.com
2026.10.07-05:29:22.190 info  [caliper] [connectors/peer-gateway/PeerGateway] 	disconnecting gRpc client at peer peer0.org1.example.com
2026.10.07-05:29:22.190 info  [caliper] [worker-message-handler] 	Worker#0 finished Round#12
2026.10.07-05:29:27.192 info  [caliper] [default-observer] 	Resetting txCount indicator count
2026.10.07-05:29:27.192 info  [caliper] [report-builder] 	### Test result ###
2026.10.07-05:29:27.192 info  [caliper] [report-builder] 	
+-------------+------+------+-----------------+-----------------+-----------------+-----------------+------------------+
| Name        | Succ | Fail | Send Rate (TPS) | Max Latency (s) | Min Latency (s) | Avg Latency (s) | Throughput (TPS) |
|-------------|------|------|-----------------|-----------------|-----------------|-----------------|------------------|
| audit-10tps | 301  | 0    | 10.0            | 2.01            | 0.01            | 0.49            | 9.4              |
+-------------+------+------+-----------------+-----------------+-----------------+-----------------+------------------+

2026.10.07-05:29:27.193 info  [caliper] [round-orchestrator] 	Finished round 13 (audit-10tps) in 32.107 seconds
2026.10.07-05:29:27.193 info  [caliper] [monitor.js] 	Stopping all monitors
2026.10.07-05:29:27.193 info  [caliper] [round-orchestrator] 	Waiting 5 seconds for the next round...
2026.10.07-05:29:32.198 info  [caliper] [round-orchestrator] 	Started round 14 (audit-50tps)
2026.10.07-05:29:32.199 info  [caliper] [worker-message-handler] 	Preparing Worker#0 for Round#13
2026.10.07-05:29:32.200 info  [caliper] [connectors/peer-gateway/PeerGateway] 	Generating contract map for user User1@org1.example.com
2026.10.07-05:29:32.200 info  [caliper] [caliper-worker] 	Info: worker 0 prepare test phase for round 13 is starting...
2026.10.07-05:29:32.201 info  [caliper] [connectors/peer-gateway/PeerGateway] 	disconnecting gateway for user User1@org1.example.com
2026.10.07-05:29:32.201 info  [caliper] [connectors/peer-gateway/PeerGateway] 	disconnecting gRpc client at peer peer0.org1.example.com
2026.10.07-05:29:32.201 info  [caliper] [caliper-worker] 	Info: worker 0 prepare test phase for round 13 is completed
2026.10.07-05:29:32.201 info  [caliper] [worker-message-handler] 	Worker#0 prepared for Round#13
2026.10.07-05:29:32.202 info  [caliper] [worker-orchestrator] 	1 workers prepared, progressing to test phase.
2026.10.07-05:29:32.202 info  [caliper] [round-orchestrator] 	Monitors successfully started
2026.10.07-05:29:32.202 info  [caliper] [worker-message-handler] 	Worker#0 is starting Round#13
2026.10.07-05:29:32.203 info  [caliper] [connectors/peer-gateway/PeerGateway] 	Generating contract map for user User1@org1.example.com
2026.10.07-05:29:32.203 info  [caliper] [caliper-worker] 	Worker #0 starting workload loop
2026.10.07-05:29:37.202 info  [caliper] [default-observer] 	[audit-50tps Round 13 Transaction Info] - Submitted: 200 Succ: 200 Fail:0 Unfinished:0
2026.10.07-05:29:42.204 info  [caliper] [default-observer] 	[audit-50tps Round 13 Transaction Info] - Submitted: 451 Succ: 450 Fail:0 Unfinished:1
2026.10.07-05:29:47.205 info  [caliper] [default-observer] 	[audit-50tps Round 13 Transaction Info] - Submitted: 751 Succ: 750 Fail:0 Unfinished:1
2026.10.07-05:29:52.205 info  [caliper] [default-observer] 	[audit-50tps Round 13 Transaction Info] - Submitted: 951 Succ: 950 Fail:0 Unfinished:1
2026.10.07-05:29:57.205 info  [caliper] [default-observer] 	[audit-50tps Round 13 Transaction Info] - Submitted: 1251 Succ: 1250 Fail:0 Unfinished:1
2026.10.07-05:30:02.205 info  [caliper] [default-observer] 	[audit-50tps Round 13 Transaction Info] - Submitted: 1451 Succ: 1450 Fail:0 Unfinished:1
2026.10.07-05:30:05.308 info  [caliper] [connectors/peer-gateway/PeerGateway] 	disconnecting gateway for user User1@org1.example.com
2026.10.07-05:30:05.308 info  [caliper] [connectors/peer-gateway/PeerGateway] 	disconnecting gRpc client at peer peer0.org1.example.com
2026.10.07-05:30:05.308 info  [caliper] [worker-message-handler] 	Worker#0 finished Round#13
2026.10.07-05:30:10.312 info  [caliper] [default-observer] 	Resetting txCount indicator count
2026.10.07-05:30:10.312 info  [caliper] [report-builder] 	### Test result ###
2026.10.07-05:30:10.312 info  [caliper] [report-builder] 	
+-------------+------+------+-----------------+-----------------+-----------------+-----------------+------------------+
| Name        | Succ | Fail | Send Rate (TPS) | Max Latency (s) | Min Latency (s) | Avg Latency (s) | Throughput (TPS) |
|-------------|------|------|-----------------|-----------------|-----------------|-----------------|------------------|
| audit-50tps | 1501 | 0    | 50.0            | 2.08            | 0.01            | 0.16            | 46.8             |
+-------------+------+------+-----------------+-----------------+-----------------+-----------------+------------------+

2026.10.07-05:30:10.313 info  [caliper] [round-orchestrator] 	Finished round 14 (audit-50tps) in 32.105 seconds
2026.10.07-05:30:10.313 info  [caliper] [monitor.js] 	Stopping all monitors
2026.10.07-05:30:10.313 info  [caliper] [round-orchestrator] 	Waiting 5 seconds for the next round...
2026.10.07-05:30:15.318 info  [caliper] [round-orchestrator] 	Started round 15 (audit-100tps)
2026.10.07-05:30:15.319 info  [caliper] [worker-message-handler] 	Preparing Worker#0 for Round#14
2026.10.07-05:30:15.322 info  [caliper] [connectors/peer-gateway/PeerGateway] 	Generating contract map for user User1@org1.example.com
2026.10.07-05:30:15.322 info  [caliper] [caliper-worker] 	Info: worker 0 prepare test phase for round 14 is starting...
2026.10.07-05:30:15.323 info  [caliper] [connectors/peer-gateway/PeerGateway] 	disconnecting gateway for user User1@org1.example.com
2026.10.07-05:30:15.323 info  [caliper] [connectors/peer-gateway/PeerGateway] 	disconnecting gRpc client at peer peer0.org1.example.com
2026.10.07-05:30:15.323 info  [caliper] [caliper-worker] 	Info: worker 0 prepare test phase for round 14 is completed
2026.10.07-05:30:15.323 info  [caliper] [worker-message-handler] 	Worker#0 prepared for Round#14
2026.10.07-05:30:15.324 info  [caliper] [worker-orchestrator] 	1 workers prepared, progressing to test phase.
2026.10.07-05:30:15.324 info  [caliper] [round-orchestrator] 	Monitors successfully started
2026.10.07-05:30:15.324 info  [caliper] [worker-message-handler] 	Worker#0 is starting Round#14
2026.10.07-05:30:15.325 info  [caliper] [connectors/peer-gateway/PeerGateway] 	Generating contract map for user User1@org1.example.com
2026.10.07-05:30:15.325 info  [caliper] [caliper-worker] 	Worker #0 starting workload loop
2026.10.07-05:30:20.325 info  [caliper] [default-observer] 	[audit-100tps Round 14 Transaction Info] - Submitted: 401 Succ: 390 Fail:0 Unfinished:11
2026.10.07-05:30:25.326 info  [caliper] [default-observer] 	[audit-100tps Round 14 Transaction Info] - Submitted: 901 Succ: 890 Fail:0 Unfinished:11
2026.10.07-05:30:30.326 info  [caliper] [default-observer] 	[audit-100tps Round 14 Transaction Info] - Submitted: 1401 Succ: 1390 Fail:0 Unfinished:11
2026.10.07-05:30:35.327 info  [caliper] [default-observer] 	[audit-100tps Round 14 Transaction Info] - Submitted: 1901 Succ: 1890 Fail:0 Unfinished:11
2026.10.07-05:30:40.329 info  [caliper] [default-observer] 	[audit-100tps Round 14 Transaction Info] - Submitted: 2401 Succ: 2390 Fail:0 Unfinished:11
2026.10.07-05:30:45.330 info  [caliper] [default-observer] 	[audit-100tps Round 14 Transaction Info] - Submitted: 2901 Succ: 2890 Fail:0 Unfinished:11
2026.10.07-05:30:48.433 info  [caliper] [connectors/peer-gateway/PeerGateway] 	disconnecting gateway for user User1@org1.example.com
2026.10.07-05:30:48.433 info  [caliper] [connectors/peer-gateway/PeerGateway] 	disconnecting gRpc client at peer peer0.org1.example.com
2026.10.07-05:30:48.433 info  [caliper] [worker-message-handler] 	Worker#0 finished Round#14
2026.10.07-05:30:53.435 info  [caliper] [default-observer] 	Resetting txCount indicator count
2026.10.07-05:30:53.435 info  [caliper] [report-builder] 	### Test result ###
2026.10.07-05:30:53.435 info  [caliper] [report-builder] 	
+--------------+------+------+-----------------+-----------------+-----------------+-----------------+------------------+
| Name         | Succ | Fail | Send Rate (TPS) | Max Latency (s) | Min Latency (s) | Avg Latency (s) | Throughput (TPS) |
|--------------|------|------|-----------------|-----------------|-----------------|-----------------|------------------|
| audit-100tps | 3001 | 0    | 100.0           | 2.01            | 0.01            | 0.09            | 93.7             |
+--------------+------+------+-----------------+-----------------+-----------------+-----------------+------------------+

2026.10.07-05:30:53.436 info  [caliper] [round-orchestrator] 	Finished round 15 (audit-100tps) in 32.106 seconds
2026.10.07-05:30:53.436 info  [caliper] [monitor.js] 	Stopping all monitors
2026.10.07-05:30:53.436 info  [caliper] [round-orchestrator] 	Waiting 5 seconds for the next round...
2026.10.07-05:30:58.440 info  [caliper] [round-orchestrator] 	Started round 16 (audit-200tps)
2026.10.07-05:30:58.441 info  [caliper] [worker-message-handler] 	Preparing Worker#0 for Round#15
2026.10.07-05:30:58.444 info  [caliper] [connectors/peer-gateway/PeerGateway] 	Generating contract map for user User1@org1.example.com
2026.10.07-05:30:58.444 info  [caliper] [caliper-worker] 	Info: worker 0 prepare test phase for round 15 is starting...
2026.10.07-05:30:58.446 info  [caliper] [connectors/peer-gateway/PeerGateway] 	disconnecting gateway for user User1@org1.example.com
2026.10.07-05:30:58.446 info  [caliper] [connectors/peer-gateway/PeerGateway] 	disconnecting gRpc client at peer peer0.org1.example.com
2026.10.07-05:30:58.446 info  [caliper] [caliper-worker] 	Info: worker 0 prepare test phase for round 15 is completed
2026.10.07-05:30:58.446 info  [caliper] [worker-message-handler] 	Worker#0 prepared for Round#15
2026.10.07-05:30:58.446 info  [caliper] [worker-orchestrator] 	1 workers prepared, progressing to test phase.
2026.10.07-05:30:58.446 info  [caliper] [round-orchestrator] 	Monitors successfully started
2026.10.07-05:30:58.446 info  [caliper] [worker-message-handler] 	Worker#0 is starting Round#15
2026.10.07-05:30:58.447 info  [caliper] [connectors/peer-gateway/PeerGateway] 	Generating contract map for user User1@org1.example.com
2026.10.07-05:30:58.447 info  [caliper] [caliper-worker] 	Worker #0 starting workload loop
2026.10.07-05:31:03.447 info  [caliper] [default-observer] 	[audit-200tps Round 15 Transaction Info] - Submitted: 795 Succ: 770 Fail:0 Unfinished:25
2026.10.07-05:31:08.448 info  [caliper] [default-observer] 	[audit-200tps Round 15 Transaction Info] - Submitted: 1803 Succ: 1790 Fail:0 Unfinished:13
2026.10.07-05:31:13.449 info  [caliper] [default-observer] 	[audit-200tps Round 15 Transaction Info] - Submitted: 2803 Succ: 2790 Fail:0 Unfinished:13
2026.10.07-05:31:18.450 info  [caliper] [default-observer] 	[audit-200tps Round 15 Transaction Info] - Submitted: 3803 Succ: 3790 Fail:0 Unfinished:13
2026.10.07-05:31:23.450 info  [caliper] [default-observer] 	[audit-200tps Round 15 Transaction Info] - Submitted: 4803 Succ: 4800 Fail:0 Unfinished:3
2026.10.07-05:31:28.452 info  [caliper] [default-observer] 	[audit-200tps Round 15 Transaction Info] - Submitted: 5787 Succ: 5680 Fail:0 Unfinished:107
2026.10.07-05:31:29.548 info  [caliper] [connectors/peer-gateway/PeerGateway] 	disconnecting gateway for user User1@org1.example.com
2026.10.07-05:31:29.548 info  [caliper] [connectors/peer-gateway/PeerGateway] 	disconnecting gRpc client at peer peer0.org1.example.com
2026.10.07-05:31:29.548 info  [caliper] [worker-message-handler] 	Worker#0 finished Round#15
2026.10.07-05:31:34.549 info  [caliper] [default-observer] 	Resetting txCount indicator count
2026.10.07-05:31:34.549 info  [caliper] [report-builder] 	### Test result ###
2026.10.07-05:31:34.549 info  [caliper] [report-builder] 	
+--------------+------+------+-----------------+-----------------+-----------------+-----------------+------------------+
| Name         | Succ | Fail | Send Rate (TPS) | Max Latency (s) | Min Latency (s) | Avg Latency (s) | Throughput (TPS) |
|--------------|------|------|-----------------|-----------------|-----------------|-----------------|------------------|
| audit-200tps | 6000 | 0    | 200.0           | 1.57            | 0.02            | 0.22            | 199.8            |
+--------------+------+------+-----------------+-----------------+-----------------+-----------------+------------------+

2026.10.07-05:31:34.550 info  [caliper] [round-orchestrator] 	Finished round 16 (audit-200tps) in 30.1 seconds
2026.10.07-05:31:34.550 info  [caliper] [monitor.js] 	Stopping all monitors
2026.10.07-05:31:34.550 info  [caliper] [report-builder] 	### All test results ###
2026.10.07-05:31:34.551 info  [caliper] [report-builder] 	
+---------------+-------+------+-----------------+-----------------+-----------------+-----------------+------------------+
| Name          | Succ  | Fail | Send Rate (TPS) | Max Latency (s) | Min Latency (s) | Avg Latency (s) | Throughput (TPS) |
|---------------|-------|------|-----------------|-----------------|-----------------|-----------------|------------------|
| seed          | 500   | 0    | 81.8            | 1.93            | 0.04            | 0.20            | 81.2             |
|---------------|-------|------|-----------------|-----------------|-----------------|-----------------|------------------|
| issue-10tps   | 301   | 0    | 10.0            | 2.01            | 0.02            | 0.48            | 9.4              |
|---------------|-------|------|-----------------|-----------------|-----------------|-----------------|------------------|
| issue-25tps   | 751   | 0    | 25.0            | 2.01            | 0.01            | 0.20            | 23.5             |
|---------------|-------|------|-----------------|-----------------|-----------------|-----------------|------------------|
| issue-50tps   | 1501  | 0    | 50.0            | 2.01            | 0.01            | 0.11            | 46.9             |
|---------------|-------|------|-----------------|-----------------|-----------------|-----------------|------------------|
| issue-100tps  | 3001  | 0    | 100.0           | 2.01            | 0.01            | 0.07            | 93.7             |
|---------------|-------|------|-----------------|-----------------|-----------------|-----------------|------------------|
| issue-150tps  | 4501  | 0    | 150.0           | 2.12            | 0.01            | 0.06            | 140.2            |
|---------------|-------|------|-----------------|-----------------|-----------------|-----------------|------------------|
| issue-200tps  | 6001  | 0    | 200.0           | 2.02            | 0.01            | 0.09            | 187.4            |
|---------------|-------|------|-----------------|-----------------|-----------------|-----------------|------------------|
| issue-300tps  | 8531  | 0    | 284.3           | 2.02            | 0.02            | 0.29            | 266.4            |
|---------------|-------|------|-----------------|-----------------|-----------------|-----------------|------------------|
| verify-100tps | 3001  | 0    | 100.0           | 0.01            | 0.00            | 0.00            | 100.0            |
|---------------|-------|------|-----------------|-----------------|-----------------|-----------------|------------------|
| verify-200tps | 6001  | 0    | 200.1           | 0.02            | 0.00            | 0.00            | 200.0            |
|---------------|-------|------|-----------------|-----------------|-----------------|-----------------|------------------|
| verify-400tps | 12001 | 0    | 400.1           | 0.02            | 0.00            | 0.00            | 400.0            |
|---------------|-------|------|-----------------|-----------------|-----------------|-----------------|------------------|
| verify-600tps | 17983 | 0    | 599.4           | 0.03            | 0.00            | 0.00            | 599.4            |
|---------------|-------|------|-----------------|-----------------|-----------------|-----------------|------------------|
| audit-10tps   | 301   | 0    | 10.0            | 2.01            | 0.01            | 0.49            | 9.4              |
|---------------|-------|------|-----------------|-----------------|-----------------|-----------------|------------------|
| audit-50tps   | 1501  | 0    | 50.0            | 2.08            | 0.01            | 0.16            | 46.8             |
|---------------|-------|------|-----------------|-----------------|-----------------|-----------------|------------------|
| audit-100tps  | 3001  | 0    | 100.0           | 2.01            | 0.01            | 0.09            | 93.7             |
|---------------|-------|------|-----------------|-----------------|-----------------|-----------------|------------------|
| audit-200tps  | 6000  | 0    | 200.0           | 1.57            | 0.02            | 0.22            | 199.8            |
+---------------+-------+------+-----------------+-----------------+-----------------+-----------------+------------------+

2026.10.07-05:31:34.557 info  [caliper] [report-builder] 	Generated report with path /home/runner/work/bzt-id-experiments/bzt-id-experiments/fabric-bench/caliper/report.html
2026.10.07-05:31:34.557 info  [caliper] [monitor.js] 	Stopping all monitors
2026.10.07-05:31:34.557 info  [caliper] [worker-orchestrator] 	Sending exit message to connected workers
2026.10.07-05:31:34.558 info  [caliper] [round-orchestrator] 	Benchmark finished in 649.372 seconds. Total rounds: 16. Successful rounds: 16. Failed rounds: 0.
2026.10.07-05:31:34.558 info  [caliper] [caliper-engine] 	Skipping end command due to benchmark flow conditioning
2026.10.07-05:31:34.558 info  [caliper] [cli-launch-manager] 	Benchmark successfully finished!
2026.10.07-05:31:34.558 info  [caliper] [worker-message-handler] 	Worker#0 is exiting
