}, resolver state {
  "Addresses": [
    {
      "Addr": "orderer4.example.com:7058",
      "ServerName": "",
      "Attributes": null,
      "BalancerAttributes": null,
      "Metadata": null
    }
  ],
  "Endpoints": [
    {
      "Addresses": [
        {
          "Addr": "orderer4.example.com:7058",
          "ServerName": "",
          "Attributes": null,
          "BalancerAttributes": null,
          "Metadata": null
        }
      ],
      "Attributes": null
    }
  ],
  "ServiceConfig": null,
  "Attributes": null
}
[34m2026-10-08 04:38:39.036 UTC 00c4 INFO[0m [grpc] [34;1mAddTraceEvent[0m -> [core] [Channel #28 SubChannel #31]Subchannel picks a new address "orderer2.example.com:7052" to connect
[34m2026-10-08 04:38:39.036 UTC 00c5 INFO[0m [grpc] [34;1mAddTraceEvent[0m -> [core] [Channel #29]Channel exiting idle mode
[34m2026-10-08 04:38:39.036 UTC 00c6 INFO[0m [grpc] [34;1mAddTraceEvent[0m -> [core] [Channel #27 SubChannel #33]Subchannel created
[34m2026-10-08 04:38:39.036 UTC 00c7 INFO[0m [grpc] [34;1mAddTraceEvent[0m -> [core] [Channel #27]Channel Connectivity change to CONNECTING
[34m2026-10-08 04:38:39.036 UTC 00c8 INFO[0m [grpc] [34;1mAddTraceEvent[0m -> [core] [Channel #29 SubChannel #32]Subchannel Connectivity change to CONNECTING
[34m2026-10-08 04:38:39.036 UTC 00c9 INFO[0m [grpc] [34;1mAddTraceEvent[0m -> [core] [Channel #29 SubChannel #32]Subchannel picks a new address "orderer.example.com:7050" to connect
[34m2026-10-08 04:38:39.036 UTC 00ca INFO[0m [grpc] [34;1mAddTraceEvent[0m -> [core] [Channel #27]Channel exiting idle mode
[34m2026-10-08 04:38:39.036 UTC 00cb INFO[0m [grpc] [34;1mAddTraceEvent[0m -> [core] [Channel #30]Resolver state updated: {
  "Addresses": [
    {
      "Addr": "orderer3.example.com:7056",
      "ServerName": "",
      "Attributes": null,
      "BalancerAttributes": null,
      "Metadata": null
    }
  ],
  "Endpoints": [
    {
      "Addresses": [
        {
          "Addr": "orderer3.example.com:7056",
          "ServerName": "",
          "Attributes": null,
          "BalancerAttributes": null,
          "Metadata": null
        }
      ],
      "Attributes": null
    }
  ],
  "ServiceConfig": null,
  "Attributes": null
} (resolver returned new addresses)
[34m2026-10-08 04:38:39.036 UTC 00cc INFO[0m [grpc] [34;1mAddTraceEvent[0m -> [core] [Channel #30]Channel switches to new LB policy "pick_first"
[34m2026-10-08 04:38:39.036 UTC 00cd INFO[0m [grpc] [34;1mInfof[0m -> [pick-first-lb] [pick-first-lb 0xc0003cf650] Received new config {
  "shuffleAddressList": false
}, resolver state {
  "Addresses": [
    {
      "Addr": "orderer3.example.com:7056",
      "ServerName": "",
      "Attributes": null,
      "BalancerAttributes": null,
      "Metadata": null
    }
  ],
  "Endpoints": [
    {
      "Addresses": [
        {
          "Addr": "orderer3.example.com:7056",
          "ServerName": "",
          "Attributes": null,
          "BalancerAttributes": null,
          "Metadata": null
        }
      ],
      "Attributes": null
    }
  ],
  "ServiceConfig": null,
  "Attributes": null
}
[34m2026-10-08 04:38:39.036 UTC 00ce INFO[0m [grpc] [34;1mAddTraceEvent[0m -> [core] [Channel #30 SubChannel #34]Subchannel created
[34m2026-10-08 04:38:39.036 UTC 00cf INFO[0m [grpc] [34;1mInfof[0m -> [pick-first-lb] [pick-first-lb 0xc000702210] Received SubConn state update: 0xc000702480, {ConnectivityState:CONNECTING ConnectionError:<nil> connectedAddress:{Addr: ServerName: Attributes:<nil> BalancerAttributes:<nil> Metadata:<nil>}}
[34m2026-10-08 04:38:39.036 UTC 00d0 INFO[0m [grpc] [34;1mAddTraceEvent[0m -> [core] [Channel #30]Channel Connectivity change to CONNECTING
[34m2026-10-08 04:38:39.036 UTC 00d1 INFO[0m [grpc] [34;1mInfof[0m -> [pick-first-lb] [pick-first-lb 0xc0005d6f00] Received SubConn state update: 0xc0005d70b0, {ConnectivityState:CONNECTING ConnectionError:<nil> connectedAddress:{Addr: ServerName: Attributes:<nil> BalancerAttributes:<nil> Metadata:<nil>}}
[34m2026-10-08 04:38:39.036 UTC 00d2 INFO[0m [grpc] [34;1mAddTraceEvent[0m -> [core] [Channel #30]Channel exiting idle mode
[34m2026-10-08 04:38:39.036 UTC 00d3 INFO[0m [grpc] [34;1mAddTraceEvent[0m -> [core] [Channel #27 SubChannel #33]Subchannel Connectivity change to CONNECTING
[34m2026-10-08 04:38:39.036 UTC 00d4 INFO[0m [grpc] [34;1mAddTraceEvent[0m -> [core] [Channel #27 SubChannel #33]Subchannel picks a new address "orderer4.example.com:7058" to connect
[34m2026-10-08 04:38:39.036 UTC 00d5 INFO[0m [grpc] [34;1mAddTraceEvent[0m -> [core] [Channel #30 SubChannel #34]Subchannel Connectivity change to CONNECTING
[34m2026-10-08 04:38:39.036 UTC 00d6 INFO[0m [grpc] [34;1mAddTraceEvent[0m -> [core] [Channel #30 SubChannel #34]Subchannel picks a new address "orderer3.example.com:7056" to connect
[34m2026-10-08 04:38:39.036 UTC 00d7 INFO[0m [grpc] [34;1mInfof[0m -> [pick-first-lb] [pick-first-lb 0xc0003cf650] Received SubConn state update: 0xc0003cf770, {ConnectivityState:CONNECTING ConnectionError:<nil> connectedAddress:{Addr: ServerName: Attributes:<nil> BalancerAttributes:<nil> Metadata:<nil>}}
[34m2026-10-08 04:38:39.036 UTC 00d8 INFO[0m [grpc] [34;1mInfof[0m -> [pick-first-lb] [pick-first-lb 0xc0003cf320] Received SubConn state update: 0xc0003cf440, {ConnectivityState:CONNECTING ConnectionError:<nil> connectedAddress:{Addr: ServerName: Attributes:<nil> BalancerAttributes:<nil> Metadata:<nil>}}
[34m2026-10-08 04:38:39.039 UTC 00d9 INFO[0m [grpc] [34;1mAddTraceEvent[0m -> [core] [Channel #28 SubChannel #31]Subchannel Connectivity change to READY
[34m2026-10-08 04:38:39.039 UTC 00da INFO[0m [grpc] [34;1mInfof[0m -> [pick-first-lb] [pick-first-lb 0xc0005d6f00] Received SubConn state update: 0xc0005d70b0, {ConnectivityState:READY ConnectionError:<nil> connectedAddress:{Addr:orderer2.example.com:7052 ServerName:orderer2.example.com:7052 Attributes:<nil> BalancerAttributes:<nil> Metadata:<nil>}}
[34m2026-10-08 04:38:39.039 UTC 00db INFO[0m [grpc] [34;1mAddTraceEvent[0m -> [core] [Channel #28]Channel Connectivity change to READY
[34m2026-10-08 04:38:39.040 UTC 00dc INFO[0m [grpc] [34;1mAddTraceEvent[0m -> [core] [Channel #30 SubChannel #34]Subchannel Connectivity change to READY
[34m2026-10-08 04:38:39.040 UTC 00dd INFO[0m [grpc] [34;1mInfof[0m -> [pick-first-lb] [pick-first-lb 0xc0003cf650] Received SubConn state update: 0xc0003cf770, {ConnectivityState:READY ConnectionError:<nil> connectedAddress:{Addr:orderer3.example.com:7056 ServerName:orderer3.example.com:7056 Attributes:<nil> BalancerAttributes:<nil> Metadata:<nil>}}
[34m2026-10-08 04:38:39.040 UTC 00de INFO[0m [grpc] [34;1mAddTraceEvent[0m -> [core] [Channel #30]Channel Connectivity change to READY
[34m2026-10-08 04:38:39.040 UTC 00df INFO[0m [grpc] [34;1mAddTraceEvent[0m -> [core] [Channel #29 SubChannel #32]Subchannel Connectivity change to READY
[34m2026-10-08 04:38:39.040 UTC 00e0 INFO[0m [grpc] [34;1mInfof[0m -> [pick-first-lb] [pick-first-lb 0xc000702210] Received SubConn state update: 0xc000702480, {ConnectivityState:READY ConnectionError:<nil> connectedAddress:{Addr:orderer.example.com:7050 ServerName:orderer.example.com:7050 Attributes:<nil> BalancerAttributes:<nil> Metadata:<nil>}}
[34m2026-10-08 04:38:39.040 UTC 00e1 INFO[0m [grpc] [34;1mAddTraceEvent[0m -> [core] [Channel #29]Channel Connectivity change to READY
[34m2026-10-08 04:38:39.040 UTC 00e2 INFO[0m [grpc] [34;1mAddTraceEvent[0m -> [core] [Channel #27 SubChannel #33]Subchannel Connectivity change to READY
[34m2026-10-08 04:38:39.040 UTC 00e3 INFO[0m [grpc] [34;1mInfof[0m -> [pick-first-lb] [pick-first-lb 0xc0003cf320] Received SubConn state update: 0xc0003cf440, {ConnectivityState:READY ConnectionError:<nil> connectedAddress:{Addr:orderer4.example.com:7058 ServerName:orderer4.example.com:7058 Attributes:<nil> BalancerAttributes:<nil> Metadata:<nil>}}
[34m2026-10-08 04:38:39.041 UTC 00e4 INFO[0m [grpc] [34;1mAddTraceEvent[0m -> [core] [Channel #27]Channel Connectivity change to READY
[34m2026-10-08 04:38:39.041 UTC 00e5 INFO[0m [orderer.common.cluster.puller] [34;1mfetchLastBlockSeq[0m -> [channel: mychannel] orderer3.example.com:7056 is at block sequence of 48
[34m2026-10-08 04:38:39.041 UTC 00e6 INFO[0m [comm.grpc.server] [34;1m1[0m -> streaming call completed grpc.service=orderer.AtomicBroadcast grpc.method=Deliver grpc.peer_address=172.18.0.5:48318 grpc.peer_subject="CN=orderer3.example.com,L=San Francisco,ST=California,C=US" error="context finished before block retrieved: context canceled" grpc.code=Unknown grpc.call_duration=1.414374ms
[34m2026-10-08 04:38:39.042 UTC 00e7 INFO[0m [orderer.common.cluster.puller] [34;1mfetchLastBlockSeq[0m -> [channel: mychannel] orderer2.example.com:7052 is at block sequence of 48
[34m2026-10-08 04:38:39.042 UTC 00e8 INFO[0m [orderer.common.cluster.puller] [34;1mfetchLastBlockSeq[0m -> [channel: mychannel] orderer.example.com:7050 is at block sequence of 48
[34m2026-10-08 04:38:39.042 UTC 00e9 INFO[0m [orderer.common.cluster.puller] [34;1mfetchLastBlockSeq[0m -> [channel: mychannel] orderer4.example.com:7058 is at block sequence of 48
[34m2026-10-08 04:38:39.043 UTC 00ea INFO[0m [grpc] [34;1mAddTraceEvent[0m -> [core] [Channel #30]Channel Connectivity change to SHUTDOWN
[34m2026-10-08 04:38:39.043 UTC 00eb INFO[0m [grpc] [34;1mAddTraceEvent[0m -> [core] [Channel #30]Closing the name resolver
[34m2026-10-08 04:38:39.043 UTC 00ec INFO[0m [grpc] [34;1mAddTraceEvent[0m -> [core] [Channel #30]ccBalancerWrapper: closing
[34m2026-10-08 04:38:39.043 UTC 00ed INFO[0m [grpc] [34;1mAddTraceEvent[0m -> [core] [Channel #30 SubChannel #34]Subchannel Connectivity change to SHUTDOWN
[34m2026-10-08 04:38:39.043 UTC 00ee INFO[0m [grpc] [34;1mAddTraceEvent[0m -> [core] [Channel #30 SubChannel #34]Subchannel deleted
[34m2026-10-08 04:38:39.043 UTC 00ef INFO[0m [grpc] [34;1mInfof[0m -> [transport] [client-transport 0xc000930d88] Closing: rpc error: code = Canceled desc = grpc: the client connection is closing
[34m2026-10-08 04:38:39.043 UTC 00f0 INFO[0m [grpc] [34;1mInfof[0m -> [transport] [client-transport 0xc000930d88] loopyWriter exiting with error: rpc error: code = Canceled desc = grpc: the client connection is closing
[34m2026-10-08 04:38:39.043 UTC 00f2 INFO[0m [grpc] [34;1mAddTraceEvent[0m -> [core] [Channel #30]Channel deleted
[34m2026-10-08 04:38:39.043 UTC 00f3 INFO[0m [grpc] [34;1mAddTraceEvent[0m -> [core] [Channel #28]Channel Connectivity change to SHUTDOWN
[34m2026-10-08 04:38:39.043 UTC 00f4 INFO[0m [grpc] [34;1mAddTraceEvent[0m -> [core] [Channel #28]Closing the name resolver
[34m2026-10-08 04:38:39.043 UTC 00f5 INFO[0m [grpc] [34;1mAddTraceEvent[0m -> [core] [Channel #28]ccBalancerWrapper: closing
[34m2026-10-08 04:38:39.043 UTC 00f1 INFO[0m [grpc] [34;1mInfof[0m -> [transport] [server-transport 0xc0009c4820] Closing: EOF
[34m2026-10-08 04:38:39.043 UTC 00f6 INFO[0m [grpc] [34;1mAddTraceEvent[0m -> [core] [Channel #28 SubChannel #31]Subchannel Connectivity change to SHUTDOWN
[34m2026-10-08 04:38:39.043 UTC 00f7 INFO[0m [grpc] [34;1mAddTraceEvent[0m -> [core] [Channel #28 SubChannel #31]Subchannel deleted
[34m2026-10-08 04:38:39.043 UTC 00f8 INFO[0m [grpc] [34;1mInfof[0m -> [transport] [client-transport 0xc0000ed448] Closing: rpc error: code = Canceled desc = grpc: the client connection is closing
[34m2026-10-08 04:38:39.043 UTC 00f9 INFO[0m [grpc] [34;1mInfof[0m -> [transport] [client-transport 0xc0000ed448] loopyWriter exiting with error: rpc error: code = Canceled desc = grpc: the client connection is closing
[34m2026-10-08 04:38:39.043 UTC 00fa INFO[0m [grpc] [34;1mInfof[0m -> [transport] [server-transport 0xc0009c4820] loopyWriter exiting with error: transport closed by client
[34m2026-10-08 04:38:39.044 UTC 00fb INFO[0m [grpc] [34;1mAddTraceEvent[0m -> [core] [Channel #28]Channel deleted
[34m2026-10-08 04:38:39.044 UTC 00fc INFO[0m [grpc] [34;1mAddTraceEvent[0m -> [core] [Channel #29]Channel Connectivity change to SHUTDOWN
[34m2026-10-08 04:38:39.044 UTC 00fd INFO[0m [grpc] [34;1mAddTraceEvent[0m -> [core] [Channel #29]Closing the name resolver
[34m2026-10-08 04:38:39.044 UTC 00fe INFO[0m [grpc] [34;1mAddTraceEvent[0m -> [core] [Channel #29]ccBalancerWrapper: closing
[34m2026-10-08 04:38:39.044 UTC 00ff INFO[0m [grpc] [34;1mAddTraceEvent[0m -> [core] [Channel #29 SubChannel #32]Subchannel Connectivity change to SHUTDOWN
[34m2026-10-08 04:38:39.044 UTC 0100 INFO[0m [grpc] [34;1mAddTraceEvent[0m -> [core] [Channel #29 SubChannel #32]Subchannel deleted
[34m2026-10-08 04:38:39.044 UTC 0101 INFO[0m [grpc] [34;1mInfof[0m -> [transport] [client-transport 0xc0000ed688] Closing: rpc error: code = Canceled desc = grpc: the client connection is closing
[34m2026-10-08 04:38:39.044 UTC 0102 INFO[0m [grpc] [34;1mInfof[0m -> [transport] [client-transport 0xc0000ed688] loopyWriter exiting with error: rpc error: code = Canceled desc = grpc: the client connection is closing
[34m2026-10-08 04:38:39.044 UTC 0103 INFO[0m [grpc] [34;1mAddTraceEvent[0m -> [core] [Channel #29]Channel deleted
[34m2026-10-08 04:38:39.044 UTC 0104 INFO[0m [grpc] [34;1mAddTraceEvent[0m -> [core] [Channel #27]Channel Connectivity change to SHUTDOWN
[34m2026-10-08 04:38:39.044 UTC 0105 INFO[0m [grpc] [34;1mAddTraceEvent[0m -> [core] [Channel #27]Closing the name resolver
[34m2026-10-08 04:38:39.044 UTC 0106 INFO[0m [grpc] [34;1mAddTraceEvent[0m -> [core] [Channel #27]ccBalancerWrapper: closing
[34m2026-10-08 04:38:39.044 UTC 0107 INFO[0m [grpc] [34;1mAddTraceEvent[0m -> [core] [Channel #27 SubChannel #33]Subchannel Connectivity change to SHUTDOWN
[34m2026-10-08 04:38:39.044 UTC 0108 INFO[0m [grpc] [34;1mAddTraceEvent[0m -> [core] [Channel #27 SubChannel #33]Subchannel deleted
[34m2026-10-08 04:38:39.044 UTC 0109 INFO[0m [grpc] [34;1mInfof[0m -> [transport] [client-transport 0xc0006bdb08] Closing: rpc error: code = Canceled desc = grpc: the client connection is closing
[34m2026-10-08 04:38:39.044 UTC 010a INFO[0m [grpc] [34;1mInfof[0m -> [transport] [client-transport 0xc0006bdb08] loopyWriter exiting with error: rpc error: code = Canceled desc = grpc: the client connection is closing
[34m2026-10-08 04:38:39.044 UTC 010b INFO[0m [grpc] [34;1mAddTraceEvent[0m -> [core] [Channel #27]Channel deleted
[34m2026-10-08 04:38:39.044 UTC 010c INFO[0m [orderer.common.cluster.puller] [34;1mHeightsByEndpoints[0m -> Returning the heights of OSNs mapped by endpoints: map[orderer.example.com:7050:49 orderer2.example.com:7052:49 orderer3.example.com:7056:49 orderer4.example.com:7058:49] out of which my own endpoint is orderer3.example.com:7056
[34m2026-10-08 04:38:39.044 UTC 010d INFO[0m [orderer.consensus.smartbft.chain] [34;1mdetectTargetHeight[0m -> HeightsByEndpoints: map[orderer.example.com:7050:49 orderer2.example.com:7052:49 orderer3.example.com:7056:49 orderer4.example.com:7058:49], my endpoint: orderer3.example.com:7056 channel=mychannel
[34m2026-10-08 04:38:39.044 UTC 010e INFO[0m [orderer.consensus.smartbft.chain] [34;1mdetectTargetHeight[0m -> Detected target height: 49 channel=mychannel
[33m2026-10-08 04:38:39.045 UTC 010f WARN[0m [orderer.consensus.smartbft.chain] [33;1mSync[0m -> Could not synchronize with remote orderers due to already at target height of 49, returning state from local ledger channel=mychannel
[34m2026-10-08 04:38:39.045 UTC 0110 INFO[0m [orderer.consensus.smartbft.consensus] [34;1mCollectStateResponses[0m -> Node 3 collected a valid state: view - 1 and seq - 49 channel=mychannel
[34m2026-10-08 04:38:39.045 UTC 0111 INFO[0m [orderer.consensus.smartbft.consensus] [34;1mChangeRole[0m -> Changing to follower role, current view: 1, current leader: 2 channel=mychannel
[34m2026-10-08 04:38:39.045 UTC 0112 INFO[0m [orderer.consensus.smartbft.consensus] [34;1mstartView[0m -> Starting view with number 1, sequence 49, and decisions 0 channel=mychannel
[33m2026-10-08 04:38:39.198 UTC 0113 WARN[0m [orderer.consensus.smartbft.consensus] [33;1mprocessMsg[0m -> Node 3 got viewChange message view_change:{next_view:3} from 4 with view 3, expected view 4, help the lagging nodes channel=mychannel
[33m2026-10-08 04:38:39.524 UTC 0114 WARN[0m [orderer.consensus.smartbft.consensus] [33;1mprocessMsg[0m -> Node 3 got viewChange message view_change:{next_view:3} from 1 with view 3, expected view 4, help the lagging nodes channel=mychannel
[33m2026-10-08 04:38:39.867 UTC 0115 WARN[0m [orderer.consensus.smartbft.consensus] [33;1mprocessMsg[0m -> Node 3 got viewChange message view_change:{next_view:4} from 1 with view 4, expected view 5 channel=mychannel
[34m2026-10-08 04:38:39.870 UTC 0116 INFO[0m [orderer.consensus.smartbft.consensus] [34;1mChangeRole[0m -> Changing to follower role, current view: 4, current leader: 1 channel=mychannel
[34m2026-10-08 04:38:39.871 UTC 0117 INFO[0m [orderer.consensus.smartbft.consensus] [34;1mstartView[0m -> Starting view with number 4, sequence 49, and decisions 0 channel=mychannel
[34m2026-10-08 04:38:39.880 UTC 0118 INFO[0m [comm.grpc.server] [34;1m1[0m -> streaming call completed grpc.service=orderer.AtomicBroadcast grpc.method=Deliver grpc.peer_address=172.18.0.3:55846 grpc.peer_subject="CN=orderer2.example.com,L=San Francisco,ST=California,C=US" error="context finished before block retrieved: context canceled" grpc.code=Unknown grpc.call_duration=1.989208ms
[34m2026-10-08 04:38:39.881 UTC 0119 INFO[0m [grpc] [34;1mInfof[0m -> [transport] [server-transport 0xc0002ddd40] Closing: EOF
[34m2026-10-08 04:38:39.881 UTC 011a INFO[0m [grpc] [34;1mInfof[0m -> [transport] [server-transport 0xc0002ddd40] loopyWriter exiting with error: transport closed by client
[34m2026-10-08 04:38:41.894 UTC 011b INFO[0m [orderer.consensus.smartbft.consensus] [34;1mprocessProposal[0m -> Processed proposal with seq 49 channel=mychannel
[34m2026-10-08 04:38:41.896 UTC 011c INFO[0m [orderer.consensus.smartbft.consensus] [34;1mprocessPrepares[0m -> 3 collected 2 prepares from [1 2] channel=mychannel
[34m2026-10-08 04:38:41.898 UTC 011d INFO[0m [orderer.consensus.smartbft.consensus] [34;1mprocessPrepares[0m -> Processed prepares for proposal with seq 49 channel=mychannel
[34m2026-10-08 04:38:41.899 UTC 011e INFO[0m [orderer.consensus.smartbft.consensus] [34;1mprocessCommits[0m -> 3 collected 2 commits from [4 1] channel=mychannel
[34m2026-10-08 04:38:41.899 UTC 011f INFO[0m [orderer.consensus.smartbft.consensus] [34;1mprepared[0m -> 3 processed commits for proposal with seq 49 channel=mychannel
[34m2026-10-08 04:38:41.899 UTC 0120 INFO[0m [orderer.consensus.smartbft.consensus] [34;1mdecide[0m -> Deciding on seq 49 channel=mychannel
[34m2026-10-08 04:38:41.899 UTC 0121 INFO[0m [orderer.consensus.smartbft.consensus] [34;1mstartNextSeq[0m -> Sequence: 49-->50 channel=mychannel
[34m2026-10-08 04:38:41.899 UTC 0122 INFO[0m [orderer.consensus.smartbft.chain] [34;1mDeliver[0m -> Delivering proposal, writing block 49 with 10 transactions and metadata of total size 329 with signatures from [4 1 3] to the ledger, node id 3 channel=mychannel
[34m2026-10-08 04:38:44.016 UTC 0123 INFO[0m [orderer.consensus.smartbft.consensus] [34;1mprocessProposal[0m -> Processed proposal with seq 50 channel=mychannel
[34m2026-10-08 04:38:44.016 UTC 0124 INFO[0m [orderer.consensus.smartbft.consensus] [34;1mprocessPrepares[0m -> 3 collected 2 prepares from [1 4] channel=mychannel
[34m2026-10-08 04:38:44.019 UTC 0125 INFO[0m [orderer.consensus.smartbft.consensus] [34;1mprocessPrepares[0m -> Processed prepares for proposal with seq 50 channel=mychannel
[34m2026-10-08 04:38:44.020 UTC 0126 INFO[0m [orderer.consensus.smartbft.consensus] [34;1mprocessCommits[0m -> 3 collected 2 commits from [2 4] channel=mychannel
[34m2026-10-08 04:38:44.020 UTC 0127 INFO[0m [orderer.consensus.smartbft.consensus] [34;1mprepared[0m -> 3 processed commits for proposal with seq 50 channel=mychannel
[34m2026-10-08 04:38:44.020 UTC 0128 INFO[0m [orderer.consensus.smartbft.consensus] [34;1mdecide[0m -> Deciding on seq 50 channel=mychannel
[34m2026-10-08 04:38:44.020 UTC 0129 INFO[0m [orderer.consensus.smartbft.consensus] [34;1mstartNextSeq[0m -> Sequence: 50-->51 channel=mychannel
[34m2026-10-08 04:38:44.020 UTC 012a INFO[0m [orderer.consensus.smartbft.chain] [34;1mDeliver[0m -> Delivering proposal, writing block 50 with 1 transactions and metadata of total size 331 with signatures from [2 4 3] to the ledger, node id 3 channel=mychannel
[34m2026-10-08 04:38:46.131 UTC 012b INFO[0m [orderer.consensus.smartbft.consensus] [34;1mprocessProposal[0m -> Processed proposal with seq 51 channel=mychannel
[34m2026-10-08 04:38:46.132 UTC 012c INFO[0m [orderer.consensus.smartbft.consensus] [34;1mprocessPrepares[0m -> 3 collected 2 prepares from [1 4] channel=mychannel
[34m2026-10-08 04:38:46.133 UTC 012d INFO[0m [orderer.consensus.smartbft.consensus] [34;1mprocessPrepares[0m -> Processed prepares for proposal with seq 51 channel=mychannel
[34m2026-10-08 04:38:46.135 UTC 012e INFO[0m [orderer.consensus.smartbft.consensus] [34;1mprocessCommits[0m -> 3 collected 2 commits from [4 2] channel=mychannel
[34m2026-10-08 04:38:46.136 UTC 012f INFO[0m [orderer.consensus.smartbft.consensus] [34;1mprepared[0m -> 3 processed commits for proposal with seq 51 channel=mychannel
[34m2026-10-08 04:38:46.136 UTC 0130 INFO[0m [orderer.consensus.smartbft.consensus] [34;1mdecide[0m -> Deciding on seq 51 channel=mychannel
[34m2026-10-08 04:38:46.136 UTC 0131 INFO[0m [orderer.consensus.smartbft.consensus] [34;1mstartNextSeq[0m -> Sequence: 51-->52 channel=mychannel
[34m2026-10-08 04:38:46.136 UTC 0132 INFO[0m [orderer.consensus.smartbft.chain] [34;1mDeliver[0m -> Delivering proposal, writing block 51 with 1 transactions and metadata of total size 331 with signatures from [4 2 3] to the ledger, node id 3 channel=mychannel
[34m2026-10-08 04:38:48.248 UTC 0133 INFO[0m [orderer.consensus.smartbft.consensus] [34;1mprocessProposal[0m -> Processed proposal with seq 52 channel=mychannel
[34m2026-10-08 04:38:48.248 UTC 0134 INFO[0m [orderer.consensus.smartbft.consensus] [34;1mprocessPrepares[0m -> 3 collected 2 prepares from [1 2] channel=mychannel
[34m2026-10-08 04:38:48.249 UTC 0135 INFO[0m [orderer.consensus.smartbft.consensus] [34;1mprocessPrepares[0m -> Processed prepares for proposal with seq 52 channel=mychannel
[34m2026-10-08 04:38:48.252 UTC 0136 INFO[0m [orderer.consensus.smartbft.consensus] [34;1mprocessCommits[0m -> 3 collected 2 commits from [4 1] channel=mychannel
[34m2026-10-08 04:38:48.252 UTC 0137 INFO[0m [orderer.consensus.smartbft.consensus] [34;1mprepared[0m -> 3 processed commits for proposal with seq 52 channel=mychannel
[34m2026-10-08 04:38:48.252 UTC 0138 INFO[0m [orderer.consensus.smartbft.consensus] [34;1mdecide[0m -> Deciding on seq 52 channel=mychannel
[34m2026-10-08 04:38:48.252 UTC 0139 INFO[0m [orderer.consensus.smartbft.consensus] [34;1mstartNextSeq[0m -> Sequence: 52-->53 channel=mychannel
[34m2026-10-08 04:38:48.252 UTC 013a INFO[0m [orderer.consensus.smartbft.chain] [34;1mDeliver[0m -> Delivering proposal, writing block 52 with 1 transactions and metadata of total size 333 with signatures from [4 1 3] to the ledger, node id 3 channel=mychannel
[34m2026-10-08 04:38:50.364 UTC 013b INFO[0m [orderer.consensus.smartbft.consensus] [34;1mprocessProposal[0m -> Processed proposal with seq 53 channel=mychannel
[34m2026-10-08 04:38:50.366 UTC 013c INFO[0m [orderer.consensus.smartbft.consensus] [34;1mprocessPrepares[0m -> 3 collected 2 prepares from [1 4] channel=mychannel
[34m2026-10-08 04:38:50.367 UTC 013d INFO[0m [orderer.consensus.smartbft.consensus] [34;1mprocessPrepares[0m -> Processed prepares for proposal with seq 53 channel=mychannel
[34m2026-10-08 04:38:50.368 UTC 013e INFO[0m [orderer.consensus.smartbft.consensus] [34;1mprocessCommits[0m -> 3 collected 2 commits from [2 4] channel=mychannel
[34m2026-10-08 04:38:50.368 UTC 013f INFO[0m [orderer.consensus.smartbft.consensus] [34;1mprepared[0m -> 3 processed commits for proposal with seq 53 channel=mychannel
[34m2026-10-08 04:38:50.368 UTC 0140 INFO[0m [orderer.consensus.smartbft.consensus] [34;1mdecide[0m -> Deciding on seq 53 channel=mychannel
[34m2026-10-08 04:38:50.369 UTC 0141 INFO[0m [orderer.consensus.smartbft.consensus] [34;1mstartNextSeq[0m -> Sequence: 53-->54 channel=mychannel
[34m2026-10-08 04:38:50.369 UTC 0142 INFO[0m [orderer.consensus.smartbft.chain] [34;1mDeliver[0m -> Delivering proposal, writing block 53 with 1 transactions and metadata of total size 331 with signatures from [2 4 3] to the ledger, node id 3 channel=mychannel
[33m2026-10-08 04:38:50.369 UTC 0143 WARN[0m [orderer.consensus.smartbft.consensus] [33;1mprocessMsg[0m -> 3 got message from 4 with sequence 52 but our sequence is 54 channel=mychannel
[33m2026-10-08 04:38:50.370 UTC 0144 WARN[0m [orderer.consensus.smartbft.consensus] [33;1mprocessMsg[0m -> 3 got message from 1 with sequence 52 but our sequence is 54 channel=mychannel
[34m2026-10-08 04:38:52.483 UTC 0145 INFO[0m [orderer.consensus.smartbft.consensus] [34;1mprocessProposal[0m -> Processed proposal with seq 54 channel=mychannel
[34m2026-10-08 04:38:52.483 UTC 0146 INFO[0m [orderer.consensus.smartbft.consensus] [34;1mprocessPrepares[0m -> 3 collected 2 prepares from [1 2] channel=mychannel
[34m2026-10-08 04:38:52.486 UTC 0147 INFO[0m [orderer.consensus.smartbft.consensus] [34;1mprocessPrepares[0m -> Processed prepares for proposal with seq 54 channel=mychannel
[34m2026-10-08 04:38:52.488 UTC 0148 INFO[0m [orderer.consensus.smartbft.consensus] [34;1mprocessCommits[0m -> 3 collected 2 commits from [2 1] channel=mychannel
[34m2026-10-08 04:38:52.488 UTC 0149 INFO[0m [orderer.consensus.smartbft.consensus] [34;1mprepared[0m -> 3 processed commits for proposal with seq 54 channel=mychannel
[34m2026-10-08 04:38:52.488 UTC 014a INFO[0m [orderer.consensus.smartbft.consensus] [34;1mdecide[0m -> Deciding on seq 54 channel=mychannel
[34m2026-10-08 04:38:52.488 UTC 014b INFO[0m [orderer.consensus.smartbft.consensus] [34;1mstartNextSeq[0m -> Sequence: 54-->55 channel=mychannel
[34m2026-10-08 04:38:52.488 UTC 014c INFO[0m [orderer.consensus.smartbft.chain] [34;1mDeliver[0m -> Delivering proposal, writing block 54 with 1 transactions and metadata of total size 331 with signatures from [2 1 3] to the ledger, node id 3 channel=mychannel
[33m2026-10-08 04:38:52.488 UTC 014d WARN[0m [orderer.consensus.smartbft.consensus] [33;1mprocessMsg[0m -> 3 got message from 4 with sequence 53 but our sequence is 55 channel=mychannel
[34m2026-10-08 04:38:54.600 UTC 014e INFO[0m [orderer.consensus.smartbft.consensus] [34;1mprocessProposal[0m -> Processed proposal with seq 55 channel=mychannel
[34m2026-10-08 04:38:54.601 UTC 014f INFO[0m [orderer.consensus.smartbft.consensus] [34;1mprocessPrepares[0m -> 3 collected 2 prepares from [1 4] channel=mychannel
[34m2026-10-08 04:38:54.602 UTC 0150 INFO[0m [orderer.consensus.smartbft.consensus] [34;1mprocessPrepares[0m -> Processed prepares for proposal with seq 55 channel=mychannel
[34m2026-10-08 04:38:54.603 UTC 0151 INFO[0m [orderer.consensus.smartbft.consensus] [34;1mprocessCommits[0m -> 3 collected 2 commits from [1 4] channel=mychannel
[34m2026-10-08 04:38:54.603 UTC 0152 INFO[0m [orderer.consensus.smartbft.consensus] [34;1mprepared[0m -> 3 processed commits for proposal with seq 55 channel=mychannel
[34m2026-10-08 04:38:54.603 UTC 0153 INFO[0m [orderer.consensus.smartbft.consensus] [34;1mdecide[0m -> Deciding on seq 55 channel=mychannel
[34m2026-10-08 04:38:54.603 UTC 0154 INFO[0m [orderer.consensus.smartbft.consensus] [34;1mstartNextSeq[0m -> Sequence: 55-->56 channel=mychannel
[34m2026-10-08 04:38:54.605 UTC 0155 INFO[0m [orderer.consensus.smartbft.chain] [34;1mDeliver[0m -> Delivering proposal, writing block 55 with 1 transactions and metadata of total size 332 with signatures from [1 4 3] to the ledger, node id 3 channel=mychannel
[34m2026-10-08 04:38:56.718 UTC 0156 INFO[0m [orderer.consensus.smartbft.consensus] [34;1mprocessProposal[0m -> Processed proposal with seq 56 channel=mychannel
[34m2026-10-08 04:38:56.718 UTC 0157 INFO[0m [orderer.consensus.smartbft.consensus] [34;1mprocessPrepares[0m -> 3 collected 2 prepares from [1 4] channel=mychannel
[34m2026-10-08 04:38:56.720 UTC 0158 INFO[0m [orderer.consensus.smartbft.consensus] [34;1mprocessPrepares[0m -> Processed prepares for proposal with seq 56 channel=mychannel
[34m2026-10-08 04:38:56.721 UTC 0159 INFO[0m [orderer.consensus.smartbft.consensus] [34;1mprocessCommits[0m -> 3 collected 2 commits from [1 2] channel=mychannel
[34m2026-10-08 04:38:56.721 UTC 015a INFO[0m [orderer.consensus.smartbft.consensus] [34;1mprepared[0m -> 3 processed commits for proposal with seq 56 channel=mychannel
[34m2026-10-08 04:38:56.721 UTC 015b INFO[0m [orderer.consensus.smartbft.consensus] [34;1mdecide[0m -> Deciding on seq 56 channel=mychannel
[34m2026-10-08 04:38:56.721 UTC 015c INFO[0m [orderer.consensus.smartbft.consensus] [34;1mstartNextSeq[0m -> Sequence: 56-->57 channel=mychannel
[34m2026-10-08 04:38:56.721 UTC 015d INFO[0m [orderer.consensus.smartbft.chain] [34;1mDeliver[0m -> Delivering proposal, writing block 56 with 1 transactions and metadata of total size 331 with signatures from [1 2 3] to the ledger, node id 3 channel=mychannel
[34m2026-10-08 04:38:58.836 UTC 015e INFO[0m [orderer.consensus.smartbft.consensus] [34;1mprocessProposal[0m -> Processed proposal with seq 57 channel=mychannel
[34m2026-10-08 04:38:58.838 UTC 015f INFO[0m [orderer.consensus.smartbft.consensus] [34;1mprocessPrepares[0m -> 3 collected 2 prepares from [1 2] channel=mychannel
[34m2026-10-08 04:38:58.843 UTC 0160 INFO[0m [orderer.consensus.smartbft.consensus] [34;1mprocessPrepares[0m -> Processed prepares for proposal with seq 57 channel=mychannel
[34m2026-10-08 04:38:58.844 UTC 0161 INFO[0m [orderer.consensus.smartbft.consensus] [34;1mprocessCommits[0m -> 3 collected 2 commits from [4 2] channel=mychannel
[34m2026-10-08 04:38:58.844 UTC 0162 INFO[0m [orderer.consensus.smartbft.consensus] [34;1mprepared[0m -> 3 processed commits for proposal with seq 57 channel=mychannel
[34m2026-10-08 04:38:58.844 UTC 0163 INFO[0m [orderer.consensus.smartbft.consensus] [34;1mdecide[0m -> Deciding on seq 57 channel=mychannel
[34m2026-10-08 04:38:58.845 UTC 0164 INFO[0m [orderer.consensus.smartbft.consensus] [34;1mstartNextSeq[0m -> Sequence: 57-->58 channel=mychannel
[34m2026-10-08 04:38:58.845 UTC 0165 INFO[0m [orderer.consensus.smartbft.chain] [34;1mDeliver[0m -> Delivering proposal, writing block 57 with 1 transactions and metadata of total size 331 with signatures from [4 2 3] to the ledger, node id 3 channel=mychannel
[34m2026-10-08 04:39:00.949 UTC 0166 INFO[0m [orderer.consensus.smartbft.consensus] [34;1mprocessProposal[0m -> Processed proposal with seq 58 channel=mychannel
[34m2026-10-08 04:39:00.952 UTC 0167 INFO[0m [orderer.consensus.smartbft.consensus] [34;1mprocessPrepares[0m -> 3 collected 2 prepares from [1 4] channel=mychannel
[34m2026-10-08 04:39:00.953 UTC 0168 INFO[0m [orderer.consensus.smartbft.consensus] [34;1mprocessPrepares[0m -> Processed prepares for proposal with seq 58 channel=mychannel
[34m2026-10-08 04:39:00.954 UTC 0169 INFO[0m [orderer.consensus.smartbft.consensus] [34;1mprocessCommits[0m -> 3 collected 2 commits from [1 2] channel=mychannel
[34m2026-10-08 04:39:00.954 UTC 016a INFO[0m [orderer.consensus.smartbft.consensus] [34;1mprepared[0m -> 3 processed commits for proposal with seq 58 channel=mychannel
[34m2026-10-08 04:39:00.954 UTC 016b INFO[0m [orderer.consensus.smartbft.consensus] [34;1mdecide[0m -> Deciding on seq 58 channel=mychannel
[34m2026-10-08 04:39:00.954 UTC 016c INFO[0m [orderer.consensus.smartbft.consensus] [34;1mstartNextSeq[0m -> Sequence: 58-->59 channel=mychannel
[34m2026-10-08 04:39:00.954 UTC 016d INFO[0m [orderer.consensus.smartbft.chain] [34;1mDeliver[0m -> Delivering proposal, writing block 58 with 1 transactions and metadata of total size 331 with signatures from [1 2 3] to the ledger, node id 3 channel=mychannel
[34m2026-10-08 04:39:03.071 UTC 016e INFO[0m [orderer.consensus.smartbft.consensus] [34;1mprocessProposal[0m -> Processed proposal with seq 59 channel=mychannel
[34m2026-10-08 04:39:03.072 UTC 016f INFO[0m [orderer.consensus.smartbft.consensus] [34;1mprocessPrepares[0m -> 3 collected 2 prepares from [1 4] channel=mychannel
[34m2026-10-08 04:39:03.073 UTC 0170 INFO[0m [orderer.consensus.smartbft.consensus] [34;1mprocessPrepares[0m -> Processed prepares for proposal with seq 59 channel=mychannel
[34m2026-10-08 04:39:03.074 UTC 0171 INFO[0m [orderer.consensus.smartbft.consensus] [34;1mprocessCommits[0m -> 3 collected 2 commits from [1 2] channel=mychannel
[34m2026-10-08 04:39:03.074 UTC 0172 INFO[0m [orderer.consensus.smartbft.consensus] [34;1mprepared[0m -> 3 processed commits for proposal with seq 59 channel=mychannel
[34m2026-10-08 04:39:03.074 UTC 0173 INFO[0m [orderer.consensus.smartbft.consensus] [34;1mdecide[0m -> Deciding on seq 59 channel=mychannel
[34m2026-10-08 04:39:03.074 UTC 0174 INFO[0m [orderer.consensus.smartbft.consensus] [34;1mstartNextSeq[0m -> Sequence: 59-->60 channel=mychannel
[34m2026-10-08 04:39:03.074 UTC 0175 INFO[0m [orderer.consensus.smartbft.chain] [34;1mDeliver[0m -> Delivering proposal, writing block 59 with 1 transactions and metadata of total size 331 with signatures from [1 2 3] to the ledger, node id 3 channel=mychannel
[34m2026-10-08 04:39:05.189 UTC 0176 INFO[0m [orderer.consensus.smartbft.consensus] [34;1mprocessProposal[0m -> Processed proposal with seq 60 channel=mychannel
[34m2026-10-08 04:39:05.189 UTC 0177 INFO[0m [orderer.consensus.smartbft.consensus] [34;1mprocessPrepares[0m -> 3 collected 2 prepares from [1 2] channel=mychannel
[34m2026-10-08 04:39:05.192 UTC 0178 INFO[0m [orderer.consensus.smartbft.consensus] [34;1mprocessPrepares[0m -> Processed prepares for proposal with seq 60 channel=mychannel
[34m2026-10-08 04:39:05.195 UTC 0179 INFO[0m [orderer.consensus.smartbft.consensus] [34;1mprocessCommits[0m -> 3 collected 2 commits from [1 2] channel=mychannel
[34m2026-10-08 04:39:05.195 UTC 017a INFO[0m [orderer.consensus.smartbft.consensus] [34;1mprepared[0m -> 3 processed commits for proposal with seq 60 channel=mychannel
[34m2026-10-08 04:39:05.195 UTC 017b INFO[0m [orderer.consensus.smartbft.consensus] [34;1mdecide[0m -> Deciding on seq 60 channel=mychannel
[34m2026-10-08 04:39:05.195 UTC 017c INFO[0m [orderer.consensus.smartbft.consensus] [34;1mstartNextSeq[0m -> Sequence: 60-->61 channel=mychannel
[34m2026-10-08 04:39:05.195 UTC 017d INFO[0m [orderer.consensus.smartbft.chain] [34;1mDeliver[0m -> Delivering proposal, writing block 60 with 1 transactions and metadata of total size 332 with signatures from [1 2 3] to the ledger, node id 3 channel=mychannel
[34m2026-10-08 04:39:07.304 UTC 017e INFO[0m [orderer.consensus.smartbft.consensus] [34;1mprocessProposal[0m -> Processed proposal with seq 61 channel=mychannel
[34m2026-10-08 04:39:07.305 UTC 017f INFO[0m [orderer.consensus.smartbft.consensus] [34;1mprocessPrepares[0m -> 3 collected 2 prepares from [1 2] channel=mychannel
[34m2026-10-08 04:39:07.306 UTC 0180 INFO[0m [orderer.consensus.smartbft.consensus] [34;1mprocessPrepares[0m -> Processed prepares for proposal with seq 61 channel=mychannel
[34m2026-10-08 04:39:07.307 UTC 0181 INFO[0m [orderer.consensus.smartbft.consensus] [34;1mprocessCommits[0m -> 3 collected 2 commits from [1 4] channel=mychannel
[34m2026-10-08 04:39:07.308 UTC 0182 INFO[0m [orderer.consensus.smartbft.consensus] [34;1mprepared[0m -> 3 processed commits for proposal with seq 61 channel=mychannel
[34m2026-10-08 04:39:07.308 UTC 0183 INFO[0m [orderer.consensus.smartbft.consensus] [34;1mdecide[0m -> Deciding on seq 61 channel=mychannel
[34m2026-10-08 04:39:07.308 UTC 0184 INFO[0m [orderer.consensus.smartbft.consensus] [34;1mstartNextSeq[0m -> Sequence: 61-->62 channel=mychannel
[34m2026-10-08 04:39:07.308 UTC 0185 INFO[0m [orderer.consensus.smartbft.chain] [34;1mDeliver[0m -> Delivering proposal, writing block 61 with 1 transactions and metadata of total size 332 with signatures from [1 4 3] to the ledger, node id 3 channel=mychannel
[34m2026-10-08 04:39:09.419 UTC 0186 INFO[0m [orderer.consensus.smartbft.consensus] [34;1mprocessProposal[0m -> Processed proposal with seq 62 channel=mychannel
[34m2026-10-08 04:39:09.420 UTC 0187 INFO[0m [orderer.consensus.smartbft.consensus] [34;1mprocessPrepares[0m -> 3 collected 2 prepares from [1 2] channel=mychannel
[34m2026-10-08 04:39:09.421 UTC 0188 INFO[0m [orderer.consensus.smartbft.consensus] [34;1mprocessPrepares[0m -> Processed prepares for proposal with seq 62 channel=mychannel
[34m2026-10-08 04:39:09.422 UTC 0189 INFO[0m [orderer.consensus.smartbft.consensus] [34;1mprocessCommits[0m -> 3 collected 2 commits from [1 4] channel=mychannel
[34m2026-10-08 04:39:09.422 UTC 018a INFO[0m [orderer.consensus.smartbft.consensus] [34;1mprepared[0m -> 3 processed commits for proposal with seq 62 channel=mychannel
[34m2026-10-08 04:39:09.422 UTC 018b INFO[0m [orderer.consensus.smartbft.consensus] [34;1mdecide[0m -> Deciding on seq 62 channel=mychannel
[34m2026-10-08 04:39:09.422 UTC 018c INFO[0m [orderer.consensus.smartbft.consensus] [34;1mstartNextSeq[0m -> Sequence: 62-->63 channel=mychannel
[34m2026-10-08 04:39:09.423 UTC 018d INFO[0m [orderer.consensus.smartbft.chain] [34;1mDeliver[0m -> Delivering proposal, writing block 62 with 1 transactions and metadata of total size 330 with signatures from [1 4 3] to the ledger, node id 3 channel=mychannel
[34m2026-10-08 04:39:11.535 UTC 018e INFO[0m [orderer.consensus.smartbft.consensus] [34;1mprocessProposal[0m -> Processed proposal with seq 63 channel=mychannel
[34m2026-10-08 04:39:11.536 UTC 018f INFO[0m [orderer.consensus.smartbft.consensus] [34;1mprocessPrepares[0m -> 3 collected 2 prepares from [1 4] channel=mychannel
[34m2026-10-08 04:39:11.539 UTC 0190 INFO[0m [orderer.consensus.smartbft.consensus] [34;1mprocessPrepares[0m -> Processed prepares for proposal with seq 63 channel=mychannel
[34m2026-10-08 04:39:11.542 UTC 0191 INFO[0m [orderer.consensus.smartbft.consensus] [34;1mprocessCommits[0m -> 3 collected 2 commits from [2 4] channel=mychannel
[34m2026-10-08 04:39:11.542 UTC 0192 INFO[0m [orderer.consensus.smartbft.consensus] [34;1mprepared[0m -> 3 processed commits for proposal with seq 63 channel=mychannel
[34m2026-10-08 04:39:11.542 UTC 0193 INFO[0m [orderer.consensus.smartbft.consensus] [34;1mdecide[0m -> Deciding on seq 63 channel=mychannel
[34m2026-10-08 04:39:11.543 UTC 0194 INFO[0m [orderer.consensus.smartbft.consensus] [34;1mstartNextSeq[0m -> Sequence: 63-->64 channel=mychannel
[34m2026-10-08 04:39:11.543 UTC 0195 INFO[0m [orderer.consensus.smartbft.chain] [34;1mDeliver[0m -> Delivering proposal, writing block 63 with 1 transactions and metadata of total size 333 with signatures from [2 4 3] to the ledger, node id 3 channel=mychannel
[34m2026-10-08 04:39:13.652 UTC 0196 INFO[0m [orderer.consensus.smartbft.consensus] [34;1mprocessProposal[0m -> Processed proposal with seq 64 channel=mychannel
[34m2026-10-08 04:39:13.652 UTC 0197 INFO[0m [orderer.consensus.smartbft.consensus] [34;1mprocessPrepares[0m -> 3 collected 2 prepares from [1 4] channel=mychannel
[34m2026-10-08 04:39:13.654 UTC 0198 INFO[0m [orderer.consensus.smartbft.consensus] [34;1mprocessPrepares[0m -> Processed prepares for proposal with seq 64 channel=mychannel
[34m2026-10-08 04:39:13.655 UTC 0199 INFO[0m [orderer.consensus.smartbft.consensus] [34;1mprocessCommits[0m -> 3 collected 2 commits from [1 2] channel=mychannel
[34m2026-10-08 04:39:13.655 UTC 019a INFO[0m [orderer.consensus.smartbft.consensus] [34;1mprepared[0m -> 3 processed commits for proposal with seq 64 channel=mychannel
[34m2026-10-08 04:39:13.655 UTC 019b INFO[0m [orderer.consensus.smartbft.consensus] [34;1mdecide[0m -> Deciding on seq 64 channel=mychannel
[34m2026-10-08 04:39:13.656 UTC 019c INFO[0m [orderer.consensus.smartbft.consensus] [34;1mstartNextSeq[0m -> Sequence: 64-->65 channel=mychannel
[34m2026-10-08 04:39:13.656 UTC 019d INFO[0m [orderer.consensus.smartbft.chain] [34;1mDeliver[0m -> Delivering proposal, writing block 64 with 1 transactions and metadata of total size 330 with signatures from [1 2 3] to the ledger, node id 3 channel=mychannel
[33m2026-10-08 04:39:13.656 UTC 019e WARN[0m [orderer.consensus.smartbft.consensus] [33;1mprocessMsg[0m -> 3 got message from 2 with sequence 63 but our sequence is 65 channel=mychannel
