[34m2026-10-08 04:38:39.877 UTC 05be INFO[0m [grpc] [34;1mInfof[0m -> [pick-first-lb] [pick-first-lb 0xc0003fac90] Received SubConn state update: 0xc0003fadb0, {ConnectivityState:READY ConnectionError:<nil> connectedAddress:{Addr:orderer3.example.com:7056 ServerName:orderer3.example.com:7056 Attributes:<nil> BalancerAttributes:<nil> Metadata:<nil>}}
[34m2026-10-08 04:38:39.877 UTC 05c1 INFO[0m [grpc] [34;1mAddTraceEvent[0m -> [core] [Channel #109]Channel Connectivity change to READY
[34m2026-10-08 04:38:39.877 UTC 05bf INFO[0m [grpc] [34;1mAddTraceEvent[0m -> [core] [Channel #108 SubChannel #111]Subchannel Connectivity change to READY
[34m2026-10-08 04:38:39.877 UTC 05c0 INFO[0m [grpc] [34;1mAddTraceEvent[0m -> [core] [Channel #107 SubChannel #112]Subchannel Connectivity change to READY
[34m2026-10-08 04:38:39.877 UTC 05c2 INFO[0m [grpc] [34;1mInfof[0m -> [pick-first-lb] [pick-first-lb 0xc000c20f90] Received SubConn state update: 0xc000c210b0, {ConnectivityState:READY ConnectionError:<nil> connectedAddress:{Addr:orderer4.example.com:7058 ServerName:orderer4.example.com:7058 Attributes:<nil> BalancerAttributes:<nil> Metadata:<nil>}}
[34m2026-10-08 04:38:39.877 UTC 05c3 INFO[0m [grpc] [34;1mAddTraceEvent[0m -> [core] [Channel #107]Channel Connectivity change to READY
[34m2026-10-08 04:38:39.877 UTC 05c4 INFO[0m [grpc] [34;1mInfof[0m -> [pick-first-lb] [pick-first-lb 0xc000d55110] Received SubConn state update: 0xc000d55230, {ConnectivityState:READY ConnectionError:<nil> connectedAddress:{Addr:orderer.example.com:7050 ServerName:orderer.example.com:7050 Attributes:<nil> BalancerAttributes:<nil> Metadata:<nil>}}
[34m2026-10-08 04:38:39.877 UTC 05c5 INFO[0m [grpc] [34;1mAddTraceEvent[0m -> [core] [Channel #108]Channel Connectivity change to READY
[34m2026-10-08 04:38:39.878 UTC 05c6 INFO[0m [orderer.common.cluster.puller] [34;1mfetchLastBlockSeq[0m -> [channel: mychannel] orderer2.example.com:7052 is at block sequence of 48
[34m2026-10-08 04:38:39.878 UTC 05c7 INFO[0m [comm.grpc.server] [34;1m1[0m -> streaming call completed grpc.service=orderer.AtomicBroadcast grpc.method=Deliver grpc.peer_address=172.18.0.3:40980 grpc.peer_subject="CN=orderer2.example.com,L=San Francisco,ST=California,C=US" error="context finished before block retrieved: context canceled" grpc.code=Unknown grpc.call_duration=910.924µs
[34m2026-10-08 04:38:39.879 UTC 05c8 INFO[0m [orderer.common.cluster.puller] [34;1mfetchLastBlockSeq[0m -> [channel: mychannel] orderer.example.com:7050 is at block sequence of 48
[34m2026-10-08 04:38:39.879 UTC 05c9 INFO[0m [orderer.common.cluster.puller] [34;1mfetchLastBlockSeq[0m -> [channel: mychannel] orderer3.example.com:7056 is at block sequence of 48
[34m2026-10-08 04:38:39.880 UTC 05ca INFO[0m [orderer.common.cluster.puller] [34;1mfetchLastBlockSeq[0m -> [channel: mychannel] orderer4.example.com:7058 is at block sequence of 48
[34m2026-10-08 04:38:39.880 UTC 05cb INFO[0m [grpc] [34;1mAddTraceEvent[0m -> [core] [Channel #110]Channel Connectivity change to SHUTDOWN
[34m2026-10-08 04:38:39.880 UTC 05cc INFO[0m [grpc] [34;1mAddTraceEvent[0m -> [core] [Channel #110]Closing the name resolver
[34m2026-10-08 04:38:39.880 UTC 05cd INFO[0m [grpc] [34;1mAddTraceEvent[0m -> [core] [Channel #110]ccBalancerWrapper: closing
[34m2026-10-08 04:38:39.880 UTC 05ce INFO[0m [grpc] [34;1mAddTraceEvent[0m -> [core] [Channel #110 SubChannel #114]Subchannel Connectivity change to SHUTDOWN
[34m2026-10-08 04:38:39.880 UTC 05cf INFO[0m [grpc] [34;1mAddTraceEvent[0m -> [core] [Channel #110 SubChannel #114]Subchannel deleted
[34m2026-10-08 04:38:39.880 UTC 05d0 INFO[0m [grpc] [34;1mInfof[0m -> [transport] [client-transport 0xc000c83448] Closing: rpc error: code = Canceled desc = grpc: the client connection is closing
[34m2026-10-08 04:38:39.880 UTC 05d1 INFO[0m [grpc] [34;1mInfof[0m -> [transport] [client-transport 0xc000c83448] loopyWriter exiting with error: rpc error: code = Canceled desc = grpc: the client connection is closing
[34m2026-10-08 04:38:39.880 UTC 05d2 INFO[0m [grpc] [34;1mAddTraceEvent[0m -> [core] [Channel #110]Channel deleted
[34m2026-10-08 04:38:39.880 UTC 05d3 INFO[0m [grpc] [34;1mAddTraceEvent[0m -> [core] [Channel #108]Channel Connectivity change to SHUTDOWN
[34m2026-10-08 04:38:39.880 UTC 05d4 INFO[0m [grpc] [34;1mAddTraceEvent[0m -> [core] [Channel #108]Closing the name resolver
[34m2026-10-08 04:38:39.880 UTC 05d5 INFO[0m [grpc] [34;1mAddTraceEvent[0m -> [core] [Channel #108]ccBalancerWrapper: closing
[34m2026-10-08 04:38:39.880 UTC 05d6 INFO[0m [grpc] [34;1mAddTraceEvent[0m -> [core] [Channel #108 SubChannel #111]Subchannel Connectivity change to SHUTDOWN
[34m2026-10-08 04:38:39.880 UTC 05d7 INFO[0m [grpc] [34;1mAddTraceEvent[0m -> [core] [Channel #108 SubChannel #111]Subchannel deleted
[34m2026-10-08 04:38:39.880 UTC 05d8 INFO[0m [grpc] [34;1mInfof[0m -> [transport] [client-transport 0xc000c226c8] Closing: rpc error: code = Canceled desc = grpc: the client connection is closing
[34m2026-10-08 04:38:39.881 UTC 05d9 INFO[0m [grpc] [34;1mInfof[0m -> [transport] [client-transport 0xc000c226c8] loopyWriter exiting with error: rpc error: code = Canceled desc = grpc: the client connection is closing
[34m2026-10-08 04:38:39.881 UTC 05da INFO[0m [grpc] [34;1mAddTraceEvent[0m -> [core] [Channel #108]Channel deleted
[34m2026-10-08 04:38:39.881 UTC 05db INFO[0m [grpc] [34;1mAddTraceEvent[0m -> [core] [Channel #109]Channel Connectivity change to SHUTDOWN
[34m2026-10-08 04:38:39.881 UTC 05dc INFO[0m [grpc] [34;1mAddTraceEvent[0m -> [core] [Channel #109]Closing the name resolver
[34m2026-10-08 04:38:39.881 UTC 05dd INFO[0m [grpc] [34;1mInfof[0m -> [transport] [server-transport 0xc000fa61a0] Closing: EOF
[34m2026-10-08 04:38:39.881 UTC 05de INFO[0m [grpc] [34;1mInfof[0m -> [transport] [server-transport 0xc000fa61a0] loopyWriter exiting with error: transport closed by client
[34m2026-10-08 04:38:39.881 UTC 05df INFO[0m [grpc] [34;1mAddTraceEvent[0m -> [core] [Channel #109]ccBalancerWrapper: closing
[34m2026-10-08 04:38:39.881 UTC 05e0 INFO[0m [grpc] [34;1mAddTraceEvent[0m -> [core] [Channel #109 SubChannel #113]Subchannel Connectivity change to SHUTDOWN
[34m2026-10-08 04:38:39.881 UTC 05e1 INFO[0m [grpc] [34;1mAddTraceEvent[0m -> [core] [Channel #109 SubChannel #113]Subchannel deleted
[34m2026-10-08 04:38:39.881 UTC 05e2 INFO[0m [grpc] [34;1mInfof[0m -> [transport] [client-transport 0xc000171688] Closing: rpc error: code = Canceled desc = grpc: the client connection is closing
[34m2026-10-08 04:38:39.881 UTC 05e3 INFO[0m [grpc] [34;1mInfof[0m -> [transport] [client-transport 0xc000171688] loopyWriter exiting with error: rpc error: code = Canceled desc = grpc: the client connection is closing
[34m2026-10-08 04:38:39.881 UTC 05e4 INFO[0m [grpc] [34;1mAddTraceEvent[0m -> [core] [Channel #109]Channel deleted
[34m2026-10-08 04:38:39.881 UTC 05e5 INFO[0m [grpc] [34;1mAddTraceEvent[0m -> [core] [Channel #107]Channel Connectivity change to SHUTDOWN
[34m2026-10-08 04:38:39.881 UTC 05e6 INFO[0m [grpc] [34;1mAddTraceEvent[0m -> [core] [Channel #107]Closing the name resolver
[34m2026-10-08 04:38:39.881 UTC 05e7 INFO[0m [grpc] [34;1mAddTraceEvent[0m -> [core] [Channel #107]ccBalancerWrapper: closing
[34m2026-10-08 04:38:39.881 UTC 05e8 INFO[0m [grpc] [34;1mAddTraceEvent[0m -> [core] [Channel #107 SubChannel #112]Subchannel Connectivity change to SHUTDOWN
[34m2026-10-08 04:38:39.881 UTC 05e9 INFO[0m [grpc] [34;1mAddTraceEvent[0m -> [core] [Channel #107 SubChannel #112]Subchannel deleted
[34m2026-10-08 04:38:39.881 UTC 05ea INFO[0m [grpc] [34;1mInfof[0m -> [transport] [client-transport 0xc000198488] Closing: rpc error: code = Canceled desc = grpc: the client connection is closing
[34m2026-10-08 04:38:39.881 UTC 05eb INFO[0m [grpc] [34;1mInfof[0m -> [transport] [client-transport 0xc000198488] loopyWriter exiting with error: rpc error: code = Canceled desc = grpc: the client connection is closing
[34m2026-10-08 04:38:39.882 UTC 05ec INFO[0m [grpc] [34;1mAddTraceEvent[0m -> [core] [Channel #107]Channel deleted
[34m2026-10-08 04:38:39.882 UTC 05ed INFO[0m [orderer.common.cluster.puller] [34;1mHeightsByEndpoints[0m -> Returning the heights of OSNs mapped by endpoints: map[orderer.example.com:7050:49 orderer2.example.com:7052:49 orderer3.example.com:7056:49 orderer4.example.com:7058:49] out of which my own endpoint is orderer2.example.com:7052
[34m2026-10-08 04:38:39.882 UTC 05ee INFO[0m [orderer.consensus.smartbft.chain] [34;1mdetectTargetHeight[0m -> HeightsByEndpoints: map[orderer.example.com:7050:49 orderer2.example.com:7052:49 orderer3.example.com:7056:49 orderer4.example.com:7058:49], my endpoint: orderer2.example.com:7052 channel=mychannel
[34m2026-10-08 04:38:39.882 UTC 05ef INFO[0m [orderer.consensus.smartbft.chain] [34;1mdetectTargetHeight[0m -> Detected target height: 49 channel=mychannel
[33m2026-10-08 04:38:39.882 UTC 05f0 WARN[0m [orderer.consensus.smartbft.chain] [33;1mSync[0m -> Could not synchronize with remote orderers due to already at target height of 49, returning state from local ledger channel=mychannel
[34m2026-10-08 04:38:39.883 UTC 05f1 INFO[0m [orderer.consensus.smartbft.consensus] [34;1mCollectStateResponses[0m -> Node 2 collected a valid state: view - 4 and seq - 49 channel=mychannel
[34m2026-10-08 04:38:39.883 UTC 05f2 INFO[0m [orderer.consensus.smartbft.consensus] [34;1msync[0m -> Node 2 collected state with view 4 and sequence 49 channel=mychannel
[34m2026-10-08 04:38:39.883 UTC 05f3 INFO[0m [orderer.consensus.smartbft.consensus] [34;1mmaybePruneInFlight[0m -> In-flight sequence is 49 but latest committed sequence is 48, will not delete in-flight channel=mychannel
[34m2026-10-08 04:38:39.883 UTC 05f4 INFO[0m [orderer.consensus.smartbft.consensus] [34;1mChangeRole[0m -> Changing to follower role, current view: 4, current leader: 1 channel=mychannel
[34m2026-10-08 04:38:39.883 UTC 05f5 INFO[0m [orderer.consensus.smartbft.consensus] [34;1mstartView[0m -> Starting view with number 4, sequence 49, and decisions 0 channel=mychannel
[34m2026-10-08 04:38:41.884 UTC 05f6 INFO[0m [orderer.consensus.smartbft.consensus] [34;1mOnRequestTimeout[0m -> Request {ec699e1addb641471c88171383b2a1dcb744b049195e45170e02b58350aa089d c989535b2f03b910ba88885d8126bf2a0f1feccb2fcbcbbc3a7fdb7fc04f2ecf} timeout expired, forwarding request to leader: 1 channel=mychannel
[34m2026-10-08 04:38:41.884 UTC 05f9 INFO[0m [orderer.consensus.smartbft.consensus] [34;1mOnRequestTimeout[0m -> Request {ec699e1addb641471c88171383b2a1dcb744b049195e45170e02b58350aa089d 932133359eca4b056541b5f1202f54e3f6089a9b78282b63dd2d37ed3d68f4a5} timeout expired, forwarding request to leader: 1 channel=mychannel
[34m2026-10-08 04:38:41.884 UTC 05fc INFO[0m [orderer.consensus.smartbft.consensus] [34;1mOnRequestTimeout[0m -> Request {ec699e1addb641471c88171383b2a1dcb744b049195e45170e02b58350aa089d 93eadc241f5b32e56e5ce51eb0fec9fc0b1dc3acffe39130dd68e3bde8c8fc61} timeout expired, forwarding request to leader: 1 channel=mychannel
[34m2026-10-08 04:38:41.884 UTC 05fd INFO[0m [orderer.consensus.smartbft.consensus] [34;1mOnRequestTimeout[0m -> Request {ec699e1addb641471c88171383b2a1dcb744b049195e45170e02b58350aa089d 3fb3cef9a67bedbaf835283006b07fef10f98cdd40b6bab65325da044399e982} timeout expired, forwarding request to leader: 1 channel=mychannel
[34m2026-10-08 04:38:41.884 UTC 05fb INFO[0m [orderer.consensus.smartbft.consensus] [34;1mOnRequestTimeout[0m -> Request {ec699e1addb641471c88171383b2a1dcb744b049195e45170e02b58350aa089d 58490a50e9248ba62c73ea3be5f93838900dd644674c7df5ed8c771d6b35f8c6} timeout expired, forwarding request to leader: 1 channel=mychannel
[34m2026-10-08 04:38:41.884 UTC 05f8 INFO[0m [orderer.consensus.smartbft.consensus] [34;1mOnRequestTimeout[0m -> Request {ec699e1addb641471c88171383b2a1dcb744b049195e45170e02b58350aa089d 17206c6efa14b9ec8e9423d96a3700fecb631d04f548b76ed585365e84b5a91e} timeout expired, forwarding request to leader: 1 channel=mychannel
[34m2026-10-08 04:38:41.884 UTC 05fa INFO[0m [orderer.consensus.smartbft.consensus] [34;1mOnRequestTimeout[0m -> Request {ec699e1addb641471c88171383b2a1dcb744b049195e45170e02b58350aa089d e5052f347c07c30d69d0b298d91924d96f57c3cb5635bbef32dd0292802b15f1} timeout expired, forwarding request to leader: 1 channel=mychannel
[34m2026-10-08 04:38:41.884 UTC 05fe INFO[0m [orderer.consensus.smartbft.consensus] [34;1mOnRequestTimeout[0m -> Request {ec699e1addb641471c88171383b2a1dcb744b049195e45170e02b58350aa089d 62979210985e276d63862779471cee6ff25ca40614dd7718ce549fd6e0330433} timeout expired, forwarding request to leader: 1 channel=mychannel
[34m2026-10-08 04:38:41.884 UTC 05f7 INFO[0m [orderer.consensus.smartbft.consensus] [34;1mOnRequestTimeout[0m -> Request {ec699e1addb641471c88171383b2a1dcb744b049195e45170e02b58350aa089d 468f99d4032a3d9553b5629934495cecb41c9897bc30d62c5ad88f3493022ad5} timeout expired, forwarding request to leader: 1 channel=mychannel
[34m2026-10-08 04:38:41.884 UTC 05ff INFO[0m [orderer.consensus.smartbft.consensus] [34;1mOnRequestTimeout[0m -> Request {ec699e1addb641471c88171383b2a1dcb744b049195e45170e02b58350aa089d 05e7715732157cba755e4e7099887d892a1f913a090f2018b2408407adcce222} timeout expired, forwarding request to leader: 1 channel=mychannel
[34m2026-10-08 04:38:41.893 UTC 0600 INFO[0m [orderer.consensus.smartbft.consensus] [34;1mprocessProposal[0m -> Processed proposal with seq 49 channel=mychannel
[34m2026-10-08 04:38:41.894 UTC 0601 INFO[0m [orderer.consensus.smartbft.consensus] [34;1mprocessPrepares[0m -> 2 collected 2 prepares from [1 3] channel=mychannel
[34m2026-10-08 04:38:41.898 UTC 0602 INFO[0m [orderer.consensus.smartbft.consensus] [34;1mprocessPrepares[0m -> Processed prepares for proposal with seq 49 channel=mychannel
[34m2026-10-08 04:38:41.899 UTC 0603 INFO[0m [orderer.consensus.smartbft.consensus] [34;1mprocessCommits[0m -> 2 collected 2 commits from [4 1] channel=mychannel
[34m2026-10-08 04:38:41.899 UTC 0604 INFO[0m [orderer.consensus.smartbft.consensus] [34;1mprepared[0m -> 2 processed commits for proposal with seq 49 channel=mychannel
[34m2026-10-08 04:38:41.899 UTC 0605 INFO[0m [orderer.consensus.smartbft.consensus] [34;1mdecide[0m -> Deciding on seq 49 channel=mychannel
[34m2026-10-08 04:38:41.899 UTC 0606 INFO[0m [orderer.consensus.smartbft.consensus] [34;1mstartNextSeq[0m -> Sequence: 49-->50 channel=mychannel
[34m2026-10-08 04:38:41.900 UTC 0607 INFO[0m [orderer.consensus.smartbft.chain] [34;1mDeliver[0m -> Delivering proposal, writing block 49 with 10 transactions and metadata of total size 328 with signatures from [4 1 2] to the ledger, node id 2 channel=mychannel
[34m2026-10-08 04:38:41.900 UTC 0608 INFO[0m [orderer.consensus.smartbft.consensus] [34;1mdeleteRequest[0m -> Removed request {ec699e1addb641471c88171383b2a1dcb744b049195e45170e02b58350aa089d c989535b2f03b910ba88885d8126bf2a0f1feccb2fcbcbbc3a7fdb7fc04f2ecf} from request pool channel=mychannel
[34m2026-10-08 04:38:41.900 UTC 0609 INFO[0m [orderer.consensus.smartbft.consensus] [34;1mdeleteRequest[0m -> Removed request {ec699e1addb641471c88171383b2a1dcb744b049195e45170e02b58350aa089d 932133359eca4b056541b5f1202f54e3f6089a9b78282b63dd2d37ed3d68f4a5} from request pool channel=mychannel
[34m2026-10-08 04:38:41.901 UTC 060a INFO[0m [orderer.consensus.smartbft.consensus] [34;1mdeleteRequest[0m -> Removed request {ec699e1addb641471c88171383b2a1dcb744b049195e45170e02b58350aa089d 3fb3cef9a67bedbaf835283006b07fef10f98cdd40b6bab65325da044399e982} from request pool channel=mychannel
[34m2026-10-08 04:38:41.901 UTC 060b INFO[0m [orderer.consensus.smartbft.consensus] [34;1mdeleteRequest[0m -> Removed request {ec699e1addb641471c88171383b2a1dcb744b049195e45170e02b58350aa089d e5052f347c07c30d69d0b298d91924d96f57c3cb5635bbef32dd0292802b15f1} from request pool channel=mychannel
[34m2026-10-08 04:38:41.901 UTC 060c INFO[0m [orderer.consensus.smartbft.consensus] [34;1mdeleteRequest[0m -> Removed request {ec699e1addb641471c88171383b2a1dcb744b049195e45170e02b58350aa089d 17206c6efa14b9ec8e9423d96a3700fecb631d04f548b76ed585365e84b5a91e} from request pool channel=mychannel
[34m2026-10-08 04:38:41.901 UTC 060d INFO[0m [orderer.consensus.smartbft.consensus] [34;1mdeleteRequest[0m -> Removed request {ec699e1addb641471c88171383b2a1dcb744b049195e45170e02b58350aa089d 93eadc241f5b32e56e5ce51eb0fec9fc0b1dc3acffe39130dd68e3bde8c8fc61} from request pool channel=mychannel
[34m2026-10-08 04:38:41.901 UTC 060e INFO[0m [orderer.consensus.smartbft.consensus] [34;1mdeleteRequest[0m -> Removed request {ec699e1addb641471c88171383b2a1dcb744b049195e45170e02b58350aa089d 58490a50e9248ba62c73ea3be5f93838900dd644674c7df5ed8c771d6b35f8c6} from request pool channel=mychannel
[34m2026-10-08 04:38:41.901 UTC 060f INFO[0m [orderer.consensus.smartbft.consensus] [34;1mdeleteRequest[0m -> Removed request {ec699e1addb641471c88171383b2a1dcb744b049195e45170e02b58350aa089d 62979210985e276d63862779471cee6ff25ca40614dd7718ce549fd6e0330433} from request pool channel=mychannel
[34m2026-10-08 04:38:41.901 UTC 0610 INFO[0m [orderer.consensus.smartbft.consensus] [34;1mdeleteRequest[0m -> Removed request {ec699e1addb641471c88171383b2a1dcb744b049195e45170e02b58350aa089d 468f99d4032a3d9553b5629934495cecb41c9897bc30d62c5ad88f3493022ad5} from request pool channel=mychannel
[34m2026-10-08 04:38:41.901 UTC 0611 INFO[0m [orderer.consensus.smartbft.consensus] [34;1mdeleteRequest[0m -> Removed request {ec699e1addb641471c88171383b2a1dcb744b049195e45170e02b58350aa089d 05e7715732157cba755e4e7099887d892a1f913a090f2018b2408407adcce222} from request pool channel=mychannel
[34m2026-10-08 04:38:41.923 UTC 0612 INFO[0m [grpc] [34;1mInfof[0m -> [transport] [server-transport 0xc0003ab1e0] Closing: EOF
[34m2026-10-08 04:38:41.923 UTC 0613 INFO[0m [grpc] [34;1mInfof[0m -> [transport] [server-transport 0xc0003ab1e0] loopyWriter exiting with error: transport closed by client
[33m2026-10-08 04:38:41.924 UTC 0614 WARN[0m [orderer.common.broadcast] [33;1mHandle[0m -> Error reading from 172.18.0.1:50612: rpc error: code = Canceled desc = context canceled
[34m2026-10-08 04:38:41.924 UTC 0615 INFO[0m [comm.grpc.server] [34;1m1[0m -> streaming call completed grpc.service=orderer.AtomicBroadcast grpc.method=Broadcast grpc.peer_address=172.18.0.1:50612 error="rpc error: code = Canceled desc = context canceled" grpc.code=Canceled grpc.call_duration=3.471223955s
[34m2026-10-08 04:38:43.990 UTC 0616 INFO[0m [orderer.consensus.smartbft.consensus] [34;1mOnRequestTimeout[0m -> Request {ec699e1addb641471c88171383b2a1dcb744b049195e45170e02b58350aa089d b71b6ff1eaf83ae09f1e7091b86145cada6d968a999139ce27d6908b3d8bf5c5} timeout expired, forwarding request to leader: 1 channel=mychannel
[34m2026-10-08 04:38:44.016 UTC 0617 INFO[0m [orderer.consensus.smartbft.consensus] [34;1mprocessProposal[0m -> Processed proposal with seq 50 channel=mychannel
[34m2026-10-08 04:38:44.017 UTC 0618 INFO[0m [orderer.consensus.smartbft.consensus] [34;1mprocessPrepares[0m -> 2 collected 2 prepares from [1 4] channel=mychannel
[34m2026-10-08 04:38:44.018 UTC 0619 INFO[0m [orderer.consensus.smartbft.consensus] [34;1mprocessPrepares[0m -> Processed prepares for proposal with seq 50 channel=mychannel
[34m2026-10-08 04:38:44.019 UTC 061a INFO[0m [orderer.consensus.smartbft.consensus] [34;1mprocessCommits[0m -> 2 collected 2 commits from [4 1] channel=mychannel
[34m2026-10-08 04:38:44.019 UTC 061b INFO[0m [orderer.consensus.smartbft.consensus] [34;1mprepared[0m -> 2 processed commits for proposal with seq 50 channel=mychannel
[34m2026-10-08 04:38:44.019 UTC 061c INFO[0m [orderer.consensus.smartbft.consensus] [34;1mdecide[0m -> Deciding on seq 50 channel=mychannel
[34m2026-10-08 04:38:44.019 UTC 061d INFO[0m [orderer.consensus.smartbft.consensus] [34;1mstartNextSeq[0m -> Sequence: 50-->51 channel=mychannel
[34m2026-10-08 04:38:44.019 UTC 061e INFO[0m [orderer.consensus.smartbft.chain] [34;1mDeliver[0m -> Delivering proposal, writing block 50 with 1 transactions and metadata of total size 331 with signatures from [4 1 2] to the ledger, node id 2 channel=mychannel
[34m2026-10-08 04:38:44.019 UTC 061f INFO[0m [orderer.consensus.smartbft.consensus] [34;1mdeleteRequest[0m -> Removed request {ec699e1addb641471c88171383b2a1dcb744b049195e45170e02b58350aa089d b71b6ff1eaf83ae09f1e7091b86145cada6d968a999139ce27d6908b3d8bf5c5} from request pool channel=mychannel
[33m2026-10-08 04:38:44.021 UTC 0620 WARN[0m [orderer.consensus.smartbft.consensus] [33;1mprocessMsg[0m -> 2 got message from 1 with sequence 49 but our sequence is 51 channel=mychannel
[34m2026-10-08 04:38:44.028 UTC 0621 INFO[0m [grpc] [34;1mInfof[0m -> [transport] [server-transport 0xc000fa61a0] Closing: EOF
[34m2026-10-08 04:38:44.029 UTC 0622 INFO[0m [grpc] [34;1mInfof[0m -> [transport] [server-transport 0xc000fa61a0] loopyWriter exiting with error: transport closed by client
[33m2026-10-08 04:38:44.029 UTC 0623 WARN[0m [orderer.common.broadcast] [33;1mHandle[0m -> Error reading from 172.18.0.1:38054: rpc error: code = Canceled desc = context canceled
[34m2026-10-08 04:38:44.029 UTC 0624 INFO[0m [comm.grpc.server] [34;1m1[0m -> streaming call completed grpc.service=orderer.AtomicBroadcast grpc.method=Broadcast grpc.peer_address=172.18.0.1:38054 error="rpc error: code = Canceled desc = context canceled" grpc.code=Canceled grpc.call_duration=2.047242826s
[34m2026-10-08 04:38:46.094 UTC 0625 INFO[0m [orderer.consensus.smartbft.consensus] [34;1mOnRequestTimeout[0m -> Request {ec699e1addb641471c88171383b2a1dcb744b049195e45170e02b58350aa089d eddda1276b968690dd7b57eac1f13fb62cf2cbf690c30096492121fc4887d17f} timeout expired, forwarding request to leader: 1 channel=mychannel
[34m2026-10-08 04:38:46.132 UTC 0626 INFO[0m [orderer.consensus.smartbft.consensus] [34;1mprocessProposal[0m -> Processed proposal with seq 51 channel=mychannel
[34m2026-10-08 04:38:46.132 UTC 0627 INFO[0m [orderer.consensus.smartbft.consensus] [34;1mprocessPrepares[0m -> 2 collected 2 prepares from [1 3] channel=mychannel
[34m2026-10-08 04:38:46.134 UTC 0628 INFO[0m [orderer.consensus.smartbft.consensus] [34;1mprocessPrepares[0m -> Processed prepares for proposal with seq 51 channel=mychannel
[34m2026-10-08 04:38:46.134 UTC 0629 INFO[0m [orderer.consensus.smartbft.consensus] [34;1mprocessCommits[0m -> 2 collected 2 commits from [3 4] channel=mychannel
[34m2026-10-08 04:38:46.134 UTC 062a INFO[0m [orderer.consensus.smartbft.consensus] [34;1mprepared[0m -> 2 processed commits for proposal with seq 51 channel=mychannel
[34m2026-10-08 04:38:46.134 UTC 062b INFO[0m [orderer.consensus.smartbft.consensus] [34;1mdecide[0m -> Deciding on seq 51 channel=mychannel
[34m2026-10-08 04:38:46.135 UTC 062c INFO[0m [orderer.consensus.smartbft.consensus] [34;1mstartNextSeq[0m -> Sequence: 51-->52 channel=mychannel
[34m2026-10-08 04:38:46.135 UTC 062d INFO[0m [orderer.consensus.smartbft.chain] [34;1mDeliver[0m -> Delivering proposal, writing block 51 with 1 transactions and metadata of total size 331 with signatures from [3 4 2] to the ledger, node id 2 channel=mychannel
[34m2026-10-08 04:38:46.135 UTC 062e INFO[0m [orderer.consensus.smartbft.consensus] [34;1mdeleteRequest[0m -> Removed request {ec699e1addb641471c88171383b2a1dcb744b049195e45170e02b58350aa089d eddda1276b968690dd7b57eac1f13fb62cf2cbf690c30096492121fc4887d17f} from request pool channel=mychannel
[34m2026-10-08 04:38:46.144 UTC 062f INFO[0m [grpc] [34;1mInfof[0m -> [transport] [server-transport 0xc000fa6340] Closing: EOF
[34m2026-10-08 04:38:46.144 UTC 0630 INFO[0m [grpc] [34;1mInfof[0m -> [transport] [server-transport 0xc000fa6340] loopyWriter exiting with error: transport closed by client
[33m2026-10-08 04:38:46.145 UTC 0631 WARN[0m [orderer.common.broadcast] [33;1mHandle[0m -> Error reading from 172.18.0.1:38068: rpc error: code = Canceled desc = context canceled
[34m2026-10-08 04:38:46.145 UTC 0632 INFO[0m [comm.grpc.server] [34;1m1[0m -> streaming call completed grpc.service=orderer.AtomicBroadcast grpc.method=Broadcast grpc.peer_address=172.18.0.1:38068 error="rpc error: code = Canceled desc = context canceled" grpc.code=Canceled grpc.call_duration=2.058556322s
[34m2026-10-08 04:38:48.212 UTC 0633 INFO[0m [orderer.consensus.smartbft.consensus] [34;1mOnRequestTimeout[0m -> Request {ec699e1addb641471c88171383b2a1dcb744b049195e45170e02b58350aa089d 7f6dbb0580d3372de9f7b21858f9d7729343b6108976cfc2f3ad38964a8d88d8} timeout expired, forwarding request to leader: 1 channel=mychannel
[34m2026-10-08 04:38:48.248 UTC 0634 INFO[0m [orderer.consensus.smartbft.consensus] [34;1mprocessProposal[0m -> Processed proposal with seq 52 channel=mychannel
[34m2026-10-08 04:38:48.248 UTC 0635 INFO[0m [orderer.consensus.smartbft.consensus] [34;1mprocessPrepares[0m -> 2 collected 2 prepares from [1 3] channel=mychannel
[34m2026-10-08 04:38:48.253 UTC 0636 INFO[0m [orderer.consensus.smartbft.consensus] [34;1mprocessPrepares[0m -> Processed prepares for proposal with seq 52 channel=mychannel
[34m2026-10-08 04:38:48.254 UTC 0637 INFO[0m [orderer.consensus.smartbft.consensus] [34;1mprocessCommits[0m -> 2 collected 2 commits from [3 4] channel=mychannel
[34m2026-10-08 04:38:48.255 UTC 0638 INFO[0m [orderer.consensus.smartbft.consensus] [34;1mprepared[0m -> 2 processed commits for proposal with seq 52 channel=mychannel
[34m2026-10-08 04:38:48.255 UTC 0639 INFO[0m [orderer.consensus.smartbft.consensus] [34;1mdecide[0m -> Deciding on seq 52 channel=mychannel
[34m2026-10-08 04:38:48.255 UTC 063a INFO[0m [orderer.consensus.smartbft.consensus] [34;1mstartNextSeq[0m -> Sequence: 52-->53 channel=mychannel
[34m2026-10-08 04:38:48.255 UTC 063b INFO[0m [orderer.consensus.smartbft.chain] [34;1mDeliver[0m -> Delivering proposal, writing block 52 with 1 transactions and metadata of total size 332 with signatures from [3 4 2] to the ledger, node id 2 channel=mychannel
[34m2026-10-08 04:38:48.255 UTC 063c INFO[0m [orderer.consensus.smartbft.consensus] [34;1mdeleteRequest[0m -> Removed request {ec699e1addb641471c88171383b2a1dcb744b049195e45170e02b58350aa089d 7f6dbb0580d3372de9f7b21858f9d7729343b6108976cfc2f3ad38964a8d88d8} from request pool channel=mychannel
[34m2026-10-08 04:38:48.263 UTC 063d INFO[0m [grpc] [34;1mInfof[0m -> [transport] [server-transport 0xc0003731e0] Closing: EOF
[33m2026-10-08 04:38:48.263 UTC 063e WARN[0m [orderer.common.broadcast] [33;1mHandle[0m -> Error reading from 172.18.0.1:38082: rpc error: code = Canceled desc = context canceled
[34m2026-10-08 04:38:48.263 UTC 063f INFO[0m [comm.grpc.server] [34;1m1[0m -> streaming call completed grpc.service=orderer.AtomicBroadcast grpc.method=Broadcast grpc.peer_address=172.18.0.1:38082 error="rpc error: code = Canceled desc = context canceled" grpc.code=Canceled grpc.call_duration=2.060779729s
[34m2026-10-08 04:38:48.263 UTC 0640 INFO[0m [grpc] [34;1mInfof[0m -> [transport] [server-transport 0xc0003731e0] loopyWriter exiting with error: transport closed by client
[34m2026-10-08 04:38:50.329 UTC 0641 INFO[0m [orderer.consensus.smartbft.consensus] [34;1mOnRequestTimeout[0m -> Request {ec699e1addb641471c88171383b2a1dcb744b049195e45170e02b58350aa089d a0f3e4afea73343aff52fb6759fad5f958bd3e8845cd8a746bba2dac2fa97c0b} timeout expired, forwarding request to leader: 1 channel=mychannel
[34m2026-10-08 04:38:50.366 UTC 0642 INFO[0m [orderer.consensus.smartbft.consensus] [34;1mprocessProposal[0m -> Processed proposal with seq 53 channel=mychannel
[34m2026-10-08 04:38:50.366 UTC 0643 INFO[0m [orderer.consensus.smartbft.consensus] [34;1mprocessPrepares[0m -> 2 collected 2 prepares from [1 3] channel=mychannel
[34m2026-10-08 04:38:50.367 UTC 0644 INFO[0m [orderer.consensus.smartbft.consensus] [34;1mprocessPrepares[0m -> Processed prepares for proposal with seq 53 channel=mychannel
[34m2026-10-08 04:38:50.370 UTC 0645 INFO[0m [orderer.consensus.smartbft.consensus] [34;1mprocessCommits[0m -> 2 collected 2 commits from [1 4] channel=mychannel
[34m2026-10-08 04:38:50.370 UTC 0646 INFO[0m [orderer.consensus.smartbft.consensus] [34;1mprepared[0m -> 2 processed commits for proposal with seq 53 channel=mychannel
[34m2026-10-08 04:38:50.370 UTC 0647 INFO[0m [orderer.consensus.smartbft.consensus] [34;1mdecide[0m -> Deciding on seq 53 channel=mychannel
[34m2026-10-08 04:38:50.370 UTC 0648 INFO[0m [orderer.consensus.smartbft.consensus] [34;1mstartNextSeq[0m -> Sequence: 53-->54 channel=mychannel
[34m2026-10-08 04:38:50.371 UTC 0649 INFO[0m [orderer.consensus.smartbft.chain] [34;1mDeliver[0m -> Delivering proposal, writing block 53 with 1 transactions and metadata of total size 332 with signatures from [1 4 2] to the ledger, node id 2 channel=mychannel
[34m2026-10-08 04:38:50.371 UTC 064a INFO[0m [orderer.consensus.smartbft.consensus] [34;1mdeleteRequest[0m -> Removed request {ec699e1addb641471c88171383b2a1dcb744b049195e45170e02b58350aa089d a0f3e4afea73343aff52fb6759fad5f958bd3e8845cd8a746bba2dac2fa97c0b} from request pool channel=mychannel
[34m2026-10-08 04:38:50.378 UTC 064b INFO[0m [grpc] [34;1mInfof[0m -> [transport] [server-transport 0xc000fa61a0] Closing: EOF
[34m2026-10-08 04:38:50.378 UTC 064c INFO[0m [grpc] [34;1mInfof[0m -> [transport] [server-transport 0xc000fa61a0] loopyWriter exiting with error: transport closed by client
[33m2026-10-08 04:38:50.379 UTC 064d WARN[0m [orderer.common.broadcast] [33;1mHandle[0m -> Error reading from 172.18.0.1:38086: rpc error: code = Canceled desc = context canceled
[34m2026-10-08 04:38:50.379 UTC 064e INFO[0m [comm.grpc.server] [34;1m1[0m -> streaming call completed grpc.service=orderer.AtomicBroadcast grpc.method=Broadcast grpc.peer_address=172.18.0.1:38086 error="rpc error: code = Canceled desc = context canceled" grpc.code=Canceled grpc.call_duration=2.058759867s
[34m2026-10-08 04:38:52.445 UTC 064f INFO[0m [orderer.consensus.smartbft.consensus] [34;1mOnRequestTimeout[0m -> Request {ec699e1addb641471c88171383b2a1dcb744b049195e45170e02b58350aa089d f80bd901a29b791faa9f3bb85b146c121af2c4533f79461b0d45e2413ea5a7f8} timeout expired, forwarding request to leader: 1 channel=mychannel
[34m2026-10-08 04:38:52.482 UTC 0650 INFO[0m [orderer.consensus.smartbft.consensus] [34;1mprocessProposal[0m -> Processed proposal with seq 54 channel=mychannel
[34m2026-10-08 04:38:52.484 UTC 0651 INFO[0m [orderer.consensus.smartbft.consensus] [34;1mprocessPrepares[0m -> 2 collected 2 prepares from [1 3] channel=mychannel
[34m2026-10-08 04:38:52.485 UTC 0652 INFO[0m [orderer.consensus.smartbft.consensus] [34;1mprocessPrepares[0m -> Processed prepares for proposal with seq 54 channel=mychannel
[34m2026-10-08 04:38:52.486 UTC 0653 INFO[0m [orderer.consensus.smartbft.consensus] [34;1mprocessCommits[0m -> 2 collected 2 commits from [1 4] channel=mychannel
[34m2026-10-08 04:38:52.486 UTC 0654 INFO[0m [orderer.consensus.smartbft.consensus] [34;1mprepared[0m -> 2 processed commits for proposal with seq 54 channel=mychannel
[34m2026-10-08 04:38:52.487 UTC 0655 INFO[0m [orderer.consensus.smartbft.consensus] [34;1mdecide[0m -> Deciding on seq 54 channel=mychannel
[34m2026-10-08 04:38:52.487 UTC 0656 INFO[0m [orderer.consensus.smartbft.consensus] [34;1mstartNextSeq[0m -> Sequence: 54-->55 channel=mychannel
[34m2026-10-08 04:38:52.487 UTC 0657 INFO[0m [orderer.consensus.smartbft.chain] [34;1mDeliver[0m -> Delivering proposal, writing block 54 with 1 transactions and metadata of total size 331 with signatures from [1 4 2] to the ledger, node id 2 channel=mychannel
[34m2026-10-08 04:38:52.488 UTC 0658 INFO[0m [orderer.consensus.smartbft.consensus] [34;1mdeleteRequest[0m -> Removed request {ec699e1addb641471c88171383b2a1dcb744b049195e45170e02b58350aa089d f80bd901a29b791faa9f3bb85b146c121af2c4533f79461b0d45e2413ea5a7f8} from request pool channel=mychannel
[34m2026-10-08 04:38:52.496 UTC 0659 INFO[0m [grpc] [34;1mInfof[0m -> [transport] [server-transport 0xc000fa6340] Closing: EOF
[34m2026-10-08 04:38:52.496 UTC 065a INFO[0m [grpc] [34;1mInfof[0m -> [transport] [server-transport 0xc000fa6340] loopyWriter exiting with error: transport closed by client
[33m2026-10-08 04:38:52.496 UTC 065b WARN[0m [orderer.common.broadcast] [33;1mHandle[0m -> Error reading from 172.18.0.1:38098: rpc error: code = Canceled desc = context canceled
[34m2026-10-08 04:38:52.496 UTC 065c INFO[0m [comm.grpc.server] [34;1m1[0m -> streaming call completed grpc.service=orderer.AtomicBroadcast grpc.method=Broadcast grpc.peer_address=172.18.0.1:38098 error="rpc error: code = Canceled desc = context canceled" grpc.code=Canceled grpc.call_duration=2.060970564s
[34m2026-10-08 04:38:54.562 UTC 065d INFO[0m [orderer.consensus.smartbft.consensus] [34;1mOnRequestTimeout[0m -> Request {ec699e1addb641471c88171383b2a1dcb744b049195e45170e02b58350aa089d ed9ba34f076e2f56d655f2e20bfa3cf11a539c14774e5258d94fd5791288b2a0} timeout expired, forwarding request to leader: 1 channel=mychannel
[34m2026-10-08 04:38:54.600 UTC 065e INFO[0m [orderer.consensus.smartbft.consensus] [34;1mprocessProposal[0m -> Processed proposal with seq 55 channel=mychannel
[34m2026-10-08 04:38:54.601 UTC 065f INFO[0m [orderer.consensus.smartbft.consensus] [34;1mprocessPrepares[0m -> 2 collected 2 prepares from [1 4] channel=mychannel
[34m2026-10-08 04:38:54.602 UTC 0660 INFO[0m [orderer.consensus.smartbft.consensus] [34;1mprocessPrepares[0m -> Processed prepares for proposal with seq 55 channel=mychannel
[34m2026-10-08 04:38:54.604 UTC 0661 INFO[0m [orderer.consensus.smartbft.consensus] [34;1mprocessCommits[0m -> 2 collected 2 commits from [3 1] channel=mychannel
[34m2026-10-08 04:38:54.607 UTC 0662 INFO[0m [orderer.consensus.smartbft.consensus] [34;1mprepared[0m -> 2 processed commits for proposal with seq 55 channel=mychannel
[34m2026-10-08 04:38:54.607 UTC 0663 INFO[0m [orderer.consensus.smartbft.consensus] [34;1mdecide[0m -> Deciding on seq 55 channel=mychannel
[34m2026-10-08 04:38:54.608 UTC 0664 INFO[0m [orderer.consensus.smartbft.consensus] [34;1mstartNextSeq[0m -> Sequence: 55-->56 channel=mychannel
[34m2026-10-08 04:38:54.608 UTC 0665 INFO[0m [orderer.consensus.smartbft.chain] [34;1mDeliver[0m -> Delivering proposal, writing block 55 with 1 transactions and metadata of total size 332 with signatures from [3 1 2] to the ledger, node id 2 channel=mychannel
[34m2026-10-08 04:38:54.608 UTC 0666 INFO[0m [orderer.consensus.smartbft.consensus] [34;1mdeleteRequest[0m -> Removed request {ec699e1addb641471c88171383b2a1dcb744b049195e45170e02b58350aa089d ed9ba34f076e2f56d655f2e20bfa3cf11a539c14774e5258d94fd5791288b2a0} from request pool channel=mychannel
[33m2026-10-08 04:38:54.608 UTC 0667 WARN[0m [orderer.consensus.smartbft.consensus] [33;1mprocessMsg[0m -> 2 got message from 3 with sequence 54 but our sequence is 56 channel=mychannel
[34m2026-10-08 04:38:54.614 UTC 0668 INFO[0m [grpc] [34;1mInfof[0m -> [transport] [server-transport 0xc000373ba0] Closing: EOF
[34m2026-10-08 04:38:54.615 UTC 0669 INFO[0m [grpc] [34;1mInfof[0m -> [transport] [server-transport 0xc000373ba0] loopyWriter exiting with error: transport closed by client
[33m2026-10-08 04:38:54.615 UTC 066a WARN[0m [orderer.common.broadcast] [33;1mHandle[0m -> Error reading from 172.18.0.1:50102: rpc error: code = Canceled desc = context canceled
[34m2026-10-08 04:38:54.615 UTC 066b INFO[0m [comm.grpc.server] [34;1m1[0m -> streaming call completed grpc.service=orderer.AtomicBroadcast grpc.method=Broadcast grpc.peer_address=172.18.0.1:50102 error="rpc error: code = Canceled desc = context canceled" grpc.code=Canceled grpc.call_duration=2.061237238s
[34m2026-10-08 04:38:56.679 UTC 066c INFO[0m [orderer.consensus.smartbft.consensus] [34;1mOnRequestTimeout[0m -> Request {ec699e1addb641471c88171383b2a1dcb744b049195e45170e02b58350aa089d 2a790c4b6a951c6af2d106ee8e2e975726ecc1adc2158094683de301ae78f977} timeout expired, forwarding request to leader: 1 channel=mychannel
[34m2026-10-08 04:38:56.718 UTC 066d INFO[0m [orderer.consensus.smartbft.consensus] [34;1mprocessProposal[0m -> Processed proposal with seq 56 channel=mychannel
[34m2026-10-08 04:38:56.719 UTC 066e INFO[0m [orderer.consensus.smartbft.consensus] [34;1mprocessPrepares[0m -> 2 collected 2 prepares from [1 3] channel=mychannel
[34m2026-10-08 04:38:56.720 UTC 066f INFO[0m [orderer.consensus.smartbft.consensus] [34;1mprocessPrepares[0m -> Processed prepares for proposal with seq 56 channel=mychannel
[34m2026-10-08 04:38:56.721 UTC 0670 INFO[0m [orderer.consensus.smartbft.consensus] [34;1mprocessCommits[0m -> 2 collected 2 commits from [4 3] channel=mychannel
[34m2026-10-08 04:38:56.721 UTC 0671 INFO[0m [orderer.consensus.smartbft.consensus] [34;1mprepared[0m -> 2 processed commits for proposal with seq 56 channel=mychannel
[34m2026-10-08 04:38:56.721 UTC 0672 INFO[0m [orderer.consensus.smartbft.consensus] [34;1mdecide[0m -> Deciding on seq 56 channel=mychannel
[34m2026-10-08 04:38:56.721 UTC 0673 INFO[0m [orderer.consensus.smartbft.consensus] [34;1mstartNextSeq[0m -> Sequence: 56-->57 channel=mychannel
[34m2026-10-08 04:38:56.721 UTC 0674 INFO[0m [orderer.consensus.smartbft.chain] [34;1mDeliver[0m -> Delivering proposal, writing block 56 with 1 transactions and metadata of total size 330 with signatures from [4 3 2] to the ledger, node id 2 channel=mychannel
[34m2026-10-08 04:38:56.721 UTC 0675 INFO[0m [orderer.consensus.smartbft.consensus] [34;1mdeleteRequest[0m -> Removed request {ec699e1addb641471c88171383b2a1dcb744b049195e45170e02b58350aa089d 2a790c4b6a951c6af2d106ee8e2e975726ecc1adc2158094683de301ae78f977} from request pool channel=mychannel
[34m2026-10-08 04:38:56.732 UTC 0676 INFO[0m [grpc] [34;1mInfof[0m -> [transport] [server-transport 0xc0003731e0] Closing: EOF
[33m2026-10-08 04:38:56.732 UTC 0678 WARN[0m [orderer.common.broadcast] [33;1mHandle[0m -> Error reading from 172.18.0.1:50106: rpc error: code = Canceled desc = context canceled
[34m2026-10-08 04:38:56.732 UTC 0677 INFO[0m [grpc] [34;1mInfof[0m -> [transport] [server-transport 0xc0003731e0] loopyWriter exiting with error: transport closed by client
[34m2026-10-08 04:38:56.732 UTC 0679 INFO[0m [comm.grpc.server] [34;1m1[0m -> streaming call completed grpc.service=orderer.AtomicBroadcast grpc.method=Broadcast grpc.peer_address=172.18.0.1:50106 error="rpc error: code = Canceled desc = context canceled" grpc.code=Canceled grpc.call_duration=2.060263499s
[34m2026-10-08 04:38:58.797 UTC 067a INFO[0m [orderer.consensus.smartbft.consensus] [34;1mOnRequestTimeout[0m -> Request {ec699e1addb641471c88171383b2a1dcb744b049195e45170e02b58350aa089d 076e9f2472cd357b7e2dc53d6cd12e62d89da09015254306d33f7edc831285ed} timeout expired, forwarding request to leader: 1 channel=mychannel
[34m2026-10-08 04:38:58.834 UTC 067b INFO[0m [orderer.consensus.smartbft.consensus] [34;1mprocessProposal[0m -> Processed proposal with seq 57 channel=mychannel
[34m2026-10-08 04:38:58.835 UTC 067c INFO[0m [orderer.consensus.smartbft.consensus] [34;1mprocessPrepares[0m -> 2 collected 2 prepares from [1 4] channel=mychannel
[34m2026-10-08 04:38:58.835 UTC 067d INFO[0m [orderer.consensus.smartbft.consensus] [34;1mprocessPrepares[0m -> Processed prepares for proposal with seq 57 channel=mychannel
[34m2026-10-08 04:38:58.839 UTC 067e INFO[0m [orderer.consensus.smartbft.consensus] [34;1mprocessCommits[0m -> 2 collected 2 commits from [1 4] channel=mychannel
[34m2026-10-08 04:38:58.839 UTC 067f INFO[0m [orderer.consensus.smartbft.consensus] [34;1mprepared[0m -> 2 processed commits for proposal with seq 57 channel=mychannel
[34m2026-10-08 04:38:58.839 UTC 0680 INFO[0m [orderer.consensus.smartbft.consensus] [34;1mdecide[0m -> Deciding on seq 57 channel=mychannel
[34m2026-10-08 04:38:58.839 UTC 0681 INFO[0m [orderer.consensus.smartbft.consensus] [34;1mstartNextSeq[0m -> Sequence: 57-->58 channel=mychannel
[34m2026-10-08 04:38:58.839 UTC 0682 INFO[0m [orderer.consensus.smartbft.chain] [34;1mDeliver[0m -> Delivering proposal, writing block 57 with 1 transactions and metadata of total size 331 with signatures from [1 4 2] to the ledger, node id 2 channel=mychannel
[34m2026-10-08 04:38:58.839 UTC 0683 INFO[0m [orderer.consensus.smartbft.consensus] [34;1mdeleteRequest[0m -> Removed request {ec699e1addb641471c88171383b2a1dcb744b049195e45170e02b58350aa089d 076e9f2472cd357b7e2dc53d6cd12e62d89da09015254306d33f7edc831285ed} from request pool channel=mychannel
[34m2026-10-08 04:38:58.848 UTC 0684 INFO[0m [grpc] [34;1mInfof[0m -> [transport] [server-transport 0xc000fa61a0] Closing: EOF
[33m2026-10-08 04:38:58.848 UTC 0685 WARN[0m [orderer.common.broadcast] [33;1mHandle[0m -> Error reading from 172.18.0.1:50122: rpc error: code = Canceled desc = context canceled
[34m2026-10-08 04:38:58.848 UTC 0686 INFO[0m [comm.grpc.server] [34;1m1[0m -> streaming call completed grpc.service=orderer.AtomicBroadcast grpc.method=Broadcast grpc.peer_address=172.18.0.1:50122 error="rpc error: code = Canceled desc = context canceled" grpc.code=Canceled grpc.call_duration=2.057336117s
[34m2026-10-08 04:38:58.848 UTC 0687 INFO[0m [grpc] [34;1mInfof[0m -> [transport] [server-transport 0xc000fa61a0] loopyWriter exiting with error: transport closed by client
[34m2026-10-08 04:39:00.915 UTC 0688 INFO[0m [orderer.consensus.smartbft.consensus] [34;1mOnRequestTimeout[0m -> Request {ec699e1addb641471c88171383b2a1dcb744b049195e45170e02b58350aa089d 4f7db76249ca40b667c4d87910e36710f5697884ece9ef9f1c6ce822ff527ab1} timeout expired, forwarding request to leader: 1 channel=mychannel
[34m2026-10-08 04:39:00.952 UTC 0689 INFO[0m [orderer.consensus.smartbft.consensus] [34;1mprocessProposal[0m -> Processed proposal with seq 58 channel=mychannel
[34m2026-10-08 04:39:00.952 UTC 068a INFO[0m [orderer.consensus.smartbft.consensus] [34;1mprocessPrepares[0m -> 2 collected 2 prepares from [1 3] channel=mychannel
[34m2026-10-08 04:39:00.953 UTC 068b INFO[0m [orderer.consensus.smartbft.consensus] [34;1mprocessPrepares[0m -> Processed prepares for proposal with seq 58 channel=mychannel
[34m2026-10-08 04:39:00.955 UTC 068c INFO[0m [orderer.consensus.smartbft.consensus] [34;1mprocessCommits[0m -> 2 collected 2 commits from [3 1] channel=mychannel
[34m2026-10-08 04:39:00.955 UTC 068d INFO[0m [orderer.consensus.smartbft.consensus] [34;1mprepared[0m -> 2 processed commits for proposal with seq 58 channel=mychannel
[34m2026-10-08 04:39:00.955 UTC 068e INFO[0m [orderer.consensus.smartbft.consensus] [34;1mdecide[0m -> Deciding on seq 58 channel=mychannel
[34m2026-10-08 04:39:00.955 UTC 068f INFO[0m [orderer.consensus.smartbft.consensus] [34;1mstartNextSeq[0m -> Sequence: 58-->59 channel=mychannel
[34m2026-10-08 04:39:00.955 UTC 0690 INFO[0m [orderer.consensus.smartbft.chain] [34;1mDeliver[0m -> Delivering proposal, writing block 58 with 1 transactions and metadata of total size 331 with signatures from [3 1 2] to the ledger, node id 2 channel=mychannel
[34m2026-10-08 04:39:00.955 UTC 0691 INFO[0m [orderer.consensus.smartbft.consensus] [34;1mdeleteRequest[0m -> Removed request {ec699e1addb641471c88171383b2a1dcb744b049195e45170e02b58350aa089d 4f7db76249ca40b667c4d87910e36710f5697884ece9ef9f1c6ce822ff527ab1} from request pool channel=mychannel
[34m2026-10-08 04:39:00.965 UTC 0692 INFO[0m [grpc] [34;1mInfof[0m -> [transport] [server-transport 0xc0003aa820] Closing: EOF
[34m2026-10-08 04:39:00.966 UTC 0693 INFO[0m [grpc] [34;1mInfof[0m -> [transport] [server-transport 0xc0003aa820] loopyWriter exiting with error: transport closed by client
[33m2026-10-08 04:39:00.966 UTC 0694 WARN[0m [orderer.common.broadcast] [33;1mHandle[0m -> Error reading from 172.18.0.1:50132: rpc error: code = Canceled desc = context canceled
[34m2026-10-08 04:39:00.966 UTC 0695 INFO[0m [comm.grpc.server] [34;1m1[0m -> streaming call completed grpc.service=orderer.AtomicBroadcast grpc.method=Broadcast grpc.peer_address=172.18.0.1:50132 error="rpc error: code = Canceled desc = context canceled" grpc.code=Canceled grpc.call_duration=2.061130627s
[34m2026-10-08 04:39:03.040 UTC 0696 INFO[0m [orderer.consensus.smartbft.consensus] [34;1mOnRequestTimeout[0m -> Request {ec699e1addb641471c88171383b2a1dcb744b049195e45170e02b58350aa089d 469c64e67903b7033360d2a988f42afcb31a01ec040434fdfb172712e2f0918b} timeout expired, forwarding request to leader: 1 channel=mychannel
[34m2026-10-08 04:39:03.071 UTC 0697 INFO[0m [orderer.consensus.smartbft.consensus] [34;1mprocessProposal[0m -> Processed proposal with seq 59 channel=mychannel
[34m2026-10-08 04:39:03.072 UTC 0698 INFO[0m [orderer.consensus.smartbft.consensus] [34;1mprocessPrepares[0m -> 2 collected 2 prepares from [1 4] channel=mychannel
[34m2026-10-08 04:39:03.073 UTC 0699 INFO[0m [orderer.consensus.smartbft.consensus] [34;1mprocessPrepares[0m -> Processed prepares for proposal with seq 59 channel=mychannel
[34m2026-10-08 04:39:03.074 UTC 069a INFO[0m [orderer.consensus.smartbft.consensus] [34;1mprocessCommits[0m -> 2 collected 2 commits from [3 1] channel=mychannel
[34m2026-10-08 04:39:03.074 UTC 069b INFO[0m [orderer.consensus.smartbft.consensus] [34;1mprepared[0m -> 2 processed commits for proposal with seq 59 channel=mychannel
[34m2026-10-08 04:39:03.074 UTC 069c INFO[0m [orderer.consensus.smartbft.consensus] [34;1mdecide[0m -> Deciding on seq 59 channel=mychannel
[34m2026-10-08 04:39:03.074 UTC 069d INFO[0m [orderer.consensus.smartbft.consensus] [34;1mstartNextSeq[0m -> Sequence: 59-->60 channel=mychannel
[34m2026-10-08 04:39:03.075 UTC 069e INFO[0m [orderer.consensus.smartbft.chain] [34;1mDeliver[0m -> Delivering proposal, writing block 59 with 1 transactions and metadata of total size 331 with signatures from [3 1 2] to the ledger, node id 2 channel=mychannel
[34m2026-10-08 04:39:03.075 UTC 069f INFO[0m [orderer.consensus.smartbft.consensus] [34;1mdeleteRequest[0m -> Removed request {ec699e1addb641471c88171383b2a1dcb744b049195e45170e02b58350aa089d 469c64e67903b7033360d2a988f42afcb31a01ec040434fdfb172712e2f0918b} from request pool channel=mychannel
[34m2026-10-08 04:39:03.083 UTC 06a0 INFO[0m [grpc] [34;1mInfof[0m -> [transport] [server-transport 0xc0003aa9c0] Closing: EOF
[33m2026-10-08 04:39:03.083 UTC 06a1 WARN[0m [orderer.common.broadcast] [33;1mHandle[0m -> Error reading from 172.18.0.1:50140: rpc error: code = Canceled desc = context canceled
[34m2026-10-08 04:39:03.083 UTC 06a2 INFO[0m [comm.grpc.server] [34;1m1[0m -> streaming call completed grpc.service=orderer.AtomicBroadcast grpc.method=Broadcast grpc.peer_address=172.18.0.1:50140 error="rpc error: code = Canceled desc = context canceled" grpc.code=Canceled grpc.call_duration=2.050973581s
[34m2026-10-08 04:39:03.083 UTC 06a3 INFO[0m [grpc] [34;1mInfof[0m -> [transport] [server-transport 0xc0003aa9c0] loopyWriter exiting with error: transport closed by client
[34m2026-10-08 04:39:05.150 UTC 06a4 INFO[0m [orderer.consensus.smartbft.consensus] [34;1mOnRequestTimeout[0m -> Request {ec699e1addb641471c88171383b2a1dcb744b049195e45170e02b58350aa089d 1aebd769f0db851c214ae5bfc36bef183b019316398096276877fdecaa607ca8} timeout expired, forwarding request to leader: 1 channel=mychannel
[34m2026-10-08 04:39:05.188 UTC 06a5 INFO[0m [orderer.consensus.smartbft.consensus] [34;1mprocessProposal[0m -> Processed proposal with seq 60 channel=mychannel
[34m2026-10-08 04:39:05.190 UTC 06a6 INFO[0m [orderer.consensus.smartbft.consensus] [34;1mprocessPrepares[0m -> 2 collected 2 prepares from [1 4] channel=mychannel
[34m2026-10-08 04:39:05.190 UTC 06a7 INFO[0m [orderer.consensus.smartbft.consensus] [34;1mprocessPrepares[0m -> Processed prepares for proposal with seq 60 channel=mychannel
[34m2026-10-08 04:39:05.191 UTC 06a8 INFO[0m [orderer.consensus.smartbft.consensus] [34;1mprocessCommits[0m -> 2 collected 2 commits from [1 4] channel=mychannel
[34m2026-10-08 04:39:05.191 UTC 06a9 INFO[0m [orderer.consensus.smartbft.consensus] [34;1mprepared[0m -> 2 processed commits for proposal with seq 60 channel=mychannel
[34m2026-10-08 04:39:05.191 UTC 06aa INFO[0m [orderer.consensus.smartbft.consensus] [34;1mdecide[0m -> Deciding on seq 60 channel=mychannel
[34m2026-10-08 04:39:05.191 UTC 06ab INFO[0m [orderer.consensus.smartbft.consensus] [34;1mstartNextSeq[0m -> Sequence: 60-->61 channel=mychannel
[34m2026-10-08 04:39:05.191 UTC 06ac INFO[0m [orderer.consensus.smartbft.chain] [34;1mDeliver[0m -> Delivering proposal, writing block 60 with 1 transactions and metadata of total size 332 with signatures from [1 4 2] to the ledger, node id 2 channel=mychannel
[34m2026-10-08 04:39:05.191 UTC 06ad INFO[0m [orderer.consensus.smartbft.consensus] [34;1mdeleteRequest[0m -> Removed request {ec699e1addb641471c88171383b2a1dcb744b049195e45170e02b58350aa089d 1aebd769f0db851c214ae5bfc36bef183b019316398096276877fdecaa607ca8} from request pool channel=mychannel
[34m2026-10-08 04:39:05.201 UTC 06ae INFO[0m [grpc] [34;1mInfof[0m -> [transport] [server-transport 0xc000fa61a0] Closing: EOF
[34m2026-10-08 04:39:05.201 UTC 06af INFO[0m [grpc] [34;1mInfof[0m -> [transport] [server-transport 0xc000fa61a0] loopyWriter exiting with error: transport closed by client
[33m2026-10-08 04:39:05.201 UTC 06b0 WARN[0m [orderer.common.broadcast] [33;1mHandle[0m -> Error reading from 172.18.0.1:51724: rpc error: code = Canceled desc = context canceled
[34m2026-10-08 04:39:05.201 UTC 06b1 INFO[0m [comm.grpc.server] [34;1m1[0m -> streaming call completed grpc.service=orderer.AtomicBroadcast grpc.method=Broadcast grpc.peer_address=172.18.0.1:51724 error="rpc error: code = Canceled desc = context canceled" grpc.code=Canceled grpc.call_duration=2.060425128s
[34m2026-10-08 04:39:07.266 UTC 06b2 INFO[0m [orderer.consensus.smartbft.consensus] [34;1mOnRequestTimeout[0m -> Request {ec699e1addb641471c88171383b2a1dcb744b049195e45170e02b58350aa089d e9e650e7037c9f54e8cb12ee773eb69b9ca492567c21337d01ad879fe815ba73} timeout expired, forwarding request to leader: 1 channel=mychannel
[34m2026-10-08 04:39:07.304 UTC 06b3 INFO[0m [orderer.consensus.smartbft.consensus] [34;1mprocessProposal[0m -> Processed proposal with seq 61 channel=mychannel
[34m2026-10-08 04:39:07.305 UTC 06b4 INFO[0m [orderer.consensus.smartbft.consensus] [34;1mprocessPrepares[0m -> 2 collected 2 prepares from [1 3] channel=mychannel
[34m2026-10-08 04:39:07.307 UTC 06b5 INFO[0m [orderer.consensus.smartbft.consensus] [34;1mprocessPrepares[0m -> Processed prepares for proposal with seq 61 channel=mychannel
[34m2026-10-08 04:39:07.308 UTC 06b6 INFO[0m [orderer.consensus.smartbft.consensus] [34;1mprocessCommits[0m -> 2 collected 2 commits from [1 3] channel=mychannel
[34m2026-10-08 04:39:07.308 UTC 06b7 INFO[0m [orderer.consensus.smartbft.consensus] [34;1mprepared[0m -> 2 processed commits for proposal with seq 61 channel=mychannel
[34m2026-10-08 04:39:07.308 UTC 06b8 INFO[0m [orderer.consensus.smartbft.consensus] [34;1mdecide[0m -> Deciding on seq 61 channel=mychannel
[34m2026-10-08 04:39:07.308 UTC 06b9 INFO[0m [orderer.consensus.smartbft.consensus] [34;1mstartNextSeq[0m -> Sequence: 61-->62 channel=mychannel
[34m2026-10-08 04:39:07.308 UTC 06ba INFO[0m [orderer.consensus.smartbft.chain] [34;1mDeliver[0m -> Delivering proposal, writing block 61 with 1 transactions and metadata of total size 331 with signatures from [1 3 2] to the ledger, node id 2 channel=mychannel
[34m2026-10-08 04:39:07.308 UTC 06bb INFO[0m [orderer.consensus.smartbft.consensus] [34;1mdeleteRequest[0m -> Removed request {ec699e1addb641471c88171383b2a1dcb744b049195e45170e02b58350aa089d e9e650e7037c9f54e8cb12ee773eb69b9ca492567c21337d01ad879fe815ba73} from request pool channel=mychannel
[34m2026-10-08 04:39:07.318 UTC 06bc INFO[0m [grpc] [34;1mInfof[0m -> [transport] [server-transport 0xc0003731e0] Closing: EOF
[34m2026-10-08 04:39:07.318 UTC 06bd INFO[0m [grpc] [34;1mInfof[0m -> [transport] [server-transport 0xc0003731e0] loopyWriter exiting with error: transport closed by client
[33m2026-10-08 04:39:07.318 UTC 06be WARN[0m [orderer.common.broadcast] [33;1mHandle[0m -> Error reading from 172.18.0.1:51734: rpc error: code = Canceled desc = context canceled
[34m2026-10-08 04:39:07.319 UTC 06bf INFO[0m [comm.grpc.server] [34;1m1[0m -> streaming call completed grpc.service=orderer.AtomicBroadcast grpc.method=Broadcast grpc.peer_address=172.18.0.1:51734 error="rpc error: code = Canceled desc = context canceled" grpc.code=Canceled grpc.call_duration=2.060436847s
[34m2026-10-08 04:39:09.384 UTC 06c0 INFO[0m [orderer.consensus.smartbft.consensus] [34;1mOnRequestTimeout[0m -> Request {ec699e1addb641471c88171383b2a1dcb744b049195e45170e02b58350aa089d e8a55545d3375f8f049dd2192407fff7afb5378aac29198ce44f251fac07a097} timeout expired, forwarding request to leader: 1 channel=mychannel
[34m2026-10-08 04:39:09.419 UTC 06c1 INFO[0m [orderer.consensus.smartbft.consensus] [34;1mprocessProposal[0m -> Processed proposal with seq 62 channel=mychannel
[34m2026-10-08 04:39:09.420 UTC 06c2 INFO[0m [orderer.consensus.smartbft.consensus] [34;1mprocessPrepares[0m -> 2 collected 2 prepares from [1 3] channel=mychannel
[34m2026-10-08 04:39:09.421 UTC 06c3 INFO[0m [orderer.consensus.smartbft.consensus] [34;1mprocessPrepares[0m -> Processed prepares for proposal with seq 62 channel=mychannel
[34m2026-10-08 04:39:09.423 UTC 06c4 INFO[0m [orderer.consensus.smartbft.consensus] [34;1mprocessCommits[0m -> 2 collected 2 commits from [3 1] channel=mychannel
[34m2026-10-08 04:39:09.423 UTC 06c5 INFO[0m [orderer.consensus.smartbft.consensus] [34;1mprepared[0m -> 2 processed commits for proposal with seq 62 channel=mychannel
[34m2026-10-08 04:39:09.423 UTC 06c6 INFO[0m [orderer.consensus.smartbft.consensus] [34;1mdecide[0m -> Deciding on seq 62 channel=mychannel
[34m2026-10-08 04:39:09.423 UTC 06c7 INFO[0m [orderer.consensus.smartbft.consensus] [34;1mstartNextSeq[0m -> Sequence: 62-->63 channel=mychannel
[34m2026-10-08 04:39:09.423 UTC 06c8 INFO[0m [orderer.consensus.smartbft.chain] [34;1mDeliver[0m -> Delivering proposal, writing block 62 with 1 transactions and metadata of total size 330 with signatures from [3 1 2] to the ledger, node id 2 channel=mychannel
[34m2026-10-08 04:39:09.423 UTC 06c9 INFO[0m [orderer.consensus.smartbft.consensus] [34;1mdeleteRequest[0m -> Removed request {ec699e1addb641471c88171383b2a1dcb744b049195e45170e02b58350aa089d e8a55545d3375f8f049dd2192407fff7afb5378aac29198ce44f251fac07a097} from request pool channel=mychannel
[34m2026-10-08 04:39:09.431 UTC 06ca INFO[0m [grpc] [34;1mInfof[0m -> [transport] [server-transport 0xc0003aa820] Closing: EOF
[33m2026-10-08 04:39:09.431 UTC 06cb WARN[0m [orderer.common.broadcast] [33;1mHandle[0m -> Error reading from 172.18.0.1:51746: rpc error: code = Canceled desc = context canceled
[34m2026-10-08 04:39:09.431 UTC 06cc INFO[0m [comm.grpc.server] [34;1m1[0m -> streaming call completed grpc.service=orderer.AtomicBroadcast grpc.method=Broadcast grpc.peer_address=172.18.0.1:51746 error="rpc error: code = Canceled desc = context canceled" grpc.code=Canceled grpc.call_duration=2.055340297s
[34m2026-10-08 04:39:09.431 UTC 06cd INFO[0m [grpc] [34;1mInfof[0m -> [transport] [server-transport 0xc0003aa820] loopyWriter exiting with error: transport closed by client
[34m2026-10-08 04:39:11.496 UTC 06ce INFO[0m [orderer.consensus.smartbft.consensus] [34;1mOnRequestTimeout[0m -> Request {ec699e1addb641471c88171383b2a1dcb744b049195e45170e02b58350aa089d 1480c3c9310b8cdf12c55447bb2e6f2f06ba9c182ad289ff24cf3123dad464be} timeout expired, forwarding request to leader: 1 channel=mychannel
[34m2026-10-08 04:39:11.535 UTC 06cf INFO[0m [orderer.consensus.smartbft.consensus] [34;1mprocessProposal[0m -> Processed proposal with seq 63 channel=mychannel
[34m2026-10-08 04:39:11.535 UTC 06d0 INFO[0m [orderer.consensus.smartbft.consensus] [34;1mprocessPrepares[0m -> 2 collected 2 prepares from [1 4] channel=mychannel
[34m2026-10-08 04:39:11.537 UTC 06d1 INFO[0m [orderer.consensus.smartbft.consensus] [34;1mprocessPrepares[0m -> Processed prepares for proposal with seq 63 channel=mychannel
[34m2026-10-08 04:39:11.538 UTC 06d2 INFO[0m [orderer.consensus.smartbft.consensus] [34;1mprocessCommits[0m -> 2 collected 2 commits from [1 4] channel=mychannel
[34m2026-10-08 04:39:11.538 UTC 06d3 INFO[0m [orderer.consensus.smartbft.consensus] [34;1mprepared[0m -> 2 processed commits for proposal with seq 63 channel=mychannel
[34m2026-10-08 04:39:11.538 UTC 06d4 INFO[0m [orderer.consensus.smartbft.consensus] [34;1mdecide[0m -> Deciding on seq 63 channel=mychannel
[34m2026-10-08 04:39:11.538 UTC 06d5 INFO[0m [orderer.consensus.smartbft.consensus] [34;1mstartNextSeq[0m -> Sequence: 63-->64 channel=mychannel
[34m2026-10-08 04:39:11.538 UTC 06d6 INFO[0m [orderer.consensus.smartbft.chain] [34;1mDeliver[0m -> Delivering proposal, writing block 63 with 1 transactions and metadata of total size 332 with signatures from [1 4 2] to the ledger, node id 2 channel=mychannel
[34m2026-10-08 04:39:11.538 UTC 06d7 INFO[0m [orderer.consensus.smartbft.consensus] [34;1mdeleteRequest[0m -> Removed request {ec699e1addb641471c88171383b2a1dcb744b049195e45170e02b58350aa089d 1480c3c9310b8cdf12c55447bb2e6f2f06ba9c182ad289ff24cf3123dad464be} from request pool channel=mychannel
[34m2026-10-08 04:39:11.549 UTC 06d8 INFO[0m [grpc] [34;1mInfof[0m -> [transport] [server-transport 0xc000fa61a0] Closing: EOF
[33m2026-10-08 04:39:11.549 UTC 06d9 WARN[0m [orderer.common.broadcast] [33;1mHandle[0m -> Error reading from 172.18.0.1:51760: rpc error: code = Canceled desc = context canceled
[34m2026-10-08 04:39:11.549 UTC 06da INFO[0m [comm.grpc.server] [34;1m1[0m -> streaming call completed grpc.service=orderer.AtomicBroadcast grpc.method=Broadcast grpc.peer_address=172.18.0.1:51760 error="rpc error: code = Canceled desc = context canceled" grpc.code=Canceled grpc.call_duration=2.061216924s
[34m2026-10-08 04:39:11.549 UTC 06db INFO[0m [grpc] [34;1mInfof[0m -> [transport] [server-transport 0xc000fa61a0] loopyWriter exiting with error: transport closed by client
[34m2026-10-08 04:39:13.616 UTC 06dc INFO[0m [orderer.consensus.smartbft.consensus] [34;1mOnRequestTimeout[0m -> Request {ec699e1addb641471c88171383b2a1dcb744b049195e45170e02b58350aa089d f404fc9e16d754ac4eb21e8c5cc530d659a52146163689659f04b30dc61a129b} timeout expired, forwarding request to leader: 1 channel=mychannel
[34m2026-10-08 04:39:13.651 UTC 06dd INFO[0m [orderer.consensus.smartbft.consensus] [34;1mprocessProposal[0m -> Processed proposal with seq 64 channel=mychannel
[34m2026-10-08 04:39:13.652 UTC 06de INFO[0m [orderer.consensus.smartbft.consensus] [34;1mprocessPrepares[0m -> 2 collected 2 prepares from [1 4] channel=mychannel
[34m2026-10-08 04:39:13.653 UTC 06df INFO[0m [orderer.consensus.smartbft.consensus] [34;1mprocessPrepares[0m -> Processed prepares for proposal with seq 64 channel=mychannel
[34m2026-10-08 04:39:13.654 UTC 06e0 INFO[0m [orderer.consensus.smartbft.consensus] [34;1mprocessCommits[0m -> 2 collected 2 commits from [1 4] channel=mychannel
[34m2026-10-08 04:39:13.654 UTC 06e1 INFO[0m [orderer.consensus.smartbft.consensus] [34;1mprepared[0m -> 2 processed commits for proposal with seq 64 channel=mychannel
[34m2026-10-08 04:39:13.654 UTC 06e2 INFO[0m [orderer.consensus.smartbft.consensus] [34;1mdecide[0m -> Deciding on seq 64 channel=mychannel
[34m2026-10-08 04:39:13.654 UTC 06e3 INFO[0m [orderer.consensus.smartbft.consensus] [34;1mstartNextSeq[0m -> Sequence: 64-->65 channel=mychannel
[34m2026-10-08 04:39:13.654 UTC 06e4 INFO[0m [orderer.consensus.smartbft.chain] [34;1mDeliver[0m -> Delivering proposal, writing block 64 with 1 transactions and metadata of total size 332 with signatures from [1 4 2] to the ledger, node id 2 channel=mychannel
[34m2026-10-08 04:39:13.654 UTC 06e5 INFO[0m [orderer.consensus.smartbft.consensus] [34;1mdeleteRequest[0m -> Removed request {ec699e1addb641471c88171383b2a1dcb744b049195e45170e02b58350aa089d f404fc9e16d754ac4eb21e8c5cc530d659a52146163689659f04b30dc61a129b} from request pool channel=mychannel
[34m2026-10-08 04:39:13.663 UTC 06e6 INFO[0m [grpc] [34;1mInfof[0m -> [transport] [server-transport 0xc000373ba0] Closing: EOF
[34m2026-10-08 04:39:13.663 UTC 06e7 INFO[0m [grpc] [34;1mInfof[0m -> [transport] [server-transport 0xc000373ba0] loopyWriter exiting with error: transport closed by client
[33m2026-10-08 04:39:13.664 UTC 06e8 WARN[0m [orderer.common.broadcast] [33;1mHandle[0m -> Error reading from 172.18.0.1:51774: rpc error: code = Canceled desc = context canceled
[34m2026-10-08 04:39:13.664 UTC 06e9 INFO[0m [comm.grpc.server] [34;1m1[0m -> streaming call completed grpc.service=orderer.AtomicBroadcast grpc.method=Broadcast grpc.peer_address=172.18.0.1:51774 error="rpc error: code = Canceled desc = context canceled" grpc.code=Canceled grpc.call_duration=2.057159692s
