  "Addresses": [
    {
      "Addr": "orderer4.example.com:7058",
      "ServerName": "",
      "Attributes": null,
      "BalancerAttributes": null,
      "Metadata": null
    }
  ],
  "Endpoints": [
    {
      "Addresses": [
        {
          "Addr": "orderer4.example.com:7058",
          "ServerName": "",
          "Attributes": null,
          "BalancerAttributes": null,
          "Metadata": null
        }
      ],
      "Attributes": null
    }
  ],
  "ServiceConfig": null,
  "Attributes": null
} (resolver returned new addresses)
[34m2026-10-08 04:38:19.575 UTC 06b6 INFO[0m [grpc] [34;1mAddTraceEvent[0m -> [core] [Channel #235]Channel switches to new LB policy "pick_first"
[34m2026-10-08 04:38:19.575 UTC 06b7 INFO[0m [grpc] [34;1mInfof[0m -> [pick-first-lb] [pick-first-lb 0xc00402a180] Received new config {
  "shuffleAddressList": false
}, resolver state {
  "Addresses": [
    {
      "Addr": "orderer4.example.com:7058",
      "ServerName": "",
      "Attributes": null,
      "BalancerAttributes": null,
      "Metadata": null
    }
  ],
  "Endpoints": [
    {
      "Addresses": [
        {
          "Addr": "orderer4.example.com:7058",
          "ServerName": "",
          "Attributes": null,
          "BalancerAttributes": null,
          "Metadata": null
        }
      ],
      "Attributes": null
    }
  ],
  "ServiceConfig": null,
  "Attributes": null
}
[34m2026-10-08 04:38:19.575 UTC 06b8 INFO[0m [grpc] [34;1mAddTraceEvent[0m -> [core] [Channel #235 SubChannel #236]Subchannel created
[34m2026-10-08 04:38:19.575 UTC 06b9 INFO[0m [grpc] [34;1mAddTraceEvent[0m -> [core] [Channel #235]Channel Connectivity change to CONNECTING
[34m2026-10-08 04:38:19.575 UTC 06ba INFO[0m [grpc] [34;1mAddTraceEvent[0m -> [core] [Channel #235]Channel exiting idle mode
[34m2026-10-08 04:38:19.575 UTC 06bb INFO[0m [grpc] [34;1mAddTraceEvent[0m -> [core] [Channel #235 SubChannel #236]Subchannel Connectivity change to CONNECTING
[34m2026-10-08 04:38:19.575 UTC 06bc INFO[0m [grpc] [34;1mAddTraceEvent[0m -> [core] [Channel #235 SubChannel #236]Subchannel picks a new address "orderer4.example.com:7058" to connect
[34m2026-10-08 04:38:19.576 UTC 06bd INFO[0m [grpc] [34;1mInfof[0m -> [pick-first-lb] [pick-first-lb 0xc00402a180] Received SubConn state update: 0xc00402a2a0, {ConnectivityState:CONNECTING ConnectionError:<nil> connectedAddress:{Addr: ServerName: Attributes:<nil> BalancerAttributes:<nil> Metadata:<nil>}}
[34m2026-10-08 04:38:19.577 UTC 06be INFO[0m [grpc] [34;1mAddTraceEvent[0m -> [core] [Channel #235 SubChannel #236]Subchannel Connectivity change to READY
[34m2026-10-08 04:38:19.577 UTC 06bf INFO[0m [grpc] [34;1mInfof[0m -> [pick-first-lb] [pick-first-lb 0xc00402a180] Received SubConn state update: 0xc00402a2a0, {ConnectivityState:READY ConnectionError:<nil> connectedAddress:{Addr:orderer4.example.com:7058 ServerName:orderer4.example.com:7058 Attributes:<nil> BalancerAttributes:<nil> Metadata:<nil>}}
[34m2026-10-08 04:38:19.578 UTC 06c0 INFO[0m [grpc] [34;1mAddTraceEvent[0m -> [core] [Channel #235]Channel Connectivity change to READY
[34m2026-10-08 04:38:19.578 UTC 06c1 INFO[0m [grpc] [34;1mInfof[0m -> [core] original dial target is: "orderer3.example.com:7056"
[34m2026-10-08 04:38:19.578 UTC 06c2 INFO[0m [grpc] [34;1mAddTraceEvent[0m -> [core] [Channel #238]Channel created
[34m2026-10-08 04:38:19.578 UTC 06c3 INFO[0m [grpc] [34;1mAddTraceEvent[0m -> [core] [Channel #238]parsed dial target is: resolver.Target{URL:url.URL{Scheme:"passthrough", Opaque:"", User:(*url.Userinfo)(nil), Host:"", Path:"/orderer3.example.com:7056", RawPath:"", OmitHost:false, ForceQuery:false, RawQuery:"", Fragment:"", RawFragment:""}}
[34m2026-10-08 04:38:19.578 UTC 06c4 INFO[0m [grpc] [34;1mAddTraceEvent[0m -> [core] [Channel #238]Channel authority set to "orderer3.example.com:7056"
[34m2026-10-08 04:38:19.578 UTC 06c5 INFO[0m [grpc] [34;1mAddTraceEvent[0m -> [core] [Channel #238]Resolver state updated: {
  "Addresses": [
    {
      "Addr": "orderer3.example.com:7056",
      "ServerName": "",
      "Attributes": null,
      "BalancerAttributes": null,
      "Metadata": null
    }
  ],
  "Endpoints": [
    {
      "Addresses": [
        {
          "Addr": "orderer3.example.com:7056",
          "ServerName": "",
          "Attributes": null,
          "BalancerAttributes": null,
          "Metadata": null
        }
      ],
      "Attributes": null
    }
  ],
  "ServiceConfig": null,
  "Attributes": null
} (resolver returned new addresses)
[34m2026-10-08 04:38:19.578 UTC 06c6 INFO[0m [grpc] [34;1mAddTraceEvent[0m -> [core] [Channel #238]Channel switches to new LB policy "pick_first"
[34m2026-10-08 04:38:19.578 UTC 06c7 INFO[0m [grpc] [34;1mInfof[0m -> [pick-first-lb] [pick-first-lb 0xc003c6ce70] Received new config {
  "shuffleAddressList": false
}, resolver state {
  "Addresses": [
    {
      "Addr": "orderer3.example.com:7056",
      "ServerName": "",
      "Attributes": null,
      "BalancerAttributes": null,
      "Metadata": null
    }
  ],
  "Endpoints": [
    {
      "Addresses": [
        {
          "Addr": "orderer3.example.com:7056",
          "ServerName": "",
          "Attributes": null,
          "BalancerAttributes": null,
          "Metadata": null
        }
      ],
      "Attributes": null
    }
  ],
  "ServiceConfig": null,
  "Attributes": null
}
[34m2026-10-08 04:38:19.578 UTC 06c8 INFO[0m [grpc] [34;1mAddTraceEvent[0m -> [core] [Channel #238 SubChannel #239]Subchannel created
[34m2026-10-08 04:38:19.578 UTC 06c9 INFO[0m [grpc] [34;1mAddTraceEvent[0m -> [core] [Channel #238]Channel Connectivity change to CONNECTING
[34m2026-10-08 04:38:19.578 UTC 06ca INFO[0m [grpc] [34;1mAddTraceEvent[0m -> [core] [Channel #238]Channel exiting idle mode
[34m2026-10-08 04:38:19.578 UTC 06cb INFO[0m [grpc] [34;1mAddTraceEvent[0m -> [core] [Channel #238 SubChannel #239]Subchannel Connectivity change to CONNECTING
[34m2026-10-08 04:38:19.578 UTC 06cc INFO[0m [grpc] [34;1mAddTraceEvent[0m -> [core] [Channel #238 SubChannel #239]Subchannel picks a new address "orderer3.example.com:7056" to connect
[34m2026-10-08 04:38:19.578 UTC 06cd INFO[0m [grpc] [34;1mInfof[0m -> [pick-first-lb] [pick-first-lb 0xc003c6ce70] Received SubConn state update: 0xc003c6cf90, {ConnectivityState:CONNECTING ConnectionError:<nil> connectedAddress:{Addr: ServerName: Attributes:<nil> BalancerAttributes:<nil> Metadata:<nil>}}
[34m2026-10-08 04:38:19.580 UTC 06ce INFO[0m [grpc] [34;1mAddTraceEvent[0m -> [core] [Channel #238 SubChannel #239]Subchannel Connectivity change to READY
[34m2026-10-08 04:38:19.580 UTC 06cf INFO[0m [grpc] [34;1mInfof[0m -> [pick-first-lb] [pick-first-lb 0xc003c6ce70] Received SubConn state update: 0xc003c6cf90, {ConnectivityState:READY ConnectionError:<nil> connectedAddress:{Addr:orderer3.example.com:7056 ServerName:orderer3.example.com:7056 Attributes:<nil> BalancerAttributes:<nil> Metadata:<nil>}}
[34m2026-10-08 04:38:19.580 UTC 06d0 INFO[0m [grpc] [34;1mAddTraceEvent[0m -> [core] [Channel #238]Channel Connectivity change to READY
[34m2026-10-08 04:38:38.396 UTC 06d1 INFO[0m [comm.grpc.server] [34;1m1[0m -> streaming call completed grpc.service=protos.Deliver grpc.method=DeliverFiltered grpc.request_deadline=2026-10-08T04:38:38.395Z grpc.peer_address=172.18.0.1:54674 error="context finished before block retrieved: context deadline exceeded" grpc.code=Unknown grpc.call_duration=25.000698407s
[34m2026-10-08 04:38:38.398 UTC 06d2 INFO[0m [grpc] [34;1mInfof[0m -> [transport] [server-transport 0xc004a544e0] Closing: EOF
[34m2026-10-08 04:38:38.398 UTC 06d3 INFO[0m [grpc] [34;1mInfof[0m -> [transport] [server-transport 0xc004a544e0] loopyWriter exiting with error: transport closed by client
[34m2026-10-08 04:38:38.398 UTC 06d4 INFO[0m [grpc] [34;1mInfof[0m -> [transport] [server-transport 0xc0086a6680] Closing: EOF
[34m2026-10-08 04:38:38.399 UTC 06d5 INFO[0m [grpc] [34;1mInfof[0m -> [transport] [server-transport 0xc0086a6680] loopyWriter exiting with error: transport closed by client
[34m2026-10-08 04:38:38.456 UTC 06d6 INFO[0m [endorser] [34;1mcallChaincode[0m -> finished chaincode: bzt duration: 2ms channel=mychannel txID=468f99d4
[34m2026-10-08 04:38:38.457 UTC 06d7 INFO[0m [comm.grpc.server] [34;1m1[0m -> unary call completed grpc.service=protos.Endorser grpc.method=ProcessProposal grpc.peer_address=172.18.0.1:45876 grpc.code=OK grpc.call_duration=3.717252ms
[34m2026-10-08 04:38:41.914 UTC 06d8 INFO[0m [gossip.privdata] [34;1mStoreBlock[0m -> Received block [49] from buffer channel=mychannel
[34m2026-10-08 04:38:41.918 UTC 06d9 INFO[0m [committer.txvalidator] [34;1mValidate[0m -> [mychannel] Validated block [49] in 3ms
[34m2026-10-08 04:38:41.921 UTC 06da INFO[0m [kvledger] [34;1mcommit[0m -> [mychannel] Committed block [49] with 10 transaction(s) in 2ms (state_validation=0ms block_and_pvtdata_commit=1ms state_commit=0ms) commitHash=[b31eaa4775d27235f802beecd1b255796a634abf5c28d1b6e0e69a33f9d38971]
[34m2026-10-08 04:38:41.923 UTC 06db INFO[0m [grpc] [34;1mInfof[0m -> [transport] [server-transport 0xc0086a6340] Closing: EOF
[34m2026-10-08 04:38:41.923 UTC 06dc INFO[0m [grpc] [34;1mInfof[0m -> [transport] [server-transport 0xc004a54000] Closing: EOF
[34m2026-10-08 04:38:41.923 UTC 06dd INFO[0m [comm.grpc.server] [34;1m1[0m -> streaming call completed grpc.service=protos.Deliver grpc.method=DeliverFiltered grpc.request_deadline=2026-10-08T04:39:03.459Z grpc.peer_address=172.18.0.1:45886 error="context finished before block retrieved: context canceled" grpc.code=Unknown grpc.call_duration=3.464489992s
[34m2026-10-08 04:38:41.923 UTC 06de INFO[0m [grpc] [34;1mInfof[0m -> [transport] [server-transport 0xc004a54000] loopyWriter exiting with error: transport closed by client
[34m2026-10-08 04:38:41.923 UTC 06df INFO[0m [grpc] [34;1mInfof[0m -> [transport] [server-transport 0xc0086a6340] loopyWriter exiting with error: transport closed by client
[34m2026-10-08 04:38:41.986 UTC 06e0 INFO[0m [endorser] [34;1mcallChaincode[0m -> finished chaincode: bzt duration: 3ms channel=mychannel txID=b71b6ff1
[34m2026-10-08 04:38:41.987 UTC 06e1 INFO[0m [comm.grpc.server] [34;1m1[0m -> unary call completed grpc.service=protos.Endorser grpc.method=ProcessProposal grpc.peer_address=172.18.0.1:33932 grpc.code=OK grpc.call_duration=4.172302ms
[34m2026-10-08 04:38:44.022 UTC 06e2 INFO[0m [gossip.privdata] [34;1mStoreBlock[0m -> Received block [50] from buffer channel=mychannel
[34m2026-10-08 04:38:44.023 UTC 06e3 INFO[0m [committer.txvalidator] [34;1mValidate[0m -> [mychannel] Validated block [50] in 0ms
[34m2026-10-08 04:38:44.025 UTC 06e4 INFO[0m [kvledger] [34;1mcommit[0m -> [mychannel] Committed block [50] with 1 transaction(s) in 1ms (state_validation=0ms block_and_pvtdata_commit=0ms state_commit=0ms) commitHash=[20c03beb885343ff9864546e6b11c7e301671a607b23d2d56413d8522e78734b]
[34m2026-10-08 04:38:44.027 UTC 06e5 INFO[0m [comm.grpc.server] [34;1m1[0m -> streaming call completed grpc.service=protos.Deliver grpc.method=DeliverFiltered grpc.request_deadline=2026-10-08T04:39:06.988Z grpc.peer_address=172.18.0.1:33938 error="context finished before block retrieved: context canceled" grpc.code=Unknown grpc.call_duration=2.039104728s
[34m2026-10-08 04:38:44.028 UTC 06e6 INFO[0m [grpc] [34;1mInfof[0m -> [transport] [server-transport 0xc003362ea0] Closing: EOF
[34m2026-10-08 04:38:44.029 UTC 06e7 INFO[0m [grpc] [34;1mInfof[0m -> [transport] [server-transport 0xc003362ea0] loopyWriter exiting with error: transport closed by client
[34m2026-10-08 04:38:44.029 UTC 06e8 INFO[0m [grpc] [34;1mInfof[0m -> [transport] [server-transport 0xc0086a64e0] Closing: EOF
[34m2026-10-08 04:38:44.029 UTC 06e9 INFO[0m [grpc] [34;1mInfof[0m -> [transport] [server-transport 0xc0086a64e0] loopyWriter exiting with error: transport closed by client
[34m2026-10-08 04:38:44.090 UTC 06ea INFO[0m [endorser] [34;1mcallChaincode[0m -> finished chaincode: bzt duration: 3ms channel=mychannel txID=eddda127
[34m2026-10-08 04:38:44.091 UTC 06eb INFO[0m [comm.grpc.server] [34;1m1[0m -> unary call completed grpc.service=protos.Endorser grpc.method=ProcessProposal grpc.peer_address=172.18.0.1:33946 grpc.code=OK grpc.call_duration=4.222018ms
[34m2026-10-08 04:38:46.139 UTC 06ec INFO[0m [gossip.privdata] [34;1mStoreBlock[0m -> Received block [51] from buffer channel=mychannel
[34m2026-10-08 04:38:46.140 UTC 06ed INFO[0m [committer.txvalidator] [34;1mValidate[0m -> [mychannel] Validated block [51] in 0ms
[34m2026-10-08 04:38:46.142 UTC 06ee INFO[0m [kvledger] [34;1mcommit[0m -> [mychannel] Committed block [51] with 1 transaction(s) in 1ms (state_validation=0ms block_and_pvtdata_commit=1ms state_commit=0ms) commitHash=[4198b54bf0739a06e661f1e1f254bb94f2903ab39d81213918dde13027d3c9d4]
[34m2026-10-08 04:38:46.144 UTC 06f0 INFO[0m [grpc] [34;1mInfof[0m -> [transport] [server-transport 0xc0039b2340] Closing: EOF
[34m2026-10-08 04:38:46.144 UTC 06f1 INFO[0m [grpc] [34;1mInfof[0m -> [transport] [server-transport 0xc0039b2340] loopyWriter exiting with error: transport closed by client
[34m2026-10-08 04:38:46.144 UTC 06ef INFO[0m [grpc] [34;1mInfof[0m -> [transport] [server-transport 0xc004a54680] Closing: EOF
[34m2026-10-08 04:38:46.145 UTC 06f2 INFO[0m [comm.grpc.server] [34;1m1[0m -> streaming call completed grpc.service=protos.Deliver grpc.method=DeliverFiltered grpc.request_deadline=2026-10-08T04:39:09.092Z grpc.peer_address=172.18.0.1:33948 error="context finished before block retrieved: context canceled" grpc.code=Unknown grpc.call_duration=2.052323574s
[34m2026-10-08 04:38:46.145 UTC 06f3 INFO[0m [grpc] [34;1mInfof[0m -> [transport] [server-transport 0xc004a54680] loopyWriter exiting with error: transport closed by client
[34m2026-10-08 04:38:46.209 UTC 06f4 INFO[0m [endorser] [34;1mcallChaincode[0m -> finished chaincode: bzt duration: 4ms channel=mychannel txID=7f6dbb05
[34m2026-10-08 04:38:46.209 UTC 06f5 INFO[0m [comm.grpc.server] [34;1m1[0m -> unary call completed grpc.service=protos.Endorser grpc.method=ProcessProposal grpc.peer_address=172.18.0.1:33952 grpc.code=OK grpc.call_duration=5.464483ms
[34m2026-10-08 04:38:48.258 UTC 06f6 INFO[0m [gossip.privdata] [34;1mStoreBlock[0m -> Received block [52] from buffer channel=mychannel
[34m2026-10-08 04:38:48.259 UTC 06f7 INFO[0m [committer.txvalidator] [34;1mValidate[0m -> [mychannel] Validated block [52] in 0ms
[34m2026-10-08 04:38:48.261 UTC 06f8 INFO[0m [kvledger] [34;1mcommit[0m -> [mychannel] Committed block [52] with 1 transaction(s) in 1ms (state_validation=0ms block_and_pvtdata_commit=1ms state_commit=0ms) commitHash=[c2e0f9340ffe88f0c0bca9774f3e461ebba2d4784a8239fb698f9b449821b56d]
[34m2026-10-08 04:38:48.262 UTC 06f9 INFO[0m [comm.grpc.server] [34;1m1[0m -> streaming call completed grpc.service=protos.Deliver grpc.method=DeliverFiltered grpc.request_deadline=2026-10-08T04:39:11.211Z grpc.peer_address=172.18.0.1:33956 error="context finished before block retrieved: context canceled" grpc.code=Unknown grpc.call_duration=2.050597289s
[34m2026-10-08 04:38:48.263 UTC 06fa INFO[0m [grpc] [34;1mInfof[0m -> [transport] [server-transport 0xc0039b2820] Closing: EOF
[34m2026-10-08 04:38:48.263 UTC 06fb INFO[0m [grpc] [34;1mInfof[0m -> [transport] [server-transport 0xc0039b2820] loopyWriter exiting with error: transport closed by client
[34m2026-10-08 04:38:48.263 UTC 06fc INFO[0m [grpc] [34;1mInfof[0m -> [transport] [server-transport 0xc004a54820] Closing: EOF
[34m2026-10-08 04:38:48.264 UTC 06fd INFO[0m [grpc] [34;1mInfof[0m -> [transport] [server-transport 0xc004a54820] loopyWriter exiting with error: transport closed by client
[34m2026-10-08 04:38:48.324 UTC 06fe INFO[0m [endorser] [34;1mcallChaincode[0m -> finished chaincode: bzt duration: 3ms channel=mychannel txID=a0f3e4af
[34m2026-10-08 04:38:48.325 UTC 06ff INFO[0m [comm.grpc.server] [34;1m1[0m -> unary call completed grpc.service=protos.Endorser grpc.method=ProcessProposal grpc.peer_address=172.18.0.1:33960 grpc.code=OK grpc.call_duration=4.14804ms
[34m2026-10-08 04:38:50.373 UTC 0700 INFO[0m [gossip.privdata] [34;1mStoreBlock[0m -> Received block [53] from buffer channel=mychannel
[34m2026-10-08 04:38:50.374 UTC 0701 INFO[0m [committer.txvalidator] [34;1mValidate[0m -> [mychannel] Validated block [53] in 0ms
[34m2026-10-08 04:38:50.376 UTC 0702 INFO[0m [kvledger] [34;1mcommit[0m -> [mychannel] Committed block [53] with 1 transaction(s) in 1ms (state_validation=0ms block_and_pvtdata_commit=1ms state_commit=0ms) commitHash=[8bced97fed86b895059aa099ff56fbfeff2029ebbaf7f7dd4dcfb4365e4fd6a6]
[34m2026-10-08 04:38:50.377 UTC 0703 INFO[0m [comm.grpc.server] [34;1m1[0m -> streaming call completed grpc.service=protos.Deliver grpc.method=DeliverFiltered grpc.request_deadline=2026-10-08T04:39:13.327Z grpc.peer_address=172.18.0.1:33968 error="context finished before block retrieved: context canceled" grpc.code=Unknown grpc.call_duration=2.049408638s
[34m2026-10-08 04:38:50.378 UTC 0704 INFO[0m [grpc] [34;1mInfof[0m -> [transport] [server-transport 0xc0086a6d00] Closing: EOF
[34m2026-10-08 04:38:50.378 UTC 0705 INFO[0m [grpc] [34;1mInfof[0m -> [transport] [server-transport 0xc0086a6ea0] Closing: EOF
[34m2026-10-08 04:38:50.378 UTC 0706 INFO[0m [grpc] [34;1mInfof[0m -> [transport] [server-transport 0xc0086a6d00] loopyWriter exiting with error: transport closed by client
[34m2026-10-08 04:38:50.379 UTC 0707 INFO[0m [grpc] [34;1mInfof[0m -> [transport] [server-transport 0xc0086a6ea0] loopyWriter exiting with error: transport closed by client
[34m2026-10-08 04:38:50.440 UTC 0708 INFO[0m [endorser] [34;1mcallChaincode[0m -> finished chaincode: bzt duration: 3ms channel=mychannel txID=f80bd901
[34m2026-10-08 04:38:50.440 UTC 0709 INFO[0m [comm.grpc.server] [34;1m1[0m -> unary call completed grpc.service=protos.Endorser grpc.method=ProcessProposal grpc.peer_address=172.18.0.1:33984 grpc.code=OK grpc.call_duration=4.64942ms
[34m2026-10-08 04:38:52.491 UTC 070a INFO[0m [gossip.privdata] [34;1mStoreBlock[0m -> Received block [54] from buffer channel=mychannel
[34m2026-10-08 04:38:52.492 UTC 070b INFO[0m [committer.txvalidator] [34;1mValidate[0m -> [mychannel] Validated block [54] in 1ms
[34m2026-10-08 04:38:52.494 UTC 070c INFO[0m [kvledger] [34;1mcommit[0m -> [mychannel] Committed block [54] with 1 transaction(s) in 1ms (state_validation=0ms block_and_pvtdata_commit=1ms state_commit=0ms) commitHash=[8862a18865b2ebe927dd17c81488db1311afd46c6f9bfc5d21cdad7df3bf291d]
[34m2026-10-08 04:38:52.496 UTC 070d INFO[0m [grpc] [34;1mInfof[0m -> [transport] [server-transport 0xc0039b29c0] Closing: EOF
[34m2026-10-08 04:38:52.496 UTC 070e INFO[0m [comm.grpc.server] [34;1m1[0m -> streaming call completed grpc.service=protos.Deliver grpc.method=DeliverFiltered grpc.request_deadline=2026-10-08T04:39:15.442Z grpc.peer_address=172.18.0.1:34000 error="context finished before block retrieved: context canceled" grpc.code=Unknown grpc.call_duration=2.054150984s
[34m2026-10-08 04:38:52.496 UTC 070f INFO[0m [grpc] [34;1mInfof[0m -> [transport] [server-transport 0xc0039b29c0] loopyWriter exiting with error: transport closed by client
[34m2026-10-08 04:38:52.496 UTC 0710 INFO[0m [grpc] [34;1mInfof[0m -> [transport] [server-transport 0xc004a54d00] Closing: EOF
[34m2026-10-08 04:38:52.496 UTC 0711 INFO[0m [grpc] [34;1mInfof[0m -> [transport] [server-transport 0xc004a54d00] loopyWriter exiting with error: transport closed by client
[34m2026-10-08 04:38:52.559 UTC 0712 INFO[0m [endorser] [34;1mcallChaincode[0m -> finished chaincode: bzt duration: 3ms channel=mychannel txID=ed9ba34f
[34m2026-10-08 04:38:52.559 UTC 0713 INFO[0m [comm.grpc.server] [34;1m1[0m -> unary call completed grpc.service=protos.Endorser grpc.method=ProcessProposal grpc.peer_address=172.18.0.1:53778 grpc.code=OK grpc.call_duration=4.228875ms
[34m2026-10-08 04:38:54.610 UTC 0714 INFO[0m [gossip.privdata] [34;1mStoreBlock[0m -> Received block [55] from buffer channel=mychannel
[34m2026-10-08 04:38:54.611 UTC 0715 INFO[0m [committer.txvalidator] [34;1mValidate[0m -> [mychannel] Validated block [55] in 0ms
[34m2026-10-08 04:38:54.612 UTC 0716 INFO[0m [kvledger] [34;1mcommit[0m -> [mychannel] Committed block [55] with 1 transaction(s) in 1ms (state_validation=0ms block_and_pvtdata_commit=1ms state_commit=0ms) commitHash=[6c5fd08ad6b8d9120008429027a1573f29ead4cf2a43646327f93e7f5645595f]
[34m2026-10-08 04:38:54.613 UTC 0717 INFO[0m [comm.grpc.server] [34;1m1[0m -> streaming call completed grpc.service=protos.Deliver grpc.method=DeliverFiltered grpc.request_deadline=2026-10-08T04:39:17.561Z grpc.peer_address=172.18.0.1:53788 error="context finished before block retrieved: context canceled" grpc.code=Unknown grpc.call_duration=2.052211648s
[34m2026-10-08 04:38:54.614 UTC 0718 INFO[0m [grpc] [34;1mInfof[0m -> [transport] [server-transport 0xc003363040] Closing: EOF
[34m2026-10-08 04:38:54.615 UTC 0719 INFO[0m [grpc] [34;1mInfof[0m -> [transport] [server-transport 0xc004a54ea0] Closing: EOF
[34m2026-10-08 04:38:54.615 UTC 071a INFO[0m [grpc] [34;1mInfof[0m -> [transport] [server-transport 0xc003363040] loopyWriter exiting with error: transport closed by client
[34m2026-10-08 04:38:54.615 UTC 071b INFO[0m [grpc] [34;1mInfof[0m -> [transport] [server-transport 0xc004a54ea0] loopyWriter exiting with error: transport closed by client
[34m2026-10-08 04:38:54.677 UTC 071c INFO[0m [endorser] [34;1mcallChaincode[0m -> finished chaincode: bzt duration: 3ms channel=mychannel txID=2a790c4b
[34m2026-10-08 04:38:54.677 UTC 071d INFO[0m [comm.grpc.server] [34;1m1[0m -> unary call completed grpc.service=protos.Endorser grpc.method=ProcessProposal grpc.peer_address=172.18.0.1:53792 grpc.code=OK grpc.call_duration=4.117815ms
[34m2026-10-08 04:38:56.724 UTC 071e INFO[0m [gossip.privdata] [34;1mStoreBlock[0m -> Received block [56] from buffer channel=mychannel
[34m2026-10-08 04:38:56.726 UTC 071f INFO[0m [committer.txvalidator] [34;1mValidate[0m -> [mychannel] Validated block [56] in 1ms
[34m2026-10-08 04:38:56.730 UTC 0720 INFO[0m [kvledger] [34;1mcommit[0m -> [mychannel] Committed block [56] with 1 transaction(s) in 3ms (state_validation=0ms block_and_pvtdata_commit=1ms state_commit=1ms) commitHash=[dfed5036c85e37b7a4bbc1f15b0df2b8a47e345779d88bd5531a79c4506da93f]
[34m2026-10-08 04:38:56.730 UTC 0721 INFO[0m [comm.grpc.server] [34;1m1[0m -> streaming call completed grpc.service=protos.Deliver grpc.method=DeliverFiltered grpc.request_deadline=2026-10-08T04:39:19.677Z grpc.peer_address=172.18.0.1:53808 error="context finished before block retrieved: context canceled" grpc.code=Unknown grpc.call_duration=2.053047048s
[34m2026-10-08 04:38:56.732 UTC 0723 INFO[0m [grpc] [34;1mInfof[0m -> [transport] [server-transport 0xc0039b2b60] Closing: EOF
[34m2026-10-08 04:38:56.732 UTC 0722 INFO[0m [grpc] [34;1mInfof[0m -> [transport] [server-transport 0xc004a551e0] Closing: EOF
[34m2026-10-08 04:38:56.732 UTC 0724 INFO[0m [grpc] [34;1mInfof[0m -> [transport] [server-transport 0xc0039b2b60] loopyWriter exiting with error: transport closed by client
[34m2026-10-08 04:38:56.732 UTC 0725 INFO[0m [grpc] [34;1mInfof[0m -> [transport] [server-transport 0xc004a551e0] loopyWriter exiting with error: transport closed by client
[34m2026-10-08 04:38:56.795 UTC 0726 INFO[0m [endorser] [34;1mcallChaincode[0m -> finished chaincode: bzt duration: 3ms channel=mychannel txID=076e9f24
[34m2026-10-08 04:38:56.795 UTC 0727 INFO[0m [comm.grpc.server] [34;1m1[0m -> unary call completed grpc.service=protos.Endorser grpc.method=ProcessProposal grpc.peer_address=172.18.0.1:53824 grpc.code=OK grpc.call_duration=4.232404ms
[34m2026-10-08 04:38:58.841 UTC 0728 INFO[0m [gossip.privdata] [34;1mStoreBlock[0m -> Received block [57] from buffer channel=mychannel
[34m2026-10-08 04:38:58.842 UTC 0729 INFO[0m [committer.txvalidator] [34;1mValidate[0m -> [mychannel] Validated block [57] in 0ms
[34m2026-10-08 04:38:58.845 UTC 072a INFO[0m [kvledger] [34;1mcommit[0m -> [mychannel] Committed block [57] with 1 transaction(s) in 2ms (state_validation=0ms block_and_pvtdata_commit=1ms state_commit=0ms) commitHash=[8899cc80c8e204d889f4102533d9aa9e8e2ff68d692ead36a63c5116dbf7a3a2]
[34m2026-10-08 04:38:58.848 UTC 072b INFO[0m [grpc] [34;1mInfof[0m -> [transport] [server-transport 0xc003363520] Closing: EOF
[34m2026-10-08 04:38:58.848 UTC 072c INFO[0m [comm.grpc.server] [34;1m1[0m -> streaming call completed grpc.service=protos.Deliver grpc.method=DeliverFiltered grpc.request_deadline=2026-10-08T04:39:21.796Z grpc.peer_address=172.18.0.1:53832 error="context finished before block retrieved: context canceled" grpc.code=Unknown grpc.call_duration=2.052201406s
[34m2026-10-08 04:38:58.848 UTC 072d INFO[0m [grpc] [34;1mInfof[0m -> [transport] [server-transport 0xc003363520] loopyWriter exiting with error: transport closed by client
[34m2026-10-08 04:38:58.848 UTC 072e INFO[0m [grpc] [34;1mInfof[0m -> [transport] [server-transport 0xc0086a7040] Closing: EOF
[34m2026-10-08 04:38:58.848 UTC 072f INFO[0m [grpc] [34;1mInfof[0m -> [transport] [server-transport 0xc0086a7040] loopyWriter exiting with error: transport closed by client
[34m2026-10-08 04:38:58.909 UTC 0730 INFO[0m [endorser] [34;1mcallChaincode[0m -> finished chaincode: bzt duration: 3ms channel=mychannel txID=4f7db762
[34m2026-10-08 04:38:58.910 UTC 0731 INFO[0m [comm.grpc.server] [34;1m1[0m -> unary call completed grpc.service=protos.Endorser grpc.method=ProcessProposal grpc.peer_address=172.18.0.1:53836 grpc.code=OK grpc.call_duration=3.896383ms
[34m2026-10-08 04:39:00.960 UTC 0732 INFO[0m [gossip.privdata] [34;1mStoreBlock[0m -> Received block [58] from buffer channel=mychannel
[34m2026-10-08 04:39:00.961 UTC 0733 INFO[0m [committer.txvalidator] [34;1mValidate[0m -> [mychannel] Validated block [58] in 1ms
[34m2026-10-08 04:39:00.963 UTC 0734 INFO[0m [kvledger] [34;1mcommit[0m -> [mychannel] Committed block [58] with 1 transaction(s) in 1ms (state_validation=0ms block_and_pvtdata_commit=1ms state_commit=0ms) commitHash=[1d6502084bfd261a5537d0f9cec805b598a0ac3ca7d768af6e82d93c27da4a51]
[34m2026-10-08 04:39:00.965 UTC 0735 INFO[0m [grpc] [34;1mInfof[0m -> [transport] [server-transport 0xc004a556c0] Closing: EOF
[34m2026-10-08 04:39:00.965 UTC 0736 INFO[0m [grpc] [34;1mInfof[0m -> [transport] [server-transport 0xc004a55520] Closing: EOF
[34m2026-10-08 04:39:00.966 UTC 0737 INFO[0m [grpc] [34;1mInfof[0m -> [transport] [server-transport 0xc004a55520] loopyWriter exiting with error: transport closed by client
[34m2026-10-08 04:39:00.966 UTC 0738 INFO[0m [grpc] [34;1mInfof[0m -> [transport] [server-transport 0xc004a556c0] loopyWriter exiting with error: transport closed by client
[34m2026-10-08 04:39:00.966 UTC 0739 INFO[0m [comm.grpc.server] [34;1m1[0m -> streaming call completed grpc.service=protos.Deliver grpc.method=DeliverFiltered grpc.request_deadline=2026-10-08T04:39:23.915Z grpc.peer_address=172.18.0.1:53852 error="context finished before block retrieved: context canceled" grpc.code=Unknown grpc.call_duration=2.051198003s
[34m2026-10-08 04:39:01.037 UTC 073a INFO[0m [endorser] [34;1mcallChaincode[0m -> finished chaincode: bzt duration: 3ms channel=mychannel txID=469c64e6
[34m2026-10-08 04:39:01.037 UTC 073b INFO[0m [comm.grpc.server] [34;1m1[0m -> unary call completed grpc.service=protos.Endorser grpc.method=ProcessProposal grpc.peer_address=172.18.0.1:53858 grpc.code=OK grpc.call_duration=4.248587ms
[34m2026-10-08 04:39:03.078 UTC 073c INFO[0m [gossip.privdata] [34;1mStoreBlock[0m -> Received block [59] from buffer channel=mychannel
[34m2026-10-08 04:39:03.079 UTC 073d INFO[0m [committer.txvalidator] [34;1mValidate[0m -> [mychannel] Validated block [59] in 0ms
[34m2026-10-08 04:39:03.081 UTC 073e INFO[0m [kvledger] [34;1mcommit[0m -> [mychannel] Committed block [59] with 1 transaction(s) in 1ms (state_validation=0ms block_and_pvtdata_commit=0ms state_commit=0ms) commitHash=[4c0cd414bfd14107be5d40e3788ad344f4283ffed8fee6cd14e8a23531aaf8dc]
[34m2026-10-08 04:39:03.081 UTC 073f INFO[0m [comm.grpc.server] [34;1m1[0m -> streaming call completed grpc.service=protos.Deliver grpc.method=DeliverFiltered grpc.request_deadline=2026-10-08T04:39:26.039Z grpc.peer_address=172.18.0.1:53868 error="context finished before block retrieved: context canceled" grpc.code=Unknown grpc.call_duration=2.0424003s
[34m2026-10-08 04:39:03.083 UTC 0740 INFO[0m [grpc] [34;1mInfof[0m -> [transport] [server-transport 0xc0086a71e0] Closing: EOF
[34m2026-10-08 04:39:03.083 UTC 0741 INFO[0m [grpc] [34;1mInfof[0m -> [transport] [server-transport 0xc003363a00] Closing: EOF
[34m2026-10-08 04:39:03.083 UTC 0742 INFO[0m [grpc] [34;1mInfof[0m -> [transport] [server-transport 0xc0086a71e0] loopyWriter exiting with error: transport closed by client
[34m2026-10-08 04:39:03.083 UTC 0743 INFO[0m [grpc] [34;1mInfof[0m -> [transport] [server-transport 0xc003363a00] loopyWriter exiting with error: transport closed by client
[34m2026-10-08 04:39:03.146 UTC 0744 INFO[0m [endorser] [34;1mcallChaincode[0m -> finished chaincode: bzt duration: 4ms channel=mychannel txID=1aebd769
[34m2026-10-08 04:39:03.146 UTC 0745 INFO[0m [comm.grpc.server] [34;1m1[0m -> unary call completed grpc.service=protos.Endorser grpc.method=ProcessProposal grpc.peer_address=172.18.0.1:51252 grpc.code=OK grpc.call_duration=4.923971ms
[34m2026-10-08 04:39:05.194 UTC 0746 INFO[0m [gossip.privdata] [34;1mStoreBlock[0m -> Received block [60] from buffer channel=mychannel
[34m2026-10-08 04:39:05.195 UTC 0747 INFO[0m [committer.txvalidator] [34;1mValidate[0m -> [mychannel] Validated block [60] in 1ms
[34m2026-10-08 04:39:05.198 UTC 0748 INFO[0m [kvledger] [34;1mcommit[0m -> [mychannel] Committed block [60] with 1 transaction(s) in 2ms (state_validation=0ms block_and_pvtdata_commit=1ms state_commit=0ms) commitHash=[d1fca1e2558551c088d605bee90aeaa607214d3b24d2519799c004db32158b19]
[34m2026-10-08 04:39:05.201 UTC 0749 INFO[0m [grpc] [34;1mInfof[0m -> [transport] [server-transport 0xc003363d40] Closing: EOF
[34m2026-10-08 04:39:05.202 UTC 074a INFO[0m [grpc] [34;1mInfof[0m -> [transport] [server-transport 0xc003363d40] loopyWriter exiting with error: transport closed by client
[34m2026-10-08 04:39:05.201 UTC 074b INFO[0m [grpc] [34;1mInfof[0m -> [transport] [server-transport 0xc003363ba0] Closing: EOF
[34m2026-10-08 04:39:05.202 UTC 074c INFO[0m [grpc] [34;1mInfof[0m -> [transport] [server-transport 0xc003363ba0] loopyWriter exiting with error: transport closed by client
[34m2026-10-08 04:39:05.202 UTC 074d INFO[0m [comm.grpc.server] [34;1m1[0m -> streaming call completed grpc.service=protos.Deliver grpc.method=DeliverFiltered grpc.request_deadline=2026-10-08T04:39:28.148Z grpc.peer_address=172.18.0.1:51266 error="context finished before block retrieved: context canceled" grpc.code=Unknown grpc.call_duration=2.054166329s
[34m2026-10-08 04:39:05.264 UTC 074e INFO[0m [endorser] [34;1mcallChaincode[0m -> finished chaincode: bzt duration: 3ms channel=mychannel txID=e9e650e7
[34m2026-10-08 04:39:05.264 UTC 074f INFO[0m [comm.grpc.server] [34;1m1[0m -> unary call completed grpc.service=protos.Endorser grpc.method=ProcessProposal grpc.peer_address=172.18.0.1:51276 grpc.code=OK grpc.call_duration=4.437475ms
[34m2026-10-08 04:39:07.312 UTC 0750 INFO[0m [gossip.privdata] [34;1mStoreBlock[0m -> Received block [61] from buffer channel=mychannel
[34m2026-10-08 04:39:07.313 UTC 0751 INFO[0m [committer.txvalidator] [34;1mValidate[0m -> [mychannel] Validated block [61] in 1ms
[34m2026-10-08 04:39:07.316 UTC 0752 INFO[0m [kvledger] [34;1mcommit[0m -> [mychannel] Committed block [61] with 1 transaction(s) in 2ms (state_validation=0ms block_and_pvtdata_commit=2ms state_commit=0ms) commitHash=[05e5f4ca2e44d2e343c51252d92bb92eba9955665951ac7d0d9b2e07fdb75d6d]
[34m2026-10-08 04:39:07.316 UTC 0753 INFO[0m [comm.grpc.server] [34;1m1[0m -> streaming call completed grpc.service=protos.Deliver grpc.method=DeliverFiltered grpc.request_deadline=2026-10-08T04:39:30.265Z grpc.peer_address=172.18.0.1:51290 error="context finished before block retrieved: context canceled" grpc.code=Unknown grpc.call_duration=2.051338848s
[34m2026-10-08 04:39:07.318 UTC 0754 INFO[0m [grpc] [34;1mInfof[0m -> [transport] [server-transport 0xc0039b3040] Closing: EOF
[34m2026-10-08 04:39:07.318 UTC 0755 INFO[0m [grpc] [34;1mInfof[0m -> [transport] [server-transport 0xc00012d860] Closing: EOF
[34m2026-10-08 04:39:07.318 UTC 0756 INFO[0m [grpc] [34;1mInfof[0m -> [transport] [server-transport 0xc0039b3040] loopyWriter exiting with error: transport closed by client
[34m2026-10-08 04:39:07.318 UTC 0757 INFO[0m [grpc] [34;1mInfof[0m -> [transport] [server-transport 0xc00012d860] loopyWriter exiting with error: transport closed by client
[34m2026-10-08 04:39:07.379 UTC 0758 INFO[0m [endorser] [34;1mcallChaincode[0m -> finished chaincode: bzt duration: 2ms channel=mychannel txID=e8a55545
[34m2026-10-08 04:39:07.380 UTC 0759 INFO[0m [comm.grpc.server] [34;1m1[0m -> unary call completed grpc.service=protos.Endorser grpc.method=ProcessProposal grpc.peer_address=172.18.0.1:51298 grpc.code=OK grpc.call_duration=3.78309ms
[34m2026-10-08 04:39:09.426 UTC 075a INFO[0m [gossip.privdata] [34;1mStoreBlock[0m -> Received block [62] from buffer channel=mychannel
[34m2026-10-08 04:39:09.427 UTC 075b INFO[0m [committer.txvalidator] [34;1mValidate[0m -> [mychannel] Validated block [62] in 0ms
[34m2026-10-08 04:39:09.429 UTC 075c INFO[0m [kvledger] [34;1mcommit[0m -> [mychannel] Committed block [62] with 1 transaction(s) in 1ms (state_validation=0ms block_and_pvtdata_commit=1ms state_commit=0ms) commitHash=[896f639ea581b5e71804614cbabb0cb9b528980f81247aa9649780eec2627330]
[34m2026-10-08 04:39:09.431 UTC 075d INFO[0m [grpc] [34;1mInfof[0m -> [transport] [server-transport 0xc0039b31e0] Closing: EOF
[34m2026-10-08 04:39:09.431 UTC 075e INFO[0m [grpc] [34;1mInfof[0m -> [transport] [server-transport 0xc0086a7380] Closing: EOF
[34m2026-10-08 04:39:09.431 UTC 075f INFO[0m [comm.grpc.server] [34;1m1[0m -> streaming call completed grpc.service=protos.Deliver grpc.method=DeliverFiltered grpc.request_deadline=2026-10-08T04:39:32.381Z grpc.peer_address=172.18.0.1:51300 error="context finished before block retrieved: context canceled" grpc.code=Unknown grpc.call_duration=2.049938129s
[34m2026-10-08 04:39:09.431 UTC 0760 INFO[0m [grpc] [34;1mInfof[0m -> [transport] [server-transport 0xc0039b31e0] loopyWriter exiting with error: transport closed by client
[34m2026-10-08 04:39:09.431 UTC 0761 INFO[0m [grpc] [34;1mInfof[0m -> [transport] [server-transport 0xc0086a7380] loopyWriter exiting with error: transport closed by client
[34m2026-10-08 04:39:09.493 UTC 0762 INFO[0m [endorser] [34;1mcallChaincode[0m -> finished chaincode: bzt duration: 4ms channel=mychannel txID=1480c3c9
[34m2026-10-08 04:39:09.493 UTC 0763 INFO[0m [comm.grpc.server] [34;1m1[0m -> unary call completed grpc.service=protos.Endorser grpc.method=ProcessProposal grpc.peer_address=172.18.0.1:51314 grpc.code=OK grpc.call_duration=5.038659ms
[34m2026-10-08 04:39:11.543 UTC 0764 INFO[0m [gossip.privdata] [34;1mStoreBlock[0m -> Received block [63] from buffer channel=mychannel
[34m2026-10-08 04:39:11.544 UTC 0765 INFO[0m [committer.txvalidator] [34;1mValidate[0m -> [mychannel] Validated block [63] in 1ms
[34m2026-10-08 04:39:11.547 UTC 0766 INFO[0m [kvledger] [34;1mcommit[0m -> [mychannel] Committed block [63] with 1 transaction(s) in 2ms (state_validation=0ms block_and_pvtdata_commit=1ms state_commit=0ms) commitHash=[02d47be83116d77c29ed7515e04554571b45ce5056367aadd5a4c09a6c1badd7]
[34m2026-10-08 04:39:11.547 UTC 0767 INFO[0m [comm.grpc.server] [34;1m1[0m -> streaming call completed grpc.service=protos.Deliver grpc.method=DeliverFiltered grpc.request_deadline=2026-10-08T04:39:34.494Z grpc.peer_address=172.18.0.1:51318 error="context finished before block retrieved: context canceled" grpc.code=Unknown grpc.call_duration=2.053127362s
[34m2026-10-08 04:39:11.549 UTC 0768 INFO[0m [grpc] [34;1mInfof[0m -> [transport] [server-transport 0xc0086a7520] Closing: EOF
[34m2026-10-08 04:39:11.549 UTC 0769 INFO[0m [grpc] [34;1mInfof[0m -> [transport] [server-transport 0xc0086a7520] loopyWriter exiting with error: transport closed by client
[34m2026-10-08 04:39:11.550 UTC 076a INFO[0m [grpc] [34;1mInfof[0m -> [transport] [server-transport 0xc000043040] Closing: EOF
[34m2026-10-08 04:39:11.550 UTC 076b INFO[0m [grpc] [34;1mInfof[0m -> [transport] [server-transport 0xc000043040] loopyWriter exiting with error: transport closed by client
[34m2026-10-08 04:39:11.612 UTC 076c INFO[0m [endorser] [34;1mcallChaincode[0m -> finished chaincode: bzt duration: 3ms channel=mychannel txID=f404fc9e
[34m2026-10-08 04:39:11.613 UTC 076d INFO[0m [comm.grpc.server] [34;1m1[0m -> unary call completed grpc.service=protos.Endorser grpc.method=ProcessProposal grpc.peer_address=172.18.0.1:51328 grpc.code=OK grpc.call_duration=4.801425ms
[34m2026-10-08 04:39:13.657 UTC 076e INFO[0m [gossip.privdata] [34;1mStoreBlock[0m -> Received block [64] from buffer channel=mychannel
[34m2026-10-08 04:39:13.659 UTC 076f INFO[0m [committer.txvalidator] [34;1mValidate[0m -> [mychannel] Validated block [64] in 0ms
[34m2026-10-08 04:39:13.661 UTC 0770 INFO[0m [kvledger] [34;1mcommit[0m -> [mychannel] Committed block [64] with 1 transaction(s) in 1ms (state_validation=0ms block_and_pvtdata_commit=1ms state_commit=0ms) commitHash=[feb3773ecfdd253bf11be1bac494c34abb2ec31472cb1ed9e775c560db106d3d]
[34m2026-10-08 04:39:13.663 UTC 0771 INFO[0m [grpc] [34;1mInfof[0m -> [transport] [server-transport 0xc00304a9c0] Closing: EOF
[34m2026-10-08 04:39:13.663 UTC 0772 INFO[0m [grpc] [34;1mInfof[0m -> [transport] [server-transport 0xc004a55860] Closing: EOF
[34m2026-10-08 04:39:13.663 UTC 0773 INFO[0m [comm.grpc.server] [34;1m1[0m -> streaming call completed grpc.service=protos.Deliver grpc.method=DeliverFiltered grpc.request_deadline=2026-10-08T04:39:36.614Z grpc.peer_address=172.18.0.1:51336 error="context finished before block retrieved: context canceled" grpc.code=Unknown grpc.call_duration=2.049416764s
[34m2026-10-08 04:39:13.663 UTC 0774 INFO[0m [grpc] [34;1mInfof[0m -> [transport] [server-transport 0xc00304a9c0] loopyWriter exiting with error: transport closed by client
[34m2026-10-08 04:39:13.663 UTC 0775 INFO[0m [grpc] [34;1mInfof[0m -> [transport] [server-transport 0xc004a55860] loopyWriter exiting with error: transport closed by client
