    {
      "Addr": "orderer3.example.com:7056",
      "ServerName": "",
      "Attributes": null,
      "BalancerAttributes": null,
      "Metadata": null
    }
  ],
  "Endpoints": [
    {
      "Addresses": [
        {
          "Addr": "orderer3.example.com:7056",
          "ServerName": "",
          "Attributes": null,
          "BalancerAttributes": null,
          "Metadata": null
        }
      ],
      "Attributes": null
    }
  ],
  "ServiceConfig": null,
  "Attributes": null
} (resolver returned new addresses)
[34m2026-10-08 04:38:19.276 UTC 068f INFO[0m [grpc] [34;1mAddTraceEvent[0m -> [core] [Channel #225]Channel switches to new LB policy "pick_first"
[34m2026-10-08 04:38:19.276 UTC 0690 INFO[0m [grpc] [34;1mInfof[0m -> [pick-first-lb] [pick-first-lb 0xc003ca75f0] Received new config {
  "shuffleAddressList": false
}, resolver state {
  "Addresses": [
    {
      "Addr": "orderer3.example.com:7056",
      "ServerName": "",
      "Attributes": null,
      "BalancerAttributes": null,
      "Metadata": null
    }
  ],
  "Endpoints": [
    {
      "Addresses": [
        {
          "Addr": "orderer3.example.com:7056",
          "ServerName": "",
          "Attributes": null,
          "BalancerAttributes": null,
          "Metadata": null
        }
      ],
      "Attributes": null
    }
  ],
  "ServiceConfig": null,
  "Attributes": null
}
[34m2026-10-08 04:38:19.276 UTC 0691 INFO[0m [grpc] [34;1mAddTraceEvent[0m -> [core] [Channel #225 SubChannel #226]Subchannel created
[34m2026-10-08 04:38:19.276 UTC 0692 INFO[0m [grpc] [34;1mAddTraceEvent[0m -> [core] [Channel #225]Channel Connectivity change to CONNECTING
[34m2026-10-08 04:38:19.276 UTC 0693 INFO[0m [grpc] [34;1mAddTraceEvent[0m -> [core] [Channel #225]Channel exiting idle mode
[34m2026-10-08 04:38:19.276 UTC 0694 INFO[0m [grpc] [34;1mAddTraceEvent[0m -> [core] [Channel #225 SubChannel #226]Subchannel Connectivity change to CONNECTING
[34m2026-10-08 04:38:19.276 UTC 0695 INFO[0m [grpc] [34;1mAddTraceEvent[0m -> [core] [Channel #225 SubChannel #226]Subchannel picks a new address "orderer3.example.com:7056" to connect
[34m2026-10-08 04:38:19.276 UTC 0696 INFO[0m [grpc] [34;1mInfof[0m -> [pick-first-lb] [pick-first-lb 0xc003ca75f0] Received SubConn state update: 0xc003ca7800, {ConnectivityState:CONNECTING ConnectionError:<nil> connectedAddress:{Addr: ServerName: Attributes:<nil> BalancerAttributes:<nil> Metadata:<nil>}}
[34m2026-10-08 04:38:19.278 UTC 0697 INFO[0m [grpc] [34;1mAddTraceEvent[0m -> [core] [Channel #225 SubChannel #226]Subchannel Connectivity change to READY
[34m2026-10-08 04:38:19.278 UTC 0698 INFO[0m [grpc] [34;1mInfof[0m -> [pick-first-lb] [pick-first-lb 0xc003ca75f0] Received SubConn state update: 0xc003ca7800, {ConnectivityState:READY ConnectionError:<nil> connectedAddress:{Addr:orderer3.example.com:7056 ServerName:orderer3.example.com:7056 Attributes:<nil> BalancerAttributes:<nil> Metadata:<nil>}}
[34m2026-10-08 04:38:19.278 UTC 0699 INFO[0m [grpc] [34;1mAddTraceEvent[0m -> [core] [Channel #225]Channel Connectivity change to READY
[34m2026-10-08 04:38:19.278 UTC 069a INFO[0m [grpc] [34;1mInfof[0m -> [core] original dial target is: "orderer4.example.com:7058"
[34m2026-10-08 04:38:19.278 UTC 069b INFO[0m [grpc] [34;1mAddTraceEvent[0m -> [core] [Channel #228]Channel created
[34m2026-10-08 04:38:19.278 UTC 069c INFO[0m [grpc] [34;1mAddTraceEvent[0m -> [core] [Channel #228]parsed dial target is: resolver.Target{URL:url.URL{Scheme:"passthrough", Opaque:"", User:(*url.Userinfo)(nil), Host:"", Path:"/orderer4.example.com:7058", RawPath:"", OmitHost:false, ForceQuery:false, RawQuery:"", Fragment:"", RawFragment:""}}
[34m2026-10-08 04:38:19.279 UTC 069d INFO[0m [grpc] [34;1mAddTraceEvent[0m -> [core] [Channel #228]Channel authority set to "orderer4.example.com:7058"
[34m2026-10-08 04:38:19.279 UTC 069e INFO[0m [grpc] [34;1mAddTraceEvent[0m -> [core] [Channel #228]Resolver state updated: {
  "Addresses": [
    {
      "Addr": "orderer4.example.com:7058",
      "ServerName": "",
      "Attributes": null,
      "BalancerAttributes": null,
      "Metadata": null
    }
  ],
  "Endpoints": [
    {
      "Addresses": [
        {
          "Addr": "orderer4.example.com:7058",
          "ServerName": "",
          "Attributes": null,
          "BalancerAttributes": null,
          "Metadata": null
        }
      ],
      "Attributes": null
    }
  ],
  "ServiceConfig": null,
  "Attributes": null
} (resolver returned new addresses)
[34m2026-10-08 04:38:19.279 UTC 069f INFO[0m [grpc] [34;1mAddTraceEvent[0m -> [core] [Channel #228]Channel switches to new LB policy "pick_first"
[34m2026-10-08 04:38:19.279 UTC 06a0 INFO[0m [grpc] [34;1mInfof[0m -> [pick-first-lb] [pick-first-lb 0xc003ffa8d0] Received new config {
  "shuffleAddressList": false
}, resolver state {
  "Addresses": [
    {
      "Addr": "orderer4.example.com:7058",
      "ServerName": "",
      "Attributes": null,
      "BalancerAttributes": null,
      "Metadata": null
    }
  ],
  "Endpoints": [
    {
      "Addresses": [
        {
          "Addr": "orderer4.example.com:7058",
          "ServerName": "",
          "Attributes": null,
          "BalancerAttributes": null,
          "Metadata": null
        }
      ],
      "Attributes": null
    }
  ],
  "ServiceConfig": null,
  "Attributes": null
}
[34m2026-10-08 04:38:19.279 UTC 06a1 INFO[0m [grpc] [34;1mAddTraceEvent[0m -> [core] [Channel #228 SubChannel #229]Subchannel created
[34m2026-10-08 04:38:19.279 UTC 06a2 INFO[0m [grpc] [34;1mAddTraceEvent[0m -> [core] [Channel #228]Channel Connectivity change to CONNECTING
[34m2026-10-08 04:38:19.279 UTC 06a3 INFO[0m [grpc] [34;1mAddTraceEvent[0m -> [core] [Channel #228]Channel exiting idle mode
[34m2026-10-08 04:38:19.279 UTC 06a4 INFO[0m [grpc] [34;1mAddTraceEvent[0m -> [core] [Channel #228 SubChannel #229]Subchannel Connectivity change to CONNECTING
[34m2026-10-08 04:38:19.279 UTC 06a5 INFO[0m [grpc] [34;1mAddTraceEvent[0m -> [core] [Channel #228 SubChannel #229]Subchannel picks a new address "orderer4.example.com:7058" to connect
[34m2026-10-08 04:38:19.279 UTC 06a6 INFO[0m [grpc] [34;1mInfof[0m -> [pick-first-lb] [pick-first-lb 0xc003ffa8d0] Received SubConn state update: 0xc003ffa9f0, {ConnectivityState:CONNECTING ConnectionError:<nil> connectedAddress:{Addr: ServerName: Attributes:<nil> BalancerAttributes:<nil> Metadata:<nil>}}
[34m2026-10-08 04:38:19.281 UTC 06a7 INFO[0m [grpc] [34;1mAddTraceEvent[0m -> [core] [Channel #228 SubChannel #229]Subchannel Connectivity change to READY
[34m2026-10-08 04:38:19.281 UTC 06a8 INFO[0m [grpc] [34;1mInfof[0m -> [pick-first-lb] [pick-first-lb 0xc003ffa8d0] Received SubConn state update: 0xc003ffa9f0, {ConnectivityState:READY ConnectionError:<nil> connectedAddress:{Addr:orderer4.example.com:7058 ServerName:orderer4.example.com:7058 Attributes:<nil> BalancerAttributes:<nil> Metadata:<nil>}}
[34m2026-10-08 04:38:19.281 UTC 06a9 INFO[0m [grpc] [34;1mAddTraceEvent[0m -> [core] [Channel #228]Channel Connectivity change to READY
[34m2026-10-08 04:38:38.396 UTC 06aa INFO[0m [comm.grpc.server] [34;1m1[0m -> streaming call completed grpc.service=protos.Deliver grpc.method=DeliverFiltered grpc.request_deadline=2026-10-08T04:38:38.395Z grpc.peer_address=172.18.0.1:49634 error="context finished before block retrieved: context deadline exceeded" grpc.code=Unknown grpc.call_duration=25.000868663s
[34m2026-10-08 04:38:38.398 UTC 06ab INFO[0m [grpc] [34;1mInfof[0m -> [transport] [server-transport 0xc004c7eb60] Closing: EOF
[34m2026-10-08 04:38:38.398 UTC 06ac INFO[0m [grpc] [34;1mInfof[0m -> [transport] [server-transport 0xc004c7e680] Closing: EOF
[34m2026-10-08 04:38:38.398 UTC 06ad INFO[0m [grpc] [34;1mInfof[0m -> [transport] [server-transport 0xc004c7e680] loopyWriter exiting with error: transport closed by client
[34m2026-10-08 04:38:38.398 UTC 06ae INFO[0m [grpc] [34;1mInfof[0m -> [transport] [server-transport 0xc004c7eb60] loopyWriter exiting with error: transport closed by client
[34m2026-10-08 04:38:38.457 UTC 06af INFO[0m [endorser] [34;1mcallChaincode[0m -> finished chaincode: bzt duration: 3ms channel=mychannel txID=468f99d4
[34m2026-10-08 04:38:38.457 UTC 06b0 INFO[0m [comm.grpc.server] [34;1m1[0m -> unary call completed grpc.service=protos.Endorser grpc.method=ProcessProposal grpc.peer_address=172.18.0.1:51716 grpc.code=OK grpc.call_duration=4.197381ms
[34m2026-10-08 04:38:41.912 UTC 06b1 INFO[0m [BFTHeaderReceiver] [34;1mStop[0m -> [mychannel][orderer2.example.com:7052] Already stopped
[34m2026-10-08 04:38:41.912 UTC 06b2 INFO[0m [gossip.privdata] [34;1mStoreBlock[0m -> Received block [49] from buffer channel=mychannel
[34m2026-10-08 04:38:41.917 UTC 06b3 INFO[0m [committer.txvalidator] [34;1mValidate[0m -> [mychannel] Validated block [49] in 4ms
[34m2026-10-08 04:38:41.920 UTC 06b4 INFO[0m [kvledger] [34;1mcommit[0m -> [mychannel] Committed block [49] with 10 transaction(s) in 2ms (state_validation=0ms block_and_pvtdata_commit=1ms state_commit=0ms) commitHash=[b31eaa4775d27235f802beecd1b255796a634abf5c28d1b6e0e69a33f9d38971]
[34m2026-10-08 04:38:41.922 UTC 06b5 INFO[0m [comm.grpc.server] [34;1m1[0m -> streaming call completed grpc.service=protos.Deliver grpc.method=DeliverFiltered grpc.request_deadline=2026-10-08T04:39:03.459Z grpc.peer_address=172.18.0.1:51718 error="context finished before block retrieved: context canceled" grpc.code=Unknown grpc.call_duration=3.462920918s
[34m2026-10-08 04:38:41.923 UTC 06b6 INFO[0m [grpc] [34;1mInfof[0m -> [transport] [server-transport 0xc0048669c0] Closing: EOF
[34m2026-10-08 04:38:41.924 UTC 06b7 INFO[0m [grpc] [34;1mInfof[0m -> [transport] [server-transport 0xc0058e44e0] Closing: EOF
[34m2026-10-08 04:38:41.924 UTC 06b8 INFO[0m [grpc] [34;1mInfof[0m -> [transport] [server-transport 0xc0058e44e0] loopyWriter exiting with error: transport closed by client
[34m2026-10-08 04:38:41.924 UTC 06b9 INFO[0m [grpc] [34;1mInfof[0m -> [transport] [server-transport 0xc0048669c0] loopyWriter exiting with error: transport closed by client
[34m2026-10-08 04:38:41.986 UTC 06ba INFO[0m [endorser] [34;1mcallChaincode[0m -> finished chaincode: bzt duration: 3ms channel=mychannel txID=b71b6ff1
[34m2026-10-08 04:38:41.987 UTC 06bb INFO[0m [comm.grpc.server] [34;1m1[0m -> unary call completed grpc.service=protos.Endorser grpc.method=ProcessProposal grpc.peer_address=172.18.0.1:58840 grpc.code=OK grpc.call_duration=3.802121ms
[34m2026-10-08 04:38:44.023 UTC 06bc INFO[0m [gossip.privdata] [34;1mStoreBlock[0m -> Received block [50] from buffer channel=mychannel
[34m2026-10-08 04:38:44.024 UTC 06bd INFO[0m [committer.txvalidator] [34;1mValidate[0m -> [mychannel] Validated block [50] in 1ms
[34m2026-10-08 04:38:44.026 UTC 06be INFO[0m [kvledger] [34;1mcommit[0m -> [mychannel] Committed block [50] with 1 transaction(s) in 1ms (state_validation=0ms block_and_pvtdata_commit=0ms state_commit=0ms) commitHash=[20c03beb885343ff9864546e6b11c7e301671a607b23d2d56413d8522e78734b]
[34m2026-10-08 04:38:44.027 UTC 06bf INFO[0m [comm.grpc.server] [34;1m1[0m -> streaming call completed grpc.service=protos.Deliver grpc.method=DeliverFiltered grpc.request_deadline=2026-10-08T04:39:06.988Z grpc.peer_address=172.18.0.1:58848 error="context finished before block retrieved: context canceled" grpc.code=Unknown grpc.call_duration=2.03917909s
[34m2026-10-08 04:38:44.028 UTC 06c0 INFO[0m [grpc] [34;1mInfof[0m -> [transport] [server-transport 0xc004866ea0] Closing: EOF
[34m2026-10-08 04:38:44.029 UTC 06c1 INFO[0m [grpc] [34;1mInfof[0m -> [transport] [server-transport 0xc0058e4820] Closing: EOF
[34m2026-10-08 04:38:44.029 UTC 06c2 INFO[0m [grpc] [34;1mInfof[0m -> [transport] [server-transport 0xc004866ea0] loopyWriter exiting with error: transport closed by client
[34m2026-10-08 04:38:44.029 UTC 06c3 INFO[0m [grpc] [34;1mInfof[0m -> [transport] [server-transport 0xc0058e4820] loopyWriter exiting with error: transport closed by client
[34m2026-10-08 04:38:44.090 UTC 06c4 INFO[0m [endorser] [34;1mcallChaincode[0m -> finished chaincode: bzt duration: 3ms channel=mychannel txID=eddda127
[34m2026-10-08 04:38:44.090 UTC 06c5 INFO[0m [comm.grpc.server] [34;1m1[0m -> unary call completed grpc.service=protos.Endorser grpc.method=ProcessProposal grpc.peer_address=172.18.0.1:58854 grpc.code=OK grpc.call_duration=3.697635ms
[34m2026-10-08 04:38:46.138 UTC 06c6 INFO[0m [gossip.privdata] [34;1mStoreBlock[0m -> Received block [51] from buffer channel=mychannel
[34m2026-10-08 04:38:46.140 UTC 06c7 INFO[0m [committer.txvalidator] [34;1mValidate[0m -> [mychannel] Validated block [51] in 1ms
[34m2026-10-08 04:38:46.142 UTC 06c8 INFO[0m [kvledger] [34;1mcommit[0m -> [mychannel] Committed block [51] with 1 transaction(s) in 1ms (state_validation=0ms block_and_pvtdata_commit=1ms state_commit=0ms) commitHash=[4198b54bf0739a06e661f1e1f254bb94f2903ab39d81213918dde13027d3c9d4]
[34m2026-10-08 04:38:46.143 UTC 06c9 INFO[0m [comm.grpc.server] [34;1m1[0m -> streaming call completed grpc.service=protos.Deliver grpc.method=DeliverFiltered grpc.request_deadline=2026-10-08T04:39:09.092Z grpc.peer_address=172.18.0.1:58856 error="context finished before block retrieved: context canceled" grpc.code=Unknown grpc.call_duration=2.050315353s
[34m2026-10-08 04:38:46.144 UTC 06ca INFO[0m [grpc] [34;1mInfof[0m -> [transport] [server-transport 0xc0049fa1a0] Closing: EOF
[34m2026-10-08 04:38:46.144 UTC 06cb INFO[0m [grpc] [34;1mInfof[0m -> [transport] [server-transport 0xc004c7ed00] Closing: EOF
[34m2026-10-08 04:38:46.145 UTC 06cc INFO[0m [grpc] [34;1mInfof[0m -> [transport] [server-transport 0xc0049fa1a0] loopyWriter exiting with error: transport closed by client
[34m2026-10-08 04:38:46.145 UTC 06cd INFO[0m [grpc] [34;1mInfof[0m -> [transport] [server-transport 0xc004c7ed00] loopyWriter exiting with error: transport closed by client
[34m2026-10-08 04:38:46.210 UTC 06ce INFO[0m [endorser] [34;1mcallChaincode[0m -> finished chaincode: bzt duration: 5ms channel=mychannel txID=7f6dbb05
[34m2026-10-08 04:38:46.210 UTC 06cf INFO[0m [comm.grpc.server] [34;1m1[0m -> unary call completed grpc.service=protos.Endorser grpc.method=ProcessProposal grpc.peer_address=172.18.0.1:58872 grpc.code=OK grpc.call_duration=6.663304ms
[34m2026-10-08 04:38:48.255 UTC 06d0 INFO[0m [gossip.privdata] [34;1mStoreBlock[0m -> Received block [52] from buffer channel=mychannel
[34m2026-10-08 04:38:48.257 UTC 06d1 INFO[0m [committer.txvalidator] [34;1mValidate[0m -> [mychannel] Validated block [52] in 1ms
[34m2026-10-08 04:38:48.260 UTC 06d2 INFO[0m [kvledger] [34;1mcommit[0m -> [mychannel] Committed block [52] with 1 transaction(s) in 1ms (state_validation=0ms block_and_pvtdata_commit=1ms state_commit=0ms) commitHash=[c2e0f9340ffe88f0c0bca9774f3e461ebba2d4784a8239fb698f9b449821b56d]
[34m2026-10-08 04:38:48.261 UTC 06d3 INFO[0m [comm.grpc.server] [34;1m1[0m -> streaming call completed grpc.service=protos.Deliver grpc.method=DeliverFiltered grpc.request_deadline=2026-10-08T04:39:11.211Z grpc.peer_address=172.18.0.1:58876 error="context finished before block retrieved: context canceled" grpc.code=Unknown grpc.call_duration=2.050327379s
[34m2026-10-08 04:38:48.263 UTC 06d4 INFO[0m [grpc] [34;1mInfof[0m -> [transport] [server-transport 0xc0058e49c0] Closing: EOF
[34m2026-10-08 04:38:48.263 UTC 06d5 INFO[0m [grpc] [34;1mInfof[0m -> [transport] [server-transport 0xc0058e49c0] loopyWriter exiting with error: transport closed by client
[34m2026-10-08 04:38:48.263 UTC 06d6 INFO[0m [grpc] [34;1mInfof[0m -> [transport] [server-transport 0xc004c7eea0] Closing: EOF
[34m2026-10-08 04:38:48.264 UTC 06d7 INFO[0m [grpc] [34;1mInfof[0m -> [transport] [server-transport 0xc004c7eea0] loopyWriter exiting with error: transport closed by client
[34m2026-10-08 04:38:48.325 UTC 06d8 INFO[0m [endorser] [34;1mcallChaincode[0m -> finished chaincode: bzt duration: 4ms channel=mychannel txID=a0f3e4af
[34m2026-10-08 04:38:48.325 UTC 06d9 INFO[0m [comm.grpc.server] [34;1m1[0m -> unary call completed grpc.service=protos.Endorser grpc.method=ProcessProposal grpc.peer_address=172.18.0.1:58884 grpc.code=OK grpc.call_duration=4.88537ms
[34m2026-10-08 04:38:50.372 UTC 06da INFO[0m [gossip.privdata] [34;1mStoreBlock[0m -> Received block [53] from buffer channel=mychannel
[34m2026-10-08 04:38:50.373 UTC 06db INFO[0m [committer.txvalidator] [34;1mValidate[0m -> [mychannel] Validated block [53] in 1ms
[34m2026-10-08 04:38:50.375 UTC 06dc INFO[0m [kvledger] [34;1mcommit[0m -> [mychannel] Committed block [53] with 1 transaction(s) in 1ms (state_validation=0ms block_and_pvtdata_commit=1ms state_commit=0ms) commitHash=[8bced97fed86b895059aa099ff56fbfeff2029ebbaf7f7dd4dcfb4365e4fd6a6]
[34m2026-10-08 04:38:50.377 UTC 06dd INFO[0m [comm.grpc.server] [34;1m1[0m -> streaming call completed grpc.service=protos.Deliver grpc.method=DeliverFiltered grpc.request_deadline=2026-10-08T04:39:13.327Z grpc.peer_address=172.18.0.1:58896 error="context finished before block retrieved: context canceled" grpc.code=Unknown grpc.call_duration=2.049508342s
[34m2026-10-08 04:38:50.378 UTC 06de INFO[0m [grpc] [34;1mInfof[0m -> [transport] [server-transport 0xc0049fa340] Closing: EOF
[34m2026-10-08 04:38:50.378 UTC 06df INFO[0m [grpc] [34;1mInfof[0m -> [transport] [server-transport 0xc004c7f040] Closing: EOF
[34m2026-10-08 04:38:50.378 UTC 06e0 INFO[0m [grpc] [34;1mInfof[0m -> [transport] [server-transport 0xc0049fa340] loopyWriter exiting with error: transport closed by client
[34m2026-10-08 04:38:50.378 UTC 06e1 INFO[0m [grpc] [34;1mInfof[0m -> [transport] [server-transport 0xc004c7f040] loopyWriter exiting with error: transport closed by client
[34m2026-10-08 04:38:50.439 UTC 06e2 INFO[0m [endorser] [34;1mcallChaincode[0m -> finished chaincode: bzt duration: 3ms channel=mychannel txID=f80bd901
[34m2026-10-08 04:38:50.440 UTC 06e3 INFO[0m [comm.grpc.server] [34;1m1[0m -> unary call completed grpc.service=protos.Endorser grpc.method=ProcessProposal grpc.peer_address=172.18.0.1:58900 grpc.code=OK grpc.call_duration=3.997849ms
[34m2026-10-08 04:38:52.490 UTC 06e4 INFO[0m [gossip.privdata] [34;1mStoreBlock[0m -> Received block [54] from buffer channel=mychannel
[34m2026-10-08 04:38:52.492 UTC 06e5 INFO[0m [committer.txvalidator] [34;1mValidate[0m -> [mychannel] Validated block [54] in 1ms
[34m2026-10-08 04:38:52.494 UTC 06e6 INFO[0m [kvledger] [34;1mcommit[0m -> [mychannel] Committed block [54] with 1 transaction(s) in 1ms (state_validation=0ms block_and_pvtdata_commit=0ms state_commit=0ms) commitHash=[8862a18865b2ebe927dd17c81488db1311afd46c6f9bfc5d21cdad7df3bf291d]
[34m2026-10-08 04:38:52.494 UTC 06e7 INFO[0m [comm.grpc.server] [34;1m1[0m -> streaming call completed grpc.service=protos.Deliver grpc.method=DeliverFiltered grpc.request_deadline=2026-10-08T04:39:15.442Z grpc.peer_address=172.18.0.1:58904 error="context finished before block retrieved: context canceled" grpc.code=Unknown grpc.call_duration=2.05238821s
[34m2026-10-08 04:38:52.496 UTC 06e8 INFO[0m [grpc] [34;1mInfof[0m -> [transport] [server-transport 0xc004867040] Closing: EOF
[34m2026-10-08 04:38:52.496 UTC 06e9 INFO[0m [grpc] [34;1mInfof[0m -> [transport] [server-transport 0xc004867040] loopyWriter exiting with error: transport closed by client
[34m2026-10-08 04:38:52.497 UTC 06ea INFO[0m [grpc] [34;1mInfof[0m -> [transport] [server-transport 0xc004c7f1e0] Closing: EOF
[34m2026-10-08 04:38:52.497 UTC 06eb INFO[0m [grpc] [34;1mInfof[0m -> [transport] [server-transport 0xc004c7f1e0] loopyWriter exiting with error: transport closed by client
[34m2026-10-08 04:38:52.560 UTC 06ec INFO[0m [endorser] [34;1mcallChaincode[0m -> finished chaincode: bzt duration: 4ms channel=mychannel txID=ed9ba34f
[34m2026-10-08 04:38:52.560 UTC 06ed INFO[0m [comm.grpc.server] [34;1m1[0m -> unary call completed grpc.service=protos.Endorser grpc.method=ProcessProposal grpc.peer_address=172.18.0.1:48078 grpc.code=OK grpc.call_duration=5.071734ms
[34m2026-10-08 04:38:54.607 UTC 06ee INFO[0m [gossip.privdata] [34;1mStoreBlock[0m -> Received block [55] from buffer channel=mychannel
[34m2026-10-08 04:38:54.609 UTC 06ef INFO[0m [committer.txvalidator] [34;1mValidate[0m -> [mychannel] Validated block [55] in 1ms
[34m2026-10-08 04:38:54.611 UTC 06f0 INFO[0m [kvledger] [34;1mcommit[0m -> [mychannel] Committed block [55] with 1 transaction(s) in 1ms (state_validation=0ms block_and_pvtdata_commit=1ms state_commit=0ms) commitHash=[6c5fd08ad6b8d9120008429027a1573f29ead4cf2a43646327f93e7f5645595f]
[34m2026-10-08 04:38:54.615 UTC 06f1 INFO[0m [grpc] [34;1mInfof[0m -> [transport] [server-transport 0xc004866000] Closing: EOF
[34m2026-10-08 04:38:54.615 UTC 06f2 INFO[0m [grpc] [34;1mInfof[0m -> [transport] [server-transport 0xc0058e41a0] Closing: EOF
[34m2026-10-08 04:38:54.615 UTC 06f3 INFO[0m [grpc] [34;1mInfof[0m -> [transport] [server-transport 0xc004866000] loopyWriter exiting with error: transport closed by client
[34m2026-10-08 04:38:54.615 UTC 06f4 INFO[0m [grpc] [34;1mInfof[0m -> [transport] [server-transport 0xc0058e41a0] loopyWriter exiting with error: transport closed by client
[34m2026-10-08 04:38:54.615 UTC 06f5 INFO[0m [comm.grpc.server] [34;1m1[0m -> streaming call completed grpc.service=protos.Deliver grpc.method=DeliverFiltered grpc.request_deadline=2026-10-08T04:39:17.561Z grpc.peer_address=172.18.0.1:48086 error="context finished before block retrieved: context canceled" grpc.code=Unknown grpc.call_duration=2.054387881s
[34m2026-10-08 04:38:54.676 UTC 06f6 INFO[0m [endorser] [34;1mcallChaincode[0m -> finished chaincode: bzt duration: 2ms channel=mychannel txID=2a790c4b
[34m2026-10-08 04:38:54.676 UTC 06f7 INFO[0m [comm.grpc.server] [34;1m1[0m -> unary call completed grpc.service=protos.Endorser grpc.method=ProcessProposal grpc.peer_address=172.18.0.1:48102 grpc.code=OK grpc.call_duration=3.591325ms
[34m2026-10-08 04:38:56.725 UTC 06f8 INFO[0m [gossip.privdata] [34;1mStoreBlock[0m -> Received block [56] from buffer channel=mychannel
[34m2026-10-08 04:38:56.726 UTC 06f9 INFO[0m [committer.txvalidator] [34;1mValidate[0m -> [mychannel] Validated block [56] in 1ms
[34m2026-10-08 04:38:56.730 UTC 06fa INFO[0m [kvledger] [34;1mcommit[0m -> [mychannel] Committed block [56] with 1 transaction(s) in 3ms (state_validation=0ms block_and_pvtdata_commit=1ms state_commit=1ms) commitHash=[dfed5036c85e37b7a4bbc1f15b0df2b8a47e345779d88bd5531a79c4506da93f]
[34m2026-10-08 04:38:56.731 UTC 06fb INFO[0m [comm.grpc.server] [34;1m1[0m -> streaming call completed grpc.service=protos.Deliver grpc.method=DeliverFiltered grpc.request_deadline=2026-10-08T04:39:19.677Z grpc.peer_address=172.18.0.1:48104 error="context finished before block retrieved: context canceled" grpc.code=Unknown grpc.call_duration=2.053209213s
[34m2026-10-08 04:38:56.732 UTC 06fc INFO[0m [grpc] [34;1mInfof[0m -> [transport] [server-transport 0xc0049fa1a0] Closing: EOF
[34m2026-10-08 04:38:56.732 UTC 06fd INFO[0m [grpc] [34;1mInfof[0m -> [transport] [server-transport 0xc0049fa1a0] loopyWriter exiting with error: transport closed by client
[34m2026-10-08 04:38:56.733 UTC 06fe INFO[0m [grpc] [34;1mInfof[0m -> [transport] [server-transport 0xc004c7e000] Closing: EOF
[34m2026-10-08 04:38:56.733 UTC 06ff INFO[0m [grpc] [34;1mInfof[0m -> [transport] [server-transport 0xc004c7e000] loopyWriter exiting with error: transport closed by client
[34m2026-10-08 04:38:56.794 UTC 0700 INFO[0m [endorser] [34;1mcallChaincode[0m -> finished chaincode: bzt duration: 2ms channel=mychannel txID=076e9f24
[34m2026-10-08 04:38:56.794 UTC 0701 INFO[0m [comm.grpc.server] [34;1m1[0m -> unary call completed grpc.service=protos.Endorser grpc.method=ProcessProposal grpc.peer_address=172.18.0.1:48114 grpc.code=OK grpc.call_duration=3.631818ms
[34m2026-10-08 04:38:58.839 UTC 0702 INFO[0m [gossip.privdata] [34;1mStoreBlock[0m -> Received block [57] from buffer channel=mychannel
[34m2026-10-08 04:38:58.840 UTC 0703 INFO[0m [committer.txvalidator] [34;1mValidate[0m -> [mychannel] Validated block [57] in 1ms
[34m2026-10-08 04:38:58.843 UTC 0704 INFO[0m [kvledger] [34;1mcommit[0m -> [mychannel] Committed block [57] with 1 transaction(s) in 2ms (state_validation=0ms block_and_pvtdata_commit=1ms state_commit=1ms) commitHash=[8899cc80c8e204d889f4102533d9aa9e8e2ff68d692ead36a63c5116dbf7a3a2]
[34m2026-10-08 04:38:58.848 UTC 0705 INFO[0m [grpc] [34;1mInfof[0m -> [transport] [server-transport 0xc0048661a0] Closing: EOF
[34m2026-10-08 04:38:58.848 UTC 0706 INFO[0m [grpc] [34;1mInfof[0m -> [transport] [server-transport 0xc004c7e680] Closing: EOF
[34m2026-10-08 04:38:58.848 UTC 0707 INFO[0m [grpc] [34;1mInfof[0m -> [transport] [server-transport 0xc0048661a0] loopyWriter exiting with error: transport closed by client
[34m2026-10-08 04:38:58.848 UTC 0708 INFO[0m [grpc] [34;1mInfof[0m -> [transport] [server-transport 0xc004c7e680] loopyWriter exiting with error: transport closed by client
[34m2026-10-08 04:38:58.849 UTC 0709 INFO[0m [comm.grpc.server] [34;1m1[0m -> streaming call completed grpc.service=protos.Deliver grpc.method=DeliverFiltered grpc.request_deadline=2026-10-08T04:39:21.796Z grpc.peer_address=172.18.0.1:48116 error="context finished before block retrieved: context canceled" grpc.code=Unknown grpc.call_duration=2.052832721s
[34m2026-10-08 04:38:58.911 UTC 070a INFO[0m [endorser] [34;1mcallChaincode[0m -> finished chaincode: bzt duration: 5ms channel=mychannel txID=4f7db762
[34m2026-10-08 04:38:58.912 UTC 070b INFO[0m [comm.grpc.server] [34;1m1[0m -> unary call completed grpc.service=protos.Endorser grpc.method=ProcessProposal grpc.peer_address=172.18.0.1:48120 grpc.code=OK grpc.call_duration=5.781233ms
[34m2026-10-08 04:39:00.959 UTC 070c INFO[0m [gossip.privdata] [34;1mStoreBlock[0m -> Received block [58] from buffer channel=mychannel
[34m2026-10-08 04:39:00.960 UTC 070d INFO[0m [committer.txvalidator] [34;1mValidate[0m -> [mychannel] Validated block [58] in 0ms
[34m2026-10-08 04:39:00.962 UTC 070e INFO[0m [kvledger] [34;1mcommit[0m -> [mychannel] Committed block [58] with 1 transaction(s) in 1ms (state_validation=0ms block_and_pvtdata_commit=0ms state_commit=0ms) commitHash=[1d6502084bfd261a5537d0f9cec805b598a0ac3ca7d768af6e82d93c27da4a51]
[34m2026-10-08 04:39:00.965 UTC 070f INFO[0m [grpc] [34;1mInfof[0m -> [transport] [server-transport 0xc0058e4340] Closing: EOF
[34m2026-10-08 04:39:00.966 UTC 0710 INFO[0m [grpc] [34;1mInfof[0m -> [transport] [server-transport 0xc004866340] Closing: EOF
[34m2026-10-08 04:39:00.966 UTC 0711 INFO[0m [comm.grpc.server] [34;1m1[0m -> streaming call completed grpc.service=protos.Deliver grpc.method=DeliverFiltered grpc.request_deadline=2026-10-08T04:39:23.913Z grpc.peer_address=172.18.0.1:48130 error="context finished before block retrieved: context canceled" grpc.code=Unknown grpc.call_duration=2.052881544s
[34m2026-10-08 04:39:00.966 UTC 0712 INFO[0m [grpc] [34;1mInfof[0m -> [transport] [server-transport 0xc0058e4340] loopyWriter exiting with error: transport closed by client
[34m2026-10-08 04:39:00.966 UTC 0713 INFO[0m [grpc] [34;1mInfof[0m -> [transport] [server-transport 0xc004866340] loopyWriter exiting with error: transport closed by client
[34m2026-10-08 04:39:01.038 UTC 0714 INFO[0m [endorser] [34;1mcallChaincode[0m -> finished chaincode: bzt duration: 3ms channel=mychannel txID=469c64e6
[34m2026-10-08 04:39:01.038 UTC 0715 INFO[0m [comm.grpc.server] [34;1m1[0m -> unary call completed grpc.service=protos.Endorser grpc.method=ProcessProposal grpc.peer_address=172.18.0.1:48138 grpc.code=OK grpc.call_duration=5.113953ms
[34m2026-10-08 04:39:03.076 UTC 0716 INFO[0m [gossip.privdata] [34;1mStoreBlock[0m -> Received block [59] from buffer channel=mychannel
[34m2026-10-08 04:39:03.078 UTC 0717 INFO[0m [committer.txvalidator] [34;1mValidate[0m -> [mychannel] Validated block [59] in 1ms
[34m2026-10-08 04:39:03.079 UTC 0718 INFO[0m [kvledger] [34;1mcommit[0m -> [mychannel] Committed block [59] with 1 transaction(s) in 1ms (state_validation=0ms block_and_pvtdata_commit=1ms state_commit=0ms) commitHash=[4c0cd414bfd14107be5d40e3788ad344f4283ffed8fee6cd14e8a23531aaf8dc]
[34m2026-10-08 04:39:03.081 UTC 0719 INFO[0m [comm.grpc.server] [34;1m1[0m -> streaming call completed grpc.service=protos.Deliver grpc.method=DeliverFiltered grpc.request_deadline=2026-10-08T04:39:26.04Z grpc.peer_address=172.18.0.1:48142 error="context finished before block retrieved: context canceled" grpc.code=Unknown grpc.call_duration=2.041155802s
[34m2026-10-08 04:39:03.083 UTC 071a INFO[0m [grpc] [34;1mInfof[0m -> [transport] [server-transport 0xc004c7ed00] Closing: EOF
[34m2026-10-08 04:39:03.083 UTC 071b INFO[0m [grpc] [34;1mInfof[0m -> [transport] [server-transport 0xc004c7ed00] loopyWriter exiting with error: transport closed by client
[34m2026-10-08 04:39:03.084 UTC 071c INFO[0m [grpc] [34;1mInfof[0m -> [transport] [server-transport 0xc004c7eb60] Closing: EOF
[34m2026-10-08 04:39:03.084 UTC 071d INFO[0m [grpc] [34;1mInfof[0m -> [transport] [server-transport 0xc004c7eb60] loopyWriter exiting with error: transport closed by client
[34m2026-10-08 04:39:03.146 UTC 071e INFO[0m [endorser] [34;1mcallChaincode[0m -> finished chaincode: bzt duration: 3ms channel=mychannel txID=1aebd769
[34m2026-10-08 04:39:03.146 UTC 071f INFO[0m [comm.grpc.server] [34;1m1[0m -> unary call completed grpc.service=protos.Endorser grpc.method=ProcessProposal grpc.peer_address=172.18.0.1:50956 grpc.code=OK grpc.call_duration=4.597208ms
[34m2026-10-08 04:39:05.195 UTC 0720 INFO[0m [gossip.privdata] [34;1mStoreBlock[0m -> Received block [60] from buffer channel=mychannel
[34m2026-10-08 04:39:05.195 UTC 0721 INFO[0m [committer.txvalidator] [34;1mValidate[0m -> [mychannel] Validated block [60] in 0ms
[34m2026-10-08 04:39:05.198 UTC 0722 INFO[0m [kvledger] [34;1mcommit[0m -> [mychannel] Committed block [60] with 1 transaction(s) in 1ms (state_validation=0ms block_and_pvtdata_commit=1ms state_commit=0ms) commitHash=[d1fca1e2558551c088d605bee90aeaa607214d3b24d2519799c004db32158b19]
[34m2026-10-08 04:39:05.199 UTC 0723 INFO[0m [comm.grpc.server] [34;1m1[0m -> streaming call completed grpc.service=protos.Deliver grpc.method=DeliverFiltered grpc.request_deadline=2026-10-08T04:39:28.148Z grpc.peer_address=172.18.0.1:50968 error="context finished before block retrieved: context canceled" grpc.code=Unknown grpc.call_duration=2.051364932s
[34m2026-10-08 04:39:05.201 UTC 0724 INFO[0m [grpc] [34;1mInfof[0m -> [transport] [server-transport 0xc004c7f040] Closing: EOF
[34m2026-10-08 04:39:05.201 UTC 0726 INFO[0m [grpc] [34;1mInfof[0m -> [transport] [server-transport 0xc004c7f040] loopyWriter exiting with error: transport closed by client
[34m2026-10-08 04:39:05.201 UTC 0725 INFO[0m [grpc] [34;1mInfof[0m -> [transport] [server-transport 0xc004c7eea0] Closing: EOF
[34m2026-10-08 04:39:05.201 UTC 0727 INFO[0m [grpc] [34;1mInfof[0m -> [transport] [server-transport 0xc004c7eea0] loopyWriter exiting with error: transport closed by client
[34m2026-10-08 04:39:05.264 UTC 0728 INFO[0m [endorser] [34;1mcallChaincode[0m -> finished chaincode: bzt duration: 4ms channel=mychannel txID=e9e650e7
[34m2026-10-08 04:39:05.264 UTC 0729 INFO[0m [comm.grpc.server] [34;1m1[0m -> unary call completed grpc.service=protos.Endorser grpc.method=ProcessProposal grpc.peer_address=172.18.0.1:50982 grpc.code=OK grpc.call_duration=4.876879ms
[34m2026-10-08 04:39:07.312 UTC 072a INFO[0m [gossip.privdata] [34;1mStoreBlock[0m -> Received block [61] from buffer channel=mychannel
[34m2026-10-08 04:39:07.313 UTC 072b INFO[0m [committer.txvalidator] [34;1mValidate[0m -> [mychannel] Validated block [61] in 0ms
[34m2026-10-08 04:39:07.316 UTC 072c INFO[0m [kvledger] [34;1mcommit[0m -> [mychannel] Committed block [61] with 1 transaction(s) in 2ms (state_validation=0ms block_and_pvtdata_commit=1ms state_commit=0ms) commitHash=[05e5f4ca2e44d2e343c51252d92bb92eba9955665951ac7d0d9b2e07fdb75d6d]
[34m2026-10-08 04:39:07.316 UTC 072d INFO[0m [comm.grpc.server] [34;1m1[0m -> streaming call completed grpc.service=protos.Deliver grpc.method=DeliverFiltered grpc.request_deadline=2026-10-08T04:39:30.265Z grpc.peer_address=172.18.0.1:50996 error="context finished before block retrieved: context canceled" grpc.code=Unknown grpc.call_duration=2.05160498s
[34m2026-10-08 04:39:07.318 UTC 072f INFO[0m [grpc] [34;1mInfof[0m -> [transport] [server-transport 0xc0049fa340] Closing: EOF
[34m2026-10-08 04:39:07.318 UTC 072e INFO[0m [grpc] [34;1mInfof[0m -> [transport] [server-transport 0xc0058e4820] Closing: EOF
[34m2026-10-08 04:39:07.319 UTC 0730 INFO[0m [grpc] [34;1mInfof[0m -> [transport] [server-transport 0xc0058e4820] loopyWriter exiting with error: transport closed by client
[34m2026-10-08 04:39:07.319 UTC 0731 INFO[0m [grpc] [34;1mInfof[0m -> [transport] [server-transport 0xc0049fa340] loopyWriter exiting with error: transport closed by client
[34m2026-10-08 04:39:07.379 UTC 0732 INFO[0m [endorser] [34;1mcallChaincode[0m -> finished chaincode: bzt duration: 3ms channel=mychannel txID=e8a55545
[34m2026-10-08 04:39:07.380 UTC 0733 INFO[0m [comm.grpc.server] [34;1m1[0m -> unary call completed grpc.service=protos.Endorser grpc.method=ProcessProposal grpc.peer_address=172.18.0.1:51008 grpc.code=OK grpc.call_duration=3.853552ms
[34m2026-10-08 04:39:09.424 UTC 0734 INFO[0m [gossip.privdata] [34;1mStoreBlock[0m -> Received block [62] from buffer channel=mychannel
[34m2026-10-08 04:39:09.426 UTC 0735 INFO[0m [committer.txvalidator] [34;1mValidate[0m -> [mychannel] Validated block [62] in 1ms
[34m2026-10-08 04:39:09.428 UTC 0736 INFO[0m [kvledger] [34;1mcommit[0m -> [mychannel] Committed block [62] with 1 transaction(s) in 1ms (state_validation=0ms block_and_pvtdata_commit=0ms state_commit=0ms) commitHash=[896f639ea581b5e71804614cbabb0cb9b528980f81247aa9649780eec2627330]
[34m2026-10-08 04:39:09.431 UTC 0737 INFO[0m [grpc] [34;1mInfof[0m -> [transport] [server-transport 0xc004866820] Closing: EOF
[34m2026-10-08 04:39:09.431 UTC 0738 INFO[0m [grpc] [34;1mInfof[0m -> [transport] [server-transport 0xc0058e49c0] Closing: EOF
[34m2026-10-08 04:39:09.431 UTC 0739 INFO[0m [grpc] [34;1mInfof[0m -> [transport] [server-transport 0xc0058e49c0] loopyWriter exiting with error: transport closed by client
[34m2026-10-08 04:39:09.431 UTC 073a INFO[0m [grpc] [34;1mInfof[0m -> [transport] [server-transport 0xc004866820] loopyWriter exiting with error: transport closed by client
[34m2026-10-08 04:39:09.432 UTC 073b INFO[0m [comm.grpc.server] [34;1m1[0m -> streaming call completed grpc.service=protos.Deliver grpc.method=DeliverFiltered grpc.request_deadline=2026-10-08T04:39:32.381Z grpc.peer_address=172.18.0.1:51014 error="context finished before block retrieved: context canceled" grpc.code=Unknown grpc.call_duration=2.050757798s
[34m2026-10-08 04:39:09.493 UTC 073c INFO[0m [endorser] [34;1mcallChaincode[0m -> finished chaincode: bzt duration: 3ms channel=mychannel txID=1480c3c9
[34m2026-10-08 04:39:09.493 UTC 073d INFO[0m [comm.grpc.server] [34;1m1[0m -> unary call completed grpc.service=protos.Endorser grpc.method=ProcessProposal grpc.peer_address=172.18.0.1:51026 grpc.code=OK grpc.call_duration=4.1622ms
[34m2026-10-08 04:39:11.544 UTC 073e INFO[0m [gossip.privdata] [34;1mStoreBlock[0m -> Received block [63] from buffer channel=mychannel
[34m2026-10-08 04:39:11.545 UTC 073f INFO[0m [committer.txvalidator] [34;1mValidate[0m -> [mychannel] Validated block [63] in 1ms
[34m2026-10-08 04:39:11.546 UTC 0740 INFO[0m [kvledger] [34;1mcommit[0m -> [mychannel] Committed block [63] with 1 transaction(s) in 1ms (state_validation=0ms block_and_pvtdata_commit=1ms state_commit=0ms) commitHash=[02d47be83116d77c29ed7515e04554571b45ce5056367aadd5a4c09a6c1badd7]
[34m2026-10-08 04:39:11.549 UTC 0741 INFO[0m [grpc] [34;1mInfof[0m -> [transport] [server-transport 0xc0058e4d00] Closing: EOF
[34m2026-10-08 04:39:11.549 UTC 0742 INFO[0m [grpc] [34;1mInfof[0m -> [transport] [server-transport 0xc0058e4b60] Closing: EOF
[34m2026-10-08 04:39:11.549 UTC 0743 INFO[0m [grpc] [34;1mInfof[0m -> [transport] [server-transport 0xc0058e4d00] loopyWriter exiting with error: transport closed by client
[34m2026-10-08 04:39:11.549 UTC 0744 INFO[0m [grpc] [34;1mInfof[0m -> [transport] [server-transport 0xc0058e4b60] loopyWriter exiting with error: transport closed by client
[34m2026-10-08 04:39:11.549 UTC 0745 INFO[0m [comm.grpc.server] [34;1m1[0m -> streaming call completed grpc.service=protos.Deliver grpc.method=DeliverFiltered grpc.request_deadline=2026-10-08T04:39:34.494Z grpc.peer_address=172.18.0.1:51042 error="context finished before block retrieved: context canceled" grpc.code=Unknown grpc.call_duration=2.055226601s
[34m2026-10-08 04:39:11.612 UTC 0746 INFO[0m [endorser] [34;1mcallChaincode[0m -> finished chaincode: bzt duration: 4ms channel=mychannel txID=f404fc9e
[34m2026-10-08 04:39:11.613 UTC 0747 INFO[0m [comm.grpc.server] [34;1m1[0m -> unary call completed grpc.service=protos.Endorser grpc.method=ProcessProposal grpc.peer_address=172.18.0.1:51050 grpc.code=OK grpc.call_duration=4.964598ms
[34m2026-10-08 04:39:13.657 UTC 0748 INFO[0m [gossip.privdata] [34;1mStoreBlock[0m -> Received block [64] from buffer channel=mychannel
[34m2026-10-08 04:39:13.659 UTC 0749 INFO[0m [committer.txvalidator] [34;1mValidate[0m -> [mychannel] Validated block [64] in 1ms
[34m2026-10-08 04:39:13.660 UTC 074a INFO[0m [kvledger] [34;1mcommit[0m -> [mychannel] Committed block [64] with 1 transaction(s) in 1ms (state_validation=0ms block_and_pvtdata_commit=0ms state_commit=0ms) commitHash=[feb3773ecfdd253bf11be1bac494c34abb2ec31472cb1ed9e775c560db106d3d]
[34m2026-10-08 04:39:13.662 UTC 074b INFO[0m [comm.grpc.server] [34;1m1[0m -> streaming call completed grpc.service=protos.Deliver grpc.method=DeliverFiltered grpc.request_deadline=2026-10-08T04:39:36.614Z grpc.peer_address=172.18.0.1:51054 error="context finished before block retrieved: context canceled" grpc.code=Unknown grpc.call_duration=2.047846325s
[34m2026-10-08 04:39:13.663 UTC 074c INFO[0m [grpc] [34;1mInfof[0m -> [transport] [server-transport 0xc0048669c0] Closing: EOF
[34m2026-10-08 04:39:13.664 UTC 074e INFO[0m [grpc] [34;1mInfof[0m -> [transport] [server-transport 0xc0048669c0] loopyWriter exiting with error: transport closed by client
[34m2026-10-08 04:39:13.663 UTC 074d INFO[0m [grpc] [34;1mInfof[0m -> [transport] [server-transport 0xc004c7f380] Closing: EOF
[34m2026-10-08 04:39:13.664 UTC 074f INFO[0m [grpc] [34;1mInfof[0m -> [transport] [server-transport 0xc004c7f380] loopyWriter exiting with error: transport closed by client
