  "ServiceConfig": null,
  "Attributes": null
}
[34m2026-10-08 04:38:12.527 UTC 050d INFO[0m [grpc] [34;1mAddTraceEvent[0m -> [core] [Channel #109]Channel exiting idle mode
[34m2026-10-08 04:38:12.527 UTC 050e INFO[0m [grpc] [34;1mAddTraceEvent[0m -> [core] [Channel #110]Channel Connectivity change to CONNECTING
[34m2026-10-08 04:38:12.527 UTC 050f INFO[0m [grpc] [34;1mAddTraceEvent[0m -> [core] [Channel #111 SubChannel #114]Subchannel created
[34m2026-10-08 04:38:12.528 UTC 0510 INFO[0m [grpc] [34;1mAddTraceEvent[0m -> [core] [Channel #111]Channel Connectivity change to CONNECTING
[34m2026-10-08 04:38:12.528 UTC 0511 INFO[0m [grpc] [34;1mAddTraceEvent[0m -> [core] [Channel #110]Channel exiting idle mode
[34m2026-10-08 04:38:12.528 UTC 0513 INFO[0m [grpc] [34;1mAddTraceEvent[0m -> [core] [Channel #111]Channel exiting idle mode
[34m2026-10-08 04:38:12.528 UTC 0512 INFO[0m [grpc] [34;1mAddTraceEvent[0m -> [core] [Channel #109 SubChannel #112]Subchannel Connectivity change to CONNECTING
[34m2026-10-08 04:38:12.528 UTC 0514 INFO[0m [grpc] [34;1mAddTraceEvent[0m -> [core] [Channel #110 SubChannel #113]Subchannel Connectivity change to CONNECTING
[34m2026-10-08 04:38:12.528 UTC 0515 INFO[0m [grpc] [34;1mAddTraceEvent[0m -> [core] [Channel #109 SubChannel #112]Subchannel picks a new address "orderer.example.com:7050" to connect
[34m2026-10-08 04:38:12.528 UTC 0517 INFO[0m [grpc] [34;1mAddTraceEvent[0m -> [core] [Channel #110 SubChannel #113]Subchannel picks a new address "orderer2.example.com:7052" to connect
[34m2026-10-08 04:38:12.528 UTC 0518 INFO[0m [grpc] [34;1mAddTraceEvent[0m -> [core] [Channel #108]Channel switches to new LB policy "pick_first"
[34m2026-10-08 04:38:12.528 UTC 0519 INFO[0m [grpc] [34;1mInfof[0m -> [pick-first-lb] [pick-first-lb 0xc000ed27e0] Received SubConn state update: 0xc000ed2900, {ConnectivityState:CONNECTING ConnectionError:<nil> connectedAddress:{Addr: ServerName: Attributes:<nil> BalancerAttributes:<nil> Metadata:<nil>}}
[34m2026-10-08 04:38:12.528 UTC 0516 INFO[0m [grpc] [34;1mAddTraceEvent[0m -> [core] [Channel #111 SubChannel #114]Subchannel Connectivity change to CONNECTING
[34m2026-10-08 04:38:12.528 UTC 051a INFO[0m [grpc] [34;1mAddTraceEvent[0m -> [core] [Channel #111 SubChannel #114]Subchannel picks a new address "orderer3.example.com:7056" to connect
[34m2026-10-08 04:38:12.528 UTC 051b INFO[0m [grpc] [34;1mInfof[0m -> [pick-first-lb] [pick-first-lb 0xc000265230] Received new config {
  "shuffleAddressList": false
}, resolver state {
  "Addresses": [
    {
      "Addr": "orderer4.example.com:7058",
      "ServerName": "",
      "Attributes": null,
      "BalancerAttributes": null,
      "Metadata": null
    }
  ],
  "Endpoints": [
    {
      "Addresses": [
        {
          "Addr": "orderer4.example.com:7058",
          "ServerName": "",
          "Attributes": null,
          "BalancerAttributes": null,
          "Metadata": null
        }
      ],
      "Attributes": null
    }
  ],
  "ServiceConfig": null,
  "Attributes": null
}
[34m2026-10-08 04:38:12.528 UTC 051e INFO[0m [grpc] [34;1mInfof[0m -> [pick-first-lb] [pick-first-lb 0xc00063a090] Received SubConn state update: 0xc00063a210, {ConnectivityState:CONNECTING ConnectionError:<nil> connectedAddress:{Addr: ServerName: Attributes:<nil> BalancerAttributes:<nil> Metadata:<nil>}}
[34m2026-10-08 04:38:12.528 UTC 051d INFO[0m [grpc] [34;1mInfof[0m -> [pick-first-lb] [pick-first-lb 0xc0006b1050] Received SubConn state update: 0xc0006b1260, {ConnectivityState:CONNECTING ConnectionError:<nil> connectedAddress:{Addr: ServerName: Attributes:<nil> BalancerAttributes:<nil> Metadata:<nil>}}
[34m2026-10-08 04:38:12.528 UTC 051c INFO[0m [grpc] [34;1mAddTraceEvent[0m -> [core] [Channel #108 SubChannel #115]Subchannel created
[34m2026-10-08 04:38:12.528 UTC 051f INFO[0m [grpc] [34;1mAddTraceEvent[0m -> [core] [Channel #108]Channel Connectivity change to CONNECTING
[34m2026-10-08 04:38:12.528 UTC 0520 INFO[0m [grpc] [34;1mAddTraceEvent[0m -> [core] [Channel #108]Channel exiting idle mode
[34m2026-10-08 04:38:12.528 UTC 0521 INFO[0m [grpc] [34;1mAddTraceEvent[0m -> [core] [Channel #108 SubChannel #115]Subchannel Connectivity change to CONNECTING
[34m2026-10-08 04:38:12.528 UTC 0522 INFO[0m [grpc] [34;1mAddTraceEvent[0m -> [core] [Channel #108 SubChannel #115]Subchannel picks a new address "orderer4.example.com:7058" to connect
[34m2026-10-08 04:38:12.528 UTC 0523 INFO[0m [grpc] [34;1mInfof[0m -> [pick-first-lb] [pick-first-lb 0xc000265230] Received SubConn state update: 0xc000265380, {ConnectivityState:CONNECTING ConnectionError:<nil> connectedAddress:{Addr: ServerName: Attributes:<nil> BalancerAttributes:<nil> Metadata:<nil>}}
[34m2026-10-08 04:38:12.532 UTC 0524 INFO[0m [grpc] [34;1mAddTraceEvent[0m -> [core] [Channel #110 SubChannel #113]Subchannel Connectivity change to READY
[34m2026-10-08 04:38:12.532 UTC 0525 INFO[0m [grpc] [34;1mInfof[0m -> [pick-first-lb] [pick-first-lb 0xc0006b1050] Received SubConn state update: 0xc0006b1260, {ConnectivityState:READY ConnectionError:<nil> connectedAddress:{Addr:orderer2.example.com:7052 ServerName:orderer2.example.com:7052 Attributes:<nil> BalancerAttributes:<nil> Metadata:<nil>}}
[34m2026-10-08 04:38:12.532 UTC 0526 INFO[0m [grpc] [34;1mAddTraceEvent[0m -> [core] [Channel #110]Channel Connectivity change to READY
[34m2026-10-08 04:38:12.532 UTC 0527 INFO[0m [grpc] [34;1mAddTraceEvent[0m -> [core] [Channel #111 SubChannel #114]Subchannel Connectivity change to READY
[34m2026-10-08 04:38:12.532 UTC 0528 INFO[0m [grpc] [34;1mInfof[0m -> [pick-first-lb] [pick-first-lb 0xc00063a090] Received SubConn state update: 0xc00063a210, {ConnectivityState:READY ConnectionError:<nil> connectedAddress:{Addr:orderer3.example.com:7056 ServerName:orderer3.example.com:7056 Attributes:<nil> BalancerAttributes:<nil> Metadata:<nil>}}
[34m2026-10-08 04:38:12.532 UTC 0529 INFO[0m [grpc] [34;1mAddTraceEvent[0m -> [core] [Channel #111]Channel Connectivity change to READY
[34m2026-10-08 04:38:12.532 UTC 052a INFO[0m [grpc] [34;1mAddTraceEvent[0m -> [core] [Channel #108 SubChannel #115]Subchannel Connectivity change to READY
[34m2026-10-08 04:38:12.533 UTC 052b INFO[0m [grpc] [34;1mAddTraceEvent[0m -> [core] [Channel #109 SubChannel #112]Subchannel Connectivity change to READY
[34m2026-10-08 04:38:12.533 UTC 052c INFO[0m [grpc] [34;1mInfof[0m -> [pick-first-lb] [pick-first-lb 0xc000ed27e0] Received SubConn state update: 0xc000ed2900, {ConnectivityState:READY ConnectionError:<nil> connectedAddress:{Addr:orderer.example.com:7050 ServerName:orderer.example.com:7050 Attributes:<nil> BalancerAttributes:<nil> Metadata:<nil>}}
[34m2026-10-08 04:38:12.533 UTC 052d INFO[0m [grpc] [34;1mAddTraceEvent[0m -> [core] [Channel #109]Channel Connectivity change to READY
[34m2026-10-08 04:38:12.534 UTC 052e INFO[0m [grpc] [34;1mInfof[0m -> [pick-first-lb] [pick-first-lb 0xc000265230] Received SubConn state update: 0xc000265380, {ConnectivityState:READY ConnectionError:<nil> connectedAddress:{Addr:orderer4.example.com:7058 ServerName:orderer4.example.com:7058 Attributes:<nil> BalancerAttributes:<nil> Metadata:<nil>}}
[34m2026-10-08 04:38:12.534 UTC 052f INFO[0m [grpc] [34;1mAddTraceEvent[0m -> [core] [Channel #108]Channel Connectivity change to READY
[34m2026-10-08 04:38:12.534 UTC 0530 INFO[0m [orderer.common.cluster.puller] [34;1mfetchLastBlockSeq[0m -> [channel: mychannel] orderer3.example.com:7056 is at block sequence of 48
[34m2026-10-08 04:38:12.534 UTC 0531 INFO[0m [orderer.common.cluster.puller] [34;1mfetchLastBlockSeq[0m -> [channel: mychannel] orderer.example.com:7050 is at block sequence of 48
[34m2026-10-08 04:38:12.535 UTC 0532 INFO[0m [orderer.common.cluster.puller] [34;1mfetchLastBlockSeq[0m -> [channel: mychannel] orderer2.example.com:7052 is at block sequence of 48
[34m2026-10-08 04:38:12.535 UTC 0533 INFO[0m [comm.grpc.server] [34;1m1[0m -> streaming call completed grpc.service=orderer.AtomicBroadcast grpc.method=Deliver grpc.peer_address=172.18.0.2:48386 grpc.peer_subject="CN=orderer.example.com,L=San Francisco,ST=California,C=US" error="context finished before block retrieved: context canceled" grpc.code=Unknown grpc.call_duration=1.67651ms
[34m2026-10-08 04:38:12.535 UTC 0534 INFO[0m [orderer.common.cluster.puller] [34;1mfetchLastBlockSeq[0m -> [channel: mychannel] orderer4.example.com:7058 is at block sequence of 33
[34m2026-10-08 04:38:12.535 UTC 0535 INFO[0m [grpc] [34;1mAddTraceEvent[0m -> [core] [Channel #110]Channel Connectivity change to SHUTDOWN
[34m2026-10-08 04:38:12.535 UTC 0536 INFO[0m [grpc] [34;1mAddTraceEvent[0m -> [core] [Channel #110]Closing the name resolver
[34m2026-10-08 04:38:12.535 UTC 0537 INFO[0m [grpc] [34;1mAddTraceEvent[0m -> [core] [Channel #110]ccBalancerWrapper: closing
[34m2026-10-08 04:38:12.535 UTC 0538 INFO[0m [grpc] [34;1mAddTraceEvent[0m -> [core] [Channel #110 SubChannel #113]Subchannel Connectivity change to SHUTDOWN
[34m2026-10-08 04:38:12.535 UTC 0539 INFO[0m [grpc] [34;1mAddTraceEvent[0m -> [core] [Channel #110 SubChannel #113]Subchannel deleted
[34m2026-10-08 04:38:12.536 UTC 053a INFO[0m [grpc] [34;1mInfof[0m -> [transport] [client-transport 0xc000846b48] Closing: rpc error: code = Canceled desc = grpc: the client connection is closing
[34m2026-10-08 04:38:12.536 UTC 053b INFO[0m [grpc] [34;1mInfof[0m -> [transport] [client-transport 0xc000846b48] loopyWriter exiting with error: rpc error: code = Canceled desc = grpc: the client connection is closing
[34m2026-10-08 04:38:12.536 UTC 053c INFO[0m [grpc] [34;1mAddTraceEvent[0m -> [core] [Channel #110]Channel deleted
[34m2026-10-08 04:38:12.536 UTC 053d INFO[0m [grpc] [34;1mAddTraceEvent[0m -> [core] [Channel #108]Channel Connectivity change to SHUTDOWN
[34m2026-10-08 04:38:12.536 UTC 053e INFO[0m [grpc] [34;1mAddTraceEvent[0m -> [core] [Channel #108]Closing the name resolver
[34m2026-10-08 04:38:12.536 UTC 053f INFO[0m [grpc] [34;1mAddTraceEvent[0m -> [core] [Channel #108]ccBalancerWrapper: closing
[34m2026-10-08 04:38:12.536 UTC 0540 INFO[0m [grpc] [34;1mAddTraceEvent[0m -> [core] [Channel #108 SubChannel #115]Subchannel Connectivity change to SHUTDOWN
[34m2026-10-08 04:38:12.536 UTC 0541 INFO[0m [grpc] [34;1mAddTraceEvent[0m -> [core] [Channel #108 SubChannel #115]Subchannel deleted
[34m2026-10-08 04:38:12.536 UTC 0542 INFO[0m [grpc] [34;1mInfof[0m -> [transport] [client-transport 0xc000846d88] Closing: rpc error: code = Canceled desc = grpc: the client connection is closing
[34m2026-10-08 04:38:12.536 UTC 0543 INFO[0m [grpc] [34;1mInfof[0m -> [transport] [client-transport 0xc000846d88] loopyWriter exiting with error: rpc error: code = Canceled desc = grpc: the client connection is closing
[34m2026-10-08 04:38:12.536 UTC 0544 INFO[0m [grpc] [34;1mAddTraceEvent[0m -> [core] [Channel #108]Channel deleted
[34m2026-10-08 04:38:12.536 UTC 0545 INFO[0m [grpc] [34;1mAddTraceEvent[0m -> [core] [Channel #111]Channel Connectivity change to SHUTDOWN
[34m2026-10-08 04:38:12.536 UTC 0546 INFO[0m [grpc] [34;1mAddTraceEvent[0m -> [core] [Channel #111]Closing the name resolver
[34m2026-10-08 04:38:12.536 UTC 0547 INFO[0m [grpc] [34;1mAddTraceEvent[0m -> [core] [Channel #111]ccBalancerWrapper: closing
[34m2026-10-08 04:38:12.536 UTC 0548 INFO[0m [grpc] [34;1mAddTraceEvent[0m -> [core] [Channel #111 SubChannel #114]Subchannel Connectivity change to SHUTDOWN
[34m2026-10-08 04:38:12.536 UTC 0549 INFO[0m [grpc] [34;1mAddTraceEvent[0m -> [core] [Channel #111 SubChannel #114]Subchannel deleted
[34m2026-10-08 04:38:12.536 UTC 054a INFO[0m [grpc] [34;1mInfof[0m -> [transport] [client-transport 0xc001092908] Closing: rpc error: code = Canceled desc = grpc: the client connection is closing
[34m2026-10-08 04:38:12.536 UTC 054b INFO[0m [grpc] [34;1mInfof[0m -> [transport] [client-transport 0xc001092908] loopyWriter exiting with error: rpc error: code = Canceled desc = grpc: the client connection is closing
[34m2026-10-08 04:38:12.536 UTC 054c INFO[0m [grpc] [34;1mAddTraceEvent[0m -> [core] [Channel #111]Channel deleted
[34m2026-10-08 04:38:12.536 UTC 054d INFO[0m [grpc] [34;1mAddTraceEvent[0m -> [core] [Channel #109]Channel Connectivity change to SHUTDOWN
[34m2026-10-08 04:38:12.537 UTC 054e INFO[0m [grpc] [34;1mAddTraceEvent[0m -> [core] [Channel #109]Closing the name resolver
[34m2026-10-08 04:38:12.537 UTC 054f INFO[0m [grpc] [34;1mAddTraceEvent[0m -> [core] [Channel #109]ccBalancerWrapper: closing
[34m2026-10-08 04:38:12.537 UTC 0550 INFO[0m [grpc] [34;1mAddTraceEvent[0m -> [core] [Channel #109 SubChannel #112]Subchannel Connectivity change to SHUTDOWN
[34m2026-10-08 04:38:12.537 UTC 0551 INFO[0m [grpc] [34;1mAddTraceEvent[0m -> [core] [Channel #109 SubChannel #112]Subchannel deleted
[34m2026-10-08 04:38:12.537 UTC 0552 INFO[0m [grpc] [34;1mInfof[0m -> [transport] [client-transport 0xc000901688] Closing: rpc error: code = Canceled desc = grpc: the client connection is closing
[34m2026-10-08 04:38:12.537 UTC 0553 INFO[0m [grpc] [34;1mInfof[0m -> [transport] [client-transport 0xc000901688] loopyWriter exiting with error: rpc error: code = Canceled desc = grpc: the client connection is closing
[34m2026-10-08 04:38:12.537 UTC 0554 INFO[0m [grpc] [34;1mAddTraceEvent[0m -> [core] [Channel #109]Channel deleted
[34m2026-10-08 04:38:12.537 UTC 0555 INFO[0m [grpc] [34;1mInfof[0m -> [transport] [server-transport 0xc0002f2ea0] Closing: EOF
[34m2026-10-08 04:38:12.537 UTC 0556 INFO[0m [orderer.common.cluster.puller] [34;1mHeightsByEndpoints[0m -> Returning the heights of OSNs mapped by endpoints: map[orderer.example.com:7050:49 orderer2.example.com:7052:49 orderer3.example.com:7056:49 orderer4.example.com:7058:34] out of which my own endpoint is orderer.example.com:7050
[34m2026-10-08 04:38:12.537 UTC 0557 INFO[0m [orderer.consensus.smartbft.chain] [34;1mdetectTargetHeight[0m -> HeightsByEndpoints: map[orderer.example.com:7050:49 orderer2.example.com:7052:49 orderer3.example.com:7056:49 orderer4.example.com:7058:34], my endpoint: orderer.example.com:7050 channel=mychannel
[34m2026-10-08 04:38:12.537 UTC 0558 INFO[0m [orderer.consensus.smartbft.chain] [34;1mdetectTargetHeight[0m -> Detected target height: 49 channel=mychannel
[33m2026-10-08 04:38:12.537 UTC 055a WARN[0m [orderer.consensus.smartbft.chain] [33;1mSync[0m -> Could not synchronize with remote orderers due to already at target height of 49, returning state from local ledger channel=mychannel
[34m2026-10-08 04:38:12.537 UTC 0559 INFO[0m [grpc] [34;1mInfof[0m -> [transport] [server-transport 0xc0002f2ea0] loopyWriter exiting with error: transport closed by client
[34m2026-10-08 04:38:12.538 UTC 055b INFO[0m [orderer.consensus.smartbft.consensus] [34;1mCollectStateResponses[0m -> Node 1 collected a valid state: view - 1 and seq - 49 channel=mychannel
[34m2026-10-08 04:38:12.538 UTC 055c INFO[0m [orderer.consensus.smartbft.consensus] [34;1mmaybePruneInFlight[0m -> In-flight sequence is 49 but latest committed sequence is 48, will not delete in-flight channel=mychannel
[34m2026-10-08 04:38:12.538 UTC 055d INFO[0m [orderer.consensus.smartbft.consensus] [34;1mChangeRole[0m -> Changing to follower role, current view: 1, current leader: 2 channel=mychannel
[34m2026-10-08 04:38:12.538 UTC 055e INFO[0m [orderer.consensus.smartbft.consensus] [34;1mstartView[0m -> Starting view with number 1, sequence 49, and decisions 0 channel=mychannel
[33m2026-10-08 04:38:15.865 UTC 055f WARN[0m [orderer.consensus.smartbft.consensus] [33;1mprocessMsg[0m -> Node 1 got viewChange message view_change:{next_view:2} from 2 with view 2, expected view 3, help the lagging nodes channel=mychannel
[33m2026-10-08 04:38:16.198 UTC 0560 WARN[0m [orderer.consensus.smartbft.consensus] [33;1mprocessMsg[0m -> Node 1 got viewChange message view_change:{next_view:2} from 4 with view 2, expected view 3, help the lagging nodes channel=mychannel
[33m2026-10-08 04:38:17.033 UTC 0561 WARN[0m [orderer.consensus.smartbft.consensus] [33;1mprocessMsg[0m -> Node 1 got viewChange message view_change:{next_view:2} from 3 with view 2, expected view 3, help the lagging nodes channel=mychannel
[33m2026-10-08 04:38:19.201 UTC 0562 WARN[0m [orderer.consensus.smartbft.consensus] [33;1mprocessMsg[0m -> Node 1 got viewChange message view_change:{next_view:3} from 3 with view 3, expected view 4 channel=mychannel
[34m2026-10-08 04:38:19.210 UTC 0563 INFO[0m [comm.grpc.server] [34;1m1[0m -> streaming call completed grpc.service=orderer.AtomicBroadcast grpc.method=Deliver grpc.peer_address=172.18.0.7:39996 grpc.peer_subject="CN=orderer4.example.com,L=San Francisco,ST=California,C=US" error="context finished before block retrieved: context canceled" grpc.code=Unknown grpc.call_duration=1.518333ms
[34m2026-10-08 04:38:19.213 UTC 0564 INFO[0m [grpc] [34;1mInfof[0m -> [transport] [server-transport 0xc00075cb60] Closing: EOF
[34m2026-10-08 04:38:19.213 UTC 0565 INFO[0m [grpc] [34;1mInfof[0m -> [transport] [server-transport 0xc00075cb60] loopyWriter exiting with error: transport closed by client
[33m2026-10-08 04:38:20.865 UTC 0566 WARN[0m [orderer.consensus.smartbft.consensus] [33;1mprocessMsg[0m -> Node 1 got viewChange message view_change:{next_view:3} from 2 with view 3, expected view 4 channel=mychannel
[33m2026-10-08 04:38:21.199 UTC 0567 WARN[0m [orderer.consensus.smartbft.consensus] [33;1mprocessMsg[0m -> Node 1 got viewChange message view_change:{next_view:3} from 4 with view 3, expected view 4 channel=mychannel
[33m2026-10-08 04:38:23.032 UTC 0568 WARN[0m [orderer.consensus.smartbft.consensus] [33;1mprocessMsg[0m -> Node 1 got viewChange message view_change:{next_view:3} from 3 with view 3, expected view 4 channel=mychannel
[33m2026-10-08 04:38:26.865 UTC 0569 WARN[0m [orderer.consensus.smartbft.consensus] [33;1mprocessMsg[0m -> Node 1 got viewChange message view_change:{next_view:3} from 2 with view 3, expected view 4 channel=mychannel
[33m2026-10-08 04:38:27.198 UTC 056a WARN[0m [orderer.consensus.smartbft.consensus] [33;1mprocessMsg[0m -> Node 1 got viewChange message view_change:{next_view:3} from 4 with view 3, expected view 4 channel=mychannel
[33m2026-10-08 04:38:29.032 UTC 056b WARN[0m [orderer.consensus.smartbft.consensus] [33;1mprocessMsg[0m -> Node 1 got viewChange message view_change:{next_view:3} from 3 with view 3, expected view 4 channel=mychannel
[33m2026-10-08 04:38:32.865 UTC 056c WARN[0m [orderer.consensus.smartbft.consensus] [33;1mprocessMsg[0m -> Node 1 got viewChange message view_change:{next_view:3} from 2 with view 3, expected view 4 channel=mychannel
[33m2026-10-08 04:38:33.198 UTC 056d WARN[0m [orderer.consensus.smartbft.consensus] [33;1mprocessMsg[0m -> Node 1 got viewChange message view_change:{next_view:3} from 4 with view 3, expected view 4 channel=mychannel
[33m2026-10-08 04:38:35.032 UTC 056e WARN[0m [orderer.consensus.smartbft.consensus] [33;1mprocessMsg[0m -> Node 1 got viewChange message view_change:{next_view:3} from 3 with view 3, expected view 4 channel=mychannel
[33m2026-10-08 04:38:37.865 UTC 056f WARN[0m [orderer.consensus.smartbft.consensus] [33;1mprocessMsg[0m -> Node 1 got viewChange message view_change:{next_view:3} from 2 with view 3, expected view 4 channel=mychannel
[34m2026-10-08 04:38:39.043 UTC 0570 INFO[0m [comm.grpc.server] [34;1m1[0m -> streaming call completed grpc.service=orderer.AtomicBroadcast grpc.method=Deliver grpc.peer_address=172.18.0.5:42644 grpc.peer_subject="CN=orderer3.example.com,L=San Francisco,ST=California,C=US" error="context finished before block retrieved: context canceled" grpc.code=Unknown grpc.call_duration=1.545216ms
[34m2026-10-08 04:38:39.044 UTC 0571 INFO[0m [grpc] [34;1mInfof[0m -> [transport] [server-transport 0xc000e224e0] Closing: EOF
[34m2026-10-08 04:38:39.044 UTC 0572 INFO[0m [grpc] [34;1mInfof[0m -> [transport] [server-transport 0xc000e224e0] loopyWriter exiting with error: transport closed by client
[33m2026-10-08 04:38:39.198 UTC 0573 WARN[0m [orderer.consensus.smartbft.consensus] [33;1mprocessMsg[0m -> Node 1 got viewChange message view_change:{next_view:3} from 4 with view 3, expected view 4 channel=mychannel
[33m2026-10-08 04:38:39.198 UTC 0574 WARN[0m [orderer.consensus.smartbft.consensus] [33;1mprocessMsg[0m -> Node 1 got viewChange message view_change:{next_view:3} from 3 with view 3, expected view 4 channel=mychannel
[33m2026-10-08 04:38:39.525 UTC 0575 WARN[0m [orderer.consensus.smartbft.consensus] [33;1mprocessMsg[0m -> Node 1 got viewChange message view_change:{next_view:3} from 3 with view 3, expected view 4 channel=mychannel
[33m2026-10-08 04:38:39.867 UTC 0576 WARN[0m [orderer.consensus.smartbft.consensus] [33;1mprocessMsg[0m -> Node 1 got viewChange message view_change:{next_view:4} from 4 with view 4, expected view 5 channel=mychannel
[34m2026-10-08 04:38:39.871 UTC 0577 INFO[0m [orderer.consensus.smartbft.consensus] [34;1mChangeRole[0m -> Changing to leader role, current view: 4, current leader: 1 channel=mychannel
[34m2026-10-08 04:38:39.871 UTC 0578 INFO[0m [orderer.consensus.smartbft.consensus] [34;1mstartView[0m -> Starting view with number 4, sequence 49, and decisions 0 channel=mychannel
[34m2026-10-08 04:38:39.879 UTC 0579 INFO[0m [comm.grpc.server] [34;1m1[0m -> streaming call completed grpc.service=orderer.AtomicBroadcast grpc.method=Deliver grpc.peer_address=172.18.0.3:35472 grpc.peer_subject="CN=orderer2.example.com,L=San Francisco,ST=California,C=US" error="context finished before block retrieved: context canceled" grpc.code=Unknown grpc.call_duration=1.432908ms
[34m2026-10-08 04:38:39.881 UTC 057a INFO[0m [grpc] [34;1mInfof[0m -> [transport] [server-transport 0xc0002f31e0] Closing: EOF
[34m2026-10-08 04:38:39.881 UTC 057b INFO[0m [grpc] [34;1mInfof[0m -> [transport] [server-transport 0xc0002f31e0] loopyWriter exiting with error: transport closed by client
[34m2026-10-08 04:38:41.889 UTC 057c INFO[0m [orderer.consensus.smartbft.consensus] [34;1mprocessProposal[0m -> Processed proposal with seq 49 channel=mychannel
[34m2026-10-08 04:38:41.894 UTC 057d INFO[0m [orderer.consensus.smartbft.consensus] [34;1mprocessPrepares[0m -> 1 collected 2 prepares from [2 3] channel=mychannel
[34m2026-10-08 04:38:41.895 UTC 057e INFO[0m [orderer.consensus.smartbft.consensus] [34;1mprocessPrepares[0m -> Processed prepares for proposal with seq 49 channel=mychannel
[34m2026-10-08 04:38:41.900 UTC 057f INFO[0m [orderer.consensus.smartbft.consensus] [34;1mprocessCommits[0m -> 1 collected 2 commits from [4 2] channel=mychannel
[34m2026-10-08 04:38:41.900 UTC 0580 INFO[0m [orderer.consensus.smartbft.consensus] [34;1mprepared[0m -> 1 processed commits for proposal with seq 49 channel=mychannel
[34m2026-10-08 04:38:41.900 UTC 0581 INFO[0m [orderer.consensus.smartbft.consensus] [34;1mdecide[0m -> Deciding on seq 49 channel=mychannel
[34m2026-10-08 04:38:41.900 UTC 0582 INFO[0m [orderer.consensus.smartbft.consensus] [34;1mstartNextSeq[0m -> Sequence: 49-->50 channel=mychannel
[34m2026-10-08 04:38:41.900 UTC 0583 INFO[0m [orderer.consensus.smartbft.chain] [34;1mDeliver[0m -> Delivering proposal, writing block 49 with 10 transactions and metadata of total size 328 with signatures from [4 2 1] to the ledger, node id 1 channel=mychannel
[34m2026-10-08 04:38:41.900 UTC 0584 INFO[0m [orderer.consensus.smartbft.consensus] [34;1mdeleteRequest[0m -> Removed request {ec699e1addb641471c88171383b2a1dcb744b049195e45170e02b58350aa089d c989535b2f03b910ba88885d8126bf2a0f1feccb2fcbcbbc3a7fdb7fc04f2ecf} from request pool channel=mychannel
[34m2026-10-08 04:38:41.900 UTC 0585 INFO[0m [orderer.consensus.smartbft.consensus] [34;1mdeleteRequest[0m -> Removed request {ec699e1addb641471c88171383b2a1dcb744b049195e45170e02b58350aa089d 932133359eca4b056541b5f1202f54e3f6089a9b78282b63dd2d37ed3d68f4a5} from request pool channel=mychannel
[34m2026-10-08 04:38:41.901 UTC 0586 INFO[0m [orderer.consensus.smartbft.consensus] [34;1mdeleteRequest[0m -> Removed request {ec699e1addb641471c88171383b2a1dcb744b049195e45170e02b58350aa089d 3fb3cef9a67bedbaf835283006b07fef10f98cdd40b6bab65325da044399e982} from request pool channel=mychannel
[34m2026-10-08 04:38:41.901 UTC 0587 INFO[0m [orderer.consensus.smartbft.consensus] [34;1mdeleteRequest[0m -> Removed request {ec699e1addb641471c88171383b2a1dcb744b049195e45170e02b58350aa089d e5052f347c07c30d69d0b298d91924d96f57c3cb5635bbef32dd0292802b15f1} from request pool channel=mychannel
[34m2026-10-08 04:38:41.901 UTC 0588 INFO[0m [orderer.consensus.smartbft.consensus] [34;1mdeleteRequest[0m -> Removed request {ec699e1addb641471c88171383b2a1dcb744b049195e45170e02b58350aa089d 17206c6efa14b9ec8e9423d96a3700fecb631d04f548b76ed585365e84b5a91e} from request pool channel=mychannel
[34m2026-10-08 04:38:41.901 UTC 0589 INFO[0m [orderer.consensus.smartbft.consensus] [34;1mdeleteRequest[0m -> Removed request {ec699e1addb641471c88171383b2a1dcb744b049195e45170e02b58350aa089d 93eadc241f5b32e56e5ce51eb0fec9fc0b1dc3acffe39130dd68e3bde8c8fc61} from request pool channel=mychannel
[34m2026-10-08 04:38:41.901 UTC 058a INFO[0m [orderer.consensus.smartbft.consensus] [34;1mdeleteRequest[0m -> Removed request {ec699e1addb641471c88171383b2a1dcb744b049195e45170e02b58350aa089d 58490a50e9248ba62c73ea3be5f93838900dd644674c7df5ed8c771d6b35f8c6} from request pool channel=mychannel
[34m2026-10-08 04:38:41.901 UTC 058b INFO[0m [orderer.consensus.smartbft.consensus] [34;1mdeleteRequest[0m -> Removed request {ec699e1addb641471c88171383b2a1dcb744b049195e45170e02b58350aa089d 62979210985e276d63862779471cee6ff25ca40614dd7718ce549fd6e0330433} from request pool channel=mychannel
[34m2026-10-08 04:38:41.901 UTC 058c INFO[0m [orderer.consensus.smartbft.consensus] [34;1mdeleteRequest[0m -> Removed request {ec699e1addb641471c88171383b2a1dcb744b049195e45170e02b58350aa089d 468f99d4032a3d9553b5629934495cecb41c9897bc30d62c5ad88f3493022ad5} from request pool channel=mychannel
[34m2026-10-08 04:38:41.901 UTC 058d INFO[0m [orderer.consensus.smartbft.consensus] [34;1mdeleteRequest[0m -> Removed request {ec699e1addb641471c88171383b2a1dcb744b049195e45170e02b58350aa089d 05e7715732157cba755e4e7099887d892a1f913a090f2018b2408407adcce222} from request pool channel=mychannel
[34m2026-10-08 04:38:44.013 UTC 058e INFO[0m [orderer.consensus.smartbft.consensus] [34;1mprocessProposal[0m -> Processed proposal with seq 50 channel=mychannel
[34m2026-10-08 04:38:44.016 UTC 058f INFO[0m [orderer.consensus.smartbft.consensus] [34;1mprocessPrepares[0m -> 1 collected 2 prepares from [4 3] channel=mychannel
[34m2026-10-08 04:38:44.017 UTC 0590 INFO[0m [orderer.consensus.smartbft.consensus] [34;1mprocessPrepares[0m -> Processed prepares for proposal with seq 50 channel=mychannel
[34m2026-10-08 04:38:44.020 UTC 0591 INFO[0m [orderer.consensus.smartbft.consensus] [34;1mprocessCommits[0m -> 1 collected 2 commits from [4 3] channel=mychannel
[34m2026-10-08 04:38:44.020 UTC 0592 INFO[0m [orderer.consensus.smartbft.consensus] [34;1mprepared[0m -> 1 processed commits for proposal with seq 50 channel=mychannel
[34m2026-10-08 04:38:44.020 UTC 0593 INFO[0m [orderer.consensus.smartbft.consensus] [34;1mdecide[0m -> Deciding on seq 50 channel=mychannel
[34m2026-10-08 04:38:44.020 UTC 0594 INFO[0m [orderer.consensus.smartbft.consensus] [34;1mstartNextSeq[0m -> Sequence: 50-->51 channel=mychannel
[34m2026-10-08 04:38:44.020 UTC 0595 INFO[0m [orderer.consensus.smartbft.chain] [34;1mDeliver[0m -> Delivering proposal, writing block 50 with 1 transactions and metadata of total size 330 with signatures from [4 3 1] to the ledger, node id 1 channel=mychannel
[34m2026-10-08 04:38:44.020 UTC 0596 INFO[0m [orderer.consensus.smartbft.consensus] [34;1mdeleteRequest[0m -> Removed request {ec699e1addb641471c88171383b2a1dcb744b049195e45170e02b58350aa089d b71b6ff1eaf83ae09f1e7091b86145cada6d968a999139ce27d6908b3d8bf5c5} from request pool channel=mychannel
[34m2026-10-08 04:38:46.130 UTC 0597 INFO[0m [orderer.consensus.smartbft.consensus] [34;1mprocessProposal[0m -> Processed proposal with seq 51 channel=mychannel
[34m2026-10-08 04:38:46.132 UTC 0598 INFO[0m [orderer.consensus.smartbft.consensus] [34;1mprocessPrepares[0m -> 1 collected 2 prepares from [4 3] channel=mychannel
[34m2026-10-08 04:38:46.134 UTC 0599 INFO[0m [orderer.consensus.smartbft.consensus] [34;1mprocessPrepares[0m -> Processed prepares for proposal with seq 51 channel=mychannel
[34m2026-10-08 04:38:46.134 UTC 059a INFO[0m [orderer.consensus.smartbft.consensus] [34;1mprocessCommits[0m -> 1 collected 2 commits from [3 2] channel=mychannel
[34m2026-10-08 04:38:46.134 UTC 059b INFO[0m [orderer.consensus.smartbft.consensus] [34;1mprepared[0m -> 1 processed commits for proposal with seq 51 channel=mychannel
[34m2026-10-08 04:38:46.135 UTC 059c INFO[0m [orderer.consensus.smartbft.consensus] [34;1mdecide[0m -> Deciding on seq 51 channel=mychannel
[34m2026-10-08 04:38:46.136 UTC 059d INFO[0m [orderer.consensus.smartbft.consensus] [34;1mstartNextSeq[0m -> Sequence: 51-->52 channel=mychannel
[34m2026-10-08 04:38:46.136 UTC 059e INFO[0m [orderer.consensus.smartbft.chain] [34;1mDeliver[0m -> Delivering proposal, writing block 51 with 1 transactions and metadata of total size 331 with signatures from [3 2 1] to the ledger, node id 1 channel=mychannel
[34m2026-10-08 04:38:46.136 UTC 059f INFO[0m [orderer.consensus.smartbft.consensus] [34;1mdeleteRequest[0m -> Removed request {ec699e1addb641471c88171383b2a1dcb744b049195e45170e02b58350aa089d eddda1276b968690dd7b57eac1f13fb62cf2cbf690c30096492121fc4887d17f} from request pool channel=mychannel
[33m2026-10-08 04:38:46.137 UTC 05a0 WARN[0m [orderer.consensus.smartbft.consensus] [33;1mprocessMsg[0m -> 1 got message from 2 with sequence 50 but our sequence is 52 channel=mychannel
[33m2026-10-08 04:38:46.138 UTC 05a1 WARN[0m [orderer.consensus.smartbft.consensus] [33;1mprocessMsg[0m -> 1 got message from 3 with sequence 50 but our sequence is 52 channel=mychannel
[33m2026-10-08 04:38:46.138 UTC 05a2 WARN[0m [orderer.consensus.smartbft.consensus] [33;1mprocessMsg[0m -> 1 got message from 4 with sequence 50 but our sequence is 52 channel=mychannel
[34m2026-10-08 04:38:48.246 UTC 05a3 INFO[0m [orderer.consensus.smartbft.consensus] [34;1mprocessProposal[0m -> Processed proposal with seq 52 channel=mychannel
[34m2026-10-08 04:38:48.249 UTC 05a4 INFO[0m [orderer.consensus.smartbft.consensus] [34;1mprocessPrepares[0m -> 1 collected 2 prepares from [3 2] channel=mychannel
[34m2026-10-08 04:38:48.249 UTC 05a5 INFO[0m [orderer.consensus.smartbft.consensus] [34;1mprocessPrepares[0m -> Processed prepares for proposal with seq 52 channel=mychannel
[34m2026-10-08 04:38:48.252 UTC 05a6 INFO[0m [orderer.consensus.smartbft.consensus] [34;1mprocessCommits[0m -> 1 collected 2 commits from [4 3] channel=mychannel
[34m2026-10-08 04:38:48.252 UTC 05a7 INFO[0m [orderer.consensus.smartbft.consensus] [34;1mprepared[0m -> 1 processed commits for proposal with seq 52 channel=mychannel
[34m2026-10-08 04:38:48.252 UTC 05a8 INFO[0m [orderer.consensus.smartbft.consensus] [34;1mdecide[0m -> Deciding on seq 52 channel=mychannel
[34m2026-10-08 04:38:48.252 UTC 05a9 INFO[0m [orderer.consensus.smartbft.consensus] [34;1mstartNextSeq[0m -> Sequence: 52-->53 channel=mychannel
[34m2026-10-08 04:38:48.252 UTC 05aa INFO[0m [orderer.consensus.smartbft.chain] [34;1mDeliver[0m -> Delivering proposal, writing block 52 with 1 transactions and metadata of total size 333 with signatures from [4 3 1] to the ledger, node id 1 channel=mychannel
[34m2026-10-08 04:38:48.252 UTC 05ab INFO[0m [orderer.consensus.smartbft.consensus] [34;1mdeleteRequest[0m -> Removed request {ec699e1addb641471c88171383b2a1dcb744b049195e45170e02b58350aa089d 7f6dbb0580d3372de9f7b21858f9d7729343b6108976cfc2f3ad38964a8d88d8} from request pool channel=mychannel
[34m2026-10-08 04:38:50.363 UTC 05ac INFO[0m [orderer.consensus.smartbft.consensus] [34;1mprocessProposal[0m -> Processed proposal with seq 53 channel=mychannel
[34m2026-10-08 04:38:50.366 UTC 05ad INFO[0m [orderer.consensus.smartbft.consensus] [34;1mprocessPrepares[0m -> 1 collected 2 prepares from [3 4] channel=mychannel
[34m2026-10-08 04:38:50.367 UTC 05ae INFO[0m [orderer.consensus.smartbft.consensus] [34;1mprocessPrepares[0m -> Processed prepares for proposal with seq 53 channel=mychannel
[34m2026-10-08 04:38:50.368 UTC 05af INFO[0m [orderer.consensus.smartbft.consensus] [34;1mprocessCommits[0m -> 1 collected 2 commits from [4 2] channel=mychannel
[34m2026-10-08 04:38:50.368 UTC 05b0 INFO[0m [orderer.consensus.smartbft.consensus] [34;1mprepared[0m -> 1 processed commits for proposal with seq 53 channel=mychannel
[34m2026-10-08 04:38:50.368 UTC 05b1 INFO[0m [orderer.consensus.smartbft.consensus] [34;1mdecide[0m -> Deciding on seq 53 channel=mychannel
[34m2026-10-08 04:38:50.368 UTC 05b2 INFO[0m [orderer.consensus.smartbft.consensus] [34;1mstartNextSeq[0m -> Sequence: 53-->54 channel=mychannel
[34m2026-10-08 04:38:50.369 UTC 05b3 INFO[0m [orderer.consensus.smartbft.chain] [34;1mDeliver[0m -> Delivering proposal, writing block 53 with 1 transactions and metadata of total size 332 with signatures from [4 2 1] to the ledger, node id 1 channel=mychannel
[34m2026-10-08 04:38:50.369 UTC 05b4 INFO[0m [orderer.consensus.smartbft.consensus] [34;1mdeleteRequest[0m -> Removed request {ec699e1addb641471c88171383b2a1dcb744b049195e45170e02b58350aa089d a0f3e4afea73343aff52fb6759fad5f958bd3e8845cd8a746bba2dac2fa97c0b} from request pool channel=mychannel
[34m2026-10-08 04:38:52.480 UTC 05b5 INFO[0m [orderer.consensus.smartbft.consensus] [34;1mprocessProposal[0m -> Processed proposal with seq 54 channel=mychannel
[34m2026-10-08 04:38:52.483 UTC 05b6 INFO[0m [orderer.consensus.smartbft.consensus] [34;1mprocessPrepares[0m -> 1 collected 2 prepares from [2 3] channel=mychannel
[34m2026-10-08 04:38:52.485 UTC 05b7 INFO[0m [orderer.consensus.smartbft.consensus] [34;1mprocessPrepares[0m -> Processed prepares for proposal with seq 54 channel=mychannel
[34m2026-10-08 04:38:52.486 UTC 05b8 INFO[0m [orderer.consensus.smartbft.consensus] [34;1mprocessCommits[0m -> 1 collected 2 commits from [2 4] channel=mychannel
[34m2026-10-08 04:38:52.487 UTC 05b9 INFO[0m [orderer.consensus.smartbft.consensus] [34;1mprepared[0m -> 1 processed commits for proposal with seq 54 channel=mychannel
[34m2026-10-08 04:38:52.487 UTC 05ba INFO[0m [orderer.consensus.smartbft.consensus] [34;1mdecide[0m -> Deciding on seq 54 channel=mychannel
[34m2026-10-08 04:38:52.487 UTC 05bb INFO[0m [orderer.consensus.smartbft.consensus] [34;1mstartNextSeq[0m -> Sequence: 54-->55 channel=mychannel
[34m2026-10-08 04:38:52.487 UTC 05bc INFO[0m [orderer.consensus.smartbft.chain] [34;1mDeliver[0m -> Delivering proposal, writing block 54 with 1 transactions and metadata of total size 331 with signatures from [2 4 1] to the ledger, node id 1 channel=mychannel
[34m2026-10-08 04:38:52.487 UTC 05bd INFO[0m [orderer.consensus.smartbft.consensus] [34;1mdeleteRequest[0m -> Removed request {ec699e1addb641471c88171383b2a1dcb744b049195e45170e02b58350aa089d f80bd901a29b791faa9f3bb85b146c121af2c4533f79461b0d45e2413ea5a7f8} from request pool channel=mychannel
[34m2026-10-08 04:38:54.598 UTC 05be INFO[0m [orderer.consensus.smartbft.consensus] [34;1mprocessProposal[0m -> Processed proposal with seq 55 channel=mychannel
[34m2026-10-08 04:38:54.601 UTC 05bf INFO[0m [orderer.consensus.smartbft.consensus] [34;1mprocessPrepares[0m -> 1 collected 2 prepares from [4 2] channel=mychannel
[34m2026-10-08 04:38:54.601 UTC 05c0 INFO[0m [orderer.consensus.smartbft.consensus] [34;1mprocessPrepares[0m -> Processed prepares for proposal with seq 55 channel=mychannel
[34m2026-10-08 04:38:54.604 UTC 05c1 INFO[0m [orderer.consensus.smartbft.consensus] [34;1mprocessCommits[0m -> 1 collected 2 commits from [3 2] channel=mychannel
[34m2026-10-08 04:38:54.605 UTC 05c2 INFO[0m [orderer.consensus.smartbft.consensus] [34;1mprepared[0m -> 1 processed commits for proposal with seq 55 channel=mychannel
[34m2026-10-08 04:38:54.605 UTC 05c3 INFO[0m [orderer.consensus.smartbft.consensus] [34;1mdecide[0m -> Deciding on seq 55 channel=mychannel
[34m2026-10-08 04:38:54.605 UTC 05c4 INFO[0m [orderer.consensus.smartbft.consensus] [34;1mstartNextSeq[0m -> Sequence: 55-->56 channel=mychannel
[34m2026-10-08 04:38:54.605 UTC 05c5 INFO[0m [orderer.consensus.smartbft.chain] [34;1mDeliver[0m -> Delivering proposal, writing block 55 with 1 transactions and metadata of total size 332 with signatures from [3 2 1] to the ledger, node id 1 channel=mychannel
[34m2026-10-08 04:38:54.606 UTC 05c6 INFO[0m [orderer.consensus.smartbft.consensus] [34;1mdeleteRequest[0m -> Removed request {ec699e1addb641471c88171383b2a1dcb744b049195e45170e02b58350aa089d ed9ba34f076e2f56d655f2e20bfa3cf11a539c14774e5258d94fd5791288b2a0} from request pool channel=mychannel
[34m2026-10-08 04:38:56.716 UTC 05c7 INFO[0m [orderer.consensus.smartbft.consensus] [34;1mprocessProposal[0m -> Processed proposal with seq 56 channel=mychannel
[34m2026-10-08 04:38:56.718 UTC 05c8 INFO[0m [orderer.consensus.smartbft.consensus] [34;1mprocessPrepares[0m -> 1 collected 2 prepares from [4 3] channel=mychannel
[34m2026-10-08 04:38:56.720 UTC 05c9 INFO[0m [orderer.consensus.smartbft.consensus] [34;1mprocessPrepares[0m -> Processed prepares for proposal with seq 56 channel=mychannel
[34m2026-10-08 04:38:56.721 UTC 05ca INFO[0m [orderer.consensus.smartbft.consensus] [34;1mprocessCommits[0m -> 1 collected 2 commits from [3 4] channel=mychannel
[34m2026-10-08 04:38:56.721 UTC 05cb INFO[0m [orderer.consensus.smartbft.consensus] [34;1mprepared[0m -> 1 processed commits for proposal with seq 56 channel=mychannel
[34m2026-10-08 04:38:56.721 UTC 05cc INFO[0m [orderer.consensus.smartbft.consensus] [34;1mdecide[0m -> Deciding on seq 56 channel=mychannel
[34m2026-10-08 04:38:56.721 UTC 05cd INFO[0m [orderer.consensus.smartbft.consensus] [34;1mstartNextSeq[0m -> Sequence: 56-->57 channel=mychannel
[34m2026-10-08 04:38:56.721 UTC 05ce INFO[0m [orderer.consensus.smartbft.chain] [34;1mDeliver[0m -> Delivering proposal, writing block 56 with 1 transactions and metadata of total size 331 with signatures from [3 4 1] to the ledger, node id 1 channel=mychannel
[34m2026-10-08 04:38:56.721 UTC 05cf INFO[0m [orderer.consensus.smartbft.consensus] [34;1mdeleteRequest[0m -> Removed request {ec699e1addb641471c88171383b2a1dcb744b049195e45170e02b58350aa089d 2a790c4b6a951c6af2d106ee8e2e975726ecc1adc2158094683de301ae78f977} from request pool channel=mychannel
[33m2026-10-08 04:38:56.722 UTC 05d0 WARN[0m [orderer.consensus.smartbft.consensus] [33;1mprocessMsg[0m -> 1 got message from 2 with sequence 55 but our sequence is 57 channel=mychannel
[34m2026-10-08 04:38:58.832 UTC 05d1 INFO[0m [orderer.consensus.smartbft.consensus] [34;1mprocessProposal[0m -> Processed proposal with seq 57 channel=mychannel
[34m2026-10-08 04:38:58.834 UTC 05d2 INFO[0m [orderer.consensus.smartbft.consensus] [34;1mprocessPrepares[0m -> 1 collected 2 prepares from [4 2] channel=mychannel
[34m2026-10-08 04:38:58.836 UTC 05d3 INFO[0m [orderer.consensus.smartbft.consensus] [34;1mprocessPrepares[0m -> Processed prepares for proposal with seq 57 channel=mychannel
[34m2026-10-08 04:38:58.837 UTC 05d4 INFO[0m [orderer.consensus.smartbft.consensus] [34;1mprocessCommits[0m -> 1 collected 2 commits from [2 4] channel=mychannel
[34m2026-10-08 04:38:58.837 UTC 05d5 INFO[0m [orderer.consensus.smartbft.consensus] [34;1mprepared[0m -> 1 processed commits for proposal with seq 57 channel=mychannel
[34m2026-10-08 04:38:58.837 UTC 05d6 INFO[0m [orderer.consensus.smartbft.consensus] [34;1mdecide[0m -> Deciding on seq 57 channel=mychannel
[34m2026-10-08 04:38:58.837 UTC 05d7 INFO[0m [orderer.consensus.smartbft.consensus] [34;1mstartNextSeq[0m -> Sequence: 57-->58 channel=mychannel
[34m2026-10-08 04:38:58.837 UTC 05d8 INFO[0m [orderer.consensus.smartbft.chain] [34;1mDeliver[0m -> Delivering proposal, writing block 57 with 1 transactions and metadata of total size 331 with signatures from [2 4 1] to the ledger, node id 1 channel=mychannel
[34m2026-10-08 04:38:58.837 UTC 05d9 INFO[0m [orderer.consensus.smartbft.consensus] [34;1mdeleteRequest[0m -> Removed request {ec699e1addb641471c88171383b2a1dcb744b049195e45170e02b58350aa089d 076e9f2472cd357b7e2dc53d6cd12e62d89da09015254306d33f7edc831285ed} from request pool channel=mychannel
[34m2026-10-08 04:39:00.948 UTC 05da INFO[0m [orderer.consensus.smartbft.consensus] [34;1mprocessProposal[0m -> Processed proposal with seq 58 channel=mychannel
[34m2026-10-08 04:39:00.951 UTC 05db INFO[0m [orderer.consensus.smartbft.consensus] [34;1mprocessPrepares[0m -> 1 collected 2 prepares from [3 4] channel=mychannel
[34m2026-10-08 04:39:00.953 UTC 05dc INFO[0m [orderer.consensus.smartbft.consensus] [34;1mprocessPrepares[0m -> Processed prepares for proposal with seq 58 channel=mychannel
[34m2026-10-08 04:39:00.954 UTC 05dd INFO[0m [orderer.consensus.smartbft.consensus] [34;1mprocessCommits[0m -> 1 collected 2 commits from [3 2] channel=mychannel
[34m2026-10-08 04:39:00.954 UTC 05de INFO[0m [orderer.consensus.smartbft.consensus] [34;1mprepared[0m -> 1 processed commits for proposal with seq 58 channel=mychannel
[34m2026-10-08 04:39:00.954 UTC 05df INFO[0m [orderer.consensus.smartbft.consensus] [34;1mdecide[0m -> Deciding on seq 58 channel=mychannel
[34m2026-10-08 04:39:00.954 UTC 05e0 INFO[0m [orderer.consensus.smartbft.consensus] [34;1mstartNextSeq[0m -> Sequence: 58-->59 channel=mychannel
[34m2026-10-08 04:39:00.956 UTC 05e1 INFO[0m [orderer.consensus.smartbft.chain] [34;1mDeliver[0m -> Delivering proposal, writing block 58 with 1 transactions and metadata of total size 331 with signatures from [3 2 1] to the ledger, node id 1 channel=mychannel
[34m2026-10-08 04:39:00.958 UTC 05e2 INFO[0m [orderer.consensus.smartbft.consensus] [34;1mdeleteRequest[0m -> Removed request {ec699e1addb641471c88171383b2a1dcb744b049195e45170e02b58350aa089d 4f7db76249ca40b667c4d87910e36710f5697884ece9ef9f1c6ce822ff527ab1} from request pool channel=mychannel
[34m2026-10-08 04:39:03.069 UTC 05e3 INFO[0m [orderer.consensus.smartbft.consensus] [34;1mprocessProposal[0m -> Processed proposal with seq 59 channel=mychannel
[34m2026-10-08 04:39:03.072 UTC 05e4 INFO[0m [orderer.consensus.smartbft.consensus] [34;1mprocessPrepares[0m -> 1 collected 2 prepares from [4 2] channel=mychannel
[34m2026-10-08 04:39:03.072 UTC 05e5 INFO[0m [orderer.consensus.smartbft.consensus] [34;1mprocessPrepares[0m -> Processed prepares for proposal with seq 59 channel=mychannel
[34m2026-10-08 04:39:03.073 UTC 05e6 INFO[0m [orderer.consensus.smartbft.consensus] [34;1mprocessCommits[0m -> 1 collected 2 commits from [3 2] channel=mychannel
[34m2026-10-08 04:39:03.074 UTC 05e7 INFO[0m [orderer.consensus.smartbft.consensus] [34;1mprepared[0m -> 1 processed commits for proposal with seq 59 channel=mychannel
[34m2026-10-08 04:39:03.074 UTC 05e8 INFO[0m [orderer.consensus.smartbft.consensus] [34;1mdecide[0m -> Deciding on seq 59 channel=mychannel
[34m2026-10-08 04:39:03.074 UTC 05e9 INFO[0m [orderer.consensus.smartbft.consensus] [34;1mstartNextSeq[0m -> Sequence: 59-->60 channel=mychannel
[34m2026-10-08 04:39:03.074 UTC 05ea INFO[0m [orderer.consensus.smartbft.chain] [34;1mDeliver[0m -> Delivering proposal, writing block 59 with 1 transactions and metadata of total size 331 with signatures from [3 2 1] to the ledger, node id 1 channel=mychannel
[34m2026-10-08 04:39:03.074 UTC 05eb INFO[0m [orderer.consensus.smartbft.consensus] [34;1mdeleteRequest[0m -> Removed request {ec699e1addb641471c88171383b2a1dcb744b049195e45170e02b58350aa089d 469c64e67903b7033360d2a988f42afcb31a01ec040434fdfb172712e2f0918b} from request pool channel=mychannel
[34m2026-10-08 04:39:05.186 UTC 05ec INFO[0m [orderer.consensus.smartbft.consensus] [34;1mprocessProposal[0m -> Processed proposal with seq 60 channel=mychannel
[34m2026-10-08 04:39:05.189 UTC 05ed INFO[0m [orderer.consensus.smartbft.consensus] [34;1mprocessPrepares[0m -> 1 collected 2 prepares from [2 4] channel=mychannel
[34m2026-10-08 04:39:05.190 UTC 05ee INFO[0m [orderer.consensus.smartbft.consensus] [34;1mprocessPrepares[0m -> Processed prepares for proposal with seq 60 channel=mychannel
[34m2026-10-08 04:39:05.191 UTC 05ef INFO[0m [orderer.consensus.smartbft.consensus] [34;1mprocessCommits[0m -> 1 collected 2 commits from [2 4] channel=mychannel
[34m2026-10-08 04:39:05.191 UTC 05f0 INFO[0m [orderer.consensus.smartbft.consensus] [34;1mprepared[0m -> 1 processed commits for proposal with seq 60 channel=mychannel
[34m2026-10-08 04:39:05.191 UTC 05f1 INFO[0m [orderer.consensus.smartbft.consensus] [34;1mdecide[0m -> Deciding on seq 60 channel=mychannel
[34m2026-10-08 04:39:05.192 UTC 05f2 INFO[0m [orderer.consensus.smartbft.consensus] [34;1mstartNextSeq[0m -> Sequence: 60-->61 channel=mychannel
[34m2026-10-08 04:39:05.192 UTC 05f3 INFO[0m [orderer.consensus.smartbft.chain] [34;1mDeliver[0m -> Delivering proposal, writing block 60 with 1 transactions and metadata of total size 332 with signatures from [2 4 1] to the ledger, node id 1 channel=mychannel
[34m2026-10-08 04:39:05.192 UTC 05f4 INFO[0m [orderer.consensus.smartbft.consensus] [34;1mdeleteRequest[0m -> Removed request {ec699e1addb641471c88171383b2a1dcb744b049195e45170e02b58350aa089d 1aebd769f0db851c214ae5bfc36bef183b019316398096276877fdecaa607ca8} from request pool channel=mychannel
[34m2026-10-08 04:39:07.303 UTC 05f5 INFO[0m [orderer.consensus.smartbft.consensus] [34;1mprocessProposal[0m -> Processed proposal with seq 61 channel=mychannel
[34m2026-10-08 04:39:07.305 UTC 05f6 INFO[0m [orderer.consensus.smartbft.consensus] [34;1mprocessPrepares[0m -> 1 collected 2 prepares from [2 4] channel=mychannel
[34m2026-10-08 04:39:07.306 UTC 05f7 INFO[0m [orderer.consensus.smartbft.consensus] [34;1mprocessPrepares[0m -> Processed prepares for proposal with seq 61 channel=mychannel
[34m2026-10-08 04:39:07.307 UTC 05f8 INFO[0m [orderer.consensus.smartbft.consensus] [34;1mprocessCommits[0m -> 1 collected 2 commits from [4 3] channel=mychannel
[34m2026-10-08 04:39:07.308 UTC 05f9 INFO[0m [orderer.consensus.smartbft.consensus] [34;1mprepared[0m -> 1 processed commits for proposal with seq 61 channel=mychannel
[34m2026-10-08 04:39:07.308 UTC 05fa INFO[0m [orderer.consensus.smartbft.consensus] [34;1mdecide[0m -> Deciding on seq 61 channel=mychannel
[34m2026-10-08 04:39:07.308 UTC 05fb INFO[0m [orderer.consensus.smartbft.consensus] [34;1mstartNextSeq[0m -> Sequence: 61-->62 channel=mychannel
[34m2026-10-08 04:39:07.308 UTC 05fc INFO[0m [orderer.consensus.smartbft.chain] [34;1mDeliver[0m -> Delivering proposal, writing block 61 with 1 transactions and metadata of total size 332 with signatures from [4 3 1] to the ledger, node id 1 channel=mychannel
[34m2026-10-08 04:39:07.308 UTC 05fd INFO[0m [orderer.consensus.smartbft.consensus] [34;1mdeleteRequest[0m -> Removed request {ec699e1addb641471c88171383b2a1dcb744b049195e45170e02b58350aa089d e9e650e7037c9f54e8cb12ee773eb69b9ca492567c21337d01ad879fe815ba73} from request pool channel=mychannel
[34m2026-10-08 04:39:09.418 UTC 05fe INFO[0m [orderer.consensus.smartbft.consensus] [34;1mprocessProposal[0m -> Processed proposal with seq 62 channel=mychannel
[34m2026-10-08 04:39:09.420 UTC 05ff INFO[0m [orderer.consensus.smartbft.consensus] [34;1mprocessPrepares[0m -> 1 collected 2 prepares from [3 4] channel=mychannel
[34m2026-10-08 04:39:09.421 UTC 0600 INFO[0m [orderer.consensus.smartbft.consensus] [34;1mprocessPrepares[0m -> Processed prepares for proposal with seq 62 channel=mychannel
[34m2026-10-08 04:39:09.421 UTC 0601 INFO[0m [orderer.consensus.smartbft.consensus] [34;1mprocessCommits[0m -> 1 collected 2 commits from [3 4] channel=mychannel
[34m2026-10-08 04:39:09.421 UTC 0602 INFO[0m [orderer.consensus.smartbft.consensus] [34;1mprepared[0m -> 1 processed commits for proposal with seq 62 channel=mychannel
[34m2026-10-08 04:39:09.421 UTC 0603 INFO[0m [orderer.consensus.smartbft.consensus] [34;1mdecide[0m -> Deciding on seq 62 channel=mychannel
[34m2026-10-08 04:39:09.421 UTC 0604 INFO[0m [orderer.consensus.smartbft.consensus] [34;1mstartNextSeq[0m -> Sequence: 62-->63 channel=mychannel
[34m2026-10-08 04:39:09.421 UTC 0605 INFO[0m [orderer.consensus.smartbft.chain] [34;1mDeliver[0m -> Delivering proposal, writing block 62 with 1 transactions and metadata of total size 330 with signatures from [3 4 1] to the ledger, node id 1 channel=mychannel
[34m2026-10-08 04:39:09.421 UTC 0606 INFO[0m [orderer.consensus.smartbft.consensus] [34;1mdeleteRequest[0m -> Removed request {ec699e1addb641471c88171383b2a1dcb744b049195e45170e02b58350aa089d e8a55545d3375f8f049dd2192407fff7afb5378aac29198ce44f251fac07a097} from request pool channel=mychannel
[33m2026-10-08 04:39:09.423 UTC 0607 WARN[0m [orderer.consensus.smartbft.consensus] [33;1mprocessMsg[0m -> 1 got message from 4 with sequence 61 but our sequence is 63 channel=mychannel
[34m2026-10-08 04:39:11.532 UTC 0608 INFO[0m [orderer.consensus.smartbft.consensus] [34;1mprocessProposal[0m -> Processed proposal with seq 63 channel=mychannel
[34m2026-10-08 04:39:11.536 UTC 0609 INFO[0m [orderer.consensus.smartbft.consensus] [34;1mprocessPrepares[0m -> 1 collected 2 prepares from [3 4] channel=mychannel
[34m2026-10-08 04:39:11.536 UTC 060a INFO[0m [orderer.consensus.smartbft.consensus] [34;1mprocessPrepares[0m -> Processed prepares for proposal with seq 63 channel=mychannel
[34m2026-10-08 04:39:11.539 UTC 060b INFO[0m [orderer.consensus.smartbft.consensus] [34;1mprocessCommits[0m -> 1 collected 2 commits from [2 4] channel=mychannel
[34m2026-10-08 04:39:11.539 UTC 060c INFO[0m [orderer.consensus.smartbft.consensus] [34;1mprepared[0m -> 1 processed commits for proposal with seq 63 channel=mychannel
[34m2026-10-08 04:39:11.539 UTC 060d INFO[0m [orderer.consensus.smartbft.consensus] [34;1mdecide[0m -> Deciding on seq 63 channel=mychannel
[34m2026-10-08 04:39:11.539 UTC 060e INFO[0m [orderer.consensus.smartbft.consensus] [34;1mstartNextSeq[0m -> Sequence: 63-->64 channel=mychannel
[34m2026-10-08 04:39:11.539 UTC 060f INFO[0m [orderer.consensus.smartbft.chain] [34;1mDeliver[0m -> Delivering proposal, writing block 63 with 1 transactions and metadata of total size 332 with signatures from [2 4 1] to the ledger, node id 1 channel=mychannel
[34m2026-10-08 04:39:11.539 UTC 0610 INFO[0m [orderer.consensus.smartbft.consensus] [34;1mdeleteRequest[0m -> Removed request {ec699e1addb641471c88171383b2a1dcb744b049195e45170e02b58350aa089d 1480c3c9310b8cdf12c55447bb2e6f2f06ba9c182ad289ff24cf3123dad464be} from request pool channel=mychannel
[34m2026-10-08 04:39:13.649 UTC 0611 INFO[0m [orderer.consensus.smartbft.consensus] [34;1mprocessProposal[0m -> Processed proposal with seq 64 channel=mychannel
[34m2026-10-08 04:39:13.652 UTC 0612 INFO[0m [orderer.consensus.smartbft.consensus] [34;1mprocessPrepares[0m -> 1 collected 2 prepares from [4 2] channel=mychannel
[34m2026-10-08 04:39:13.653 UTC 0613 INFO[0m [orderer.consensus.smartbft.consensus] [34;1mprocessPrepares[0m -> Processed prepares for proposal with seq 64 channel=mychannel
[34m2026-10-08 04:39:13.654 UTC 0614 INFO[0m [orderer.consensus.smartbft.consensus] [34;1mprocessCommits[0m -> 1 collected 2 commits from [4 2] channel=mychannel
[34m2026-10-08 04:39:13.654 UTC 0615 INFO[0m [orderer.consensus.smartbft.consensus] [34;1mprepared[0m -> 1 processed commits for proposal with seq 64 channel=mychannel
[34m2026-10-08 04:39:13.654 UTC 0616 INFO[0m [orderer.consensus.smartbft.consensus] [34;1mdecide[0m -> Deciding on seq 64 channel=mychannel
[34m2026-10-08 04:39:13.654 UTC 0617 INFO[0m [orderer.consensus.smartbft.consensus] [34;1mstartNextSeq[0m -> Sequence: 64-->65 channel=mychannel
[34m2026-10-08 04:39:13.654 UTC 0618 INFO[0m [orderer.consensus.smartbft.chain] [34;1mDeliver[0m -> Delivering proposal, writing block 64 with 1 transactions and metadata of total size 332 with signatures from [4 2 1] to the ledger, node id 1 channel=mychannel
[34m2026-10-08 04:39:13.654 UTC 0619 INFO[0m [orderer.consensus.smartbft.consensus] [34;1mdeleteRequest[0m -> Removed request {ec699e1addb641471c88171383b2a1dcb744b049195e45170e02b58350aa089d f404fc9e16d754ac4eb21e8c5cc530d659a52146163689659f04b30dc61a129b} from request pool channel=mychannel
