  ],
  "ServiceConfig": null,
  "Attributes": null
} (resolver returned new addresses)
[34m2026-10-08 04:38:19.220 UTC 0110 INFO[0m [grpc] [34;1mAddTraceEvent[0m -> [core] [Channel #40]Channel Connectivity change to CONNECTING
[34m2026-10-08 04:38:19.220 UTC 0111 INFO[0m [grpc] [34;1mAddTraceEvent[0m -> [core] [Channel #40]Channel exiting idle mode
[34m2026-10-08 04:38:19.220 UTC 0112 INFO[0m [grpc] [34;1mAddTraceEvent[0m -> [core] [Channel #40 SubChannel #41]Subchannel Connectivity change to CONNECTING
[34m2026-10-08 04:38:19.220 UTC 0113 INFO[0m [grpc] [34;1mAddTraceEvent[0m -> [core] [Channel #39]Channel switches to new LB policy "pick_first"
[34m2026-10-08 04:38:19.220 UTC 0115 INFO[0m [grpc] [34;1mInfof[0m -> [pick-first-lb] [pick-first-lb 0xc000e8ac60] Received SubConn state update: 0xc000e8ad80, {ConnectivityState:CONNECTING ConnectionError:<nil> connectedAddress:{Addr: ServerName: Attributes:<nil> BalancerAttributes:<nil> Metadata:<nil>}}
[34m2026-10-08 04:38:19.220 UTC 0116 INFO[0m [grpc] [34;1mInfof[0m -> [pick-first-lb] [pick-first-lb 0xc000e77230] Received new config {
  "shuffleAddressList": false
}, resolver state {
  "Addresses": [
    {
      "Addr": "orderer2.example.com:7052",
      "ServerName": "",
      "Attributes": null,
      "BalancerAttributes": null,
      "Metadata": null
    }
  ],
  "Endpoints": [
    {
      "Addresses": [
        {
          "Addr": "orderer2.example.com:7052",
          "ServerName": "",
          "Attributes": null,
          "BalancerAttributes": null,
          "Metadata": null
        }
      ],
      "Attributes": null
    }
  ],
  "ServiceConfig": null,
  "Attributes": null
}
[34m2026-10-08 04:38:19.220 UTC 0117 INFO[0m [grpc] [34;1mAddTraceEvent[0m -> [core] [Channel #39 SubChannel #42]Subchannel created
[34m2026-10-08 04:38:19.220 UTC 0118 INFO[0m [grpc] [34;1mAddTraceEvent[0m -> [core] [Channel #39]Channel Connectivity change to CONNECTING
[34m2026-10-08 04:38:19.220 UTC 0114 INFO[0m [grpc] [34;1mAddTraceEvent[0m -> [core] [Channel #40 SubChannel #41]Subchannel picks a new address "orderer3.example.com:7056" to connect
[34m2026-10-08 04:38:19.220 UTC 0119 INFO[0m [grpc] [34;1mAddTraceEvent[0m -> [core] [Channel #39]Channel exiting idle mode
[34m2026-10-08 04:38:19.220 UTC 011a INFO[0m [grpc] [34;1mAddTraceEvent[0m -> [core] [Channel #39 SubChannel #42]Subchannel Connectivity change to CONNECTING
[34m2026-10-08 04:38:19.220 UTC 011b INFO[0m [grpc] [34;1mAddTraceEvent[0m -> [core] [Channel #39 SubChannel #42]Subchannel picks a new address "orderer2.example.com:7052" to connect
[34m2026-10-08 04:38:19.220 UTC 011c INFO[0m [grpc] [34;1mInfof[0m -> [pick-first-lb] [pick-first-lb 0xc000e77230] Received SubConn state update: 0xc000e77350, {ConnectivityState:CONNECTING ConnectionError:<nil> connectedAddress:{Addr: ServerName: Attributes:<nil> BalancerAttributes:<nil> Metadata:<nil>}}
[34m2026-10-08 04:38:19.222 UTC 011d INFO[0m [grpc] [34;1mAddTraceEvent[0m -> [core] [Channel #40 SubChannel #41]Subchannel Connectivity change to READY
[34m2026-10-08 04:38:19.222 UTC 011e INFO[0m [grpc] [34;1mInfof[0m -> [pick-first-lb] [pick-first-lb 0xc000e8ac60] Received SubConn state update: 0xc000e8ad80, {ConnectivityState:READY ConnectionError:<nil> connectedAddress:{Addr:orderer3.example.com:7056 ServerName:orderer3.example.com:7056 Attributes:<nil> BalancerAttributes:<nil> Metadata:<nil>}}
[34m2026-10-08 04:38:19.222 UTC 011f INFO[0m [grpc] [34;1mAddTraceEvent[0m -> [core] [Channel #40]Channel Connectivity change to READY
[34m2026-10-08 04:38:19.222 UTC 0120 INFO[0m [BlockReceiver] [34;1mStart[0m -> BlockReceiver starting orderer-address=orderer3.example.com:7056
[34m2026-10-08 04:38:19.223 UTC 0121 INFO[0m [grpc] [34;1mAddTraceEvent[0m -> [core] [Channel #39 SubChannel #42]Subchannel Connectivity change to READY
[34m2026-10-08 04:38:19.223 UTC 0122 INFO[0m [grpc] [34;1mInfof[0m -> [pick-first-lb] [pick-first-lb 0xc000e77230] Received SubConn state update: 0xc000e77350, {ConnectivityState:READY ConnectionError:<nil> connectedAddress:{Addr:orderer2.example.com:7052 ServerName:orderer2.example.com:7052 Attributes:<nil> BalancerAttributes:<nil> Metadata:<nil>}}
[34m2026-10-08 04:38:19.223 UTC 0123 INFO[0m [grpc] [34;1mAddTraceEvent[0m -> [core] [Channel #39]Channel Connectivity change to READY
[34m2026-10-08 04:38:19.223 UTC 0124 INFO[0m [grpc] [34;1mInfof[0m -> [core] original dial target is: "orderer.example.com:7050"
[34m2026-10-08 04:38:19.223 UTC 0125 INFO[0m [grpc] [34;1mAddTraceEvent[0m -> [core] [Channel #45]Channel created
[34m2026-10-08 04:38:19.223 UTC 0126 INFO[0m [grpc] [34;1mAddTraceEvent[0m -> [core] [Channel #45]parsed dial target is: resolver.Target{URL:url.URL{Scheme:"passthrough", Opaque:"", User:(*url.Userinfo)(nil), Host:"", Path:"/orderer.example.com:7050", RawPath:"", OmitHost:false, ForceQuery:false, RawQuery:"", Fragment:"", RawFragment:""}}
[34m2026-10-08 04:38:19.224 UTC 0127 INFO[0m [grpc] [34;1mAddTraceEvent[0m -> [core] [Channel #45]Channel authority set to "orderer.example.com:7050"
[34m2026-10-08 04:38:19.224 UTC 0128 INFO[0m [grpc] [34;1mAddTraceEvent[0m -> [core] [Channel #45]Resolver state updated: {
  "Addresses": [
    {
      "Addr": "orderer.example.com:7050",
      "ServerName": "",
      "Attributes": null,
      "BalancerAttributes": null,
      "Metadata": null
    }
  ],
  "Endpoints": [
    {
      "Addresses": [
        {
          "Addr": "orderer.example.com:7050",
          "ServerName": "",
          "Attributes": null,
          "BalancerAttributes": null,
          "Metadata": null
        }
      ],
      "Attributes": null
    }
  ],
  "ServiceConfig": null,
  "Attributes": null
} (resolver returned new addresses)
[34m2026-10-08 04:38:19.224 UTC 0129 INFO[0m [grpc] [34;1mAddTraceEvent[0m -> [core] [Channel #45]Channel switches to new LB policy "pick_first"
[34m2026-10-08 04:38:19.224 UTC 012a INFO[0m [grpc] [34;1mInfof[0m -> [pick-first-lb] [pick-first-lb 0xc001002b10] Received new config {
  "shuffleAddressList": false
}, resolver state {
  "Addresses": [
    {
      "Addr": "orderer.example.com:7050",
      "ServerName": "",
      "Attributes": null,
      "BalancerAttributes": null,
      "Metadata": null
    }
  ],
  "Endpoints": [
    {
      "Addresses": [
        {
          "Addr": "orderer.example.com:7050",
          "ServerName": "",
          "Attributes": null,
          "BalancerAttributes": null,
          "Metadata": null
        }
      ],
      "Attributes": null
    }
  ],
  "ServiceConfig": null,
  "Attributes": null
}
[34m2026-10-08 04:38:19.224 UTC 012b INFO[0m [grpc] [34;1mAddTraceEvent[0m -> [core] [Channel #45 SubChannel #46]Subchannel created
[34m2026-10-08 04:38:19.224 UTC 012c INFO[0m [grpc] [34;1mAddTraceEvent[0m -> [core] [Channel #45]Channel Connectivity change to CONNECTING
[34m2026-10-08 04:38:19.224 UTC 012d INFO[0m [grpc] [34;1mAddTraceEvent[0m -> [core] [Channel #45]Channel exiting idle mode
[34m2026-10-08 04:38:19.224 UTC 012e INFO[0m [grpc] [34;1mAddTraceEvent[0m -> [core] [Channel #45 SubChannel #46]Subchannel Connectivity change to CONNECTING
[34m2026-10-08 04:38:19.224 UTC 012f INFO[0m [grpc] [34;1mAddTraceEvent[0m -> [core] [Channel #45 SubChannel #46]Subchannel picks a new address "orderer.example.com:7050" to connect
[34m2026-10-08 04:38:19.224 UTC 0130 INFO[0m [grpc] [34;1mInfof[0m -> [pick-first-lb] [pick-first-lb 0xc001002b10] Received SubConn state update: 0xc001002c30, {ConnectivityState:CONNECTING ConnectionError:<nil> connectedAddress:{Addr: ServerName: Attributes:<nil> BalancerAttributes:<nil> Metadata:<nil>}}
[34m2026-10-08 04:38:19.227 UTC 0131 INFO[0m [grpc] [34;1mAddTraceEvent[0m -> [core] [Channel #45 SubChannel #46]Subchannel Connectivity change to READY
[34m2026-10-08 04:38:19.227 UTC 0132 INFO[0m [grpc] [34;1mInfof[0m -> [pick-first-lb] [pick-first-lb 0xc001002b10] Received SubConn state update: 0xc001002c30, {ConnectivityState:READY ConnectionError:<nil> connectedAddress:{Addr:orderer.example.com:7050 ServerName:orderer.example.com:7050 Attributes:<nil> BalancerAttributes:<nil> Metadata:<nil>}}
[34m2026-10-08 04:38:19.227 UTC 0133 INFO[0m [grpc] [34;1mAddTraceEvent[0m -> [core] [Channel #45]Channel Connectivity change to READY
[33m2026-10-08 04:38:19.228 UTC 0134 WARN[0m [BFTHeaderReceiver] [33;1mDeliverHeaders[0m -> [mychannel][orderer.example.com:7050] Last block attestation verification failed, blockNum [34], err: expected block number is [37] but actual block number inside block is [34]
[34m2026-10-08 04:38:19.228 UTC 0135 INFO[0m [BFTHeaderReceiver] [34;1mStop[0m -> [mychannel][orderer.example.com:7050] Stopping
[34m2026-10-08 04:38:19.237 UTC 0136 INFO[0m [orderer.consensus.smartbft.chain] [34;1mgetBlocksFromSyncBuffer[0m -> Finished synchronizing with cluster, fetched 15 blocks, starting from block [34], up until and including block [48] channel=mychannel
[34m2026-10-08 04:38:19.238 UTC 0137 INFO[0m [orderer.consensus.smartbft.chain] [34;1msynchronize[0m -> Returning decision from block [48], decision: &{Proposal:{Payload:[48 130 16 161 4 130 16 127 10 252 32 10 177 32 10 189 7 10 101 8 3 26 11 8 236 186 156 214 6 16 169 148 185 102 34 9 109 121 99 104 97 110 110 101 108 42 64 48 50 52 99 48 48 98 98 57 100 52 55 54 49 53 97 100 99 57 99 52 48 102 101 52 101 100 57 54 100 51 49 52 53 50 101 102 99 48 56 100 97 100 57 51 55 51 51 101 55 101 52 102 57 99 53 55 57 56 99 97 53 56 48 58 7 18 5 18 3 98 122 116 18 211 6 10 182 6 10 7 79 114 103 49 77 83 80 18 170 6 45 45 45 45 45 66 69 71 73 78 32 67 69 82 84 73 70 73 67 65 84 69 45 45 45 45 45 10 77 73 73 67 75 106 67 67 65 100 67 103 65 119 73 66 65 103 73 82 65 79 97 116 114 122 119 83 107 89 70 85 108 47 82 100 47 105 49 71 117 73 56 119 67 103 89 73 75 111 90 73 122 106 48 69 65 119 73 119 99 122 69 76 10 77 65 107 71 65 49 85 69 66 104 77 67 86 86 77 120 69 122 65 82 66 103 78 86 66 65 103 84 67 107 78 104 98 71 108 109 98 51 74 117 97 87 69 120 70 106 65 85 66 103 78 86 66 65 99 84 68 86 78 104 98 105 66 71 10 99 109 70 117 89 50 108 122 89 50 56 120 71 84 65 88 66 103 78 86 66 65 111 84 69 71 57 121 90 122 69 117 90 88 104 104 98 88 66 115 90 83 53 106 98 50 48 120 72 68 65 97 66 103 78 86 66 65 77 84 69 50 78 104 10 76 109 57 121 90 122 69 117 90 88 104 104 98 88 66 115 90 83 53 106 98 50 48 119 72 104 99 78 77 106 89 120 77 68 65 52 77 68 81 121 78 122 65 119 87 104 99 78 77 122 89 120 77 68 65 49 77 68 81 121 78 122 65 119 10 87 106 66 114 77 81 115 119 67 81 89 68 86 81 81 71 69 119 74 86 85 122 69 84 77 66 69 71 65 49 85 69 67 66 77 75 81 50 70 115 97 87 90 118 99 109 53 112 89 84 69 87 77 66 81 71 65 49 85 69 66 120 77 78 10 85 50 70 117 73 69 90 121 89 87 53 106 97 88 78 106 98 122 69 79 77 65 119 71 65 49 85 69 67 120 77 70 89 87 82 116 97 87 52 120 72 122 65 100 66 103 78 86 66 65 77 77 70 107 70 107 98 87 108 117 81 71 57 121 10 90 122 69 117 90 88 104 104 98 88 66 115 90 83 53 106 98 50 48 119 87 84 65 84 66 103 99 113 104 107 106 79 80 81 73 66 66 103 103 113 104 107 106 79 80 81 77 66 66 119 78 67 65 65 84 97 68 111 54 48 110 99 121 43 10 106 105 99 117 73 101 56 43 53 51 53 120 89 108 106 102 84 56 89 66 115 103 101 68 118 78 54 80 90 107 68 101 72 47 75 82 49 89 99 68 72 119 75 47 101 75 80 81 107 112 51 77 90 107 84 68 48 120 79 71 71 106 56 57 10 50 48 116 71 105 114 51 43 50 88 43 74 111 48 48 119 83 122 65 79 66 103 78 86 72 81 56 66 65 102 56 69 66 65 77 67 66 52 65 119 68 65 89 68 86 82 48 84 65 81 72 47 66 65 73 119 65 68 65 114 66 103 78 86 10 72 83 77 69 74 68 65 105 103 67 68 51 105 74 52 103 85 106 100 105 66 106 87 111 70 103 67 54 49 78 70 68 70 115 52 51 49 68 51 101 97 57 103 100 81 54 115 103 86 69 50 84 98 106 65 75 66 103 103 113 104 107 106 79 10 80 81 81 68 65 103 78 73 65 68 66 70 65 105 69 65 48 52 53 116 115 66 83 80 118 51 67 90 112 112 117 111 73 77 118 89 104 118 106 67 116 107 43 74 108 65 98 101 98 55 70 77 66 82 120 101 70 49 52 67 73 71 49 90 10 77 114 68 88 106 99 51 67 90 54 68 108 104 57 53 118 90 103 73 108 70 49 102 89 102 78 72 80 109 52 50 122 115 103 109 99 83 87 121 105 10 45 45 45 45 45 69 78 68 32 67 69 82 84 73 70 73 67 65 84 69 45 45 45 45 45 10 18 24 43 43 139 81 226 73 162 138 143 2 194 225 93 73 38 239 166 69 172 184 107 69 15 115 18 238 24 10 235 24 10 211 6 10 182 6 10 7 79 114 103 49 77 83 80 18 170 6 45 45 45 45 45 66 69 71 73 78 32 67 69 82 84 73 70 73 67 65 84 69 45 45 45 45 45 10 77 73 73 67 75 106 67 67 65 100 67 103 65 119 73 66 65 103 73 82 65 79 97 116 114 122 119 83 107 89 70 85 108 47 82 100 47 105 49 71 117 73 56 119 67 103 89 73 75 111 90 73 122 106 48 69 65 119 73 119 99 122 69 76 10 77 65 107 71 65 49 85 69 66 104 77 67 86 86 77 120 69 122 65 82 66 103 78 86 66 65 103 84 67 107 78 104 98 71 108 109 98 51 74 117 97 87 69 120 70 106 65 85 66 103 78 86 66 65 99 84 68 86 78 104 98 105 66 71 10 99 109 70 117 89 50 108 122 89 50 56 120 71 84 65 88 66 103 78 86 66 65 111 84 69 71 57 121 90 122 69 117 90 88 104 104 98 88 66 115 90 83 53 106 98 50 48 120 72 68 65 97 66 103 78 86 66 65 77 84 69 50 78 104 10 76 109 57 121 90 122 69 117 90 88 104 104 98 88 66 115 90 83 53 106 98 50 48 119 72 104 99 78 77 106 89 120 77 68 65 52 77 68 81 121 78 122 65 119 87 104 99 78 77 122 89 120 77 68 65 49 77 68 81 121 78 122 65 119 10 87 106 66 114 77 81 115 119 67 81 89 68 86 81 81 71 69 119 74 86 85 122 69 84 77 66 69 71 65 49 85 69 67 66 77 75 81 50 70 115 97 87 90 118 99 109 53 112 89 84 69 87 77 66 81 71 65 49 85 69 66 120 77 78 10 85 50 70 117 73 69 90 121 89 87 53 106 97 88 78 106 98 122 69 79 77 65 119 71 65 49 85 69 67 120 77 70 89 87 82 116 97 87 52 120 72 122 65 100 66 103 78 86 66 65 77 77 70 107 70 107 98 87 108 117 81 71 57 121 10 90 122 69 117 90 88 104 104 98 88 66 115 90 83 53 106 98 50 48 119 87 84 65 84 66 103 99 113 104 107 106 79 80 81 73 66 66 103 103 113 104 107 106 79 80 81 77 66 66 119 78 67 65 65 84 97 68 111 54 48 110 99 121 43 10 106 105 99 117 73 101 56 43 53 51 53 120 89 108 106 102 84 56 89 66 115 103 101 68 118 78 54 80 90 107 68 101 72 47 75 82 49 89 99 68 72 119 75 47 101 75 80 81 107 112 51 77 90 107 84 68 48 120 79 71 71 106 56 57 10 50 48 116 71 105 114 51 43 50 88 43 74 111 48 48 119 83 122 65 79 66 103 78 86 72 81 56 66 65 102 56 69 66 65 77 67 66 52 65 119 68 65 89 68 86 82 48 84 65 81 72 47 66 65 73 119 65 68 65 114 66 103 78 86 10 72 83 77 69 74 68 65 105 103 67 68 51 105 74 52 103 85 106 100 105 66 106 87 111 70 103 67 54 49 78 70 68 70 115 52 51 49 68 51 101 97 57 103 100 81 54 115 103 86 69 50 84 98 106 65 75 66 103 103 113 104 107 106 79 10 80 81 81 68 65 103 78 73 65 68 66 70 65 105 69 65 48 52 53 116 115 66 83 80 118 51 67 90 112 112 117 111 73 77 118 89 104 118 106 67 116 107 43 74 108 65 98 101 98 55 70 77 66 82 120 101 70 49 52 67 73 71 49 90 10 77 114 68 88 106 99 51 67 90 54 68 108 104 57 53 118 90 103 73 108 70 49 102 89 102 78 72 80 109 52 50 122 115 103 109 99 83 87 121 105 10 45 45 45 45 45 69 78 68 32 67 69 82 84 73 70 73 67 65 84 69 45 45 45 45 45 10 18 24 43 43 139 81 226 73 162 138 143 2 194 225 93 73 38 239 166 69 172 184 107 69 15 115 18 146 18 10 97 10 95 10 93 8 1 18 5 18 3 98 122 116 26 82 10 15 73 115 115 117 101 67 114 101 100 101 110 116 105 97 108 10 21 102 45 49 55 57 49 52 51 52 48 57 50 49 54 50 51 53 57 56 49 53 10 9 100 105 100 58 98 122 116 58 120 10 22 104 102 45 49 55 57 49 52 51 52 48 57 50 49 54 50 51 53 57 56 49 53 10 5 110 97 100 114 97 18 172 17 10 160 3 10 32 7 13 31 96 113 237 23 151 85 192 241 18 102 148 31 23 70 66 209 59 202 133 254 88 164 175 236 141 4 3 183 150 18 251 2 10 177 2 18 52 10 10 95 108 105 102 101 99 121 99 108 101 18 38 10 36 10 30 110 97 109 101 115 112 97 99 101 115 47 102 105 101 108 100 115 47 98 122 116 47 83 101 113 117 101 110 99 101 18 2 8 5 18 248 1 10 3 98 122 116 18 240 1 10 28 10 26 99 114 101 100 58 102 45 49 55 57 49 52 51 52 48 57 50 49 54 50 51 53 57 56 49 53 26 207 1 10 26 99 114 101 100 58 102 45 49 55 57 49 52 51 52 48 57 50 49 54 50 51 53 57 56 49 53 26 176 1 123 34 99 114 101 100 73 100 34 58 34 102 45 49 55 57 49 52 51 52 48 57 50 49 54 50 51 53 57 56 49 53 34 44 34 115 117 98 106 101 99 116 68 105 100 34 58 34 100 105 100 58 98 122 116 58 120 34 44 34 99 111 109 109 105 116 109 101 110 116 72 97 115 104 34 58 34 104 102 45 49 55 57 49 52 51 52 48 57 50 49 54 50 51 53 57 56 49 53 34 44 34 105 115 115 117 101 114 73 100 34 58 34 110 97 100 114 97 34 44 34 115 116 97 116 117 115 34 58 34 65 67 84 73 86 69 34 44 34 105 115 115 117 101 100 65 116 34 58 34 50 48 50 54 45 49 48 45 48 56 84 48 52 58 51 52 58 53 50 46 50 49 52 90 34 125 26 57 8 200 1 26 52 123 34 99 114 101 100 73 100 34 58 34 102 45 49 55 57 49 52 51 52 48 57 50 49 54 50 51 53 57 56 49 53 34 44 34 115 116 97 116 117 115 34 58 34 65 67 84 73 86 69 34 125 34 10 18 3 98 122 116 26 3 49 46 48 18 129 7 10 182 6 10 7 79 114 103 50 77 83 80 18 170 6 45 45 45 45 45 66 69 71 73 78 32 67 69 82 84 73 70 73 67 65 84 69 45 45 45 45 45 10 77 73 73 67 75 68 67 67 65 99 43 103 65 119 73 66 65 103 73 82 65 75 76 113 79 121 121 115 82 89 103 70 109 73 54 113 109 122 117 122 102 110 103 119 67 103 89 73 75 111 90 73 122 106 48 69 65 119 73 119 99 122 69 76 10 77 65 107 71 65 49 85 69 66 104 77 67 86 86 77 120 69 122 65 82 66 103 78 86 66 65 103 84 67 107 78 104 98 71 108 109 98 51 74 117 97 87 69 120 70 106 65 85 66 103 78 86 66 65 99 84 68 86 78 104 98 105 66 71 10 99 109 70 117 89 50 108 122 89 50 56 120 71 84 65 88 66 103 78 86 66 65 111 84 69 71 57 121 90 122 73 117 90 88 104 104 98 88 66 115 90 83 53 106 98 50 48 120 72 68 65 97 66 103 78 86 66 65 77 84 69 50 78 104 10 76 109 57 121 90 122 73 117 90 88 104 104 98 88 66 115 90 83 53 106 98 50 48 119 72 104 99 78 77 106 89 120 77 68 65 52 77 68 81 121 78 122 65 119 87 104 99 78 77 122 89 120 77 68 65 49 77 68 81 121 78 122 65 119 10 87 106 66 113 77 81 115 119 67 81 89 68 86 81 81 71 69 119 74 86 85 122 69 84 77 66 69 71 65 49 85 69 67 66 77 75 81 50 70 115 97 87 90 118 99 109 53 112 89 84 69 87 77 66 81 71 65 49 85 69 66 120 77 78 10 85 50 70 117 73 69 90 121 89 87 53 106 97 88 78 106 98 122 69 78 77 65 115 71 65 49 85 69 67 120 77 69 99 71 86 108 99 106 69 102 77 66 48 71 65 49 85 69 65 120 77 87 99 71 86 108 99 106 65 117 98 51 74 110 10 77 105 53 108 101 71 70 116 99 71 120 108 76 109 78 118 98 84 66 90 77 66 77 71 66 121 113 71 83 77 52 57 65 103 69 71 67 67 113 71 83 77 52 57 65 119 69 72 65 48 73 65 66 70 108 72 76 84 65 82 85 120 78 100 10 108 88 81 120 84 111 43 69 54 48 103 69 119 56 49 67 100 43 70 66 108 89 81 72 82 57 88 115 68 53 56 118 77 48 90 118 113 117 86 47 99 103 85 121 98 71 120 117 103 115 56 102 56 66 107 75 83 111 121 68 66 113 47 107 10 89 119 118 54 57 74 104 115 55 71 105 106 84 84 66 76 77 65 52 71 65 49 85 100 68 119 69 66 47 119 81 69 65 119 73 72 103 68 65 77 66 103 78 86 72 82 77 66 65 102 56 69 65 106 65 65 77 67 115 71 65 49 85 100 10 73 119 81 107 77 67 75 65 73 70 88 110 71 108 83 57 112 57 77 99 43 52 77 119 114 122 53 113 97 120 49 89 114 53 120 82 43 65 73 56 74 101 75 79 84 56 57 88 108 74 113 80 77 65 111 71 67 67 113 71 83 77 52 57 10 66 65 77 67 65 48 99 65 77 69 81 67 73 72 77 75 79 103 101 77 88 74 69 113 74 89 108 50 52 103 50 49 66 111 69 48 117 104 67 56 87 107 78 53 114 86 88 51 78 114 84 69 110 120 67 118 65 105 66 102 115 75 50 82 10 86 79 71 74 80 120 99 83 121 57 89 74 100 43 68 87 76 108 67 51 65 53 83 73 88 67 54 53 97 103 119 65 80 112 77 89 118 81 61 61 10 45 45 45 45 45 69 78 68 32 67 69 82 84 73 70 73 67 65 84 69 45 45 45 45 45 10 18 70 48 68 2 32 63 87 66 80 237 223 217 52 16 40 199 136 41 149 169 72 92 18 116 203 189 212 182 31 102 11 70 171 91 145 49 10 2 32 60 253 116 184 27 200 29 191 232 239 84 36 175 100 72 248 120 74 193 52 132 246 140 81 118 121 70 113 143 165 72 176 18 130 7 10 182 6 10 7 79 114 103 49 77 83 80 18 170 6 45 45 45 45 45 66 69 71 73 78 32 67 69 82 84 73 70 73 67 65 84 69 45 45 45 45 45 10 77 73 73 67 75 68 67 67 65 99 43 103 65 119 73 66 65 103 73 82 65 80 48 107 53 116 102 51 76 90 73 110 83 110 114 106 105 72 47 48 120 50 103 119 67 103 89 73 75 111 90 73 122 106 48 69 65 119 73 119 99 122 69 76 10 77 65 107 71 65 49 85 69 66 104 77 67 86 86 77 120 69 122 65 82 66 103 78 86 66 65 103 84 67 107 78 104 98 71 108 109 98 51 74 117 97 87 69 120 70 106 65 85 66 103 78 86 66 65 99 84 68 86 78 104 98 105 66 71 10 99 109 70 117 89 50 108 122 89 50 56 120 71 84 65 88 66 103 78 86 66 65 111 84 69 71 57 121 90 122 69 117 90 88 104 104 98 88 66 115 90 83 53 106 98 50 48 120 72 68 65 97 66 103 78 86 66 65 77 84 69 50 78 104 10 76 109 57 121 90 122 69 117 90 88 104 104 98 88 66 115 90 83 53 106 98 50 48 119 72 104 99 78 77 106 89 120 77 68 65 52 77 68 81 121 78 122 65 119 87 104 99 78 77 122 89 120 77 68 65 49 77 68 81 121 78 122 65 119 10 87 106 66 113 77 81 115 119 67 81 89 68 86 81 81 71 69 119 74 86 85 122 69 84 77 66 69 71 65 49 85 69 67 66 77 75 81 50 70 115 97 87 90 118 99 109 53 112 89 84 69 87 77 66 81 71 65 49 85 69 66 120 77 78 10 85 50 70 117 73 69 90 121 89 87 53 106 97 88 78 106 98 122 69 78 77 65 115 71 65 49 85 69 67 120 77 69 99 71 86 108 99 106 69 102 77 66 48 71 65 49 85 69 65 120 77 87 99 71 86 108 99 106 65 117 98 51 74 110 10 77 83 53 108 101 71 70 116 99 71 120 108 76 109 78 118 98 84 66 90 77 66 77 71 66 121 113 71 83 77 52 57 65 103 69 71 67 67 113 71 83 77 52 57 65 119 69 72 65 48 73 65 66 66 109 69 71 76 100 112 99 71 66 111 10 77 85 88 83 69 108 90 118 85 86 88 105 112 54 89 86 118 114 86 76 76 108 83 70 69 43 80 57 55 80 99 106 88 69 108 87 68 120 109 97 120 112 117 100 87 70 57 102 113 69 73 119 108 51 111 90 100 118 56 101 101 117 68 56 10 76 49 113 72 54 98 117 65 79 73 101 106 84 84 66 76 77 65 52 71 65 49 85 100 68 119 69 66 47 119 81 69 65 119 73 72 103 68 65 77 66 103 78 86 72 82 77 66 65 102 56 69 65 106 65 65 77 67 115 71 65 49 85 100 10 73 119 81 107 77 67 75 65 73 80 101 73 110 105 66 83 78 50 73 71 78 97 103 87 65 76 114 85 48 85 77 87 122 106 102 85 80 100 53 114 50 66 49 68 113 121 66 85 84 90 78 117 77 65 111 71 67 67 113 71 83 77 52 57 10 66 65 77 67 65 48 99 65 77 69 81 67 73 71 43 43 67 47 82 75 86 90 66 79 47 77 49 82 71 116 114 77 75 100 66 52 49 111 82 87 76 79 90 107 121 117 73 102 51 101 79 105 122 71 65 82 65 105 66 117 104 122 100 82 10 111 108 69 117 111 85 76 72 69 99 69 80 57 115 48 49 76 48 115 87 116 80 108 83 72 65 104 98 98 69 109 70 65 73 119 114 68 119 61 61 10 45 45 45 45 45 69 78 68 32 67 69 82 84 73 70 73 67 65 84 69 45 45 45 45 45 10 18 71 48 69 2 33 0 229 26 116 3 49 120 22 77 26 198 194 31 30 65 240 118 139 142 235 208 26 237 113 66 212 201 70 171 27 159 208 36 2 32 74 58 116 199 197 11 22 68 149 8 229 135 39 28 30 125 241 39 234 102 172 44 85 105 46 212 12 194 29 12 221 223 18 70 48 68 2 32 6 125 76 77 8 235 2 141 118 243 2 128 85 43 253 102 39 72 208 233 89 68 3 92 196 156 240 181 236 19 117 159 2 32 8 69 3 126 102 31 253 217 200 138 54 189 110 142 247 25 60 144 153 52 225 119 73 141 69 89 158 121 215 247 76 53 4 28 10 14 10 12 10 2 8 2 18 6 8 1 16 48 24 27 10 4 10 2 8 2 10 0 10 0 10 0] Header:[48 71 2 1 48 4 32 107 23 138 73 85 154 144 195 120 253 239 166 174 63 100 78 68 174 106 220 1 90 36 136 136 130 143 150 245 24 115 19 4 32 42 108 80 254 142 21 98 97 162 75 111 164 176 174 68 108 165 1 173 255 163 219 15 109 182 18 184 203 107 139 171 12] Metadata:[8 1 16 48 24 27] VerificationSequence:2} Signatures:[{ID:2 Value:[48 69 2 33 0 227 71 208 96 250 145 140 211 62 122 77 70 252 30 109 26 207 142 136 84 239 245 211 208 255 117 33 48 68 219 35 157 2 32 125 127 181 46 100 215 201 84 146 50 108 42 226 19 219 68 57 101 92 45 39 101 111 148 135 233 0 108 7 90 166 83] Msg:[48 119 4 28 8 2 18 24 28 185 120 253 181 218 128 33 134 87 94 178 250 252 198 232 8 111 252 188 191 239 161 42 4 73 48 71 2 1 48 4 32 107 23 138 73 85 154 144 195 120 253 239 166 174 63 100 78 68 174 106 220 1 90 36 136 136 130 143 150 245 24 115 19 4 32 42 108 80 254 142 21 98 97 162 75 111 164 176 174 68 108 165 1 173 255 163 219 15 109 182 18 184 203 107 139 171 12 4 12 10 2 8 2 18 6 8 1 16 48 24 27]} {ID:1 Value:[48 69 2 33 0 173 109 224 16 187 196 245 112 239 88 247 178 63 30 214 197 181 8 101 14 173 7 120 186 64 74 202 132 65 187 17 181 2 32 111 226 95 5 219 112 81 244 77 154 119 15 16 103 197 225 253 100 121 105 165 90 39 210 180 176 30 6 81 165 15 69] Msg:[48 119 4 28 8 1 18 24 241 203 113 154 25 34 131 42 112 56 180 93 161 163 108 242 170 176 55 120 82 202 230 94 4 73 48 71 2 1 48 4 32 107 23 138 73 85 154 144 195 120 253 239 166 174 63 100 78 68 174 106 220 1 90 36 136 136 130 143 150 245 24 115 19 4 32 42 108 80 254 142 21 98 97 162 75 111 164 176 174 68 108 165 1 173 255 163 219 15 109 182 18 184 203 107 139 171 12 4 12 10 2 8 2 18 6 8 1 16 48 24 27]} {ID:3 Value:[48 69 2 33 0 180 178 175 76 202 232 76 41 215 209 27 247 125 245 164 130 248 239 79 101 152 191 254 208 2 206 43 17 220 243 224 84 2 32 22 145 45 26 116 254 48 55 8 35 251 241 156 211 113 142 255 213 83 241 21 131 232 238 206 177 181 235 154 175 225 8] Msg:[48 119 4 28 8 3 18 24 228 50 65 55 245 167 216 218 212 170 24 172 107 139 226 137 64 51 97 194 66 73 90 111 4 73 48 71 2 1 48 4 32 107 23 138 73 85 154 144 195 120 253 239 166 174 63 100 78 68 174 106 220 1 90 36 136 136 130 143 150 245 24 115 19 4 32 42 108 80 254 142 21 98 97 162 75 111 164 176 174 68 108 165 1 173 255 163 219 15 109 182 18 184 203 107 139 171 12 4 12 10 2 8 2 18 6 8 1 16 48 24 27]}]} channel=mychannel
[34m2026-10-08 04:38:19.238 UTC 0138 INFO[0m [BlockReceiver] [34;1mStop[0m -> BlockReceiver stopped orderer-address=orderer3.example.com:7056
[34m2026-10-08 04:38:19.238 UTC 0139 INFO[0m [orderer.consensus.smartbft.consensus] [34;1msync[0m -> Synchronizer returned with sequence 48 while the controller is at sequence 33 channel=mychannel
[34m2026-10-08 04:38:19.238 UTC 013a INFO[0m [BlockReceiver] [34;1mStop[0m -> BlockReceiver already stopped orderer-address=orderer3.example.com:7056
[34m2026-10-08 04:38:19.238 UTC 013b INFO[0m [BFTHeaderReceiver] [34;1mStop[0m -> [mychannel][orderer.example.com:7050] Already stopped
[34m2026-10-08 04:38:19.238 UTC 013c INFO[0m [BlockReceiver] [34;1mProcessIncoming[0m -> BlockReceiver got a signal to stop orderer-address=orderer3.example.com:7056
[34m2026-10-08 04:38:19.238 UTC 013d INFO[0m [BFTHeaderReceiver] [34;1mStop[0m -> [mychannel][orderer2.example.com:7052] Stopping
[34m2026-10-08 04:38:19.238 UTC 013e INFO[0m [grpc] [34;1mAddTraceEvent[0m -> [core] [Channel #40]Channel Connectivity change to SHUTDOWN
[34m2026-10-08 04:38:19.238 UTC 013f INFO[0m [orderer.blocksprovider] [34;1mfunc1[0m -> Stopping to DeliverBlocks on channel `mychannel`, block height=49 channel=mychannel
[34m2026-10-08 04:38:19.238 UTC 0140 INFO[0m [grpc] [34;1mAddTraceEvent[0m -> [core] [Channel #40]Closing the name resolver
[34m2026-10-08 04:38:19.238 UTC 0141 INFO[0m [grpc] [34;1mAddTraceEvent[0m -> [core] [Channel #40]ccBalancerWrapper: closing
[34m2026-10-08 04:38:19.239 UTC 0144 INFO[0m [grpc] [34;1mAddTraceEvent[0m -> [core] [Channel #40 SubChannel #41]Subchannel Connectivity change to SHUTDOWN
[34m2026-10-08 04:38:19.239 UTC 0145 INFO[0m [grpc] [34;1mAddTraceEvent[0m -> [core] [Channel #40 SubChannel #41]Subchannel deleted
[34m2026-10-08 04:38:19.239 UTC 0146 INFO[0m [grpc] [34;1mInfof[0m -> [transport] [client-transport 0xc0007d9688] Closing: rpc error: code = Canceled desc = grpc: the client connection is closing
[34m2026-10-08 04:38:19.239 UTC 0147 INFO[0m [grpc] [34;1mInfof[0m -> [transport] [client-transport 0xc0007d9688] loopyWriter exiting with error: rpc error: code = Canceled desc = grpc: the client connection is closing
[34m2026-10-08 04:38:19.239 UTC 0148 INFO[0m [grpc] [34;1mAddTraceEvent[0m -> [core] [Channel #40]Channel deleted
[33m2026-10-08 04:38:19.238 UTC 0142 WARN[0m [BlockReceiver] [33;1mfunc1[0m -> Encountered an error reading from deliver stream: rpc error: code = Canceled desc = context canceled orderer-address=orderer3.example.com:7056
[34m2026-10-08 04:38:19.239 UTC 0143 INFO[0m [orderer.consensus.smartbft.consensus] [34;1mCollectStateResponses[0m -> Node 4 collected a valid state: view - 1 and seq - 49 channel=mychannel
[34m2026-10-08 04:38:19.239 UTC 0149 INFO[0m [orderer.consensus.smartbft.consensus] [34;1mChangeRole[0m -> Changing to follower role, current view: 1, current leader: 2 channel=mychannel
[34m2026-10-08 04:38:19.239 UTC 014a INFO[0m [orderer.consensus.smartbft.consensus] [34;1mstartView[0m -> Starting view with number 1, sequence 49, and decisions 28 channel=mychannel
[33m2026-10-08 04:38:20.865 UTC 014b WARN[0m [orderer.consensus.smartbft.consensus] [33;1mprocessMsg[0m -> Node 4 got viewChange message view_change:{next_view:3} from 2 with view 3, expected view 4 channel=mychannel
[33m2026-10-08 04:38:21.525 UTC 014c WARN[0m [orderer.consensus.smartbft.consensus] [33;1mprocessMsg[0m -> Node 4 got viewChange message view_change:{next_view:3} from 1 with view 3, expected view 4 channel=mychannel
[33m2026-10-08 04:38:23.032 UTC 014d WARN[0m [orderer.consensus.smartbft.consensus] [33;1mprocessMsg[0m -> Node 4 got viewChange message view_change:{next_view:3} from 3 with view 3, expected view 4 channel=mychannel
[33m2026-10-08 04:38:26.866 UTC 014e WARN[0m [orderer.consensus.smartbft.consensus] [33;1mprocessMsg[0m -> Node 4 got viewChange message view_change:{next_view:3} from 2 with view 3, expected view 4 channel=mychannel
[33m2026-10-08 04:38:27.524 UTC 014f WARN[0m [orderer.consensus.smartbft.consensus] [33;1mprocessMsg[0m -> Node 4 got viewChange message view_change:{next_view:3} from 1 with view 3, expected view 4 channel=mychannel
[33m2026-10-08 04:38:29.032 UTC 0150 WARN[0m [orderer.consensus.smartbft.consensus] [33;1mprocessMsg[0m -> Node 4 got viewChange message view_change:{next_view:3} from 3 with view 3, expected view 4 channel=mychannel
[33m2026-10-08 04:38:32.865 UTC 0151 WARN[0m [orderer.consensus.smartbft.consensus] [33;1mprocessMsg[0m -> Node 4 got viewChange message view_change:{next_view:3} from 2 with view 3, expected view 4 channel=mychannel
[33m2026-10-08 04:38:33.524 UTC 0152 WARN[0m [orderer.consensus.smartbft.consensus] [33;1mprocessMsg[0m -> Node 4 got viewChange message view_change:{next_view:3} from 1 with view 3, expected view 4 channel=mychannel
[33m2026-10-08 04:38:35.032 UTC 0153 WARN[0m [orderer.consensus.smartbft.consensus] [33;1mprocessMsg[0m -> Node 4 got viewChange message view_change:{next_view:3} from 3 with view 3, expected view 4 channel=mychannel
[33m2026-10-08 04:38:37.865 UTC 0154 WARN[0m [orderer.consensus.smartbft.consensus] [33;1mprocessMsg[0m -> Node 4 got viewChange message view_change:{next_view:3} from 2 with view 3, expected view 4 channel=mychannel
[34m2026-10-08 04:38:39.043 UTC 0155 INFO[0m [comm.grpc.server] [34;1m1[0m -> streaming call completed grpc.service=orderer.AtomicBroadcast grpc.method=Deliver grpc.peer_address=172.18.0.5:39296 grpc.peer_subject="CN=orderer3.example.com,L=San Francisco,ST=California,C=US" error="context finished before block retrieved: context canceled" grpc.code=Unknown grpc.call_duration=1.764521ms
[34m2026-10-08 04:38:39.044 UTC 0156 INFO[0m [grpc] [34;1mInfof[0m -> [transport] [server-transport 0xc0005de4e0] Closing: EOF
[34m2026-10-08 04:38:39.045 UTC 0157 INFO[0m [grpc] [34;1mInfof[0m -> [transport] [server-transport 0xc0005de4e0] loopyWriter exiting with error: transport closed by client
[33m2026-10-08 04:38:39.198 UTC 0158 WARN[0m [orderer.consensus.smartbft.consensus] [33;1mprocessMsg[0m -> Node 4 got viewChange message view_change:{next_view:3} from 3 with view 3, expected view 4 channel=mychannel
[33m2026-10-08 04:38:39.524 UTC 0159 WARN[0m [orderer.consensus.smartbft.consensus] [33;1mprocessMsg[0m -> Node 4 got viewChange message view_change:{next_view:3} from 1 with view 3, expected view 4 channel=mychannel
[33m2026-10-08 04:38:39.525 UTC 015a WARN[0m [orderer.consensus.smartbft.consensus] [33;1mprocessMsg[0m -> Node 4 got viewChange message view_change:{next_view:3} from 3 with view 3, expected view 4 channel=mychannel
[33m2026-10-08 04:38:39.866 UTC 015b WARN[0m [orderer.consensus.smartbft.consensus] [33;1mprocessMsg[0m -> Node 4 got viewChange message view_change:{next_view:4} from 1 with view 4, expected view 5 channel=mychannel
[34m2026-10-08 04:38:39.871 UTC 015c INFO[0m [orderer.consensus.smartbft.consensus] [34;1mChangeRole[0m -> Changing to follower role, current view: 4, current leader: 1 channel=mychannel
[34m2026-10-08 04:38:39.871 UTC 015d INFO[0m [orderer.consensus.smartbft.consensus] [34;1mstartView[0m -> Starting view with number 4, sequence 49, and decisions 0 channel=mychannel
[34m2026-10-08 04:38:39.880 UTC 015e INFO[0m [comm.grpc.server] [34;1m1[0m -> streaming call completed grpc.service=orderer.AtomicBroadcast grpc.method=Deliver grpc.peer_address=172.18.0.3:35462 grpc.peer_subject="CN=orderer2.example.com,L=San Francisco,ST=California,C=US" error="context finished before block retrieved: context canceled" grpc.code=Unknown grpc.call_duration=2.479774ms
[34m2026-10-08 04:38:39.882 UTC 015f INFO[0m [grpc] [34;1mInfof[0m -> [transport] [server-transport 0xc0000da1a0] Closing: EOF
[34m2026-10-08 04:38:39.882 UTC 0160 INFO[0m [grpc] [34;1mInfof[0m -> [transport] [server-transport 0xc0000da1a0] loopyWriter exiting with error: transport closed by client
[34m2026-10-08 04:38:41.895 UTC 0161 INFO[0m [orderer.consensus.smartbft.consensus] [34;1mprocessProposal[0m -> Processed proposal with seq 49 channel=mychannel
[34m2026-10-08 04:38:41.895 UTC 0162 INFO[0m [orderer.consensus.smartbft.consensus] [34;1mprocessPrepares[0m -> 4 collected 2 prepares from [1 2] channel=mychannel
[34m2026-10-08 04:38:41.896 UTC 0163 INFO[0m [orderer.consensus.smartbft.consensus] [34;1mprocessPrepares[0m -> Processed prepares for proposal with seq 49 channel=mychannel
[34m2026-10-08 04:38:41.899 UTC 0164 INFO[0m [orderer.consensus.smartbft.consensus] [34;1mprocessCommits[0m -> 4 collected 2 commits from [1 2] channel=mychannel
[34m2026-10-08 04:38:41.899 UTC 0165 INFO[0m [orderer.consensus.smartbft.consensus] [34;1mprepared[0m -> 4 processed commits for proposal with seq 49 channel=mychannel
[34m2026-10-08 04:38:41.899 UTC 0166 INFO[0m [orderer.consensus.smartbft.consensus] [34;1mdecide[0m -> Deciding on seq 49 channel=mychannel
[34m2026-10-08 04:38:41.899 UTC 0167 INFO[0m [orderer.consensus.smartbft.consensus] [34;1mstartNextSeq[0m -> Sequence: 49-->50 channel=mychannel
[34m2026-10-08 04:38:41.899 UTC 0168 INFO[0m [orderer.consensus.smartbft.chain] [34;1mDeliver[0m -> Delivering proposal, writing block 49 with 10 transactions and metadata of total size 328 with signatures from [1 2 4] to the ledger, node id 4 channel=mychannel
[34m2026-10-08 04:38:41.914 UTC 0169 INFO[0m [BFTHeaderReceiver] [34;1mStop[0m -> [mychannel][orderer2.example.com:7052] Already stopped
[34m2026-10-08 04:38:44.015 UTC 016a INFO[0m [orderer.consensus.smartbft.consensus] [34;1mprocessProposal[0m -> Processed proposal with seq 50 channel=mychannel
[34m2026-10-08 04:38:44.016 UTC 016b INFO[0m [orderer.consensus.smartbft.consensus] [34;1mprocessPrepares[0m -> 4 collected 2 prepares from [1 3] channel=mychannel
[34m2026-10-08 04:38:44.017 UTC 016c INFO[0m [orderer.consensus.smartbft.consensus] [34;1mprocessPrepares[0m -> Processed prepares for proposal with seq 50 channel=mychannel
[34m2026-10-08 04:38:44.021 UTC 016d INFO[0m [orderer.consensus.smartbft.consensus] [34;1mprocessCommits[0m -> 4 collected 2 commits from [1 3] channel=mychannel
[34m2026-10-08 04:38:44.022 UTC 016e INFO[0m [orderer.consensus.smartbft.consensus] [34;1mprepared[0m -> 4 processed commits for proposal with seq 50 channel=mychannel
[34m2026-10-08 04:38:44.022 UTC 016f INFO[0m [orderer.consensus.smartbft.consensus] [34;1mdecide[0m -> Deciding on seq 50 channel=mychannel
[34m2026-10-08 04:38:44.022 UTC 0170 INFO[0m [orderer.consensus.smartbft.consensus] [34;1mstartNextSeq[0m -> Sequence: 50-->51 channel=mychannel
[34m2026-10-08 04:38:44.022 UTC 0171 INFO[0m [orderer.consensus.smartbft.chain] [34;1mDeliver[0m -> Delivering proposal, writing block 50 with 1 transactions and metadata of total size 330 with signatures from [1 3 4] to the ledger, node id 4 channel=mychannel
[34m2026-10-08 04:38:46.131 UTC 0172 INFO[0m [orderer.consensus.smartbft.consensus] [34;1mprocessProposal[0m -> Processed proposal with seq 51 channel=mychannel
[34m2026-10-08 04:38:46.132 UTC 0173 INFO[0m [orderer.consensus.smartbft.consensus] [34;1mprocessPrepares[0m -> 4 collected 2 prepares from [1 3] channel=mychannel
[34m2026-10-08 04:38:46.133 UTC 0174 INFO[0m [orderer.consensus.smartbft.consensus] [34;1mprocessPrepares[0m -> Processed prepares for proposal with seq 51 channel=mychannel
[34m2026-10-08 04:38:46.135 UTC 0175 INFO[0m [orderer.consensus.smartbft.consensus] [34;1mprocessCommits[0m -> 4 collected 2 commits from [3 2] channel=mychannel
[34m2026-10-08 04:38:46.135 UTC 0176 INFO[0m [orderer.consensus.smartbft.consensus] [34;1mprepared[0m -> 4 processed commits for proposal with seq 51 channel=mychannel
[34m2026-10-08 04:38:46.135 UTC 0177 INFO[0m [orderer.consensus.smartbft.consensus] [34;1mdecide[0m -> Deciding on seq 51 channel=mychannel
[34m2026-10-08 04:38:46.135 UTC 0178 INFO[0m [orderer.consensus.smartbft.consensus] [34;1mstartNextSeq[0m -> Sequence: 51-->52 channel=mychannel
[34m2026-10-08 04:38:46.135 UTC 0179 INFO[0m [orderer.consensus.smartbft.chain] [34;1mDeliver[0m -> Delivering proposal, writing block 51 with 1 transactions and metadata of total size 331 with signatures from [3 2 4] to the ledger, node id 4 channel=mychannel
[34m2026-10-08 04:38:48.248 UTC 017a INFO[0m [orderer.consensus.smartbft.consensus] [34;1mprocessProposal[0m -> Processed proposal with seq 52 channel=mychannel
[34m2026-10-08 04:38:48.249 UTC 017b INFO[0m [orderer.consensus.smartbft.consensus] [34;1mprocessPrepares[0m -> 4 collected 2 prepares from [1 3] channel=mychannel
[34m2026-10-08 04:38:48.249 UTC 017c INFO[0m [orderer.consensus.smartbft.consensus] [34;1mprocessPrepares[0m -> Processed prepares for proposal with seq 52 channel=mychannel
[34m2026-10-08 04:38:48.251 UTC 017d INFO[0m [orderer.consensus.smartbft.consensus] [34;1mprocessCommits[0m -> 4 collected 2 commits from [1 3] channel=mychannel
[34m2026-10-08 04:38:48.251 UTC 017e INFO[0m [orderer.consensus.smartbft.consensus] [34;1mprepared[0m -> 4 processed commits for proposal with seq 52 channel=mychannel
[34m2026-10-08 04:38:48.251 UTC 017f INFO[0m [orderer.consensus.smartbft.consensus] [34;1mdecide[0m -> Deciding on seq 52 channel=mychannel
[34m2026-10-08 04:38:48.251 UTC 0180 INFO[0m [orderer.consensus.smartbft.consensus] [34;1mstartNextSeq[0m -> Sequence: 52-->53 channel=mychannel
[34m2026-10-08 04:38:48.252 UTC 0181 INFO[0m [orderer.consensus.smartbft.chain] [34;1mDeliver[0m -> Delivering proposal, writing block 52 with 1 transactions and metadata of total size 333 with signatures from [1 3 4] to the ledger, node id 4 channel=mychannel
[34m2026-10-08 04:38:50.366 UTC 0182 INFO[0m [orderer.consensus.smartbft.consensus] [34;1mprocessProposal[0m -> Processed proposal with seq 53 channel=mychannel
[34m2026-10-08 04:38:50.366 UTC 0183 INFO[0m [orderer.consensus.smartbft.consensus] [34;1mprocessPrepares[0m -> 4 collected 2 prepares from [1 3] channel=mychannel
[34m2026-10-08 04:38:50.366 UTC 0184 INFO[0m [orderer.consensus.smartbft.consensus] [34;1mprocessPrepares[0m -> Processed prepares for proposal with seq 53 channel=mychannel
[34m2026-10-08 04:38:50.368 UTC 0185 INFO[0m [orderer.consensus.smartbft.consensus] [34;1mprocessCommits[0m -> 4 collected 2 commits from [2 1] channel=mychannel
[34m2026-10-08 04:38:50.368 UTC 0186 INFO[0m [orderer.consensus.smartbft.consensus] [34;1mprepared[0m -> 4 processed commits for proposal with seq 53 channel=mychannel
[34m2026-10-08 04:38:50.368 UTC 0187 INFO[0m [orderer.consensus.smartbft.consensus] [34;1mdecide[0m -> Deciding on seq 53 channel=mychannel
[34m2026-10-08 04:38:50.368 UTC 0188 INFO[0m [orderer.consensus.smartbft.consensus] [34;1mstartNextSeq[0m -> Sequence: 53-->54 channel=mychannel
[34m2026-10-08 04:38:50.368 UTC 0189 INFO[0m [orderer.consensus.smartbft.chain] [34;1mDeliver[0m -> Delivering proposal, writing block 53 with 1 transactions and metadata of total size 332 with signatures from [2 1 4] to the ledger, node id 4 channel=mychannel
[34m2026-10-08 04:38:52.483 UTC 018a INFO[0m [orderer.consensus.smartbft.consensus] [34;1mprocessProposal[0m -> Processed proposal with seq 54 channel=mychannel
[34m2026-10-08 04:38:52.484 UTC 018b INFO[0m [orderer.consensus.smartbft.consensus] [34;1mprocessPrepares[0m -> 4 collected 2 prepares from [1 2] channel=mychannel
[34m2026-10-08 04:38:52.485 UTC 018c INFO[0m [orderer.consensus.smartbft.consensus] [34;1mprocessPrepares[0m -> Processed prepares for proposal with seq 54 channel=mychannel
[34m2026-10-08 04:38:52.486 UTC 018d INFO[0m [orderer.consensus.smartbft.consensus] [34;1mprocessCommits[0m -> 4 collected 2 commits from [2 1] channel=mychannel
[34m2026-10-08 04:38:52.487 UTC 018e INFO[0m [orderer.consensus.smartbft.consensus] [34;1mprepared[0m -> 4 processed commits for proposal with seq 54 channel=mychannel
[34m2026-10-08 04:38:52.487 UTC 018f INFO[0m [orderer.consensus.smartbft.consensus] [34;1mdecide[0m -> Deciding on seq 54 channel=mychannel
[34m2026-10-08 04:38:52.487 UTC 0190 INFO[0m [orderer.consensus.smartbft.consensus] [34;1mstartNextSeq[0m -> Sequence: 54-->55 channel=mychannel
[34m2026-10-08 04:38:52.487 UTC 0191 INFO[0m [orderer.consensus.smartbft.chain] [34;1mDeliver[0m -> Delivering proposal, writing block 54 with 1 transactions and metadata of total size 331 with signatures from [2 1 4] to the ledger, node id 4 channel=mychannel
[34m2026-10-08 04:38:54.600 UTC 0192 INFO[0m [orderer.consensus.smartbft.consensus] [34;1mprocessProposal[0m -> Processed proposal with seq 55 channel=mychannel
[34m2026-10-08 04:38:54.601 UTC 0193 INFO[0m [orderer.consensus.smartbft.consensus] [34;1mprocessPrepares[0m -> 4 collected 2 prepares from [1 2] channel=mychannel
[34m2026-10-08 04:38:54.602 UTC 0194 INFO[0m [orderer.consensus.smartbft.consensus] [34;1mprocessPrepares[0m -> Processed prepares for proposal with seq 55 channel=mychannel
[34m2026-10-08 04:38:54.604 UTC 0195 INFO[0m [orderer.consensus.smartbft.consensus] [34;1mprocessCommits[0m -> 4 collected 2 commits from [1 3] channel=mychannel
[34m2026-10-08 04:38:54.605 UTC 0196 INFO[0m [orderer.consensus.smartbft.consensus] [34;1mprepared[0m -> 4 processed commits for proposal with seq 55 channel=mychannel
[34m2026-10-08 04:38:54.605 UTC 0197 INFO[0m [orderer.consensus.smartbft.consensus] [34;1mdecide[0m -> Deciding on seq 55 channel=mychannel
[34m2026-10-08 04:38:54.605 UTC 0198 INFO[0m [orderer.consensus.smartbft.consensus] [34;1mstartNextSeq[0m -> Sequence: 55-->56 channel=mychannel
[34m2026-10-08 04:38:54.605 UTC 0199 INFO[0m [orderer.consensus.smartbft.chain] [34;1mDeliver[0m -> Delivering proposal, writing block 55 with 1 transactions and metadata of total size 332 with signatures from [1 3 4] to the ledger, node id 4 channel=mychannel
[34m2026-10-08 04:38:56.718 UTC 019a INFO[0m [orderer.consensus.smartbft.consensus] [34;1mprocessProposal[0m -> Processed proposal with seq 56 channel=mychannel
[34m2026-10-08 04:38:56.719 UTC 019b INFO[0m [orderer.consensus.smartbft.consensus] [34;1mprocessPrepares[0m -> 4 collected 2 prepares from [1 2] channel=mychannel
[34m2026-10-08 04:38:56.720 UTC 019c INFO[0m [orderer.consensus.smartbft.consensus] [34;1mprocessPrepares[0m -> Processed prepares for proposal with seq 56 channel=mychannel
[34m2026-10-08 04:38:56.721 UTC 019d INFO[0m [orderer.consensus.smartbft.consensus] [34;1mprocessCommits[0m -> 4 collected 2 commits from [3 1] channel=mychannel
[34m2026-10-08 04:38:56.721 UTC 019e INFO[0m [orderer.consensus.smartbft.consensus] [34;1mprepared[0m -> 4 processed commits for proposal with seq 56 channel=mychannel
[34m2026-10-08 04:38:56.721 UTC 019f INFO[0m [orderer.consensus.smartbft.consensus] [34;1mdecide[0m -> Deciding on seq 56 channel=mychannel
[34m2026-10-08 04:38:56.721 UTC 01a0 INFO[0m [orderer.consensus.smartbft.consensus] [34;1mstartNextSeq[0m -> Sequence: 56-->57 channel=mychannel
[34m2026-10-08 04:38:56.721 UTC 01a1 INFO[0m [orderer.consensus.smartbft.chain] [34;1mDeliver[0m -> Delivering proposal, writing block 56 with 1 transactions and metadata of total size 331 with signatures from [3 1 4] to the ledger, node id 4 channel=mychannel
[33m2026-10-08 04:38:56.722 UTC 01a2 WARN[0m [orderer.consensus.smartbft.consensus] [33;1mprocessMsg[0m -> 4 got message from 3 with sequence 55 but our sequence is 57 channel=mychannel
[34m2026-10-08 04:38:58.834 UTC 01a3 INFO[0m [orderer.consensus.smartbft.consensus] [34;1mprocessProposal[0m -> Processed proposal with seq 57 channel=mychannel
[34m2026-10-08 04:38:58.834 UTC 01a4 INFO[0m [orderer.consensus.smartbft.consensus] [34;1mprocessPrepares[0m -> 4 collected 2 prepares from [1 2] channel=mychannel
[34m2026-10-08 04:38:58.836 UTC 01a5 INFO[0m [orderer.consensus.smartbft.consensus] [34;1mprocessPrepares[0m -> Processed prepares for proposal with seq 57 channel=mychannel
[34m2026-10-08 04:38:58.840 UTC 01a6 INFO[0m [orderer.consensus.smartbft.consensus] [34;1mprocessCommits[0m -> 4 collected 2 commits from [2 1] channel=mychannel
[34m2026-10-08 04:38:58.840 UTC 01a7 INFO[0m [orderer.consensus.smartbft.consensus] [34;1mprepared[0m -> 4 processed commits for proposal with seq 57 channel=mychannel
[34m2026-10-08 04:38:58.840 UTC 01a8 INFO[0m [orderer.consensus.smartbft.consensus] [34;1mdecide[0m -> Deciding on seq 57 channel=mychannel
[34m2026-10-08 04:38:58.840 UTC 01a9 INFO[0m [orderer.consensus.smartbft.consensus] [34;1mstartNextSeq[0m -> Sequence: 57-->58 channel=mychannel
[34m2026-10-08 04:38:58.840 UTC 01aa INFO[0m [orderer.consensus.smartbft.chain] [34;1mDeliver[0m -> Delivering proposal, writing block 57 with 1 transactions and metadata of total size 331 with signatures from [2 1 4] to the ledger, node id 4 channel=mychannel
[34m2026-10-08 04:39:00.950 UTC 01ab INFO[0m [orderer.consensus.smartbft.consensus] [34;1mprocessProposal[0m -> Processed proposal with seq 58 channel=mychannel
[34m2026-10-08 04:39:00.951 UTC 01ac INFO[0m [orderer.consensus.smartbft.consensus] [34;1mprocessPrepares[0m -> 4 collected 2 prepares from [1 3] channel=mychannel
[34m2026-10-08 04:39:00.954 UTC 01ad INFO[0m [orderer.consensus.smartbft.consensus] [34;1mprocessPrepares[0m -> Processed prepares for proposal with seq 58 channel=mychannel
[34m2026-10-08 04:39:00.957 UTC 01ae INFO[0m [orderer.consensus.smartbft.consensus] [34;1mprocessCommits[0m -> 4 collected 2 commits from [2 1] channel=mychannel
[34m2026-10-08 04:39:00.957 UTC 01af INFO[0m [orderer.consensus.smartbft.consensus] [34;1mprepared[0m -> 4 processed commits for proposal with seq 58 channel=mychannel
[34m2026-10-08 04:39:00.957 UTC 01b0 INFO[0m [orderer.consensus.smartbft.consensus] [34;1mdecide[0m -> Deciding on seq 58 channel=mychannel
[34m2026-10-08 04:39:00.957 UTC 01b1 INFO[0m [orderer.consensus.smartbft.consensus] [34;1mstartNextSeq[0m -> Sequence: 58-->59 channel=mychannel
[34m2026-10-08 04:39:00.958 UTC 01b2 INFO[0m [orderer.consensus.smartbft.chain] [34;1mDeliver[0m -> Delivering proposal, writing block 58 with 1 transactions and metadata of total size 331 with signatures from [2 1 4] to the ledger, node id 4 channel=mychannel
[33m2026-10-08 04:39:00.958 UTC 01b3 WARN[0m [orderer.consensus.smartbft.consensus] [33;1mprocessMsg[0m -> 4 got message from 1 with sequence 57 but our sequence is 59 channel=mychannel
[34m2026-10-08 04:39:03.071 UTC 01b4 INFO[0m [orderer.consensus.smartbft.consensus] [34;1mprocessProposal[0m -> Processed proposal with seq 59 channel=mychannel
[34m2026-10-08 04:39:03.072 UTC 01b5 INFO[0m [orderer.consensus.smartbft.consensus] [34;1mprocessPrepares[0m -> 4 collected 2 prepares from [1 2] channel=mychannel
[34m2026-10-08 04:39:03.073 UTC 01b6 INFO[0m [orderer.consensus.smartbft.consensus] [34;1mprocessPrepares[0m -> Processed prepares for proposal with seq 59 channel=mychannel
[34m2026-10-08 04:39:03.074 UTC 01b7 INFO[0m [orderer.consensus.smartbft.consensus] [34;1mprocessCommits[0m -> 4 collected 2 commits from [1 3] channel=mychannel
[34m2026-10-08 04:39:03.074 UTC 01b8 INFO[0m [orderer.consensus.smartbft.consensus] [34;1mprepared[0m -> 4 processed commits for proposal with seq 59 channel=mychannel
[34m2026-10-08 04:39:03.074 UTC 01b9 INFO[0m [orderer.consensus.smartbft.consensus] [34;1mdecide[0m -> Deciding on seq 59 channel=mychannel
[34m2026-10-08 04:39:03.074 UTC 01ba INFO[0m [orderer.consensus.smartbft.consensus] [34;1mstartNextSeq[0m -> Sequence: 59-->60 channel=mychannel
[34m2026-10-08 04:39:03.074 UTC 01bb INFO[0m [orderer.consensus.smartbft.chain] [34;1mDeliver[0m -> Delivering proposal, writing block 59 with 1 transactions and metadata of total size 331 with signatures from [1 3 4] to the ledger, node id 4 channel=mychannel
[34m2026-10-08 04:39:05.189 UTC 01bc INFO[0m [orderer.consensus.smartbft.consensus] [34;1mprocessProposal[0m -> Processed proposal with seq 60 channel=mychannel
[34m2026-10-08 04:39:05.189 UTC 01bd INFO[0m [orderer.consensus.smartbft.consensus] [34;1mprocessPrepares[0m -> 4 collected 2 prepares from [1 2] channel=mychannel
[34m2026-10-08 04:39:05.190 UTC 01be INFO[0m [orderer.consensus.smartbft.consensus] [34;1mprocessPrepares[0m -> Processed prepares for proposal with seq 60 channel=mychannel
[34m2026-10-08 04:39:05.191 UTC 01bf INFO[0m [orderer.consensus.smartbft.consensus] [34;1mprocessCommits[0m -> 4 collected 2 commits from [2 1] channel=mychannel
[34m2026-10-08 04:39:05.192 UTC 01c0 INFO[0m [orderer.consensus.smartbft.consensus] [34;1mprepared[0m -> 4 processed commits for proposal with seq 60 channel=mychannel
[34m2026-10-08 04:39:05.192 UTC 01c1 INFO[0m [orderer.consensus.smartbft.consensus] [34;1mdecide[0m -> Deciding on seq 60 channel=mychannel
[34m2026-10-08 04:39:05.192 UTC 01c2 INFO[0m [orderer.consensus.smartbft.consensus] [34;1mstartNextSeq[0m -> Sequence: 60-->61 channel=mychannel
[34m2026-10-08 04:39:05.192 UTC 01c3 INFO[0m [orderer.consensus.smartbft.chain] [34;1mDeliver[0m -> Delivering proposal, writing block 60 with 1 transactions and metadata of total size 332 with signatures from [2 1 4] to the ledger, node id 4 channel=mychannel
[34m2026-10-08 04:39:07.305 UTC 01c4 INFO[0m [orderer.consensus.smartbft.consensus] [34;1mprocessProposal[0m -> Processed proposal with seq 61 channel=mychannel
[34m2026-10-08 04:39:07.305 UTC 01c5 INFO[0m [orderer.consensus.smartbft.consensus] [34;1mprocessPrepares[0m -> 4 collected 2 prepares from [1 2] channel=mychannel
[34m2026-10-08 04:39:07.306 UTC 01c6 INFO[0m [orderer.consensus.smartbft.consensus] [34;1mprocessPrepares[0m -> Processed prepares for proposal with seq 61 channel=mychannel
[34m2026-10-08 04:39:07.307 UTC 01c7 INFO[0m [orderer.consensus.smartbft.consensus] [34;1mprocessCommits[0m -> 4 collected 2 commits from [3 1] channel=mychannel
[34m2026-10-08 04:39:07.307 UTC 01c8 INFO[0m [orderer.consensus.smartbft.consensus] [34;1mprepared[0m -> 4 processed commits for proposal with seq 61 channel=mychannel
[34m2026-10-08 04:39:07.307 UTC 01c9 INFO[0m [orderer.consensus.smartbft.consensus] [34;1mdecide[0m -> Deciding on seq 61 channel=mychannel
[34m2026-10-08 04:39:07.307 UTC 01ca INFO[0m [orderer.consensus.smartbft.consensus] [34;1mstartNextSeq[0m -> Sequence: 61-->62 channel=mychannel
[34m2026-10-08 04:39:07.308 UTC 01cb INFO[0m [orderer.consensus.smartbft.chain] [34;1mDeliver[0m -> Delivering proposal, writing block 61 with 1 transactions and metadata of total size 332 with signatures from [3 1 4] to the ledger, node id 4 channel=mychannel
[33m2026-10-08 04:39:07.310 UTC 01cc WARN[0m [orderer.consensus.smartbft.consensus] [33;1mprocessMsg[0m -> 4 got message from 2 with sequence 60 but our sequence is 62 channel=mychannel
[34m2026-10-08 04:39:09.419 UTC 01cd INFO[0m [orderer.consensus.smartbft.consensus] [34;1mprocessProposal[0m -> Processed proposal with seq 62 channel=mychannel
[34m2026-10-08 04:39:09.420 UTC 01ce INFO[0m [orderer.consensus.smartbft.consensus] [34;1mprocessPrepares[0m -> 4 collected 2 prepares from [1 2] channel=mychannel
[34m2026-10-08 04:39:09.421 UTC 01cf INFO[0m [orderer.consensus.smartbft.consensus] [34;1mprocessPrepares[0m -> Processed prepares for proposal with seq 62 channel=mychannel
[34m2026-10-08 04:39:09.422 UTC 01d0 INFO[0m [orderer.consensus.smartbft.consensus] [34;1mprocessCommits[0m -> 4 collected 2 commits from [3 2] channel=mychannel
[34m2026-10-08 04:39:09.422 UTC 01d1 INFO[0m [orderer.consensus.smartbft.consensus] [34;1mprepared[0m -> 4 processed commits for proposal with seq 62 channel=mychannel
[34m2026-10-08 04:39:09.422 UTC 01d2 INFO[0m [orderer.consensus.smartbft.consensus] [34;1mdecide[0m -> Deciding on seq 62 channel=mychannel
[34m2026-10-08 04:39:09.422 UTC 01d3 INFO[0m [orderer.consensus.smartbft.consensus] [34;1mstartNextSeq[0m -> Sequence: 62-->63 channel=mychannel
[34m2026-10-08 04:39:09.423 UTC 01d4 INFO[0m [orderer.consensus.smartbft.chain] [34;1mDeliver[0m -> Delivering proposal, writing block 62 with 1 transactions and metadata of total size 330 with signatures from [3 2 4] to the ledger, node id 4 channel=mychannel
[34m2026-10-08 04:39:11.535 UTC 01d5 INFO[0m [orderer.consensus.smartbft.consensus] [34;1mprocessProposal[0m -> Processed proposal with seq 63 channel=mychannel
[34m2026-10-08 04:39:11.535 UTC 01d6 INFO[0m [orderer.consensus.smartbft.consensus] [34;1mprocessPrepares[0m -> 4 collected 2 prepares from [1 3] channel=mychannel
[34m2026-10-08 04:39:11.537 UTC 01d7 INFO[0m [orderer.consensus.smartbft.consensus] [34;1mprocessPrepares[0m -> Processed prepares for proposal with seq 63 channel=mychannel
[34m2026-10-08 04:39:11.539 UTC 01d8 INFO[0m [orderer.consensus.smartbft.consensus] [34;1mprocessCommits[0m -> 4 collected 2 commits from [2 1] channel=mychannel
[34m2026-10-08 04:39:11.539 UTC 01d9 INFO[0m [orderer.consensus.smartbft.consensus] [34;1mprepared[0m -> 4 processed commits for proposal with seq 63 channel=mychannel
[34m2026-10-08 04:39:11.540 UTC 01da INFO[0m [orderer.consensus.smartbft.consensus] [34;1mdecide[0m -> Deciding on seq 63 channel=mychannel
[34m2026-10-08 04:39:11.540 UTC 01db INFO[0m [orderer.consensus.smartbft.consensus] [34;1mstartNextSeq[0m -> Sequence: 63-->64 channel=mychannel
[34m2026-10-08 04:39:11.540 UTC 01dc INFO[0m [orderer.consensus.smartbft.chain] [34;1mDeliver[0m -> Delivering proposal, writing block 63 with 1 transactions and metadata of total size 332 with signatures from [2 1 4] to the ledger, node id 4 channel=mychannel
[34m2026-10-08 04:39:13.651 UTC 01dd INFO[0m [orderer.consensus.smartbft.consensus] [34;1mprocessProposal[0m -> Processed proposal with seq 64 channel=mychannel
[34m2026-10-08 04:39:13.652 UTC 01de INFO[0m [orderer.consensus.smartbft.consensus] [34;1mprocessPrepares[0m -> 4 collected 2 prepares from [1 2] channel=mychannel
[34m2026-10-08 04:39:13.653 UTC 01df INFO[0m [orderer.consensus.smartbft.consensus] [34;1mprocessPrepares[0m -> Processed prepares for proposal with seq 64 channel=mychannel
[34m2026-10-08 04:39:13.654 UTC 01e0 INFO[0m [orderer.consensus.smartbft.consensus] [34;1mprocessCommits[0m -> 4 collected 2 commits from [1 2] channel=mychannel
[34m2026-10-08 04:39:13.655 UTC 01e1 INFO[0m [orderer.consensus.smartbft.consensus] [34;1mprepared[0m -> 4 processed commits for proposal with seq 64 channel=mychannel
[34m2026-10-08 04:39:13.655 UTC 01e2 INFO[0m [orderer.consensus.smartbft.consensus] [34;1mdecide[0m -> Deciding on seq 64 channel=mychannel
[34m2026-10-08 04:39:13.655 UTC 01e3 INFO[0m [orderer.consensus.smartbft.consensus] [34;1mstartNextSeq[0m -> Sequence: 64-->65 channel=mychannel
[34m2026-10-08 04:39:13.655 UTC 01e4 INFO[0m [orderer.consensus.smartbft.chain] [34;1mDeliver[0m -> Delivering proposal, writing block 64 with 1 transactions and metadata of total size 332 with signatures from [1 2 4] to the ledger, node id 4 channel=mychannel
