      "BalancerAttributes": null,
      "Metadata": null
    }
  ],
  "Endpoints": [
    {
      "Addresses": [
        {
          "Addr": "orderer3.example.com:7056",
          "ServerName": "",
          "Attributes": null,
          "BalancerAttributes": null,
          "Metadata": null
        }
      ],
      "Attributes": null
    }
  ],
  "ServiceConfig": null,
  "Attributes": null
} (resolver returned new addresses)
[34m2026-10-08 04:37:52.198 UTC 00f2 INFO[0m [grpc] [34;1mAddTraceEvent[0m -> [core] [Channel #35 SubChannel #37]Subchannel created
[34m2026-10-08 04:37:52.198 UTC 00f3 INFO[0m [grpc] [34;1mAddTraceEvent[0m -> [core] [Channel #35]Channel Connectivity change to CONNECTING
[34m2026-10-08 04:37:52.198 UTC 00f4 INFO[0m [grpc] [34;1mAddTraceEvent[0m -> [core] [Channel #36]Channel switches to new LB policy "pick_first"
[34m2026-10-08 04:37:52.198 UTC 00f5 INFO[0m [grpc] [34;1mAddTraceEvent[0m -> [core] [Channel #35]Channel exiting idle mode
[34m2026-10-08 04:37:52.198 UTC 00f6 INFO[0m [grpc] [34;1mInfof[0m -> [pick-first-lb] [pick-first-lb 0xc000582450] Received new config {
  "shuffleAddressList": false
}, resolver state {
  "Addresses": [
    {
      "Addr": "orderer3.example.com:7056",
      "ServerName": "",
      "Attributes": null,
      "BalancerAttributes": null,
      "Metadata": null
    }
  ],
  "Endpoints": [
    {
      "Addresses": [
        {
          "Addr": "orderer3.example.com:7056",
          "ServerName": "",
          "Attributes": null,
          "BalancerAttributes": null,
          "Metadata": null
        }
      ],
      "Attributes": null
    }
  ],
  "ServiceConfig": null,
  "Attributes": null
}
[34m2026-10-08 04:37:52.198 UTC 00f7 INFO[0m [grpc] [34;1mAddTraceEvent[0m -> [core] [Channel #35 SubChannel #37]Subchannel Connectivity change to CONNECTING
[34m2026-10-08 04:37:52.198 UTC 00f9 INFO[0m [grpc] [34;1mAddTraceEvent[0m -> [core] [Channel #35 SubChannel #37]Subchannel picks a new address "orderer.example.com:7050" to connect
[34m2026-10-08 04:37:52.198 UTC 00fa INFO[0m [grpc] [34;1mInfof[0m -> [pick-first-lb] [pick-first-lb 0xc000996a80] Received SubConn state update: 0xc000996ba0, {ConnectivityState:CONNECTING ConnectionError:<nil> connectedAddress:{Addr: ServerName: Attributes:<nil> BalancerAttributes:<nil> Metadata:<nil>}}
[34m2026-10-08 04:37:52.198 UTC 00f8 INFO[0m [grpc] [34;1mAddTraceEvent[0m -> [core] [Channel #36 SubChannel #38]Subchannel created
[34m2026-10-08 04:37:52.198 UTC 00fb INFO[0m [grpc] [34;1mAddTraceEvent[0m -> [core] [Channel #36]Channel Connectivity change to CONNECTING
[34m2026-10-08 04:37:52.198 UTC 00fc INFO[0m [grpc] [34;1mAddTraceEvent[0m -> [core] [Channel #36]Channel exiting idle mode
[34m2026-10-08 04:37:52.198 UTC 00fd INFO[0m [grpc] [34;1mAddTraceEvent[0m -> [core] [Channel #36 SubChannel #38]Subchannel Connectivity change to CONNECTING
[34m2026-10-08 04:37:52.198 UTC 00fe INFO[0m [grpc] [34;1mAddTraceEvent[0m -> [core] [Channel #36 SubChannel #38]Subchannel picks a new address "orderer3.example.com:7056" to connect
[34m2026-10-08 04:37:52.198 UTC 00ff INFO[0m [grpc] [34;1mInfof[0m -> [pick-first-lb] [pick-first-lb 0xc000582450] Received SubConn state update: 0xc0007e3470, {ConnectivityState:CONNECTING ConnectionError:<nil> connectedAddress:{Addr: ServerName: Attributes:<nil> BalancerAttributes:<nil> Metadata:<nil>}}
[34m2026-10-08 04:37:52.200 UTC 0100 INFO[0m [grpc] [34;1mAddTraceEvent[0m -> [core] [Channel #35 SubChannel #37]Subchannel Connectivity change to READY
[34m2026-10-08 04:37:52.200 UTC 0101 INFO[0m [grpc] [34;1mInfof[0m -> [pick-first-lb] [pick-first-lb 0xc000996a80] Received SubConn state update: 0xc000996ba0, {ConnectivityState:READY ConnectionError:<nil> connectedAddress:{Addr:orderer.example.com:7050 ServerName:orderer.example.com:7050 Attributes:<nil> BalancerAttributes:<nil> Metadata:<nil>}}
[34m2026-10-08 04:37:52.200 UTC 0102 INFO[0m [grpc] [34;1mAddTraceEvent[0m -> [core] [Channel #35]Channel Connectivity change to READY
[34m2026-10-08 04:37:52.200 UTC 0103 INFO[0m [grpc] [34;1mInfof[0m -> [core] original dial target is: "orderer2.example.com:7052"
[34m2026-10-08 04:37:52.201 UTC 0104 INFO[0m [grpc] [34;1mAddTraceEvent[0m -> [core] [Channel #40]Channel created
[34m2026-10-08 04:37:52.201 UTC 0105 INFO[0m [grpc] [34;1mAddTraceEvent[0m -> [core] [Channel #40]parsed dial target is: resolver.Target{URL:url.URL{Scheme:"passthrough", Opaque:"", User:(*url.Userinfo)(nil), Host:"", Path:"/orderer2.example.com:7052", RawPath:"", OmitHost:false, ForceQuery:false, RawQuery:"", Fragment:"", RawFragment:""}}
[34m2026-10-08 04:37:52.201 UTC 0106 INFO[0m [grpc] [34;1mAddTraceEvent[0m -> [core] [Channel #40]Channel authority set to "orderer2.example.com:7052"
[34m2026-10-08 04:37:52.201 UTC 0107 INFO[0m [grpc] [34;1mAddTraceEvent[0m -> [core] [Channel #40]Resolver state updated: {
  "Addresses": [
    {
      "Addr": "orderer2.example.com:7052",
      "ServerName": "",
      "Attributes": null,
      "BalancerAttributes": null,
      "Metadata": null
    }
  ],
  "Endpoints": [
    {
      "Addresses": [
        {
          "Addr": "orderer2.example.com:7052",
          "ServerName": "",
          "Attributes": null,
          "BalancerAttributes": null,
          "Metadata": null
        }
      ],
      "Attributes": null
    }
  ],
  "ServiceConfig": null,
  "Attributes": null
} (resolver returned new addresses)
[34m2026-10-08 04:37:52.201 UTC 0108 INFO[0m [grpc] [34;1mAddTraceEvent[0m -> [core] [Channel #40]Channel switches to new LB policy "pick_first"
[34m2026-10-08 04:37:52.201 UTC 0109 INFO[0m [grpc] [34;1mAddTraceEvent[0m -> [core] [Channel #36 SubChannel #38]Subchannel Connectivity change to READY
[34m2026-10-08 04:37:52.201 UTC 010a INFO[0m [grpc] [34;1mInfof[0m -> [pick-first-lb] [pick-first-lb 0xc000582450] Received SubConn state update: 0xc0007e3470, {ConnectivityState:READY ConnectionError:<nil> connectedAddress:{Addr:orderer3.example.com:7056 ServerName:orderer3.example.com:7056 Attributes:<nil> BalancerAttributes:<nil> Metadata:<nil>}}
[34m2026-10-08 04:37:52.201 UTC 010b INFO[0m [grpc] [34;1mAddTraceEvent[0m -> [core] [Channel #36]Channel Connectivity change to READY
[34m2026-10-08 04:37:52.201 UTC 010c INFO[0m [BlockReceiver] [34;1mStart[0m -> BlockReceiver starting orderer-address=orderer3.example.com:7056
[34m2026-10-08 04:37:52.201 UTC 010d INFO[0m [grpc] [34;1mInfof[0m -> [pick-first-lb] [pick-first-lb 0xc000583ec0] Received new config {
  "shuffleAddressList": false
}, resolver state {
  "Addresses": [
    {
      "Addr": "orderer2.example.com:7052",
      "ServerName": "",
      "Attributes": null,
      "BalancerAttributes": null,
      "Metadata": null
    }
  ],
  "Endpoints": [
    {
      "Addresses": [
        {
          "Addr": "orderer2.example.com:7052",
          "ServerName": "",
          "Attributes": null,
          "BalancerAttributes": null,
          "Metadata": null
        }
      ],
      "Attributes": null
    }
  ],
  "ServiceConfig": null,
  "Attributes": null
}
[34m2026-10-08 04:37:52.201 UTC 010e INFO[0m [grpc] [34;1mAddTraceEvent[0m -> [core] [Channel #40 SubChannel #42]Subchannel created
[34m2026-10-08 04:37:52.201 UTC 010f INFO[0m [grpc] [34;1mAddTraceEvent[0m -> [core] [Channel #40]Channel Connectivity change to CONNECTING
[34m2026-10-08 04:37:52.201 UTC 0110 INFO[0m [grpc] [34;1mAddTraceEvent[0m -> [core] [Channel #40 SubChannel #42]Subchannel Connectivity change to CONNECTING
[34m2026-10-08 04:37:52.201 UTC 0111 INFO[0m [grpc] [34;1mAddTraceEvent[0m -> [core] [Channel #40 SubChannel #42]Subchannel picks a new address "orderer2.example.com:7052" to connect
[34m2026-10-08 04:37:52.201 UTC 0112 INFO[0m [grpc] [34;1mInfof[0m -> [pick-first-lb] [pick-first-lb 0xc000583ec0] Received SubConn state update: 0xc000492510, {ConnectivityState:CONNECTING ConnectionError:<nil> connectedAddress:{Addr: ServerName: Attributes:<nil> BalancerAttributes:<nil> Metadata:<nil>}}
[34m2026-10-08 04:37:52.201 UTC 0113 INFO[0m [grpc] [34;1mAddTraceEvent[0m -> [core] [Channel #40]Channel exiting idle mode
[34m2026-10-08 04:37:52.205 UTC 0114 INFO[0m [grpc] [34;1mAddTraceEvent[0m -> [core] [Channel #40 SubChannel #42]Subchannel Connectivity change to READY
[34m2026-10-08 04:37:52.205 UTC 0115 INFO[0m [grpc] [34;1mInfof[0m -> [pick-first-lb] [pick-first-lb 0xc000583ec0] Received SubConn state update: 0xc000492510, {ConnectivityState:READY ConnectionError:<nil> connectedAddress:{Addr:orderer2.example.com:7052 ServerName:orderer2.example.com:7052 Attributes:<nil> BalancerAttributes:<nil> Metadata:<nil>}}
[34m2026-10-08 04:37:52.205 UTC 0116 INFO[0m [grpc] [34;1mAddTraceEvent[0m -> [core] [Channel #40]Channel Connectivity change to READY
[33m2026-10-08 04:37:52.206 UTC 0117 WARN[0m [BFTHeaderReceiver] [33;1mDeliverHeaders[0m -> [mychannel][orderer2.example.com:7052] Last block attestation verification failed, blockNum [34], err: expected block number is [36] but actual block number inside block is [34]
[34m2026-10-08 04:37:52.206 UTC 0118 INFO[0m [BFTHeaderReceiver] [34;1mStop[0m -> [mychannel][orderer2.example.com:7052] Stopping
[34m2026-10-08 04:37:52.216 UTC 0119 INFO[0m [orderer.consensus.smartbft.chain] [34;1mgetBlocksFromSyncBuffer[0m -> Finished synchronizing with cluster, fetched 15 blocks, starting from block [34], up until and including block [48] channel=mychannel
[34m2026-10-08 04:37:52.216 UTC 011a INFO[0m [orderer.consensus.smartbft.chain] [34;1msynchronize[0m -> Returning decision from block [48], decision: &{Proposal:{Payload:[48 130 16 164 4 130 16 130 10 255 32 10 179 32 10 190 7 10 102 8 3 26 12 8 228 186 156 214 6 16 144 162 217 166 1 34 9 109 121 99 104 97 110 110 101 108 42 64 100 97 48 55 56 102 101 97 48 49 98 100 57 51 51 53 101 98 48 99 98 56 55 55 54 56 100 52 52 102 100 55 102 57 50 102 52 49 55 50 56 49 53 102 51 49 51 99 97 101 55 100 101 99 57 48 99 100 102 56 53 97 99 101 58 7 18 5 18 3 98 122 116 18 211 6 10 182 6 10 7 79 114 103 49 77 83 80 18 170 6 45 45 45 45 45 66 69 71 73 78 32 67 69 82 84 73 70 73 67 65 84 69 45 45 45 45 45 10 77 73 73 67 75 84 67 67 65 99 43 103 65 119 73 66 65 103 73 81 70 84 115 118 99 52 109 116 65 78 97 74 51 106 109 86 104 98 100 113 97 68 65 75 66 103 103 113 104 107 106 79 80 81 81 68 65 106 66 122 77 81 115 119 10 67 81 89 68 86 81 81 71 69 119 74 86 85 122 69 84 77 66 69 71 65 49 85 69 67 66 77 75 81 50 70 115 97 87 90 118 99 109 53 112 89 84 69 87 77 66 81 71 65 49 85 69 66 120 77 78 85 50 70 117 73 69 90 121 10 89 87 53 106 97 88 78 106 98 122 69 90 77 66 99 71 65 49 85 69 67 104 77 81 98 51 74 110 77 83 53 108 101 71 70 116 99 71 120 108 76 109 78 118 98 84 69 99 77 66 111 71 65 49 85 69 65 120 77 84 89 50 69 117 10 98 51 74 110 77 83 53 108 101 71 70 116 99 71 120 108 76 109 78 118 98 84 65 101 70 119 48 121 78 106 69 119 77 68 103 119 78 68 73 51 77 68 66 97 70 119 48 122 78 106 69 119 77 68 85 119 78 68 73 51 77 68 66 97 10 77 71 115 120 67 122 65 74 66 103 78 86 66 65 89 84 65 108 86 84 77 82 77 119 69 81 89 68 86 81 81 73 69 119 112 68 89 87 120 112 90 109 57 121 98 109 108 104 77 82 89 119 70 65 89 68 86 81 81 72 69 119 49 84 10 89 87 52 103 82 110 74 104 98 109 78 112 99 50 78 118 77 81 52 119 68 65 89 68 86 81 81 76 69 119 86 104 90 71 49 112 98 106 69 102 77 66 48 71 65 49 85 69 65 119 119 87 81 87 82 116 97 87 53 65 98 51 74 110 10 77 83 53 108 101 71 70 116 99 71 120 108 76 109 78 118 98 84 66 90 77 66 77 71 66 121 113 71 83 77 52 57 65 103 69 71 67 67 113 71 83 77 52 57 65 119 69 72 65 48 73 65 66 79 55 105 66 49 107 104 102 76 77 67 10 73 117 49 105 107 74 70 53 66 103 68 99 118 118 110 89 56 88 111 111 69 86 119 72 70 111 107 101 111 80 117 104 53 104 108 73 78 81 54 57 57 48 67 109 87 101 101 114 102 102 107 65 74 50 120 89 115 110 72 76 47 65 50 82 10 98 83 83 87 51 113 116 77 113 49 113 106 84 84 66 76 77 65 52 71 65 49 85 100 68 119 69 66 47 119 81 69 65 119 73 72 103 68 65 77 66 103 78 86 72 82 77 66 65 102 56 69 65 106 65 65 77 67 115 71 65 49 85 100 10 73 119 81 107 77 67 75 65 73 66 43 98 109 98 110 43 108 111 102 105 57 77 113 88 105 118 100 117 90 75 112 120 47 78 120 113 122 75 73 120 81 104 108 113 121 120 75 67 50 117 114 80 77 65 111 71 67 67 113 71 83 77 52 57 10 66 65 77 67 65 48 103 65 77 69 85 67 73 81 67 70 50 121 48 104 109 120 81 89 72 69 48 102 112 100 113 53 74 56 65 79 106 77 102 79 103 100 78 106 82 66 110 48 79 122 56 43 49 51 55 67 82 119 73 103 72 112 122 106 10 73 78 97 100 115 97 122 105 116 102 71 83 72 48 82 76 113 68 108 107 53 47 89 48 56 85 106 83 56 107 79 77 56 78 102 111 53 51 111 61 10 45 45 45 45 45 69 78 68 32 67 69 82 84 73 70 73 67 65 84 69 45 45 45 45 45 10 18 24 183 31 186 208 62 255 175 244 134 148 7 114 56 207 159 193 137 178 11 122 195 216 252 54 18 239 24 10 236 24 10 211 6 10 182 6 10 7 79 114 103 49 77 83 80 18 170 6 45 45 45 45 45 66 69 71 73 78 32 67 69 82 84 73 70 73 67 65 84 69 45 45 45 45 45 10 77 73 73 67 75 84 67 67 65 99 43 103 65 119 73 66 65 103 73 81 70 84 115 118 99 52 109 116 65 78 97 74 51 106 109 86 104 98 100 113 97 68 65 75 66 103 103 113 104 107 106 79 80 81 81 68 65 106 66 122 77 81 115 119 10 67 81 89 68 86 81 81 71 69 119 74 86 85 122 69 84 77 66 69 71 65 49 85 69 67 66 77 75 81 50 70 115 97 87 90 118 99 109 53 112 89 84 69 87 77 66 81 71 65 49 85 69 66 120 77 78 85 50 70 117 73 69 90 121 10 89 87 53 106 97 88 78 106 98 122 69 90 77 66 99 71 65 49 85 69 67 104 77 81 98 51 74 110 77 83 53 108 101 71 70 116 99 71 120 108 76 109 78 118 98 84 69 99 77 66 111 71 65 49 85 69 65 120 77 84 89 50 69 117 10 98 51 74 110 77 83 53 108 101 71 70 116 99 71 120 108 76 109 78 118 98 84 65 101 70 119 48 121 78 106 69 119 77 68 103 119 78 68 73 51 77 68 66 97 70 119 48 122 78 106 69 119 77 68 85 119 78 68 73 51 77 68 66 97 10 77 71 115 120 67 122 65 74 66 103 78 86 66 65 89 84 65 108 86 84 77 82 77 119 69 81 89 68 86 81 81 73 69 119 112 68 89 87 120 112 90 109 57 121 98 109 108 104 77 82 89 119 70 65 89 68 86 81 81 72 69 119 49 84 10 89 87 52 103 82 110 74 104 98 109 78 112 99 50 78 118 77 81 52 119 68 65 89 68 86 81 81 76 69 119 86 104 90 71 49 112 98 106 69 102 77 66 48 71 65 49 85 69 65 119 119 87 81 87 82 116 97 87 53 65 98 51 74 110 10 77 83 53 108 101 71 70 116 99 71 120 108 76 109 78 118 98 84 66 90 77 66 77 71 66 121 113 71 83 77 52 57 65 103 69 71 67 67 113 71 83 77 52 57 65 119 69 72 65 48 73 65 66 79 55 105 66 49 107 104 102 76 77 67 10 73 117 49 105 107 74 70 53 66 103 68 99 118 118 110 89 56 88 111 111 69 86 119 72 70 111 107 101 111 80 117 104 53 104 108 73 78 81 54 57 57 48 67 109 87 101 101 114 102 102 107 65 74 50 120 89 115 110 72 76 47 65 50 82 10 98 83 83 87 51 113 116 77 113 49 113 106 84 84 66 76 77 65 52 71 65 49 85 100 68 119 69 66 47 119 81 69 65 119 73 72 103 68 65 77 66 103 78 86 72 82 77 66 65 102 56 69 65 106 65 65 77 67 115 71 65 49 85 100 10 73 119 81 107 77 67 75 65 73 66 43 98 109 98 110 43 108 111 102 105 57 77 113 88 105 118 100 117 90 75 112 120 47 78 120 113 122 75 73 120 81 104 108 113 121 120 75 67 50 117 114 80 77 65 111 71 67 67 113 71 83 77 52 57 10 66 65 77 67 65 48 103 65 77 69 85 67 73 81 67 70 50 121 48 104 109 120 81 89 72 69 48 102 112 100 113 53 74 56 65 79 106 77 102 79 103 100 78 106 82 66 110 48 79 122 56 43 49 51 55 67 82 119 73 103 72 112 122 106 10 73 78 97 100 115 97 122 105 116 102 71 83 72 48 82 76 113 68 108 107 53 47 89 48 56 85 106 83 56 107 79 77 56 78 102 111 53 51 111 61 10 45 45 45 45 45 69 78 68 32 67 69 82 84 73 70 73 67 65 84 69 45 45 45 45 45 10 18 24 183 31 186 208 62 255 175 244 134 148 7 114 56 207 159 193 137 178 11 122 195 216 252 54 18 147 18 10 97 10 95 10 93 8 1 18 5 18 3 98 122 116 26 82 10 15 73 115 115 117 101 67 114 101 100 101 110 116 105 97 108 10 21 102 45 49 55 57 49 52 51 52 48 56 52 50 57 51 50 48 50 56 50 48 10 9 100 105 100 58 98 122 116 58 120 10 22 104 102 45 49 55 57 49 52 51 52 48 56 52 50 57 51 50 48 50 56 50 48 10 5 110 97 100 114 97 18 173 17 10 160 3 10 32 250 30 13 158 219 179 9 141 54 45 58 136 186 116 233 121 66 67 213 97 64 237 246 127 248 133 80 22 107 163 33 201 18 251 2 10 177 2 18 52 10 10 95 108 105 102 101 99 121 99 108 101 18 38 10 36 10 30 110 97 109 101 115 112 97 99 101 115 47 102 105 101 108 100 115 47 98 122 116 47 83 101 113 117 101 110 99 101 18 2 8 5 18 248 1 10 3 98 122 116 18 240 1 10 28 10 26 99 114 101 100 58 102 45 49 55 57 49 52 51 52 48 56 52 50 57 51 50 48 50 56 50 48 26 207 1 10 26 99 114 101 100 58 102 45 49 55 57 49 52 51 52 48 56 52 50 57 51 50 48 50 56 50 48 26 176 1 123 34 99 114 101 100 73 100 34 58 34 102 45 49 55 57 49 52 51 52 48 56 52 50 57 51 50 48 50 56 50 48 34 44 34 115 117 98 106 101 99 116 68 105 100 34 58 34 100 105 100 58 98 122 116 58 120 34 44 34 99 111 109 109 105 116 109 101 110 116 72 97 115 104 34 58 34 104 102 45 49 55 57 49 52 51 52 48 56 52 50 57 51 50 48 50 56 50 48 34 44 34 105 115 115 117 101 114 73 100 34 58 34 110 97 100 114 97 34 44 34 115 116 97 116 117 115 34 58 34 65 67 84 73 86 69 34 44 34 105 115 115 117 101 100 65 116 34 58 34 50 48 50 54 45 49 48 45 48 56 84 48 52 58 51 52 58 52 52 46 51 52 57 90 34 125 26 57 8 200 1 26 52 123 34 99 114 101 100 73 100 34 58 34 102 45 49 55 57 49 52 51 52 48 56 52 50 57 51 50 48 50 56 50 48 34 44 34 115 116 97 116 117 115 34 58 34 65 67 84 73 86 69 34 125 34 10 18 3 98 122 116 26 3 49 46 48 18 130 7 10 182 6 10 7 79 114 103 49 77 83 80 18 170 6 45 45 45 45 45 66 69 71 73 78 32 67 69 82 84 73 70 73 67 65 84 69 45 45 45 45 45 10 77 73 73 67 75 84 67 67 65 99 43 103 65 119 73 66 65 103 73 82 65 76 100 49 79 88 87 98 98 74 76 67 106 71 110 76 51 73 122 54 109 76 69 119 67 103 89 73 75 111 90 73 122 106 48 69 65 119 73 119 99 122 69 76 10 77 65 107 71 65 49 85 69 66 104 77 67 86 86 77 120 69 122 65 82 66 103 78 86 66 65 103 84 67 107 78 104 98 71 108 109 98 51 74 117 97 87 69 120 70 106 65 85 66 103 78 86 66 65 99 84 68 86 78 104 98 105 66 71 10 99 109 70 117 89 50 108 122 89 50 56 120 71 84 65 88 66 103 78 86 66 65 111 84 69 71 57 121 90 122 69 117 90 88 104 104 98 88 66 115 90 83 53 106 98 50 48 120 72 68 65 97 66 103 78 86 66 65 77 84 69 50 78 104 10 76 109 57 121 90 122 69 117 90 88 104 104 98 88 66 115 90 83 53 106 98 50 48 119 72 104 99 78 77 106 89 120 77 68 65 52 77 68 81 121 78 122 65 119 87 104 99 78 77 122 89 120 77 68 65 49 77 68 81 121 78 122 65 119 10 87 106 66 113 77 81 115 119 67 81 89 68 86 81 81 71 69 119 74 86 85 122 69 84 77 66 69 71 65 49 85 69 67 66 77 75 81 50 70 115 97 87 90 118 99 109 53 112 89 84 69 87 77 66 81 71 65 49 85 69 66 120 77 78 10 85 50 70 117 73 69 90 121 89 87 53 106 97 88 78 106 98 122 69 78 77 65 115 71 65 49 85 69 67 120 77 69 99 71 86 108 99 106 69 102 77 66 48 71 65 49 85 69 65 120 77 87 99 71 86 108 99 106 65 117 98 51 74 110 10 77 83 53 108 101 71 70 116 99 71 120 108 76 109 78 118 98 84 66 90 77 66 77 71 66 121 113 71 83 77 52 57 65 103 69 71 67 67 113 71 83 77 52 57 65 119 69 72 65 48 73 65 66 70 73 120 104 66 54 120 73 50 80 102 10 105 98 66 49 70 112 55 78 105 71 57 108 109 55 75 103 69 67 74 115 49 120 55 52 48 84 114 115 97 114 121 51 51 85 86 80 77 97 122 74 115 50 121 106 73 68 87 119 66 57 109 114 67 121 110 86 66 118 68 112 69 117 121 50 10 120 54 99 51 101 107 65 82 69 111 83 106 84 84 66 76 77 65 52 71 65 49 85 100 68 119 69 66 47 119 81 69 65 119 73 72 103 68 65 77 66 103 78 86 72 82 77 66 65 102 56 69 65 106 65 65 77 67 115 71 65 49 85 100 10 73 119 81 107 77 67 75 65 73 66 43 98 109 98 110 43 108 111 102 105 57 77 113 88 105 118 100 117 90 75 112 120 47 78 120 113 122 75 73 120 81 104 108 113 121 120 75 67 50 117 114 80 77 65 111 71 67 67 113 71 83 77 52 57 10 66 65 77 67 65 48 103 65 77 69 85 67 73 81 68 80 69 53 105 51 66 116 111 103 43 102 82 52 109 52 50 111 72 97 47 110 100 97 65 74 122 55 79 106 119 113 71 115 79 67 102 74 90 119 114 108 69 81 73 103 75 55 102 48 10 52 72 108 104 84 119 53 87 100 71 113 55 76 80 108 87 90 119 84 75 77 110 48 103 75 100 87 107 51 84 65 87 98 49 115 83 53 82 65 61 10 45 45 45 45 45 69 78 68 32 67 69 82 84 73 70 73 67 65 84 69 45 45 45 45 45 10 18 71 48 69 2 33 0 152 82 172 65 61 210 209 36 211 143 59 65 222 172 131 185 220 132 125 90 3 181 106 97 61 28 249 254 69 186 82 177 2 32 67 133 146 78 109 176 76 12 6 52 214 208 82 78 234 144 210 164 12 245 67 207 62 110 48 194 176 154 59 16 59 177 18 130 7 10 182 6 10 7 79 114 103 50 77 83 80 18 170 6 45 45 45 45 45 66 69 71 73 78 32 67 69 82 84 73 70 73 67 65 84 69 45 45 45 45 45 10 77 73 73 67 75 68 67 67 65 99 54 103 65 119 73 66 65 103 73 81 81 47 52 113 78 81 76 113 73 115 49 77 112 86 68 97 99 67 74 80 119 84 65 75 66 103 103 113 104 107 106 79 80 81 81 68 65 106 66 122 77 81 115 119 10 67 81 89 68 86 81 81 71 69 119 74 86 85 122 69 84 77 66 69 71 65 49 85 69 67 66 77 75 81 50 70 115 97 87 90 118 99 109 53 112 89 84 69 87 77 66 81 71 65 49 85 69 66 120 77 78 85 50 70 117 73 69 90 121 10 89 87 53 106 97 88 78 106 98 122 69 90 77 66 99 71 65 49 85 69 67 104 77 81 98 51 74 110 77 105 53 108 101 71 70 116 99 71 120 108 76 109 78 118 98 84 69 99 77 66 111 71 65 49 85 69 65 120 77 84 89 50 69 117 10 98 51 74 110 77 105 53 108 101 71 70 116 99 71 120 108 76 109 78 118 98 84 65 101 70 119 48 121 78 106 69 119 77 68 103 119 78 68 73 51 77 68 66 97 70 119 48 122 78 106 69 119 77 68 85 119 78 68 73 51 77 68 66 97 10 77 71 111 120 67 122 65 74 66 103 78 86 66 65 89 84 65 108 86 84 77 82 77 119 69 81 89 68 86 81 81 73 69 119 112 68 89 87 120 112 90 109 57 121 98 109 108 104 77 82 89 119 70 65 89 68 86 81 81 72 69 119 49 84 10 89 87 52 103 82 110 74 104 98 109 78 112 99 50 78 118 77 81 48 119 67 119 89 68 86 81 81 76 69 119 82 119 90 87 86 121 77 82 56 119 72 81 89 68 86 81 81 68 69 120 90 119 90 87 86 121 77 67 53 118 99 109 99 121 10 76 109 86 52 89 87 49 119 98 71 85 117 89 50 57 116 77 70 107 119 69 119 89 72 75 111 90 73 122 106 48 67 65 81 89 73 75 111 90 73 122 106 48 68 65 81 99 68 81 103 65 69 88 113 86 51 111 71 56 53 110 112 87 97 10 79 82 51 122 74 48 102 90 112 103 116 49 51 85 86 76 105 87 117 71 66 66 98 74 114 118 66 88 115 80 116 109 117 115 118 81 112 48 104 98 79 88 70 85 107 114 52 103 56 83 117 84 101 50 107 101 86 75 107 86 78 83 120 119 10 76 87 106 106 116 47 43 77 79 54 78 78 77 69 115 119 68 103 89 68 86 82 48 80 65 81 72 47 66 65 81 68 65 103 101 65 77 65 119 71 65 49 85 100 69 119 69 66 47 119 81 67 77 65 65 119 75 119 89 68 86 82 48 106 10 66 67 81 119 73 111 65 103 102 110 90 56 49 105 89 43 106 118 109 78 54 55 90 74 88 104 114 69 110 88 75 78 116 100 111 65 80 115 80 97 84 85 87 86 48 54 102 69 51 76 115 119 67 103 89 73 75 111 90 73 122 106 48 69 10 65 119 73 68 83 65 65 119 82 81 73 104 65 76 81 49 67 121 108 73 52 114 82 53 110 53 48 50 52 98 77 80 52 84 53 78 83 102 97 80 51 86 55 56 86 114 78 100 115 111 82 86 76 80 104 119 65 105 66 97 79 51 108 68 10 78 76 105 78 74 110 77 68 75 76 73 73 85 114 98 47 50 71 121 104 98 76 98 106 84 102 54 85 120 81 108 89 75 99 119 116 48 119 61 61 10 45 45 45 45 45 69 78 68 32 67 69 82 84 73 70 73 67 65 84 69 45 45 45 45 45 10 18 71 48 69 2 33 0 218 164 241 6 124 230 72 65 220 236 235 76 91 187 230 243 226 124 2 186 135 161 161 201 31 187 190 233 182 234 122 115 2 32 69 246 136 87 79 80 172 204 56 223 117 208 53 252 100 182 27 157 136 128 32 204 66 63 7 160 108 206 203 121 191 179 18 71 48 69 2 33 0 160 4 178 95 59 165 79 39 246 184 191 26 133 187 244 152 149 197 45 160 40 175 72 228 216 56 221 81 185 237 197 103 2 32 73 251 248 40 159 136 50 87 82 253 41 185 145 245 7 244 96 49 194 231 74 147 11 134 158 239 219 17 70 178 21 10 4 28 10 14 10 12 10 2 8 2 18 6 8 1 16 48 24 27 10 4 10 2 8 2 10 0 10 0 10 0] Header:[48 71 2 1 48 4 32 58 245 35 57 102 42 86 35 97 187 241 31 63 56 247 107 120 192 87 31 151 213 65 81 77 12 203 15 178 80 41 151 4 32 156 106 208 149 93 56 27 51 52 242 239 64 49 4 65 171 159 65 251 74 236 95 166 67 23 231 51 206 239 28 76 186] Metadata:[8 1 16 48 24 27] VerificationSequence:2} Signatures:[{ID:2 Value:[48 69 2 33 0 205 250 70 48 198 163 196 110 178 205 26 146 235 122 251 22 250 74 108 87 200 200 104 197 243 134 85 209 133 49 35 228 2 32 81 221 181 150 197 183 88 60 226 93 44 51 112 107 77 46 68 135 100 35 96 7 207 104 139 86 162 109 221 155 42 124] Msg:[48 119 4 28 8 2 18 24 94 216 23 59 14 147 134 171 29 90 154 61 173 167 40 67 109 115 141 97 69 158 194 198 4 73 48 71 2 1 48 4 32 58 245 35 57 102 42 86 35 97 187 241 31 63 56 247 107 120 192 87 31 151 213 65 81 77 12 203 15 178 80 41 151 4 32 156 106 208 149 93 56 27 51 52 242 239 64 49 4 65 171 159 65 251 74 236 95 166 67 23 231 51 206 239 28 76 186 4 12 10 2 8 2 18 6 8 1 16 48 24 27]} {ID:1 Value:[48 68 2 32 28 90 176 181 101 27 242 97 227 209 190 19 83 254 98 34 178 157 55 162 156 122 221 178 225 43 144 113 12 95 56 70 2 32 55 235 147 147 25 141 50 53 30 217 95 166 59 212 38 49 112 233 190 123 136 112 95 152 26 213 11 147 192 172 143 129] Msg:[48 119 4 28 8 1 18 24 187 62 159 235 123 118 156 158 201 248 196 84 98 99 11 109 154 106 86 184 79 94 26 106 4 73 48 71 2 1 48 4 32 58 245 35 57 102 42 86 35 97 187 241 31 63 56 247 107 120 192 87 31 151 213 65 81 77 12 203 15 178 80 41 151 4 32 156 106 208 149 93 56 27 51 52 242 239 64 49 4 65 171 159 65 251 74 236 95 166 67 23 231 51 206 239 28 76 186 4 12 10 2 8 2 18 6 8 1 16 48 24 27]} {ID:3 Value:[48 68 2 32 125 94 243 149 217 164 56 251 9 122 134 196 163 77 189 181 139 126 159 194 3 217 79 138 39 82 59 242 50 2 31 93 2 32 88 147 117 174 4 147 219 74 28 84 170 191 153 234 224 201 25 226 95 164 222 232 89 145 36 141 246 72 53 180 164 24] Msg:[48 119 4 28 8 3 18 24 146 129 218 192 117 152 209 48 171 61 22 226 107 204 148 112 67 46 51 246 4 145 65 39 4 73 48 71 2 1 48 4 32 58 245 35 57 102 42 86 35 97 187 241 31 63 56 247 107 120 192 87 31 151 213 65 81 77 12 203 15 178 80 41 151 4 32 156 106 208 149 93 56 27 51 52 242 239 64 49 4 65 171 159 65 251 74 236 95 166 67 23 231 51 206 239 28 76 186 4 12 10 2 8 2 18 6 8 1 16 48 24 27]}]} channel=mychannel
[34m2026-10-08 04:37:52.216 UTC 011b INFO[0m [BlockReceiver] [34;1mStop[0m -> BlockReceiver stopped orderer-address=orderer3.example.com:7056
[34m2026-10-08 04:37:52.217 UTC 011c INFO[0m [BlockReceiver] [34;1mProcessIncoming[0m -> BlockReceiver got a signal to stop orderer-address=orderer3.example.com:7056
[34m2026-10-08 04:37:52.217 UTC 011d INFO[0m [orderer.consensus.smartbft.consensus] [34;1msync[0m -> Synchronizer returned with sequence 48 while the controller is at sequence 33 channel=mychannel
[34m2026-10-08 04:37:52.217 UTC 011e INFO[0m [grpc] [34;1mAddTraceEvent[0m -> [core] [Channel #36]Channel Connectivity change to SHUTDOWN
[34m2026-10-08 04:37:52.217 UTC 011f INFO[0m [grpc] [34;1mAddTraceEvent[0m -> [core] [Channel #36]Closing the name resolver
[34m2026-10-08 04:37:52.217 UTC 0120 INFO[0m [grpc] [34;1mAddTraceEvent[0m -> [core] [Channel #36]ccBalancerWrapper: closing
[34m2026-10-08 04:37:52.217 UTC 0121 INFO[0m [BlockReceiver] [34;1mStop[0m -> BlockReceiver already stopped orderer-address=orderer3.example.com:7056
[34m2026-10-08 04:37:52.217 UTC 0122 INFO[0m [BFTHeaderReceiver] [34;1mStop[0m -> [mychannel][orderer2.example.com:7052] Already stopped
[33m2026-10-08 04:37:52.217 UTC 0123 WARN[0m [BlockReceiver] [33;1mfunc1[0m -> Encountered an error reading from deliver stream: rpc error: code = Canceled desc = context canceled orderer-address=orderer3.example.com:7056
[34m2026-10-08 04:37:52.217 UTC 0124 INFO[0m [BFTHeaderReceiver] [34;1mStop[0m -> [mychannel][orderer.example.com:7050] Stopping
[34m2026-10-08 04:37:52.217 UTC 0125 INFO[0m [grpc] [34;1mAddTraceEvent[0m -> [core] [Channel #36 SubChannel #38]Subchannel Connectivity change to SHUTDOWN
[34m2026-10-08 04:37:52.217 UTC 0126 INFO[0m [orderer.blocksprovider] [34;1mfunc1[0m -> Stopping to DeliverBlocks on channel `mychannel`, block height=49 channel=mychannel
[34m2026-10-08 04:37:52.217 UTC 0127 INFO[0m [grpc] [34;1mAddTraceEvent[0m -> [core] [Channel #36 SubChannel #38]Subchannel deleted
[34m2026-10-08 04:37:52.217 UTC 0128 INFO[0m [grpc] [34;1mInfof[0m -> [transport] [client-transport 0xc00016f688] Closing: rpc error: code = Canceled desc = grpc: the client connection is closing
[34m2026-10-08 04:37:52.217 UTC 0129 INFO[0m [grpc] [34;1mInfof[0m -> [transport] [client-transport 0xc00016f688] loopyWriter exiting with error: rpc error: code = Canceled desc = grpc: the client connection is closing
[34m2026-10-08 04:37:52.217 UTC 012a INFO[0m [grpc] [34;1mAddTraceEvent[0m -> [core] [Channel #36]Channel deleted
[34m2026-10-08 04:37:52.217 UTC 012b INFO[0m [orderer.consensus.smartbft.consensus] [34;1mCollectStateResponses[0m -> Node 4 collected a valid state: view - 2 and seq - 49 channel=mychannel
[34m2026-10-08 04:37:52.217 UTC 012c INFO[0m [orderer.consensus.smartbft.consensus] [34;1msync[0m -> Node 4 collected state with view 2 and sequence 49 channel=mychannel
[34m2026-10-08 04:37:52.218 UTC 012d INFO[0m [orderer.consensus.smartbft.consensus] [34;1mChangeRole[0m -> Changing to follower role, current view: 2, current leader: 3 channel=mychannel
[34m2026-10-08 04:37:52.218 UTC 012e INFO[0m [orderer.consensus.smartbft.consensus] [34;1mstartView[0m -> Starting view with number 2, sequence 49, and decisions 0 channel=mychannel
[34m2026-10-08 04:37:54.193 UTC 012f INFO[0m [orderer.consensus.smartbft.consensus] [34;1mprocessProposal[0m -> Processed proposal with seq 49 channel=mychannel
[34m2026-10-08 04:37:54.195 UTC 0130 INFO[0m [orderer.consensus.smartbft.consensus] [34;1mprocessPrepares[0m -> 4 collected 2 prepares from [3 1] channel=mychannel
[34m2026-10-08 04:37:54.195 UTC 0131 INFO[0m [orderer.consensus.smartbft.consensus] [34;1mprocessPrepares[0m -> Processed prepares for proposal with seq 49 channel=mychannel
[34m2026-10-08 04:37:54.198 UTC 0132 INFO[0m [orderer.consensus.smartbft.consensus] [34;1mprocessCommits[0m -> 4 collected 2 commits from [3 1] channel=mychannel
[34m2026-10-08 04:37:54.198 UTC 0133 INFO[0m [orderer.consensus.smartbft.consensus] [34;1mprepared[0m -> 4 processed commits for proposal with seq 49 channel=mychannel
[34m2026-10-08 04:37:54.198 UTC 0134 INFO[0m [orderer.consensus.smartbft.consensus] [34;1mdecide[0m -> Deciding on seq 49 channel=mychannel
[34m2026-10-08 04:37:54.198 UTC 0135 INFO[0m [orderer.consensus.smartbft.consensus] [34;1mstartNextSeq[0m -> Sequence: 49-->50 channel=mychannel
[34m2026-10-08 04:37:54.198 UTC 0136 INFO[0m [orderer.consensus.smartbft.chain] [34;1mDeliver[0m -> Delivering proposal, writing block 49 with 8 transactions and metadata of total size 329 with signatures from [3 1 4] to the ledger, node id 4 channel=mychannel
[34m2026-10-08 04:37:54.202 UTC 0137 INFO[0m [BFTHeaderReceiver] [34;1mStop[0m -> [mychannel][orderer.example.com:7050] Already stopped
[34m2026-10-08 04:37:56.310 UTC 0138 INFO[0m [orderer.consensus.smartbft.consensus] [34;1mprocessProposal[0m -> Processed proposal with seq 50 channel=mychannel
[34m2026-10-08 04:37:56.310 UTC 0139 INFO[0m [orderer.consensus.smartbft.consensus] [34;1mprocessPrepares[0m -> 4 collected 2 prepares from [3 2] channel=mychannel
[34m2026-10-08 04:37:56.312 UTC 013a INFO[0m [orderer.consensus.smartbft.consensus] [34;1mprocessPrepares[0m -> Processed prepares for proposal with seq 50 channel=mychannel
[34m2026-10-08 04:37:56.314 UTC 013b INFO[0m [orderer.consensus.smartbft.consensus] [34;1mprocessCommits[0m -> 4 collected 2 commits from [3 2] channel=mychannel
[34m2026-10-08 04:37:56.315 UTC 013c INFO[0m [orderer.consensus.smartbft.consensus] [34;1mprepared[0m -> 4 processed commits for proposal with seq 50 channel=mychannel
[34m2026-10-08 04:37:56.315 UTC 013d INFO[0m [orderer.consensus.smartbft.consensus] [34;1mdecide[0m -> Deciding on seq 50 channel=mychannel
[34m2026-10-08 04:37:56.316 UTC 013e INFO[0m [orderer.consensus.smartbft.consensus] [34;1mstartNextSeq[0m -> Sequence: 50-->51 channel=mychannel
[34m2026-10-08 04:37:56.316 UTC 013f INFO[0m [orderer.consensus.smartbft.chain] [34;1mDeliver[0m -> Delivering proposal, writing block 50 with 1 transactions and metadata of total size 332 with signatures from [3 2 4] to the ledger, node id 4 channel=mychannel
[33m2026-10-08 04:37:56.316 UTC 0140 WARN[0m [orderer.consensus.smartbft.consensus] [33;1mprocessMsg[0m -> 4 got message from 3 with sequence 49 but our sequence is 51 channel=mychannel
[33m2026-10-08 04:37:56.317 UTC 0141 WARN[0m [orderer.consensus.smartbft.consensus] [33;1mprocessMsg[0m -> 4 got message from 2 with sequence 49 but our sequence is 51 channel=mychannel
[34m2026-10-08 04:37:58.425 UTC 0142 INFO[0m [orderer.consensus.smartbft.consensus] [34;1mprocessProposal[0m -> Processed proposal with seq 51 channel=mychannel
[34m2026-10-08 04:37:58.426 UTC 0143 INFO[0m [orderer.consensus.smartbft.consensus] [34;1mprocessPrepares[0m -> 4 collected 2 prepares from [3 1] channel=mychannel
[34m2026-10-08 04:37:58.427 UTC 0144 INFO[0m [orderer.consensus.smartbft.consensus] [34;1mprocessPrepares[0m -> Processed prepares for proposal with seq 51 channel=mychannel
[34m2026-10-08 04:37:58.429 UTC 0145 INFO[0m [orderer.consensus.smartbft.consensus] [34;1mprocessCommits[0m -> 4 collected 2 commits from [3 2] channel=mychannel
[34m2026-10-08 04:37:58.429 UTC 0146 INFO[0m [orderer.consensus.smartbft.consensus] [34;1mprepared[0m -> 4 processed commits for proposal with seq 51 channel=mychannel
[34m2026-10-08 04:37:58.430 UTC 0147 INFO[0m [orderer.consensus.smartbft.consensus] [34;1mdecide[0m -> Deciding on seq 51 channel=mychannel
[34m2026-10-08 04:37:58.430 UTC 0148 INFO[0m [orderer.consensus.smartbft.consensus] [34;1mstartNextSeq[0m -> Sequence: 51-->52 channel=mychannel
[34m2026-10-08 04:37:58.430 UTC 0149 INFO[0m [orderer.consensus.smartbft.chain] [34;1mDeliver[0m -> Delivering proposal, writing block 51 with 1 transactions and metadata of total size 332 with signatures from [3 2 4] to the ledger, node id 4 channel=mychannel
[34m2026-10-08 04:38:00.541 UTC 014a INFO[0m [orderer.consensus.smartbft.consensus] [34;1mprocessProposal[0m -> Processed proposal with seq 52 channel=mychannel
[34m2026-10-08 04:38:00.541 UTC 014b INFO[0m [orderer.consensus.smartbft.consensus] [34;1mprocessPrepares[0m -> 4 collected 2 prepares from [3 1] channel=mychannel
[34m2026-10-08 04:38:00.542 UTC 014c INFO[0m [orderer.consensus.smartbft.consensus] [34;1mprocessPrepares[0m -> Processed prepares for proposal with seq 52 channel=mychannel
[34m2026-10-08 04:38:00.545 UTC 014d INFO[0m [orderer.consensus.smartbft.consensus] [34;1mprocessCommits[0m -> 4 collected 2 commits from [3 1] channel=mychannel
[34m2026-10-08 04:38:00.545 UTC 014e INFO[0m [orderer.consensus.smartbft.consensus] [34;1mprepared[0m -> 4 processed commits for proposal with seq 52 channel=mychannel
[34m2026-10-08 04:38:00.545 UTC 014f INFO[0m [orderer.consensus.smartbft.consensus] [34;1mdecide[0m -> Deciding on seq 52 channel=mychannel
[34m2026-10-08 04:38:00.545 UTC 0150 INFO[0m [orderer.consensus.smartbft.consensus] [34;1mstartNextSeq[0m -> Sequence: 52-->53 channel=mychannel
[34m2026-10-08 04:38:00.545 UTC 0151 INFO[0m [orderer.consensus.smartbft.chain] [34;1mDeliver[0m -> Delivering proposal, writing block 52 with 1 transactions and metadata of total size 333 with signatures from [3 1 4] to the ledger, node id 4 channel=mychannel
[34m2026-10-08 04:38:02.659 UTC 0152 INFO[0m [orderer.consensus.smartbft.consensus] [34;1mprocessProposal[0m -> Processed proposal with seq 53 channel=mychannel
[34m2026-10-08 04:38:02.659 UTC 0153 INFO[0m [orderer.consensus.smartbft.consensus] [34;1mprocessPrepares[0m -> 4 collected 2 prepares from [3 2] channel=mychannel
[34m2026-10-08 04:38:02.660 UTC 0154 INFO[0m [orderer.consensus.smartbft.consensus] [34;1mprocessPrepares[0m -> Processed prepares for proposal with seq 53 channel=mychannel
[34m2026-10-08 04:38:02.662 UTC 0155 INFO[0m [orderer.consensus.smartbft.consensus] [34;1mprocessCommits[0m -> 4 collected 2 commits from [2 3] channel=mychannel
[34m2026-10-08 04:38:02.662 UTC 0156 INFO[0m [orderer.consensus.smartbft.consensus] [34;1mprepared[0m -> 4 processed commits for proposal with seq 53 channel=mychannel
[34m2026-10-08 04:38:02.662 UTC 0157 INFO[0m [orderer.consensus.smartbft.consensus] [34;1mdecide[0m -> Deciding on seq 53 channel=mychannel
[34m2026-10-08 04:38:02.662 UTC 0158 INFO[0m [orderer.consensus.smartbft.consensus] [34;1mstartNextSeq[0m -> Sequence: 53-->54 channel=mychannel
[34m2026-10-08 04:38:02.663 UTC 0159 INFO[0m [orderer.consensus.smartbft.chain] [34;1mDeliver[0m -> Delivering proposal, writing block 53 with 1 transactions and metadata of total size 332 with signatures from [2 3 4] to the ledger, node id 4 channel=mychannel
[34m2026-10-08 04:38:04.776 UTC 015a INFO[0m [orderer.consensus.smartbft.consensus] [34;1mprocessProposal[0m -> Processed proposal with seq 54 channel=mychannel
[34m2026-10-08 04:38:04.776 UTC 015b INFO[0m [orderer.consensus.smartbft.consensus] [34;1mprocessPrepares[0m -> 4 collected 2 prepares from [3 2] channel=mychannel
[34m2026-10-08 04:38:04.778 UTC 015c INFO[0m [orderer.consensus.smartbft.consensus] [34;1mprocessPrepares[0m -> Processed prepares for proposal with seq 54 channel=mychannel
[34m2026-10-08 04:38:04.778 UTC 015d INFO[0m [orderer.consensus.smartbft.consensus] [34;1mprocessCommits[0m -> 4 collected 2 commits from [3 2] channel=mychannel
[34m2026-10-08 04:38:04.779 UTC 015e INFO[0m [orderer.consensus.smartbft.consensus] [34;1mprepared[0m -> 4 processed commits for proposal with seq 54 channel=mychannel
[34m2026-10-08 04:38:04.779 UTC 015f INFO[0m [orderer.consensus.smartbft.consensus] [34;1mdecide[0m -> Deciding on seq 54 channel=mychannel
[34m2026-10-08 04:38:04.779 UTC 0160 INFO[0m [orderer.consensus.smartbft.consensus] [34;1mstartNextSeq[0m -> Sequence: 54-->55 channel=mychannel
[34m2026-10-08 04:38:04.779 UTC 0161 INFO[0m [orderer.consensus.smartbft.chain] [34;1mDeliver[0m -> Delivering proposal, writing block 54 with 1 transactions and metadata of total size 330 with signatures from [3 2 4] to the ledger, node id 4 channel=mychannel
[34m2026-10-08 04:38:06.892 UTC 0162 INFO[0m [orderer.consensus.smartbft.consensus] [34;1mprocessProposal[0m -> Processed proposal with seq 55 channel=mychannel
[34m2026-10-08 04:38:06.892 UTC 0163 INFO[0m [orderer.consensus.smartbft.consensus] [34;1mprocessPrepares[0m -> 4 collected 2 prepares from [3 1] channel=mychannel
[34m2026-10-08 04:38:06.894 UTC 0164 INFO[0m [orderer.consensus.smartbft.consensus] [34;1mprocessPrepares[0m -> Processed prepares for proposal with seq 55 channel=mychannel
[34m2026-10-08 04:38:06.894 UTC 0165 INFO[0m [orderer.consensus.smartbft.consensus] [34;1mprocessCommits[0m -> 4 collected 2 commits from [3 1] channel=mychannel
[34m2026-10-08 04:38:06.894 UTC 0166 INFO[0m [orderer.consensus.smartbft.consensus] [34;1mprepared[0m -> 4 processed commits for proposal with seq 55 channel=mychannel
[34m2026-10-08 04:38:06.895 UTC 0167 INFO[0m [orderer.consensus.smartbft.consensus] [34;1mdecide[0m -> Deciding on seq 55 channel=mychannel
[34m2026-10-08 04:38:06.895 UTC 0168 INFO[0m [orderer.consensus.smartbft.consensus] [34;1mstartNextSeq[0m -> Sequence: 55-->56 channel=mychannel
[34m2026-10-08 04:38:06.895 UTC 0169 INFO[0m [orderer.consensus.smartbft.chain] [34;1mDeliver[0m -> Delivering proposal, writing block 55 with 1 transactions and metadata of total size 332 with signatures from [3 1 4] to the ledger, node id 4 channel=mychannel
[33m2026-10-08 04:38:06.895 UTC 016a WARN[0m [orderer.consensus.smartbft.consensus] [33;1mprocessMsg[0m -> 4 got message from 3 with sequence 54 but our sequence is 56 channel=mychannel
[33m2026-10-08 04:38:06.896 UTC 016b WARN[0m [orderer.consensus.smartbft.consensus] [33;1mprocessMsg[0m -> 4 got message from 2 with sequence 54 but our sequence is 56 channel=mychannel
[34m2026-10-08 04:38:09.007 UTC 016c INFO[0m [orderer.consensus.smartbft.consensus] [34;1mprocessProposal[0m -> Processed proposal with seq 56 channel=mychannel
[34m2026-10-08 04:38:09.008 UTC 016d INFO[0m [orderer.consensus.smartbft.consensus] [34;1mprocessPrepares[0m -> 4 collected 2 prepares from [3 1] channel=mychannel
[34m2026-10-08 04:38:09.009 UTC 016e INFO[0m [orderer.consensus.smartbft.consensus] [34;1mprocessPrepares[0m -> Processed prepares for proposal with seq 56 channel=mychannel
[34m2026-10-08 04:38:09.011 UTC 016f INFO[0m [orderer.consensus.smartbft.consensus] [34;1mprocessCommits[0m -> 4 collected 2 commits from [3 1] channel=mychannel
[34m2026-10-08 04:38:09.011 UTC 0170 INFO[0m [orderer.consensus.smartbft.consensus] [34;1mprepared[0m -> 4 processed commits for proposal with seq 56 channel=mychannel
[34m2026-10-08 04:38:09.011 UTC 0171 INFO[0m [orderer.consensus.smartbft.consensus] [34;1mdecide[0m -> Deciding on seq 56 channel=mychannel
[34m2026-10-08 04:38:09.011 UTC 0172 INFO[0m [orderer.consensus.smartbft.consensus] [34;1mstartNextSeq[0m -> Sequence: 56-->57 channel=mychannel
[34m2026-10-08 04:38:09.011 UTC 0173 INFO[0m [orderer.consensus.smartbft.chain] [34;1mDeliver[0m -> Delivering proposal, writing block 56 with 1 transactions and metadata of total size 332 with signatures from [3 1 4] to the ledger, node id 4 channel=mychannel
[34m2026-10-08 04:38:11.123 UTC 0174 INFO[0m [orderer.consensus.smartbft.consensus] [34;1mprocessProposal[0m -> Processed proposal with seq 57 channel=mychannel
[34m2026-10-08 04:38:11.123 UTC 0175 INFO[0m [orderer.consensus.smartbft.consensus] [34;1mprocessPrepares[0m -> 4 collected 2 prepares from [3 1] channel=mychannel
[34m2026-10-08 04:38:11.124 UTC 0176 INFO[0m [orderer.consensus.smartbft.consensus] [34;1mprocessPrepares[0m -> Processed prepares for proposal with seq 57 channel=mychannel
[34m2026-10-08 04:38:11.126 UTC 0177 INFO[0m [orderer.consensus.smartbft.consensus] [34;1mprocessCommits[0m -> 4 collected 2 commits from [1 2] channel=mychannel
[34m2026-10-08 04:38:11.126 UTC 0178 INFO[0m [orderer.consensus.smartbft.consensus] [34;1mprepared[0m -> 4 processed commits for proposal with seq 57 channel=mychannel
[34m2026-10-08 04:38:11.126 UTC 0179 INFO[0m [orderer.consensus.smartbft.consensus] [34;1mdecide[0m -> Deciding on seq 57 channel=mychannel
[34m2026-10-08 04:38:11.126 UTC 017a INFO[0m [orderer.consensus.smartbft.consensus] [34;1mstartNextSeq[0m -> Sequence: 57-->58 channel=mychannel
[34m2026-10-08 04:38:11.126 UTC 017b INFO[0m [orderer.consensus.smartbft.chain] [34;1mDeliver[0m -> Delivering proposal, writing block 57 with 1 transactions and metadata of total size 332 with signatures from [1 2 4] to the ledger, node id 4 channel=mychannel
[34m2026-10-08 04:38:13.241 UTC 017c INFO[0m [orderer.consensus.smartbft.consensus] [34;1mprocessProposal[0m -> Processed proposal with seq 58 channel=mychannel
[34m2026-10-08 04:38:13.242 UTC 017d INFO[0m [orderer.consensus.smartbft.consensus] [34;1mprocessPrepares[0m -> 4 collected 2 prepares from [3 1] channel=mychannel
[34m2026-10-08 04:38:13.242 UTC 017e INFO[0m [orderer.consensus.smartbft.consensus] [34;1mprocessPrepares[0m -> Processed prepares for proposal with seq 58 channel=mychannel
[34m2026-10-08 04:38:13.244 UTC 017f INFO[0m [orderer.consensus.smartbft.consensus] [34;1mprocessCommits[0m -> 4 collected 2 commits from [2 1] channel=mychannel
[34m2026-10-08 04:38:13.244 UTC 0180 INFO[0m [orderer.consensus.smartbft.consensus] [34;1mprepared[0m -> 4 processed commits for proposal with seq 58 channel=mychannel
[34m2026-10-08 04:38:13.244 UTC 0181 INFO[0m [orderer.consensus.smartbft.consensus] [34;1mdecide[0m -> Deciding on seq 58 channel=mychannel
[34m2026-10-08 04:38:13.245 UTC 0182 INFO[0m [orderer.consensus.smartbft.consensus] [34;1mstartNextSeq[0m -> Sequence: 58-->59 channel=mychannel
[34m2026-10-08 04:38:13.245 UTC 0183 INFO[0m [orderer.consensus.smartbft.chain] [34;1mDeliver[0m -> Delivering proposal, writing block 58 with 1 transactions and metadata of total size 332 with signatures from [2 1 4] to the ledger, node id 4 channel=mychannel
[34m2026-10-08 04:38:15.361 UTC 0184 INFO[0m [orderer.consensus.smartbft.consensus] [34;1mprocessProposal[0m -> Processed proposal with seq 59 channel=mychannel
[34m2026-10-08 04:38:15.363 UTC 0185 INFO[0m [orderer.consensus.smartbft.consensus] [34;1mprocessPrepares[0m -> 4 collected 2 prepares from [3 1] channel=mychannel
[34m2026-10-08 04:38:15.364 UTC 0186 INFO[0m [orderer.consensus.smartbft.consensus] [34;1mprocessPrepares[0m -> Processed prepares for proposal with seq 59 channel=mychannel
[34m2026-10-08 04:38:15.365 UTC 0187 INFO[0m [orderer.consensus.smartbft.consensus] [34;1mprocessCommits[0m -> 4 collected 2 commits from [1 3] channel=mychannel
[34m2026-10-08 04:38:15.365 UTC 0188 INFO[0m [orderer.consensus.smartbft.consensus] [34;1mprepared[0m -> 4 processed commits for proposal with seq 59 channel=mychannel
[34m2026-10-08 04:38:15.365 UTC 0189 INFO[0m [orderer.consensus.smartbft.consensus] [34;1mdecide[0m -> Deciding on seq 59 channel=mychannel
[34m2026-10-08 04:38:15.365 UTC 018a INFO[0m [orderer.consensus.smartbft.consensus] [34;1mstartNextSeq[0m -> Sequence: 59-->60 channel=mychannel
[34m2026-10-08 04:38:15.365 UTC 018b INFO[0m [orderer.consensus.smartbft.chain] [34;1mDeliver[0m -> Delivering proposal, writing block 59 with 1 transactions and metadata of total size 331 with signatures from [1 3 4] to the ledger, node id 4 channel=mychannel
[33m2026-10-08 04:38:15.365 UTC 018c WARN[0m [orderer.consensus.smartbft.consensus] [33;1mprocessMsg[0m -> 4 got message from 1 with sequence 58 but our sequence is 60 channel=mychannel
[33m2026-10-08 04:38:15.366 UTC 018d WARN[0m [orderer.consensus.smartbft.consensus] [33;1mprocessMsg[0m -> 4 got message from 3 with sequence 58 but our sequence is 60 channel=mychannel
[34m2026-10-08 04:38:17.478 UTC 018e INFO[0m [orderer.consensus.smartbft.consensus] [34;1mprocessProposal[0m -> Processed proposal with seq 60 channel=mychannel
[34m2026-10-08 04:38:17.478 UTC 018f INFO[0m [orderer.consensus.smartbft.consensus] [34;1mprocessPrepares[0m -> 4 collected 2 prepares from [3 2] channel=mychannel
[34m2026-10-08 04:38:17.479 UTC 0190 INFO[0m [orderer.consensus.smartbft.consensus] [34;1mprocessPrepares[0m -> Processed prepares for proposal with seq 60 channel=mychannel
[34m2026-10-08 04:38:17.481 UTC 0191 INFO[0m [orderer.consensus.smartbft.consensus] [34;1mprocessCommits[0m -> 4 collected 2 commits from [3 2] channel=mychannel
[34m2026-10-08 04:38:17.481 UTC 0192 INFO[0m [orderer.consensus.smartbft.consensus] [34;1mprepared[0m -> 4 processed commits for proposal with seq 60 channel=mychannel
[34m2026-10-08 04:38:17.481 UTC 0193 INFO[0m [orderer.consensus.smartbft.consensus] [34;1mdecide[0m -> Deciding on seq 60 channel=mychannel
[34m2026-10-08 04:38:17.481 UTC 0194 INFO[0m [orderer.consensus.smartbft.consensus] [34;1mstartNextSeq[0m -> Sequence: 60-->61 channel=mychannel
[34m2026-10-08 04:38:17.481 UTC 0195 INFO[0m [orderer.consensus.smartbft.chain] [34;1mDeliver[0m -> Delivering proposal, writing block 60 with 1 transactions and metadata of total size 331 with signatures from [3 2 4] to the ledger, node id 4 channel=mychannel
[34m2026-10-08 04:38:19.592 UTC 0196 INFO[0m [orderer.consensus.smartbft.consensus] [34;1mprocessProposal[0m -> Processed proposal with seq 61 channel=mychannel
[34m2026-10-08 04:38:19.593 UTC 0197 INFO[0m [orderer.consensus.smartbft.consensus] [34;1mprocessPrepares[0m -> 4 collected 2 prepares from [3 1] channel=mychannel
[34m2026-10-08 04:38:19.593 UTC 0198 INFO[0m [orderer.consensus.smartbft.consensus] [34;1mprocessPrepares[0m -> Processed prepares for proposal with seq 61 channel=mychannel
[34m2026-10-08 04:38:19.594 UTC 0199 INFO[0m [orderer.consensus.smartbft.consensus] [34;1mprocessCommits[0m -> 4 collected 2 commits from [2 3] channel=mychannel
[34m2026-10-08 04:38:19.594 UTC 019a INFO[0m [orderer.consensus.smartbft.consensus] [34;1mprepared[0m -> 4 processed commits for proposal with seq 61 channel=mychannel
[34m2026-10-08 04:38:19.594 UTC 019b INFO[0m [orderer.consensus.smartbft.consensus] [34;1mdecide[0m -> Deciding on seq 61 channel=mychannel
[34m2026-10-08 04:38:19.594 UTC 019c INFO[0m [orderer.consensus.smartbft.consensus] [34;1mstartNextSeq[0m -> Sequence: 61-->62 channel=mychannel
[34m2026-10-08 04:38:19.594 UTC 019d INFO[0m [orderer.consensus.smartbft.chain] [34;1mDeliver[0m -> Delivering proposal, writing block 61 with 1 transactions and metadata of total size 333 with signatures from [2 3 4] to the ledger, node id 4 channel=mychannel
[34m2026-10-08 04:38:21.706 UTC 019e INFO[0m [orderer.consensus.smartbft.consensus] [34;1mprocessProposal[0m -> Processed proposal with seq 62 channel=mychannel
[34m2026-10-08 04:38:21.707 UTC 019f INFO[0m [orderer.consensus.smartbft.consensus] [34;1mprocessPrepares[0m -> 4 collected 2 prepares from [3 2] channel=mychannel
[34m2026-10-08 04:38:21.708 UTC 01a0 INFO[0m [orderer.consensus.smartbft.consensus] [34;1mprocessPrepares[0m -> Processed prepares for proposal with seq 62 channel=mychannel
[34m2026-10-08 04:38:21.709 UTC 01a1 INFO[0m [orderer.consensus.smartbft.consensus] [34;1mprocessCommits[0m -> 4 collected 2 commits from [1 2] channel=mychannel
[34m2026-10-08 04:38:21.709 UTC 01a2 INFO[0m [orderer.consensus.smartbft.consensus] [34;1mprepared[0m -> 4 processed commits for proposal with seq 62 channel=mychannel
[34m2026-10-08 04:38:21.709 UTC 01a3 INFO[0m [orderer.consensus.smartbft.consensus] [34;1mdecide[0m -> Deciding on seq 62 channel=mychannel
[34m2026-10-08 04:38:21.709 UTC 01a4 INFO[0m [orderer.consensus.smartbft.consensus] [34;1mstartNextSeq[0m -> Sequence: 62-->63 channel=mychannel
[34m2026-10-08 04:38:21.709 UTC 01a5 INFO[0m [orderer.consensus.smartbft.chain] [34;1mDeliver[0m -> Delivering proposal, writing block 62 with 1 transactions and metadata of total size 331 with signatures from [1 2 4] to the ledger, node id 4 channel=mychannel
[34m2026-10-08 04:38:23.825 UTC 01a6 INFO[0m [orderer.consensus.smartbft.consensus] [34;1mprocessProposal[0m -> Processed proposal with seq 63 channel=mychannel
[34m2026-10-08 04:38:23.825 UTC 01a7 INFO[0m [orderer.consensus.smartbft.consensus] [34;1mprocessPrepares[0m -> 4 collected 2 prepares from [3 2] channel=mychannel
[34m2026-10-08 04:38:23.825 UTC 01a8 INFO[0m [orderer.consensus.smartbft.consensus] [34;1mprocessPrepares[0m -> Processed prepares for proposal with seq 63 channel=mychannel
[34m2026-10-08 04:38:23.827 UTC 01a9 INFO[0m [orderer.consensus.smartbft.consensus] [34;1mprocessCommits[0m -> 4 collected 2 commits from [2 3] channel=mychannel
[34m2026-10-08 04:38:23.827 UTC 01aa INFO[0m [orderer.consensus.smartbft.consensus] [34;1mprepared[0m -> 4 processed commits for proposal with seq 63 channel=mychannel
[34m2026-10-08 04:38:23.827 UTC 01ab INFO[0m [orderer.consensus.smartbft.consensus] [34;1mdecide[0m -> Deciding on seq 63 channel=mychannel
[34m2026-10-08 04:38:23.827 UTC 01ac INFO[0m [orderer.consensus.smartbft.consensus] [34;1mstartNextSeq[0m -> Sequence: 63-->64 channel=mychannel
[34m2026-10-08 04:38:23.827 UTC 01ad INFO[0m [orderer.consensus.smartbft.chain] [34;1mDeliver[0m -> Delivering proposal, writing block 63 with 1 transactions and metadata of total size 331 with signatures from [2 3 4] to the ledger, node id 4 channel=mychannel
[34m2026-10-08 04:38:25.942 UTC 01ae INFO[0m [orderer.consensus.smartbft.consensus] [34;1mprocessProposal[0m -> Processed proposal with seq 64 channel=mychannel
[34m2026-10-08 04:38:25.943 UTC 01af INFO[0m [orderer.consensus.smartbft.consensus] [34;1mprocessPrepares[0m -> 4 collected 2 prepares from [3 1] channel=mychannel
[34m2026-10-08 04:38:25.948 UTC 01b0 INFO[0m [orderer.consensus.smartbft.consensus] [34;1mprocessPrepares[0m -> Processed prepares for proposal with seq 64 channel=mychannel
[34m2026-10-08 04:38:25.948 UTC 01b1 INFO[0m [orderer.consensus.smartbft.consensus] [34;1mprocessCommits[0m -> 4 collected 2 commits from [3 1] channel=mychannel
[34m2026-10-08 04:38:25.948 UTC 01b2 INFO[0m [orderer.consensus.smartbft.consensus] [34;1mprepared[0m -> 4 processed commits for proposal with seq 64 channel=mychannel
[34m2026-10-08 04:38:25.949 UTC 01b3 INFO[0m [orderer.consensus.smartbft.consensus] [34;1mdecide[0m -> Deciding on seq 64 channel=mychannel
[34m2026-10-08 04:38:25.949 UTC 01b4 INFO[0m [orderer.consensus.smartbft.consensus] [34;1mstartNextSeq[0m -> Sequence: 64-->65 channel=mychannel
[34m2026-10-08 04:38:25.949 UTC 01b5 INFO[0m [orderer.consensus.smartbft.chain] [34;1mDeliver[0m -> Delivering proposal, writing block 64 with 1 transactions and metadata of total size 331 with signatures from [3 1 4] to the ledger, node id 4 channel=mychannel
