      "Attributes": null,
      "BalancerAttributes": null,
      "Metadata": null
    }
  ],
  "Endpoints": [
    {
      "Addresses": [
        {
          "Addr": "orderer.example.com:7050",
          "ServerName": "",
          "Attributes": null,
          "BalancerAttributes": null,
          "Metadata": null
        }
      ],
      "Attributes": null
    }
  ],
  "ServiceConfig": null,
  "Attributes": null
}
[34m2026-10-08 04:37:42.657 UTC 0493 INFO[0m [grpc] [34;1mAddTraceEvent[0m -> [core] [Channel #98]Channel authority set to "orderer3.example.com:7056"
[34m2026-10-08 04:37:42.657 UTC 0494 INFO[0m [grpc] [34;1mAddTraceEvent[0m -> [core] [Channel #97 SubChannel #100]Subchannel created
[34m2026-10-08 04:37:42.657 UTC 0495 INFO[0m [grpc] [34;1mAddTraceEvent[0m -> [core] [Channel #96 SubChannel #101]Subchannel created
[34m2026-10-08 04:37:42.657 UTC 0496 INFO[0m [grpc] [34;1mAddTraceEvent[0m -> [core] [Channel #97]Channel Connectivity change to CONNECTING
[34m2026-10-08 04:37:42.657 UTC 0497 INFO[0m [grpc] [34;1mAddTraceEvent[0m -> [core] [Channel #96]Channel Connectivity change to CONNECTING
[34m2026-10-08 04:37:42.657 UTC 0498 INFO[0m [grpc] [34;1mAddTraceEvent[0m -> [core] [Channel #95 SubChannel #99]Subchannel Connectivity change to CONNECTING
[34m2026-10-08 04:37:42.658 UTC 0499 INFO[0m [grpc] [34;1mAddTraceEvent[0m -> [core] [Channel #96]Channel exiting idle mode
[34m2026-10-08 04:37:42.658 UTC 049a INFO[0m [grpc] [34;1mAddTraceEvent[0m -> [core] [Channel #97]Channel exiting idle mode
[34m2026-10-08 04:37:42.658 UTC 049b INFO[0m [grpc] [34;1mAddTraceEvent[0m -> [core] [Channel #95 SubChannel #99]Subchannel picks a new address "orderer4.example.com:7058" to connect
[34m2026-10-08 04:37:42.658 UTC 049c INFO[0m [grpc] [34;1mAddTraceEvent[0m -> [core] [Channel #97 SubChannel #100]Subchannel Connectivity change to CONNECTING
[34m2026-10-08 04:37:42.658 UTC 049d INFO[0m [grpc] [34;1mAddTraceEvent[0m -> [core] [Channel #96 SubChannel #101]Subchannel Connectivity change to CONNECTING
[34m2026-10-08 04:37:42.658 UTC 049e INFO[0m [grpc] [34;1mAddTraceEvent[0m -> [core] [Channel #97 SubChannel #100]Subchannel picks a new address "orderer2.example.com:7052" to connect
[34m2026-10-08 04:37:42.658 UTC 049f INFO[0m [grpc] [34;1mAddTraceEvent[0m -> [core] [Channel #96 SubChannel #101]Subchannel picks a new address "orderer.example.com:7050" to connect
[34m2026-10-08 04:37:42.658 UTC 04a0 INFO[0m [grpc] [34;1mInfof[0m -> [pick-first-lb] [pick-first-lb 0xc0010915f0] Received SubConn state update: 0xc001091710, {ConnectivityState:CONNECTING ConnectionError:<nil> connectedAddress:{Addr: ServerName: Attributes:<nil> BalancerAttributes:<nil> Metadata:<nil>}}
[34m2026-10-08 04:37:42.658 UTC 04a1 INFO[0m [grpc] [34;1mInfof[0m -> [pick-first-lb] [pick-first-lb 0xc00093bb30] Received SubConn state update: 0xc00093bc50, {ConnectivityState:CONNECTING ConnectionError:<nil> connectedAddress:{Addr: ServerName: Attributes:<nil> BalancerAttributes:<nil> Metadata:<nil>}}
[34m2026-10-08 04:37:42.658 UTC 04a2 INFO[0m [grpc] [34;1mAddTraceEvent[0m -> [core] [Channel #98]Resolver state updated: {
  "Addresses": [
    {
      "Addr": "orderer3.example.com:7056",
      "ServerName": "",
      "Attributes": null,
      "BalancerAttributes": null,
      "Metadata": null
    }
  ],
  "Endpoints": [
    {
      "Addresses": [
        {
          "Addr": "orderer3.example.com:7056",
          "ServerName": "",
          "Attributes": null,
          "BalancerAttributes": null,
          "Metadata": null
        }
      ],
      "Attributes": null
    }
  ],
  "ServiceConfig": null,
  "Attributes": null
} (resolver returned new addresses)
[34m2026-10-08 04:37:42.658 UTC 04a3 INFO[0m [grpc] [34;1mAddTraceEvent[0m -> [core] [Channel #98]Channel switches to new LB policy "pick_first"
[34m2026-10-08 04:37:42.658 UTC 04a4 INFO[0m [grpc] [34;1mInfof[0m -> [pick-first-lb] [pick-first-lb 0xc0009562d0] Received new config {
  "shuffleAddressList": false
}, resolver state {
  "Addresses": [
    {
      "Addr": "orderer3.example.com:7056",
      "ServerName": "",
      "Attributes": null,
      "BalancerAttributes": null,
      "Metadata": null
    }
  ],
  "Endpoints": [
    {
      "Addresses": [
        {
          "Addr": "orderer3.example.com:7056",
          "ServerName": "",
          "Attributes": null,
          "BalancerAttributes": null,
          "Metadata": null
        }
      ],
      "Attributes": null
    }
  ],
  "ServiceConfig": null,
  "Attributes": null
}
[34m2026-10-08 04:37:42.658 UTC 04a5 INFO[0m [grpc] [34;1mInfof[0m -> [pick-first-lb] [pick-first-lb 0xc00022b890] Received SubConn state update: 0xc00022b9b0, {ConnectivityState:CONNECTING ConnectionError:<nil> connectedAddress:{Addr: ServerName: Attributes:<nil> BalancerAttributes:<nil> Metadata:<nil>}}
[34m2026-10-08 04:37:42.658 UTC 04a6 INFO[0m [grpc] [34;1mAddTraceEvent[0m -> [core] [Channel #98 SubChannel #102]Subchannel created
[34m2026-10-08 04:37:42.658 UTC 04a7 INFO[0m [grpc] [34;1mAddTraceEvent[0m -> [core] [Channel #98]Channel Connectivity change to CONNECTING
[34m2026-10-08 04:37:42.658 UTC 04a8 INFO[0m [grpc] [34;1mAddTraceEvent[0m -> [core] [Channel #98]Channel exiting idle mode
[34m2026-10-08 04:37:42.658 UTC 04a9 INFO[0m [grpc] [34;1mAddTraceEvent[0m -> [core] [Channel #98 SubChannel #102]Subchannel Connectivity change to CONNECTING
[34m2026-10-08 04:37:42.658 UTC 04aa INFO[0m [grpc] [34;1mAddTraceEvent[0m -> [core] [Channel #98 SubChannel #102]Subchannel picks a new address "orderer3.example.com:7056" to connect
[34m2026-10-08 04:37:42.658 UTC 04ab INFO[0m [grpc] [34;1mInfof[0m -> [pick-first-lb] [pick-first-lb 0xc0009562d0] Received SubConn state update: 0xc001091dd0, {ConnectivityState:CONNECTING ConnectionError:<nil> connectedAddress:{Addr: ServerName: Attributes:<nil> BalancerAttributes:<nil> Metadata:<nil>}}
[34m2026-10-08 04:37:42.661 UTC 04ac INFO[0m [grpc] [34;1mAddTraceEvent[0m -> [core] [Channel #98 SubChannel #102]Subchannel Connectivity change to READY
[34m2026-10-08 04:37:42.661 UTC 04ad INFO[0m [grpc] [34;1mInfof[0m -> [pick-first-lb] [pick-first-lb 0xc0009562d0] Received SubConn state update: 0xc001091dd0, {ConnectivityState:READY ConnectionError:<nil> connectedAddress:{Addr:orderer3.example.com:7056 ServerName:orderer3.example.com:7056 Attributes:<nil> BalancerAttributes:<nil> Metadata:<nil>}}
[34m2026-10-08 04:37:42.661 UTC 04ae INFO[0m [grpc] [34;1mAddTraceEvent[0m -> [core] [Channel #98]Channel Connectivity change to READY
[34m2026-10-08 04:37:42.661 UTC 04af INFO[0m [grpc] [34;1mAddTraceEvent[0m -> [core] [Channel #95 SubChannel #99]Subchannel Connectivity change to READY
[34m2026-10-08 04:37:42.661 UTC 04b0 INFO[0m [grpc] [34;1mInfof[0m -> [pick-first-lb] [pick-first-lb 0xc00022b890] Received SubConn state update: 0xc00022b9b0, {ConnectivityState:READY ConnectionError:<nil> connectedAddress:{Addr:orderer4.example.com:7058 ServerName:orderer4.example.com:7058 Attributes:<nil> BalancerAttributes:<nil> Metadata:<nil>}}
[34m2026-10-08 04:37:42.661 UTC 04b1 INFO[0m [grpc] [34;1mAddTraceEvent[0m -> [core] [Channel #95]Channel Connectivity change to READY
[34m2026-10-08 04:37:42.662 UTC 04b2 INFO[0m [grpc] [34;1mAddTraceEvent[0m -> [core] [Channel #96 SubChannel #101]Subchannel Connectivity change to READY
[34m2026-10-08 04:37:42.662 UTC 04b3 INFO[0m [grpc] [34;1mInfof[0m -> [pick-first-lb] [pick-first-lb 0xc0010915f0] Received SubConn state update: 0xc001091710, {ConnectivityState:READY ConnectionError:<nil> connectedAddress:{Addr:orderer.example.com:7050 ServerName:orderer.example.com:7050 Attributes:<nil> BalancerAttributes:<nil> Metadata:<nil>}}
[34m2026-10-08 04:37:42.662 UTC 04b4 INFO[0m [grpc] [34;1mAddTraceEvent[0m -> [core] [Channel #96]Channel Connectivity change to READY
[34m2026-10-08 04:37:42.662 UTC 04b5 INFO[0m [grpc] [34;1mAddTraceEvent[0m -> [core] [Channel #97 SubChannel #100]Subchannel Connectivity change to READY
[34m2026-10-08 04:37:42.662 UTC 04b6 INFO[0m [grpc] [34;1mInfof[0m -> [pick-first-lb] [pick-first-lb 0xc00093bb30] Received SubConn state update: 0xc00093bc50, {ConnectivityState:READY ConnectionError:<nil> connectedAddress:{Addr:orderer2.example.com:7052 ServerName:orderer2.example.com:7052 Attributes:<nil> BalancerAttributes:<nil> Metadata:<nil>}}
[34m2026-10-08 04:37:42.662 UTC 04b7 INFO[0m [grpc] [34;1mAddTraceEvent[0m -> [core] [Channel #97]Channel Connectivity change to READY
[34m2026-10-08 04:37:42.663 UTC 04b8 INFO[0m [orderer.common.cluster.puller] [34;1mfetchLastBlockSeq[0m -> [channel: mychannel] orderer4.example.com:7058 is at block sequence of 33
[34m2026-10-08 04:37:42.663 UTC 04b9 INFO[0m [orderer.common.cluster.puller] [34;1mfetchLastBlockSeq[0m -> [channel: mychannel] orderer2.example.com:7052 is at block sequence of 48
[34m2026-10-08 04:37:42.663 UTC 04ba INFO[0m [orderer.common.cluster.puller] [34;1mfetchLastBlockSeq[0m -> [channel: mychannel] orderer.example.com:7050 is at block sequence of 48
[34m2026-10-08 04:37:42.663 UTC 04bb INFO[0m [orderer.common.cluster.puller] [34;1mfetchLastBlockSeq[0m -> [channel: mychannel] orderer3.example.com:7056 is at block sequence of 48
[34m2026-10-08 04:37:42.663 UTC 04bc INFO[0m [grpc] [34;1mAddTraceEvent[0m -> [core] [Channel #95]Channel Connectivity change to SHUTDOWN
[34m2026-10-08 04:37:42.663 UTC 04bd INFO[0m [grpc] [34;1mAddTraceEvent[0m -> [core] [Channel #95]Closing the name resolver
[34m2026-10-08 04:37:42.663 UTC 04be INFO[0m [grpc] [34;1mAddTraceEvent[0m -> [core] [Channel #95]ccBalancerWrapper: closing
[34m2026-10-08 04:37:42.663 UTC 04bf INFO[0m [grpc] [34;1mAddTraceEvent[0m -> [core] [Channel #95 SubChannel #99]Subchannel Connectivity change to SHUTDOWN
[34m2026-10-08 04:37:42.663 UTC 04c0 INFO[0m [grpc] [34;1mAddTraceEvent[0m -> [core] [Channel #95 SubChannel #99]Subchannel deleted
[34m2026-10-08 04:37:42.663 UTC 04c2 INFO[0m [grpc] [34;1mInfof[0m -> [transport] [client-transport 0xc0007b6488] Closing: rpc error: code = Canceled desc = grpc: the client connection is closing
[34m2026-10-08 04:37:42.663 UTC 04c1 INFO[0m [comm.grpc.server] [34;1m1[0m -> streaming call completed grpc.service=orderer.AtomicBroadcast grpc.method=Deliver grpc.peer_address=172.18.0.4:46026 grpc.peer_subject="CN=orderer.example.com,L=San Francisco,ST=California,C=US" error="context finished before block retrieved: context canceled" grpc.code=Unknown grpc.call_duration=1.012252ms
[34m2026-10-08 04:37:42.663 UTC 04c3 INFO[0m [grpc] [34;1mInfof[0m -> [transport] [client-transport 0xc0007b6488] loopyWriter exiting with error: rpc error: code = Canceled desc = grpc: the client connection is closing
[34m2026-10-08 04:37:42.664 UTC 04c4 INFO[0m [grpc] [34;1mAddTraceEvent[0m -> [core] [Channel #95]Channel deleted
[34m2026-10-08 04:37:42.664 UTC 04c5 INFO[0m [grpc] [34;1mAddTraceEvent[0m -> [core] [Channel #97]Channel Connectivity change to SHUTDOWN
[34m2026-10-08 04:37:42.664 UTC 04c6 INFO[0m [grpc] [34;1mAddTraceEvent[0m -> [core] [Channel #97]Closing the name resolver
[34m2026-10-08 04:37:42.664 UTC 04c7 INFO[0m [grpc] [34;1mAddTraceEvent[0m -> [core] [Channel #97]ccBalancerWrapper: closing
[34m2026-10-08 04:37:42.664 UTC 04c8 INFO[0m [grpc] [34;1mAddTraceEvent[0m -> [core] [Channel #97 SubChannel #100]Subchannel Connectivity change to SHUTDOWN
[34m2026-10-08 04:37:42.664 UTC 04c9 INFO[0m [grpc] [34;1mAddTraceEvent[0m -> [core] [Channel #97 SubChannel #100]Subchannel deleted
[34m2026-10-08 04:37:42.664 UTC 04ca INFO[0m [grpc] [34;1mInfof[0m -> [transport] [client-transport 0xc00046ad88] Closing: rpc error: code = Canceled desc = grpc: the client connection is closing
[34m2026-10-08 04:37:42.664 UTC 04cb INFO[0m [grpc] [34;1mInfof[0m -> [transport] [client-transport 0xc00046ad88] loopyWriter exiting with error: rpc error: code = Canceled desc = grpc: the client connection is closing
[34m2026-10-08 04:37:42.664 UTC 04cc INFO[0m [grpc] [34;1mAddTraceEvent[0m -> [core] [Channel #97]Channel deleted
[34m2026-10-08 04:37:42.664 UTC 04cd INFO[0m [grpc] [34;1mAddTraceEvent[0m -> [core] [Channel #96]Channel Connectivity change to SHUTDOWN
[34m2026-10-08 04:37:42.664 UTC 04ce INFO[0m [grpc] [34;1mAddTraceEvent[0m -> [core] [Channel #96]Closing the name resolver
[34m2026-10-08 04:37:42.664 UTC 04cf INFO[0m [grpc] [34;1mAddTraceEvent[0m -> [core] [Channel #96]ccBalancerWrapper: closing
[34m2026-10-08 04:37:42.664 UTC 04d0 INFO[0m [grpc] [34;1mAddTraceEvent[0m -> [core] [Channel #96 SubChannel #101]Subchannel Connectivity change to SHUTDOWN
[34m2026-10-08 04:37:42.664 UTC 04d1 INFO[0m [grpc] [34;1mAddTraceEvent[0m -> [core] [Channel #96 SubChannel #101]Subchannel deleted
[34m2026-10-08 04:37:42.664 UTC 04d2 INFO[0m [grpc] [34;1mInfof[0m -> [transport] [client-transport 0xc00093cfc8] Closing: rpc error: code = Canceled desc = grpc: the client connection is closing
[34m2026-10-08 04:37:42.665 UTC 04d3 INFO[0m [grpc] [34;1mInfof[0m -> [transport] [client-transport 0xc00093cfc8] loopyWriter exiting with error: rpc error: code = Canceled desc = grpc: the client connection is closing
[34m2026-10-08 04:37:42.665 UTC 04d4 INFO[0m [grpc] [34;1mInfof[0m -> [transport] [server-transport 0xc00002a680] Closing: EOF
[34m2026-10-08 04:37:42.665 UTC 04d5 INFO[0m [grpc] [34;1mAddTraceEvent[0m -> [core] [Channel #96]Channel deleted
[34m2026-10-08 04:37:42.665 UTC 04d6 INFO[0m [grpc] [34;1mAddTraceEvent[0m -> [core] [Channel #98]Channel Connectivity change to SHUTDOWN
[34m2026-10-08 04:37:42.665 UTC 04d7 INFO[0m [grpc] [34;1mInfof[0m -> [transport] [server-transport 0xc00002a680] loopyWriter exiting with error: transport closed by client
[34m2026-10-08 04:37:42.665 UTC 04d8 INFO[0m [grpc] [34;1mAddTraceEvent[0m -> [core] [Channel #98]Closing the name resolver
[34m2026-10-08 04:37:42.665 UTC 04d9 INFO[0m [grpc] [34;1mAddTraceEvent[0m -> [core] [Channel #98]ccBalancerWrapper: closing
[34m2026-10-08 04:37:42.665 UTC 04da INFO[0m [grpc] [34;1mAddTraceEvent[0m -> [core] [Channel #98 SubChannel #102]Subchannel Connectivity change to SHUTDOWN
[34m2026-10-08 04:37:42.665 UTC 04db INFO[0m [grpc] [34;1mAddTraceEvent[0m -> [core] [Channel #98 SubChannel #102]Subchannel deleted
[34m2026-10-08 04:37:42.665 UTC 04dc INFO[0m [grpc] [34;1mInfof[0m -> [transport] [client-transport 0xc00016e248] Closing: rpc error: code = Canceled desc = grpc: the client connection is closing
[34m2026-10-08 04:37:42.665 UTC 04dd INFO[0m [grpc] [34;1mInfof[0m -> [transport] [client-transport 0xc00016e248] loopyWriter exiting with error: rpc error: code = Canceled desc = grpc: the client connection is closing
[34m2026-10-08 04:37:42.665 UTC 04de INFO[0m [grpc] [34;1mAddTraceEvent[0m -> [core] [Channel #98]Channel deleted
[34m2026-10-08 04:37:42.665 UTC 04df INFO[0m [orderer.common.cluster.puller] [34;1mHeightsByEndpoints[0m -> Returning the heights of OSNs mapped by endpoints: map[orderer.example.com:7050:49 orderer2.example.com:7052:49 orderer3.example.com:7056:49 orderer4.example.com:7058:34] out of which my own endpoint is orderer.example.com:7050
[34m2026-10-08 04:37:42.665 UTC 04e0 INFO[0m [orderer.consensus.smartbft.chain] [34;1mdetectTargetHeight[0m -> HeightsByEndpoints: map[orderer.example.com:7050:49 orderer2.example.com:7052:49 orderer3.example.com:7056:49 orderer4.example.com:7058:34], my endpoint: orderer.example.com:7050 channel=mychannel
[34m2026-10-08 04:37:42.665 UTC 04e1 INFO[0m [orderer.consensus.smartbft.chain] [34;1mdetectTargetHeight[0m -> Detected target height: 49 channel=mychannel
[33m2026-10-08 04:37:42.665 UTC 04e2 WARN[0m [orderer.consensus.smartbft.chain] [33;1mSync[0m -> Could not synchronize with remote orderers due to already at target height of 49, returning state from local ledger channel=mychannel
[34m2026-10-08 04:37:43.666 UTC 04e3 INFO[0m [orderer.consensus.smartbft.consensus] [34;1mCollectStateResponses[0m -> Node 1 reached the state collector timeout channel=mychannel
[34m2026-10-08 04:37:43.666 UTC 04e4 INFO[0m [orderer.consensus.smartbft.consensus] [34;1msync[0m -> Fetching state failed channel=mychannel
[34m2026-10-08 04:37:43.666 UTC 04e5 INFO[0m [orderer.consensus.smartbft.consensus] [34;1mmaybePruneInFlight[0m -> In-flight sequence is 49 but latest committed sequence is 48, will not delete in-flight channel=mychannel
[33m2026-10-08 04:37:52.174 UTC 04e6 WARN[0m [orderer.consensus.smartbft.consensus] [33;1mprocessMsg[0m -> Node 1 got viewChange message view_change:{next_view:2} from 4 with view 2, expected view 3 channel=mychannel
[34m2026-10-08 04:37:52.176 UTC 04e7 INFO[0m [orderer.consensus.smartbft.consensus] [34;1mChangeRole[0m -> Changing to follower role, current view: 2, current leader: 3 channel=mychannel
[34m2026-10-08 04:37:52.176 UTC 04e8 INFO[0m [orderer.consensus.smartbft.consensus] [34;1mstartView[0m -> Starting view with number 2, sequence 49, and decisions 0 channel=mychannel
[34m2026-10-08 04:37:52.190 UTC 04e9 INFO[0m [comm.grpc.server] [34;1m1[0m -> streaming call completed grpc.service=orderer.AtomicBroadcast grpc.method=Deliver grpc.peer_address=172.18.0.7:45764 grpc.peer_subject="CN=orderer4.example.com,L=San Francisco,ST=California,C=US" error="context finished before block retrieved: context canceled" grpc.code=Unknown grpc.call_duration=1.134165ms
[34m2026-10-08 04:37:52.192 UTC 04ea INFO[0m [grpc] [34;1mInfof[0m -> [transport] [server-transport 0xc00002ad00] Closing: EOF
[34m2026-10-08 04:37:52.192 UTC 04eb INFO[0m [grpc] [34;1mInfof[0m -> [transport] [server-transport 0xc00002ad00] loopyWriter exiting with error: transport closed by client
[34m2026-10-08 04:37:54.194 UTC 04ec INFO[0m [orderer.consensus.smartbft.consensus] [34;1mprocessProposal[0m -> Processed proposal with seq 49 channel=mychannel
[34m2026-10-08 04:37:54.194 UTC 04ed INFO[0m [orderer.consensus.smartbft.consensus] [34;1mprocessPrepares[0m -> 1 collected 2 prepares from [3 4] channel=mychannel
[34m2026-10-08 04:37:54.196 UTC 04ee INFO[0m [orderer.consensus.smartbft.consensus] [34;1mprocessPrepares[0m -> Processed prepares for proposal with seq 49 channel=mychannel
[34m2026-10-08 04:37:54.196 UTC 04ef INFO[0m [orderer.consensus.smartbft.consensus] [34;1mprocessCommits[0m -> 1 collected 2 commits from [3 4] channel=mychannel
[34m2026-10-08 04:37:54.197 UTC 04f0 INFO[0m [orderer.consensus.smartbft.consensus] [34;1mprepared[0m -> 1 processed commits for proposal with seq 49 channel=mychannel
[34m2026-10-08 04:37:54.197 UTC 04f1 INFO[0m [orderer.consensus.smartbft.consensus] [34;1mdecide[0m -> Deciding on seq 49 channel=mychannel
[34m2026-10-08 04:37:54.197 UTC 04f2 INFO[0m [orderer.consensus.smartbft.consensus] [34;1mstartNextSeq[0m -> Sequence: 49-->50 channel=mychannel
[34m2026-10-08 04:37:54.197 UTC 04f3 INFO[0m [orderer.consensus.smartbft.chain] [34;1mDeliver[0m -> Delivering proposal, writing block 49 with 8 transactions and metadata of total size 329 with signatures from [3 4 1] to the ledger, node id 1 channel=mychannel
[34m2026-10-08 04:37:56.310 UTC 04f4 INFO[0m [orderer.consensus.smartbft.consensus] [34;1mprocessProposal[0m -> Processed proposal with seq 50 channel=mychannel
[34m2026-10-08 04:37:56.310 UTC 04f5 INFO[0m [orderer.consensus.smartbft.consensus] [34;1mprocessPrepares[0m -> 1 collected 2 prepares from [3 2] channel=mychannel
[34m2026-10-08 04:37:56.311 UTC 04f6 INFO[0m [orderer.consensus.smartbft.consensus] [34;1mprocessPrepares[0m -> Processed prepares for proposal with seq 50 channel=mychannel
[34m2026-10-08 04:37:56.313 UTC 04f7 INFO[0m [orderer.consensus.smartbft.consensus] [34;1mprocessCommits[0m -> 1 collected 2 commits from [2 3] channel=mychannel
[34m2026-10-08 04:37:56.313 UTC 04f8 INFO[0m [orderer.consensus.smartbft.consensus] [34;1mprepared[0m -> 1 processed commits for proposal with seq 50 channel=mychannel
[34m2026-10-08 04:37:56.313 UTC 04f9 INFO[0m [orderer.consensus.smartbft.consensus] [34;1mdecide[0m -> Deciding on seq 50 channel=mychannel
[34m2026-10-08 04:37:56.313 UTC 04fa INFO[0m [orderer.consensus.smartbft.consensus] [34;1mstartNextSeq[0m -> Sequence: 50-->51 channel=mychannel
[34m2026-10-08 04:37:56.313 UTC 04fb INFO[0m [orderer.consensus.smartbft.chain] [34;1mDeliver[0m -> Delivering proposal, writing block 50 with 1 transactions and metadata of total size 331 with signatures from [2 3 1] to the ledger, node id 1 channel=mychannel
[33m2026-10-08 04:37:56.317 UTC 04fc WARN[0m [orderer.consensus.smartbft.consensus] [33;1mprocessMsg[0m -> 1 got message from 4 with sequence 49 but our sequence is 51 channel=mychannel
[33m2026-10-08 04:37:56.317 UTC 04fd WARN[0m [orderer.consensus.smartbft.consensus] [33;1mprocessMsg[0m -> 1 got message from 4 with sequence 49 but our sequence is 51 channel=mychannel
[34m2026-10-08 04:37:58.425 UTC 04fe INFO[0m [orderer.consensus.smartbft.consensus] [34;1mprocessProposal[0m -> Processed proposal with seq 51 channel=mychannel
[34m2026-10-08 04:37:58.426 UTC 04ff INFO[0m [orderer.consensus.smartbft.consensus] [34;1mprocessPrepares[0m -> 1 collected 2 prepares from [3 4] channel=mychannel
[34m2026-10-08 04:37:58.429 UTC 0500 INFO[0m [orderer.consensus.smartbft.consensus] [34;1mprocessPrepares[0m -> Processed prepares for proposal with seq 51 channel=mychannel
[34m2026-10-08 04:37:58.430 UTC 0501 INFO[0m [orderer.consensus.smartbft.consensus] [34;1mprocessCommits[0m -> 1 collected 2 commits from [3 2] channel=mychannel
[34m2026-10-08 04:37:58.430 UTC 0502 INFO[0m [orderer.consensus.smartbft.consensus] [34;1mprepared[0m -> 1 processed commits for proposal with seq 51 channel=mychannel
[34m2026-10-08 04:37:58.430 UTC 0503 INFO[0m [orderer.consensus.smartbft.consensus] [34;1mdecide[0m -> Deciding on seq 51 channel=mychannel
[34m2026-10-08 04:37:58.430 UTC 0504 INFO[0m [orderer.consensus.smartbft.consensus] [34;1mstartNextSeq[0m -> Sequence: 51-->52 channel=mychannel
[34m2026-10-08 04:37:58.431 UTC 0505 INFO[0m [orderer.consensus.smartbft.chain] [34;1mDeliver[0m -> Delivering proposal, writing block 51 with 1 transactions and metadata of total size 331 with signatures from [3 2 1] to the ledger, node id 1 channel=mychannel
[34m2026-10-08 04:38:00.541 UTC 0506 INFO[0m [orderer.consensus.smartbft.consensus] [34;1mprocessProposal[0m -> Processed proposal with seq 52 channel=mychannel
[34m2026-10-08 04:38:00.541 UTC 0507 INFO[0m [orderer.consensus.smartbft.consensus] [34;1mprocessPrepares[0m -> 1 collected 2 prepares from [3 4] channel=mychannel
[34m2026-10-08 04:38:00.542 UTC 0508 INFO[0m [orderer.consensus.smartbft.consensus] [34;1mprocessPrepares[0m -> Processed prepares for proposal with seq 52 channel=mychannel
[34m2026-10-08 04:38:00.546 UTC 0509 INFO[0m [orderer.consensus.smartbft.consensus] [34;1mprocessCommits[0m -> 1 collected 2 commits from [4 3] channel=mychannel
[34m2026-10-08 04:38:00.546 UTC 050a INFO[0m [orderer.consensus.smartbft.consensus] [34;1mprepared[0m -> 1 processed commits for proposal with seq 52 channel=mychannel
[34m2026-10-08 04:38:00.547 UTC 050b INFO[0m [orderer.consensus.smartbft.consensus] [34;1mdecide[0m -> Deciding on seq 52 channel=mychannel
[34m2026-10-08 04:38:00.547 UTC 050c INFO[0m [orderer.consensus.smartbft.consensus] [34;1mstartNextSeq[0m -> Sequence: 52-->53 channel=mychannel
[34m2026-10-08 04:38:00.547 UTC 050d INFO[0m [orderer.consensus.smartbft.chain] [34;1mDeliver[0m -> Delivering proposal, writing block 52 with 1 transactions and metadata of total size 333 with signatures from [4 3 1] to the ledger, node id 1 channel=mychannel
[34m2026-10-08 04:38:02.659 UTC 050e INFO[0m [orderer.consensus.smartbft.consensus] [34;1mprocessProposal[0m -> Processed proposal with seq 53 channel=mychannel
[34m2026-10-08 04:38:02.660 UTC 050f INFO[0m [orderer.consensus.smartbft.consensus] [34;1mprocessPrepares[0m -> 1 collected 2 prepares from [3 2] channel=mychannel
[34m2026-10-08 04:38:02.661 UTC 0510 INFO[0m [orderer.consensus.smartbft.consensus] [34;1mprocessPrepares[0m -> Processed prepares for proposal with seq 53 channel=mychannel
[34m2026-10-08 04:38:02.661 UTC 0511 INFO[0m [orderer.consensus.smartbft.consensus] [34;1mprocessCommits[0m -> 1 collected 2 commits from [4 2] channel=mychannel
[34m2026-10-08 04:38:02.661 UTC 0512 INFO[0m [orderer.consensus.smartbft.consensus] [34;1mprepared[0m -> 1 processed commits for proposal with seq 53 channel=mychannel
[34m2026-10-08 04:38:02.661 UTC 0513 INFO[0m [orderer.consensus.smartbft.consensus] [34;1mdecide[0m -> Deciding on seq 53 channel=mychannel
[34m2026-10-08 04:38:02.661 UTC 0514 INFO[0m [orderer.consensus.smartbft.consensus] [34;1mstartNextSeq[0m -> Sequence: 53-->54 channel=mychannel
[34m2026-10-08 04:38:02.661 UTC 0515 INFO[0m [orderer.consensus.smartbft.chain] [34;1mDeliver[0m -> Delivering proposal, writing block 53 with 1 transactions and metadata of total size 333 with signatures from [4 2 1] to the ledger, node id 1 channel=mychannel
[33m2026-10-08 04:38:02.662 UTC 0516 WARN[0m [orderer.consensus.smartbft.consensus] [33;1mprocessMsg[0m -> 1 got message from 3 with sequence 52 but our sequence is 54 channel=mychannel
[33m2026-10-08 04:38:02.663 UTC 0517 WARN[0m [orderer.consensus.smartbft.consensus] [33;1mprocessMsg[0m -> 1 got message from 4 with sequence 52 but our sequence is 54 channel=mychannel
[34m2026-10-08 04:38:04.773 UTC 0518 INFO[0m [orderer.consensus.smartbft.consensus] [34;1mprocessProposal[0m -> Processed proposal with seq 54 channel=mychannel
[34m2026-10-08 04:38:04.774 UTC 0519 INFO[0m [orderer.consensus.smartbft.consensus] [34;1mprocessPrepares[0m -> 1 collected 2 prepares from [3 2] channel=mychannel
[34m2026-10-08 04:38:04.775 UTC 051a INFO[0m [orderer.consensus.smartbft.consensus] [34;1mprocessPrepares[0m -> Processed prepares for proposal with seq 54 channel=mychannel
[34m2026-10-08 04:38:04.777 UTC 051b INFO[0m [orderer.consensus.smartbft.consensus] [34;1mprocessCommits[0m -> 1 collected 2 commits from [3 2] channel=mychannel
[34m2026-10-08 04:38:04.777 UTC 051c INFO[0m [orderer.consensus.smartbft.consensus] [34;1mprepared[0m -> 1 processed commits for proposal with seq 54 channel=mychannel
[34m2026-10-08 04:38:04.777 UTC 051d INFO[0m [orderer.consensus.smartbft.consensus] [34;1mdecide[0m -> Deciding on seq 54 channel=mychannel
[34m2026-10-08 04:38:04.777 UTC 051e INFO[0m [orderer.consensus.smartbft.consensus] [34;1mstartNextSeq[0m -> Sequence: 54-->55 channel=mychannel
[34m2026-10-08 04:38:04.777 UTC 051f INFO[0m [orderer.consensus.smartbft.chain] [34;1mDeliver[0m -> Delivering proposal, writing block 54 with 1 transactions and metadata of total size 330 with signatures from [3 2 1] to the ledger, node id 1 channel=mychannel
[34m2026-10-08 04:38:06.891 UTC 0520 INFO[0m [orderer.consensus.smartbft.consensus] [34;1mprocessProposal[0m -> Processed proposal with seq 55 channel=mychannel
[34m2026-10-08 04:38:06.891 UTC 0521 INFO[0m [orderer.consensus.smartbft.consensus] [34;1mprocessPrepares[0m -> 1 collected 2 prepares from [3 2] channel=mychannel
[34m2026-10-08 04:38:06.891 UTC 0522 INFO[0m [orderer.consensus.smartbft.consensus] [34;1mprocessPrepares[0m -> Processed prepares for proposal with seq 55 channel=mychannel
[34m2026-10-08 04:38:06.893 UTC 0523 INFO[0m [orderer.consensus.smartbft.consensus] [34;1mprocessCommits[0m -> 1 collected 2 commits from [2 3] channel=mychannel
[34m2026-10-08 04:38:06.893 UTC 0524 INFO[0m [orderer.consensus.smartbft.consensus] [34;1mprepared[0m -> 1 processed commits for proposal with seq 55 channel=mychannel
[34m2026-10-08 04:38:06.893 UTC 0525 INFO[0m [orderer.consensus.smartbft.consensus] [34;1mdecide[0m -> Deciding on seq 55 channel=mychannel
[34m2026-10-08 04:38:06.893 UTC 0526 INFO[0m [orderer.consensus.smartbft.consensus] [34;1mstartNextSeq[0m -> Sequence: 55-->56 channel=mychannel
[34m2026-10-08 04:38:06.894 UTC 0527 INFO[0m [orderer.consensus.smartbft.chain] [34;1mDeliver[0m -> Delivering proposal, writing block 55 with 1 transactions and metadata of total size 331 with signatures from [2 3 1] to the ledger, node id 1 channel=mychannel
[34m2026-10-08 04:38:09.007 UTC 0528 INFO[0m [orderer.consensus.smartbft.consensus] [34;1mprocessProposal[0m -> Processed proposal with seq 56 channel=mychannel
[34m2026-10-08 04:38:09.007 UTC 0529 INFO[0m [orderer.consensus.smartbft.consensus] [34;1mprocessPrepares[0m -> 1 collected 2 prepares from [3 2] channel=mychannel
[34m2026-10-08 04:38:09.010 UTC 052a INFO[0m [orderer.consensus.smartbft.consensus] [34;1mprocessPrepares[0m -> Processed prepares for proposal with seq 56 channel=mychannel
[34m2026-10-08 04:38:09.012 UTC 052b INFO[0m [orderer.consensus.smartbft.consensus] [34;1mprocessCommits[0m -> 1 collected 2 commits from [4 3] channel=mychannel
[34m2026-10-08 04:38:09.012 UTC 052c INFO[0m [orderer.consensus.smartbft.consensus] [34;1mprepared[0m -> 1 processed commits for proposal with seq 56 channel=mychannel
[34m2026-10-08 04:38:09.013 UTC 052d INFO[0m [orderer.consensus.smartbft.consensus] [34;1mdecide[0m -> Deciding on seq 56 channel=mychannel
[34m2026-10-08 04:38:09.013 UTC 052e INFO[0m [orderer.consensus.smartbft.consensus] [34;1mstartNextSeq[0m -> Sequence: 56-->57 channel=mychannel
[34m2026-10-08 04:38:09.013 UTC 052f INFO[0m [orderer.consensus.smartbft.chain] [34;1mDeliver[0m -> Delivering proposal, writing block 56 with 1 transactions and metadata of total size 332 with signatures from [4 3 1] to the ledger, node id 1 channel=mychannel
[34m2026-10-08 04:38:11.123 UTC 0530 INFO[0m [orderer.consensus.smartbft.consensus] [34;1mprocessProposal[0m -> Processed proposal with seq 57 channel=mychannel
[34m2026-10-08 04:38:11.123 UTC 0531 INFO[0m [orderer.consensus.smartbft.consensus] [34;1mprocessPrepares[0m -> 1 collected 2 prepares from [3 2] channel=mychannel
[34m2026-10-08 04:38:11.124 UTC 0532 INFO[0m [orderer.consensus.smartbft.consensus] [34;1mprocessPrepares[0m -> Processed prepares for proposal with seq 57 channel=mychannel
[34m2026-10-08 04:38:11.128 UTC 0533 INFO[0m [orderer.consensus.smartbft.consensus] [34;1mprocessCommits[0m -> 1 collected 2 commits from [4 2] channel=mychannel
[34m2026-10-08 04:38:11.128 UTC 0534 INFO[0m [orderer.consensus.smartbft.consensus] [34;1mprepared[0m -> 1 processed commits for proposal with seq 57 channel=mychannel
[34m2026-10-08 04:38:11.128 UTC 0535 INFO[0m [orderer.consensus.smartbft.consensus] [34;1mdecide[0m -> Deciding on seq 57 channel=mychannel
[34m2026-10-08 04:38:11.128 UTC 0536 INFO[0m [orderer.consensus.smartbft.consensus] [34;1mstartNextSeq[0m -> Sequence: 57-->58 channel=mychannel
[34m2026-10-08 04:38:11.128 UTC 0537 INFO[0m [orderer.consensus.smartbft.chain] [34;1mDeliver[0m -> Delivering proposal, writing block 57 with 1 transactions and metadata of total size 332 with signatures from [4 2 1] to the ledger, node id 1 channel=mychannel
[33m2026-10-08 04:38:11.129 UTC 0538 WARN[0m [orderer.consensus.smartbft.consensus] [33;1mprocessMsg[0m -> 1 got message from 3 with sequence 56 but our sequence is 58 channel=mychannel
[33m2026-10-08 04:38:11.129 UTC 0539 WARN[0m [orderer.consensus.smartbft.consensus] [33;1mprocessMsg[0m -> 1 got message from 3 with sequence 56 but our sequence is 58 channel=mychannel
[34m2026-10-08 04:38:13.241 UTC 053a INFO[0m [orderer.consensus.smartbft.consensus] [34;1mprocessProposal[0m -> Processed proposal with seq 58 channel=mychannel
[34m2026-10-08 04:38:13.242 UTC 053b INFO[0m [orderer.consensus.smartbft.consensus] [34;1mprocessPrepares[0m -> 1 collected 2 prepares from [3 4] channel=mychannel
[34m2026-10-08 04:38:13.242 UTC 053c INFO[0m [orderer.consensus.smartbft.consensus] [34;1mprocessPrepares[0m -> Processed prepares for proposal with seq 58 channel=mychannel
[34m2026-10-08 04:38:13.244 UTC 053d INFO[0m [orderer.consensus.smartbft.consensus] [34;1mprocessCommits[0m -> 1 collected 2 commits from [2 4] channel=mychannel
[34m2026-10-08 04:38:13.244 UTC 053e INFO[0m [orderer.consensus.smartbft.consensus] [34;1mprepared[0m -> 1 processed commits for proposal with seq 58 channel=mychannel
[34m2026-10-08 04:38:13.244 UTC 053f INFO[0m [orderer.consensus.smartbft.consensus] [34;1mdecide[0m -> Deciding on seq 58 channel=mychannel
[34m2026-10-08 04:38:13.244 UTC 0540 INFO[0m [orderer.consensus.smartbft.consensus] [34;1mstartNextSeq[0m -> Sequence: 58-->59 channel=mychannel
[34m2026-10-08 04:38:13.244 UTC 0541 INFO[0m [orderer.consensus.smartbft.chain] [34;1mDeliver[0m -> Delivering proposal, writing block 58 with 1 transactions and metadata of total size 332 with signatures from [2 4 1] to the ledger, node id 1 channel=mychannel
[34m2026-10-08 04:38:15.361 UTC 0542 INFO[0m [orderer.consensus.smartbft.consensus] [34;1mprocessProposal[0m -> Processed proposal with seq 59 channel=mychannel
[34m2026-10-08 04:38:15.362 UTC 0543 INFO[0m [orderer.consensus.smartbft.consensus] [34;1mprocessPrepares[0m -> 1 collected 2 prepares from [3 4] channel=mychannel
[34m2026-10-08 04:38:15.363 UTC 0544 INFO[0m [orderer.consensus.smartbft.consensus] [34;1mprocessPrepares[0m -> Processed prepares for proposal with seq 59 channel=mychannel
[34m2026-10-08 04:38:15.364 UTC 0545 INFO[0m [orderer.consensus.smartbft.consensus] [34;1mprocessCommits[0m -> 1 collected 2 commits from [3 2] channel=mychannel
[34m2026-10-08 04:38:15.364 UTC 0546 INFO[0m [orderer.consensus.smartbft.consensus] [34;1mprepared[0m -> 1 processed commits for proposal with seq 59 channel=mychannel
[34m2026-10-08 04:38:15.364 UTC 0547 INFO[0m [orderer.consensus.smartbft.consensus] [34;1mdecide[0m -> Deciding on seq 59 channel=mychannel
[34m2026-10-08 04:38:15.364 UTC 0548 INFO[0m [orderer.consensus.smartbft.consensus] [34;1mstartNextSeq[0m -> Sequence: 59-->60 channel=mychannel
[34m2026-10-08 04:38:15.365 UTC 0549 INFO[0m [orderer.consensus.smartbft.chain] [34;1mDeliver[0m -> Delivering proposal, writing block 59 with 1 transactions and metadata of total size 331 with signatures from [3 2 1] to the ledger, node id 1 channel=mychannel
[34m2026-10-08 04:38:17.480 UTC 054a INFO[0m [orderer.consensus.smartbft.consensus] [34;1mprocessProposal[0m -> Processed proposal with seq 60 channel=mychannel
[34m2026-10-08 04:38:17.481 UTC 054b INFO[0m [orderer.consensus.smartbft.consensus] [34;1mprocessPrepares[0m -> 1 collected 2 prepares from [3 4] channel=mychannel
[34m2026-10-08 04:38:17.485 UTC 054c INFO[0m [orderer.consensus.smartbft.consensus] [34;1mprocessPrepares[0m -> Processed prepares for proposal with seq 60 channel=mychannel
[34m2026-10-08 04:38:17.485 UTC 054d INFO[0m [orderer.consensus.smartbft.consensus] [34;1mprocessCommits[0m -> 1 collected 2 commits from [2 4] channel=mychannel
[34m2026-10-08 04:38:17.485 UTC 054e INFO[0m [orderer.consensus.smartbft.consensus] [34;1mprepared[0m -> 1 processed commits for proposal with seq 60 channel=mychannel
[34m2026-10-08 04:38:17.485 UTC 054f INFO[0m [orderer.consensus.smartbft.consensus] [34;1mdecide[0m -> Deciding on seq 60 channel=mychannel
[34m2026-10-08 04:38:17.486 UTC 0550 INFO[0m [orderer.consensus.smartbft.consensus] [34;1mstartNextSeq[0m -> Sequence: 60-->61 channel=mychannel
[34m2026-10-08 04:38:17.486 UTC 0551 INFO[0m [orderer.consensus.smartbft.chain] [34;1mDeliver[0m -> Delivering proposal, writing block 60 with 1 transactions and metadata of total size 330 with signatures from [2 4 1] to the ledger, node id 1 channel=mychannel
[34m2026-10-08 04:38:19.592 UTC 0552 INFO[0m [orderer.consensus.smartbft.consensus] [34;1mprocessProposal[0m -> Processed proposal with seq 61 channel=mychannel
[34m2026-10-08 04:38:19.592 UTC 0553 INFO[0m [orderer.consensus.smartbft.consensus] [34;1mprocessPrepares[0m -> 1 collected 2 prepares from [3 4] channel=mychannel
[34m2026-10-08 04:38:19.593 UTC 0554 INFO[0m [orderer.consensus.smartbft.consensus] [34;1mprocessPrepares[0m -> Processed prepares for proposal with seq 61 channel=mychannel
[34m2026-10-08 04:38:19.595 UTC 0555 INFO[0m [orderer.consensus.smartbft.consensus] [34;1mprocessCommits[0m -> 1 collected 2 commits from [4 3] channel=mychannel
[34m2026-10-08 04:38:19.595 UTC 0556 INFO[0m [orderer.consensus.smartbft.consensus] [34;1mprepared[0m -> 1 processed commits for proposal with seq 61 channel=mychannel
[34m2026-10-08 04:38:19.595 UTC 0557 INFO[0m [orderer.consensus.smartbft.consensus] [34;1mdecide[0m -> Deciding on seq 61 channel=mychannel
[34m2026-10-08 04:38:19.595 UTC 0558 INFO[0m [orderer.consensus.smartbft.consensus] [34;1mstartNextSeq[0m -> Sequence: 61-->62 channel=mychannel
[34m2026-10-08 04:38:19.595 UTC 0559 INFO[0m [orderer.consensus.smartbft.chain] [34;1mDeliver[0m -> Delivering proposal, writing block 61 with 1 transactions and metadata of total size 333 with signatures from [4 3 1] to the ledger, node id 1 channel=mychannel
[33m2026-10-08 04:38:19.595 UTC 055a WARN[0m [orderer.consensus.smartbft.consensus] [33;1mprocessMsg[0m -> 1 got message from 4 with sequence 60 but our sequence is 62 channel=mychannel
[34m2026-10-08 04:38:21.706 UTC 055b INFO[0m [orderer.consensus.smartbft.consensus] [34;1mprocessProposal[0m -> Processed proposal with seq 62 channel=mychannel
[34m2026-10-08 04:38:21.707 UTC 055c INFO[0m [orderer.consensus.smartbft.consensus] [34;1mprocessPrepares[0m -> 1 collected 2 prepares from [3 4] channel=mychannel
[34m2026-10-08 04:38:21.708 UTC 055d INFO[0m [orderer.consensus.smartbft.consensus] [34;1mprocessPrepares[0m -> Processed prepares for proposal with seq 62 channel=mychannel
[34m2026-10-08 04:38:21.708 UTC 055e INFO[0m [orderer.consensus.smartbft.consensus] [34;1mprocessCommits[0m -> 1 collected 2 commits from [2 4] channel=mychannel
[34m2026-10-08 04:38:21.708 UTC 055f INFO[0m [orderer.consensus.smartbft.consensus] [34;1mprepared[0m -> 1 processed commits for proposal with seq 62 channel=mychannel
[34m2026-10-08 04:38:21.708 UTC 0560 INFO[0m [orderer.consensus.smartbft.consensus] [34;1mdecide[0m -> Deciding on seq 62 channel=mychannel
[34m2026-10-08 04:38:21.708 UTC 0561 INFO[0m [orderer.consensus.smartbft.consensus] [34;1mstartNextSeq[0m -> Sequence: 62-->63 channel=mychannel
[34m2026-10-08 04:38:21.708 UTC 0562 INFO[0m [orderer.consensus.smartbft.chain] [34;1mDeliver[0m -> Delivering proposal, writing block 62 with 1 transactions and metadata of total size 331 with signatures from [2 4 1] to the ledger, node id 1 channel=mychannel
[34m2026-10-08 04:38:23.824 UTC 0563 INFO[0m [orderer.consensus.smartbft.consensus] [34;1mprocessProposal[0m -> Processed proposal with seq 63 channel=mychannel
[34m2026-10-08 04:38:23.825 UTC 0564 INFO[0m [orderer.consensus.smartbft.consensus] [34;1mprocessPrepares[0m -> 1 collected 2 prepares from [3 2] channel=mychannel
[34m2026-10-08 04:38:23.828 UTC 0565 INFO[0m [orderer.consensus.smartbft.consensus] [34;1mprocessPrepares[0m -> Processed prepares for proposal with seq 63 channel=mychannel
[34m2026-10-08 04:38:23.831 UTC 0566 INFO[0m [orderer.consensus.smartbft.consensus] [34;1mprocessCommits[0m -> 1 collected 2 commits from [3 4] channel=mychannel
[34m2026-10-08 04:38:23.831 UTC 0567 INFO[0m [orderer.consensus.smartbft.consensus] [34;1mprepared[0m -> 1 processed commits for proposal with seq 63 channel=mychannel
[34m2026-10-08 04:38:23.831 UTC 0568 INFO[0m [orderer.consensus.smartbft.consensus] [34;1mdecide[0m -> Deciding on seq 63 channel=mychannel
[34m2026-10-08 04:38:23.831 UTC 0569 INFO[0m [orderer.consensus.smartbft.consensus] [34;1mstartNextSeq[0m -> Sequence: 63-->64 channel=mychannel
[34m2026-10-08 04:38:23.831 UTC 056a INFO[0m [orderer.consensus.smartbft.chain] [34;1mDeliver[0m -> Delivering proposal, writing block 63 with 1 transactions and metadata of total size 332 with signatures from [3 4 1] to the ledger, node id 1 channel=mychannel
[34m2026-10-08 04:38:25.941 UTC 056b INFO[0m [orderer.consensus.smartbft.consensus] [34;1mprocessProposal[0m -> Processed proposal with seq 64 channel=mychannel
[34m2026-10-08 04:38:25.942 UTC 056c INFO[0m [orderer.consensus.smartbft.consensus] [34;1mprocessPrepares[0m -> 1 collected 2 prepares from [3 2] channel=mychannel
[34m2026-10-08 04:38:25.942 UTC 056d INFO[0m [orderer.consensus.smartbft.consensus] [34;1mprocessPrepares[0m -> Processed prepares for proposal with seq 64 channel=mychannel
[34m2026-10-08 04:38:25.944 UTC 056e INFO[0m [orderer.consensus.smartbft.consensus] [34;1mprocessCommits[0m -> 1 collected 2 commits from [2 3] channel=mychannel
[34m2026-10-08 04:38:25.944 UTC 056f INFO[0m [orderer.consensus.smartbft.consensus] [34;1mprepared[0m -> 1 processed commits for proposal with seq 64 channel=mychannel
[34m2026-10-08 04:38:25.944 UTC 0570 INFO[0m [orderer.consensus.smartbft.consensus] [34;1mdecide[0m -> Deciding on seq 64 channel=mychannel
[34m2026-10-08 04:38:25.944 UTC 0571 INFO[0m [orderer.consensus.smartbft.consensus] [34;1mstartNextSeq[0m -> Sequence: 64-->65 channel=mychannel
[34m2026-10-08 04:38:25.944 UTC 0572 INFO[0m [orderer.consensus.smartbft.chain] [34;1mDeliver[0m -> Delivering proposal, writing block 64 with 1 transactions and metadata of total size 331 with signatures from [2 3 1] to the ledger, node id 1 channel=mychannel
