[34m2026-10-08 04:36:26.210 UTC 0510 INFO[0m [grpc] [34;1mAddTraceEvent[0m -> [core] [Channel #10 SubChannel #11]Subchannel picks a new address "orderer4.example.com:7058" to connect
[34m2026-10-08 04:36:26.210 UTC 0511 INFO[0m [grpc] [34;1mInfof[0m -> [pick-first-lb] [pick-first-lb 0xc000c20270] Received SubConn state update: 0xc000c20390, {ConnectivityState:CONNECTING ConnectionError:<nil> connectedAddress:{Addr: ServerName: Attributes:<nil> BalancerAttributes:<nil> Metadata:<nil>}}
[34m2026-10-08 04:36:26.224 UTC 0512 INFO[0m [grpc] [34;1mInfof[0m -> [core] Creating new client transport to "{Addr: \"orderer4.example.com:7058\", ServerName: \"orderer4.example.com:7058\", }": connection error: desc = "transport: Error while dialing: dial tcp: lookup orderer4.example.com on 127.0.0.11:53: no such host"
[33m2026-10-08 04:36:26.224 UTC 0513 WARN[0m [grpc] [33;1mAddTraceEvent[0m -> [core] [Channel #10 SubChannel #11]grpc: addrConn.createTransport failed to connect to {Addr: "orderer4.example.com:7058", ServerName: "orderer4.example.com:7058", }. Err: connection error: desc = "transport: Error while dialing: dial tcp: lookup orderer4.example.com on 127.0.0.11:53: no such host"
[34m2026-10-08 04:36:26.224 UTC 0514 INFO[0m [grpc] [34;1mAddTraceEvent[0m -> [core] [Channel #10 SubChannel #11]Subchannel Connectivity change to TRANSIENT_FAILURE, last error: connection error: desc = "transport: Error while dialing: dial tcp: lookup orderer4.example.com on 127.0.0.11:53: no such host"
[34m2026-10-08 04:36:26.224 UTC 0515 INFO[0m [grpc] [34;1mInfof[0m -> [pick-first-lb] [pick-first-lb 0xc000c20270] Received SubConn state update: 0xc000c20390, {ConnectivityState:TRANSIENT_FAILURE ConnectionError:connection error: desc = "transport: Error while dialing: dial tcp: lookup orderer4.example.com on 127.0.0.11:53: no such host" connectedAddress:{Addr: ServerName: Attributes:<nil> BalancerAttributes:<nil> Metadata:<nil>}}
[34m2026-10-08 04:36:26.912 UTC 0516 INFO[0m [orderer.consensus.smartbft.consensus] [34;1mOnRequestTimeout[0m -> Request {3398023f639b7324f2bb22227a3b44d70880f0b82584d172d19828b28ae143e6 2426836e0a4c38388958453c4e677d22d2e20f68c49b9c8cf2c5281906ba1347} timeout expired, this node is the leader, nothing to do channel=mychannel
[34m2026-10-08 04:36:42.662 UTC 0517 INFO[0m [comm.grpc.server] [34;1m1[0m -> streaming call completed grpc.service=orderer.AtomicBroadcast grpc.method=Deliver grpc.peer_address=172.18.0.4:45312 grpc.peer_subject="CN=orderer.example.com,L=San Francisco,ST=California,C=US" error="context finished before block retrieved: context canceled" grpc.code=Unknown grpc.call_duration=1.122866ms
[34m2026-10-08 04:36:42.681 UTC 0518 INFO[0m [grpc] [34;1mInfof[0m -> [transport] [server-transport 0xc00025dd40] Closing: EOF
[34m2026-10-08 04:36:42.681 UTC 0519 INFO[0m [grpc] [34;1mInfof[0m -> [transport] [server-transport 0xc00025dd40] loopyWriter exiting with error: transport closed by client
[34m2026-10-08 04:36:46.912 UTC 051a INFO[0m [orderer.consensus.smartbft.consensus] [34;1mOnLeaderFwdRequestTimeout[0m -> Request {3398023f639b7324f2bb22227a3b44d70880f0b82584d172d19828b28ae143e6 2426836e0a4c38388958453c4e677d22d2e20f68c49b9c8cf2c5281906ba1347} leader-forwarding timeout expired, this node is the leader, stop send heartbeat message channel=mychannel
[34m2026-10-08 04:36:46.912 UTC 051b INFO[0m [orderer.consensus.smartbft.consensus] [34;1mStopLeaderSendMsg[0m -> Changing role to folower without change current view and current leader channel=mychannel
[34m2026-10-08 04:36:49.911 UTC 051c INFO[0m [comm.grpc.server] [34;1m1[0m -> streaming call completed grpc.service=orderer.AtomicBroadcast grpc.method=Broadcast grpc.peer_address=172.18.0.1:47196 grpc.code=OK grpc.call_duration=25.006845914s
[34m2026-10-08 04:36:49.913 UTC 051d INFO[0m [grpc] [34;1mInfof[0m -> [transport] [server-transport 0xc00025dba0] Closing: EOF
[34m2026-10-08 04:36:49.913 UTC 051e INFO[0m [grpc] [34;1mInfof[0m -> [transport] [server-transport 0xc00025dba0] loopyWriter exiting with error: transport closed by client
[34m2026-10-08 04:36:52.345 UTC 051f INFO[0m [orderer.consensus.smartbft.consensus] [34;1mOnRequestTimeout[0m -> Request {3398023f639b7324f2bb22227a3b44d70880f0b82584d172d19828b28ae143e6 f955821ccdcf16e93040e72c8c32a1fab848957dd0c5cb3d87f7564a72820bf9} timeout expired, this node is the leader, nothing to do channel=mychannel
[34m2026-10-08 04:36:54.837 UTC 0520 INFO[0m [grpc] [34;1mAddTraceEvent[0m -> [core] [Channel #8 SubChannel #9]Subchannel Connectivity change to IDLE, last error: connection error: desc = "transport: Error while dialing: dial tcp: lookup orderer3.example.com on 127.0.0.11:53: no such host"
[34m2026-10-08 04:36:54.837 UTC 0521 INFO[0m [grpc] [34;1mInfof[0m -> [pick-first-lb] [pick-first-lb 0xc000adf3b0] Received SubConn state update: 0xc000adf4d0, {ConnectivityState:IDLE ConnectionError:connection error: desc = "transport: Error while dialing: dial tcp: lookup orderer3.example.com on 127.0.0.11:53: no such host" connectedAddress:{Addr: ServerName: Attributes:<nil> BalancerAttributes:<nil> Metadata:<nil>}}
[34m2026-10-08 04:36:54.837 UTC 0522 INFO[0m [grpc] [34;1mAddTraceEvent[0m -> [core] [Channel #8 SubChannel #9]Subchannel Connectivity change to CONNECTING
[34m2026-10-08 04:36:54.837 UTC 0523 INFO[0m [grpc] [34;1mAddTraceEvent[0m -> [core] [Channel #8 SubChannel #9]Subchannel picks a new address "orderer3.example.com:7056" to connect
[34m2026-10-08 04:36:54.837 UTC 0524 INFO[0m [grpc] [34;1mInfof[0m -> [pick-first-lb] [pick-first-lb 0xc000adf3b0] Received SubConn state update: 0xc000adf4d0, {ConnectivityState:CONNECTING ConnectionError:<nil> connectedAddress:{Addr: ServerName: Attributes:<nil> BalancerAttributes:<nil> Metadata:<nil>}}
[34m2026-10-08 04:36:54.839 UTC 0525 INFO[0m [grpc] [34;1mAddTraceEvent[0m -> [core] [Channel #8 SubChannel #9]Subchannel Connectivity change to READY
[34m2026-10-08 04:36:54.839 UTC 0526 INFO[0m [grpc] [34;1mInfof[0m -> [pick-first-lb] [pick-first-lb 0xc000adf3b0] Received SubConn state update: 0xc000adf4d0, {ConnectivityState:READY ConnectionError:<nil> connectedAddress:{Addr:orderer3.example.com:7056 ServerName:orderer3.example.com:7056 Attributes:<nil> BalancerAttributes:<nil> Metadata:<nil>}}
[34m2026-10-08 04:36:54.839 UTC 0527 INFO[0m [grpc] [34;1mAddTraceEvent[0m -> [core] [Channel #8]Channel Connectivity change to READY
[34m2026-10-08 04:37:03.663 UTC 0528 INFO[0m [comm.grpc.server] [34;1m1[0m -> streaming call completed grpc.service=orderer.AtomicBroadcast grpc.method=Deliver grpc.peer_address=172.18.0.4:41500 grpc.peer_subject="CN=orderer.example.com,L=San Francisco,ST=California,C=US" error="context finished before block retrieved: context canceled" grpc.code=Unknown grpc.call_duration=1.146675ms
[34m2026-10-08 04:37:03.666 UTC 0529 INFO[0m [grpc] [34;1mInfof[0m -> [transport] [server-transport 0xc00025c820] Closing: EOF
[34m2026-10-08 04:37:03.666 UTC 052a INFO[0m [grpc] [34;1mInfof[0m -> [transport] [server-transport 0xc00025c820] loopyWriter exiting with error: transport closed by client
[34m2026-10-08 04:37:12.346 UTC 052b INFO[0m [orderer.consensus.smartbft.consensus] [34;1mOnLeaderFwdRequestTimeout[0m -> Request {3398023f639b7324f2bb22227a3b44d70880f0b82584d172d19828b28ae143e6 f955821ccdcf16e93040e72c8c32a1fab848957dd0c5cb3d87f7564a72820bf9} leader-forwarding timeout expired, this node is the leader, stop send heartbeat message channel=mychannel
[34m2026-10-08 04:37:12.346 UTC 052c INFO[0m [orderer.consensus.smartbft.consensus] [34;1mStopLeaderSendMsg[0m -> Changing role to folower without change current view and current leader channel=mychannel
[34m2026-10-08 04:37:15.346 UTC 052d INFO[0m [grpc] [34;1mInfof[0m -> [transport] [server-transport 0xc000344340] Closing: EOF
[33m2026-10-08 04:37:15.346 UTC 052e WARN[0m [orderer.common.broadcast] [33;1mHandle[0m -> Error reading from 172.18.0.1:38220: rpc error: code = Canceled desc = context canceled
[34m2026-10-08 04:37:15.346 UTC 052f INFO[0m [comm.grpc.server] [34;1m1[0m -> streaming call completed grpc.service=orderer.AtomicBroadcast grpc.method=Broadcast grpc.peer_address=172.18.0.1:38220 error="rpc error: code = Canceled desc = context canceled" grpc.code=Canceled grpc.call_duration=25.01107607s
[34m2026-10-08 04:37:15.346 UTC 0530 INFO[0m [grpc] [34;1mInfof[0m -> [transport] [server-transport 0xc000344340] loopyWriter exiting with error: transport closed by client
[34m2026-10-08 04:37:17.408 UTC 0531 INFO[0m [orderer.consensus.smartbft.consensus] [34;1mOnRequestTimeout[0m -> Request {3398023f639b7324f2bb22227a3b44d70880f0b82584d172d19828b28ae143e6 65944beafbcc81945861b23c4b8bccfa8b71b8c5392d37da578eae3716be87a5} timeout expired, this node is the leader, nothing to do channel=mychannel
[34m2026-10-08 04:37:22.666 UTC 0532 INFO[0m [comm.grpc.server] [34;1m1[0m -> streaming call completed grpc.service=orderer.AtomicBroadcast grpc.method=Deliver grpc.peer_address=172.18.0.4:60966 grpc.peer_subject="CN=orderer.example.com,L=San Francisco,ST=California,C=US" error="context finished before block retrieved: context canceled" grpc.code=Unknown grpc.call_duration=863.924µs
[34m2026-10-08 04:37:22.667 UTC 0533 INFO[0m [grpc] [34;1mInfof[0m -> [transport] [server-transport 0xc0000e7520] Closing: EOF
[34m2026-10-08 04:37:22.667 UTC 0534 INFO[0m [grpc] [34;1mInfof[0m -> [transport] [server-transport 0xc0000e7520] loopyWriter exiting with error: transport closed by client
[34m2026-10-08 04:37:37.409 UTC 0535 INFO[0m [orderer.consensus.smartbft.consensus] [34;1mOnLeaderFwdRequestTimeout[0m -> Request {3398023f639b7324f2bb22227a3b44d70880f0b82584d172d19828b28ae143e6 65944beafbcc81945861b23c4b8bccfa8b71b8c5392d37da578eae3716be87a5} leader-forwarding timeout expired, this node is the leader, stop send heartbeat message channel=mychannel
[34m2026-10-08 04:37:37.409 UTC 0536 INFO[0m [orderer.consensus.smartbft.consensus] [34;1mStopLeaderSendMsg[0m -> Changing role to folower without change current view and current leader channel=mychannel
[34m2026-10-08 04:37:40.408 UTC 0537 INFO[0m [grpc] [34;1mInfof[0m -> [transport] [server-transport 0xc00025cb60] Closing: EOF
[34m2026-10-08 04:37:40.408 UTC 0538 INFO[0m [grpc] [34;1mInfof[0m -> [transport] [server-transport 0xc00025cb60] loopyWriter exiting with error: transport closed by client
[33m2026-10-08 04:37:40.409 UTC 0539 WARN[0m [orderer.common.broadcast] [33;1mHandle[0m -> Error reading from 172.18.0.1:36538: rpc error: code = Canceled desc = context canceled
[34m2026-10-08 04:37:40.409 UTC 053a INFO[0m [comm.grpc.server] [34;1m1[0m -> streaming call completed grpc.service=orderer.AtomicBroadcast grpc.method=Broadcast grpc.peer_address=172.18.0.1:36538 error="rpc error: code = Canceled desc = context canceled" grpc.code=Canceled grpc.call_duration=25.008774529s
[34m2026-10-08 04:37:42.469 UTC 053b INFO[0m [orderer.consensus.smartbft.consensus] [34;1mOnRequestTimeout[0m -> Request {3398023f639b7324f2bb22227a3b44d70880f0b82584d172d19828b28ae143e6 91801ae404950bffc2dababaa23985a3f7e15c6133e8d7db56e461dc69709c06} timeout expired, this node is the leader, nothing to do channel=mychannel
[34m2026-10-08 04:37:42.663 UTC 053c INFO[0m [comm.grpc.server] [34;1m1[0m -> streaming call completed grpc.service=orderer.AtomicBroadcast grpc.method=Deliver grpc.peer_address=172.18.0.4:33744 grpc.peer_subject="CN=orderer.example.com,L=San Francisco,ST=California,C=US" error="context finished before block retrieved: context canceled" grpc.code=Unknown grpc.call_duration=953.462µs
[34m2026-10-08 04:37:42.664 UTC 053d INFO[0m [grpc] [34;1mInfof[0m -> [transport] [server-transport 0xc000344820] Closing: EOF
[34m2026-10-08 04:37:42.664 UTC 053e INFO[0m [grpc] [34;1mInfof[0m -> [transport] [server-transport 0xc000344820] loopyWriter exiting with error: transport closed by client
[34m2026-10-08 04:37:47.496 UTC 053f INFO[0m [grpc] [34;1mAddTraceEvent[0m -> [core] [Channel #10 SubChannel #11]Subchannel Connectivity change to IDLE, last error: connection error: desc = "transport: Error while dialing: dial tcp: lookup orderer4.example.com on 127.0.0.11:53: no such host"
[34m2026-10-08 04:37:47.496 UTC 0540 INFO[0m [grpc] [34;1mInfof[0m -> [pick-first-lb] [pick-first-lb 0xc000c20270] Received SubConn state update: 0xc000c20390, {ConnectivityState:IDLE ConnectionError:connection error: desc = "transport: Error while dialing: dial tcp: lookup orderer4.example.com on 127.0.0.11:53: no such host" connectedAddress:{Addr: ServerName: Attributes:<nil> BalancerAttributes:<nil> Metadata:<nil>}}
[34m2026-10-08 04:37:47.496 UTC 0541 INFO[0m [grpc] [34;1mAddTraceEvent[0m -> [core] [Channel #10 SubChannel #11]Subchannel Connectivity change to CONNECTING
[34m2026-10-08 04:37:47.496 UTC 0542 INFO[0m [grpc] [34;1mAddTraceEvent[0m -> [core] [Channel #10 SubChannel #11]Subchannel picks a new address "orderer4.example.com:7058" to connect
[34m2026-10-08 04:37:47.496 UTC 0543 INFO[0m [grpc] [34;1mInfof[0m -> [pick-first-lb] [pick-first-lb 0xc000c20270] Received SubConn state update: 0xc000c20390, {ConnectivityState:CONNECTING ConnectionError:<nil> connectedAddress:{Addr: ServerName: Attributes:<nil> BalancerAttributes:<nil> Metadata:<nil>}}
[34m2026-10-08 04:37:47.499 UTC 0544 INFO[0m [grpc] [34;1mAddTraceEvent[0m -> [core] [Channel #10 SubChannel #11]Subchannel Connectivity change to READY
[34m2026-10-08 04:37:47.499 UTC 0545 INFO[0m [grpc] [34;1mInfof[0m -> [pick-first-lb] [pick-first-lb 0xc000c20270] Received SubConn state update: 0xc000c20390, {ConnectivityState:READY ConnectionError:<nil> connectedAddress:{Addr:orderer4.example.com:7058 ServerName:orderer4.example.com:7058 Attributes:<nil> BalancerAttributes:<nil> Metadata:<nil>}}
[34m2026-10-08 04:37:47.499 UTC 0546 INFO[0m [grpc] [34;1mAddTraceEvent[0m -> [core] [Channel #10]Channel Connectivity change to READY
[33m2026-10-08 04:37:52.174 UTC 0547 WARN[0m [orderer.consensus.smartbft.consensus] [33;1mprocessMsg[0m -> Node 2 got viewChange message view_change:{next_view:2} from 4 with view 2, expected view 3 channel=mychannel
[34m2026-10-08 04:37:52.178 UTC 0548 INFO[0m [orderer.consensus.smartbft.consensus] [34;1mChangeRole[0m -> Changing to follower role, current view: 2, current leader: 3 channel=mychannel
[34m2026-10-08 04:37:52.178 UTC 0549 INFO[0m [orderer.consensus.smartbft.consensus] [34;1mstartView[0m -> Starting view with number 2, sequence 49, and decisions 0 channel=mychannel
[34m2026-10-08 04:37:52.187 UTC 054a INFO[0m [comm.grpc.server] [34;1m1[0m -> streaming call completed grpc.service=orderer.AtomicBroadcast grpc.method=Deliver grpc.peer_address=172.18.0.7:57308 grpc.peer_subject="CN=orderer4.example.com,L=San Francisco,ST=California,C=US" error="context finished before block retrieved: context canceled" grpc.code=Unknown grpc.call_duration=1.05385ms
[34m2026-10-08 04:37:52.191 UTC 054b INFO[0m [grpc] [34;1mInfof[0m -> [transport] [server-transport 0xc0003449c0] Closing: EOF
[34m2026-10-08 04:37:52.191 UTC 054c INFO[0m [grpc] [34;1mInfof[0m -> [transport] [server-transport 0xc0003449c0] loopyWriter exiting with error: transport closed by client
[34m2026-10-08 04:37:54.178 UTC 054e INFO[0m [orderer.consensus.smartbft.consensus] [34;1mOnRequestTimeout[0m -> Request {3398023f639b7324f2bb22227a3b44d70880f0b82584d172d19828b28ae143e6 7a55cfab9b6a1935504030a0a6182055d6d03f8cd8b216214adb77deca6f7d1f} timeout expired, forwarding request to leader: 3 channel=mychannel
[34m2026-10-08 04:37:54.178 UTC 0551 INFO[0m [orderer.consensus.smartbft.consensus] [34;1mOnRequestTimeout[0m -> Request {3398023f639b7324f2bb22227a3b44d70880f0b82584d172d19828b28ae143e6 91801ae404950bffc2dababaa23985a3f7e15c6133e8d7db56e461dc69709c06} timeout expired, forwarding request to leader: 3 channel=mychannel
[34m2026-10-08 04:37:54.178 UTC 0553 INFO[0m [orderer.consensus.smartbft.consensus] [34;1mOnRequestTimeout[0m -> Request {3398023f639b7324f2bb22227a3b44d70880f0b82584d172d19828b28ae143e6 ec88461016876abedc87b1abe3c5170149293e9cda7820be0fc8c22da1d954dc} timeout expired, forwarding request to leader: 3 channel=mychannel
[34m2026-10-08 04:37:54.178 UTC 0554 INFO[0m [orderer.consensus.smartbft.consensus] [34;1mOnRequestTimeout[0m -> Request {3398023f639b7324f2bb22227a3b44d70880f0b82584d172d19828b28ae143e6 f955821ccdcf16e93040e72c8c32a1fab848957dd0c5cb3d87f7564a72820bf9} timeout expired, forwarding request to leader: 3 channel=mychannel
[34m2026-10-08 04:37:54.178 UTC 0552 INFO[0m [orderer.consensus.smartbft.consensus] [34;1mOnRequestTimeout[0m -> Request {3398023f639b7324f2bb22227a3b44d70880f0b82584d172d19828b28ae143e6 2426836e0a4c38388958453c4e677d22d2e20f68c49b9c8cf2c5281906ba1347} timeout expired, forwarding request to leader: 3 channel=mychannel
[34m2026-10-08 04:37:54.178 UTC 0550 INFO[0m [orderer.consensus.smartbft.consensus] [34;1mOnRequestTimeout[0m -> Request {3398023f639b7324f2bb22227a3b44d70880f0b82584d172d19828b28ae143e6 33497ed832fc20b4bd2a2a227d93a1edb39d725444270418bacfe098ad1c0ecf} timeout expired, forwarding request to leader: 3 channel=mychannel
[34m2026-10-08 04:37:54.178 UTC 054f INFO[0m [orderer.consensus.smartbft.consensus] [34;1mOnRequestTimeout[0m -> Request {3398023f639b7324f2bb22227a3b44d70880f0b82584d172d19828b28ae143e6 65944beafbcc81945861b23c4b8bccfa8b71b8c5392d37da578eae3716be87a5} timeout expired, forwarding request to leader: 3 channel=mychannel
[34m2026-10-08 04:37:54.178 UTC 054d INFO[0m [orderer.consensus.smartbft.consensus] [34;1mOnRequestTimeout[0m -> Request {3398023f639b7324f2bb22227a3b44d70880f0b82584d172d19828b28ae143e6 61dda6a4c3ebacdb84a8de2ecb41bd9a76be39536d45750d1856bb22b4c87a13} timeout expired, forwarding request to leader: 3 channel=mychannel
[34m2026-10-08 04:37:54.195 UTC 0555 INFO[0m [orderer.consensus.smartbft.consensus] [34;1mprocessProposal[0m -> Processed proposal with seq 49 channel=mychannel
[34m2026-10-08 04:37:54.196 UTC 0556 INFO[0m [orderer.consensus.smartbft.consensus] [34;1mprocessPrepares[0m -> 2 collected 2 prepares from [3 4] channel=mychannel
[34m2026-10-08 04:37:54.198 UTC 0557 INFO[0m [orderer.consensus.smartbft.consensus] [34;1mprocessPrepares[0m -> Processed prepares for proposal with seq 49 channel=mychannel
[34m2026-10-08 04:37:54.198 UTC 0558 INFO[0m [orderer.consensus.smartbft.consensus] [34;1mprocessCommits[0m -> 2 collected 2 commits from [3 4] channel=mychannel
[34m2026-10-08 04:37:54.198 UTC 0559 INFO[0m [orderer.consensus.smartbft.consensus] [34;1mprepared[0m -> 2 processed commits for proposal with seq 49 channel=mychannel
[34m2026-10-08 04:37:54.198 UTC 055a INFO[0m [orderer.consensus.smartbft.consensus] [34;1mdecide[0m -> Deciding on seq 49 channel=mychannel
[34m2026-10-08 04:37:54.199 UTC 055b INFO[0m [orderer.consensus.smartbft.consensus] [34;1mstartNextSeq[0m -> Sequence: 49-->50 channel=mychannel
[34m2026-10-08 04:37:54.200 UTC 055c INFO[0m [orderer.consensus.smartbft.chain] [34;1mDeliver[0m -> Delivering proposal, writing block 49 with 8 transactions and metadata of total size 330 with signatures from [3 4 2] to the ledger, node id 2 channel=mychannel
[34m2026-10-08 04:37:54.200 UTC 055d INFO[0m [orderer.consensus.smartbft.consensus] [34;1mdeleteRequest[0m -> Removed request {3398023f639b7324f2bb22227a3b44d70880f0b82584d172d19828b28ae143e6 ec88461016876abedc87b1abe3c5170149293e9cda7820be0fc8c22da1d954dc} from request pool channel=mychannel
[34m2026-10-08 04:37:54.200 UTC 055e INFO[0m [orderer.consensus.smartbft.consensus] [34;1mdeleteRequest[0m -> Removed request {3398023f639b7324f2bb22227a3b44d70880f0b82584d172d19828b28ae143e6 91801ae404950bffc2dababaa23985a3f7e15c6133e8d7db56e461dc69709c06} from request pool channel=mychannel
[34m2026-10-08 04:37:54.200 UTC 055f INFO[0m [orderer.consensus.smartbft.consensus] [34;1mdeleteRequest[0m -> Removed request {3398023f639b7324f2bb22227a3b44d70880f0b82584d172d19828b28ae143e6 33497ed832fc20b4bd2a2a227d93a1edb39d725444270418bacfe098ad1c0ecf} from request pool channel=mychannel
[34m2026-10-08 04:37:54.200 UTC 0560 INFO[0m [orderer.consensus.smartbft.consensus] [34;1mdeleteRequest[0m -> Removed request {3398023f639b7324f2bb22227a3b44d70880f0b82584d172d19828b28ae143e6 65944beafbcc81945861b23c4b8bccfa8b71b8c5392d37da578eae3716be87a5} from request pool channel=mychannel
[34m2026-10-08 04:37:54.200 UTC 0561 INFO[0m [orderer.consensus.smartbft.consensus] [34;1mdeleteRequest[0m -> Removed request {3398023f639b7324f2bb22227a3b44d70880f0b82584d172d19828b28ae143e6 2426836e0a4c38388958453c4e677d22d2e20f68c49b9c8cf2c5281906ba1347} from request pool channel=mychannel
[34m2026-10-08 04:37:54.200 UTC 0562 INFO[0m [orderer.consensus.smartbft.consensus] [34;1mdeleteRequest[0m -> Removed request {3398023f639b7324f2bb22227a3b44d70880f0b82584d172d19828b28ae143e6 f955821ccdcf16e93040e72c8c32a1fab848957dd0c5cb3d87f7564a72820bf9} from request pool channel=mychannel
[34m2026-10-08 04:37:54.200 UTC 0563 INFO[0m [orderer.consensus.smartbft.consensus] [34;1mdeleteRequest[0m -> Removed request {3398023f639b7324f2bb22227a3b44d70880f0b82584d172d19828b28ae143e6 7a55cfab9b6a1935504030a0a6182055d6d03f8cd8b216214adb77deca6f7d1f} from request pool channel=mychannel
[34m2026-10-08 04:37:54.200 UTC 0564 INFO[0m [orderer.consensus.smartbft.consensus] [34;1mdeleteRequest[0m -> Removed request {3398023f639b7324f2bb22227a3b44d70880f0b82584d172d19828b28ae143e6 61dda6a4c3ebacdb84a8de2ecb41bd9a76be39536d45750d1856bb22b4c87a13} from request pool channel=mychannel
[34m2026-10-08 04:37:54.212 UTC 0565 INFO[0m [grpc] [34;1mInfof[0m -> [transport] [server-transport 0xc000344680] Closing: EOF
[34m2026-10-08 04:37:54.213 UTC 0566 INFO[0m [grpc] [34;1mInfof[0m -> [transport] [server-transport 0xc000344680] loopyWriter exiting with error: transport closed by client
[33m2026-10-08 04:37:54.213 UTC 0567 WARN[0m [orderer.common.broadcast] [33;1mHandle[0m -> Error reading from 172.18.0.1:50690: rpc error: code = Canceled desc = context canceled
[34m2026-10-08 04:37:54.213 UTC 0568 INFO[0m [comm.grpc.server] [34;1m1[0m -> streaming call completed grpc.service=orderer.AtomicBroadcast grpc.method=Broadcast grpc.peer_address=172.18.0.1:50690 error="rpc error: code = Canceled desc = context canceled" grpc.code=Canceled grpc.call_duration=13.750954999s
[34m2026-10-08 04:37:56.280 UTC 0569 INFO[0m [orderer.consensus.smartbft.consensus] [34;1mOnRequestTimeout[0m -> Request {3398023f639b7324f2bb22227a3b44d70880f0b82584d172d19828b28ae143e6 a9290fa86e9b2c88abb44bbd5cf2bf44178f47ebf79a5d9245db6826eb391497} timeout expired, forwarding request to leader: 3 channel=mychannel
[34m2026-10-08 04:37:56.309 UTC 056a INFO[0m [orderer.consensus.smartbft.consensus] [34;1mprocessProposal[0m -> Processed proposal with seq 50 channel=mychannel
[34m2026-10-08 04:37:56.310 UTC 056b INFO[0m [orderer.consensus.smartbft.consensus] [34;1mprocessPrepares[0m -> 2 collected 2 prepares from [3 1] channel=mychannel
[34m2026-10-08 04:37:56.312 UTC 056c INFO[0m [orderer.consensus.smartbft.consensus] [34;1mprocessPrepares[0m -> Processed prepares for proposal with seq 50 channel=mychannel
[34m2026-10-08 04:37:56.312 UTC 056d INFO[0m [orderer.consensus.smartbft.consensus] [34;1mprocessCommits[0m -> 2 collected 2 commits from [3 1] channel=mychannel
[34m2026-10-08 04:37:56.312 UTC 056e INFO[0m [orderer.consensus.smartbft.consensus] [34;1mprepared[0m -> 2 processed commits for proposal with seq 50 channel=mychannel
[34m2026-10-08 04:37:56.312 UTC 056f INFO[0m [orderer.consensus.smartbft.consensus] [34;1mdecide[0m -> Deciding on seq 50 channel=mychannel
[34m2026-10-08 04:37:56.312 UTC 0570 INFO[0m [orderer.consensus.smartbft.consensus] [34;1mstartNextSeq[0m -> Sequence: 50-->51 channel=mychannel
[34m2026-10-08 04:37:56.313 UTC 0571 INFO[0m [orderer.consensus.smartbft.chain] [34;1mDeliver[0m -> Delivering proposal, writing block 50 with 1 transactions and metadata of total size 331 with signatures from [3 1 2] to the ledger, node id 2 channel=mychannel
[34m2026-10-08 04:37:56.313 UTC 0572 INFO[0m [orderer.consensus.smartbft.consensus] [34;1mdeleteRequest[0m -> Removed request {3398023f639b7324f2bb22227a3b44d70880f0b82584d172d19828b28ae143e6 a9290fa86e9b2c88abb44bbd5cf2bf44178f47ebf79a5d9245db6826eb391497} from request pool channel=mychannel
[34m2026-10-08 04:37:56.322 UTC 0573 INFO[0m [grpc] [34;1mInfof[0m -> [transport] [server-transport 0xc000344340] Closing: EOF
[34m2026-10-08 04:37:56.322 UTC 0574 INFO[0m [grpc] [34;1mInfof[0m -> [transport] [server-transport 0xc000344340] loopyWriter exiting with error: transport closed by client
[33m2026-10-08 04:37:56.322 UTC 0575 WARN[0m [orderer.common.broadcast] [33;1mHandle[0m -> Error reading from 172.18.0.1:57756: rpc error: code = Canceled desc = context canceled
[34m2026-10-08 04:37:56.322 UTC 0576 INFO[0m [comm.grpc.server] [34;1m1[0m -> streaming call completed grpc.service=orderer.AtomicBroadcast grpc.method=Broadcast grpc.peer_address=172.18.0.1:57756 error="rpc error: code = Canceled desc = context canceled" grpc.code=Canceled grpc.call_duration=2.049937348s
[34m2026-10-08 04:37:58.388 UTC 0577 INFO[0m [orderer.consensus.smartbft.consensus] [34;1mOnRequestTimeout[0m -> Request {3398023f639b7324f2bb22227a3b44d70880f0b82584d172d19828b28ae143e6 92c71ce69dee4be18bc5d9c24f8954d3ac6d6525498c886b406ad144791d5a24} timeout expired, forwarding request to leader: 3 channel=mychannel
[34m2026-10-08 04:37:58.426 UTC 0578 INFO[0m [orderer.consensus.smartbft.consensus] [34;1mprocessProposal[0m -> Processed proposal with seq 51 channel=mychannel
[34m2026-10-08 04:37:58.426 UTC 0579 INFO[0m [orderer.consensus.smartbft.consensus] [34;1mprocessPrepares[0m -> 2 collected 2 prepares from [3 1] channel=mychannel
[34m2026-10-08 04:37:58.428 UTC 057a INFO[0m [orderer.consensus.smartbft.consensus] [34;1mprocessPrepares[0m -> Processed prepares for proposal with seq 51 channel=mychannel
[34m2026-10-08 04:37:58.428 UTC 057b INFO[0m [orderer.consensus.smartbft.consensus] [34;1mprocessCommits[0m -> 2 collected 2 commits from [4 3] channel=mychannel
[34m2026-10-08 04:37:58.429 UTC 057c INFO[0m [orderer.consensus.smartbft.consensus] [34;1mprepared[0m -> 2 processed commits for proposal with seq 51 channel=mychannel
[34m2026-10-08 04:37:58.429 UTC 057d INFO[0m [orderer.consensus.smartbft.consensus] [34;1mdecide[0m -> Deciding on seq 51 channel=mychannel
[34m2026-10-08 04:37:58.429 UTC 057e INFO[0m [orderer.consensus.smartbft.consensus] [34;1mstartNextSeq[0m -> Sequence: 51-->52 channel=mychannel
[34m2026-10-08 04:37:58.429 UTC 057f INFO[0m [orderer.consensus.smartbft.chain] [34;1mDeliver[0m -> Delivering proposal, writing block 51 with 1 transactions and metadata of total size 332 with signatures from [4 3 2] to the ledger, node id 2 channel=mychannel
[34m2026-10-08 04:37:58.429 UTC 0580 INFO[0m [orderer.consensus.smartbft.consensus] [34;1mdeleteRequest[0m -> Removed request {3398023f639b7324f2bb22227a3b44d70880f0b82584d172d19828b28ae143e6 92c71ce69dee4be18bc5d9c24f8954d3ac6d6525498c886b406ad144791d5a24} from request pool channel=mychannel
[34m2026-10-08 04:37:58.437 UTC 0581 INFO[0m [grpc] [34;1mInfof[0m -> [transport] [server-transport 0xc00025c820] Closing: EOF
[34m2026-10-08 04:37:58.437 UTC 0582 INFO[0m [grpc] [34;1mInfof[0m -> [transport] [server-transport 0xc00025c820] loopyWriter exiting with error: transport closed by client
[33m2026-10-08 04:37:58.437 UTC 0583 WARN[0m [orderer.common.broadcast] [33;1mHandle[0m -> Error reading from 172.18.0.1:57762: rpc error: code = Canceled desc = context canceled
[34m2026-10-08 04:37:58.437 UTC 0584 INFO[0m [comm.grpc.server] [34;1m1[0m -> streaming call completed grpc.service=orderer.AtomicBroadcast grpc.method=Broadcast grpc.peer_address=172.18.0.1:57762 error="rpc error: code = Canceled desc = context canceled" grpc.code=Canceled grpc.call_duration=2.055785556s
[34m2026-10-08 04:38:00.502 UTC 0585 INFO[0m [orderer.consensus.smartbft.consensus] [34;1mOnRequestTimeout[0m -> Request {3398023f639b7324f2bb22227a3b44d70880f0b82584d172d19828b28ae143e6 183f9d8c87c6c2f1de55b5cb8c8e1d4366292956db5a7b5ac8fedcfe166497fe} timeout expired, forwarding request to leader: 3 channel=mychannel
[34m2026-10-08 04:38:00.542 UTC 0586 INFO[0m [orderer.consensus.smartbft.consensus] [34;1mprocessProposal[0m -> Processed proposal with seq 52 channel=mychannel
[34m2026-10-08 04:38:00.542 UTC 0587 INFO[0m [orderer.consensus.smartbft.consensus] [34;1mprocessPrepares[0m -> 2 collected 2 prepares from [3 1] channel=mychannel
[34m2026-10-08 04:38:00.546 UTC 0588 INFO[0m [orderer.consensus.smartbft.consensus] [34;1mprocessPrepares[0m -> Processed prepares for proposal with seq 52 channel=mychannel
[34m2026-10-08 04:38:00.547 UTC 0589 INFO[0m [orderer.consensus.smartbft.consensus] [34;1mprocessCommits[0m -> 2 collected 2 commits from [4 1] channel=mychannel
[34m2026-10-08 04:38:00.547 UTC 058a INFO[0m [orderer.consensus.smartbft.consensus] [34;1mprepared[0m -> 2 processed commits for proposal with seq 52 channel=mychannel
[34m2026-10-08 04:38:00.547 UTC 058b INFO[0m [orderer.consensus.smartbft.consensus] [34;1mdecide[0m -> Deciding on seq 52 channel=mychannel
[34m2026-10-08 04:38:00.547 UTC 058c INFO[0m [orderer.consensus.smartbft.consensus] [34;1mstartNextSeq[0m -> Sequence: 52-->53 channel=mychannel
[34m2026-10-08 04:38:00.549 UTC 058d INFO[0m [orderer.consensus.smartbft.chain] [34;1mDeliver[0m -> Delivering proposal, writing block 52 with 1 transactions and metadata of total size 333 with signatures from [4 1 2] to the ledger, node id 2 channel=mychannel
[34m2026-10-08 04:38:00.549 UTC 058e INFO[0m [orderer.consensus.smartbft.consensus] [34;1mdeleteRequest[0m -> Removed request {3398023f639b7324f2bb22227a3b44d70880f0b82584d172d19828b28ae143e6 183f9d8c87c6c2f1de55b5cb8c8e1d4366292956db5a7b5ac8fedcfe166497fe} from request pool channel=mychannel
[33m2026-10-08 04:38:00.549 UTC 058f WARN[0m [orderer.consensus.smartbft.consensus] [33;1mprocessMsg[0m -> 2 got message from 1 with sequence 51 but our sequence is 53 channel=mychannel
[34m2026-10-08 04:38:00.556 UTC 0590 INFO[0m [grpc] [34;1mInfof[0m -> [transport] [server-transport 0xc000344820] Closing: EOF
[33m2026-10-08 04:38:00.556 UTC 0591 WARN[0m [orderer.common.broadcast] [33;1mHandle[0m -> Error reading from 172.18.0.1:57766: rpc error: code = Canceled desc = context canceled
[34m2026-10-08 04:38:00.556 UTC 0593 INFO[0m [grpc] [34;1mInfof[0m -> [transport] [server-transport 0xc000344820] loopyWriter exiting with error: transport closed by client
[34m2026-10-08 04:38:00.556 UTC 0592 INFO[0m [comm.grpc.server] [34;1m1[0m -> streaming call completed grpc.service=orderer.AtomicBroadcast grpc.method=Broadcast grpc.peer_address=172.18.0.1:57766 error="rpc error: code = Canceled desc = context canceled" grpc.code=Canceled grpc.call_duration=2.061733325s
[34m2026-10-08 04:38:02.624 UTC 0594 INFO[0m [orderer.consensus.smartbft.consensus] [34;1mOnRequestTimeout[0m -> Request {3398023f639b7324f2bb22227a3b44d70880f0b82584d172d19828b28ae143e6 f61e3e4e3a882901202219add36e36d20f6f2da19dc33fc6b172232670836b64} timeout expired, forwarding request to leader: 3 channel=mychannel
[34m2026-10-08 04:38:02.658 UTC 0595 INFO[0m [orderer.consensus.smartbft.consensus] [34;1mprocessProposal[0m -> Processed proposal with seq 53 channel=mychannel
[34m2026-10-08 04:38:02.659 UTC 0596 INFO[0m [orderer.consensus.smartbft.consensus] [34;1mprocessPrepares[0m -> 2 collected 2 prepares from [3 4] channel=mychannel
[34m2026-10-08 04:38:02.660 UTC 0597 INFO[0m [orderer.consensus.smartbft.consensus] [34;1mprocessPrepares[0m -> Processed prepares for proposal with seq 53 channel=mychannel
[34m2026-10-08 04:38:02.661 UTC 0598 INFO[0m [orderer.consensus.smartbft.consensus] [34;1mprocessCommits[0m -> 2 collected 2 commits from [3 1] channel=mychannel
[34m2026-10-08 04:38:02.662 UTC 0599 INFO[0m [orderer.consensus.smartbft.consensus] [34;1mprepared[0m -> 2 processed commits for proposal with seq 53 channel=mychannel
[34m2026-10-08 04:38:02.662 UTC 059a INFO[0m [orderer.consensus.smartbft.consensus] [34;1mdecide[0m -> Deciding on seq 53 channel=mychannel
[34m2026-10-08 04:38:02.662 UTC 059b INFO[0m [orderer.consensus.smartbft.consensus] [34;1mstartNextSeq[0m -> Sequence: 53-->54 channel=mychannel
[34m2026-10-08 04:38:02.662 UTC 059c INFO[0m [orderer.consensus.smartbft.chain] [34;1mDeliver[0m -> Delivering proposal, writing block 53 with 1 transactions and metadata of total size 332 with signatures from [3 1 2] to the ledger, node id 2 channel=mychannel
[34m2026-10-08 04:38:02.662 UTC 059d INFO[0m [orderer.consensus.smartbft.consensus] [34;1mdeleteRequest[0m -> Removed request {3398023f639b7324f2bb22227a3b44d70880f0b82584d172d19828b28ae143e6 f61e3e4e3a882901202219add36e36d20f6f2da19dc33fc6b172232670836b64} from request pool channel=mychannel
[34m2026-10-08 04:38:02.669 UTC 059e INFO[0m [grpc] [34;1mInfof[0m -> [transport] [server-transport 0xc000344340] Closing: EOF
[34m2026-10-08 04:38:02.670 UTC 059f INFO[0m [grpc] [34;1mInfof[0m -> [transport] [server-transport 0xc000344340] loopyWriter exiting with error: transport closed by client
[33m2026-10-08 04:38:02.670 UTC 05a0 WARN[0m [orderer.common.broadcast] [33;1mHandle[0m -> Error reading from 172.18.0.1:57776: rpc error: code = Canceled desc = context canceled
[34m2026-10-08 04:38:02.670 UTC 05a1 INFO[0m [comm.grpc.server] [34;1m1[0m -> streaming call completed grpc.service=orderer.AtomicBroadcast grpc.method=Broadcast grpc.peer_address=172.18.0.1:57776 error="rpc error: code = Canceled desc = context canceled" grpc.code=Canceled grpc.call_duration=2.054916853s
[34m2026-10-08 04:38:04.735 UTC 05a2 INFO[0m [orderer.consensus.smartbft.consensus] [34;1mOnRequestTimeout[0m -> Request {3398023f639b7324f2bb22227a3b44d70880f0b82584d172d19828b28ae143e6 c487ab39e641e680098bdf2190cb404d557c3b12841814c49246fdc43d664224} timeout expired, forwarding request to leader: 3 channel=mychannel
[34m2026-10-08 04:38:04.773 UTC 05a3 INFO[0m [orderer.consensus.smartbft.consensus] [34;1mprocessProposal[0m -> Processed proposal with seq 54 channel=mychannel
[34m2026-10-08 04:38:04.774 UTC 05a4 INFO[0m [orderer.consensus.smartbft.consensus] [34;1mprocessPrepares[0m -> 2 collected 2 prepares from [3 1] channel=mychannel
[34m2026-10-08 04:38:04.775 UTC 05a5 INFO[0m [orderer.consensus.smartbft.consensus] [34;1mprocessPrepares[0m -> Processed prepares for proposal with seq 54 channel=mychannel
[34m2026-10-08 04:38:04.777 UTC 05a6 INFO[0m [orderer.consensus.smartbft.consensus] [34;1mprocessCommits[0m -> 2 collected 2 commits from [3 1] channel=mychannel
[34m2026-10-08 04:38:04.777 UTC 05a7 INFO[0m [orderer.consensus.smartbft.consensus] [34;1mprepared[0m -> 2 processed commits for proposal with seq 54 channel=mychannel
[34m2026-10-08 04:38:04.777 UTC 05a8 INFO[0m [orderer.consensus.smartbft.consensus] [34;1mdecide[0m -> Deciding on seq 54 channel=mychannel
[34m2026-10-08 04:38:04.777 UTC 05a9 INFO[0m [orderer.consensus.smartbft.consensus] [34;1mstartNextSeq[0m -> Sequence: 54-->55 channel=mychannel
[34m2026-10-08 04:38:04.777 UTC 05aa INFO[0m [orderer.consensus.smartbft.chain] [34;1mDeliver[0m -> Delivering proposal, writing block 54 with 1 transactions and metadata of total size 330 with signatures from [3 1 2] to the ledger, node id 2 channel=mychannel
[34m2026-10-08 04:38:04.777 UTC 05ab INFO[0m [orderer.consensus.smartbft.consensus] [34;1mdeleteRequest[0m -> Removed request {3398023f639b7324f2bb22227a3b44d70880f0b82584d172d19828b28ae143e6 c487ab39e641e680098bdf2190cb404d557c3b12841814c49246fdc43d664224} from request pool channel=mychannel
[34m2026-10-08 04:38:04.785 UTC 05ac INFO[0m [grpc] [34;1mInfof[0m -> [transport] [server-transport 0xc000344680] Closing: EOF
[33m2026-10-08 04:38:04.786 UTC 05ad WARN[0m [orderer.common.broadcast] [33;1mHandle[0m -> Error reading from 172.18.0.1:33576: rpc error: code = Canceled desc = context canceled
[34m2026-10-08 04:38:04.786 UTC 05af INFO[0m [comm.grpc.server] [34;1m1[0m -> streaming call completed grpc.service=orderer.AtomicBroadcast grpc.method=Broadcast grpc.peer_address=172.18.0.1:33576 error="rpc error: code = Canceled desc = context canceled" grpc.code=Canceled grpc.call_duration=2.058969986s
[34m2026-10-08 04:38:04.786 UTC 05ae INFO[0m [grpc] [34;1mInfof[0m -> [transport] [server-transport 0xc000344680] loopyWriter exiting with error: transport closed by client
[34m2026-10-08 04:38:06.852 UTC 05b0 INFO[0m [orderer.consensus.smartbft.consensus] [34;1mOnRequestTimeout[0m -> Request {3398023f639b7324f2bb22227a3b44d70880f0b82584d172d19828b28ae143e6 59e00662353fdc0c4751756769de784e2b9a425ea018943c18454994c0600056} timeout expired, forwarding request to leader: 3 channel=mychannel
[34m2026-10-08 04:38:06.891 UTC 05b1 INFO[0m [orderer.consensus.smartbft.consensus] [34;1mprocessProposal[0m -> Processed proposal with seq 55 channel=mychannel
[34m2026-10-08 04:38:06.891 UTC 05b2 INFO[0m [orderer.consensus.smartbft.consensus] [34;1mprocessPrepares[0m -> 2 collected 2 prepares from [3 1] channel=mychannel
[34m2026-10-08 04:38:06.892 UTC 05b3 INFO[0m [orderer.consensus.smartbft.consensus] [34;1mprocessPrepares[0m -> Processed prepares for proposal with seq 55 channel=mychannel
[34m2026-10-08 04:38:06.893 UTC 05b4 INFO[0m [orderer.consensus.smartbft.consensus] [34;1mprocessCommits[0m -> 2 collected 2 commits from [1 3] channel=mychannel
[34m2026-10-08 04:38:06.893 UTC 05b5 INFO[0m [orderer.consensus.smartbft.consensus] [34;1mprepared[0m -> 2 processed commits for proposal with seq 55 channel=mychannel
[34m2026-10-08 04:38:06.893 UTC 05b6 INFO[0m [orderer.consensus.smartbft.consensus] [34;1mdecide[0m -> Deciding on seq 55 channel=mychannel
[34m2026-10-08 04:38:06.894 UTC 05b7 INFO[0m [orderer.consensus.smartbft.consensus] [34;1mstartNextSeq[0m -> Sequence: 55-->56 channel=mychannel
[34m2026-10-08 04:38:06.894 UTC 05b8 INFO[0m [orderer.consensus.smartbft.chain] [34;1mDeliver[0m -> Delivering proposal, writing block 55 with 1 transactions and metadata of total size 331 with signatures from [1 3 2] to the ledger, node id 2 channel=mychannel
[34m2026-10-08 04:38:06.894 UTC 05b9 INFO[0m [orderer.consensus.smartbft.consensus] [34;1mdeleteRequest[0m -> Removed request {3398023f639b7324f2bb22227a3b44d70880f0b82584d172d19828b28ae143e6 59e00662353fdc0c4751756769de784e2b9a425ea018943c18454994c0600056} from request pool channel=mychannel
[34m2026-10-08 04:38:06.902 UTC 05ba INFO[0m [grpc] [34;1mInfof[0m -> [transport] [server-transport 0xc0005629c0] Closing: EOF
[34m2026-10-08 04:38:06.902 UTC 05bb INFO[0m [grpc] [34;1mInfof[0m -> [transport] [server-transport 0xc0005629c0] loopyWriter exiting with error: transport closed by client
[33m2026-10-08 04:38:06.902 UTC 05bc WARN[0m [orderer.common.broadcast] [33;1mHandle[0m -> Error reading from 172.18.0.1:33590: rpc error: code = Canceled desc = context canceled
[34m2026-10-08 04:38:06.902 UTC 05bd INFO[0m [comm.grpc.server] [34;1m1[0m -> streaming call completed grpc.service=orderer.AtomicBroadcast grpc.method=Broadcast grpc.peer_address=172.18.0.1:33590 error="rpc error: code = Canceled desc = context canceled" grpc.code=Canceled grpc.call_duration=2.059479677s
[34m2026-10-08 04:38:08.971 UTC 05be INFO[0m [orderer.consensus.smartbft.consensus] [34;1mOnRequestTimeout[0m -> Request {3398023f639b7324f2bb22227a3b44d70880f0b82584d172d19828b28ae143e6 85cee045b9c9542076975c6ea1dce714f73adc52ff15d3f9ab6a0dd84a280e4b} timeout expired, forwarding request to leader: 3 channel=mychannel
[34m2026-10-08 04:38:09.007 UTC 05bf INFO[0m [orderer.consensus.smartbft.consensus] [34;1mprocessProposal[0m -> Processed proposal with seq 56 channel=mychannel
[34m2026-10-08 04:38:09.007 UTC 05c0 INFO[0m [orderer.consensus.smartbft.consensus] [34;1mprocessPrepares[0m -> 2 collected 2 prepares from [3 1] channel=mychannel
[34m2026-10-08 04:38:09.012 UTC 05c1 INFO[0m [orderer.consensus.smartbft.consensus] [34;1mprocessPrepares[0m -> Processed prepares for proposal with seq 56 channel=mychannel
[34m2026-10-08 04:38:09.013 UTC 05c2 INFO[0m [orderer.consensus.smartbft.consensus] [34;1mprocessCommits[0m -> 2 collected 2 commits from [1 3] channel=mychannel
[34m2026-10-08 04:38:09.013 UTC 05c3 INFO[0m [orderer.consensus.smartbft.consensus] [34;1mprepared[0m -> 2 processed commits for proposal with seq 56 channel=mychannel
[34m2026-10-08 04:38:09.013 UTC 05c4 INFO[0m [orderer.consensus.smartbft.consensus] [34;1mdecide[0m -> Deciding on seq 56 channel=mychannel
[34m2026-10-08 04:38:09.014 UTC 05c5 INFO[0m [orderer.consensus.smartbft.consensus] [34;1mstartNextSeq[0m -> Sequence: 56-->57 channel=mychannel
[34m2026-10-08 04:38:09.014 UTC 05c6 INFO[0m [orderer.consensus.smartbft.chain] [34;1mDeliver[0m -> Delivering proposal, writing block 56 with 1 transactions and metadata of total size 332 with signatures from [1 3 2] to the ledger, node id 2 channel=mychannel
[34m2026-10-08 04:38:09.014 UTC 05c7 INFO[0m [orderer.consensus.smartbft.consensus] [34;1mdeleteRequest[0m -> Removed request {3398023f639b7324f2bb22227a3b44d70880f0b82584d172d19828b28ae143e6 85cee045b9c9542076975c6ea1dce714f73adc52ff15d3f9ab6a0dd84a280e4b} from request pool channel=mychannel
[34m2026-10-08 04:38:09.020 UTC 05c8 INFO[0m [grpc] [34;1mInfof[0m -> [transport] [server-transport 0xc0003449c0] Closing: EOF
[33m2026-10-08 04:38:09.020 UTC 05c9 WARN[0m [orderer.common.broadcast] [33;1mHandle[0m -> Error reading from 172.18.0.1:33598: rpc error: code = Canceled desc = context canceled
[34m2026-10-08 04:38:09.020 UTC 05cb INFO[0m [comm.grpc.server] [34;1m1[0m -> streaming call completed grpc.service=orderer.AtomicBroadcast grpc.method=Broadcast grpc.peer_address=172.18.0.1:33598 error="rpc error: code = Canceled desc = context canceled" grpc.code=Canceled grpc.call_duration=2.059166726s
[34m2026-10-08 04:38:09.020 UTC 05ca INFO[0m [grpc] [34;1mInfof[0m -> [transport] [server-transport 0xc0003449c0] loopyWriter exiting with error: transport closed by client
[34m2026-10-08 04:38:11.087 UTC 05cc INFO[0m [orderer.consensus.smartbft.consensus] [34;1mOnRequestTimeout[0m -> Request {3398023f639b7324f2bb22227a3b44d70880f0b82584d172d19828b28ae143e6 d950d9a1db799b29246323fe0c39b30550cc40194c40ff11d5a6256610a7d731} timeout expired, forwarding request to leader: 3 channel=mychannel
[34m2026-10-08 04:38:11.123 UTC 05cd INFO[0m [orderer.consensus.smartbft.consensus] [34;1mprocessProposal[0m -> Processed proposal with seq 57 channel=mychannel
[34m2026-10-08 04:38:11.124 UTC 05ce INFO[0m [orderer.consensus.smartbft.consensus] [34;1mprocessPrepares[0m -> 2 collected 2 prepares from [3 1] channel=mychannel
[34m2026-10-08 04:38:11.125 UTC 05cf INFO[0m [orderer.consensus.smartbft.consensus] [34;1mprocessPrepares[0m -> Processed prepares for proposal with seq 57 channel=mychannel
[34m2026-10-08 04:38:11.126 UTC 05d0 INFO[0m [orderer.consensus.smartbft.consensus] [34;1mprocessCommits[0m -> 2 collected 2 commits from [1 4] channel=mychannel
[34m2026-10-08 04:38:11.127 UTC 05d1 INFO[0m [orderer.consensus.smartbft.consensus] [34;1mprepared[0m -> 2 processed commits for proposal with seq 57 channel=mychannel
[34m2026-10-08 04:38:11.127 UTC 05d2 INFO[0m [orderer.consensus.smartbft.consensus] [34;1mdecide[0m -> Deciding on seq 57 channel=mychannel
[34m2026-10-08 04:38:11.127 UTC 05d3 INFO[0m [orderer.consensus.smartbft.consensus] [34;1mstartNextSeq[0m -> Sequence: 57-->58 channel=mychannel
[34m2026-10-08 04:38:11.127 UTC 05d4 INFO[0m [orderer.consensus.smartbft.chain] [34;1mDeliver[0m -> Delivering proposal, writing block 57 with 1 transactions and metadata of total size 332 with signatures from [1 4 2] to the ledger, node id 2 channel=mychannel
[34m2026-10-08 04:38:11.127 UTC 05d5 INFO[0m [orderer.consensus.smartbft.consensus] [34;1mdeleteRequest[0m -> Removed request {3398023f639b7324f2bb22227a3b44d70880f0b82584d172d19828b28ae143e6 d950d9a1db799b29246323fe0c39b30550cc40194c40ff11d5a6256610a7d731} from request pool channel=mychannel
[34m2026-10-08 04:38:11.135 UTC 05d6 INFO[0m [grpc] [34;1mInfof[0m -> [transport] [server-transport 0xc000344340] Closing: EOF
[34m2026-10-08 04:38:11.135 UTC 05d7 INFO[0m [grpc] [34;1mInfof[0m -> [transport] [server-transport 0xc000344340] loopyWriter exiting with error: transport closed by client
[33m2026-10-08 04:38:11.135 UTC 05d8 WARN[0m [orderer.common.broadcast] [33;1mHandle[0m -> Error reading from 172.18.0.1:33610: rpc error: code = Canceled desc = context canceled
[34m2026-10-08 04:38:11.135 UTC 05d9 INFO[0m [comm.grpc.server] [34;1m1[0m -> streaming call completed grpc.service=orderer.AtomicBroadcast grpc.method=Broadcast grpc.peer_address=172.18.0.1:33610 error="rpc error: code = Canceled desc = context canceled" grpc.code=Canceled grpc.call_duration=2.055249897s
[34m2026-10-08 04:38:13.202 UTC 05da INFO[0m [orderer.consensus.smartbft.consensus] [34;1mOnRequestTimeout[0m -> Request {3398023f639b7324f2bb22227a3b44d70880f0b82584d172d19828b28ae143e6 0601f520cfc26b05b593f4bccf5899b8e0b7bbc2420cf7cd03014cd2290713f3} timeout expired, forwarding request to leader: 3 channel=mychannel
[34m2026-10-08 04:38:13.242 UTC 05db INFO[0m [orderer.consensus.smartbft.consensus] [34;1mprocessProposal[0m -> Processed proposal with seq 58 channel=mychannel
[34m2026-10-08 04:38:13.242 UTC 05dc INFO[0m [orderer.consensus.smartbft.consensus] [34;1mprocessPrepares[0m -> 2 collected 2 prepares from [3 1] channel=mychannel
[34m2026-10-08 04:38:13.243 UTC 05dd INFO[0m [orderer.consensus.smartbft.consensus] [34;1mprocessPrepares[0m -> Processed prepares for proposal with seq 58 channel=mychannel
[34m2026-10-08 04:38:13.243 UTC 05de INFO[0m [orderer.consensus.smartbft.consensus] [34;1mprocessCommits[0m -> 2 collected 2 commits from [1 4] channel=mychannel
[34m2026-10-08 04:38:13.244 UTC 05df INFO[0m [orderer.consensus.smartbft.consensus] [34;1mprepared[0m -> 2 processed commits for proposal with seq 58 channel=mychannel
[34m2026-10-08 04:38:13.244 UTC 05e0 INFO[0m [orderer.consensus.smartbft.consensus] [34;1mdecide[0m -> Deciding on seq 58 channel=mychannel
[34m2026-10-08 04:38:13.244 UTC 05e1 INFO[0m [orderer.consensus.smartbft.consensus] [34;1mstartNextSeq[0m -> Sequence: 58-->59 channel=mychannel
[34m2026-10-08 04:38:13.244 UTC 05e2 INFO[0m [orderer.consensus.smartbft.chain] [34;1mDeliver[0m -> Delivering proposal, writing block 58 with 1 transactions and metadata of total size 332 with signatures from [1 4 2] to the ledger, node id 2 channel=mychannel
[34m2026-10-08 04:38:13.244 UTC 05e3 INFO[0m [orderer.consensus.smartbft.consensus] [34;1mdeleteRequest[0m -> Removed request {3398023f639b7324f2bb22227a3b44d70880f0b82584d172d19828b28ae143e6 0601f520cfc26b05b593f4bccf5899b8e0b7bbc2420cf7cd03014cd2290713f3} from request pool channel=mychannel
[34m2026-10-08 04:38:13.253 UTC 05e4 INFO[0m [grpc] [34;1mInfof[0m -> [transport] [server-transport 0xc0005629c0] Closing: EOF
[34m2026-10-08 04:38:13.254 UTC 05e5 INFO[0m [grpc] [34;1mInfof[0m -> [transport] [server-transport 0xc0005629c0] loopyWriter exiting with error: transport closed by client
[33m2026-10-08 04:38:13.254 UTC 05e6 WARN[0m [orderer.common.broadcast] [33;1mHandle[0m -> Error reading from 172.18.0.1:46546: rpc error: code = Canceled desc = context canceled
[34m2026-10-08 04:38:13.254 UTC 05e7 INFO[0m [comm.grpc.server] [34;1m1[0m -> streaming call completed grpc.service=orderer.AtomicBroadcast grpc.method=Broadcast grpc.peer_address=172.18.0.1:46546 error="rpc error: code = Canceled desc = context canceled" grpc.code=Canceled grpc.call_duration=2.059876138s
[34m2026-10-08 04:38:15.322 UTC 05e8 INFO[0m [orderer.consensus.smartbft.consensus] [34;1mOnRequestTimeout[0m -> Request {3398023f639b7324f2bb22227a3b44d70880f0b82584d172d19828b28ae143e6 8d39343f0bab8eba87754f83dd0da3d47c6161985ffd5cad98d2631dd3bdcaae} timeout expired, forwarding request to leader: 3 channel=mychannel
[34m2026-10-08 04:38:15.361 UTC 05e9 INFO[0m [orderer.consensus.smartbft.consensus] [34;1mprocessProposal[0m -> Processed proposal with seq 59 channel=mychannel
[34m2026-10-08 04:38:15.362 UTC 05ea INFO[0m [orderer.consensus.smartbft.consensus] [34;1mprocessPrepares[0m -> 2 collected 2 prepares from [3 4] channel=mychannel
[34m2026-10-08 04:38:15.362 UTC 05eb INFO[0m [orderer.consensus.smartbft.consensus] [34;1mprocessPrepares[0m -> Processed prepares for proposal with seq 59 channel=mychannel
[34m2026-10-08 04:38:15.364 UTC 05ec INFO[0m [orderer.consensus.smartbft.consensus] [34;1mprocessCommits[0m -> 2 collected 2 commits from [1 3] channel=mychannel
[34m2026-10-08 04:38:15.364 UTC 05ed INFO[0m [orderer.consensus.smartbft.consensus] [34;1mprepared[0m -> 2 processed commits for proposal with seq 59 channel=mychannel
[34m2026-10-08 04:38:15.364 UTC 05ee INFO[0m [orderer.consensus.smartbft.consensus] [34;1mdecide[0m -> Deciding on seq 59 channel=mychannel
[34m2026-10-08 04:38:15.364 UTC 05ef INFO[0m [orderer.consensus.smartbft.consensus] [34;1mstartNextSeq[0m -> Sequence: 59-->60 channel=mychannel
[34m2026-10-08 04:38:15.364 UTC 05f0 INFO[0m [orderer.consensus.smartbft.chain] [34;1mDeliver[0m -> Delivering proposal, writing block 59 with 1 transactions and metadata of total size 331 with signatures from [1 3 2] to the ledger, node id 2 channel=mychannel
[34m2026-10-08 04:38:15.364 UTC 05f1 INFO[0m [orderer.consensus.smartbft.consensus] [34;1mdeleteRequest[0m -> Removed request {3398023f639b7324f2bb22227a3b44d70880f0b82584d172d19828b28ae143e6 8d39343f0bab8eba87754f83dd0da3d47c6161985ffd5cad98d2631dd3bdcaae} from request pool channel=mychannel
[34m2026-10-08 04:38:15.374 UTC 05f2 INFO[0m [grpc] [34;1mInfof[0m -> [transport] [server-transport 0xc000344680] Closing: EOF
[33m2026-10-08 04:38:15.374 UTC 05f3 WARN[0m [orderer.common.broadcast] [33;1mHandle[0m -> Error reading from 172.18.0.1:46552: rpc error: code = Canceled desc = context canceled
[34m2026-10-08 04:38:15.374 UTC 05f4 INFO[0m [comm.grpc.server] [34;1m1[0m -> streaming call completed grpc.service=orderer.AtomicBroadcast grpc.method=Broadcast grpc.peer_address=172.18.0.1:46552 error="rpc error: code = Canceled desc = context canceled" grpc.code=Canceled grpc.call_duration=2.060152346s
[34m2026-10-08 04:38:15.374 UTC 05f5 INFO[0m [grpc] [34;1mInfof[0m -> [transport] [server-transport 0xc000344680] loopyWriter exiting with error: transport closed by client
[34m2026-10-08 04:38:17.442 UTC 05f6 INFO[0m [orderer.consensus.smartbft.consensus] [34;1mOnRequestTimeout[0m -> Request {3398023f639b7324f2bb22227a3b44d70880f0b82584d172d19828b28ae143e6 adde4e6dd95b3f2a9741f6a081cde2cdd134bc5c01481c4a51281a4b1608fe0d} timeout expired, forwarding request to leader: 3 channel=mychannel
[34m2026-10-08 04:38:17.478 UTC 05f7 INFO[0m [orderer.consensus.smartbft.consensus] [34;1mprocessProposal[0m -> Processed proposal with seq 60 channel=mychannel
[34m2026-10-08 04:38:17.479 UTC 05f8 INFO[0m [orderer.consensus.smartbft.consensus] [34;1mprocessPrepares[0m -> 2 collected 2 prepares from [3 4] channel=mychannel
[34m2026-10-08 04:38:17.480 UTC 05f9 INFO[0m [orderer.consensus.smartbft.consensus] [34;1mprocessPrepares[0m -> Processed prepares for proposal with seq 60 channel=mychannel
[34m2026-10-08 04:38:17.482 UTC 05fa INFO[0m [orderer.consensus.smartbft.consensus] [34;1mprocessCommits[0m -> 2 collected 2 commits from [4 3] channel=mychannel
[34m2026-10-08 04:38:17.482 UTC 05fb INFO[0m [orderer.consensus.smartbft.consensus] [34;1mprepared[0m -> 2 processed commits for proposal with seq 60 channel=mychannel
[34m2026-10-08 04:38:17.482 UTC 05fc INFO[0m [orderer.consensus.smartbft.consensus] [34;1mdecide[0m -> Deciding on seq 60 channel=mychannel
[34m2026-10-08 04:38:17.482 UTC 05fd INFO[0m [orderer.consensus.smartbft.consensus] [34;1mstartNextSeq[0m -> Sequence: 60-->61 channel=mychannel
[34m2026-10-08 04:38:17.482 UTC 05fe INFO[0m [orderer.consensus.smartbft.chain] [34;1mDeliver[0m -> Delivering proposal, writing block 60 with 1 transactions and metadata of total size 331 with signatures from [4 3 2] to the ledger, node id 2 channel=mychannel
[34m2026-10-08 04:38:17.482 UTC 05ff INFO[0m [orderer.consensus.smartbft.consensus] [34;1mdeleteRequest[0m -> Removed request {3398023f639b7324f2bb22227a3b44d70880f0b82584d172d19828b28ae143e6 adde4e6dd95b3f2a9741f6a081cde2cdd134bc5c01481c4a51281a4b1608fe0d} from request pool channel=mychannel
[34m2026-10-08 04:38:17.492 UTC 0600 INFO[0m [grpc] [34;1mInfof[0m -> [transport] [server-transport 0xc000344340] Closing: EOF
[34m2026-10-08 04:38:17.492 UTC 0601 INFO[0m [grpc] [34;1mInfof[0m -> [transport] [server-transport 0xc000344340] loopyWriter exiting with error: transport closed by client
[33m2026-10-08 04:38:17.492 UTC 0602 WARN[0m [orderer.common.broadcast] [33;1mHandle[0m -> Error reading from 172.18.0.1:46566: rpc error: code = Canceled desc = context canceled
[34m2026-10-08 04:38:17.492 UTC 0603 INFO[0m [comm.grpc.server] [34;1m1[0m -> streaming call completed grpc.service=orderer.AtomicBroadcast grpc.method=Broadcast grpc.peer_address=172.18.0.1:46566 error="rpc error: code = Canceled desc = context canceled" grpc.code=Canceled grpc.call_duration=2.060227417s
[34m2026-10-08 04:38:19.558 UTC 0604 INFO[0m [orderer.consensus.smartbft.consensus] [34;1mOnRequestTimeout[0m -> Request {3398023f639b7324f2bb22227a3b44d70880f0b82584d172d19828b28ae143e6 d298c08547ea5313c0d67b94e1eb3fb35ca8ec723f84fb3017fec23612631a27} timeout expired, forwarding request to leader: 3 channel=mychannel
[34m2026-10-08 04:38:19.592 UTC 0605 INFO[0m [orderer.consensus.smartbft.consensus] [34;1mprocessProposal[0m -> Processed proposal with seq 61 channel=mychannel
[34m2026-10-08 04:38:19.592 UTC 0606 INFO[0m [orderer.consensus.smartbft.consensus] [34;1mprocessPrepares[0m -> 2 collected 2 prepares from [3 1] channel=mychannel
[34m2026-10-08 04:38:19.593 UTC 0607 INFO[0m [orderer.consensus.smartbft.consensus] [34;1mprocessPrepares[0m -> Processed prepares for proposal with seq 61 channel=mychannel
[34m2026-10-08 04:38:19.594 UTC 0608 INFO[0m [orderer.consensus.smartbft.consensus] [34;1mprocessCommits[0m -> 2 collected 2 commits from [1 4] channel=mychannel
[34m2026-10-08 04:38:19.595 UTC 0609 INFO[0m [orderer.consensus.smartbft.consensus] [34;1mprepared[0m -> 2 processed commits for proposal with seq 61 channel=mychannel
[34m2026-10-08 04:38:19.595 UTC 060a INFO[0m [orderer.consensus.smartbft.consensus] [34;1mdecide[0m -> Deciding on seq 61 channel=mychannel
[34m2026-10-08 04:38:19.596 UTC 060b INFO[0m [orderer.consensus.smartbft.consensus] [34;1mstartNextSeq[0m -> Sequence: 61-->62 channel=mychannel
[34m2026-10-08 04:38:19.596 UTC 060c INFO[0m [orderer.consensus.smartbft.chain] [34;1mDeliver[0m -> Delivering proposal, writing block 61 with 1 transactions and metadata of total size 333 with signatures from [1 4 2] to the ledger, node id 2 channel=mychannel
[34m2026-10-08 04:38:19.596 UTC 060d INFO[0m [orderer.consensus.smartbft.consensus] [34;1mdeleteRequest[0m -> Removed request {3398023f639b7324f2bb22227a3b44d70880f0b82584d172d19828b28ae143e6 d298c08547ea5313c0d67b94e1eb3fb35ca8ec723f84fb3017fec23612631a27} from request pool channel=mychannel
[34m2026-10-08 04:38:19.604 UTC 060e INFO[0m [grpc] [34;1mInfof[0m -> [transport] [server-transport 0xc000344820] Closing: EOF
[34m2026-10-08 04:38:19.605 UTC 060f INFO[0m [grpc] [34;1mInfof[0m -> [transport] [server-transport 0xc000344820] loopyWriter exiting with error: transport closed by client
[33m2026-10-08 04:38:19.605 UTC 0610 WARN[0m [orderer.common.broadcast] [33;1mHandle[0m -> Error reading from 172.18.0.1:46572: rpc error: code = Canceled desc = context canceled
[34m2026-10-08 04:38:19.605 UTC 0611 INFO[0m [comm.grpc.server] [34;1m1[0m -> streaming call completed grpc.service=orderer.AtomicBroadcast grpc.method=Broadcast grpc.peer_address=172.18.0.1:46572 error="rpc error: code = Canceled desc = context canceled" grpc.code=Canceled grpc.call_duration=2.05446652s
[34m2026-10-08 04:38:21.674 UTC 0612 INFO[0m [orderer.consensus.smartbft.consensus] [34;1mOnRequestTimeout[0m -> Request {3398023f639b7324f2bb22227a3b44d70880f0b82584d172d19828b28ae143e6 883265636296423f5c79f41a1263d8299e54a6bac67dcefea02d0933e32b1ff5} timeout expired, forwarding request to leader: 3 channel=mychannel
[34m2026-10-08 04:38:21.706 UTC 0613 INFO[0m [orderer.consensus.smartbft.consensus] [34;1mprocessProposal[0m -> Processed proposal with seq 62 channel=mychannel
[34m2026-10-08 04:38:21.707 UTC 0614 INFO[0m [orderer.consensus.smartbft.consensus] [34;1mprocessPrepares[0m -> 2 collected 2 prepares from [3 4] channel=mychannel
[34m2026-10-08 04:38:21.707 UTC 0615 INFO[0m [orderer.consensus.smartbft.consensus] [34;1mprocessPrepares[0m -> Processed prepares for proposal with seq 62 channel=mychannel
[34m2026-10-08 04:38:21.711 UTC 0616 INFO[0m [orderer.consensus.smartbft.consensus] [34;1mprocessCommits[0m -> 2 collected 2 commits from [4 3] channel=mychannel
[34m2026-10-08 04:38:21.711 UTC 0617 INFO[0m [orderer.consensus.smartbft.consensus] [34;1mprepared[0m -> 2 processed commits for proposal with seq 62 channel=mychannel
[34m2026-10-08 04:38:21.711 UTC 0618 INFO[0m [orderer.consensus.smartbft.consensus] [34;1mdecide[0m -> Deciding on seq 62 channel=mychannel
[34m2026-10-08 04:38:21.711 UTC 0619 INFO[0m [orderer.consensus.smartbft.consensus] [34;1mstartNextSeq[0m -> Sequence: 62-->63 channel=mychannel
[34m2026-10-08 04:38:21.711 UTC 061a INFO[0m [orderer.consensus.smartbft.chain] [34;1mDeliver[0m -> Delivering proposal, writing block 62 with 1 transactions and metadata of total size 330 with signatures from [4 3 2] to the ledger, node id 2 channel=mychannel
[34m2026-10-08 04:38:21.711 UTC 061b INFO[0m [orderer.consensus.smartbft.consensus] [34;1mdeleteRequest[0m -> Removed request {3398023f639b7324f2bb22227a3b44d70880f0b82584d172d19828b28ae143e6 883265636296423f5c79f41a1263d8299e54a6bac67dcefea02d0933e32b1ff5} from request pool channel=mychannel
[34m2026-10-08 04:38:21.720 UTC 061c INFO[0m [grpc] [34;1mInfof[0m -> [transport] [server-transport 0xc0005629c0] Closing: EOF
[33m2026-10-08 04:38:21.720 UTC 061d WARN[0m [orderer.common.broadcast] [33;1mHandle[0m -> Error reading from 172.18.0.1:46584: rpc error: code = Canceled desc = context canceled
[34m2026-10-08 04:38:21.720 UTC 061f INFO[0m [comm.grpc.server] [34;1m1[0m -> streaming call completed grpc.service=orderer.AtomicBroadcast grpc.method=Broadcast grpc.peer_address=172.18.0.1:46584 error="rpc error: code = Canceled desc = context canceled" grpc.code=Canceled grpc.call_duration=2.054102974s
[34m2026-10-08 04:38:21.720 UTC 061e INFO[0m [grpc] [34;1mInfof[0m -> [transport] [server-transport 0xc0005629c0] loopyWriter exiting with error: transport closed by client
[34m2026-10-08 04:38:23.788 UTC 0620 INFO[0m [orderer.consensus.smartbft.consensus] [34;1mOnRequestTimeout[0m -> Request {3398023f639b7324f2bb22227a3b44d70880f0b82584d172d19828b28ae143e6 55a9643a01459bffb3ccd3660b69278c9d7a1e715978ecd62dc9853218ea3a4e} timeout expired, forwarding request to leader: 3 channel=mychannel
[34m2026-10-08 04:38:23.824 UTC 0621 INFO[0m [orderer.consensus.smartbft.consensus] [34;1mprocessProposal[0m -> Processed proposal with seq 63 channel=mychannel
[34m2026-10-08 04:38:23.825 UTC 0622 INFO[0m [orderer.consensus.smartbft.consensus] [34;1mprocessPrepares[0m -> 2 collected 2 prepares from [3 1] channel=mychannel
[34m2026-10-08 04:38:23.825 UTC 0623 INFO[0m [orderer.consensus.smartbft.consensus] [34;1mprocessPrepares[0m -> Processed prepares for proposal with seq 63 channel=mychannel
[34m2026-10-08 04:38:23.827 UTC 0624 INFO[0m [orderer.consensus.smartbft.consensus] [34;1mprocessCommits[0m -> 2 collected 2 commits from [4 3] channel=mychannel
[34m2026-10-08 04:38:23.827 UTC 0625 INFO[0m [orderer.consensus.smartbft.consensus] [34;1mprepared[0m -> 2 processed commits for proposal with seq 63 channel=mychannel
[34m2026-10-08 04:38:23.827 UTC 0626 INFO[0m [orderer.consensus.smartbft.consensus] [34;1mdecide[0m -> Deciding on seq 63 channel=mychannel
[34m2026-10-08 04:38:23.827 UTC 0627 INFO[0m [orderer.consensus.smartbft.consensus] [34;1mstartNextSeq[0m -> Sequence: 63-->64 channel=mychannel
[34m2026-10-08 04:38:23.827 UTC 0628 INFO[0m [orderer.consensus.smartbft.chain] [34;1mDeliver[0m -> Delivering proposal, writing block 63 with 1 transactions and metadata of total size 331 with signatures from [4 3 2] to the ledger, node id 2 channel=mychannel
[34m2026-10-08 04:38:23.827 UTC 0629 INFO[0m [orderer.consensus.smartbft.consensus] [34;1mdeleteRequest[0m -> Removed request {3398023f639b7324f2bb22227a3b44d70880f0b82584d172d19828b28ae143e6 55a9643a01459bffb3ccd3660b69278c9d7a1e715978ecd62dc9853218ea3a4e} from request pool channel=mychannel
[34m2026-10-08 04:38:23.838 UTC 062a INFO[0m [grpc] [34;1mInfof[0m -> [transport] [server-transport 0xc000562b60] Closing: EOF
[34m2026-10-08 04:38:23.838 UTC 062b INFO[0m [grpc] [34;1mInfof[0m -> [transport] [server-transport 0xc000562b60] loopyWriter exiting with error: transport closed by client
[33m2026-10-08 04:38:23.838 UTC 062c WARN[0m [orderer.common.broadcast] [33;1mHandle[0m -> Error reading from 172.18.0.1:36586: rpc error: code = Canceled desc = context canceled
[34m2026-10-08 04:38:23.838 UTC 062d INFO[0m [comm.grpc.server] [34;1m1[0m -> streaming call completed grpc.service=orderer.AtomicBroadcast grpc.method=Broadcast grpc.peer_address=172.18.0.1:36586 error="rpc error: code = Canceled desc = context canceled" grpc.code=Canceled grpc.call_duration=2.059622067s
[34m2026-10-08 04:38:25.906 UTC 062e INFO[0m [orderer.consensus.smartbft.consensus] [34;1mOnRequestTimeout[0m -> Request {3398023f639b7324f2bb22227a3b44d70880f0b82584d172d19828b28ae143e6 3cf281587af2948a277de061a564030f466743c3d61625a42eb7bd3043c1afdd} timeout expired, forwarding request to leader: 3 channel=mychannel
[34m2026-10-08 04:38:25.941 UTC 062f INFO[0m [orderer.consensus.smartbft.consensus] [34;1mprocessProposal[0m -> Processed proposal with seq 64 channel=mychannel
[34m2026-10-08 04:38:25.942 UTC 0630 INFO[0m [orderer.consensus.smartbft.consensus] [34;1mprocessPrepares[0m -> 2 collected 2 prepares from [3 1] channel=mychannel
[34m2026-10-08 04:38:25.942 UTC 0631 INFO[0m [orderer.consensus.smartbft.consensus] [34;1mprocessPrepares[0m -> Processed prepares for proposal with seq 64 channel=mychannel
[34m2026-10-08 04:38:25.945 UTC 0632 INFO[0m [orderer.consensus.smartbft.consensus] [34;1mprocessCommits[0m -> 2 collected 2 commits from [1 3] channel=mychannel
[34m2026-10-08 04:38:25.945 UTC 0633 INFO[0m [orderer.consensus.smartbft.consensus] [34;1mprepared[0m -> 2 processed commits for proposal with seq 64 channel=mychannel
[34m2026-10-08 04:38:25.945 UTC 0634 INFO[0m [orderer.consensus.smartbft.consensus] [34;1mdecide[0m -> Deciding on seq 64 channel=mychannel
[34m2026-10-08 04:38:25.945 UTC 0635 INFO[0m [orderer.consensus.smartbft.consensus] [34;1mstartNextSeq[0m -> Sequence: 64-->65 channel=mychannel
[34m2026-10-08 04:38:25.946 UTC 0636 INFO[0m [orderer.consensus.smartbft.chain] [34;1mDeliver[0m -> Delivering proposal, writing block 64 with 1 transactions and metadata of total size 331 with signatures from [1 3 2] to the ledger, node id 2 channel=mychannel
[34m2026-10-08 04:38:25.946 UTC 0637 INFO[0m [orderer.consensus.smartbft.consensus] [34;1mdeleteRequest[0m -> Removed request {3398023f639b7324f2bb22227a3b44d70880f0b82584d172d19828b28ae143e6 3cf281587af2948a277de061a564030f466743c3d61625a42eb7bd3043c1afdd} from request pool channel=mychannel
[34m2026-10-08 04:38:25.955 UTC 0638 INFO[0m [grpc] [34;1mInfof[0m -> [transport] [server-transport 0xc000562d00] Closing: EOF
[33m2026-10-08 04:38:25.955 UTC 0639 WARN[0m [orderer.common.broadcast] [33;1mHandle[0m -> Error reading from 172.18.0.1:36592: rpc error: code = Canceled desc = context canceled
[34m2026-10-08 04:38:25.955 UTC 063a INFO[0m [comm.grpc.server] [34;1m1[0m -> streaming call completed grpc.service=orderer.AtomicBroadcast grpc.method=Broadcast grpc.peer_address=172.18.0.1:36592 error="rpc error: code = Canceled desc = context canceled" grpc.code=Canceled grpc.call_duration=2.057247124s
[34m2026-10-08 04:38:25.955 UTC 063b INFO[0m [grpc] [34;1mInfof[0m -> [transport] [server-transport 0xc000562d00] loopyWriter exiting with error: transport closed by client
