          "Attributes": null,
          "BalancerAttributes": null,
          "Metadata": null
        }
      ],
      "Attributes": null
    }
  ],
  "ServiceConfig": null,
  "Attributes": null
}
[34m2026-10-08 04:36:50.177 UTC 003e INFO[0m [grpc] [34;1mAddTraceEvent[0m -> [core] [Channel #6 SubChannel #7]Subchannel created
[34m2026-10-08 04:36:50.177 UTC 003f INFO[0m [grpc] [34;1mAddTraceEvent[0m -> [core] [Channel #6]Channel Connectivity change to CONNECTING
[34m2026-10-08 04:36:50.177 UTC 0040 INFO[0m [grpc] [34;1mAddTraceEvent[0m -> [core] [Channel #6]Channel exiting idle mode
[34m2026-10-08 04:36:50.177 UTC 0041 INFO[0m [orderer.common.cluster] [34;1mupdateStubInMapping[0m -> Allocating a new stub for node 4 with endpoint orderer4.example.com:7058 for channel mychannel
[34m2026-10-08 04:36:50.177 UTC 0042 INFO[0m [grpc] [34;1mInfof[0m -> [core] original dial target is: "orderer4.example.com:7058"
[34m2026-10-08 04:36:50.177 UTC 0043 INFO[0m [grpc] [34;1mAddTraceEvent[0m -> [core] [Channel #8]Channel created
[34m2026-10-08 04:36:50.177 UTC 0044 INFO[0m [grpc] [34;1mAddTraceEvent[0m -> [core] [Channel #8]parsed dial target is: resolver.Target{URL:url.URL{Scheme:"passthrough", Opaque:"", User:(*url.Userinfo)(nil), Host:"", Path:"/orderer4.example.com:7058", RawPath:"", OmitHost:false, ForceQuery:false, RawQuery:"", Fragment:"", RawFragment:""}}
[34m2026-10-08 04:36:50.177 UTC 0045 INFO[0m [grpc] [34;1mAddTraceEvent[0m -> [core] [Channel #8]Channel authority set to "orderer4.example.com:7058"
[34m2026-10-08 04:36:50.175 UTC 002e INFO[0m [grpc] [34;1mInfof[0m -> [pick-first-lb] [pick-first-lb 0xc0007997a0] Received SubConn state update: 0xc0007998f0, {ConnectivityState:CONNECTING ConnectionError:<nil> connectedAddress:{Addr: ServerName: Attributes:<nil> BalancerAttributes:<nil> Metadata:<nil>}}
[34m2026-10-08 04:36:50.177 UTC 0046 INFO[0m [grpc] [34;1mInfof[0m -> [pick-first-lb] [pick-first-lb 0xc000894180] Received SubConn state update: 0xc0008942a0, {ConnectivityState:CONNECTING ConnectionError:<nil> connectedAddress:{Addr: ServerName: Attributes:<nil> BalancerAttributes:<nil> Metadata:<nil>}}
[34m2026-10-08 04:36:50.178 UTC 0047 INFO[0m [grpc] [34;1mAddTraceEvent[0m -> [core] [Channel #6 SubChannel #7]Subchannel Connectivity change to CONNECTING
[34m2026-10-08 04:36:50.178 UTC 0048 INFO[0m [grpc] [34;1mAddTraceEvent[0m -> [core] [Channel #6 SubChannel #7]Subchannel picks a new address "orderer3.example.com:7056" to connect
[34m2026-10-08 04:36:50.178 UTC 0049 INFO[0m [grpc] [34;1mInfof[0m -> [pick-first-lb] [pick-first-lb 0xc000895590] Received SubConn state update: 0xc0008956b0, {ConnectivityState:CONNECTING ConnectionError:<nil> connectedAddress:{Addr: ServerName: Attributes:<nil> BalancerAttributes:<nil> Metadata:<nil>}}
[34m2026-10-08 04:36:50.178 UTC 004a INFO[0m [grpc] [34;1mAddTraceEvent[0m -> [core] [Channel #8]Resolver state updated: {
  "Addresses": [
    {
      "Addr": "orderer4.example.com:7058",
      "ServerName": "",
      "Attributes": null,
      "BalancerAttributes": null,
      "Metadata": null
    }
  ],
  "Endpoints": [
    {
      "Addresses": [
        {
          "Addr": "orderer4.example.com:7058",
          "ServerName": "",
          "Attributes": null,
          "BalancerAttributes": null,
          "Metadata": null
        }
      ],
      "Attributes": null
    }
  ],
  "ServiceConfig": null,
  "Attributes": null
} (resolver returned new addresses)
[34m2026-10-08 04:36:50.178 UTC 004b INFO[0m [grpc] [34;1mAddTraceEvent[0m -> [core] [Channel #8]Channel switches to new LB policy "pick_first"
[34m2026-10-08 04:36:50.178 UTC 004c INFO[0m [grpc] [34;1mInfof[0m -> [pick-first-lb] [pick-first-lb 0xc000806720] Received new config {
  "shuffleAddressList": false
}, resolver state {
  "Addresses": [
    {
      "Addr": "orderer4.example.com:7058",
      "ServerName": "",
      "Attributes": null,
      "BalancerAttributes": null,
      "Metadata": null
    }
  ],
  "Endpoints": [
    {
      "Addresses": [
        {
          "Addr": "orderer4.example.com:7058",
          "ServerName": "",
          "Attributes": null,
          "BalancerAttributes": null,
          "Metadata": null
        }
      ],
      "Attributes": null
    }
  ],
  "ServiceConfig": null,
  "Attributes": null
}
[34m2026-10-08 04:36:50.178 UTC 004d INFO[0m [grpc] [34;1mAddTraceEvent[0m -> [core] [Channel #8 SubChannel #9]Subchannel created
[34m2026-10-08 04:36:50.178 UTC 004e INFO[0m [grpc] [34;1mAddTraceEvent[0m -> [core] [Channel #8]Channel Connectivity change to CONNECTING
[34m2026-10-08 04:36:50.178 UTC 004f INFO[0m [grpc] [34;1mAddTraceEvent[0m -> [core] [Channel #8]Channel exiting idle mode
[34m2026-10-08 04:36:50.178 UTC 0050 INFO[0m [orderer.common.cluster] [34;1mfunc1[0m -> Node with ID 1 exists in new membership of channel mychannel
[34m2026-10-08 04:36:50.178 UTC 0051 INFO[0m [orderer.common.cluster] [34;1mfunc1[0m -> Node with ID 2 exists in new membership of channel mychannel
[34m2026-10-08 04:36:50.179 UTC 0052 INFO[0m [orderer.common.cluster] [34;1mfunc1[0m -> Node with ID 3 exists in new membership of channel mychannel
[34m2026-10-08 04:36:50.179 UTC 0053 INFO[0m [orderer.common.cluster] [34;1mfunc1[0m -> Node with ID 4 exists in new membership of channel mychannel
[34m2026-10-08 04:36:50.179 UTC 0054 INFO[0m [orderer.consensus.smartbft.chain] [34;1mNewChain[0m -> SmartBFT-v3 is now servicing chain channel=mychannel
[34m2026-10-08 04:36:50.179 UTC 0055 INFO[0m [orderer.common.cluster] [34;1mConfigureNodeCerts[0m -> Updating nodes identity, channel: mychannel, nodes: [id:1  host:"orderer.example.com"  port:7050  msp_id:"OrdererMSP"  identity:"-----BEGIN CERTIFICATE-----\nMIICHjCCAcWgAwIBAgIRAORzCz+gYzMo4nnB6mudFbswCgYIKoZIzj0EAwIwaTEL\nMAkGA1UEBhMCVVMxEzARBgNVBAgTCkNhbGlmb3JuaWExFjAUBgNVBAcTDVNhbiBG\ncmFuY2lzY28xFDASBgNVBAoTC2V4YW1wbGUuY29tMRcwFQYDVQQDEw5jYS5leGFt\ncGxlLmNvbTAeFw0yNjEwMDgwNDI3MDBaFw0zNjEwMDUwNDI3MDBaMGoxCzAJBgNV\nBAYTAlVTMRMwEQYDVQQIEwpDYWxpZm9ybmlhMRYwFAYDVQQHEw1TYW4gRnJhbmNp\nc2NvMRAwDgYDVQQLEwdvcmRlcmVyMRwwGgYDVQQDExNvcmRlcmVyLmV4YW1wbGUu\nY29tMFkwEwYHKoZIzj0CAQYIKoZIzj0DAQcDQgAEAtZaq3LsTVyhPKx6/MAvOJY0\nFlaT6CqY22dIQ4do0JSi8Nuq/9kGJl7LmwJXbnrZFeyRWT1NYhtSSiZ7o179IaNN\nMEswDgYDVR0PAQH/BAQDAgeAMAwGA1UdEwEB/wQCMAAwKwYDVR0jBCQwIoAgUkrX\nODGQITwhJs7fvCbjg3+v9C/EY8qHcuTV24i3j/gwCgYIKoZIzj0EAwIDRwAwRAIg\nDGgzX1FH7R8G91ZhpAXKUKrj93dnaIvNjkI6I/esFV4CIDWIydxasEeqkyIIbReE\n559XIMkm3Y/94hbgm25H6vBF\n-----END CERTIFICATE-----\n"  client_tls_cert:"-----BEGIN CERTIFICATE-----\nMIICYzCCAgqgAwIBAgIQbU0z0MPI0/btYlgrm9LUQTAKBggqhkjOPQQDAjBsMQsw\nCQYDVQQGEwJVUzETMBEGA1UECBMKQ2FsaWZvcm5pYTEWMBQGA1UEBxMNU2FuIEZy\nYW5jaXNjbzEUMBIGA1UEChMLZXhhbXBsZS5jb20xGjAYBgNVBAMTEXRsc2NhLmV4\nYW1wbGUuY29tMB4XDTI2MTAwODA0MjcwMFoXDTM2MTAwNTA0MjcwMFowWDELMAkG\nA1UEBhMCVVMxEzARBgNVBAgTCkNhbGlmb3JuaWExFjAUBgNVBAcTDVNhbiBGcmFu\nY2lzY28xHDAaBgNVBAMTE29yZGVyZXIuZXhhbXBsZS5jb20wWTATBgcqhkjOPQIB\nBggqhkjOPQMBBwNCAASvzwqkdllensNxhji2FP7a1mLMYOSwPXQJATlrBPY2sWJi\nUhbjQC4Vz/+tglOeVUsnvfQVr5y3SmLyXdWmSjy/o4GhMIGeMA4GA1UdDwEB/wQE\nAwIFoDAdBgNVHSUEFjAUBggrBgEFBQcDAQYIKwYBBQUHAwIwDAYDVR0TAQH/BAIw\nADArBgNVHSMEJDAigCAJBoyRH0kcm0SiodXgT27FD5p0fprqIOilS2k7H5R4KjAy\nBgNVHREEKzApghNvcmRlcmVyLmV4YW1wbGUuY29tggdvcmRlcmVygglsb2NhbGhv\nc3QwCgYIKoZIzj0EAwIDRwAwRAIgTiL8I6kgbMrzmHyAL3vhsXk/AAFeOgDa4BqC\npiPcUosCIG76uM2GLUnuk5NPtENN1TR+qjoLNdZef9x+d8wkrvjo\n-----END CERTIFICATE-----\n"  server_tls_cert:"-----BEGIN CERTIFICATE-----\nMIICYzCCAgqgAwIBAgIQbU0z0MPI0/btYlgrm9LUQTAKBggqhkjOPQQDAjBsMQsw\nCQYDVQQGEwJVUzETMBEGA1UECBMKQ2FsaWZvcm5pYTEWMBQGA1UEBxMNU2FuIEZy\nYW5jaXNjbzEUMBIGA1UEChMLZXhhbXBsZS5jb20xGjAYBgNVBAMTEXRsc2NhLmV4\nYW1wbGUuY29tMB4XDTI2MTAwODA0MjcwMFoXDTM2MTAwNTA0MjcwMFowWDELMAkG\nA1UEBhMCVVMxEzARBgNVBAgTCkNhbGlmb3JuaWExFjAUBgNVBAcTDVNhbiBGcmFu\nY2lzY28xHDAaBgNVBAMTE29yZGVyZXIuZXhhbXBsZS5jb20wWTATBgcqhkjOPQIB\nBggqhkjOPQMBBwNCAASvzwqkdllensNxhji2FP7a1mLMYOSwPXQJATlrBPY2sWJi\nUhbjQC4Vz/+tglOeVUsnvfQVr5y3SmLyXdWmSjy/o4GhMIGeMA4GA1UdDwEB/wQE\nAwIFoDAdBgNVHSUEFjAUBggrBgEFBQcDAQYIKwYBBQUHAwIwDAYDVR0TAQH/BAIw\nADArBgNVHSMEJDAigCAJBoyRH0kcm0SiodXgT27FD5p0fprqIOilS2k7H5R4KjAy\nBgNVHREEKzApghNvcmRlcmVyLmV4YW1wbGUuY29tggdvcmRlcmVygglsb2NhbGhv\nc3QwCgYIKoZIzj0EAwIDRwAwRAIgTiL8I6kgbMrzmHyAL3vhsXk/AAFeOgDa4BqC\npiPcUosCIG76uM2GLUnuk5NPtENN1TR+qjoLNdZef9x+d8wkrvjo\n-----END CERTIFICATE-----\n" id:2  host:"orderer2.example.com"  port:7052  msp_id:"OrdererMSP"  identity:"-----BEGIN CERTIFICATE-----\nMIICHzCCAcagAwIBAgIRAJokSYWnOceU5gwOYGDWGV4wCgYIKoZIzj0EAwIwaTEL\nMAkGA1UEBhMCVVMxEzARBgNVBAgTCkNhbGlmb3JuaWExFjAUBgNVBAcTDVNhbiBG\ncmFuY2lzY28xFDASBgNVBAoTC2V4YW1wbGUuY29tMRcwFQYDVQQDEw5jYS5leGFt\ncGxlLmNvbTAeFw0yNjEwMDgwNDI3MDBaFw0zNjEwMDUwNDI3MDBaMGsxCzAJBgNV\nBAYTAlVTMRMwEQYDVQQIEwpDYWxpZm9ybmlhMRYwFAYDVQQHEw1TYW4gRnJhbmNp\nc2NvMRAwDgYDVQQLEwdvcmRlcmVyMR0wGwYDVQQDExRvcmRlcmVyMi5leGFtcGxl\nLmNvbTBZMBMGByqGSM49AgEGCCqGSM49AwEHA0IABNOEWWE2mY6hg4FQKF7yQ7C1\nLAAZ/F92sR0AcfQQNsceqXKHrD2aIFo3uR42YQS7xgAgUcDj+L51emdUo54/aESj\nTTBLMA4GA1UdDwEB/wQEAwIHgDAMBgNVHRMBAf8EAjAAMCsGA1UdIwQkMCKAIFJK\n1zgxkCE8ISbO37wm44N/r/QvxGPKh3Lk1duIt4/4MAoGCCqGSM49BAMCA0cAMEQC\nIFfMIuryErLfuBuqfziGcBQHkB2HmoYU350q6KAlYBV9AiBQwUXahR/f5RidCWTO\n8AOxU2Ykx5PZXRBfFZz9rXPmsA==\n-----END CERTIFICATE-----\n"  client_tls_cert:"-----BEGIN CERTIFICATE-----\nMIICZzCCAg2gAwIBAgIQY1rJupC9x72YuuwkhyaglTAKBggqhkjOPQQDAjBsMQsw\nCQYDVQQGEwJVUzETMBEGA1UECBMKQ2FsaWZvcm5pYTEWMBQGA1UEBxMNU2FuIEZy\nYW5jaXNjbzEUMBIGA1UEChMLZXhhbXBsZS5jb20xGjAYBgNVBAMTEXRsc2NhLmV4\nYW1wbGUuY29tMB4XDTI2MTAwODA0MjcwMFoXDTM2MTAwNTA0MjcwMFowWTELMAkG\nA1UEBhMCVVMxEzARBgNVBAgTCkNhbGlmb3JuaWExFjAUBgNVBAcTDVNhbiBGcmFu\nY2lzY28xHTAbBgNVBAMTFG9yZGVyZXIyLmV4YW1wbGUuY29tMFkwEwYHKoZIzj0C\nAQYIKoZIzj0DAQcDQgAE6ipYYCdG8ud3EcM5nbHjO2wlQXQkkn/LVYnzNx84CLHS\n3lHNWII0qVWbnFngnaUQs8bIOxbeLDvLROzql79T4aOBozCBoDAOBgNVHQ8BAf8E\nBAMCBaAwHQYDVR0lBBYwFAYIKwYBBQUHAwEGCCsGAQUFBwMCMAwGA1UdEwEB/wQC\nMAAwKwYDVR0jBCQwIoAgCQaMkR9JHJtEoqHV4E9uxQ+adH6a6iDopUtpOx+UeCow\nNAYDVR0RBC0wK4IUb3JkZXJlcjIuZXhhbXBsZS5jb22CCG9yZGVyZXIygglsb2Nh\nbGhvc3QwCgYIKoZIzj0EAwIDSAAwRQIhAJoaKTVpg53MqSAYigRr9+ceV+Ubpcn3\nY6cFAVBWrisSAiBf0R+WVsxbv6Klr/oKqfan1Ejf/9Goq+9hMFdwQC0kEw==\n-----END CERTIFICATE-----\n"  server_tls_cert:"-----BEGIN CERTIFICATE-----\nMIICZzCCAg2gAwIBAgIQY1rJupC9x72YuuwkhyaglTAKBggqhkjOPQQDAjBsMQsw\nCQYDVQQGEwJVUzETMBEGA1UECBMKQ2FsaWZvcm5pYTEWMBQGA1UEBxMNU2FuIEZy\nYW5jaXNjbzEUMBIGA1UEChMLZXhhbXBsZS5jb20xGjAYBgNVBAMTEXRsc2NhLmV4\nYW1wbGUuY29tMB4XDTI2MTAwODA0MjcwMFoXDTM2MTAwNTA0MjcwMFowWTELMAkG\nA1UEBhMCVVMxEzARBgNVBAgTCkNhbGlmb3JuaWExFjAUBgNVBAcTDVNhbiBGcmFu\nY2lzY28xHTAbBgNVBAMTFG9yZGVyZXIyLmV4YW1wbGUuY29tMFkwEwYHKoZIzj0C\nAQYIKoZIzj0DAQcDQgAE6ipYYCdG8ud3EcM5nbHjO2wlQXQkkn/LVYnzNx84CLHS\n3lHNWII0qVWbnFngnaUQs8bIOxbeLDvLROzql79T4aOBozCBoDAOBgNVHQ8BAf8E\nBAMCBaAwHQYDVR0lBBYwFAYIKwYBBQUHAwEGCCsGAQUFBwMCMAwGA1UdEwEB/wQC\nMAAwKwYDVR0jBCQwIoAgCQaMkR9JHJtEoqHV4E9uxQ+adH6a6iDopUtpOx+UeCow\nNAYDVR0RBC0wK4IUb3JkZXJlcjIuZXhhbXBsZS5jb22CCG9yZGVyZXIygglsb2Nh\nbGhvc3QwCgYIKoZIzj0EAwIDSAAwRQIhAJoaKTVpg53MqSAYigRr9+ceV+Ubpcn3\nY6cFAVBWrisSAiBf0R+WVsxbv6Klr/oKqfan1Ejf/9Goq+9hMFdwQC0kEw==\n-----END CERTIFICATE-----\n" id:3  host:"orderer3.example.com"  port:7056  msp_id:"OrdererMSP"  identity:"-----BEGIN CERTIFICATE-----\nMIICHzCCAcWgAwIBAgIQDwsVmcPpbJ9Rd1pcYUygPjAKBggqhkjOPQQDAjBpMQsw\nCQYDVQQGEwJVUzETMBEGA1UECBMKQ2FsaWZvcm5pYTEWMBQGA1UEBxMNU2FuIEZy\nYW5jaXNjbzEUMBIGA1UEChMLZXhhbXBsZS5jb20xFzAVBgNVBAMTDmNhLmV4YW1w\nbGUuY29tMB4XDTI2MTAwODA0MjcwMFoXDTM2MTAwNTA0MjcwMFowazELMAkGA1UE\nBhMCVVMxEzARBgNVBAgTCkNhbGlmb3JuaWExFjAUBgNVBAcTDVNhbiBGcmFuY2lz\nY28xEDAOBgNVBAsTB29yZGVyZXIxHTAbBgNVBAMTFG9yZGVyZXIzLmV4YW1wbGUu\nY29tMFkwEwYHKoZIzj0CAQYIKoZIzj0DAQcDQgAEjRCDKdZe3AxSKonVI/NTgi28\no6i6j1MXnAjdsGguImXqBTCrMEofOvFhGDNEH1ZLxgqM4TU8o7Hhds5XBxTnr6NN\nMEswDgYDVR0PAQH/BAQDAgeAMAwGA1UdEwEB/wQCMAAwKwYDVR0jBCQwIoAgUkrX\nODGQITwhJs7fvCbjg3+v9C/EY8qHcuTV24i3j/gwCgYIKoZIzj0EAwIDSAAwRQIh\nAMMs/23cfCtnZFXcog6Ra7OflG1wcluKmWftJyOiafMvAiBlgtF4zU55FjqC0GdN\n+H6BOf5GwMU52Z/QWhkMddgqPQ==\n-----END CERTIFICATE-----\n"  client_tls_cert:"-----BEGIN CERTIFICATE-----\nMIICZjCCAg2gAwIBAgIQFeE6VTlhGCskBh7f7Xm/KDAKBggqhkjOPQQDAjBsMQsw\nCQYDVQQGEwJVUzETMBEGA1UECBMKQ2FsaWZvcm5pYTEWMBQGA1UEBxMNU2FuIEZy\nYW5jaXNjbzEUMBIGA1UEChMLZXhhbXBsZS5jb20xGjAYBgNVBAMTEXRsc2NhLmV4\nYW1wbGUuY29tMB4XDTI2MTAwODA0MjcwMFoXDTM2MTAwNTA0MjcwMFowWTELMAkG\nA1UEBhMCVVMxEzARBgNVBAgTCkNhbGlmb3JuaWExFjAUBgNVBAcTDVNhbiBGcmFu\nY2lzY28xHTAbBgNVBAMTFG9yZGVyZXIzLmV4YW1wbGUuY29tMFkwEwYHKoZIzj0C\nAQYIKoZIzj0DAQcDQgAE8CxnsgqnvC4/4Bj0fujl/s9PWma22ihGYwyg0B/P9bq+\nneR97LkUum1IgWPThSFdXXHXMq2QwMe0geYnfITrlKOBozCBoDAOBgNVHQ8BAf8E\nBAMCBaAwHQYDVR0lBBYwFAYIKwYBBQUHAwEGCCsGAQUFBwMCMAwGA1UdEwEB/wQC\nMAAwKwYDVR0jBCQwIoAgCQaMkR9JHJtEoqHV4E9uxQ+adH6a6iDopUtpOx+UeCow\nNAYDVR0RBC0wK4IUb3JkZXJlcjMuZXhhbXBsZS5jb22CCG9yZGVyZXIzgglsb2Nh\nbGhvc3QwCgYIKoZIzj0EAwIDRwAwRAIgM7jVm2KIZjqXQQVsBo/3Hgd/9L9QFoRi\nTJHaMLeJgdwCICCypNVVO0m/KXcL4AdBcbAo/ejZLaOUaiZoPto1N/rg\n-----END CERTIFICATE-----\n"  server_tls_cert:"-----BEGIN CERTIFICATE-----\nMIICZjCCAg2gAwIBAgIQFeE6VTlhGCskBh7f7Xm/KDAKBggqhkjOPQQDAjBsMQsw\nCQYDVQQGEwJVUzETMBEGA1UECBMKQ2FsaWZvcm5pYTEWMBQGA1UEBxMNU2FuIEZy\nYW5jaXNjbzEUMBIGA1UEChMLZXhhbXBsZS5jb20xGjAYBgNVBAMTEXRsc2NhLmV4\nYW1wbGUuY29tMB4XDTI2MTAwODA0MjcwMFoXDTM2MTAwNTA0MjcwMFowWTELMAkG\nA1UEBhMCVVMxEzARBgNVBAgTCkNhbGlmb3JuaWExFjAUBgNVBAcTDVNhbiBGcmFu\nY2lzY28xHTAbBgNVBAMTFG9yZGVyZXIzLmV4YW1wbGUuY29tMFkwEwYHKoZIzj0C\nAQYIKoZIzj0DAQcDQgAE8CxnsgqnvC4/4Bj0fujl/s9PWma22ihGYwyg0B/P9bq+\nneR97LkUum1IgWPThSFdXXHXMq2QwMe0geYnfITrlKOBozCBoDAOBgNVHQ8BAf8E\nBAMCBaAwHQYDVR0lBBYwFAYIKwYBBQUHAwEGCCsGAQUFBwMCMAwGA1UdEwEB/wQC\nMAAwKwYDVR0jBCQwIoAgCQaMkR9JHJtEoqHV4E9uxQ+adH6a6iDopUtpOx+UeCow\nNAYDVR0RBC0wK4IUb3JkZXJlcjMuZXhhbXBsZS5jb22CCG9yZGVyZXIzgglsb2Nh\nbGhvc3QwCgYIKoZIzj0EAwIDRwAwRAIgM7jVm2KIZjqXQQVsBo/3Hgd/9L9QFoRi\nTJHaMLeJgdwCICCypNVVO0m/KXcL4AdBcbAo/ejZLaOUaiZoPto1N/rg\n-----END CERTIFICATE-----\n" id:4  host:"orderer4.example.com"  port:7058  msp_id:"OrdererMSP"  identity:"-----BEGIN CERTIFICATE-----\nMIICHzCCAcWgAwIBAgIQCAGqHcDFxbReKdgOkKxYIDAKBggqhkjOPQQDAjBpMQsw\nCQYDVQQGEwJVUzETMBEGA1UECBMKQ2FsaWZvcm5pYTEWMBQGA1UEBxMNU2FuIEZy\nYW5jaXNjbzEUMBIGA1UEChMLZXhhbXBsZS5jb20xFzAVBgNVBAMTDmNhLmV4YW1w\nbGUuY29tMB4XDTI2MTAwODA0MjcwMFoXDTM2MTAwNTA0MjcwMFowazELMAkGA1UE\nBhMCVVMxEzARBgNVBAgTCkNhbGlmb3JuaWExFjAUBgNVBAcTDVNhbiBGcmFuY2lz\nY28xEDAOBgNVBAsTB29yZGVyZXIxHTAbBgNVBAMTFG9yZGVyZXI0LmV4YW1wbGUu\nY29tMFkwEwYHKoZIzj0CAQYIKoZIzj0DAQcDQgAE6pJ+xiSKONQaePWYlgKZR7Ax\nTX/hlBR0S/myObUvCuswmFyMaQgsJ4A6hSDF79PLT8EaQ1Yfl8SnrQEzeJnTgaNN\nMEswDgYDVR0PAQH/BAQDAgeAMAwGA1UdEwEB/wQCMAAwKwYDVR0jBCQwIoAgUkrX\nODGQITwhJs7fvCbjg3+v9C/EY8qHcuTV24i3j/gwCgYIKoZIzj0EAwIDSAAwRQIh\nAMs4TBuucfLGaOqIV4NVr+CFuee1hYFUGHvt/4rS9IrnAiBsU5roOoFXcPUs1v1X\nvLktV9Xo2lZBflqM8N+7XGORJg==\n-----END CERTIFICATE-----\n"  client_tls_cert:"-----BEGIN CERTIFICATE-----\nMIICZzCCAg6gAwIBAgIRANe+9h9SYUxltTxLpETKT9YwCgYIKoZIzj0EAwIwbDEL\nMAkGA1UEBhMCVVMxEzARBgNVBAgTCkNhbGlmb3JuaWExFjAUBgNVBAcTDVNhbiBG\ncmFuY2lzY28xFDASBgNVBAoTC2V4YW1wbGUuY29tMRowGAYDVQQDExF0bHNjYS5l\neGFtcGxlLmNvbTAeFw0yNjEwMDgwNDI3MDBaFw0zNjEwMDUwNDI3MDBaMFkxCzAJ\nBgNVBAYTAlVTMRMwEQYDVQQIEwpDYWxpZm9ybmlhMRYwFAYDVQQHEw1TYW4gRnJh\nbmNpc2NvMR0wGwYDVQQDExRvcmRlcmVyNC5leGFtcGxlLmNvbTBZMBMGByqGSM49\nAgEGCCqGSM49AwEHA0IABH7ZPU57n3v+Uci0JXYzAS9ideCg9reHX++H/QVauhB/\ntFnlXtUTvIgimwTN0JHOcRnLOFhir7Cno84p+OHy0PCjgaMwgaAwDgYDVR0PAQH/\nBAQDAgWgMB0GA1UdJQQWMBQGCCsGAQUFBwMBBggrBgEFBQcDAjAMBgNVHRMBAf8E\nAjAAMCsGA1UdIwQkMCKAIAkGjJEfSRybRKKh1eBPbsUPmnR+muog6KVLaTsflHgq\nMDQGA1UdEQQtMCuCFG9yZGVyZXI0LmV4YW1wbGUuY29tgghvcmRlcmVyNIIJbG9j\nYWxob3N0MAoGCCqGSM49BAMCA0cAMEQCIAD9C0tjIzB48qhUcUztoRUiHopxwt3X\nzUrz9cvILxnnAiA5aZ6bO3KSbLp5eMoFhARVp7VuCWorIz6b4vabI/xBkw==\n-----END CERTIFICATE-----\n"  server_tls_cert:"-----BEGIN CERTIFICATE-----\nMIICZzCCAg6gAwIBAgIRANe+9h9SYUxltTxLpETKT9YwCgYIKoZIzj0EAwIwbDEL\nMAkGA1UEBhMCVVMxEzARBgNVBAgTCkNhbGlmb3JuaWExFjAUBgNVBAcTDVNhbiBG\ncmFuY2lzY28xFDASBgNVBAoTC2V4YW1wbGUuY29tMRowGAYDVQQDExF0bHNjYS5l\neGFtcGxlLmNvbTAeFw0yNjEwMDgwNDI3MDBaFw0zNjEwMDUwNDI3MDBaMFkxCzAJ\nBgNVBAYTAlVTMRMwEQYDVQQIEwpDYWxpZm9ybmlhMRYwFAYDVQQHEw1TYW4gRnJh\nbmNpc2NvMR0wGwYDVQQDExRvcmRlcmVyNC5leGFtcGxlLmNvbTBZMBMGByqGSM49\nAgEGCCqGSM49AwEHA0IABH7ZPU57n3v+Uci0JXYzAS9ideCg9reHX++H/QVauhB/\ntFnlXtUTvIgimwTN0JHOcRnLOFhir7Cno84p+OHy0PCjgaMwgaAwDgYDVR0PAQH/\nBAQDAgWgMB0GA1UdJQQWMBQGCCsGAQUFBwMBBggrBgEFBQcDAjAMBgNVHRMBAf8E\nAjAAMCsGA1UdIwQkMCKAIAkGjJEfSRybRKKh1eBPbsUPmnR+muog6KVLaTsflHgq\nMDQGA1UdEQQtMCuCFG9yZGVyZXI0LmV4YW1wbGUuY29tgghvcmRlcmVyNIIJbG9j\nYWxob3N0MAoGCCqGSM49BAMCA0cAMEQCIAD9C0tjIzB48qhUcUztoRUiHopxwt3X\nzUrz9cvILxnnAiA5aZ6bO3KSbLp5eMoFhARVp7VuCWorIz6b4vabI/xBkw==\n-----END CERTIFICATE-----\n"]
[34m2026-10-08 04:36:50.184 UTC 0056 INFO[0m [orderer.consensus.smartbft.consensus] [34;1mRestore[0m -> WAL contains 2 entries channel=mychannel
[34m2026-10-08 04:36:50.185 UTC 0058 INFO[0m [orderer.consensus.smartbft.consensus] [34;1mrecoverPrepared[0m -> Last proposal with sequence 49 has been safely committed channel=mychannel
[34m2026-10-08 04:36:50.185 UTC 0059 INFO[0m [orderer.consensus.smartbft.consensus] [34;1mChangeRole[0m -> Changing to follower role, current view: 1, current leader: 2 channel=mychannel
[34m2026-10-08 04:36:50.185 UTC 0057 INFO[0m [grpc] [34;1mAddTraceEvent[0m -> [core] [Channel #8 SubChannel #9]Subchannel Connectivity change to CONNECTING
[34m2026-10-08 04:36:50.185 UTC 005a INFO[0m [grpc] [34;1mAddTraceEvent[0m -> [core] [Channel #8 SubChannel #9]Subchannel picks a new address "orderer4.example.com:7058" to connect
[34m2026-10-08 04:36:50.185 UTC 005b INFO[0m [orderer.consensus.smartbft.consensus] [34;1mstartView[0m -> Starting view with number 1, sequence 49, and decisions 28 channel=mychannel
[34m2026-10-08 04:36:50.185 UTC 005c INFO[0m [orderer.common.multichannel] [34;1mstartChannels[0m -> Registrar initializing without a system channel, number of application channels: 1, with 1 consensus.Chain(s) and 0 follower.Chain(s)
[34m2026-10-08 04:36:50.185 UTC 005d INFO[0m [grpc] [34;1mInfof[0m -> [pick-first-lb] [pick-first-lb 0xc000806720] Received SubConn state update: 0xc000806840, {ConnectivityState:CONNECTING ConnectionError:<nil> connectedAddress:{Addr: ServerName: Attributes:<nil> BalancerAttributes:<nil> Metadata:<nil>}}
[34m2026-10-08 04:36:50.186 UTC 005e INFO[0m [orderer.common.server] [34;1mMain[0m -> Starting orderer:
 Version: v3.0.0
 Commit SHA: 94590aa
 Go version: go1.23.1
 OS/Arch: linux/amd64
[34m2026-10-08 04:36:50.186 UTC 005f INFO[0m [orderer.common.server] [34;1mMain[0m -> Beginning to serve requests
[34m2026-10-08 04:36:50.187 UTC 0061 INFO[0m [grpc] [34;1mAddTraceEvent[0m -> [core] [Server #1 ListenSocket #11]ListenSocket created
[34m2026-10-08 04:36:50.186 UTC 0060 INFO[0m [grpc] [34;1mAddTraceEvent[0m -> [core] [Channel #2 SubChannel #3]Subchannel Connectivity change to READY
[34m2026-10-08 04:36:50.187 UTC 0062 INFO[0m [grpc] [34;1mInfof[0m -> [pick-first-lb] [pick-first-lb 0xc0007997a0] Received SubConn state update: 0xc0007998f0, {ConnectivityState:READY ConnectionError:<nil> connectedAddress:{Addr:orderer.example.com:7050 ServerName:orderer.example.com:7050 Attributes:<nil> BalancerAttributes:<nil> Metadata:<nil>}}
[34m2026-10-08 04:36:50.187 UTC 0063 INFO[0m [grpc] [34;1mAddTraceEvent[0m -> [core] [Channel #2]Channel Connectivity change to READY
[34m2026-10-08 04:36:50.188 UTC 0064 INFO[0m [grpc] [34;1mAddTraceEvent[0m -> [core] [Channel #6 SubChannel #7]Subchannel Connectivity change to READY
[34m2026-10-08 04:36:50.189 UTC 0065 INFO[0m [grpc] [34;1mInfof[0m -> [pick-first-lb] [pick-first-lb 0xc000895590] Received SubConn state update: 0xc0008956b0, {ConnectivityState:READY ConnectionError:<nil> connectedAddress:{Addr:orderer3.example.com:7056 ServerName:orderer3.example.com:7056 Attributes:<nil> BalancerAttributes:<nil> Metadata:<nil>}}
[34m2026-10-08 04:36:50.189 UTC 0066 INFO[0m [grpc] [34;1mAddTraceEvent[0m -> [core] [Channel #6]Channel Connectivity change to READY
[34m2026-10-08 04:36:50.190 UTC 0067 INFO[0m [grpc] [34;1mAddTraceEvent[0m -> [core] [Channel #4 SubChannel #5]Subchannel Connectivity change to READY
[34m2026-10-08 04:36:50.190 UTC 0068 INFO[0m [grpc] [34;1mInfof[0m -> [pick-first-lb] [pick-first-lb 0xc000894180] Received SubConn state update: 0xc0008942a0, {ConnectivityState:READY ConnectionError:<nil> connectedAddress:{Addr:orderer2.example.com:7052 ServerName:orderer2.example.com:7052 Attributes:<nil> BalancerAttributes:<nil> Metadata:<nil>}}
[34m2026-10-08 04:36:50.190 UTC 0069 INFO[0m [grpc] [34;1mAddTraceEvent[0m -> [core] [Channel #4]Channel Connectivity change to READY
[34m2026-10-08 04:36:50.198 UTC 006a INFO[0m [grpc] [34;1mInfof[0m -> [core] Creating new client transport to "{Addr: \"orderer4.example.com:7058\", ServerName: \"orderer4.example.com:7058\", }": connection error: desc = "transport: Error while dialing: dial tcp 172.18.0.7:7058: connect: connection refused"
[33m2026-10-08 04:36:50.199 UTC 006b WARN[0m [grpc] [33;1mAddTraceEvent[0m -> [core] [Channel #8 SubChannel #9]grpc: addrConn.createTransport failed to connect to {Addr: "orderer4.example.com:7058", ServerName: "orderer4.example.com:7058", }. Err: connection error: desc = "transport: Error while dialing: dial tcp 172.18.0.7:7058: connect: connection refused"
[34m2026-10-08 04:36:50.199 UTC 006c INFO[0m [grpc] [34;1mAddTraceEvent[0m -> [core] [Channel #8 SubChannel #9]Subchannel Connectivity change to TRANSIENT_FAILURE, last error: connection error: desc = "transport: Error while dialing: dial tcp 172.18.0.7:7058: connect: connection refused"
[34m2026-10-08 04:36:50.199 UTC 006d INFO[0m [grpc] [34;1mInfof[0m -> [pick-first-lb] [pick-first-lb 0xc000806720] Received SubConn state update: 0xc000806840, {ConnectivityState:TRANSIENT_FAILURE ConnectionError:connection error: desc = "transport: Error while dialing: dial tcp 172.18.0.7:7058: connect: connection refused" connectedAddress:{Addr: ServerName: Attributes:<nil> BalancerAttributes:<nil> Metadata:<nil>}}
[34m2026-10-08 04:36:50.199 UTC 006e INFO[0m [grpc] [34;1mAddTraceEvent[0m -> [core] [Channel #8]Channel Connectivity change to TRANSIENT_FAILURE
[34m2026-10-08 04:36:51.199 UTC 006f INFO[0m [grpc] [34;1mAddTraceEvent[0m -> [core] [Channel #8 SubChannel #9]Subchannel Connectivity change to IDLE, last error: connection error: desc = "transport: Error while dialing: dial tcp 172.18.0.7:7058: connect: connection refused"
[34m2026-10-08 04:36:51.199 UTC 0070 INFO[0m [grpc] [34;1mInfof[0m -> [pick-first-lb] [pick-first-lb 0xc000806720] Received SubConn state update: 0xc000806840, {ConnectivityState:IDLE ConnectionError:connection error: desc = "transport: Error while dialing: dial tcp 172.18.0.7:7058: connect: connection refused" connectedAddress:{Addr: ServerName: Attributes:<nil> BalancerAttributes:<nil> Metadata:<nil>}}
[34m2026-10-08 04:36:51.199 UTC 0071 INFO[0m [grpc] [34;1mAddTraceEvent[0m -> [core] [Channel #8 SubChannel #9]Subchannel Connectivity change to CONNECTING
[34m2026-10-08 04:36:51.199 UTC 0072 INFO[0m [grpc] [34;1mAddTraceEvent[0m -> [core] [Channel #8 SubChannel #9]Subchannel picks a new address "orderer4.example.com:7058" to connect
[34m2026-10-08 04:36:51.199 UTC 0073 INFO[0m [grpc] [34;1mInfof[0m -> [pick-first-lb] [pick-first-lb 0xc000806720] Received SubConn state update: 0xc000806840, {ConnectivityState:CONNECTING ConnectionError:<nil> connectedAddress:{Addr: ServerName: Attributes:<nil> BalancerAttributes:<nil> Metadata:<nil>}}
[34m2026-10-08 04:36:51.201 UTC 0074 INFO[0m [grpc] [34;1mAddTraceEvent[0m -> [core] [Channel #8 SubChannel #9]Subchannel Connectivity change to READY
[34m2026-10-08 04:36:51.202 UTC 0075 INFO[0m [grpc] [34;1mInfof[0m -> [pick-first-lb] [pick-first-lb 0xc000806720] Received SubConn state update: 0xc000806840, {ConnectivityState:READY ConnectionError:<nil> connectedAddress:{Addr:orderer4.example.com:7058 ServerName:orderer4.example.com:7058 Attributes:<nil> BalancerAttributes:<nil> Metadata:<nil>}}
[34m2026-10-08 04:36:51.202 UTC 0076 INFO[0m [grpc] [34;1mAddTraceEvent[0m -> [core] [Channel #8]Channel Connectivity change to READY
[34m2026-10-08 04:37:03.665 UTC 0077 INFO[0m [comm.grpc.server] [34;1m1[0m -> streaming call completed grpc.service=orderer.AtomicBroadcast grpc.method=Deliver grpc.peer_address=172.18.0.4:43338 grpc.peer_subject="CN=orderer.example.com,L=San Francisco,ST=California,C=US" error="context finished before block retrieved: context canceled" grpc.code=Unknown grpc.call_duration=2.266667ms
[34m2026-10-08 04:37:03.665 UTC 0078 INFO[0m [grpc] [34;1mInfof[0m -> [transport] [server-transport 0xc000020340] Closing: EOF
[34m2026-10-08 04:37:03.665 UTC 0079 INFO[0m [grpc] [34;1mInfof[0m -> [transport] [server-transport 0xc000020340] loopyWriter exiting with error: transport closed by client
[34m2026-10-08 04:37:22.664 UTC 007a INFO[0m [comm.grpc.server] [34;1m1[0m -> streaming call completed grpc.service=orderer.AtomicBroadcast grpc.method=Deliver grpc.peer_address=172.18.0.4:54286 grpc.peer_subject="CN=orderer.example.com,L=San Francisco,ST=California,C=US" error="context finished before block retrieved: context canceled" grpc.code=Unknown grpc.call_duration=2.401043ms
[34m2026-10-08 04:37:22.666 UTC 007b INFO[0m [grpc] [34;1mInfof[0m -> [transport] [server-transport 0xc0005a81a0] Closing: EOF
[34m2026-10-08 04:37:22.666 UTC 007c INFO[0m [grpc] [34;1mInfof[0m -> [transport] [server-transport 0xc0005a81a0] loopyWriter exiting with error: transport closed by client
[34m2026-10-08 04:37:42.663 UTC 007d INFO[0m [comm.grpc.server] [34;1m1[0m -> streaming call completed grpc.service=orderer.AtomicBroadcast grpc.method=Deliver grpc.peer_address=172.18.0.4:40738 grpc.peer_subject="CN=orderer.example.com,L=San Francisco,ST=California,C=US" error="context finished before block retrieved: context canceled" grpc.code=Unknown grpc.call_duration=2.156875ms
[34m2026-10-08 04:37:42.665 UTC 007e INFO[0m [grpc] [34;1mInfof[0m -> [transport] [server-transport 0xc000e4a000] Closing: EOF
[34m2026-10-08 04:37:42.665 UTC 007f INFO[0m [grpc] [34;1mInfof[0m -> [transport] [server-transport 0xc000e4a000] loopyWriter exiting with error: transport closed by client
[33m2026-10-08 04:37:52.171 UTC 0080 WARN[0m [orderer.consensus.smartbft.consensus] [33;1mfollowerTick[0m -> Heartbeat timeout (1m0s) from 2 expired; last heartbeat was observed 1m0.999997074s ago channel=mychannel
[33m2026-10-08 04:37:52.171 UTC 0081 WARN[0m [orderer.consensus.smartbft.consensus] [33;1mOnHeartbeatTimeout[0m -> Heartbeat timeout expired, complaining about leader: 2 channel=mychannel
[33m2026-10-08 04:37:52.174 UTC 0082 WARN[0m [orderer.consensus.smartbft.consensus] [33;1mprocessMsg[0m -> Node 3 got viewChange message view_change:{next_view:2} from 4 with view 2, expected view 3 channel=mychannel
[33m2026-10-08 04:37:52.174 UTC 0083 WARN[0m [orderer.consensus.smartbft.consensus] [33;1mvalidateViewDataMsg[0m -> Node 3 got <ViewData signed by 4 with NextView: 2> from 4, but the check of the last decision didn't pass channel=mychannel
[34m2026-10-08 04:37:52.178 UTC 0084 INFO[0m [orderer.consensus.smartbft.consensus] [34;1mChangeRole[0m -> Changing to leader role, current view: 2, current leader: 3 channel=mychannel
[34m2026-10-08 04:37:52.178 UTC 0085 INFO[0m [orderer.consensus.smartbft.consensus] [34;1mstartView[0m -> Starting view with number 2, sequence 49, and decisions 0 channel=mychannel
[34m2026-10-08 04:37:52.189 UTC 0086 INFO[0m [comm.grpc.server] [34;1m1[0m -> streaming call completed grpc.service=orderer.AtomicBroadcast grpc.method=Deliver grpc.peer_address=172.18.0.7:44462 grpc.peer_subject="CN=orderer4.example.com,L=San Francisco,ST=California,C=US" error="context finished before block retrieved: context canceled" grpc.code=Unknown grpc.call_duration=2.631242ms
[34m2026-10-08 04:37:52.192 UTC 0087 INFO[0m [grpc] [34;1mInfof[0m -> [transport] [server-transport 0xc0005a81a0] Closing: EOF
[34m2026-10-08 04:37:52.192 UTC 0088 INFO[0m [grpc] [34;1mInfof[0m -> [transport] [server-transport 0xc0005a81a0] loopyWriter exiting with error: transport closed by client
[34m2026-10-08 04:37:52.217 UTC 0089 INFO[0m [grpc] [34;1mInfof[0m -> [transport] [server-transport 0xc0005a84e0] Closing: EOF
[34m2026-10-08 04:37:52.217 UTC 008a INFO[0m [grpc] [34;1mInfof[0m -> [transport] [server-transport 0xc0005a84e0] loopyWriter exiting with error: connection error: desc = "transport is closing"
[34m2026-10-08 04:37:52.217 UTC 008b INFO[0m [comm.grpc.server] [34;1m1[0m -> streaming call completed grpc.service=orderer.AtomicBroadcast grpc.method=Deliver grpc.peer_address=172.18.0.7:44468 grpc.peer_subject="CN=orderer4.example.com,L=San Francisco,ST=California,C=US" error="context finished before block retrieved: context canceled" grpc.code=Unknown grpc.call_duration=15.999323ms
[34m2026-10-08 04:37:54.187 UTC 008c INFO[0m [orderer.consensus.smartbft.consensus] [34;1mprocessProposal[0m -> Processed proposal with seq 49 channel=mychannel
[34m2026-10-08 04:37:54.195 UTC 008d INFO[0m [orderer.consensus.smartbft.consensus] [34;1mprocessPrepares[0m -> 3 collected 2 prepares from [4 1] channel=mychannel
[34m2026-10-08 04:37:54.195 UTC 008e INFO[0m [orderer.consensus.smartbft.consensus] [34;1mprocessPrepares[0m -> Processed prepares for proposal with seq 49 channel=mychannel
[34m2026-10-08 04:37:54.197 UTC 008f INFO[0m [orderer.consensus.smartbft.consensus] [34;1mprocessCommits[0m -> 3 collected 2 commits from [4 1] channel=mychannel
[34m2026-10-08 04:37:54.197 UTC 0090 INFO[0m [orderer.consensus.smartbft.consensus] [34;1mprepared[0m -> 3 processed commits for proposal with seq 49 channel=mychannel
[34m2026-10-08 04:37:54.197 UTC 0091 INFO[0m [orderer.consensus.smartbft.consensus] [34;1mdecide[0m -> Deciding on seq 49 channel=mychannel
[34m2026-10-08 04:37:54.197 UTC 0092 INFO[0m [orderer.consensus.smartbft.consensus] [34;1mstartNextSeq[0m -> Sequence: 49-->50 channel=mychannel
[34m2026-10-08 04:37:54.197 UTC 0093 INFO[0m [orderer.consensus.smartbft.chain] [34;1mDeliver[0m -> Delivering proposal, writing block 49 with 8 transactions and metadata of total size 329 with signatures from [4 1 3] to the ledger, node id 3 channel=mychannel
[34m2026-10-08 04:37:54.198 UTC 0094 INFO[0m [orderer.consensus.smartbft.consensus] [34;1mdeleteRequest[0m -> Removed request {3398023f639b7324f2bb22227a3b44d70880f0b82584d172d19828b28ae143e6 ec88461016876abedc87b1abe3c5170149293e9cda7820be0fc8c22da1d954dc} from request pool channel=mychannel
[34m2026-10-08 04:37:54.198 UTC 0095 INFO[0m [orderer.consensus.smartbft.consensus] [34;1mdeleteRequest[0m -> Removed request {3398023f639b7324f2bb22227a3b44d70880f0b82584d172d19828b28ae143e6 91801ae404950bffc2dababaa23985a3f7e15c6133e8d7db56e461dc69709c06} from request pool channel=mychannel
[34m2026-10-08 04:37:54.198 UTC 0096 INFO[0m [orderer.consensus.smartbft.consensus] [34;1mdeleteRequest[0m -> Removed request {3398023f639b7324f2bb22227a3b44d70880f0b82584d172d19828b28ae143e6 33497ed832fc20b4bd2a2a227d93a1edb39d725444270418bacfe098ad1c0ecf} from request pool channel=mychannel
[34m2026-10-08 04:37:54.198 UTC 0097 INFO[0m [orderer.consensus.smartbft.consensus] [34;1mdeleteRequest[0m -> Removed request {3398023f639b7324f2bb22227a3b44d70880f0b82584d172d19828b28ae143e6 65944beafbcc81945861b23c4b8bccfa8b71b8c5392d37da578eae3716be87a5} from request pool channel=mychannel
[34m2026-10-08 04:37:54.198 UTC 0098 INFO[0m [orderer.consensus.smartbft.consensus] [34;1mdeleteRequest[0m -> Removed request {3398023f639b7324f2bb22227a3b44d70880f0b82584d172d19828b28ae143e6 2426836e0a4c38388958453c4e677d22d2e20f68c49b9c8cf2c5281906ba1347} from request pool channel=mychannel
[34m2026-10-08 04:37:54.198 UTC 0099 INFO[0m [orderer.consensus.smartbft.consensus] [34;1mdeleteRequest[0m -> Removed request {3398023f639b7324f2bb22227a3b44d70880f0b82584d172d19828b28ae143e6 f955821ccdcf16e93040e72c8c32a1fab848957dd0c5cb3d87f7564a72820bf9} from request pool channel=mychannel
[34m2026-10-08 04:37:54.198 UTC 009a INFO[0m [orderer.consensus.smartbft.consensus] [34;1mdeleteRequest[0m -> Removed request {3398023f639b7324f2bb22227a3b44d70880f0b82584d172d19828b28ae143e6 7a55cfab9b6a1935504030a0a6182055d6d03f8cd8b216214adb77deca6f7d1f} from request pool channel=mychannel
[34m2026-10-08 04:37:54.198 UTC 009b INFO[0m [orderer.consensus.smartbft.consensus] [34;1mdeleteRequest[0m -> Removed request {3398023f639b7324f2bb22227a3b44d70880f0b82584d172d19828b28ae143e6 61dda6a4c3ebacdb84a8de2ecb41bd9a76be39536d45750d1856bb22b4c87a13} from request pool channel=mychannel
[34m2026-10-08 04:37:56.308 UTC 009c INFO[0m [orderer.consensus.smartbft.consensus] [34;1mprocessProposal[0m -> Processed proposal with seq 50 channel=mychannel
[34m2026-10-08 04:37:56.310 UTC 009d INFO[0m [orderer.consensus.smartbft.consensus] [34;1mprocessPrepares[0m -> 3 collected 2 prepares from [2 1] channel=mychannel
[34m2026-10-08 04:37:56.312 UTC 009e INFO[0m [orderer.consensus.smartbft.consensus] [34;1mprocessPrepares[0m -> Processed prepares for proposal with seq 50 channel=mychannel
[34m2026-10-08 04:37:56.313 UTC 009f INFO[0m [orderer.consensus.smartbft.consensus] [34;1mprocessCommits[0m -> 3 collected 2 commits from [1 2] channel=mychannel
[34m2026-10-08 04:37:56.313 UTC 00a0 INFO[0m [orderer.consensus.smartbft.consensus] [34;1mprepared[0m -> 3 processed commits for proposal with seq 50 channel=mychannel
[34m2026-10-08 04:37:56.313 UTC 00a1 INFO[0m [orderer.consensus.smartbft.consensus] [34;1mdecide[0m -> Deciding on seq 50 channel=mychannel
[34m2026-10-08 04:37:56.313 UTC 00a2 INFO[0m [orderer.consensus.smartbft.consensus] [34;1mstartNextSeq[0m -> Sequence: 50-->51 channel=mychannel
[34m2026-10-08 04:37:56.313 UTC 00a3 INFO[0m [orderer.consensus.smartbft.chain] [34;1mDeliver[0m -> Delivering proposal, writing block 50 with 1 transactions and metadata of total size 331 with signatures from [1 2 3] to the ledger, node id 3 channel=mychannel
[34m2026-10-08 04:37:56.314 UTC 00a4 INFO[0m [orderer.consensus.smartbft.consensus] [34;1mdeleteRequest[0m -> Removed request {3398023f639b7324f2bb22227a3b44d70880f0b82584d172d19828b28ae143e6 a9290fa86e9b2c88abb44bbd5cf2bf44178f47ebf79a5d9245db6826eb391497} from request pool channel=mychannel
[34m2026-10-08 04:37:58.423 UTC 00a5 INFO[0m [orderer.consensus.smartbft.consensus] [34;1mprocessProposal[0m -> Processed proposal with seq 51 channel=mychannel
[34m2026-10-08 04:37:58.426 UTC 00a6 INFO[0m [orderer.consensus.smartbft.consensus] [34;1mprocessPrepares[0m -> 3 collected 2 prepares from [4 1] channel=mychannel
[34m2026-10-08 04:37:58.427 UTC 00a7 INFO[0m [orderer.consensus.smartbft.consensus] [34;1mprocessPrepares[0m -> Processed prepares for proposal with seq 51 channel=mychannel
[34m2026-10-08 04:37:58.429 UTC 00a8 INFO[0m [orderer.consensus.smartbft.consensus] [34;1mprocessCommits[0m -> 3 collected 2 commits from [4 2] channel=mychannel
[34m2026-10-08 04:37:58.429 UTC 00a9 INFO[0m [orderer.consensus.smartbft.consensus] [34;1mprepared[0m -> 3 processed commits for proposal with seq 51 channel=mychannel
[34m2026-10-08 04:37:58.429 UTC 00aa INFO[0m [orderer.consensus.smartbft.consensus] [34;1mdecide[0m -> Deciding on seq 51 channel=mychannel
[34m2026-10-08 04:37:58.429 UTC 00ab INFO[0m [orderer.consensus.smartbft.consensus] [34;1mstartNextSeq[0m -> Sequence: 51-->52 channel=mychannel
[34m2026-10-08 04:37:58.429 UTC 00ac INFO[0m [orderer.consensus.smartbft.chain] [34;1mDeliver[0m -> Delivering proposal, writing block 51 with 1 transactions and metadata of total size 332 with signatures from [4 2 3] to the ledger, node id 3 channel=mychannel
[34m2026-10-08 04:37:58.429 UTC 00ad INFO[0m [orderer.consensus.smartbft.consensus] [34;1mdeleteRequest[0m -> Removed request {3398023f639b7324f2bb22227a3b44d70880f0b82584d172d19828b28ae143e6 92c71ce69dee4be18bc5d9c24f8954d3ac6d6525498c886b406ad144791d5a24} from request pool channel=mychannel
[34m2026-10-08 04:38:00.539 UTC 00ae INFO[0m [orderer.consensus.smartbft.consensus] [34;1mprocessProposal[0m -> Processed proposal with seq 52 channel=mychannel
[34m2026-10-08 04:38:00.542 UTC 00af INFO[0m [orderer.consensus.smartbft.consensus] [34;1mprocessPrepares[0m -> 3 collected 2 prepares from [1 4] channel=mychannel
[34m2026-10-08 04:38:00.542 UTC 00b0 INFO[0m [orderer.consensus.smartbft.consensus] [34;1mprocessPrepares[0m -> Processed prepares for proposal with seq 52 channel=mychannel
[34m2026-10-08 04:38:00.545 UTC 00b1 INFO[0m [orderer.consensus.smartbft.consensus] [34;1mprocessCommits[0m -> 3 collected 2 commits from [4 1] channel=mychannel
[34m2026-10-08 04:38:00.545 UTC 00b2 INFO[0m [orderer.consensus.smartbft.consensus] [34;1mprepared[0m -> 3 processed commits for proposal with seq 52 channel=mychannel
[34m2026-10-08 04:38:00.545 UTC 00b3 INFO[0m [orderer.consensus.smartbft.consensus] [34;1mdecide[0m -> Deciding on seq 52 channel=mychannel
[34m2026-10-08 04:38:00.545 UTC 00b4 INFO[0m [orderer.consensus.smartbft.consensus] [34;1mstartNextSeq[0m -> Sequence: 52-->53 channel=mychannel
[34m2026-10-08 04:38:00.545 UTC 00b5 INFO[0m [orderer.consensus.smartbft.chain] [34;1mDeliver[0m -> Delivering proposal, writing block 52 with 1 transactions and metadata of total size 333 with signatures from [4 1 3] to the ledger, node id 3 channel=mychannel
[34m2026-10-08 04:38:00.545 UTC 00b6 INFO[0m [orderer.consensus.smartbft.consensus] [34;1mdeleteRequest[0m -> Removed request {3398023f639b7324f2bb22227a3b44d70880f0b82584d172d19828b28ae143e6 183f9d8c87c6c2f1de55b5cb8c8e1d4366292956db5a7b5ac8fedcfe166497fe} from request pool channel=mychannel
[34m2026-10-08 04:38:02.655 UTC 00b7 INFO[0m [orderer.consensus.smartbft.consensus] [34;1mprocessProposal[0m -> Processed proposal with seq 53 channel=mychannel
[34m2026-10-08 04:38:02.659 UTC 00b8 INFO[0m [orderer.consensus.smartbft.consensus] [34;1mprocessPrepares[0m -> 3 collected 2 prepares from [2 4] channel=mychannel
[34m2026-10-08 04:38:02.660 UTC 00b9 INFO[0m [orderer.consensus.smartbft.consensus] [34;1mprocessPrepares[0m -> Processed prepares for proposal with seq 53 channel=mychannel
[34m2026-10-08 04:38:02.661 UTC 00ba INFO[0m [orderer.consensus.smartbft.consensus] [34;1mprocessCommits[0m -> 3 collected 2 commits from [4 2] channel=mychannel
[34m2026-10-08 04:38:02.661 UTC 00bb INFO[0m [orderer.consensus.smartbft.consensus] [34;1mprepared[0m -> 3 processed commits for proposal with seq 53 channel=mychannel
[34m2026-10-08 04:38:02.661 UTC 00bc INFO[0m [orderer.consensus.smartbft.consensus] [34;1mdecide[0m -> Deciding on seq 53 channel=mychannel
[34m2026-10-08 04:38:02.661 UTC 00bd INFO[0m [orderer.consensus.smartbft.consensus] [34;1mstartNextSeq[0m -> Sequence: 53-->54 channel=mychannel
[34m2026-10-08 04:38:02.662 UTC 00be INFO[0m [orderer.consensus.smartbft.chain] [34;1mDeliver[0m -> Delivering proposal, writing block 53 with 1 transactions and metadata of total size 332 with signatures from [4 2 3] to the ledger, node id 3 channel=mychannel
[34m2026-10-08 04:38:02.662 UTC 00bf INFO[0m [orderer.consensus.smartbft.consensus] [34;1mdeleteRequest[0m -> Removed request {3398023f639b7324f2bb22227a3b44d70880f0b82584d172d19828b28ae143e6 f61e3e4e3a882901202219add36e36d20f6f2da19dc33fc6b172232670836b64} from request pool channel=mychannel
[34m2026-10-08 04:38:04.772 UTC 00c0 INFO[0m [orderer.consensus.smartbft.consensus] [34;1mprocessProposal[0m -> Processed proposal with seq 54 channel=mychannel
[34m2026-10-08 04:38:04.774 UTC 00c1 INFO[0m [orderer.consensus.smartbft.consensus] [34;1mprocessPrepares[0m -> 3 collected 2 prepares from [2 1] channel=mychannel
[34m2026-10-08 04:38:04.775 UTC 00c2 INFO[0m [orderer.consensus.smartbft.consensus] [34;1mprocessPrepares[0m -> Processed prepares for proposal with seq 54 channel=mychannel
[34m2026-10-08 04:38:04.777 UTC 00c3 INFO[0m [orderer.consensus.smartbft.consensus] [34;1mprocessCommits[0m -> 3 collected 2 commits from [1 2] channel=mychannel
[34m2026-10-08 04:38:04.777 UTC 00c4 INFO[0m [orderer.consensus.smartbft.consensus] [34;1mprepared[0m -> 3 processed commits for proposal with seq 54 channel=mychannel
[34m2026-10-08 04:38:04.777 UTC 00c5 INFO[0m [orderer.consensus.smartbft.consensus] [34;1mdecide[0m -> Deciding on seq 54 channel=mychannel
[34m2026-10-08 04:38:04.777 UTC 00c6 INFO[0m [orderer.consensus.smartbft.consensus] [34;1mstartNextSeq[0m -> Sequence: 54-->55 channel=mychannel
[34m2026-10-08 04:38:04.777 UTC 00c7 INFO[0m [orderer.consensus.smartbft.chain] [34;1mDeliver[0m -> Delivering proposal, writing block 54 with 1 transactions and metadata of total size 330 with signatures from [1 2 3] to the ledger, node id 3 channel=mychannel
[34m2026-10-08 04:38:04.777 UTC 00c8 INFO[0m [orderer.consensus.smartbft.consensus] [34;1mdeleteRequest[0m -> Removed request {3398023f639b7324f2bb22227a3b44d70880f0b82584d172d19828b28ae143e6 c487ab39e641e680098bdf2190cb404d557c3b12841814c49246fdc43d664224} from request pool channel=mychannel
[34m2026-10-08 04:38:06.888 UTC 00c9 INFO[0m [orderer.consensus.smartbft.consensus] [34;1mprocessProposal[0m -> Processed proposal with seq 55 channel=mychannel
[34m2026-10-08 04:38:06.891 UTC 00ca INFO[0m [orderer.consensus.smartbft.consensus] [34;1mprocessPrepares[0m -> 3 collected 2 prepares from [1 2] channel=mychannel
[34m2026-10-08 04:38:06.892 UTC 00cb INFO[0m [orderer.consensus.smartbft.consensus] [34;1mprocessPrepares[0m -> Processed prepares for proposal with seq 55 channel=mychannel
[34m2026-10-08 04:38:06.894 UTC 00cc INFO[0m [orderer.consensus.smartbft.consensus] [34;1mprocessCommits[0m -> 3 collected 2 commits from [1 2] channel=mychannel
[34m2026-10-08 04:38:06.894 UTC 00cd INFO[0m [orderer.consensus.smartbft.consensus] [34;1mprepared[0m -> 3 processed commits for proposal with seq 55 channel=mychannel
[34m2026-10-08 04:38:06.894 UTC 00ce INFO[0m [orderer.consensus.smartbft.consensus] [34;1mdecide[0m -> Deciding on seq 55 channel=mychannel
[34m2026-10-08 04:38:06.894 UTC 00cf INFO[0m [orderer.consensus.smartbft.consensus] [34;1mstartNextSeq[0m -> Sequence: 55-->56 channel=mychannel
[34m2026-10-08 04:38:06.894 UTC 00d0 INFO[0m [orderer.consensus.smartbft.chain] [34;1mDeliver[0m -> Delivering proposal, writing block 55 with 1 transactions and metadata of total size 331 with signatures from [1 2 3] to the ledger, node id 3 channel=mychannel
[34m2026-10-08 04:38:06.895 UTC 00d1 INFO[0m [orderer.consensus.smartbft.consensus] [34;1mdeleteRequest[0m -> Removed request {3398023f639b7324f2bb22227a3b44d70880f0b82584d172d19828b28ae143e6 59e00662353fdc0c4751756769de784e2b9a425ea018943c18454994c0600056} from request pool channel=mychannel
[34m2026-10-08 04:38:09.005 UTC 00d2 INFO[0m [orderer.consensus.smartbft.consensus] [34;1mprocessProposal[0m -> Processed proposal with seq 56 channel=mychannel
[34m2026-10-08 04:38:09.007 UTC 00d3 INFO[0m [orderer.consensus.smartbft.consensus] [34;1mprocessPrepares[0m -> 3 collected 2 prepares from [1 2] channel=mychannel
[34m2026-10-08 04:38:09.008 UTC 00d4 INFO[0m [orderer.consensus.smartbft.consensus] [34;1mprocessPrepares[0m -> Processed prepares for proposal with seq 56 channel=mychannel
[34m2026-10-08 04:38:09.011 UTC 00d5 INFO[0m [orderer.consensus.smartbft.consensus] [34;1mprocessCommits[0m -> 3 collected 2 commits from [1 4] channel=mychannel
[34m2026-10-08 04:38:09.011 UTC 00d6 INFO[0m [orderer.consensus.smartbft.consensus] [34;1mprepared[0m -> 3 processed commits for proposal with seq 56 channel=mychannel
[34m2026-10-08 04:38:09.011 UTC 00d7 INFO[0m [orderer.consensus.smartbft.consensus] [34;1mdecide[0m -> Deciding on seq 56 channel=mychannel
[34m2026-10-08 04:38:09.011 UTC 00d8 INFO[0m [orderer.consensus.smartbft.consensus] [34;1mstartNextSeq[0m -> Sequence: 56-->57 channel=mychannel
[34m2026-10-08 04:38:09.011 UTC 00d9 INFO[0m [orderer.consensus.smartbft.chain] [34;1mDeliver[0m -> Delivering proposal, writing block 56 with 1 transactions and metadata of total size 332 with signatures from [1 4 3] to the ledger, node id 3 channel=mychannel
[34m2026-10-08 04:38:09.011 UTC 00da INFO[0m [orderer.consensus.smartbft.consensus] [34;1mdeleteRequest[0m -> Removed request {3398023f639b7324f2bb22227a3b44d70880f0b82584d172d19828b28ae143e6 85cee045b9c9542076975c6ea1dce714f73adc52ff15d3f9ab6a0dd84a280e4b} from request pool channel=mychannel
[34m2026-10-08 04:38:11.121 UTC 00db INFO[0m [orderer.consensus.smartbft.consensus] [34;1mprocessProposal[0m -> Processed proposal with seq 57 channel=mychannel
[34m2026-10-08 04:38:11.123 UTC 00dc INFO[0m [orderer.consensus.smartbft.consensus] [34;1mprocessPrepares[0m -> 3 collected 2 prepares from [2 4] channel=mychannel
[34m2026-10-08 04:38:11.125 UTC 00dd INFO[0m [orderer.consensus.smartbft.consensus] [34;1mprocessPrepares[0m -> Processed prepares for proposal with seq 57 channel=mychannel
[34m2026-10-08 04:38:11.127 UTC 00de INFO[0m [orderer.consensus.smartbft.consensus] [34;1mprocessCommits[0m -> 3 collected 2 commits from [2 4] channel=mychannel
[34m2026-10-08 04:38:11.128 UTC 00df INFO[0m [orderer.consensus.smartbft.consensus] [34;1mprepared[0m -> 3 processed commits for proposal with seq 57 channel=mychannel
[34m2026-10-08 04:38:11.128 UTC 00e0 INFO[0m [orderer.consensus.smartbft.consensus] [34;1mdecide[0m -> Deciding on seq 57 channel=mychannel
[34m2026-10-08 04:38:11.128 UTC 00e1 INFO[0m [orderer.consensus.smartbft.consensus] [34;1mstartNextSeq[0m -> Sequence: 57-->58 channel=mychannel
[34m2026-10-08 04:38:11.128 UTC 00e2 INFO[0m [orderer.consensus.smartbft.chain] [34;1mDeliver[0m -> Delivering proposal, writing block 57 with 1 transactions and metadata of total size 331 with signatures from [2 4 3] to the ledger, node id 3 channel=mychannel
[34m2026-10-08 04:38:11.128 UTC 00e3 INFO[0m [orderer.consensus.smartbft.consensus] [34;1mdeleteRequest[0m -> Removed request {3398023f639b7324f2bb22227a3b44d70880f0b82584d172d19828b28ae143e6 d950d9a1db799b29246323fe0c39b30550cc40194c40ff11d5a6256610a7d731} from request pool channel=mychannel
[33m2026-10-08 04:38:11.128 UTC 00e4 WARN[0m [orderer.consensus.smartbft.consensus] [33;1mprocessMsg[0m -> 3 got message from 2 with sequence 56 but our sequence is 58 channel=mychannel
[34m2026-10-08 04:38:13.239 UTC 00e5 INFO[0m [orderer.consensus.smartbft.consensus] [34;1mprocessProposal[0m -> Processed proposal with seq 58 channel=mychannel
[34m2026-10-08 04:38:13.244 UTC 00e6 INFO[0m [orderer.consensus.smartbft.consensus] [34;1mprocessPrepares[0m -> 3 collected 2 prepares from [4 1] channel=mychannel
[34m2026-10-08 04:38:13.245 UTC 00e7 INFO[0m [orderer.consensus.smartbft.consensus] [34;1mprocessPrepares[0m -> Processed prepares for proposal with seq 58 channel=mychannel
[34m2026-10-08 04:38:13.245 UTC 00e8 INFO[0m [orderer.consensus.smartbft.consensus] [34;1mprocessCommits[0m -> 3 collected 2 commits from [1 2] channel=mychannel
[34m2026-10-08 04:38:13.245 UTC 00e9 INFO[0m [orderer.consensus.smartbft.consensus] [34;1mprepared[0m -> 3 processed commits for proposal with seq 58 channel=mychannel
[34m2026-10-08 04:38:13.245 UTC 00ea INFO[0m [orderer.consensus.smartbft.consensus] [34;1mdecide[0m -> Deciding on seq 58 channel=mychannel
[34m2026-10-08 04:38:13.245 UTC 00eb INFO[0m [orderer.consensus.smartbft.consensus] [34;1mstartNextSeq[0m -> Sequence: 58-->59 channel=mychannel
[34m2026-10-08 04:38:13.246 UTC 00ec INFO[0m [orderer.consensus.smartbft.chain] [34;1mDeliver[0m -> Delivering proposal, writing block 58 with 1 transactions and metadata of total size 331 with signatures from [1 2 3] to the ledger, node id 3 channel=mychannel
[34m2026-10-08 04:38:13.246 UTC 00ed INFO[0m [orderer.consensus.smartbft.consensus] [34;1mdeleteRequest[0m -> Removed request {3398023f639b7324f2bb22227a3b44d70880f0b82584d172d19828b28ae143e6 0601f520cfc26b05b593f4bccf5899b8e0b7bbc2420cf7cd03014cd2290713f3} from request pool channel=mychannel
[34m2026-10-08 04:38:15.357 UTC 00ee INFO[0m [orderer.consensus.smartbft.consensus] [34;1mprocessProposal[0m -> Processed proposal with seq 59 channel=mychannel
[34m2026-10-08 04:38:15.362 UTC 00ef INFO[0m [orderer.consensus.smartbft.consensus] [34;1mprocessPrepares[0m -> 3 collected 2 prepares from [4 2] channel=mychannel
[34m2026-10-08 04:38:15.363 UTC 00f0 INFO[0m [orderer.consensus.smartbft.consensus] [34;1mprocessPrepares[0m -> Processed prepares for proposal with seq 59 channel=mychannel
[34m2026-10-08 04:38:15.365 UTC 00f1 INFO[0m [orderer.consensus.smartbft.consensus] [34;1mprocessCommits[0m -> 3 collected 2 commits from [2 1] channel=mychannel
[34m2026-10-08 04:38:15.365 UTC 00f2 INFO[0m [orderer.consensus.smartbft.consensus] [34;1mprepared[0m -> 3 processed commits for proposal with seq 59 channel=mychannel
[34m2026-10-08 04:38:15.365 UTC 00f3 INFO[0m [orderer.consensus.smartbft.consensus] [34;1mdecide[0m -> Deciding on seq 59 channel=mychannel
[34m2026-10-08 04:38:15.365 UTC 00f4 INFO[0m [orderer.consensus.smartbft.consensus] [34;1mstartNextSeq[0m -> Sequence: 59-->60 channel=mychannel
[34m2026-10-08 04:38:15.365 UTC 00f5 INFO[0m [orderer.consensus.smartbft.chain] [34;1mDeliver[0m -> Delivering proposal, writing block 59 with 1 transactions and metadata of total size 331 with signatures from [2 1 3] to the ledger, node id 3 channel=mychannel
[34m2026-10-08 04:38:15.365 UTC 00f6 INFO[0m [orderer.consensus.smartbft.consensus] [34;1mdeleteRequest[0m -> Removed request {3398023f639b7324f2bb22227a3b44d70880f0b82584d172d19828b28ae143e6 8d39343f0bab8eba87754f83dd0da3d47c6161985ffd5cad98d2631dd3bdcaae} from request pool channel=mychannel
[34m2026-10-08 04:38:17.476 UTC 00f7 INFO[0m [orderer.consensus.smartbft.consensus] [34;1mprocessProposal[0m -> Processed proposal with seq 60 channel=mychannel
[34m2026-10-08 04:38:17.479 UTC 00f8 INFO[0m [orderer.consensus.smartbft.consensus] [34;1mprocessPrepares[0m -> 3 collected 2 prepares from [2 4] channel=mychannel
[34m2026-10-08 04:38:17.480 UTC 00f9 INFO[0m [orderer.consensus.smartbft.consensus] [34;1mprocessPrepares[0m -> Processed prepares for proposal with seq 60 channel=mychannel
[34m2026-10-08 04:38:17.481 UTC 00fa INFO[0m [orderer.consensus.smartbft.consensus] [34;1mprocessCommits[0m -> 3 collected 2 commits from [4 2] channel=mychannel
[34m2026-10-08 04:38:17.481 UTC 00fb INFO[0m [orderer.consensus.smartbft.consensus] [34;1mprepared[0m -> 3 processed commits for proposal with seq 60 channel=mychannel
[34m2026-10-08 04:38:17.481 UTC 00fc INFO[0m [orderer.consensus.smartbft.consensus] [34;1mdecide[0m -> Deciding on seq 60 channel=mychannel
[34m2026-10-08 04:38:17.481 UTC 00fd INFO[0m [orderer.consensus.smartbft.consensus] [34;1mstartNextSeq[0m -> Sequence: 60-->61 channel=mychannel
[34m2026-10-08 04:38:17.481 UTC 00fe INFO[0m [orderer.consensus.smartbft.chain] [34;1mDeliver[0m -> Delivering proposal, writing block 60 with 1 transactions and metadata of total size 331 with signatures from [4 2 3] to the ledger, node id 3 channel=mychannel
[34m2026-10-08 04:38:17.481 UTC 00ff INFO[0m [orderer.consensus.smartbft.consensus] [34;1mdeleteRequest[0m -> Removed request {3398023f639b7324f2bb22227a3b44d70880f0b82584d172d19828b28ae143e6 adde4e6dd95b3f2a9741f6a081cde2cdd134bc5c01481c4a51281a4b1608fe0d} from request pool channel=mychannel
[34m2026-10-08 04:38:19.590 UTC 0100 INFO[0m [orderer.consensus.smartbft.consensus] [34;1mprocessProposal[0m -> Processed proposal with seq 61 channel=mychannel
[34m2026-10-08 04:38:19.593 UTC 0101 INFO[0m [orderer.consensus.smartbft.consensus] [34;1mprocessPrepares[0m -> 3 collected 2 prepares from [2 1] channel=mychannel
[34m2026-10-08 04:38:19.593 UTC 0102 INFO[0m [orderer.consensus.smartbft.consensus] [34;1mprocessPrepares[0m -> Processed prepares for proposal with seq 61 channel=mychannel
[34m2026-10-08 04:38:19.594 UTC 0103 INFO[0m [orderer.consensus.smartbft.consensus] [34;1mprocessCommits[0m -> 3 collected 2 commits from [1 2] channel=mychannel
[34m2026-10-08 04:38:19.594 UTC 0104 INFO[0m [orderer.consensus.smartbft.consensus] [34;1mprepared[0m -> 3 processed commits for proposal with seq 61 channel=mychannel
[34m2026-10-08 04:38:19.594 UTC 0105 INFO[0m [orderer.consensus.smartbft.consensus] [34;1mdecide[0m -> Deciding on seq 61 channel=mychannel
[34m2026-10-08 04:38:19.594 UTC 0106 INFO[0m [orderer.consensus.smartbft.consensus] [34;1mstartNextSeq[0m -> Sequence: 61-->62 channel=mychannel
[34m2026-10-08 04:38:19.594 UTC 0107 INFO[0m [orderer.consensus.smartbft.chain] [34;1mDeliver[0m -> Delivering proposal, writing block 61 with 1 transactions and metadata of total size 333 with signatures from [1 2 3] to the ledger, node id 3 channel=mychannel
[34m2026-10-08 04:38:19.595 UTC 0108 INFO[0m [orderer.consensus.smartbft.consensus] [34;1mdeleteRequest[0m -> Removed request {3398023f639b7324f2bb22227a3b44d70880f0b82584d172d19828b28ae143e6 d298c08547ea5313c0d67b94e1eb3fb35ca8ec723f84fb3017fec23612631a27} from request pool channel=mychannel
[34m2026-10-08 04:38:21.704 UTC 0109 INFO[0m [orderer.consensus.smartbft.consensus] [34;1mprocessProposal[0m -> Processed proposal with seq 62 channel=mychannel
[34m2026-10-08 04:38:21.707 UTC 010a INFO[0m [orderer.consensus.smartbft.consensus] [34;1mprocessPrepares[0m -> 3 collected 2 prepares from [4 2] channel=mychannel
[34m2026-10-08 04:38:21.709 UTC 010b INFO[0m [orderer.consensus.smartbft.consensus] [34;1mprocessPrepares[0m -> Processed prepares for proposal with seq 62 channel=mychannel
[34m2026-10-08 04:38:21.712 UTC 010c INFO[0m [orderer.consensus.smartbft.consensus] [34;1mprocessCommits[0m -> 3 collected 2 commits from [2 4] channel=mychannel
[34m2026-10-08 04:38:21.712 UTC 010d INFO[0m [orderer.consensus.smartbft.consensus] [34;1mprepared[0m -> 3 processed commits for proposal with seq 62 channel=mychannel
[34m2026-10-08 04:38:21.712 UTC 010e INFO[0m [orderer.consensus.smartbft.consensus] [34;1mdecide[0m -> Deciding on seq 62 channel=mychannel
[34m2026-10-08 04:38:21.712 UTC 010f INFO[0m [orderer.consensus.smartbft.consensus] [34;1mstartNextSeq[0m -> Sequence: 62-->63 channel=mychannel
[34m2026-10-08 04:38:21.713 UTC 0110 INFO[0m [orderer.consensus.smartbft.chain] [34;1mDeliver[0m -> Delivering proposal, writing block 62 with 1 transactions and metadata of total size 330 with signatures from [2 4 3] to the ledger, node id 3 channel=mychannel
[34m2026-10-08 04:38:21.713 UTC 0111 INFO[0m [orderer.consensus.smartbft.consensus] [34;1mdeleteRequest[0m -> Removed request {3398023f639b7324f2bb22227a3b44d70880f0b82584d172d19828b28ae143e6 883265636296423f5c79f41a1263d8299e54a6bac67dcefea02d0933e32b1ff5} from request pool channel=mychannel
[34m2026-10-08 04:38:23.822 UTC 0112 INFO[0m [orderer.consensus.smartbft.consensus] [34;1mprocessProposal[0m -> Processed proposal with seq 63 channel=mychannel
[34m2026-10-08 04:38:23.825 UTC 0113 INFO[0m [orderer.consensus.smartbft.consensus] [34;1mprocessPrepares[0m -> 3 collected 2 prepares from [2 1] channel=mychannel
[34m2026-10-08 04:38:23.826 UTC 0114 INFO[0m [orderer.consensus.smartbft.consensus] [34;1mprocessPrepares[0m -> Processed prepares for proposal with seq 63 channel=mychannel
[34m2026-10-08 04:38:23.828 UTC 0115 INFO[0m [orderer.consensus.smartbft.consensus] [34;1mprocessCommits[0m -> 3 collected 2 commits from [2 4] channel=mychannel
[34m2026-10-08 04:38:23.828 UTC 0116 INFO[0m [orderer.consensus.smartbft.consensus] [34;1mprepared[0m -> 3 processed commits for proposal with seq 63 channel=mychannel
[34m2026-10-08 04:38:23.828 UTC 0117 INFO[0m [orderer.consensus.smartbft.consensus] [34;1mdecide[0m -> Deciding on seq 63 channel=mychannel
[34m2026-10-08 04:38:23.828 UTC 0118 INFO[0m [orderer.consensus.smartbft.consensus] [34;1mstartNextSeq[0m -> Sequence: 63-->64 channel=mychannel
[34m2026-10-08 04:38:23.828 UTC 0119 INFO[0m [orderer.consensus.smartbft.chain] [34;1mDeliver[0m -> Delivering proposal, writing block 63 with 1 transactions and metadata of total size 331 with signatures from [2 4 3] to the ledger, node id 3 channel=mychannel
[34m2026-10-08 04:38:23.830 UTC 011a INFO[0m [orderer.consensus.smartbft.consensus] [34;1mdeleteRequest[0m -> Removed request {3398023f639b7324f2bb22227a3b44d70880f0b82584d172d19828b28ae143e6 55a9643a01459bffb3ccd3660b69278c9d7a1e715978ecd62dc9853218ea3a4e} from request pool channel=mychannel
[34m2026-10-08 04:38:25.939 UTC 011b INFO[0m [orderer.consensus.smartbft.consensus] [34;1mprocessProposal[0m -> Processed proposal with seq 64 channel=mychannel
[34m2026-10-08 04:38:25.942 UTC 011c INFO[0m [orderer.consensus.smartbft.consensus] [34;1mprocessPrepares[0m -> 3 collected 2 prepares from [2 1] channel=mychannel
[34m2026-10-08 04:38:25.943 UTC 011d INFO[0m [orderer.consensus.smartbft.consensus] [34;1mprocessPrepares[0m -> Processed prepares for proposal with seq 64 channel=mychannel
[34m2026-10-08 04:38:25.944 UTC 011e INFO[0m [orderer.consensus.smartbft.consensus] [34;1mprocessCommits[0m -> 3 collected 2 commits from [1 2] channel=mychannel
[34m2026-10-08 04:38:25.944 UTC 011f INFO[0m [orderer.consensus.smartbft.consensus] [34;1mprepared[0m -> 3 processed commits for proposal with seq 64 channel=mychannel
[34m2026-10-08 04:38:25.944 UTC 0120 INFO[0m [orderer.consensus.smartbft.consensus] [34;1mdecide[0m -> Deciding on seq 64 channel=mychannel
[34m2026-10-08 04:38:25.944 UTC 0121 INFO[0m [orderer.consensus.smartbft.consensus] [34;1mstartNextSeq[0m -> Sequence: 64-->65 channel=mychannel
[34m2026-10-08 04:38:25.944 UTC 0122 INFO[0m [orderer.consensus.smartbft.chain] [34;1mDeliver[0m -> Delivering proposal, writing block 64 with 1 transactions and metadata of total size 331 with signatures from [1 2 3] to the ledger, node id 3 channel=mychannel
[34m2026-10-08 04:38:25.944 UTC 0123 INFO[0m [orderer.consensus.smartbft.consensus] [34;1mdeleteRequest[0m -> Removed request {3398023f639b7324f2bb22227a3b44d70880f0b82584d172d19828b28ae143e6 3cf281587af2948a277de061a564030f466743c3d61625a42eb7bd3043c1afdd} from request pool channel=mychannel
