# 1791433969 start
S0_all_up,1,0,2142
S0_all_up,2,0,2111
S0_all_up,3,0,2111
S0_all_up,4,0,2111
S0_all_up,5,0,2114
S0_all_up,6,0,2112
S0_all_up,7,0,2114
S0_all_up,8,0,2116
S0_all_up,9,0,2112
S0_all_up,10,0,2113
S0_all_up,11,0,2114
S0_all_up,12,0,2112
S0_all_up,13,0,2115
S0_all_up,14,0,2114
S0_all_up,15,0,2112
# 1791434001 stop orderer1 (initial leader; 3 of 4 up)
S1_one_down_leader,1,1,25067
   err: [34m2026-10-08 04:33:21.885 UTC 0052 INFO[0m [grpc] [34;1mAddTraceEvent[0m -> [core] [Channel #13]Channel Connectivity change to READY
   err: Error: timed out waiting for txid on all peers - proposal response: <nil>
S1_one_down_leader,2,1,25064
   err: [34m2026-10-08 04:33:46.955 UTC 0052 INFO[0m [grpc] [34;1mAddTraceEvent[0m -> [core] [Channel #13]Channel Connectivity change to READY
   err: Error: timed out waiting for txid on all peers - proposal response: <nil>
S1_one_down_leader,3,0,9143
S1_one_down_leader,4,0,102
S1_one_down_leader,5,0,105
S1_one_down_leader,6,0,105
S1_one_down_leader,7,0,104
S1_one_down_leader,8,0,104
S1_one_down_leader,9,0,108
S1_one_down_leader,10,0,102
S1_one_down_leader,11,0,103
S1_one_down_leader,12,0,107
S1_one_down_leader,13,0,103
S1_one_down_leader,14,0,104
S1_one_down_leader,15,0,106
# 1791434062 start orderer1, stop orderer4
S2_one_down_follower,1,0,99
S2_one_down_follower,2,0,113
S2_one_down_follower,3,0,107
S2_one_down_follower,4,0,102
S2_one_down_follower,5,0,103
S2_one_down_follower,6,0,106
S2_one_down_follower,7,0,104
S2_one_down_follower,8,0,103
S2_one_down_follower,9,0,105
S2_one_down_follower,10,0,103
S2_one_down_follower,11,0,103
S2_one_down_follower,12,0,106
S2_one_down_follower,13,0,104
S2_one_down_follower,14,0,106
S2_one_down_follower,15,0,106
# 1791434084 stop orderer3 too (2 of 4 up: quorum lost)
S3_two_down,1,1,25063
   err: [34m2026-10-08 04:34:44.629 UTC 0052 INFO[0m [grpc] [34;1mAddTraceEvent[0m -> [core] [Channel #13]Channel Connectivity change to READY
   err: Error: timed out waiting for txid on all peers - proposal response: <nil>
S3_two_down,2,1,25062
   err: [34m2026-10-08 04:35:09.698 UTC 0052 INFO[0m [grpc] [34;1mAddTraceEvent[0m -> [core] [Channel #13]Channel Connectivity change to READY
   err: Error: timed out waiting for txid on all peers - proposal response: <nil>
S3_two_down,3,1,25063
   err: [34m2026-10-08 04:35:34.766 UTC 0052 INFO[0m [grpc] [34;1mAddTraceEvent[0m -> [core] [Channel #13]Channel Connectivity change to READY
   err: Error: timed out waiting for txid on all peers - proposal response: <nil>
S3_two_down,4,1,25063
   err: [34m2026-10-08 04:35:59.835 UTC 0052 INFO[0m [grpc] [34;1mAddTraceEvent[0m -> [core] [Channel #13]Channel Connectivity change to READY
   err: Error: timed out waiting for txid on all peers - proposal response: <nil>
S3_two_down,5,1,25062
   err: [34m2026-10-08 04:36:24.904 UTC 0052 INFO[0m [grpc] [34;1mAddTraceEvent[0m -> [core] [Channel #13]Channel Connectivity change to READY
   err: Error: timed out waiting for txid on all peers - proposal response: <nil>
# 1791434209 start orderer3 and orderer4
# 1791434274 recovered=1 after 64 s
S4_recovered,1,0,2104
S4_recovered,2,0,2110
S4_recovered,3,0,2114
S4_recovered,4,0,2109
S4_recovered,5,0,2112
S4_recovered,6,0,2112
S4_recovered,7,0,2114
S4_recovered,8,0,2110
S4_recovered,9,0,2114
S4_recovered,10,0,2115
S4_recovered,11,0,2113
S4_recovered,12,0,2108
S4_recovered,13,0,2110
S4_recovered,14,0,2114
S4_recovered,15,0,2112
# 1791434305 end
