[0;34mUsing docker and docker compose[0m
[0;34mCreating channel 'mychannel'.[0m
[0;34mIf network is not up, starting nodes with CLI timeout of '5' tries and CLI delay of '3' seconds and using database 'leveldb with crypto from 'cryptogen'[0m
[0;34mBringing up network[0m
[0;34mLOCAL_VERSION=v2.5.9[0m
[0;34mDOCKER_IMAGE_VERSION=v2.5.9[0m
/home/runner/work/bzt-id-experiments/bzt-id-experiments/fabric-samples/test-network/../bin/cryptogen
[0;34mGenerating certificates using cryptogen tool[0m
[0;34mCreating Org1 Identities[0m
+ cryptogen generate --config=./organizations/cryptogen/crypto-config-org1.yaml --output=organizations
org1.example.com
+ res=0
[0;34mCreating Org2 Identities[0m
+ cryptogen generate --config=./organizations/cryptogen/crypto-config-org2.yaml --output=organizations
org2.example.com
+ res=0
[0;34mCreating Orderer Org Identities[0m
+ cryptogen generate --config=./organizations/cryptogen/crypto-config-orderer.yaml --output=organizations
+ res=0
[0;34mGenerating CCP files for Org1 and Org2[0m
 Network fabric_test  Creating
 Network fabric_test  Created
 Volume "compose_peer0.org1.example.com"  Creating
 Volume "compose_peer0.org1.example.com"  Created
 Volume "compose_peer0.org2.example.com"  Creating
 Volume "compose_peer0.org2.example.com"  Created
 Volume "compose_orderer.example.com"  Creating
 Volume "compose_orderer.example.com"  Created
 Container orderer.example.com  Creating
 Container peer0.org1.example.com  Creating
 Container peer0.org2.example.com  Creating
 Container peer0.org2.example.com  Created
 Container peer0.org1.example.com  Created
 Container orderer.example.com  Created
 Container peer0.org1.example.com  Starting
 Container peer0.org2.example.com  Starting
 Container orderer.example.com  Starting
 Container peer0.org1.example.com  Started
 Container peer0.org2.example.com  Started
 Container orderer.example.com  Started
CONTAINER ID   IMAGE                               COMMAND             CREATED                  STATUS                  PORTS                                                                                                                                   NAMES
845fd590ed4e   hyperledger/fabric-orderer:latest   "orderer"           Less than a second ago   Up Less than a second   0.0.0.0:7050->7050/tcp, [::]:7050->7050/tcp, 0.0.0.0:7053->7053/tcp, [::]:7053->7053/tcp, 0.0.0.0:9443->9443/tcp, [::]:9443->9443/tcp   orderer.example.com
a292a3d3e200   hyperledger/fabric-peer:latest      "peer node start"   Less than a second ago   Up Less than a second   0.0.0.0:9051->9051/tcp, [::]:9051->9051/tcp, 7051/tcp, 0.0.0.0:9445->9445/tcp, [::]:9445->9445/tcp                                      peer0.org2.example.com
d92ac402528f   hyperledger/fabric-peer:latest      "peer node start"   Less than a second ago   Up Less than a second   0.0.0.0:7051->7051/tcp, [::]:7051->7051/tcp, 0.0.0.0:9444->9444/tcp, [::]:9444->9444/tcp                                                peer0.org1.example.com
[0;34mUsing docker and docker compose[0m
[0;34mGenerating channel genesis block 'mychannel.block'[0m
[0;34mUsing organization 1[0m
/home/runner/work/bzt-id-experiments/bzt-id-experiments/fabric-samples/test-network/../bin/configtxgen
+ '[' 0 -eq 1 ']'
+ configtxgen -profile ChannelUsingRaft -outputBlock ./channel-artifacts/mychannel.block -channelID mychannel
[34m2026-10-07 04:59:10.730 UTC 0001 INFO[0m [common.tools.configtxgen] [34;1mmain[0m -> Loading configuration
[34m2026-10-07 04:59:10.735 UTC 0002 INFO[0m [common.tools.configtxgen.localconfig] [34;1mcompleteInitialization[0m -> orderer type: etcdraft
[34m2026-10-07 04:59:10.735 UTC 0003 INFO[0m [common.tools.configtxgen.localconfig] [34;1mcompleteInitialization[0m -> Orderer.EtcdRaft.Options unset, setting to tick_interval:"500ms" election_tick:10 heartbeat_tick:1 max_inflight_blocks:5 snapshot_interval_size:16777216 
[34m2026-10-07 04:59:10.735 UTC 0004 INFO[0m [common.tools.configtxgen.localconfig] [34;1mLoad[0m -> Loaded configuration: /home/runner/work/bzt-id-experiments/bzt-id-experiments/fabric-samples/test-network/configtx/configtx.yaml
[34m2026-10-07 04:59:10.737 UTC 0005 INFO[0m [common.tools.configtxgen] [34;1mdoOutputBlock[0m -> Generating genesis block
[34m2026-10-07 04:59:10.737 UTC 0006 INFO[0m [common.tools.configtxgen] [34;1mdoOutputBlock[0m -> Creating application channel genesis block
[34m2026-10-07 04:59:10.738 UTC 0007 INFO[0m [common.tools.configtxgen] [34;1mdoOutputBlock[0m -> Writing genesis block
+ res=0
[0;34mCreating channel mychannel[0m
[0;34mAdding orderers[0m
+ . scripts/orderer.sh mychannel
+ '[' 0 -eq 1 ']'
+ res=0
Status: 201
{
	"name": "mychannel",
	"url": "/participation/v1/channels/mychannel",
	"consensusRelation": "consenter",
	"status": "active",
	"height": 1
}

[0;32mChannel 'mychannel' created[0m
[0;34mJoining org1 peer to the channel...[0m
[0;34mUsing organization 1[0m
+ peer channel join -b ./channel-artifacts/mychannel.block
+ res=0
[34m2026-10-07 04:59:16.818 UTC 0001 INFO[0m [channelCmd] [34;1mInitCmdFactory[0m -> Endorser and orderer connections initialized
[34m2026-10-07 04:59:16.831 UTC 0002 INFO[0m [channelCmd] [34;1mexecuteJoin[0m -> Successfully submitted proposal to join channel
[0;34mJoining org2 peer to the channel...[0m
[0;34mUsing organization 2[0m
+ peer channel join -b ./channel-artifacts/mychannel.block
+ res=0
[34m2026-10-07 04:59:19.883 UTC 0001 INFO[0m [channelCmd] [34;1mInitCmdFactory[0m -> Endorser and orderer connections initialized
[34m2026-10-07 04:59:19.895 UTC 0002 INFO[0m [channelCmd] [34;1mexecuteJoin[0m -> Successfully submitted proposal to join channel
[0;34mSetting anchor peer for org1...[0m
[0;34mUsing organization 1[0m
[0;34mFetching channel config for channel mychannel[0m
[0;34mUsing organization 1[0m
[0;34mFetching the most recent configuration block for the channel[0m
++ peer channel fetch config /home/runner/work/bzt-id-experiments/bzt-id-experiments/fabric-samples/test-network/channel-artifacts/config_block.pb -o localhost:7050 --ordererTLSHostnameOverride orderer.example.com -c mychannel --tls --cafile /home/runner/work/bzt-id-experiments/bzt-id-experiments/fabric-samples/test-network/organizations/ordererOrganizations/example.com/tlsca/tlsca.example.com-cert.pem
[34m2026-10-07 04:59:19.947 UTC 0001 INFO[0m [channelCmd] [34;1mInitCmdFactory[0m -> Endorser and orderer connections initialized
[34m2026-10-07 04:59:19.949 UTC 0002 INFO[0m [cli.common] [34;1mreadBlock[0m -> Received block: 0
[34m2026-10-07 04:59:19.949 UTC 0003 INFO[0m [channelCmd] [34;1mfetch[0m -> Retrieving last config block: 0
[34m2026-10-07 04:59:19.950 UTC 0004 INFO[0m [cli.common] [34;1mreadBlock[0m -> Received block: 0
[0;34mDecoding config block to JSON and isolating config to /home/runner/work/bzt-id-experiments/bzt-id-experiments/fabric-samples/test-network/channel-artifacts/Org1MSPconfig.json[0m
++ configtxlator proto_decode --input /home/runner/work/bzt-id-experiments/bzt-id-experiments/fabric-samples/test-network/channel-artifacts/config_block.pb --type common.Block --output /home/runner/work/bzt-id-experiments/bzt-id-experiments/fabric-samples/test-network/channel-artifacts/config_block.json
++ jq '.data.data[0].payload.data.config' /home/runner/work/bzt-id-experiments/bzt-id-experiments/fabric-samples/test-network/channel-artifacts/config_block.json
++ res=0
[0;34mGenerating anchor peer update transaction for Org1 on channel mychannel[0m
++ jq '.channel_group.groups.Application.groups.Org1MSP.values += {"AnchorPeers":{"mod_policy": "Admins","value":{"anchor_peers": [{"host": "peer0.org1.example.com","port": 7051}]},"version": "0"}}' /home/runner/work/bzt-id-experiments/bzt-id-experiments/fabric-samples/test-network/channel-artifacts/Org1MSPconfig.json
++ res=0
++ configtxlator proto_encode --input /home/runner/work/bzt-id-experiments/bzt-id-experiments/fabric-samples/test-network/channel-artifacts/Org1MSPconfig.json --type common.Config --output /home/runner/work/bzt-id-experiments/bzt-id-experiments/fabric-samples/test-network/channel-artifacts/original_config.pb
++ configtxlator proto_encode --input /home/runner/work/bzt-id-experiments/bzt-id-experiments/fabric-samples/test-network/channel-artifacts/Org1MSPmodified_config.json --type common.Config --output /home/runner/work/bzt-id-experiments/bzt-id-experiments/fabric-samples/test-network/channel-artifacts/modified_config.pb
++ configtxlator compute_update --channel_id mychannel --original /home/runner/work/bzt-id-experiments/bzt-id-experiments/fabric-samples/test-network/channel-artifacts/original_config.pb --updated /home/runner/work/bzt-id-experiments/bzt-id-experiments/fabric-samples/test-network/channel-artifacts/modified_config.pb --output /home/runner/work/bzt-id-experiments/bzt-id-experiments/fabric-samples/test-network/channel-artifacts/config_update.pb
++ configtxlator proto_decode --input /home/runner/work/bzt-id-experiments/bzt-id-experiments/fabric-samples/test-network/channel-artifacts/config_update.pb --type common.ConfigUpdate --output /home/runner/work/bzt-id-experiments/bzt-id-experiments/fabric-samples/test-network/channel-artifacts/config_update.json
++ jq .
+++ cat /home/runner/work/bzt-id-experiments/bzt-id-experiments/fabric-samples/test-network/channel-artifacts/config_update.json
++ echo '{"payload":{"header":{"channel_header":{"channel_id":"mychannel", "type":2}},"data":{"config_update":{' '"channel_id":' '"mychannel",' '"isolated_data":' '{},' '"read_set":' '{' '"groups":' '{' '"Application":' '{' '"groups":' '{' '"Org1MSP":' '{' '"groups":' '{},' '"mod_policy":' '"",' '"policies":' '{' '"Admins":' '{' '"mod_policy":' '"",' '"policy":' null, '"version":' '"0"' '},' '"Endorsement":' '{' '"mod_policy":' '"",' '"policy":' null, '"version":' '"0"' '},' '"Readers":' '{' '"mod_policy":' '"",' '"policy":' null, '"version":' '"0"' '},' '"Writers":' '{' '"mod_policy":' '"",' '"policy":' null, '"version":' '"0"' '}' '},' '"values":' '{' '"MSP":' '{' '"mod_policy":' '"",' '"value":' null, '"version":' '"0"' '}' '},' '"version":' '"0"' '}' '},' '"mod_policy":' '"",' '"policies":' '{},' '"values":' '{},' '"version":' '"0"' '}' '},' '"mod_policy":' '"",' '"policies":' '{},' '"values":' '{},' '"version":' '"0"' '},' '"write_set":' '{' '"groups":' '{' '"Application":' '{' '"groups":' '{' '"Org1MSP":' '{' '"groups":' '{},' '"mod_policy":' '"Admins",' '"policies":' '{' '"Admins":' '{' '"mod_policy":' '"",' '"policy":' null, '"version":' '"0"' '},' '"Endorsement":' '{' '"mod_policy":' '"",' '"policy":' null, '"version":' '"0"' '},' '"Readers":' '{' '"mod_policy":' '"",' '"policy":' null, '"version":' '"0"' '},' '"Writers":' '{' '"mod_policy":' '"",' '"policy":' null, '"version":' '"0"' '}' '},' '"values":' '{' '"AnchorPeers":' '{' '"mod_policy":' '"Admins",' '"value":' '{' '"anchor_peers":' '[' '{' '"host":' '"peer0.org1.example.com",' '"port":' 7051 '}' ']' '},' '"version":' '"0"' '},' '"MSP":' '{' '"mod_policy":' '"",' '"value":' null, '"version":' '"0"' '}' '},' '"version":' '"1"' '}' '},' '"mod_policy":' '"",' '"policies":' '{},' '"values":' '{},' '"version":' '"0"' '}' '},' '"mod_policy":' '"",' '"policies":' '{},' '"values":' '{},' '"version":' '"0"' '}' '}}}}'
++ configtxlator proto_encode --input /home/runner/work/bzt-id-experiments/bzt-id-experiments/fabric-samples/test-network/channel-artifacts/config_update_in_envelope.json --type common.Envelope --output /home/runner/work/bzt-id-experiments/bzt-id-experiments/fabric-samples/test-network/channel-artifacts/Org1MSPanchors.tx
[34m2026-10-07 04:59:20.074 UTC 0001 INFO[0m [channelCmd] [34;1mInitCmdFactory[0m -> Endorser and orderer connections initialized
[34m2026-10-07 04:59:20.084 UTC 0002 INFO[0m [channelCmd] [34;1mupdate[0m -> Successfully submitted channel update
[0;32mAnchor peer set for org 'Org1MSP' on channel 'mychannel'[0m
[0;34mSetting anchor peer for org2...[0m
[0;34mUsing organization 2[0m
[0;34mFetching channel config for channel mychannel[0m
[0;34mUsing organization 2[0m
[0;34mFetching the most recent configuration block for the channel[0m
++ peer channel fetch config /home/runner/work/bzt-id-experiments/bzt-id-experiments/fabric-samples/test-network/channel-artifacts/config_block.pb -o localhost:7050 --ordererTLSHostnameOverride orderer.example.com -c mychannel --tls --cafile /home/runner/work/bzt-id-experiments/bzt-id-experiments/fabric-samples/test-network/organizations/ordererOrganizations/example.com/tlsca/tlsca.example.com-cert.pem
[34m2026-10-07 04:59:20.141 UTC 0001 INFO[0m [channelCmd] [34;1mInitCmdFactory[0m -> Endorser and orderer connections initialized
[34m2026-10-07 04:59:20.143 UTC 0002 INFO[0m [cli.common] [34;1mreadBlock[0m -> Received block: 1
[34m2026-10-07 04:59:20.144 UTC 0003 INFO[0m [channelCmd] [34;1mfetch[0m -> Retrieving last config block: 1
[34m2026-10-07 04:59:20.145 UTC 0004 INFO[0m [cli.common] [34;1mreadBlock[0m -> Received block: 1
[0;34mDecoding config block to JSON and isolating config to /home/runner/work/bzt-id-experiments/bzt-id-experiments/fabric-samples/test-network/channel-artifacts/Org2MSPconfig.json[0m
++ configtxlator proto_decode --input /home/runner/work/bzt-id-experiments/bzt-id-experiments/fabric-samples/test-network/channel-artifacts/config_block.pb --type common.Block --output /home/runner/work/bzt-id-experiments/bzt-id-experiments/fabric-samples/test-network/channel-artifacts/config_block.json
++ jq '.data.data[0].payload.data.config' /home/runner/work/bzt-id-experiments/bzt-id-experiments/fabric-samples/test-network/channel-artifacts/config_block.json
++ res=0
[0;34mGenerating anchor peer update transaction for Org2 on channel mychannel[0m
++ jq '.channel_group.groups.Application.groups.Org2MSP.values += {"AnchorPeers":{"mod_policy": "Admins","value":{"anchor_peers": [{"host": "peer0.org2.example.com","port": 9051}]},"version": "0"}}' /home/runner/work/bzt-id-experiments/bzt-id-experiments/fabric-samples/test-network/channel-artifacts/Org2MSPconfig.json
++ res=0
++ configtxlator proto_encode --input /home/runner/work/bzt-id-experiments/bzt-id-experiments/fabric-samples/test-network/channel-artifacts/Org2MSPconfig.json --type common.Config --output /home/runner/work/bzt-id-experiments/bzt-id-experiments/fabric-samples/test-network/channel-artifacts/original_config.pb
++ configtxlator proto_encode --input /home/runner/work/bzt-id-experiments/bzt-id-experiments/fabric-samples/test-network/channel-artifacts/Org2MSPmodified_config.json --type common.Config --output /home/runner/work/bzt-id-experiments/bzt-id-experiments/fabric-samples/test-network/channel-artifacts/modified_config.pb
++ configtxlator compute_update --channel_id mychannel --original /home/runner/work/bzt-id-experiments/bzt-id-experiments/fabric-samples/test-network/channel-artifacts/original_config.pb --updated /home/runner/work/bzt-id-experiments/bzt-id-experiments/fabric-samples/test-network/channel-artifacts/modified_config.pb --output /home/runner/work/bzt-id-experiments/bzt-id-experiments/fabric-samples/test-network/channel-artifacts/config_update.pb
++ configtxlator proto_decode --input /home/runner/work/bzt-id-experiments/bzt-id-experiments/fabric-samples/test-network/channel-artifacts/config_update.pb --type common.ConfigUpdate --output /home/runner/work/bzt-id-experiments/bzt-id-experiments/fabric-samples/test-network/channel-artifacts/config_update.json
++ jq .
+++ cat /home/runner/work/bzt-id-experiments/bzt-id-experiments/fabric-samples/test-network/channel-artifacts/config_update.json
++ echo '{"payload":{"header":{"channel_header":{"channel_id":"mychannel", "type":2}},"data":{"config_update":{' '"channel_id":' '"mychannel",' '"isolated_data":' '{},' '"read_set":' '{' '"groups":' '{' '"Application":' '{' '"groups":' '{' '"Org2MSP":' '{' '"groups":' '{},' '"mod_policy":' '"",' '"policies":' '{' '"Admins":' '{' '"mod_policy":' '"",' '"policy":' null, '"version":' '"0"' '},' '"Endorsement":' '{' '"mod_policy":' '"",' '"policy":' null, '"version":' '"0"' '},' '"Readers":' '{' '"mod_policy":' '"",' '"policy":' null, '"version":' '"0"' '},' '"Writers":' '{' '"mod_policy":' '"",' '"policy":' null, '"version":' '"0"' '}' '},' '"values":' '{' '"MSP":' '{' '"mod_policy":' '"",' '"value":' null, '"version":' '"0"' '}' '},' '"version":' '"0"' '}' '},' '"mod_policy":' '"",' '"policies":' '{},' '"values":' '{},' '"version":' '"0"' '}' '},' '"mod_policy":' '"",' '"policies":' '{},' '"values":' '{},' '"version":' '"0"' '},' '"write_set":' '{' '"groups":' '{' '"Application":' '{' '"groups":' '{' '"Org2MSP":' '{' '"groups":' '{},' '"mod_policy":' '"Admins",' '"policies":' '{' '"Admins":' '{' '"mod_policy":' '"",' '"policy":' null, '"version":' '"0"' '},' '"Endorsement":' '{' '"mod_policy":' '"",' '"policy":' null, '"version":' '"0"' '},' '"Readers":' '{' '"mod_policy":' '"",' '"policy":' null, '"version":' '"0"' '},' '"Writers":' '{' '"mod_policy":' '"",' '"policy":' null, '"version":' '"0"' '}' '},' '"values":' '{' '"AnchorPeers":' '{' '"mod_policy":' '"Admins",' '"value":' '{' '"anchor_peers":' '[' '{' '"host":' '"peer0.org2.example.com",' '"port":' 9051 '}' ']' '},' '"version":' '"0"' '},' '"MSP":' '{' '"mod_policy":' '"",' '"value":' null, '"version":' '"0"' '}' '},' '"version":' '"1"' '}' '},' '"mod_policy":' '"",' '"policies":' '{},' '"values":' '{},' '"version":' '"0"' '}' '},' '"mod_policy":' '"",' '"policies":' '{},' '"values":' '{},' '"version":' '"0"' '}' '}}}}'
++ configtxlator proto_encode --input /home/runner/work/bzt-id-experiments/bzt-id-experiments/fabric-samples/test-network/channel-artifacts/config_update_in_envelope.json --type common.Envelope --output /home/runner/work/bzt-id-experiments/bzt-id-experiments/fabric-samples/test-network/channel-artifacts/Org2MSPanchors.tx
[34m2026-10-07 04:59:20.270 UTC 0001 INFO[0m [channelCmd] [34;1mInitCmdFactory[0m -> Endorser and orderer connections initialized
[34m2026-10-07 04:59:20.281 UTC 0002 INFO[0m [channelCmd] [34;1mupdate[0m -> Successfully submitted channel update
[0;32mAnchor peer set for org 'Org2MSP' on channel 'mychannel'[0m
[0;32mChannel 'mychannel' joined[0m
